
    ________                     _____                    
    ___  __ \___  __________________(_)_____________ _    
    __  /_/ /  / / /_  __ \_  __ \_  /__  __ \_  __ `/    
    _  _, _// /_/ /_  / / /  / / /  / _  / / /  /_/ /     
    /_/ |_| \__,_/ /_/ /_//_/ /_//_/  /_/ /_/_\__, /      
                                             /____/       
    _____________________________  ___________            
    ___    |__  ____/_  __ \__   |/  /_  ____/            
    __  /| |_  /_   _  / / /_  /|_/ /_  /                 
    _  ___ |  __/   / /_/ /_  /  / / / /___               
    /_/  |_/_/      \___\_\/_/  /_/  \____/               

Hostname:     gpua023.delta.ncsa.illinois.edu
System:       Linux
Node:         gpua023.delta.ncsa.illinois.edu
Release:      5.14.0-427.91.1.el9_4.x86_64
Machine:      x86_64
Processor:    x86_64
JAX backend:  GPU
JAX devices:  [CudaDevice(id=0)]
Device kind:  NVIDIA A100-SXM4-40GB
Platform:     gpu

Load system from Integral File
Maximum memory per walker:            33.33 MB
Maximum number of Cholesky per chunk: 1298
Number of Cholesky chunks:            1
Number of Cholesky per chunk:         175
Number of padding Cholesky:           0

QMC System
Number of electrons: (3, 1)
Spin Multiplicity:   2
Number of orbitals:  29
Number of Chol:      175

QMC Parameters
eql_time            :                   50
n_blocks            :                 1000
n_walkers           :                  300
max_error           :                  0.0
seed                :                   17
walker_type         :                  uhf
trial               :             upt2ccsd
mix_precision       :                 True
max_memory          :                10000
dt                  :                0.005
n_exp_terms         :                    6
n_prop_steps        :                   50
save_walkers        :                False
free_projection     :                False
n_batch             :                    1
nchol_chunk         :                  175

Initalize QMC walkers by HF

Equilibration
inv_T        weight  killW        energy   runTime
 0.00    300.000000      0    -37.691569      6.07
 5.00    300.819222      0    -37.776800     12.87
10.00    300.542741      0    -37.781363     13.65
15.00    300.077142      0    -37.789025     14.43
20.00    300.587482      0    -37.777657     15.21
25.00    300.028103      0    -37.778137     15.99
30.00    300.104050      1    -37.778871     16.77
35.00    300.217414      0    -37.771919     17.56
40.00    299.994883      0    -37.784137     18.34
45.00    300.193017      0    -37.781933     19.12
50.00    300.103316      0    -37.774395     19.90

Sampling
blocks        weight  killW       E_Trial     error     olp_T/G     error  Walltime
    20    299.945212      0    -37.781430  0.000471    1.000655  0.000048   28.62
    40    299.819524      0    -37.781325  0.000237    1.000646  0.000026   30.07
    60    299.791970      0    -37.781240  0.000161    1.000653  0.000034   31.50
    80    299.722915      0    -37.781319  0.000126    1.000651  0.000025   32.94
   100    299.614834      0    -37.781280  0.000102    1.000659  0.000024   34.37
   120    299.535362      0    -37.781279  0.000088    1.000619  0.000034   35.81
   140    299.436602      0    -37.781262  0.000077    1.000626  0.000031   37.25
   160    299.381007      0    -37.781293  0.000070    1.000605  0.000031   38.68
   180    299.332568      0    -37.781288  0.000063    1.000589  0.000031   40.18
   200    299.283466      0    -37.781283  0.000058    1.000582  0.000031   41.62
   220    299.241004      0    -37.781263  0.000054    1.000587  0.000029   43.05
   240    299.206172      0    -37.781258  0.000050    1.000592  0.000027   44.49
   260    299.171139      0    -37.781245  0.000048    1.000597  0.000025   46.01
   280    299.140866      0    -37.781237  0.000045    1.000606  0.000024   47.54
   300    299.107538      0    -37.781232  0.000043    1.000604  0.000022   49.05
   320    299.078566      0    -37.781224  0.000041    1.000603  0.000021   50.57
   340    299.055189      0    -37.781227  0.000039    1.000607  0.000020   52.09
   360    299.039100      0    -37.781225  0.000038    1.000601  0.000020   53.60
   380    299.026090      0    -37.781217  0.000036    1.000602  0.000020   55.19
   400    299.018543      0    -37.781216  0.000034    1.000599  0.000019   56.71
   420    299.007697      0    -37.781212  0.000034    1.000598  0.000018   58.22
   440    298.994436      0    -37.781215  0.000033    1.000593  0.000019   59.74
   460    298.983801      0    -37.781214  0.000032    1.000595  0.000019   61.24
   480    298.971498      0    -37.781207  0.000031    1.000604  0.000019   62.75
   500    298.961688      0    -37.781210  0.000030    1.000603  0.000018   64.27
   520    298.956452      0    -37.781209  0.000029    1.000603  0.000018   65.78
   540    298.948593      0    -37.781202  0.000028    1.000599  0.000018   67.29
   560    298.942178      0    -37.781199  0.000027    1.000600  0.000017   68.81
   580    298.934187      0    -37.781198  0.000027    1.000596  0.000017   70.40
   600    298.927311      0    -37.781196  0.000026    1.000596  0.000016   71.92
   620    298.917807      0    -37.781189  0.000025    1.000594  0.000016   73.44
   640    298.912529      0    -37.781187  0.000025    1.000596  0.000015   74.96
   660    298.909056      0    -37.781186  0.000024    1.000602  0.000015   76.48
   680    298.903844      0    -37.781186  0.000024    1.000603  0.000017   77.99
   700    298.899444      0    -37.781185  0.000023    1.000600  0.000016   79.50
   720    298.892363      0    -37.781183  0.000023    1.000596  0.000017   81.02
   740    298.891977      0    -37.781185  0.000022    1.000596  0.000017   82.54
   760    298.886870      0    -37.781185  0.000022    1.000598  0.000016   84.05
   780    298.881360      0    -37.781186  0.000022    1.000600  0.000016   85.57
   800    298.878441      0    -37.781191  0.000021    1.000599  0.000015   87.08
   820    298.875554      0    -37.781188  0.000021    1.000602  0.000015   88.60
   840    298.872280      0    -37.781186  0.000021    1.000603  0.000015   90.12
   860    298.870872      0    -37.781193  0.000022    1.000604  0.000015   91.64
   880    298.867970      0    -37.781195  0.000022    1.000604  0.000015   93.24
   900    298.863580      0    -37.781192  0.000021    1.000606  0.000015   94.68
   920    298.857304      0    -37.781190  0.000021    1.000606  0.000014   96.20
   940    298.854302      0    -37.781193  0.000021    1.000607  0.000014   97.80
   960    298.850561      0    -37.781195  0.000020    1.000606  0.000014   99.32
   980    298.848346      0    -37.781199  0.000020    1.000608  0.000013  100.77
  1000    298.848339      0    -37.781197  0.000020    1.000607  0.000013  102.28

Post Propagation Process
Total number of samples 1000
Raw Trial/Guide overlap ratio:          1.000607 ± 0.000013
Raw AFQMC/pt2CCSD energy (covariance): -37.781197 ± 0.000020
Raw AFQMC/pt2CCSD energy (dir sample): -37.781197 ± 0.000014

Remove Outliers
removing energies outside zeta > 30
Outlier energy bound [-37.790479, -37.771840]
Removed 0 outliers with energies []
Clean AFQMC/pt2CCSD overlap ratio:        1.000607 ± 0.000013
Clean AFQMC/pt2CCSD energy (covariance): -37.781197 ± 0.000020
Clean AFQMC/ptCCSD energy (dir sample):  -37.781197 ± 0.000014

Blocking Analysis
nsample = 1000, max_block_size = 25, min_nblocks = 40
   B    NB    NS  Observable     Error    dError
   1  1000  1000    1.000607  0.000006  0.000000
   2   500  1000    1.000607  0.000008  0.000000
   3   333   999    1.000607  0.000009  0.000000
   4   250  1000    1.000607  0.000009  0.000000
   5   200  1000    1.000607  0.000010  0.000001
   6   166   996    1.000607  0.000010  0.000001
   7   142   994    1.000607  0.000011  0.000001
   8   125  1000    1.000607  0.000011  0.000001
   9   111   999    1.000607  0.000011  0.000001
  10   100  1000    1.000607  0.000012  0.000001
  11    90   990    1.000607  0.000012  0.000001
  12    83   996    1.000607  0.000011  0.000001
  13    76   988    1.000607  0.000012  0.000001
  14    71   994    1.000607  0.000012  0.000001
  15    66   990    1.000607  0.000011  0.000001
  16    62   992    1.000607  0.000012  0.000001
  17    58   986    1.000608  0.000013  0.000001
  18    55   990    1.000607  0.000011  0.000001
  19    52   988    1.000607  0.000011  0.000001
  20    50  1000    1.000607  0.000012  0.000001
  21    47   987    1.000607  0.000013  0.000001
  22    45   990    1.000607  0.000011  0.000001
  23    43   989    1.000607  0.000012  0.000001
  24    41   984    1.000608  0.000012  0.000001
  25    40  1000    1.000607  0.000011  0.000001
Fit (variance): plateau_var = 1.396e-10 ± 7.464e-12
Fit (error):    plateau = 0.000012 ± 0.000000
     autocorrelation length ~ 4.2 blocks
     plateau reached at block size ~ 19
nclean = 1000, max_block_size = 25, min_nblocks = 40
Blk_SZ   NBlk   NSmp      Energy     Error    dError
     1   1000   1000  -37.781189  0.000014  0.000000
     2    500   1000  -37.781191  0.000015  0.000000
     3    333    999  -37.781191  0.000016  0.000001
     4    250   1000  -37.781192  0.000016  0.000001
     5    200   1000  -37.781192  0.000017  0.000001
     6    166    996  -37.781193  0.000018  0.000001
     7    142    994  -37.781195  0.000018  0.000001
     8    125   1000  -37.781193  0.000018  0.000001
     9    111    999  -37.781194  0.000018  0.000001
    10    100   1000  -37.781193  0.000019  0.000001
    11     90    990  -37.781196  0.000019  0.000001
    12     83    996  -37.781195  0.000018  0.000001
    13     76    988  -37.781197  0.000017  0.000001
    14     71    994  -37.781196  0.000017  0.000001
    15     66    990  -37.781197  0.000017  0.000002
    16     62    992  -37.781196  0.000018  0.000002
    17     58    986  -37.781196  0.000018  0.000002
    18     55    990  -37.781197  0.000017  0.000002
    19     52    988  -37.781198  0.000019  0.000002
    20     50   1000  -37.781195  0.000018  0.000002
    21     47    987  -37.781197  0.000017  0.000002
    22     45    990  -37.781198  0.000017  0.000002
    23     43    989  -37.781197  0.000016  0.000002
    24     41    984  -37.781198  0.000018  0.000002
    25     40   1000  -37.781195  0.000017  0.000002
Fit (variance): plateau_var = 3.178523e-10 ± 1.387856e-11
Fit (error):    plateau = 0.000018 ± 0.000000
     autocorrelation length ~ 2.6 blocks
     plateau reached at block size ~ 11
Final AFQMC/pt2CCSD overlap ratio: 1.000607 ± 0.000012
Final AFQMC/pt2CCSD energy: -37.781197 ± 0.000018
Total run time: 110.72

AFQMC Sampling Finished

