
    ________                     _____                    
    ___  __ \___  __________________(_)_____________ _    
    __  /_/ /  / / /_  __ \_  __ \_  /__  __ \_  __ `/    
    _  _, _// /_/ /_  / / /  / / /  / _  / / /  /_/ /     
    /_/ |_| \__,_/ /_/ /_//_/ /_//_/  /_/ /_/_\__, /      
                                             /____/       
    _____________________________  ___________            
    ___    |__  ____/_  __ \__   |/  /_  ____/            
    __  /| |_  /_   _  / / /_  /|_/ /_  /                 
    _  ___ |  __/   / /_/ /_  /  / / / /___               
    /_/  |_/_/      \___\_\/_/  /_/  \____/               

Hostname:     gpua023.delta.ncsa.illinois.edu
System:       Linux
Node:         gpua023.delta.ncsa.illinois.edu
Release:      5.14.0-427.91.1.el9_4.x86_64
Machine:      x86_64
Processor:    x86_64
JAX backend:  GPU
JAX devices:  [CudaDevice(id=0)]
Device kind:  NVIDIA A100-SXM4-40GB
Platform:     gpu

Load system from Integral File
Maximum memory per walker:            33.33 MB
Maximum number of Cholesky per chunk: 1298
Number of Cholesky chunks:            1
Number of Cholesky per chunk:         186
Number of padding Cholesky:           0

QMC System
Number of electrons: (4, 3)
Spin Multiplicity:   1
Number of orbitals:  29
Number of Chol:      186

QMC Parameters
eql_time            :                   50
n_blocks            :                 1000
n_walkers           :                  300
max_error           :                  0.0
seed                :                   17
walker_type         :                  uhf
trial               :             upt2ccsd
mix_precision       :                 True
max_memory          :                10000
dt                  :                0.005
n_exp_terms         :                    6
n_prop_steps        :                   50
save_walkers        :                False
free_projection     :                False
n_batch             :                    1
nchol_chunk         :                  186

Initalize QMC walkers by HF

Equilibration
inv_T        weight  killW        energy   runTime
 0.00    300.000000      0   -459.485437      6.04
 5.00    301.977757      0   -459.673252     12.96
10.00    301.982693      0   -459.658853     13.82
15.00    302.029883      1   -459.677681     14.67
20.00    301.813163      0   -459.665383     15.53
25.00    302.211886      0   -459.669703     16.39
30.00    301.267529      1   -459.659910     17.24
35.00    301.504920      0   -459.679250     18.10
40.00    301.769829      0   -459.671331     18.96
45.00    301.327013      0   -459.670022     19.81
50.00    301.583524      0   -459.666809     20.67

Sampling
blocks        weight  killW       E_Trial     error     olp_T/G     error  Walltime
    20    301.412166      0   -459.672130  0.000182    1.001005  0.000046   28.93
    40    301.266934      0   -459.672189  0.000165    1.000903  0.000066   30.38
    60    301.066285      0   -459.672222  0.000145    1.000896  0.000045   31.82
    80    300.888220      0   -459.672291  0.000119    1.000910  0.000035   33.28
   100    300.701222      0   -459.672318  0.000106    1.000955  0.000044   34.72
   120    300.548958      0   -459.672373  0.000098    1.000967  0.000040   36.17
   140    300.410103      0   -459.672361  0.000088    1.000963  0.000037   37.64
   160    300.281398      0   -459.672353  0.000083    1.000973  0.000035   39.13
   180    300.172415      0   -459.672390  0.000081    1.000974  0.000031   40.62
   200    300.076790      0   -459.672348  0.000076    1.000980  0.000029   42.18
   220    299.991189      0   -459.672384  0.000073    1.000978  0.000026   43.81
   240    299.922315      0   -459.672391  0.000071    1.000972  0.000026   45.30
   260    299.855303      0   -459.672403  0.000068    1.000968  0.000024   46.87
   280    299.794746      0   -459.672395  0.000064    1.000962  0.000023   48.44
   300    299.731784      0   -459.672401  0.000061    1.000961  0.000021   50.00
   320    299.686940      0   -459.672434  0.000059    1.000954  0.000021   51.56
   340    299.646464      0   -459.672432  0.000058    1.000950  0.000020   53.13
   360    299.614397      0   -459.672440  0.000055    1.000949  0.000019   54.69
   380    299.580321      0   -459.672424  0.000054    1.000945  0.000018   56.25
   400    299.545554      0   -459.672421  0.000057    1.000943  0.000018   57.82
   420    299.522640      0   -459.672419  0.000055    1.000937  0.000018   59.37
   440    299.493279      0   -459.672387  0.000077    1.000940  0.000017   60.94
   460    299.464108      0   -459.672390  0.000074    1.000935  0.000016   62.50
   480    299.437078      0   -459.672405  0.000072    1.000934  0.000016   64.08
   500    299.416564      0   -459.672398  0.000070    1.000939  0.000016   65.62
   520    299.398976      0   -459.672403  0.000068    1.000935  0.000016   67.20
   540    299.375775      0   -459.672387  0.000066    1.000939  0.000015   68.75
   560    299.361034      0   -459.672394  0.000064    1.000944  0.000016   70.31
   580    299.343996      0   -459.672407  0.000062    1.000946  0.000016   71.88
   600    299.325822      0   -459.672417  0.000060    1.000947  0.000015   73.44
   620    299.307654      0   -459.672429  0.000059    1.000945  0.000015   75.01
   640    299.297349      0   -459.672417  0.000058    1.000946  0.000015   76.56
   660    299.283445      0   -459.672420  0.000056    1.000952  0.000016   78.13
   680    299.274040      0   -459.672421  0.000055    1.000954  0.000015   79.69
   700    299.262962      0   -459.672420  0.000054    1.000952  0.000015   81.25
   720    299.255685      0   -459.672408  0.000053    1.000950  0.000015   82.81
   740    299.243140      0   -459.672413  0.000052    1.000947  0.000014   84.38
   760    299.232958      0   -459.672408  0.000050    1.000951  0.000016   85.94
   780    299.223103      0   -459.672404  0.000049    1.000952  0.000015   87.50
   800    299.217990      0   -459.672409  0.000048    1.000952  0.000015   89.08
   820    299.209497      0   -459.672402  0.000048    1.000954  0.000015   90.63
   840    299.200135      0   -459.672406  0.000047    1.000953  0.000015   92.19
   860    299.194587      0   -459.672403  0.000046    1.000950  0.000015   93.75
   880    299.188689      0   -459.672399  0.000045    1.000950  0.000014   95.32
   900    299.183619      0   -459.672402  0.000045    1.000950  0.000014   96.88
   920    299.175983      0   -459.672408  0.000044    1.000949  0.000014   98.44
   940    299.167589      0   -459.672404  0.000043    1.000946  0.000014  100.00
   960    299.161760      0   -459.672411  0.000043    1.000946  0.000013  101.57
   980    299.155317      0   -459.672414  0.000043    1.000946  0.000013  103.20
  1000    299.148471      0   -459.672412  0.000042    1.000944  0.000013  104.77

Post Propagation Process
Total number of samples 1000
Raw Trial/Guide overlap ratio:          1.000944 ± 0.000013
Raw AFQMC/pt2CCSD energy (covariance): -459.672412 ± 0.000042
Raw AFQMC/pt2CCSD energy (dir sample): -459.672412 ± 0.000028

Remove Outliers
removing energies outside zeta > 30
Outlier energy bound [-459.694947, -459.649671]
Removed 0 outliers with energies []
Clean AFQMC/pt2CCSD overlap ratio:        1.000944 ± 0.000013
Clean AFQMC/pt2CCSD energy (covariance): -459.672412 ± 0.000042
Clean AFQMC/ptCCSD energy (dir sample):  -459.672412 ± 0.000028

Blocking Analysis
nsample = 1000, max_block_size = 25, min_nblocks = 40
   B    NB    NS  Observable     Error    dError
   1  1000  1000    1.000944  0.000006  0.000000
   2   500  1000    1.000944  0.000008  0.000000
   3   333   999    1.000944  0.000009  0.000000
   4   250  1000    1.000944  0.000009  0.000000
   5   200  1000    1.000944  0.000010  0.000000
   6   166   996    1.000944  0.000010  0.000001
   7   142   994    1.000944  0.000011  0.000001
   8   125  1000    1.000944  0.000011  0.000001
   9   111   999    1.000944  0.000010  0.000001
  10   100  1000    1.000944  0.000011  0.000001
  11    90   990    1.000945  0.000011  0.000001
  12    83   996    1.000944  0.000011  0.000001
  13    76   988    1.000944  0.000011  0.000001
  14    71   994    1.000944  0.000012  0.000001
  15    66   990    1.000945  0.000012  0.000001
  16    62   992    1.000944  0.000012  0.000001
  17    58   986    1.000945  0.000011  0.000001
  18    55   990    1.000945  0.000011  0.000001
  19    52   988    1.000944  0.000013  0.000001
  20    50  1000    1.000944  0.000012  0.000001
  21    47   987    1.000944  0.000012  0.000001
  22    45   990    1.000945  0.000012  0.000001
  23    43   989    1.000945  0.000011  0.000001
  24    41   984    1.000945  0.000012  0.000001
  25    40  1000    1.000944  0.000011  0.000001
Fit (variance): plateau_var = 1.282e-10 ± 6.703e-12
Fit (error):    plateau = 0.000011 ± 0.000000
     autocorrelation length ~ 3.7 blocks
     plateau reached at block size ~ 17
nclean = 1000, max_block_size = 25, min_nblocks = 40
Blk_SZ   NBlk   NSmp      Energy     Error    dError
     1   1000   1000  -459.672395  0.000028  0.000001
     2    500   1000  -459.672399  0.000032  0.000001
     3    333    999  -459.672403  0.000035  0.000001
     4    250   1000  -459.672404  0.000035  0.000002
     5    200   1000  -459.672405  0.000035  0.000002
     6    166    996  -459.672405  0.000037  0.000002
     7    142    994  -459.672406  0.000037  0.000002
     8    125   1000  -459.672407  0.000037  0.000002
     9    111    999  -459.672409  0.000038  0.000003
    10    100   1000  -459.672409  0.000036  0.000003
    11     90    990  -459.672407  0.000038  0.000003
    12     83    996  -459.672408  0.000038  0.000003
    13     76    988  -459.672407  0.000036  0.000003
    14     71    994  -459.672408  0.000039  0.000003
    15     66    990  -459.672408  0.000036  0.000003
    16     62    992  -459.672408  0.000038  0.000003
    17     58    986  -459.672408  0.000038  0.000004
    18     55    990  -459.672409  0.000037  0.000004
    19     52    988  -459.672408  0.000039  0.000004
    20     50   1000  -459.672410  0.000036  0.000004
    21     47    987  -459.672407  0.000039  0.000004
    22     45    990  -459.672408  0.000037  0.000004
    23     43    989  -459.672409  0.000041  0.000004
    24     41    984  -459.672410  0.000036  0.000004
    25     40   1000  -459.672411  0.000034  0.000004
Fit (variance): plateau_var = 1.375639e-09 ± 5.605737e-11
Fit (error):    plateau = 0.000037 ± 0.000001
     autocorrelation length ~ 2.1 blocks
     plateau reached at block size ~ 9
Final AFQMC/pt2CCSD overlap ratio: 1.000944 ± 0.000011
Final AFQMC/pt2CCSD energy: -459.672412 ± 0.000037
Total run time: 113.19

AFQMC Sampling Finished

