#INFO: **** input file is /work/hdd/bdka/yzhang65/w4_17/w4-17_all/afqmc_input/batch9/run_afqmc.py ****
import os
import sys
import re
import gc
sys.path.insert(0, os.path.join(os.path.dirname(os.path.abspath(__file__)), '..', '..', 'script'))
# sys.path.insert(0, '/u/yzhang65/mywork/yzhang65/w4_17/w4-17_all/script')

os.environ.setdefault("XLA_PYTHON_CLIENT_ALLOCATOR", "platform")
import jax
jax.config.update("jax_enable_x64", True)

from pyscf import gto, scf, cc
from afqmc import integral, launch_afqmc
from mol_select import get_xyz_files
import truncate_basis

# ---------------------------------------------------------------------------
# Configuration
# ---------------------------------------------------------------------------
which_system     = "atom"  # "closed" or "open"
symmetry         = False
select_molecules = None
#     "h2", "h2co", "h2o", "h2s", "hccf", "hcl", "hclo4", "hcn", "hcno",
#     "n2", "n2h4", "n2o", "n-butane", "n-pentane", "s2o", "s3", "s4-c2v",
#     "sf6", "si2h6", "sif4", "sih3f", "sih4", "silole", "sio", "so2", "so3",
#     "t-butadiene", "tetrahedrane", "t-hcoh", "thiophene", "t-hono", "t-n2h2",
#     "trans-c2f2cl2", "propyne", "pyrrole",
#     ]
index            = None          # e.g. "1-10", "5", "1,3,5-8", or None for all
basis            = "vtzfp"

xyz_dir      = f"../../w4_17_xyz/{which_system}"
results_file = f"./{which_system}_afqmc_{basis}.dat"
out_dir      = f"../../result/molout/{which_system}/tz"
os.makedirs(out_dir, exist_ok=True)

xyz_files = get_xyz_files(xyz_dir, select_molecules=select_molecules, index=index)

# ---------------------------------------------------------------------------
# Write results header
# ---------------------------------------------------------------------------
with open(results_file, "w") as out:
    out.write(f"{'Molecule':<16s} {'E_HF (Eh)':>20s} {'E_CCSD (Eh)':>20s} "
              f"{'E_AFQMC (Eh)':>15s} {'E_AFQMC ERR (Eh)':>15s}\n")

# ---------------------------------------------------------------------------
# Helper
# ---------------------------------------------------------------------------
_afqmc_energy_re = re.compile(
    r"Final AFQMC/pt2CCSD energy:\s*([-+]?\d*\.?\d+(?:[eE][-+]?\d+)?)"
    r"\s*(?:±|\+/-)\s*([-+]?\d*\.?\d+(?:[eE][-+]?\d+)?)"
)

def extract_afqmc_energy(filename):
    try:
        with open(filename, encoding="utf-8") as f:
            for line in f:
                m = _afqmc_energy_re.search(line)
                if m:
                    return float(m.group(1)), float(m.group(2))
    except (OSError, IOError):
        pass
    return 0, 0

def free_memory():
    """Release GPU + CPU memory held over from the previous molecule.

    JAX keeps every live device array and the JIT compilation cache around
    between iterations, so without this the GPU usage grows molecule to
    molecule. We drop the compilation cache, force-delete every live device
    buffer (the next molecule rebuilds everything from scratch), and run the
    Python garbage collector to release the large pyscf CPU arrays.
    """
    jax.clear_caches()
    for arr in jax.live_arrays():
        try:
            arr.delete()
        except Exception:
            pass
    gc.collect()

# ---------------------------------------------------------------------------
# Main loop
# ---------------------------------------------------------------------------
def run_molecule(xyz_path):

    qmc_walker       = "uhf" # Default. Fall to rhf if the mf is RHF
    qmc_trial        = "upt2ccsd"

    with open(xyz_path) as f:
        lines = f.readlines()

    second_line = lines[1]
    charge   = int(second_line.split("charge=")[1].split()[0])
    spin     = int(second_line.split("mult=")[1].split()[0]) - 1
    mol_name = second_line.split()[0]
    atoms    = "".join(lines[2:])

    print(f"\n{'='*60}\nRunning: {mol_name}  charge={charge}  spin={spin}\n{'='*60}")

    mol = gto.M(
        atom=atoms,
        basis=truncate_basis.get_basis(atoms, basis),
        verbose=4,
        output=os.path.join(out_dir, f"{mol_name}_{basis}.out"),
        unit="angstrom",
        symmetry=symmetry,
        charge=charge,
        spin=spin,
        max_memory=40000,
    )

    mf = scf.UHF(mol)
    mf.max_cycle = 200
    mf = mf.newton()
    mf.kernel()

    if mol_name == "h":
        with open(results_file, "a") as out:
            out.write(f"{mol_name:<16s} {mf.e_tot:>20.10f} {mf.e_tot:>20.10f} "
                      f"{mf.e_tot:>15.5f} {0.0:>15.5f}\n")
        return

    stable = False
    for _ in range(10):
        mo_i, _, stable, _ = mf.stability(return_status=True)
        if stable:
            break
        dm = mf.make_rdm1(mo_i, mf.mo_occ)
        mf.kernel(dm0=dm)

    ss, s = mf.spin_square()
    tol = 1e-6
    if abs(ss) < tol and abs(s - 1.0) < tol:
        print("Not a UHF solution. Convert to RHF")
        
        qmc_walker = "rhf"
        qmc_trial = "pt2ccsd"

        mf = mf.to_rhf()
        mf.kernel()
        stable = False
        for _ in range(10):
            mo_i, _, stable, _ = mf.stability(return_status=True)
            if stable:
                break
            dm = mf.make_rdm1(mo_i, mf.mo_occ)
            mf.kernel(dm0=dm)

    if not stable or not mf.converged:
        print(f"  !! SCF did not converge for {mol_name} — skipping.")
        with open(results_file, "a") as out:
            out.write(f"{mol_name:<16s} {'UNCONVERGED':>20s} {'UNCONVERGED':>20s} {'UNCONVERGED':>20s}\n")
        return

    mycc = cc.CCSD(mf)
    mycc.set_frozen()
    mycc.kernel()

    integral.prep_integral(mycc, chol_cut=1e-5)
    options = {
        'eql_time':      50,
        'n_blocks':      1000,
        'n_walkers':     300,
        'max_error':     0.0,
        'seed':          17,
        'walker_type':   qmc_walker,
        'trial':         qmc_trial,
        'mix_precision': True,
        'max_memory':    10000, #MB
    }
    launch_afqmc.ph_afqmc(options)

    afqmc_out = os.path.join(out_dir, f"{mol_name}_afqmc_{basis}.out")
    os.system(f"mv afqmc.out {afqmc_out}")
    eqmc, eqmc_err = extract_afqmc_energy(afqmc_out)

    with open(results_file, "a") as out:
        out.write(f"{mol_name:<16s} {mf.e_tot:>20.10f} {mycc.e_tot:>20.10f} "
                  f"{eqmc:>15.5f} {eqmc_err:>15.5f}\n")

    print(f"  => E_HF({mol_name})      = {mf.e_tot:.10f} Eh")
    print(f"  => E_CCSD({mol_name})    = {mycc.e_tot:.10f} Eh")
    print(f"  => E_AFQMC({mol_name})   = {eqmc:.5f} +/- {eqmc_err:.5f} Eh")


for xyz_path in xyz_files:
    try:
        run_molecule(xyz_path)
    except Exception as exc:
        # Don't let one molecule kill the whole batch job.
        print(f"  !! {xyz_path} failed: {exc}")
    finally:
        # Free GPU + CPU memory before starting the next molecule. The pyscf
        # objects created inside run_molecule() are already out of scope here,
        # so gc.collect() can reclaim them.
        free_memory()

print(f"\nAll calculations complete. Results saved to {results_file}")
#INFO: ******************** input file end ********************


System: uname_result(system='Linux', node='gpua023.delta.ncsa.illinois.edu', release='5.14.0-427.91.1.el9_4.x86_64', version='#1 SMP PREEMPT_DYNAMIC Wed Sep 17 10:08:59 EDT 2025', machine='x86_64')  Threads 16
Python 3.11.14 (main, Oct 21 2025, 18:31:21) [GCC 11.2.0]
numpy 2.3.5  scipy 1.16.3  h5py 3.15.1
Date: Sun Jun  7 00:51:12 2026
PySCF version 2.11.0
PySCF path  /u/yzhang65/myprojects/software/pyscf
GIT HEAD (branch master) f520f5381c0b41f716d847009817cbc64e52c0d5

[ENV] PYSCF_TMPDIR /projects/bdka/yzhang65/scratch/pyscf
[ENV] PYSCF_EXT_PATH /u/yzhang65/myprojects/software/pyscf-forge
[CONFIG] conf_file None
[INPUT] verbose = 4
[INPUT] num. atoms = 1
[INPUT] num. electrons = 17
[INPUT] charge = 0
[INPUT] spin (= nelec alpha-beta = 2S) = 1
[INPUT] symmetry False subgroup None
[INPUT] Mole.unit = angstrom
[INPUT] Symbol           X                Y                Z      unit          X                Y                Z       unit  Magmom
[INPUT]  1 Cl     0.000000000000   0.000000000000   0.000000000000 AA    0.000000000000   0.000000000000   0.000000000000 Bohr   0.0

nuclear repulsion = 0
number of shells = 9
number of NR pGTOs = 59
number of NR cGTOs = 34
basis = {'Cl': [[0, [456100.0, 4.9297e-05, -1.38304e-05, 4.18546e-06], [68330.0, 0.000383029, -0.000107279, 3.24395e-05], [15550.0, 0.00200854, -0.000565083, 0.000171105], [4405.0, 0.00838558, -0.00236135, 0.000714176], [1439.0, 0.0294703, -0.00845886, 0.00256705], [520.4, 0.0878325, -0.0259638, 0.00788552], [203.1, 0.211473, -0.0686362, 0.0210867], [83.96, 0.365364, -0.141874, 0.0442264], [36.2, 0.340884, -0.199319, 0.065167], [15.83, 0.102133, -0.0195662, 0.00603012], [6.334, 0.00311675, 0.499741, -0.206495], [2.694, 0.00105751, 0.563736, -0.405871], [0.4313, 0.000156136, -0.00835091, 0.725661]], [0, [0.9768, 1.0]], [0, [0.1625, 1.0]], [1, [663.3, 0.00240448, -0.000652145], [156.8, 0.0192148, -0.00519445], [49.98, 0.0885097, -0.0246938], [18.42, 0.25602, -0.0728167], [7.24, 0.436927, -0.13403], [2.922, 0.350334, -0.0947742], [0.3818, -0.00458423, 0.564667]], [1, [1.022, 1.0]], [1, [0.1301, 1.0]], [2, [1.046, 1.0]], [2, [0.344, 1.0]], [3, [0.706, 1.0]]]}
ecp = {}
CPU time:        70.33




******** <class 'pyscf.soscf.newton_ah.SecondOrderUHF'> ********
method = SecondOrderUHF
initial guess = minao
damping factor = 0
level_shift factor = 0
DIIS = <class 'pyscf.scf.diis.CDIIS'>
diis_start_cycle = 1
diis_space = 8
diis_damp = 0
SCF conv_tol = 1e-09
SCF conv_tol_grad = None
SCF max_cycles = 200
direct_scf = True
direct_scf_tol = 1e-13
chkfile to save SCF result = /projects/bdka/yzhang65/scratch/pyscf/tmp5ebdexmf
max_memory 40000 MB (current use 957 MB)
number electrons alpha = 9  beta = 8
******** <class 'pyscf.scf.uhf.UHF'> Newton solver flags ********
SCF tol = 1e-09
conv_tol_grad = None
max. SCF cycles = 200
direct_scf = True
direct_scf_tol = 1e-13
chkfile to save SCF result = /projects/bdka/yzhang65/scratch/pyscf/tmp5ebdexmf
max_cycle_inner = 12
max_stepsize = 0.05
ah_start_tol = 1e+09
ah_level_shift = 0
ah_conv_tol = 1e-12
ah_lindep = 1e-14
ah_start_cycle = 1
ah_max_cycle = 40
ah_grad_trust_region = 2.5
kf_interval = 4
kf_trust_region = 5
canonicalization = True
max_memory 40000 MB (current use 957 MB)
Set conv_tol_grad to 3.16228e-05
  alpha nocc = 9  HOMO = -0.433830974697163  LUMO = 0.476721878391343

WARN: beta  nocc = 8  HOMO -0.433830974697164 >= LUMO -0.433830974697163


WARN: system HOMO -0.433830974697163 >= system LUMO -0.433830974697163

Initial guess E= -459.476565894183  |g|= 0.111728
macro= 0  E= -459.485433916399  delta_E= -0.00886802  |g|= 0.000117973  3 KF 11 JK
macro= 1  E= -459.485433916399  delta_E= -3.41061e-13  |g|= 6.80951e-06  1 KF 2 JK
Canonicalize SCF orbitals
macro X = 2  E=-459.485433916399  |g|= 6.80951e-06  total 5 KF 16 JK
converged SCF energy = -459.485433916399  <S^2> = 0.75929944  2S+1 = 2.0092779
uhf_internal: lowest eigs of H = [1.01314446e-06 2.67991019e-06 7.37272512e-01]
<class 'pyscf.soscf.newton_ah.SecondOrderUHF'> wavefunction is stable in the internal stability analysis

******** <class 'pyscf.cc.uccsd.UCCSD'> ********
CC2 = 0
CCSD nocc = (np.int64(4), np.int64(3)), nmo = (29, 29)
frozen orbitals 5
max_cycle = 50
direct = 0
conv_tol = 1e-07
conv_tol_normt = 1e-06
diis_space = 6
diis_start_cycle = 0
diis_start_energy_diff = 1e+09
max_memory 40000 MB (current use 961 MB)
Init t2, MP2 energy = -0.157928626770099
Init E_corr(UCCSD) = -0.157928626771412
cycle = 1  E_corr(UCCSD) = -0.175753728866455  dE = -0.0178251021  norm(t1,t2) = 0.0383289
cycle = 2  E_corr(UCCSD) = -0.179365063690123  dE = -0.00361133482  norm(t1,t2) = 0.0119991
cycle = 3  E_corr(UCCSD) = -0.180908424111184  dE = -0.00154336042  norm(t1,t2) = 0.00479732
cycle = 4  E_corr(UCCSD) = -0.180845926946659  dE = 6.24971645e-05  norm(t1,t2) = 0.00061925
cycle = 5  E_corr(UCCSD) = -0.180846951088267  dE = -1.02414161e-06  norm(t1,t2) = 0.000106238
cycle = 6  E_corr(UCCSD) = -0.180847588728349  dE = -6.37640081e-07  norm(t1,t2) = 2.67397e-05
cycle = 7  E_corr(UCCSD) = -0.180847549835117  dE = 3.88932311e-08  norm(t1,t2) = 7.87362e-06
cycle = 8  E_corr(UCCSD) = -0.180847518851618  dE = 3.0983499e-08  norm(t1,t2) = 2.01471e-06
cycle = 9  E_corr(UCCSD) = -0.180847519562751  dE = -7.11132986e-10  norm(t1,t2) = 5.08499e-07
UCCSD converged
E(UCCSD) = -459.6662814359616  E_corr = -0.1808475195627514
