
    ________                     _____                    
    ___  __ \___  __________________(_)_____________ _    
    __  /_/ /  / / /_  __ \_  __ \_  /__  __ \_  __ `/    
    _  _, _// /_/ /_  / / /  / / /  / _  / / /  /_/ /     
    /_/ |_| \__,_/ /_/ /_//_/ /_//_/  /_/ /_/_\__, /      
                                             /____/       
    _____________________________  ___________            
    ___    |__  ____/_  __ \__   |/  /_  ____/            
    __  /| |_  /_   _  / / /_  /|_/ /_  /                 
    _  ___ |  __/   / /_/ /_  /  / / / /___               
    /_/  |_/_/      \___\_\/_/  /_/  \____/               

Hostname:     gpua023.delta.ncsa.illinois.edu
System:       Linux
Node:         gpua023.delta.ncsa.illinois.edu
Release:      5.14.0-427.91.1.el9_4.x86_64
Machine:      x86_64
Processor:    x86_64
JAX backend:  GPU
JAX devices:  [CudaDevice(id=0)]
Device kind:  NVIDIA A100-SXM4-40GB
Platform:     gpu

Load system from Integral File
Maximum memory per walker:            33.33 MB
Maximum number of Cholesky per chunk: 1298
Number of Cholesky chunks:            1
Number of Cholesky per chunk:         178
Number of padding Cholesky:           0

QMC System
Number of electrons: (4, 3)
Spin Multiplicity:   1
Number of orbitals:  29
Number of Chol:      178

QMC Parameters
eql_time            :                   50
n_blocks            :                 1000
n_walkers           :                  300
max_error           :                  0.0
seed                :                   17
walker_type         :                  uhf
trial               :             upt2ccsd
mix_precision       :                 True
max_memory          :                10000
dt                  :                0.005
n_exp_terms         :                    6
n_prop_steps        :                   50
save_walkers        :                False
free_projection     :                False
n_batch             :                    1
nchol_chunk         :                  178

Initalize QMC walkers by HF

Equilibration
inv_T        weight  killW        energy   runTime
 0.00    300.000000      0    -99.405522     10.75
 5.00    302.429697      0    -99.607704     17.78
10.00    302.058853      0    -99.624350     18.65
15.00    302.445962      0    -99.618760     19.52
20.00    302.298486      0    -99.636144     20.39
25.00    302.274171      1    -99.607525     21.26
30.00    301.154929      0    -99.618409     22.13
35.00    302.645956      0    -99.616825     23.00
40.00    302.725486      0    -99.643615     23.87
45.00    302.025279      0    -99.606396     24.74
50.00    301.512268      0    -99.601855     25.62

Sampling
blocks        weight  killW       E_Trial     error     olp_T/G     error  Walltime
    20    301.840024      0    -99.620928  0.000440    1.000298  0.000047   33.82
    40    301.597647      0    -99.620495  0.000241    1.000313  0.000042   35.26
    60    301.264365      0    -99.620556  0.000181    1.000311  0.000030   36.70
    80    301.042958      0    -99.620552  0.000145    1.000314  0.000024   38.13
   100    300.827508      0    -99.620663  0.000136    1.000302  0.000026   39.57
   120    300.650455      0    -99.620645  0.000118    1.000301  0.000023   41.00
   140    300.505265      0    -99.620648  0.000106    1.000300  0.000020   42.43
   160    300.354903      0    -99.620660  0.000096    1.000303  0.000018   44.03
   180    300.245751      0    -99.620641  0.000087    1.000305  0.000016   45.46
   200    300.120228      0    -99.620611  0.000081    1.000318  0.000016   46.90
   220    300.002914      0    -99.620627  0.000078    1.000316  0.000015   48.33
   240    299.902454      0    -99.620616  0.000074    1.000317  0.000015   49.77
   260    299.835858      0    -99.620642  0.000072    1.000307  0.000015   51.20
   280    299.763205      0    -99.620641  0.000070    1.000304  0.000014   52.64
   300    299.707448      0    -99.620662  0.000068    1.000303  0.000013   54.08
   320    299.638067      0    -99.620642  0.000065    1.000302  0.000012   55.51
   340    299.575557      0    -99.620616  0.000062    1.000308  0.000012   56.94
   360    299.526235      0    -99.620617  0.000060    1.000303  0.000012   58.43
   380    299.492398      0    -99.620630  0.000058    1.000305  0.000012   59.93
   400    299.436658      0    -99.620611  0.000057    1.000309  0.000011   61.39
   420    299.388316      0    -99.620608  0.000055    1.000309  0.000011   62.85
   440    299.360122      0    -99.620605  0.000054    1.000303  0.000011   64.34
   460    299.335340      0    -99.620593  0.000052    1.000303  0.000011   65.85
   480    299.310797      0    -99.620584  0.000051    1.000306  0.000011   67.33
   500    299.284704      0    -99.620587  0.000051    1.000307  0.000010   68.84
   520    299.256677      0    -99.620583  0.000049    1.000306  0.000010   70.33
   540    299.230930      0    -99.620569  0.000048    1.000305  0.000010   71.82
   560    299.214051      0    -99.620567  0.000046    1.000305  0.000009   73.32
   580    299.193194      0    -99.620559  0.000045    1.000304  0.000009   74.81
   600    299.179265      0    -99.620569  0.000045    1.000305  0.000009   76.31
   620    299.162881      0    -99.620568  0.000044    1.000305  0.000009   77.81
   640    299.148952      0    -99.620562  0.000043    1.000305  0.000009   79.31
   660    299.135231      0    -99.620569  0.000043    1.000305  0.000009   80.80
   680    299.111993      0    -99.620571  0.000042    1.000307  0.000009   82.29
   700    299.094004      0    -99.620570  0.000042    1.000306  0.000009   83.79
   720    299.080801      0    -99.620568  0.000041    1.000306  0.000008   85.29
   740    299.066875      0    -99.620561  0.000040    1.000307  0.000008   86.78
   760    299.058260      0    -99.620568  0.000040    1.000306  0.000008   88.28
   780    299.048627      0    -99.620561  0.000040    1.000306  0.000008   89.77
   800    299.036990      0    -99.620557  0.000039    1.000307  0.000008   91.27
   820    299.027578      0    -99.620553  0.000038    1.000306  0.000007   92.77
   840    299.024463      0    -99.620562  0.000038    1.000307  0.000007   94.26
   860    299.015789      0    -99.620560  0.000038    1.000307  0.000007   95.76
   880    299.006936      0    -99.620559  0.000037    1.000307  0.000007   97.26
   900    298.999196      0    -99.620560  0.000037    1.000307  0.000007   98.76
   920    298.993057      0    -99.620557  0.000036    1.000307  0.000007  100.25
   940    298.979262      0    -99.620556  0.000036    1.000307  0.000007  101.74
   960    298.972983      0    -99.620551  0.000035    1.000308  0.000007  103.33
   980    298.971148      0    -99.620549  0.000035    1.000308  0.000007  104.81
  1000    298.961154      0    -99.620550  0.000034    1.000308  0.000007  106.31

Post Propagation Process
Total number of samples 1000
Raw Trial/Guide overlap ratio:          1.000308 ± 0.000007
Raw AFQMC/pt2CCSD energy (covariance): -99.620550 ± 0.000034
Raw AFQMC/pt2CCSD energy (dir sample): -99.620550 ± 0.000029

Remove Outliers
removing energies outside zeta > 30
Outlier energy bound [-99.643218, -99.597575]
Removed 0 outliers with energies []
Clean AFQMC/pt2CCSD overlap ratio:        1.000308 ± 0.000007
Clean AFQMC/pt2CCSD energy (covariance): -99.620550 ± 0.000034
Clean AFQMC/ptCCSD energy (dir sample):  -99.620550 ± 0.000029

Blocking Analysis
nsample = 1000, max_block_size = 25, min_nblocks = 40
   B    NB    NS  Observable     Error    dError
   1  1000  1000    1.000308  0.000003  0.000000
   2   500  1000    1.000308  0.000004  0.000000
   3   333   999    1.000308  0.000005  0.000000
   4   250  1000    1.000308  0.000005  0.000000
   5   200  1000    1.000308  0.000006  0.000000
   6   166   996    1.000308  0.000006  0.000000
   7   142   994    1.000308  0.000006  0.000000
   8   125  1000    1.000308  0.000006  0.000000
   9   111   999    1.000308  0.000006  0.000000
  10   100  1000    1.000308  0.000006  0.000000
  11    90   990    1.000308  0.000006  0.000000
  12    83   996    1.000308  0.000006  0.000000
  13    76   988    1.000308  0.000007  0.000001
  14    71   994    1.000308  0.000006  0.000001
  15    66   990    1.000308  0.000006  0.000001
  16    62   992    1.000308  0.000006  0.000001
  17    58   986    1.000308  0.000006  0.000001
  18    55   990    1.000308  0.000006  0.000001
  19    52   988    1.000308  0.000006  0.000001
  20    50  1000    1.000308  0.000006  0.000001
  21    47   987    1.000308  0.000006  0.000001
  22    45   990    1.000308  0.000007  0.000001
  23    43   989    1.000308  0.000006  0.000001
  24    41   984    1.000308  0.000006  0.000001
  25    40  1000    1.000308  0.000006  0.000001
Fit (variance): plateau_var = 3.832e-11 ± 1.883e-12
Fit (error):    plateau = 0.000006 ± 0.000000
     autocorrelation length ~ 3.4 blocks
     plateau reached at block size ~ 16
nclean = 1000, max_block_size = 25, min_nblocks = 40
Blk_SZ   NBlk   NSmp      Energy     Error    dError
     1   1000   1000  -99.620531  0.000029  0.000001
     2    500   1000  -99.620536  0.000031  0.000001
     3    333    999  -99.620540  0.000033  0.000001
     4    250   1000  -99.620542  0.000034  0.000002
     5    200   1000  -99.620543  0.000033  0.000002
     6    166    996  -99.620542  0.000035  0.000002
     7    142    994  -99.620544  0.000035  0.000002
     8    125   1000  -99.620545  0.000034  0.000002
     9    111    999  -99.620545  0.000034  0.000002
    10    100   1000  -99.620545  0.000033  0.000002
    11     90    990  -99.620548  0.000034  0.000003
    12     83    996  -99.620545  0.000032  0.000003
    13     76    988  -99.620547  0.000034  0.000003
    14     71    994  -99.620546  0.000031  0.000003
    15     66    990  -99.620549  0.000032  0.000003
    16     62    992  -99.620548  0.000035  0.000003
    17     58    986  -99.620548  0.000032  0.000003
    18     55    990  -99.620549  0.000030  0.000003
    19     52    988  -99.620549  0.000030  0.000003
    20     50   1000  -99.620548  0.000032  0.000003
    21     47    987  -99.620549  0.000033  0.000003
    22     45    990  -99.620550  0.000035  0.000004
    23     43    989  -99.620551  0.000032  0.000003
    24     41    984  -99.620549  0.000031  0.000003
    25     40   1000  -99.620548  0.000029  0.000003
Fit (variance): plateau_var = 1.077233e-09 ± 3.769791e-11
Fit (error):    plateau = 0.000033 ± 0.000001
     autocorrelation length ~ 1.2 blocks
     plateau reached at block size ~ 5
Final AFQMC/pt2CCSD overlap ratio: 1.000308 ± 0.000006
Final AFQMC/pt2CCSD energy: -99.620550 ± 0.000033
Total run time: 114.80

AFQMC Sampling Finished

