#INFO: **** input file is /work/hdd/bdka/yzhang65/w4_17/w4-17_all/afqmc_input/batch9/run_afqmc.py ****
import os
import sys
import re
import gc
sys.path.insert(0, os.path.join(os.path.dirname(os.path.abspath(__file__)), '..', '..', 'script'))
# sys.path.insert(0, '/u/yzhang65/mywork/yzhang65/w4_17/w4-17_all/script')

os.environ.setdefault("XLA_PYTHON_CLIENT_ALLOCATOR", "platform")
import jax
jax.config.update("jax_enable_x64", True)

from pyscf import gto, scf, cc
from afqmc import integral, launch_afqmc
from mol_select import get_xyz_files
import truncate_basis

# ---------------------------------------------------------------------------
# Configuration
# ---------------------------------------------------------------------------
which_system     = "atom"  # "closed" or "open"
symmetry         = False
select_molecules = None
#     "h2", "h2co", "h2o", "h2s", "hccf", "hcl", "hclo4", "hcn", "hcno",
#     "n2", "n2h4", "n2o", "n-butane", "n-pentane", "s2o", "s3", "s4-c2v",
#     "sf6", "si2h6", "sif4", "sih3f", "sih4", "silole", "sio", "so2", "so3",
#     "t-butadiene", "tetrahedrane", "t-hcoh", "thiophene", "t-hono", "t-n2h2",
#     "trans-c2f2cl2", "propyne", "pyrrole",
#     ]
index            = None          # e.g. "1-10", "5", "1,3,5-8", or None for all
basis            = "vtzfp"

xyz_dir      = f"../../w4_17_xyz/{which_system}"
results_file = f"./{which_system}_afqmc_{basis}.dat"
out_dir      = f"../../result/molout/{which_system}/tz"
os.makedirs(out_dir, exist_ok=True)

xyz_files = get_xyz_files(xyz_dir, select_molecules=select_molecules, index=index)

# ---------------------------------------------------------------------------
# Write results header
# ---------------------------------------------------------------------------
with open(results_file, "w") as out:
    out.write(f"{'Molecule':<16s} {'E_HF (Eh)':>20s} {'E_CCSD (Eh)':>20s} "
              f"{'E_AFQMC (Eh)':>15s} {'E_AFQMC ERR (Eh)':>15s}\n")

# ---------------------------------------------------------------------------
# Helper
# ---------------------------------------------------------------------------
_afqmc_energy_re = re.compile(
    r"Final AFQMC/pt2CCSD energy:\s*([-+]?\d*\.?\d+(?:[eE][-+]?\d+)?)"
    r"\s*(?:±|\+/-)\s*([-+]?\d*\.?\d+(?:[eE][-+]?\d+)?)"
)

def extract_afqmc_energy(filename):
    try:
        with open(filename, encoding="utf-8") as f:
            for line in f:
                m = _afqmc_energy_re.search(line)
                if m:
                    return float(m.group(1)), float(m.group(2))
    except (OSError, IOError):
        pass
    return 0, 0

def free_memory():
    """Release GPU + CPU memory held over from the previous molecule.

    JAX keeps every live device array and the JIT compilation cache around
    between iterations, so without this the GPU usage grows molecule to
    molecule. We drop the compilation cache, force-delete every live device
    buffer (the next molecule rebuilds everything from scratch), and run the
    Python garbage collector to release the large pyscf CPU arrays.
    """
    jax.clear_caches()
    for arr in jax.live_arrays():
        try:
            arr.delete()
        except Exception:
            pass
    gc.collect()

# ---------------------------------------------------------------------------
# Main loop
# ---------------------------------------------------------------------------
def run_molecule(xyz_path):

    qmc_walker       = "uhf" # Default. Fall to rhf if the mf is RHF
    qmc_trial        = "upt2ccsd"

    with open(xyz_path) as f:
        lines = f.readlines()

    second_line = lines[1]
    charge   = int(second_line.split("charge=")[1].split()[0])
    spin     = int(second_line.split("mult=")[1].split()[0]) - 1
    mol_name = second_line.split()[0]
    atoms    = "".join(lines[2:])

    print(f"\n{'='*60}\nRunning: {mol_name}  charge={charge}  spin={spin}\n{'='*60}")

    mol = gto.M(
        atom=atoms,
        basis=truncate_basis.get_basis(atoms, basis),
        verbose=4,
        output=os.path.join(out_dir, f"{mol_name}_{basis}.out"),
        unit="angstrom",
        symmetry=symmetry,
        charge=charge,
        spin=spin,
        max_memory=40000,
    )

    mf = scf.UHF(mol)
    mf.max_cycle = 200
    mf = mf.newton()
    mf.kernel()

    if mol_name == "h":
        with open(results_file, "a") as out:
            out.write(f"{mol_name:<16s} {mf.e_tot:>20.10f} {mf.e_tot:>20.10f} "
                      f"{mf.e_tot:>15.5f} {0.0:>15.5f}\n")
        return

    stable = False
    for _ in range(10):
        mo_i, _, stable, _ = mf.stability(return_status=True)
        if stable:
            break
        dm = mf.make_rdm1(mo_i, mf.mo_occ)
        mf.kernel(dm0=dm)

    ss, s = mf.spin_square()
    tol = 1e-6
    if abs(ss) < tol and abs(s - 1.0) < tol:
        print("Not a UHF solution. Convert to RHF")
        
        qmc_walker = "rhf"
        qmc_trial = "pt2ccsd"

        mf = mf.to_rhf()
        mf.kernel()
        stable = False
        for _ in range(10):
            mo_i, _, stable, _ = mf.stability(return_status=True)
            if stable:
                break
            dm = mf.make_rdm1(mo_i, mf.mo_occ)
            mf.kernel(dm0=dm)

    if not stable or not mf.converged:
        print(f"  !! SCF did not converge for {mol_name} — skipping.")
        with open(results_file, "a") as out:
            out.write(f"{mol_name:<16s} {'UNCONVERGED':>20s} {'UNCONVERGED':>20s} {'UNCONVERGED':>20s}\n")
        return

    mycc = cc.CCSD(mf)
    mycc.set_frozen()
    mycc.kernel()

    integral.prep_integral(mycc, chol_cut=1e-5)
    options = {
        'eql_time':      50,
        'n_blocks':      1000,
        'n_walkers':     300,
        'max_error':     0.0,
        'seed':          17,
        'walker_type':   qmc_walker,
        'trial':         qmc_trial,
        'mix_precision': True,
        'max_memory':    10000, #MB
    }
    launch_afqmc.ph_afqmc(options)

    afqmc_out = os.path.join(out_dir, f"{mol_name}_afqmc_{basis}.out")
    os.system(f"mv afqmc.out {afqmc_out}")
    eqmc, eqmc_err = extract_afqmc_energy(afqmc_out)

    with open(results_file, "a") as out:
        out.write(f"{mol_name:<16s} {mf.e_tot:>20.10f} {mycc.e_tot:>20.10f} "
                  f"{eqmc:>15.5f} {eqmc_err:>15.5f}\n")

    print(f"  => E_HF({mol_name})      = {mf.e_tot:.10f} Eh")
    print(f"  => E_CCSD({mol_name})    = {mycc.e_tot:.10f} Eh")
    print(f"  => E_AFQMC({mol_name})   = {eqmc:.5f} +/- {eqmc_err:.5f} Eh")


for xyz_path in xyz_files:
    try:
        run_molecule(xyz_path)
    except Exception as exc:
        # Don't let one molecule kill the whole batch job.
        print(f"  !! {xyz_path} failed: {exc}")
    finally:
        # Free GPU + CPU memory before starting the next molecule. The pyscf
        # objects created inside run_molecule() are already out of scope here,
        # so gc.collect() can reclaim them.
        free_memory()

print(f"\nAll calculations complete. Results saved to {results_file}")
#INFO: ******************** input file end ********************


System: uname_result(system='Linux', node='gpua023.delta.ncsa.illinois.edu', release='5.14.0-427.91.1.el9_4.x86_64', version='#1 SMP PREEMPT_DYNAMIC Wed Sep 17 10:08:59 EDT 2025', machine='x86_64')  Threads 16
Python 3.11.14 (main, Oct 21 2025, 18:31:21) [GCC 11.2.0]
numpy 2.3.5  scipy 1.16.3  h5py 3.15.1
Date: Sun Jun  7 01:01:11 2026
PySCF version 2.11.0
PySCF path  /u/yzhang65/myprojects/software/pyscf
GIT HEAD (branch master) f520f5381c0b41f716d847009817cbc64e52c0d5

[ENV] PYSCF_TMPDIR /projects/bdka/yzhang65/scratch/pyscf
[ENV] PYSCF_EXT_PATH /u/yzhang65/myprojects/software/pyscf-forge
[CONFIG] conf_file None
[INPUT] verbose = 4
[INPUT] num. atoms = 1
[INPUT] num. electrons = 16
[INPUT] charge = 0
[INPUT] spin (= nelec alpha-beta = 2S) = 2
[INPUT] symmetry False subgroup None
[INPUT] Mole.unit = angstrom
[INPUT] Symbol           X                Y                Z      unit          X                Y                Z       unit  Magmom
[INPUT]  1 S      0.000000000000   0.000000000000   0.000000000000 AA    0.000000000000   0.000000000000   0.000000000000 Bohr   0.0

nuclear repulsion = 0
number of shells = 9
number of NR pGTOs = 59
number of NR cGTOs = 34
basis = {'S': [[0, [374100.0, 5.4214e-05, -1.49837e-05, 4.35066e-06], [56050.0, 0.000420855, -0.000116198, 3.3714e-05], [12760.0, 0.00220698, -0.000611583, 0.000177674], [3615.0, 0.00919258, -0.0025537, 0.000741116], [1183.0, 0.0321123, -0.00908708, 0.00264591], [428.8, 0.0946683, -0.0277045, 0.00807487], [167.8, 0.22363, -0.072002, 0.0212276], [69.47, 0.374393, -0.146439, 0.0438323], [29.84, 0.329108, -0.19515, 0.0612716], [12.72, 0.0847038, 0.00819193, -0.0036151], [5.244, 0.000440851, 0.516601, -0.20451], [2.219, 0.00164827, 0.542178, -0.381871], [0.349, 0.000301306, -0.00918072, 0.714147]], [0, [0.7767, 1.0]], [0, [0.1322, 1.0]], [1, [574.4, 0.00242264, -0.000620102], [135.8, 0.0192796, -0.00493882], [43.19, 0.0885401, -0.0232647], [15.87, 0.254654, -0.0685195], [6.208, 0.433984, -0.123896], [2.483, 0.354953, -0.0969499], [0.3229, -0.00502977, 0.569394]], [1, [0.8688, 1.0]], [1, [0.1098, 1.0]], [2, [0.269, 1.0]], [2, [0.819, 1.0]], [3, [0.557, 1.0]]]}
ecp = {}
CPU time:       151.34




******** <class 'pyscf.soscf.newton_ah.SecondOrderUHF'> ********
method = SecondOrderUHF
initial guess = minao
damping factor = 0
level_shift factor = 0
DIIS = <class 'pyscf.scf.diis.CDIIS'>
diis_start_cycle = 1
diis_space = 8
diis_damp = 0
SCF conv_tol = 1e-09
SCF conv_tol_grad = None
SCF max_cycles = 200
direct_scf = True
direct_scf_tol = 1e-13
chkfile to save SCF result = /projects/bdka/yzhang65/scratch/pyscf/tmpw6zwu_t5
max_memory 40000 MB (current use 848 MB)
number electrons alpha = 9  beta = 7
******** <class 'pyscf.scf.uhf.UHF'> Newton solver flags ********
SCF tol = 1e-09
conv_tol_grad = None
max. SCF cycles = 200
direct_scf = True
direct_scf_tol = 1e-13
chkfile to save SCF result = /projects/bdka/yzhang65/scratch/pyscf/tmpw6zwu_t5
max_cycle_inner = 12
max_stepsize = 0.05
ah_start_tol = 1e+09
ah_level_shift = 0
ah_conv_tol = 1e-12
ah_lindep = 1e-14
ah_start_cycle = 1
ah_max_cycle = 40
ah_grad_trust_region = 2.5
kf_interval = 4
kf_trust_region = 5
canonicalization = True
max_memory 40000 MB (current use 848 MB)
Set conv_tol_grad to 3.16228e-05
  alpha nocc = 9  HOMO = -0.28390580612763  LUMO = 0.428636959683821

WARN: beta  nocc = 7  HOMO -0.283905806127631 >= LUMO -0.283905806127631


WARN: system HOMO -0.28390580612763 >= system LUMO -0.283905806127631

Initial guess E= -397.49476591868  |g|= 0.124851
macro= 0  E= -397.509268927744  delta_E= -0.014503  |g|= 0.000287413  3 KF 11 JK
macro= 1  E= -397.509268927744  delta_E= -5.68434e-14  |g|= 9.16179e-06  1 KF 2 JK
Canonicalize SCF orbitals
macro X = 2  E=-397.509268927744  |g|= 9.16179e-06  total 5 KF 16 JK
converged SCF energy = -397.509268927744  <S^2> = 2.0115605  2S+1 = 3.0076972
uhf_internal: lowest eigs of H = [2.43293230e-06 4.59879148e-06 5.35014202e-01]
<class 'pyscf.soscf.newton_ah.SecondOrderUHF'> wavefunction is stable in the internal stability analysis

******** <class 'pyscf.cc.uccsd.UCCSD'> ********
CC2 = 0
CCSD nocc = (np.int64(4), np.int64(2)), nmo = (29, 29)
frozen orbitals 5
max_cycle = 50
direct = 0
conv_tol = 1e-07
conv_tol_normt = 1e-06
diis_space = 6
diis_start_cycle = 0
diis_start_energy_diff = 1e+09
max_memory 40000 MB (current use 848 MB)
Init t2, MP2 energy = -0.116533345633682
Init E_corr(UCCSD) = -0.116533345652732
cycle = 1  E_corr(UCCSD) = -0.133931003328922  dE = -0.0173976577  norm(t1,t2) = 0.0448917
cycle = 2  E_corr(UCCSD) = -0.137738279097344  dE = -0.00380727577  norm(t1,t2) = 0.0147762
cycle = 3  E_corr(UCCSD) = -0.13952448951607  dE = -0.00178621042  norm(t1,t2) = 0.00605705
cycle = 4  E_corr(UCCSD) = -0.139469613516462  dE = 5.48759996e-05  norm(t1,t2) = 0.000806906
cycle = 5  E_corr(UCCSD) = -0.139472043547569  dE = -2.43003111e-06  norm(t1,t2) = 0.00014048
cycle = 6  E_corr(UCCSD) = -0.139471951436867  dE = 9.2110702e-08  norm(t1,t2) = 3.63483e-05
cycle = 7  E_corr(UCCSD) = -0.139472380570446  dE = -4.29133579e-07  norm(t1,t2) = 9.42333e-06
cycle = 8  E_corr(UCCSD) = -0.139472208472919  dE = 1.72097527e-07  norm(t1,t2) = 2.36938e-06
cycle = 9  E_corr(UCCSD) = -0.139472196122495  dE = 1.23504241e-08  norm(t1,t2) = 4.5014e-07
UCCSD converged
E(UCCSD) = -397.6487411238669  E_corr = -0.139472196122495
