------------------------------------------- AFQMC Sampling Started -------------------------------------------
Hostname: gpua081.delta.ncsa.illinois.edu
System Type: Linux
Machine Type: x86_64
Processor: x86_64
Using GPU.
System: Linux
Node Name: gpua081.delta.ncsa.illinois.edu
Release: 5.14.0-427.91.1.el9_4.x86_64
Version: #1 SMP PREEMPT_DYNAMIC Wed Sep 17 10:08:59 EDT 2025
Machine: x86_64
Processor: x86_64
Decomposing Unrestricted T2 amplitudes
Throw 2 vectors in T2 deomposition
SVD cutoff = 1.00e-08 | error = 4.71e-16
number of T2 decomposition vectors 32
norb: 13
nelec: (2, 1)
n_eql: 120
n_blocks: 1000
n_walkers: 300
dt: 0.005
max_error: 0.0
seed: 17
walker_type: uhf
trial: uccsd_pt2
free_projection: False
use_gpu: True
n_exp_terms: 6
n_prop_steps: 50
save_walkers: False
n_batch: 1
nchol_chunk: 70
mix_precision: True
initial AFQMC/pt2CCSD Energy is -24.588606
Propagating with 300 walkers
----------------------------------------------- Equilibration ------------------------------------------------
inv_T        weight  killW        energy   runTime
 0.00    300.000000      0    -24.529962      9.85
 3.00    300.551104      0    -24.586512     15.28
 6.00    300.519635      0    -24.590269     15.69
 9.00    300.395023      0    -24.581633     16.09
12.00    300.175755      0    -24.584982     16.50
15.00    299.988345      0    -24.590878     16.90
18.00    300.045041      0    -24.585590     17.31
21.00    299.746564      0    -24.580376     17.71
24.00    299.952386      0    -24.579211     18.12
27.00    299.725135      0    -24.580789     18.52
30.00    299.824818      0    -24.584854     18.93
---------------------------------------------- Sampling Blocks -----------------------------------------------
blocks        weight  killW       E_Guide     error       E_Trial     error     olp_T/G     error  Walltime
    20    299.809413      4    -24.582311  0.002093    -24.589963  0.000111   -1.000656  0.000160   24.56
    40    299.699499      6    -24.583802  0.001676    -24.589810  0.000079   -1.000536  0.000117   25.32
    60    299.614634      9    -24.583857  0.001602    -24.589859  0.000060   -1.000563  0.000093   26.08
    80    299.584024     14    -24.583967  0.001356    -24.589848  0.000048   -1.000555  0.000073   26.84
   100    299.539957     15    -24.584143  0.001044    -24.589852  0.000044   -1.000535  0.000058   27.60
   120    299.500742     18    -24.584812  0.001012    -24.589869  0.000042   -1.000530  0.000049   28.36
   140    299.468834     22    -24.584951  0.000910    -24.589844  0.000039   -1.000525  0.000044   29.12
   160    299.436651     28    -24.584166  0.000899    -24.589869  0.000035   -1.000524  0.000039   29.87
   180    299.389173     29    -24.583482  0.000952    -24.589896  0.000035   -1.000533  0.000035   30.63
   200    299.369049     33    -24.583196  0.000885    -24.589904  0.000033   -1.000534  0.000033   31.39
   220    299.341395     36    -24.582974  0.000828    -24.589902  0.000030   -1.000527  0.000033   32.15
   240    299.327715     40    -24.583049  0.000764    -24.589901  0.000028   -1.000526  0.000031   32.90
   260    299.318073     43    -24.583218  0.000736    -24.589896  0.000027   -1.000520  0.000030   33.66
   280    299.309070     45    -24.583204  0.000664    -24.589894  0.000025   -1.000516  0.000028   34.41
   300    299.294127     48    -24.583221  0.000628    -24.589896  0.000024   -1.000512  0.000027   35.17
   320    299.284281     51    -24.583245  0.000605    -24.589899  0.000023   -1.000509  0.000026   35.92
   340    299.269950     58    -24.583551  0.000679    -24.589894  0.000023   -1.000513  0.000025   36.76
   360    299.256440     61    -24.583599  0.000630    -24.589885  0.000022   -1.000513  0.000024   37.51
   380    299.246951     61    -24.583505  0.000608    -24.589889  0.000021   -1.000516  0.000023   38.27
   400    299.243433     63    -24.583618  0.000609    -24.589872  0.000021   -1.000508  0.000023   39.02
   420    299.233992     66    -24.583662  0.000588    -24.589871  0.000021   -1.000516  0.000022   39.78
   440    299.232124     68    -24.583687  0.000564    -24.589874  0.000020   -1.000515  0.000021   40.53
   460    299.232630     69    -24.583964  0.000569    -24.589860  0.000021   -1.000510  0.000021   41.29
   480    299.228642     74    -24.584094  0.000585    -24.589854  0.000021   -1.000508  0.000021   42.05
   500    299.221960     78    -24.583972  0.000577    -24.589858  0.000020   -1.000511  0.000022   42.81
   520    299.209812     84    -24.583868  0.000563    -24.589855  0.000020   -1.000515  0.000021   43.56
   540    299.204006     88    -24.583913  0.000553    -24.589858  0.000019   -1.000511  0.000020   44.32
   560    299.200722     92    -24.583989  0.000534    -24.589858  0.000019   -1.000503  0.000020   45.07
   580    299.193801     96    -24.583989  0.000523    -24.589863  0.000019   -1.000503  0.000020   45.82
   600    299.192776     98    -24.584103  0.000515    -24.589866  0.000018   -1.000505  0.000019   46.58
   620    299.181233    103    -24.584029  0.000504    -24.589873  0.000018   -1.000509  0.000019   47.34
   640    299.171426    110    -24.583835  0.000516    -24.589880  0.000018   -1.000508  0.000018   48.09
   660    299.166488    115    -24.583742  0.000511    -24.589881  0.000017   -1.000505  0.000018   48.85
   680    299.161340    117    -24.583793  0.000535    -24.589880  0.000017   -1.000504  0.000018   49.60
   700    299.155981    119    -24.583854  0.000522    -24.589875  0.000017   -1.000500  0.000017   50.36
   720    299.153361    122    -24.583856  0.000514    -24.589872  0.000017   -1.000505  0.000017   51.12
   740    299.154352    125    -24.583936  0.000518    -24.589870  0.000019   -1.000511  0.000018   51.88
   760    299.149732    127    -24.583838  0.000518    -24.589872  0.000018   -1.000514  0.000017   52.64
   780    299.146783    130    -24.583946  0.000506    -24.589866  0.000018   -1.000514  0.000017   53.40
   800    299.146479    134    -24.584000  0.000495    -24.589865  0.000018   -1.000512  0.000017   54.16
   820    299.142895    137    -24.583980  0.000486    -24.589866  0.000017   -1.000513  0.000016   54.91
   840    299.140868    139    -24.583920  0.000477    -24.589868  0.000017   -1.000512  0.000016   55.67
   860    299.139117    143    -24.583941  0.000472    -24.589872  0.000017   -1.000512  0.000016   56.43
   880    299.139832    148    -24.583975  0.000461    -24.589868  0.000017   -1.000512  0.000015   57.19
   900    299.138573    150    -24.583980  0.000451    -24.589868  0.000016   -1.000512  0.000015   57.95
   920    299.135620    158    -24.583943  0.000444    -24.589869  0.000016   -1.000508  0.000015   58.71
   940    299.135174    162    -24.583887  0.000444    -24.589868  0.000016   -1.000508  0.000015   59.47
   960    299.131246    165    -24.583863  0.000438    -24.589868  0.000016   -1.000510  0.000015   60.22
   980    299.126329    168    -24.583779  0.000429    -24.589876  0.000018   -1.000512  0.000014   60.98
  1000    299.124529    173    -24.583800  0.000423    -24.589870  0.000019   -1.000509  0.000016   61.73
---------------------------------------------- Post Propagation ----------------------------------------------
Total number of samples 1000
Raw AFQMC/HF (Guide) energy:           -24.583800 ± 0.000423
Raw Trial/Guide overlap ratio:          -1.000509 ± 0.000016
Raw AFQMC/pt2CCSD energy (covariance): -24.589870 ± 0.000019
Raw AFQMC/pt2CCSD energy (dir sample): -24.589870 ± 0.000017
--------------------------------------------- Clean Obeservation ---------------------------------------------
removing energies outside zeta > 30
Outlier energy bound [-24.597261, -24.582462]
Removed 1 outliers with energies [-24.58239011]
Clean AFQMC/pt2CCSD overlap ratio:        -1.000510 ± 0.000015
Clean AFQMC/pt2CCSD energy (covariance): -24.589871 ± 0.000017
Clean AFQMC/ptCCSD energy (dir sample):  -24.589871 ± 0.000015
--------------------------------------------- Blocking Analysis ----------------------------------------------
nsample = 999, max_block_size = 24, min_nblocks = 40
   B    NB    NS  Observable     Error    dError
   1   999   999   -1.000510  0.000007  0.000000
   2   499   998   -1.000510  0.000009  0.000000
   3   333   999   -1.000510  0.000010  0.000000
   4   249   996   -1.000511  0.000011  0.000001
   5   199   995   -1.000512  0.000012  0.000001
   6   166   996   -1.000511  0.000013  0.000001
   7   142   994   -1.000512  0.000013  0.000001
   8   124   992   -1.000511  0.000013  0.000001
   9   111   999   -1.000510  0.000013  0.000001
  10    99   990   -1.000511  0.000013  0.000001
  11    90   990   -1.000511  0.000014  0.000001
  12    83   996   -1.000511  0.000013  0.000001
  13    76   988   -1.000511  0.000014  0.000001
  14    71   994   -1.000512  0.000014  0.000001
  15    66   990   -1.000511  0.000014  0.000001
  16    62   992   -1.000511  0.000014  0.000001
  17    58   986   -1.000511  0.000014  0.000001
  18    55   990   -1.000511  0.000015  0.000001
  19    52   988   -1.000511  0.000014  0.000001
  20    49   980   -1.000512  0.000013  0.000001
  21    47   987   -1.000511  0.000014  0.000001
  22    45   990   -1.000511  0.000014  0.000001
  23    43   989   -1.000511  0.000013  0.000001
  24    41   984   -1.000511  0.000013  0.000001
Fit (variance): plateau_var = 1.900e-10 ± 9.844e-12
Fit (error):    plateau = 0.000014 ± 0.000000
     autocorrelation length ~ 3.7 blocks
     plateau reached at block size ~ 18
nclean = 999, max_block_size = 24, min_nblocks = 40
Blk_SZ   NBlk   NSmp      Energy     Error    dError
     1    999    999  -24.589843  0.000015  0.000000
     2    499    998  -24.589849  0.000015  0.000000
     3    333    999  -24.589851  0.000016  0.000001
     4    249    996  -24.589853  0.000017  0.000001
     5    199    995  -24.589855  0.000016  0.000001
     6    166    996  -24.589854  0.000018  0.000001
     7    142    994  -24.589857  0.000017  0.000001
     8    124    992  -24.589859  0.000017  0.000001
     9    111    999  -24.589857  0.000019  0.000001
    10     99    990  -24.589861  0.000018  0.000001
    11     90    990  -24.589861  0.000018  0.000001
    12     83    996  -24.589860  0.000019  0.000001
    13     76    988  -24.589860  0.000018  0.000002
    14     71    994  -24.589863  0.000018  0.000002
    15     66    990  -24.589861  0.000019  0.000002
    16     62    992  -24.589864  0.000018  0.000002
    17     58    986  -24.589863  0.000019  0.000002
    18     55    990  -24.589863  0.000019  0.000002
    19     52    988  -24.589864  0.000018  0.000002
    20     49    980  -24.589870  0.000020  0.000002
    21     47    987  -24.589864  0.000021  0.000002
    22     45    990  -24.589864  0.000021  0.000002
    23     43    989  -24.589864  0.000020  0.000002
    24     41    984  -24.589870  0.000019  0.000002
Fit (variance): plateau_var = 4.088372e-10 ± 6.662367e-11
Fit (error):    plateau = 0.000020 ± 0.000002
     autocorrelation length ~ 10.9 blocks
     plateau reached at block size ~ 43
     !!!Failed to reach plateau in blocking
     Return max block error
Final AFQMC/pt2CCSD overlap ratio: -1.000510 ± 0.000014
Final AFQMC/pt2CCSD energy: -24.589871 ± 0.000021
Total run time: 69.70
------------------------------------------ AFQMC Sampling Finished -------------------------------------------
