------------------------------------------- AFQMC Sampling Started -------------------------------------------
Hostname: gpua081.delta.ncsa.illinois.edu
System Type: Linux
Machine Type: x86_64
Processor: x86_64
Using GPU.
System: Linux
Node Name: gpua081.delta.ncsa.illinois.edu
Release: 5.14.0-427.91.1.el9_4.x86_64
Version: #1 SMP PREEMPT_DYNAMIC Wed Sep 17 10:08:59 EDT 2025
Machine: x86_64
Processor: x86_64
Decomposing Unrestricted T2 amplitudes
Throw 0 vectors in T2 deomposition
SVD cutoff = 1.00e-08 | error = 3.70e-16
number of T2 decomposition vectors 42
norb: 13
nelec: (3, 1)
n_eql: 120
n_blocks: 1000
n_walkers: 300
dt: 0.005
max_error: 0.0
seed: 17
walker_type: uhf
trial: uccsd_pt2
free_projection: False
use_gpu: True
n_exp_terms: 6
n_prop_steps: 50
save_walkers: False
n_batch: 1
nchol_chunk: 70
mix_precision: True
initial AFQMC/pt2CCSD Energy is -37.759442
Propagating with 300 walkers
----------------------------------------------- Equilibration ------------------------------------------------
inv_T        weight  killW        energy   runTime
 0.00    300.000000      0    -37.686544     10.16
 3.00    300.790117      0    -37.758813     15.75
 6.00    300.632721      0    -37.756735     16.18
 9.00    300.442678      0    -37.753762     16.60
12.00    300.374923      0    -37.752474     17.02
15.00    299.464145      2    -37.756658     17.45
18.00    300.525256      0    -37.757398     17.87
21.00    300.261454      0    -37.756453     18.29
24.00    300.183549      1    -37.748672     18.71
27.00    300.094396      0    -37.761690     19.13
30.00    300.141597      0    -37.756265     19.54
---------------------------------------------- Sampling Blocks -----------------------------------------------
blocks        weight  killW       E_Guide     error       E_Trial     error     olp_T/G     error  Walltime
    20    300.121062      3    -37.756512  0.001105    -37.760541  0.000055    1.000245  0.000099   25.42
    40    299.998200      5    -37.756854  0.001305    -37.760685  0.000049    1.000229  0.000056   26.20
    60    299.931307      8    -37.755954  0.001167    -37.760721  0.000039    1.000241  0.000034   26.98
    80    299.814412     11    -37.755829  0.000859    -37.760721  0.000038    1.000237  0.000025   27.75
   100    299.713725     12    -37.755600  0.000715    -37.760682  0.000044    1.000239  0.000021   28.53
   120    299.640247     17    -37.755770  0.000624    -37.760672  0.000040    1.000235  0.000019   29.31
   140    299.587047     19    -37.755806  0.000547    -37.760668  0.000036    1.000209  0.000024   30.09
   160    299.541508     25    -37.755650  0.000527    -37.760669  0.000033    1.000211  0.000021   30.86
   180    299.494399     29    -37.755468  0.000485    -37.760669  0.000030    1.000210  0.000019   31.64
   200    299.465508     33    -37.755328  0.000484    -37.760674  0.000029    1.000205  0.000019   32.42
   220    299.429998     40    -37.755403  0.000443    -37.760678  0.000027    1.000194  0.000019   33.19
   240    299.411044     41    -37.755512  0.000423    -37.760668  0.000026    1.000194  0.000018   33.97
   260    299.390451     44    -37.755873  0.000462    -37.760661  0.000041    1.000195  0.000017   34.74
   280    299.376585     49    -37.756112  0.000466    -37.760659  0.000039    1.000190  0.000017   35.52
   300    299.353830     55    -37.756092  0.000435    -37.760669  0.000037    1.000192  0.000016   36.30
   320    299.324646     61    -37.755991  0.000414    -37.760683  0.000035    1.000183  0.000016   37.07
   340    299.309042     66    -37.756217  0.000421    -37.760672  0.000033    1.000188  0.000016   37.84
   360    299.296461     72    -37.756268  0.000399    -37.760672  0.000032    1.000186  0.000014   38.62
   380    299.281841     74    -37.756153  0.000390    -37.760664  0.000030    1.000192  0.000015   39.40
   400    299.270220     81    -37.756108  0.000372    -37.760666  0.000029    1.000193  0.000015   40.18
   420    299.255429     86    -37.756115  0.000357    -37.760673  0.000028    1.000192  0.000014   40.96
   440    299.247410     88    -37.756004  0.000354    -37.760675  0.000027    1.000189  0.000014   41.74
   460    299.238759     92    -37.756033  0.000345    -37.760680  0.000026    1.000186  0.000013   42.51
   480    299.232451     95    -37.756216  0.000372    -37.760680  0.000026    1.000188  0.000013   43.29
   500    299.222705     97    -37.756123  0.000366    -37.760685  0.000025    1.000192  0.000012   44.07
   520    299.209839    103    -37.756040  0.000356    -37.760690  0.000025    1.000195  0.000012   44.85
   540    299.195948    111    -37.755989  0.000348    -37.760688  0.000024    1.000196  0.000012   45.62
   560    299.185377    117    -37.756005  0.000340    -37.760690  0.000076    1.000196  0.000012   46.40
   580    299.175419    120    -37.756030  0.000329    -37.760694  0.000073    1.000198  0.000011   47.18
   600    299.161335    126    -37.756075  0.000326    -37.760697  0.000071    1.000197  0.000011   47.97
   620    299.156696    129    -37.756071  0.000321    -37.760699  0.000069    1.000199  0.000011   48.75
   640    299.148318    133    -37.755984  0.000327    -37.760701  0.000066    1.000201  0.000011   49.53
   660    299.143438    136    -37.755974  0.000316    -37.760703  0.000065    1.000201  0.000011   50.31
   680    299.137220    138    -37.755907  0.000321    -37.760704  0.000063    1.000201  0.000011   51.09
   700    299.135679    143    -37.755921  0.000316    -37.760702  0.000061    1.000200  0.000010   51.86
   720    299.134162    144    -37.755847  0.000317    -37.760703  0.000060    1.000201  0.000010   52.64
   740    299.130811    146    -37.755827  0.000309    -37.760704  0.000058    1.000201  0.000010   53.42
   760    299.125689    149    -37.755687  0.000331    -37.760704  0.000057    1.000202  0.000010   54.19
   780    299.120737    156    -37.755684  0.000327    -37.760705  0.000055    1.000204  0.000010   54.97
   800    299.119317    159    -37.755669  0.000318    -37.760706  0.000054    1.000201  0.000010   55.75
   820    299.119383    166    -37.755730  0.000316    -37.760711  0.000053    1.000203  0.000010   56.53
   840    299.119227    169    -37.755751  0.000311    -37.760711  0.000051    1.000203  0.000010   57.31
   860    299.116906    179    -37.755819  0.000310    -37.760712  0.000050    1.000204  0.000010   58.09
   880    299.115185    182    -37.755913  0.000317    -37.760715  0.000049    1.000202  0.000010   58.87
   900    299.116583    187    -37.755937  0.000316    -37.760715  0.000048    1.000202  0.000009   59.64
   920    299.117586    187    -37.755985  0.000326    -37.760708  0.000047    1.000203  0.000009   60.42
   940    299.114390    194    -37.755923  0.000326    -37.760710  0.000046    1.000205  0.000009   61.20
   960    299.113663    198    -37.755876  0.000330    -37.760709  0.000045    1.000205  0.000009   61.98
   980    299.109391    200    -37.755835  0.000330    -37.760708  0.000044    1.000203  0.000009   62.76
  1000    299.107281    205    -37.755828  0.000324    -37.760707  0.000044    1.000201  0.000009   63.54
---------------------------------------------- Post Propagation ----------------------------------------------
Total number of samples 1000
Raw AFQMC/HF (Guide) energy:           -37.755828 ± 0.000324
Raw Trial/Guide overlap ratio:          1.000201 ± 0.000009
Raw AFQMC/pt2CCSD energy (covariance): -37.760707 ± 0.000044
Raw AFQMC/pt2CCSD energy (dir sample): -37.760707 ± 0.000011
--------------------------------------------- Clean Obeservation ---------------------------------------------
removing energies outside zeta > 30
Outlier energy bound [-37.768203, -37.753178]
Removed 0 outliers with energies []
Clean AFQMC/pt2CCSD overlap ratio:        1.000201 ± 0.000009
Clean AFQMC/pt2CCSD energy (covariance): -37.760707 ± 0.000044
Clean AFQMC/ptCCSD energy (dir sample):  -37.760707 ± 0.000011
--------------------------------------------- Blocking Analysis ----------------------------------------------
nsample = 1000, max_block_size = 25, min_nblocks = 40
   B    NB    NS  Observable     Error    dError
   1  1000  1000    1.000201  0.000004  0.000000
   2   500  1000    1.000201  0.000006  0.000000
   3   333   999    1.000201  0.000006  0.000000
   4   250  1000    1.000201  0.000007  0.000000
   5   200  1000    1.000201  0.000007  0.000000
   6   166   996    1.000202  0.000007  0.000000
   7   142   994    1.000202  0.000008  0.000000
   8   125  1000    1.000201  0.000008  0.000000
   9   111   999    1.000201  0.000008  0.000001
  10   100  1000    1.000201  0.000008  0.000001
  11    90   990    1.000202  0.000008  0.000001
  12    83   996    1.000202  0.000009  0.000001
  13    76   988    1.000203  0.000008  0.000001
  14    71   994    1.000202  0.000008  0.000001
  15    66   990    1.000202  0.000008  0.000001
  16    62   992    1.000202  0.000008  0.000001
  17    58   986    1.000203  0.000008  0.000001
  18    55   990    1.000202  0.000008  0.000001
  19    52   988    1.000203  0.000009  0.000001
  20    50  1000    1.000201  0.000009  0.000001
  21    47   987    1.000203  0.000009  0.000001
  22    45   990    1.000202  0.000008  0.000001
  23    43   989    1.000202  0.000009  0.000001
  24    41   984    1.000203  0.000009  0.000001
  25    40  1000    1.000201  0.000009  0.000001
Fit (variance): plateau_var = 7.192e-11 ± 4.035e-12
Fit (error):    plateau = 0.000008 ± 0.000000
     autocorrelation length ~ 4.3 blocks
     plateau reached at block size ~ 20
nclean = 1000, max_block_size = 25, min_nblocks = 40
Blk_SZ   NBlk   NSmp      Energy     Error    dError
     1   1000   1000  -37.760699  0.000011  0.000000
     2    500   1000  -37.760701  0.000012  0.000000
     3    333    999  -37.760702  0.000013  0.000001
     4    250   1000  -37.760703  0.000013  0.000001
     5    200   1000  -37.760703  0.000014  0.000001
     6    166    996  -37.760702  0.000014  0.000001
     7    142    994  -37.760703  0.000014  0.000001
     8    125   1000  -37.760704  0.000014  0.000001
     9    111    999  -37.760704  0.000014  0.000001
    10    100   1000  -37.760704  0.000015  0.000001
    11     90    990  -37.760704  0.000016  0.000001
    12     83    996  -37.760704  0.000015  0.000001
    13     76    988  -37.760705  0.000016  0.000001
    14     71    994  -37.760704  0.000015  0.000001
    15     66    990  -37.760705  0.000015  0.000001
    16     62    992  -37.760704  0.000016  0.000001
    17     58    986  -37.760706  0.000016  0.000002
    18     55    990  -37.760706  0.000016  0.000002
    19     52    988  -37.760705  0.000016  0.000002
    20     50   1000  -37.760706  0.000015  0.000001
    21     47    987  -37.760706  0.000016  0.000002
    22     45    990  -37.760706  0.000016  0.000002
    23     43    989  -37.760706  0.000016  0.000002
    24     41    984  -37.760705  0.000015  0.000002
    25     40   1000  -37.760706  0.000015  0.000002
Fit (variance): plateau_var = 2.426865e-10 ± 1.736877e-11
Fit (error):    plateau = 0.000016 ± 0.000001
     autocorrelation length ~ 5.7 blocks
     plateau reached at block size ~ 23
Final AFQMC/pt2CCSD overlap ratio: 1.000201 ± 0.000008
Final AFQMC/pt2CCSD energy: -37.760707 ± 0.000016
Total run time: 71.86
------------------------------------------ AFQMC Sampling Finished -------------------------------------------
