------------------------------------------- AFQMC Sampling Started -------------------------------------------
Hostname: gpua081.delta.ncsa.illinois.edu
System Type: Linux
Machine Type: x86_64
Processor: x86_64
Using GPU.
System: Linux
Node Name: gpua081.delta.ncsa.illinois.edu
Release: 5.14.0-427.91.1.el9_4.x86_64
Version: #1 SMP PREEMPT_DYNAMIC Wed Sep 17 10:08:59 EDT 2025
Machine: x86_64
Processor: x86_64
Decomposing Unrestricted T2 amplitudes
Throw 0 vectors in T2 deomposition
SVD cutoff = 1.00e-08 | error = 3.91e-16
number of T2 decomposition vectors 58
norb: 13
nelec: (4, 2)
n_eql: 120
n_blocks: 1000
n_walkers: 300
dt: 0.005
max_error: 0.0
seed: 17
walker_type: uhf
trial: uccsd_pt2
free_projection: False
use_gpu: True
n_exp_terms: 6
n_prop_steps: 50
save_walkers: False
n_batch: 1
nchol_chunk: 70
mix_precision: True
initial AFQMC/pt2CCSD Energy is -74.909216
Propagating with 300 walkers
----------------------------------------------- Equilibration ------------------------------------------------
inv_T        weight  killW        energy   runTime
 0.00    300.000000      0    -74.792178     10.22
 3.00    301.196625      0    -74.906342     16.14
 6.00    301.401657      0    -74.902413     16.59
 9.00    300.748716      0    -74.897412     17.04
12.00    300.877565      0    -74.905652     17.49
15.00    300.622227      0    -74.904465     17.94
18.00    300.770688      0    -74.898150     18.39
21.00    301.117185      0    -74.917613     18.84
24.00    300.830453      0    -74.907232     19.29
27.00    300.181363      0    -74.913877     19.74
30.00    300.802757      1    -74.913089     20.19
---------------------------------------------- Sampling Blocks -----------------------------------------------
blocks        weight  killW       E_Guide     error       E_Trial     error     olp_T/G     error  Walltime
    20    300.602954      6    -74.906133  0.001523    -74.910079  0.000091    1.000125  0.000019   25.96
    40    300.537065     12    -74.907641  0.001795    -74.910137  0.000066    1.000113  0.000015   26.79
    60    300.338160     18    -74.907148  0.001548    -74.910087  0.000054    1.000112  0.000011   27.62
    80    300.203239     27    -74.906488  0.001267    -74.910102  0.000047    1.000115  0.000009   28.45
   100    300.087313     34    -74.906992  0.001015    -74.910121  0.000051    1.000115  0.000007   29.28
   120    299.999001     36    -74.907553  0.001005    -74.910131  0.000047    1.000111  0.000007   30.11
   140    299.906365     47    -74.908014  0.000931    -74.910132  0.000043    1.000112  0.000006   30.93
   160    299.826586     52    -74.907777  0.000876    -74.910122  0.000040    1.000113  0.000006   31.75
   180    299.744078     57    -74.907864  0.000778    -74.910117  0.000038    1.000112  0.000005   32.58
   200    299.691173     63    -74.907482  0.000755    -74.910109  0.000036    1.000112  0.000005   33.40
   220    299.634550     69    -74.907388  0.000698    -74.910099  0.000034    1.000111  0.000005   34.23
   240    299.583284     75    -74.907355  0.000674    -74.910097  0.000031    1.000110  0.000004   35.05
   260    299.556707     79    -74.907412  0.000623    -74.910098  0.000030    1.000110  0.000004   35.89
   280    299.525172     81    -74.907509  0.000589    -74.910092  0.000029    1.000109  0.000004   36.71
   300    299.488967     87    -74.907693  0.000568    -74.910099  0.000029    1.000108  0.000004   37.55
   320    299.454611     94    -74.907562  0.000548    -74.910093  0.000028    1.000108  0.000004   38.38
   340    299.430425    100    -74.907603  0.000523    -74.910094  0.000027    1.000108  0.000004   39.20
   360    299.397121    101    -74.907550  0.000493    -74.910099  0.000026    1.000108  0.000004   40.03
   380    299.370212    107    -74.907503  0.000479    -74.910100  0.000025    1.000108  0.000004   40.85
   400    299.351589    112    -74.907372  0.000476    -74.910095  0.000024    1.000108  0.000003   41.68
   420    299.329182    119    -74.907311  0.000477    -74.910102  0.000023    1.000107  0.000003   42.51
   440    299.310976    124    -74.907259  0.000463    -74.910096  0.000023    1.000107  0.000003   43.33
   460    299.294239    129    -74.907460  0.000485    -74.910099  0.000023    1.000106  0.000003   44.16
   480    299.272379    137    -74.907596  0.000468    -74.910099  0.000022    1.000105  0.000003   44.98
   500    299.258947    138    -74.907537  0.000479    -74.910096  0.000022    1.000105  0.000003   45.81
   520    299.243848    141    -74.907643  0.000468    -74.910105  0.000022    1.000105  0.000003   46.63
   540    299.227013    144    -74.907584  0.000453    -74.910099  0.000021    1.000106  0.000003   47.47
   560    299.211695    149    -74.907698  0.000445    -74.910098  0.000021    1.000105  0.000003   48.29
   580    299.204328    151    -74.907788  0.000435    -74.910110  0.000021    1.000104  0.000003   49.12
   600    299.183115    158    -74.907783  0.000423    -74.910114  0.000021    1.000103  0.000003   49.95
   620    299.175419    161    -74.907812  0.000409    -74.910117  0.000021    1.000103  0.000003   50.78
   640    299.162601    166    -74.907780  0.000410    -74.910122  0.000021    1.000104  0.000003   51.60
   660    299.153952    170    -74.907768  0.000397    -74.910121  0.000020    1.000104  0.000003   52.43
   680    299.146804    177    -74.907790  0.000388    -74.910122  0.000020    1.000103  0.000003   53.26
   700    299.141670    180    -74.907829  0.000380    -74.910121  0.000019    1.000104  0.000003   54.08
   720    299.132089    189    -74.907858  0.000371    -74.910119  0.000019    1.000104  0.000003   54.92
   740    299.123669    196    -74.907845  0.000363    -74.910117  0.000019    1.000104  0.000003   55.75
   760    299.110248    202    -74.907711  0.000366    -74.910114  0.000018    1.000105  0.000003   56.58
   780    299.103794    209    -74.907734  0.000360    -74.910111  0.000018    1.000104  0.000003   57.40
   800    299.094356    213    -74.907701  0.000353    -74.910109  0.000018    1.000104  0.000003   58.23
   820    299.087024    220    -74.907682  0.000350    -74.910106  0.000018    1.000105  0.000003   59.06
   840    299.077693    224    -74.907730  0.000348    -74.910113  0.000018    1.000104  0.000003   59.88
   860    299.073371    229    -74.907811  0.000351    -74.910118  0.000018    1.000103  0.000003   60.70
   880    299.067604    233    -74.907759  0.000346    -74.910115  0.000018    1.000104  0.000003   61.53
   900    299.060999    240    -74.907729  0.000340    -74.910116  0.000017    1.000105  0.000003   62.36
   920    299.055157    250    -74.907764  0.000335    -74.910117  0.000017    1.000105  0.000003   63.19
   940    299.053342    253    -74.907748  0.000326    -74.910118  0.000017    1.000105  0.000003   64.02
   960    299.051251    254    -74.907716  0.000323    -74.910120  0.000017    1.000105  0.000003   64.84
   980    299.044499    261    -74.907711  0.000315    -74.910118  0.000016    1.000105  0.000003   65.67
  1000    299.037006    269    -74.907626  0.000317    -74.910118  0.000016    1.000106  0.000003   66.50
---------------------------------------------- Post Propagation ----------------------------------------------
Total number of samples 1000
Raw AFQMC/HF (Guide) energy:           -74.907626 ± 0.000317
Raw Trial/Guide overlap ratio:          1.000106 ± 0.000003
Raw AFQMC/pt2CCSD energy (covariance): -74.910118 ± 0.000016
Raw AFQMC/pt2CCSD energy (dir sample): -74.910118 ± 0.000012
--------------------------------------------- Clean Obeservation ---------------------------------------------
removing energies outside zeta > 30
Outlier energy bound [-74.918507, -74.901561]
Removed 0 outliers with energies []
Clean AFQMC/pt2CCSD overlap ratio:        1.000106 ± 0.000003
Clean AFQMC/pt2CCSD energy (covariance): -74.910118 ± 0.000016
Clean AFQMC/ptCCSD energy (dir sample):  -74.910118 ± 0.000012
--------------------------------------------- Blocking Analysis ----------------------------------------------
nsample = 1000, max_block_size = 25, min_nblocks = 40
   B    NB    NS  Observable     Error    dError
   1  1000  1000    1.000106  0.000001  0.000000
   2   500  1000    1.000106  0.000002  0.000000
   3   333   999    1.000106  0.000002  0.000000
   4   250  1000    1.000106  0.000002  0.000000
   5   200  1000    1.000106  0.000002  0.000000
   6   166   996    1.000106  0.000002  0.000000
   7   142   994    1.000106  0.000002  0.000000
   8   125  1000    1.000106  0.000002  0.000000
   9   111   999    1.000106  0.000002  0.000000
  10   100  1000    1.000106  0.000002  0.000000
  11    90   990    1.000105  0.000002  0.000000
  12    83   996    1.000106  0.000002  0.000000
  13    76   988    1.000105  0.000002  0.000000
  14    71   994    1.000106  0.000002  0.000000
  15    66   990    1.000105  0.000003  0.000000
  16    62   992    1.000106  0.000003  0.000000
  17    58   986    1.000105  0.000002  0.000000
  18    55   990    1.000105  0.000003  0.000000
  19    52   988    1.000105  0.000002  0.000000
  20    50  1000    1.000106  0.000002  0.000000
  21    47   987    1.000105  0.000003  0.000000
  22    45   990    1.000105  0.000002  0.000000
  23    43   989    1.000105  0.000002  0.000000
  24    41   984    1.000105  0.000003  0.000000
  25    40  1000    1.000106  0.000002  0.000000
Fit (variance): plateau_var = 5.980e-12 ± 2.834e-13
Fit (error):    plateau = 0.000002 ± 0.000000
     autocorrelation length ~ 3.2 blocks
     plateau reached at block size ~ 15
nclean = 1000, max_block_size = 25, min_nblocks = 40
Blk_SZ   NBlk   NSmp      Energy     Error    dError
     1   1000   1000  -74.910108  0.000012  0.000000
     2    500   1000  -74.910112  0.000013  0.000000
     3    333    999  -74.910113  0.000013  0.000001
     4    250   1000  -74.910114  0.000014  0.000001
     5    200   1000  -74.910115  0.000014  0.000001
     6    166    996  -74.910115  0.000014  0.000001
     7    142    994  -74.910114  0.000014  0.000001
     8    125   1000  -74.910116  0.000015  0.000001
     9    111    999  -74.910116  0.000015  0.000001
    10    100   1000  -74.910116  0.000014  0.000001
    11     90    990  -74.910115  0.000016  0.000001
    12     83    996  -74.910116  0.000015  0.000001
    13     76    988  -74.910117  0.000015  0.000001
    14     71    994  -74.910115  0.000015  0.000001
    15     66    990  -74.910116  0.000015  0.000001
    16     62    992  -74.910116  0.000016  0.000001
    17     58    986  -74.910117  0.000016  0.000001
    18     55    990  -74.910116  0.000016  0.000002
    19     52    988  -74.910117  0.000016  0.000002
    20     50   1000  -74.910117  0.000016  0.000002
    21     47    987  -74.910117  0.000016  0.000002
    22     45    990  -74.910116  0.000016  0.000002
    23     43    989  -74.910117  0.000015  0.000002
    24     41    984  -74.910117  0.000015  0.000002
    25     40   1000  -74.910117  0.000016  0.000002
Fit (variance): plateau_var = 2.461206e-10 ± 1.758049e-11
Fit (error):    plateau = 0.000016 ± 0.000001
     autocorrelation length ~ 5.5 blocks
     plateau reached at block size ~ 22
Final AFQMC/pt2CCSD overlap ratio: 1.000106 ± 0.000002
Final AFQMC/pt2CCSD energy: -74.910118 ± 0.000016
Total run time: 74.91
------------------------------------------ AFQMC Sampling Finished -------------------------------------------
