#INFO: **** input file is /work/hdd/bdka/yzhang65/w4_17/w4-17_all/afqmc_input/run_afqmc.py ****
import os
os.environ.setdefault("XLA_PYTHON_CLIENT_ALLOCATOR", "platform")

import jax
jax.config.update("jax_enable_x64", True)

import glob
import numpy as np
from pyscf import gto, scf, cc
from afqmc import prep, launch_afqmc
import re

def extract_afqmc_energy(filename):
    """Extract the final AFQMC/pt2CCSD energy and its uncertainty from an afqmc.out file.
    
    Returns (0, 0) if the value cannot be found or the file cannot be read.
    """
    pattern = re.compile(
        r"Final AFQMC/pt2CCSD energy:\s*"
        r"([-+]?\d*\.?\d+(?:[eE][-+]?\d+)?)"   # energy
        r"\s*(?:±|\+/-)\s*"
        r"([-+]?\d*\.?\d+(?:[eE][-+]?\d+)?)"   # error
    )
    try:
        with open(filename, "r", encoding="utf-8") as f:
            for line in f:
                m = pattern.search(line)
                if m:
                    return float(m.group(1)), float(m.group(2))
    except (OSError, IOError):
        pass
    return 0, 0

# basis = "ccpvdz"
xyz_dir = "../w4_17_xyz/atom"
results_file = f"./atom_uhf_vdzsd.dat"
out_dir = "../result/atom/"
os.makedirs(out_dir, exist_ok=True)

# Set to a list of molecule names to run only those, e.g. ["acetaldehyde", "benzene"]
# Set to None to run all molecules in xyz_dir
select_molecules = None # ["al","b","c","cl","f","n","o","p","s","si"]
symmetry = False

def vdzsd(elem):
    if elem in ('H', 'He'):
        raw_basis = gto.basis.load('ccpvdz', elem)
        return [b for b in raw_basis if b[0] != 1]
    else:
        return gto.basis.load('ccpvdz', elem)

def get_vdzsd_basis(atoms):
    elems = {line.split()[0] for line in atoms.strip().splitlines() if line.strip()}
    basis_dict = {el: vdzsd(el) for el in elems}
    return basis_dict

all_xyz = sorted(glob.glob(os.path.join(xyz_dir, "*.xyz")))
if select_molecules is not None:
    select_set = set(select_molecules)
    xyz_files = [p for p in all_xyz if os.path.splitext(os.path.basename(p))[0] in select_set]
    missing = select_set - {os.path.splitext(os.path.basename(p))[0] for p in xyz_files}
    if missing:
        print(f"Warning: no .xyz file found for: {', '.join(sorted(missing))} in {xyz_dir}")
else:
    xyz_files = all_xyz

with open(results_file, "w") as out:
    out.write(f"{'Molecule':<16s} {'Charge':>6s} {'2S':>6s} {'frozen':>6s} "
              f"{'E_HF (Eh)':>20s} {'E_CCSD (Eh)':>20s} {'E_CCSD(T) (Eh)':>20s} "
              f"{'E_AFQMC (Eh)':>15s} {'E_AFQMC ERR (Eh)':>15s} \n")
    #out.write("-" * 100 + "\n")

for xyz_path in xyz_files:
    with open(xyz_path, "r") as f:
        lines = f.readlines()

    # Parse charge and multiplicity from second line: "name charge=X mult=Y"
    second_line = lines[1]
    charge = int(second_line.split("charge=")[1].split()[0])
    mult   = int(second_line.split("mult=")[1].split()[0])
    spin   = mult - 1   # PySCF spin input is 2S = mult - 1
    mol_name = second_line.split()[0]

    # Coordinates only (skip the atom count and comment lines)
    atoms = "".join(lines[2:])
    basis_dict = get_vdzsd_basis(atoms)

    print(f"\n{'='*60}")
    print(f"Running: {mol_name}  charge={charge}  spin={spin}")
    print(f"{'='*60}")

    mol = gto.M(
        atom=atoms,
        basis=basis_dict,
        verbose=4,
        output=os.path.join(out_dir, f"{mol_name}_vdzsd.out"),
        unit="angstrom",
        symmetry=symmetry,
        charge=charge,
        spin=spin,
        max_memory=40000,
    )

    mf = scf.UHF(mol)
    mf.max_cycle = 200
    mf = mf.newton()
    mf.kernel()

    if mol_name == "h":
        with open(results_file, "a") as out:
            out.write(f"{mol_name:<16s} {charge:>6d} {spin:>6d} {'N/A':>6s} "
                      f"{mf.e_tot:>20.10f} {mf.e_tot:>20.10f} {mf.e_tot:>20.10f} "
                      f"{mf.e_tot:>15.5f} {0.00000:>15.5f} \n")
        continue

    # Stability check loop — at most 10 attempts
    max_stability_cycles = 10
    stable = False
    for stability_iter in range(max_stability_cycles):
        mo_i, _, stable, _ = mf.stability(return_status=True)
        if stable:
            break
        dm = mf.make_rdm1(mo_i, mf.mo_occ)
        mf.kernel(dm0=dm)

    if not stable or not mf.converged:
        print(f"  !! SCF did not converge for {mol_name} — skipping.")
        with open(results_file, "a") as out:
            out.write(f"{mol_name:<16s} {charge:>6d} {spin:>6d} {'N/A':>6s} "
                      f"{'UNCONVERGED':>20s} {'UNCONVERGED':>20s} {'UNCONVERGED':>20s}\n")
        continue

    energy = mf.e_tot

    mycc = cc.CCSD(mf)
    mycc.set_frozen()
    mycc.kernel()
    e_ccsd = mycc.e_tot
    et = mycc.ccsd_t()
    e_ccsdt = e_ccsd + et
    frozen = mycc.frozen

    prep.prep_afqmc(mycc, chol_cut=1e-5)
    options = {'n_eql': 120,
               'n_blocks': 1000,
               'n_walkers': 300,
               'dt':0.005,
               'max_error': 0.0,
               #'nchol_chunk': 200,
               'seed': 17,
               'walker_type': 'uhf',
               'trial': 'uccsd_pt2',
               'free_projection': False,
               'use_gpu': True,
               }
    launch_afqmc.run_afqmc(options)
    afqmc_file = os.path.join(out_dir, f'{mol_name}_afqmc_vdzsd.out')
    os.system(f"mv afqmc.out {afqmc_file}")
    eqmc, eqmc_err = extract_afqmc_energy(f"{afqmc_file}")

    with open(results_file, "a") as out:
        out.write(f"{mol_name:<16s} {charge:>6d} {spin:>6d} {frozen:>6d} "
                  f"{energy:>20.10f} {e_ccsd:>20.10f} {e_ccsdt:>20.10f}"
                  f"{eqmc:>15.5f} {eqmc_err:>15.5f} \n")

    print(f"  => E_HF({mol_name})      = {energy:.10f} Eh")
    print(f"  => E_CCSD({mol_name})    = {e_ccsd:.10f} Eh")
    print(f"  => E_CCSD(T)({mol_name}) = {e_ccsdt:.10f} Eh")
    print(f"  => E_AFQMC({mol_name})   = {eqmc:.5f} +/- {eqmc_err:.5f} Eh")

print(f"\nAll calculations complete. Results saved to {results_file}")
#INFO: ******************** input file end ********************


System: uname_result(system='Linux', node='gpua081.delta.ncsa.illinois.edu', release='5.14.0-427.91.1.el9_4.x86_64', version='#1 SMP PREEMPT_DYNAMIC Wed Sep 17 10:08:59 EDT 2025', machine='x86_64')  Threads 16
Python 3.11.14 (main, Oct 21 2025, 18:31:21) [GCC 11.2.0]
numpy 2.3.5  scipy 1.16.3  h5py 3.15.1
Date: Mon May 18 21:55:41 2026
PySCF version 2.11.0
PySCF path  /u/yzhang65/myprojects/software/pyscf
GIT HEAD (branch master) f520f5381c0b41f716d847009817cbc64e52c0d5

[ENV] PYSCF_TMPDIR /projects/bdka/yzhang65/scratch/pyscf
[ENV] PYSCF_EXT_PATH /u/yzhang65/myprojects/software/pyscf-forge
[CONFIG] conf_file None
[INPUT] verbose = 4
[INPUT] num. atoms = 1
[INPUT] num. electrons = 14
[INPUT] charge = 0
[INPUT] spin (= nelec alpha-beta = 2S) = 2
[INPUT] symmetry False subgroup None
[INPUT] Mole.unit = angstrom
[INPUT] Symbol           X                Y                Z      unit          X                Y                Z       unit  Magmom
[INPUT]  1 Si     0.000000000000   0.000000000000   0.000000000000 AA    0.000000000000   0.000000000000   0.000000000000 Bohr   0.0

nuclear repulsion = 0
number of shells = 5
number of NR pGTOs = 41
number of NR cGTOs = 18
basis = {'Si': [[0, [78860.0, 0.000270443, -7.23177e-05, 1.85113e-05], [11820.0, 0.00209717, -0.000555116, 0.000142236], [2692.0, 0.0108506, -0.00293805, 0.000752185], [763.4, 0.0436754, -0.0117687, 0.00302279], [249.6, 0.137653, -0.0402907, 0.0103677], [90.28, 0.316644, -0.100609, 0.0262563], [35.29, 0.418581, -0.196528, 0.0523989], [14.51, 0.210212, -0.102382, 0.0290959], [4.053, 0.0144952, 0.52719, -0.178003], [1.482, -0.0020359, 0.593251, -0.346874], [0.2517, 0.000624186, 0.0332652, 0.62302]], [0, [0.09243, 1.0]], [1, [315.9, 0.00392656, -0.000858302], [74.42, 0.0298811, -0.00630328], [23.48, 0.127212, -0.0288255], [8.488, 0.320943, -0.069456], [3.217, 0.455429, -0.119493], [1.229, 0.268563, -0.0199581], [0.2964, 0.0188336, 0.510268]], [1, [0.08768, 1.0]], [2, [0.275, 1.0]]]}
ecp = {}
CPU time:        85.24




******** <class 'pyscf.soscf.newton_ah.SecondOrderUHF'> ********
method = SecondOrderUHF
initial guess = minao
damping factor = 0
level_shift factor = 0
DIIS = <class 'pyscf.scf.diis.CDIIS'>
diis_start_cycle = 1
diis_space = 8
diis_damp = 0
SCF conv_tol = 1e-09
SCF conv_tol_grad = None
SCF max_cycles = 200
direct_scf = True
direct_scf_tol = 1e-13
chkfile to save SCF result = /projects/bdka/yzhang65/scratch/pyscf/tmphzvmpe4l
max_memory 40000 MB (current use 892 MB)
number electrons alpha = 8  beta = 6
******** <class 'pyscf.scf.uhf.UHF'> Newton solver flags ********
SCF tol = 1e-09
conv_tol_grad = None
max. SCF cycles = 200
direct_scf = True
direct_scf_tol = 1e-13
chkfile to save SCF result = /projects/bdka/yzhang65/scratch/pyscf/tmphzvmpe4l
max_cycle_inner = 12
max_stepsize = 0.05
ah_start_tol = 1e+09
ah_level_shift = 0
ah_conv_tol = 1e-12
ah_lindep = 1e-14
ah_start_cycle = 1
ah_max_cycle = 40
ah_grad_trust_region = 2.5
kf_interval = 4
kf_trust_region = 5
canonicalization = True
max_memory 40000 MB (current use 892 MB)
Set conv_tol_grad to 3.16228e-05

WARN: alpha nocc = 8  HOMO -0.0524097683114497 >= LUMO -0.0524097683114492

  beta  nocc = 6  HOMO = -0.518956284074225  LUMO = -0.0524097683114497

WARN: system HOMO -0.0524097683114497 >= system LUMO -0.0524097683114497

Initial guess E= -288.83585589005  |g|= 0.0920404
macro= 0  E= -288.850076566678  delta_E= -0.0142207  |g|= 9.94914e-05  3 KF 11 JK
macro= 1  E= -288.850076566679  delta_E= -5.68434e-14  |g|= 4.00978e-06  1 KF 2 JK
Canonicalize SCF orbitals
macro X = 2  E=-288.850076566679  |g|= 4.00978e-06  total 5 KF 16 JK
converged SCF energy = -288.850076566679  <S^2> = 2.0109506  2S+1 = 3.0072916
uhf_internal: lowest eigs of H = [8.33069668e-07 6.19157399e-06 1.34952679e-01]
<class 'pyscf.soscf.newton_ah.SecondOrderUHF'> wavefunction is stable in the internal stability analysis

******** <class 'pyscf.cc.uccsd.UCCSD'> ********
CC2 = 0
CCSD nocc = (np.int64(3), np.int64(1)), nmo = (13, 13)
frozen orbitals 5
max_cycle = 50
direct = 0
conv_tol = 1e-07
conv_tol_normt = 1e-06
diis_space = 6
diis_start_cycle = 0
diis_start_energy_diff = 1e+09
max_memory 40000 MB (current use 888 MB)
Init t2, MP2 energy = -0.0449367448049238
Init E_corr(UCCSD) = -0.044936744820192
cycle = 1  E_corr(UCCSD) = -0.057885240834375  dE = -0.012948496  norm(t1,t2) = 0.0556169
cycle = 2  E_corr(UCCSD) = -0.0617370600488885  dE = -0.00385181921  norm(t1,t2) = 0.0214278
cycle = 3  E_corr(UCCSD) = -0.0640035378888361  dE = -0.00226647784  norm(t1,t2) = 0.00985504
cycle = 4  E_corr(UCCSD) = -0.063996651018615  dE = 6.88687022e-06  norm(t1,t2) = 0.00191409
cycle = 5  E_corr(UCCSD) = -0.0640206775134445  dE = -2.40264948e-05  norm(t1,t2) = 0.000314644
cycle = 6  E_corr(UCCSD) = -0.0640125045492973  dE = 8.17296415e-06  norm(t1,t2) = 4.48492e-05
cycle = 7  E_corr(UCCSD) = -0.0640158738550421  dE = -3.36930574e-06  norm(t1,t2) = 1.06095e-05
cycle = 8  E_corr(UCCSD) = -0.0640151318730675  dE = 7.41981975e-07  norm(t1,t2) = 2.76764e-06
cycle = 9  E_corr(UCCSD) = -0.0640151307527856  dE = 1.12028183e-09  norm(t1,t2) = 3.04049e-07
UCCSD converged
E(UCCSD) = -288.9140916974313  E_corr = -0.06401513075278563
UCCSD(T) correction = -0.000997457092610741
