------------------------------------------- AFQMC Sampling Started -------------------------------------------
Hostname: gpua016.delta.ncsa.illinois.edu
System Type: Linux
Machine Type: x86_64
Processor: x86_64
Using GPU.
System: Linux
Node Name: gpua016.delta.ncsa.illinois.edu
Release: 5.14.0-427.91.1.el9_4.x86_64
Version: #1 SMP PREEMPT_DYNAMIC Wed Sep 17 10:08:59 EDT 2025
Machine: x86_64
Processor: x86_64
Decomposing Unrestricted T2 amplitudes
Throw 0 vectors in T2 deomposition
SVD cutoff = 1.00e-08 | error = 2.95e-15
number of T2 decomposition vectors 684
norb: 47
nelec: (9, 9)
n_eql: 120
n_blocks: 1000
n_walkers: 300
dt: 0.005
max_error: 0.0
seed: 17
walker_type: uhf
trial: uccsd_pt2
free_projection: False
use_gpu: True
n_exp_terms: 6
n_prop_steps: 50
save_walkers: False
n_batch: 1
nchol_chunk: 100
mix_precision: True
initial AFQMC/pt2CCSD Energy is -153.373191
Propagating with 300 walkers
----------------------------------------------- Equilibration ------------------------------------------------
inv_T        weight  killW        energy   runTime
 0.00    300.000000      0   -152.914731     20.50
 3.00    305.727681      0   -153.376480     28.31
 6.00    307.584108      0   -153.430651     29.29
 9.00    306.968309      0   -153.382514     30.28
12.00    306.976859      0   -153.413527     31.27
15.00    306.266981      0   -153.388382     32.25
18.00    306.578690      0   -153.357976     33.24
21.00    307.277559      0   -153.436074     34.23
24.00    306.443333      0   -153.380879     35.22
27.00    306.357727      0   -153.396552     36.20
30.00    306.713026      0   -153.389586     37.19
---------------------------------------------- Sampling Blocks -----------------------------------------------
blocks        weight  killW       E_Guide     error       E_Trial     error     olp_T/G     error  Walltime
    20    306.449207      0   -153.390108  0.003782   -153.386069  0.000808    1.005683  0.000327   48.07
    40    305.675682      0   -153.386250  0.003716   -153.385979  0.000575    1.005863  0.000344   52.21
    60    305.071630      0   -153.388523  0.003641   -153.385975  0.000555    1.005957  0.000259   56.33
    80    304.525130      0   -153.386715  0.003729   -153.386069  0.000476    1.005637  0.000265   60.44
   100    304.078262      1   -153.390122  0.003742   -153.386658  0.000528    1.005476  0.000246   64.56
   120    303.645021      1   -153.390219  0.003153   -153.386757  0.000471    1.005517  0.000220   68.68
   140    303.274525      1   -153.390777  0.003101   -153.386866  0.000437    1.005458  0.000193   72.80
   160    303.003127      1   -153.393699  0.003039   -153.386881  0.000421    1.005350  0.000184   76.92
   180    302.706995      1   -153.394125  0.002870   -153.386995  0.000397    1.005432  0.000177   81.04
   200    302.464626      1   -153.393634  0.003018   -153.387048  0.000380    1.005413  0.000164   85.15
   220    302.226984      1   -153.392166  0.002858   -153.386973  0.000354    1.005419  0.000149   89.27
   240    302.017948      1   -153.391462  0.002697   -153.387048  0.000341    1.005370  0.000142   93.39
   260    301.849596      1   -153.391757  0.002584   -153.387109  0.000340    1.005378  0.000132   97.50
   280    301.677966      1   -153.391248  0.002365   -153.387167  0.000338    1.005346  0.000125  101.62
   300    301.545257      1   -153.392000  0.002239   -153.387288  0.000326    1.005336  0.000117  105.74
   320    301.414236      1   -153.391926  0.002224   -153.387285  0.000317    1.005307  0.000112  109.88
   340    301.291187      1   -153.391490  0.002132   -153.387371  0.000310    1.005348  0.000109  114.00
   360    301.190656      1   -153.391815  0.002024   -153.387293  0.000300    1.005357  0.000104  118.11
   380    301.091353      1   -153.391290  0.001953   -153.387239  0.000290    1.005365  0.000099  122.24
   400    301.006069      1   -153.391522  0.001902   -153.387242  0.000281    1.005343  0.000096  126.35
   420    300.932692      1   -153.393004  0.002175   -153.387660  0.000326    1.005287  0.000101  130.47
   440    300.861027      1   -153.392951  0.002104   -153.387629  0.000315    1.005289  0.000107  134.59
   460    300.791098      1   -153.392299  0.002059   -153.387537  0.000304    1.005285  0.000105  138.70
   480    300.723253      1   -153.392011  0.001985   -153.387490  0.000295    1.005307  0.000102  142.82
   500    300.665728      1   -153.391777  0.001938   -153.387516  0.000285    1.005308  0.000098  146.93
   520    300.608783      1   -153.391334  0.001944   -153.387466  0.000277    1.005300  0.000094  151.06
   540    300.552018      1   -153.390955  0.001925   -153.387455  0.000268    1.005268  0.000092  155.17
   560    300.507313      1   -153.391078  0.001839   -153.387404  0.000262    1.005228  0.000093  159.29
   580    300.464699      1   -153.391226  0.001797   -153.387267  0.000267    1.005209  0.000095  163.40
   600    300.433644      1   -153.392203  0.001988   -153.387412  0.000295    1.005220  0.000093  167.52
   620    300.396124      1   -153.392160  0.001954   -153.387344  0.000287    1.005228  0.000092  171.71
   640    300.353015      1   -153.391791  0.001931   -153.387347  0.000279    1.005262  0.000096  175.82
   660    300.319014      1   -153.391683  0.001871   -153.387390  0.000274    1.005269  0.000094  179.94
   680    300.289212      1   -153.391898  0.001834   -153.387384  0.000267    1.005260  0.000093  184.05
   700    300.264649      1   -153.392154  0.001807   -153.387385  0.000263    1.005268  0.000092  188.18
   720    300.238237      1   -153.392269  0.001768   -153.387404  0.000258    1.005252  0.000091  192.29
   740    300.206053      1   -153.391998  0.001735   -153.387415  0.000254    1.005273  0.000089  196.41
   760    300.183268      1   -153.391962  0.001697   -153.387419  0.000249    1.005273  0.000089  200.52
   780    300.157903      1   -153.391852  0.001658   -153.387478  0.000246    1.005261  0.000088  204.64
   800    300.137528      1   -153.391820  0.001661   -153.387488  0.000241    1.005261  0.000085  208.75
   820    300.114129      1   -153.391870  0.001621   -153.387527  0.000238    1.005230  0.000089  212.87
   840    300.096153      1   -153.391968  0.001594   -153.387552  0.000236    1.005223  0.000088  216.99
   860    300.077064      1   -153.391930  0.001594   -153.387596  0.000232    1.005228  0.000088  221.10
   880    300.059170      1   -153.391978  0.001554   -153.387617  0.000231    1.005241  0.000086  225.22
   900    300.040381      3   -153.392014  0.001518   -153.387619  0.000227    1.005211  0.000087  229.39
   920    300.019807      3   -153.391865  0.001482   -153.387625  0.000224    1.005227  0.000089  233.51
   940    300.002502      3   -153.391974  0.001452   -153.387626  0.000221    1.005222  0.000089  237.64
   960    299.985618      3   -153.392138  0.001431   -153.387670  0.000219    1.005205  0.000090  241.76
   980    299.966385      3   -153.392059  0.001431   -153.387662  0.000216    1.005202  0.000090  245.87
  1000    299.948865      3   -153.391885  0.001403   -153.387637  0.000213    1.005192  0.000088  249.99
---------------------------------------------- Post Propagation ----------------------------------------------
Total number of samples 1000
Raw AFQMC/HF (Guide) energy:           -153.391885 ± 0.001403
Raw Trial/Guide overlap ratio:          1.005192 ± 0.000088
Raw AFQMC/pt2CCSD energy (covariance): -153.387637 ± 0.000213
Raw AFQMC/pt2CCSD energy (dir sample): -153.387637 ± 0.000167
--------------------------------------------- Clean Obeservation ---------------------------------------------
removing energies outside zeta > 30
Outlier energy bound [-153.506384, -153.266916]
Removed 0 outliers with energies []
Clean AFQMC/pt2CCSD overlap ratio:        1.005192 ± 0.000088
Clean AFQMC/pt2CCSD energy (covariance): -153.387637 ± 0.000213
Clean AFQMC/ptCCSD energy (dir sample):  -153.387637 ± 0.000167
--------------------------------------------- Blocking Analysis ----------------------------------------------
nsample = 1000, max_block_size = 25, min_nblocks = 40
   B    NB    NS  Observable     Error    dError
   1  1000  1000    1.005192  0.000033  0.000001
   2   500  1000    1.005191  0.000043  0.000001
   3   333   999    1.005192  0.000050  0.000002
   4   250  1000    1.005191  0.000056  0.000003
   5   200  1000    1.005191  0.000058  0.000003
   6   166   996    1.005193  0.000063  0.000003
   7   142   994    1.005193  0.000064  0.000004
   8   125  1000    1.005191  0.000068  0.000004
   9   111   999    1.005192  0.000070  0.000005
  10   100  1000    1.005191  0.000070  0.000005
  11    90   990    1.005194  0.000073  0.000005
  12    83   996    1.005193  0.000075  0.000006
  13    76   988    1.005196  0.000076  0.000006
  14    71   994    1.005193  0.000076  0.000006
  15    66   990    1.005194  0.000077  0.000007
  16    62   992    1.005194  0.000078  0.000007
  17    58   986    1.005196  0.000081  0.000008
  18    55   990    1.005194  0.000080  0.000008
  19    52   988    1.005196  0.000077  0.000008
  20    50  1000    1.005191  0.000082  0.000008
  21    47   987    1.005196  0.000086  0.000009
  22    45   990    1.005194  0.000085  0.000009
  23    43   989    1.005196  0.000081  0.000009
  24    41   984    1.005197  0.000088  0.000010
  25    40  1000    1.005191  0.000085  0.000010
Fit (variance): plateau_var = 7.014e-09 ± 5.841e-10
Fit (error):    plateau = 0.000084 ± 0.000003
     autocorrelation length ~ 7.6 blocks
     plateau reached at block size ~ 35
     !!!Failed to reach plateau in blocking
     Return max block error
nclean = 1000, max_block_size = 25, min_nblocks = 40
Blk_SZ   NBlk   NSmp      Energy     Error    dError
     1   1000   1000  -153.387396  0.000167  0.000004
     2    500   1000  -153.387458  0.000186  0.000006
     3    333    999  -153.387478  0.000189  0.000007
     4    250   1000  -153.387503  0.000198  0.000009
     5    200   1000  -153.387523  0.000198  0.000010
     6    166    996  -153.387521  0.000198  0.000011
     7    142    994  -153.387536  0.000206  0.000012
     8    125   1000  -153.387549  0.000225  0.000014
     9    111    999  -153.387548  0.000229  0.000015
    10    100   1000  -153.387571  0.000209  0.000015
    11     90    990  -153.387586  0.000230  0.000017
    12     83    996  -153.387567  0.000215  0.000017
    13     76    988  -153.387593  0.000247  0.000020
    14     71    994  -153.387582  0.000229  0.000019
    15     66    990  -153.387599  0.000246  0.000022
    16     62    992  -153.387601  0.000228  0.000021
    17     58    986  -153.387615  0.000220  0.000021
    18     55    990  -153.387608  0.000239  0.000023
    19     52    988  -153.387612  0.000248  0.000025
    20     50   1000  -153.387589  0.000249  0.000025
    21     47    987  -153.387620  0.000246  0.000026
    22     45    990  -153.387618  0.000236  0.000025
    23     43    989  -153.387615  0.000217  0.000024
    24     41    984  -153.387624  0.000226  0.000025
    25     40   1000  -153.387596  0.000253  0.000029
Fit (variance): plateau_var = 5.701139e-08 ± 5.043270e-09
Fit (error):    plateau = 0.000239 ± 0.000011
     autocorrelation length ~ 7.1 blocks
     plateau reached at block size ~ 29
     !!!Failed to reach plateau in blocking
     Return max block error
Final AFQMC/pt2CCSD overlap ratio: 1.005192 ± 0.000088
Final AFQMC/pt2CCSD energy: -153.387637 ± 0.000253
Total run time: 259.43
------------------------------------------ AFQMC Sampling Finished -------------------------------------------
