------------------------------------------- AFQMC Sampling Started -------------------------------------------
Hostname: gpua016.delta.ncsa.illinois.edu
System Type: Linux
Machine Type: x86_64
Processor: x86_64
Using GPU.
System: Linux
Node Name: gpua016.delta.ncsa.illinois.edu
Release: 5.14.0-427.91.1.el9_4.x86_64
Version: #1 SMP PREEMPT_DYNAMIC Wed Sep 17 10:08:59 EDT 2025
Machine: x86_64
Processor: x86_64
Decomposing Unrestricted T2 amplitudes
Throw 0 vectors in T2 deomposition
SVD cutoff = 1.00e-08 | error = 2.05e-15
number of T2 decomposition vectors 960
norb: 52
nelec: (12, 12)
n_eql: 120
n_blocks: 1000
n_walkers: 300
dt: 0.005
max_error: 0.0
seed: 17
walker_type: uhf
trial: uccsd_pt2
free_projection: False
use_gpu: True
n_exp_terms: 6
n_prop_steps: 50
save_walkers: False
n_batch: 1
nchol_chunk: 100
mix_precision: True
initial AFQMC/pt2CCSD Energy is -1621.139701
Propagating with 300 walkers
----------------------------------------------- Equilibration ------------------------------------------------
inv_T        weight  killW        energy   runTime
 0.00    300.000000      0  -1620.651480     11.65
 3.00    307.465795      0  -1621.151769     18.48
 6.00    306.485135      0  -1621.156807     19.74
 9.00    307.280920      0  -1621.170426     21.00
12.00    306.403139      0  -1621.123529     22.27
15.00    306.948625      0  -1621.148015     23.53
18.00    307.141639      0  -1621.164043     24.79
21.00    306.793116      0  -1621.162112     26.05
24.00    306.339519      0  -1621.144359     27.31
27.00    306.975280      0  -1621.178164     28.57
30.00    306.820121      0  -1621.157125     29.84
---------------------------------------------- Sampling Blocks -----------------------------------------------
blocks        weight  killW       E_Guide     error       E_Trial     error     olp_T/G     error  Walltime
    20    306.698109      1  -1621.151674  0.005700  -1621.151458  0.000388    1.002395  0.000409   41.76
    40    305.960878      1  -1621.149964  0.004401  -1621.151517  0.000412    1.002967  0.000415   47.77
    60    305.335926      1  -1621.152341  0.003430  -1621.151409  0.000365    1.003125  0.000323   53.78
    80    304.726162      1  -1621.150061  0.002799  -1621.151145  0.000303    1.003307  0.000247   59.83
   100    304.276231      1  -1621.151881  0.002464  -1621.151453  0.000276    1.003119  0.000238   65.84
   120    303.847832      1  -1621.152547  0.002108  -1621.151373  0.000243    1.003084  0.000201   71.85
   140    303.496761      1  -1621.153633  0.002299  -1621.151518  0.000234    1.003170  0.000179   77.86
   160    303.157893      1  -1621.154066  0.002211  -1621.151567  0.000224    1.003218  0.000165   83.87
   180    302.854588      1  -1621.154293  0.002059  -1621.151580  0.000210    1.003315  0.000162   90.99
   200    302.589823      1  -1621.154604  0.001906  -1621.151502  0.000198    1.003270  0.000150   97.00
   220    302.354560      1  -1621.154110  0.001787  -1621.151377  0.000186    1.003234  0.000138  103.01
   240    302.138069      1  -1621.153907  0.001652  -1621.151379  0.000179    1.003177  0.000134  110.10
   260    301.946852      1  -1621.153430  0.001574  -1621.151494  0.000174    1.003102  0.000136  116.10
   280    301.783990      1  -1621.153945  0.001511  -1621.151542  0.000169    1.003105  0.000127  122.15
   300    301.620767      1  -1621.153262  0.001534  -1621.151461  0.000162    1.003127  0.000119  128.16
   320    301.485958      1  -1621.153616  0.001457  -1621.151509  0.000157    1.003099  0.000116  134.17
   340    301.359180      1  -1621.153395  0.001390  -1621.151554  0.000153    1.003100  0.000112  140.18
   360    301.243447      1  -1621.153232  0.001320  -1621.151516  0.000147    1.003060  0.000106  146.19
   380    301.143682      1  -1621.153276  0.001256  -1621.151462  0.000142    1.003065  0.000101  152.20
   400    301.046601      1  -1621.153038  0.001207  -1621.151469  0.000139    1.003041  0.000098  158.21
   420    300.965969      1  -1621.153044  0.001190  -1621.151395  0.000138    1.003090  0.000099  164.21
   440    300.894540      1  -1621.153530  0.001190  -1621.151434  0.000135    1.003108  0.000097  170.21
   460    300.824322      1  -1621.153339  0.001146  -1621.151490  0.000133    1.003119  0.000095  176.21
   480    300.756823      1  -1621.152962  0.001228  -1621.151457  0.000129    1.003155  0.000098  182.25
   500    300.690202      1  -1621.152659  0.001199  -1621.151496  0.000126    1.003166  0.000097  188.25
   520    300.631743      1  -1621.152558  0.001160  -1621.151507  0.000123    1.003162  0.000093  194.26
   540    300.576247      1  -1621.152549  0.001117  -1621.151535  0.000120    1.003192  0.000093  200.27
   560    300.525536      1  -1621.152605  0.001114  -1621.151508  0.000117    1.003206  0.000092  206.28
   580    300.474883      1  -1621.152338  0.001100  -1621.151553  0.000116    1.003210  0.000090  212.29
   600    300.432743      1  -1621.152174  0.001094  -1621.151533  0.000114    1.003226  0.000093  218.29
   620    300.392803      1  -1621.152216  0.001076  -1621.151536  0.000112    1.003266  0.000097  224.30
   640    300.357717      1  -1621.152224  0.001046  -1621.151547  0.000110    1.003275  0.000095  230.31
   660    300.327462      1  -1621.152346  0.001025  -1621.151547  0.000109    1.003285  0.000091  236.31
   680    300.292573      1  -1621.152306  0.000997  -1621.151516  0.000107    1.003301  0.000097  242.34
   700    300.261526      2  -1621.152125  0.000977  -1621.151504  0.000106    1.003311  0.000095  248.34
   720    300.232554      2  -1621.152241  0.000954  -1621.151537  0.000105    1.003329  0.000095  254.35
   740    300.204304      2  -1621.152244  0.000933  -1621.151517  0.000103    1.003318  0.000094  260.35
   760    300.178854      2  -1621.152434  0.000996  -1621.151529  0.000103    1.003294  0.000092  266.35
   780    300.153840      2  -1621.152516  0.000975  -1621.151566  0.000102    1.003289  0.000093  272.35
   800    300.132205      2  -1621.152697  0.000962  -1621.151555  0.000101    1.003283  0.000090  278.35
   820    300.114151      2  -1621.152930  0.000963  -1621.151568  0.000099    1.003260  0.000090  284.36
   840    300.094464      2  -1621.153162  0.001011  -1621.151580  0.000098    1.003259  0.000088  290.36
   860    300.080391      2  -1621.153649  0.001118  -1621.151615  0.000109    1.003260  0.000088  296.36
   880    300.060372      2  -1621.153605  0.001165  -1621.151609  0.000107    1.003272  0.000086  302.40
   900    300.044421      2  -1621.153632  0.001136  -1621.151626  0.000105    1.003265  0.000084  308.41
   920    300.025651      2  -1621.153534  0.001129  -1621.151613  0.000104    1.003253  0.000083  314.42
   940    300.009323      2  -1621.153559  0.001111  -1621.151607  0.000103    1.003241  0.000083  320.42
   960    299.994156      3  -1621.153742  0.001094  -1621.151586  0.000103    1.003211  0.000085  326.43
   980    299.979778      3  -1621.153795  0.001081  -1621.151587  0.000101    1.003225  0.000085  332.44
  1000    299.963913      3  -1621.153839  0.001062  -1621.151606  0.000101    1.003212  0.000084  338.46
---------------------------------------------- Post Propagation ----------------------------------------------
Total number of samples 1000
Raw AFQMC/HF (Guide) energy:           -1621.153839 ± 0.001062
Raw Trial/Guide overlap ratio:          1.003212 ± 0.000084
Raw AFQMC/pt2CCSD energy (covariance): -1621.151606 ± 0.000101
Raw AFQMC/pt2CCSD energy (dir sample): -1621.151606 ± 0.000078
--------------------------------------------- Clean Obeservation ---------------------------------------------
removing energies outside zeta > 30
Outlier energy bound [-1621.219768, -1621.083056]
Removed 0 outliers with energies []
Clean AFQMC/pt2CCSD overlap ratio:        1.003212 ± 0.000084
Clean AFQMC/pt2CCSD energy (covariance): -1621.151606 ± 0.000101
Clean AFQMC/ptCCSD energy (dir sample):  -1621.151606 ± 0.000078
--------------------------------------------- Blocking Analysis ----------------------------------------------
nsample = 1000, max_block_size = 25, min_nblocks = 40
   B    NB    NS  Observable     Error    dError
   1  1000  1000    1.003212  0.000027  0.000001
   2   500  1000    1.003212  0.000037  0.000001
   3   333   999    1.003213  0.000044  0.000002
   4   250  1000    1.003212  0.000049  0.000002
   5   200  1000    1.003212  0.000054  0.000003
   6   166   996    1.003217  0.000058  0.000003
   7   142   994    1.003220  0.000060  0.000004
   8   125  1000    1.003212  0.000064  0.000004
   9   111   999    1.003213  0.000067  0.000005
  10   100  1000    1.003212  0.000068  0.000005
  11    90   990    1.003226  0.000068  0.000005
  12    83   996    1.003217  0.000071  0.000006
  13    76   988    1.003227  0.000072  0.000006
  14    71   994    1.003220  0.000074  0.000006
  15    66   990    1.003226  0.000075  0.000007
  16    62   992    1.003224  0.000075  0.000007
  17    58   986    1.003228  0.000081  0.000008
  18    55   990    1.003226  0.000078  0.000008
  19    52   988    1.003227  0.000076  0.000008
  20    50  1000    1.003212  0.000084  0.000008
  21    47   987    1.003228  0.000081  0.000008
  22    45   990    1.003226  0.000079  0.000008
  23    43   989    1.003226  0.000082  0.000009
  24    41   984    1.003229  0.000084  0.000009
  25    40  1000    1.003212  0.000082  0.000009
Fit (variance): plateau_var = 7.349e-09 ± 7.647e-10
Fit (error):    plateau = 0.000086 ± 0.000004
     autocorrelation length ~ 10.1 blocks
     plateau reached at block size ~ 47
     !!!Failed to reach plateau in blocking
     Return max block error
nclean = 1000, max_block_size = 25, min_nblocks = 40
Blk_SZ   NBlk   NSmp      Energy     Error    dError
     1   1000   1000  -1621.151473  0.000078  0.000002
     2    500   1000  -1621.151510  0.000089  0.000003
     3    333    999  -1621.151526  0.000099  0.000004
     4    250   1000  -1621.151534  0.000099  0.000004
     5    200   1000  -1621.151540  0.000107  0.000005
     6    166    996  -1621.151561  0.000107  0.000006
     7    142    994  -1621.151558  0.000110  0.000007
     8    125   1000  -1621.151561  0.000104  0.000007
     9    111    999  -1621.151557  0.000107  0.000007
    10    100   1000  -1621.151565  0.000117  0.000008
    11     90    990  -1621.151573  0.000119  0.000009
    12     83    996  -1621.151571  0.000111  0.000009
    13     76    988  -1621.151580  0.000109  0.000009
    14     71    994  -1621.151582  0.000111  0.000009
    15     66    990  -1621.151578  0.000122  0.000011
    16     62    992  -1621.151583  0.000116  0.000011
    17     58    986  -1621.151574  0.000124  0.000012
    18     55    990  -1621.151579  0.000117  0.000011
    19     52    988  -1621.151578  0.000119  0.000012
    20     50   1000  -1621.151591  0.000117  0.000012
    21     47    987  -1621.151583  0.000114  0.000012
    22     45    990  -1621.151588  0.000118  0.000013
    23     43    989  -1621.151586  0.000108  0.000012
    24     41    984  -1621.151590  0.000118  0.000013
    25     40   1000  -1621.151591  0.000129  0.000015
Fit (variance): plateau_var = 1.334064e-08 ± 6.985724e-10
Fit (error):    plateau = 0.000116 ± 0.000003
     autocorrelation length ~ 3.7 blocks
     plateau reached at block size ~ 16
Final AFQMC/pt2CCSD overlap ratio: 1.003212 ± 0.000084
Final AFQMC/pt2CCSD energy: -1621.151606 ± 0.000116
Total run time: 347.71
------------------------------------------ AFQMC Sampling Finished -------------------------------------------
