#INFO: **** input file is /projects/yizh8382/projects/w4_17/w4-17_all/pyscf_input/run_pyscf_vdzsd.py ****
import os
import glob
import numpy as np
from pyscf import gto, scf, cc

# basis = "ccpvdz"
xyz_dir = "../w4_17_xyz/closed_shell"
results_file = f"../result/closed_shell_rhf_sym_vdzsd.dat"
out_dir = "../result/molout/closed_shell"
os.makedirs(out_dir, exist_ok=True)

# Set to a list of molecule names to run only those, e.g. ["acetaldehyde", "benzene"]
# Set to None to run all molecules in xyz_dir
select_molecules = None
symmetry = True

def vdzsd(elem):
    if elem in ('H', 'He'):
        raw_basis = gto.basis.load('ccpvdz', elem)
        return [b for b in raw_basis if b[0] != 1]
    else:
        return gto.basis.load('ccpvdz', elem)

def get_vdzsd_basis(atoms):
    elems = {line.split()[0] for line in atoms.strip().splitlines() if line.strip()}
    basis_dict = {el: vdzsd(el) for el in elems}
    return basis_dict

all_xyz = sorted(glob.glob(os.path.join(xyz_dir, "*.xyz")))
if select_molecules is not None:
    select_set = set(select_molecules)
    xyz_files = [p for p in all_xyz if os.path.splitext(os.path.basename(p))[0] in select_set]
    missing = select_set - {os.path.splitext(os.path.basename(p))[0] for p in xyz_files}
    if missing:
        print(f"Warning: no .xyz file found for: {', '.join(sorted(missing))} in {xyz_dir}")
else:
    xyz_files = all_xyz

with open(results_file, "w") as out:
    out.write(f"{'Molecule':<16s} {'Charge':>6s} {'2S':>6s} {'frozen':>6s} "
              f"{'E_RHF (Eh)':>20s} {'E_CCSD (Eh)':>20s} {'E_CCSD(T) (Eh)':>20s}\n")
    out.write("-" * 100 + "\n")

for xyz_path in xyz_files:
    with open(xyz_path, "r") as f:
        lines = f.readlines()

    # Parse charge and multiplicity from second line: "name charge=X mult=Y"
    second_line = lines[1]
    charge = int(second_line.split("charge=")[1].split()[0])
    mult   = int(second_line.split("mult=")[1].split()[0])
    spin   = mult - 1   # PySCF spin input is 2S = mult - 1
    mol_name = second_line.split()[0]

    # Coordinates only (skip the atom count and comment lines)
    atoms = "".join(lines[2:])
    basis_dict = get_vdzsd_basis(atoms)

    print(f"\n{'='*60}")
    print(f"Running: {mol_name}  charge={charge}  spin={spin}")
    print(f"{'='*60}")
    
    mol = gto.M(
        atom=atoms,
        basis=basis_dict,
        verbose=4,
        output=os.path.join(out_dir, f"{mol_name}_sym_vdzsd.out"),
        unit="angstrom",
        symmetry=symmetry,
        charge=charge,
        spin=spin,
        max_memory=40000,
    )

    mf = scf.RHF(mol)
    mf.max_cycle = 200
    mf = mf.newton()
    mf.kernel()

    # Stability check loop — at most 10 attempts
    max_stability_cycles = 10
    stable = False
    for stability_iter in range(max_stability_cycles):
        mo_i, _, stable, _ = mf.stability(return_status=True)
        if stable:
            break
        dm = mf.make_rdm1(mo_i, mf.mo_occ)
        mf.kernel(dm0=dm)

    if not stable or not mf.converged:
        print(f"  !! SCF did not converge for {mol_name} — skipping.")
        with open(results_file, "a") as out:
            out.write(f"{mol_name:<16s} {charge:>6d} {spin:>6d} {'N/A':>6s} "
                      f"{'UNCONVERGED':>20s} {'UNCONVERGED':>20s} {'UNCONVERGED':>20s}\n")
        continue

    energy = mf.e_tot

    mycc = cc.CCSD(mf)
    mycc.set_frozen()
    mycc.kernel()
    e_ccsd = mycc.e_tot
    et = mycc.ccsd_t()
    e_ccsdt = e_ccsd + et
    frozen = mycc.frozen

    with open(results_file, "a") as out:
        out.write(f"{mol_name:<16s} {charge:>6d} {spin:>6d} {frozen:>6d} "
                  f"{energy:>20.10f} {e_ccsd:>20.10f} {e_ccsdt:>20.10f}\n")

    print(f"  => E_RHF({mol_name})     = {energy:.10f} Eh")
    print(f"  => E_CCSD({mol_name})    = {e_ccsd:.10f} Eh")
    print(f"  => E_CCSD(T)({mol_name}) = {e_ccsdt:.10f} Eh")

print(f"\nAll calculations complete. Results saved to {results_file}")
#INFO: ******************** input file end ********************


System: uname_result(system='Linux', node='bnode0309.rc.int.colorado.edu', release='4.18.0-477.27.1.el8_8.x86_64', version='#1 SMP Thu Aug 31 10:29:22 EDT 2023', machine='x86_64')  Threads 28
Python 3.10.2 | packaged by conda-forge | (main, Mar  8 2022, 15:52:01) [GCC 9.4.0]
numpy 2.0.2  scipy 1.14.1  h5py 3.12.1
Date: Thu May 14 09:51:20 2026
PySCF version 2.9.0
PySCF path  /projects/yizh8382/tools/lno_pyscf_gcc
GIT HEAD (branch master) 142756584ed3963728cc1f6823286f4605811a6c

[ENV] PYSCF_TMPDIR /scratch/alpine/yizh8382/pyscf
[ENV] PYSCF_EXT_PATH /home/yizh8382/tools/pyscf-forge
[CONFIG] conf_file None
[INPUT] verbose = 4
[INPUT] num. atoms = 4
[INPUT] num. electrons = 40
[INPUT] charge = 0
[INPUT] spin (= nelec alpha-beta = 2S) = 0
[INPUT] symmetry True subgroup None
[INPUT] Mole.unit = angstrom
[INPUT] Symbol           X                Y                Z      unit          X                Y                Z       unit  Magmom
[INPUT]  1 Al     0.000000000000   0.000000000000   0.000000000000 AA    0.000000000000   0.000000000000   0.000000000000 Bohr   0.0
[INPUT]  2 F      0.000000000000   1.631766000000   0.000000000000 AA    0.000000000000   3.083590839377   0.000000000000 Bohr   0.0
[INPUT]  3 F      1.413150000000  -0.815883000000   0.000000000000 AA    2.670466472929  -1.541795419689   0.000000000000 Bohr   0.0
[INPUT]  4 F     -1.413150000000  -0.815883000000   0.000000000000 AA   -2.670466472929  -1.541795419689   0.000000000000 Bohr   0.0

nuclear repulsion = 159.32602009753
point group symmetry = D3h, use subgroup C2v
symmetry origin: [0. 0. 0.]
symmetry axis x: [ 1. -0. -0.]
symmetry axis y: [0. 0. 1.]
symmetry axis z: [-0. -1.  0.]
num. orbitals of irrep A1 = 26
num. orbitals of irrep A2 = 6
num. orbitals of irrep B1 = 17
num. orbitals of irrep B2 = 11
number of shells = 20
number of NR pGTOs = 119
number of NR cGTOs = 60
basis = {'Al': [[0, [64150.0, 0.00029025, -7.58048e-05, 1.75078e-05], [9617.0, 0.00225064, -0.000581791, 0.000134208], [2189.0, 0.0116459, -0.00308113, 0.000712442], [620.5, 0.0467377, -0.0123112, 0.0028433], [202.7, 0.146299, -0.0419781, 0.00976842], [73.15, 0.330283, -0.103371, 0.024185], [28.55, 0.415861, -0.196308, 0.0474993], [11.77, 0.189253, -0.0830002, 0.0203621], [3.3, 0.0115889, 0.54104, -0.158788], [1.173, -0.00128385, 0.578796, -0.311694], [0.1752, 0.000425883, 0.0288147, 0.620147]], [0, [0.06473, 1.0]], [1, [258.8, 0.00406847, -0.000748053], [60.89, 0.0306815, -0.00545796], [19.14, 0.129149, -0.0245371], [6.881, 0.320831, -0.0582138], [2.574, 0.453815, -0.0983756], [0.9572, 0.275066, -0.0260064], [0.2099, 0.0190807, 0.46402]], [1, [0.05986, 1.0]], [2, [0.189, 1.0]]], 'F': [[0, [14710.0, 0.000721, -0.000165], [2207.0, 0.005553, -0.001308], [502.8, 0.028267, -0.006495], [142.6, 0.106444, -0.026691], [46.47, 0.286814, -0.07369], [16.7, 0.448641, -0.170776], [6.356, 0.264761, -0.112327], [1.316, 0.015333, 0.562814]], [0, [0.3897, 1.0]], [1, [22.67, 0.044878], [4.977, 0.235718], [1.347, 0.508521]], [1, [0.3471, 1.0]], [2, [1.64, 1.0]]]}
ecp = {}
CPU time:       458.15
Freeze 0 electrons in irreps []
    40 free electrons in irreps A1 A2 B1 B2




******** <class 'pyscf.soscf.newton_ah.SecondOrderSymAdaptedRHF'> ********
method = SecondOrderSymAdaptedRHF
initial guess = minao
damping factor = 0
level_shift factor = 0
DIIS = <class 'pyscf.scf.diis.CDIIS'>
diis_start_cycle = 1
diis_space = 8
diis_damp = 0
SCF conv_tol = 1e-09
SCF conv_tol_grad = None
SCF max_cycles = 200
direct_scf = True
direct_scf_tol = 1e-13
chkfile to save SCF result = /scratch/alpine/yizh8382/pyscf/tmpnb579icn
max_memory 40000 MB (current use 581 MB)
******** <class 'pyscf.scf.hf_symm.SymAdaptedRHF'> Newton solver flags ********
SCF tol = 1e-09
conv_tol_grad = None
max. SCF cycles = 200
direct_scf = True
direct_scf_tol = 1e-13
chkfile to save SCF result = /scratch/alpine/yizh8382/pyscf/tmpnb579icn
max_cycle_inner = 12
max_stepsize = 0.05
ah_start_tol = 1e+09
ah_level_shift = 0
ah_conv_tol = 1e-12
ah_lindep = 1e-14
ah_start_cycle = 1
ah_max_cycle = 40
ah_grad_trust_region = 2.5
kf_interval = 4
kf_trust_region = 5
canonicalization = True
max_memory 40000 MB (current use 581 MB)
Set conv_tol_grad to 3.16228e-05
Initial guess from minao.
HOMO (B1) = -0.676113539411212  LUMO (A1) = -0.0726531292166656
Initial guess E= -540.348016532535  |g|= 0.776515
macro= 0  E= -540.453995969799  delta_E= -0.105979  |g|= 0.776515  2 KF 5 JK
macro= 1  E= -540.454926435243  delta_E= -0.000930465  |g|= 0.00381625  2 KF 8 JK
macro= 2  E= -540.454926435305  delta_E= -6.19593e-11  |g|= 1.44172e-05  1 KF 3 JK
Canonicalize SCF orbitals
macro X = 3  E=-540.454926435305  |g|= 1.44172e-05  total 6 KF 20 JK
converged SCF energy = -540.454926435305
rhf_internal: lowest eigs of H = [1.76092284 1.85996631 1.98880838]
<class 'pyscf.soscf.newton_ah.SecondOrderSymAdaptedRHF'> wavefunction is stable in the internal stability analysis

******** <class 'pyscf.cc.ccsd.CCSD'> ********
CC2 = 0
CCSD nocc = 12, nmo = 52
frozen orbitals 8
max_cycle = 50
direct = 0
conv_tol = 1e-07
conv_tol_normt = 1e-05
diis_space = 6
diis_start_cycle = 0
diis_start_energy_diff = 1e+09
max_memory 40000 MB (current use 594 MB)
Init t2, MP2 energy = -541.076905048451  E_corr(MP2) -0.621978613145751
Init E_corr(CCSD) = -0.621978613157452
cycle = 1  E_corr(CCSD) = -0.609909262634343  dE = 0.0120693505  norm(t1,t2) = 0.0638427
cycle = 2  E_corr(CCSD) = -0.623232018073048  dE = -0.0133227554  norm(t1,t2) = 0.0188795
cycle = 3  E_corr(CCSD) = -0.622830280985894  dE = 0.000401737087  norm(t1,t2) = 0.0116592
cycle = 4  E_corr(CCSD) = -0.624600444471758  dE = -0.00177016349  norm(t1,t2) = 0.00419196
cycle = 5  E_corr(CCSD) = -0.624605949385686  dE = -5.50491393e-06  norm(t1,t2) = 0.000671962
cycle = 6  E_corr(CCSD) = -0.624532700581135  dE = 7.32488046e-05  norm(t1,t2) = 0.000249739
cycle = 7  E_corr(CCSD) = -0.624527015157231  dE = 5.6854239e-06  norm(t1,t2) = 4.83789e-05
cycle = 8  E_corr(CCSD) = -0.624528243461933  dE = -1.2283047e-06  norm(t1,t2) = 1.73504e-05
cycle = 9  E_corr(CCSD) = -0.624529474239436  dE = -1.2307775e-06  norm(t1,t2) = 5.80274e-06
cycle = 10  E_corr(CCSD) = -0.624529396645345  dE = 7.75940905e-08  norm(t1,t2) = 1.45116e-06
CCSD converged
E(CCSD) = -541.0794558319507  E_corr = -0.6245293966453451
CCSD(T) correction = -0.00883770473942697
