------------------------------------------- AFQMC Sampling Started -------------------------------------------
Hostname: gpua016.delta.ncsa.illinois.edu
System Type: Linux
Machine Type: x86_64
Processor: x86_64
Using GPU.
System: Linux
Node Name: gpua016.delta.ncsa.illinois.edu
Release: 5.14.0-427.91.1.el9_4.x86_64
Version: #1 SMP PREEMPT_DYNAMIC Wed Sep 17 10:08:59 EDT 2025
Machine: x86_64
Processor: x86_64
Decomposing Unrestricted T2 amplitudes
Throw 0 vectors in T2 deomposition
SVD cutoff = 1.00e-08 | error = 2.23e-15
number of T2 decomposition vectors 960
norb: 52
nelec: (12, 12)
n_eql: 120
n_blocks: 1000
n_walkers: 300
dt: 0.005
max_error: 0.0
seed: 17
walker_type: uhf
trial: uccsd_pt2
free_projection: False
use_gpu: True
n_exp_terms: 6
n_prop_steps: 50
save_walkers: False
n_batch: 1
nchol_chunk: 100
mix_precision: True
initial AFQMC/pt2CCSD Energy is -541.079475
Propagating with 300 walkers
----------------------------------------------- Equilibration ------------------------------------------------
inv_T        weight  killW        energy   runTime
 0.00    300.000000      0   -540.454948     12.09
 3.00    309.285236      0   -541.102872     18.92
 6.00    309.573087      0   -541.109877     20.15
 9.00    308.947606      0   -541.063739     21.37
12.00    309.747221      0   -541.105263     22.59
15.00    309.657342      0   -541.109241     23.81
18.00    309.453415      0   -541.111082     25.04
21.00    309.287140      0   -541.109823     26.26
24.00    309.435876      0   -541.065552     27.48
27.00    308.475867      0   -541.085967     28.71
30.00    308.281332      0   -541.114502     29.93
---------------------------------------------- Sampling Blocks -----------------------------------------------
blocks        weight  killW       E_Guide     error       E_Trial     error     olp_T/G     error  Walltime
    20    309.038251      0   -541.100212  0.013906   -541.092440  0.001617    1.005268  0.000197   41.05
    40    308.037883      0   -541.101516  0.009795   -541.091448  0.001106    1.006546  0.000747   46.24
    60    307.153499      0   -541.100067  0.005831   -541.089927  0.000832    1.006408  0.000481   51.42
    80    306.441319      0   -541.100934  0.004772   -541.089709  0.000744    1.006230  0.000372   56.60
   100    305.752712      0   -541.097813  0.004311   -541.089959  0.000643    1.006265  0.000296   61.79
   120    305.154442      0   -541.094520  0.004106   -541.089647  0.000584    1.006316  0.000251   66.98
   140    304.639107      0   -541.093387  0.003820   -541.089390  0.000525    1.006161  0.000255   72.17
   160    304.220093      0   -541.093481  0.003374   -541.089303  0.000477    1.005925  0.000288   77.38
   180    303.850825      0   -541.092571  0.003071   -541.089381  0.000446    1.006034  0.000271   82.56
   200    303.515298      0   -541.092522  0.002931   -541.089369  0.000426    1.006173  0.000263   87.75
   220    303.231156      0   -541.092856  0.002669   -541.089227  0.000448    1.006097  0.000245   92.93
   240    302.983727      0   -541.093197  0.002535   -541.089204  0.000419    1.006087  0.000224   98.11
   260    302.723056      1   -541.092348  0.002482   -541.089210  0.000412    1.006048  0.000208  103.30
   280    302.512552      2   -541.092300  0.002328   -541.089144  0.000448    1.006129  0.000212  108.48
   300    302.317343      2   -541.091724  0.002209   -541.089161  0.000424    1.006173  0.000200  113.67
   320    302.148782      2   -541.091232  0.002126   -541.089228  0.000404    1.006198  0.000190  118.85
   340    302.003154      2   -541.091594  0.002050   -541.089387  0.000392    1.006172  0.000180  124.05
   360    301.862571      2   -541.091720  0.002034   -541.089408  0.000373    1.006139  0.000176  129.23
   380    301.730566      2   -541.091544  0.001965   -541.089447  0.000362    1.006094  0.000174  134.42
   400    301.613167      2   -541.091402  0.001936   -541.089531  0.000352    1.006061  0.000168  139.62
   420    301.514648      2   -541.091894  0.001952   -541.089470  0.000339    1.006073  0.000161  144.81
   440    301.421951      2   -541.092418  0.001935   -541.089576  0.000330    1.006050  0.000161  150.00
   460    301.330641      2   -541.092573  0.001904   -541.089622  0.000325    1.006128  0.000170  155.19
   480    301.225992      2   -541.091849  0.001919   -541.089593  0.000315    1.006163  0.000166  160.38
   500    301.152734      2   -541.092012  0.001839   -541.089566  0.000305    1.006108  0.000162  165.57
   520    301.077541      2   -541.091760  0.001775   -541.089497  0.000296    1.006094  0.000158  170.76
   540    301.011587      2   -541.092284  0.001738   -541.089788  0.000360    1.006030  0.000161  175.95
   560    300.942131      2   -541.091949  0.001711   -541.089689  0.000350    1.006041  0.000166  181.13
   580    300.883435      2   -541.092239  0.001664   -541.089703  0.000341    1.006078  0.000166  186.31
   600    300.834557      2   -541.092490  0.001662   -541.089743  0.000333    1.006088  0.000163  191.50
   620    300.786771      3   -541.092649  0.001625   -541.089807  0.000326    1.006074  0.000157  196.69
   640    300.738448      3   -541.092590  0.001591   -541.089878  0.000321    1.006099  0.000154  201.88
   660    300.690980      3   -541.092020  0.001602   -541.089887  0.000312    1.006134  0.000153  207.07
   680    300.657241      4   -541.092547  0.001634   -541.089984  0.000307    1.006135  0.000151  212.25
   700    300.625604      4   -541.092967  0.001679   -541.089954  0.000300    1.006159  0.000149  217.44
   720    300.589746      4   -541.093142  0.001621   -541.089963  0.000295    1.006182  0.000147  222.63
   740    300.555343      4   -541.093220  0.001588   -541.089913  0.000289    1.006189  0.000144  227.82
   760    300.519920      4   -541.093017  0.001643   -541.089948  0.000284    1.006180  0.000149  233.01
   780    300.484477      4   -541.092480  0.001669   -541.089921  0.000283    1.006214  0.000149  238.19
   800    300.457206      5   -541.092414  0.001635   -541.089947  0.000280    1.006202  0.000145  243.37
   820    300.432668      5   -541.092239  0.001598   -541.089977  0.000276    1.006185  0.000143  248.56
   840    300.403268      5   -541.092270  0.001564   -541.090068  0.000276    1.006199  0.000139  253.74
   860    300.379935      6   -541.092418  0.001534   -541.090075  0.000272    1.006186  0.000137  258.96
   880    300.357554      6   -541.092550  0.001519   -541.090106  0.000269    1.006208  0.000139  264.14
   900    300.335717      6   -541.092483  0.001486   -541.090117  0.000266    1.006184  0.000139  269.32
   920    300.312760      6   -541.092425  0.001456   -541.090080  0.000263    1.006168  0.000139  274.51
   940    300.292437      6   -541.092377  0.001430   -541.090082  0.000258    1.006193  0.000136  279.69
   960    300.274077      6   -541.092408  0.001450   -541.090142  0.000257    1.006197  0.000134  284.88
   980    300.252776      6   -541.092411  0.001450   -541.090168  0.000253    1.006214  0.000132  290.06
  1000    300.234437      6   -541.092535  0.001416   -541.090143  0.000250    1.006224  0.000130  295.25
---------------------------------------------- Post Propagation ----------------------------------------------
Total number of samples 1000
Raw AFQMC/HF (Guide) energy:           -541.092535 ± 0.001416
Raw Trial/Guide overlap ratio:          1.006224 ± 0.000130
Raw AFQMC/pt2CCSD energy (covariance): -541.090143 ± 0.000250
Raw AFQMC/pt2CCSD energy (dir sample): -541.090143 ± 0.000218
--------------------------------------------- Clean Obeservation ---------------------------------------------
removing energies outside zeta > 30
Outlier energy bound [-541.228320, -540.949477]
Removed 0 outliers with energies []
Clean AFQMC/pt2CCSD overlap ratio:        1.006224 ± 0.000130
Clean AFQMC/pt2CCSD energy (covariance): -541.090143 ± 0.000250
Clean AFQMC/ptCCSD energy (dir sample):  -541.090143 ± 0.000218
--------------------------------------------- Blocking Analysis ----------------------------------------------
nsample = 1000, max_block_size = 25, min_nblocks = 40
   B    NB    NS  Observable     Error    dError
   1  1000  1000    1.006224  0.000045  0.000001
   2   500  1000    1.006224  0.000059  0.000002
   3   333   999    1.006223  0.000069  0.000003
   4   250  1000    1.006224  0.000077  0.000003
   5   200  1000    1.006224  0.000084  0.000004
   6   166   996    1.006220  0.000090  0.000005
   7   142   994    1.006220  0.000095  0.000006
   8   125  1000    1.006224  0.000099  0.000006
   9   111   999    1.006223  0.000100  0.000007
  10   100  1000    1.006224  0.000104  0.000007
  11    90   990    1.006214  0.000110  0.000008
  12    83   996    1.006220  0.000110  0.000009
  13    76   988    1.006212  0.000111  0.000009
  14    71   994    1.006220  0.000117  0.000010
  15    66   990    1.006214  0.000120  0.000010
  16    62   992    1.006218  0.000117  0.000011
  17    58   986    1.006211  0.000121  0.000011
  18    55   990    1.006214  0.000119  0.000011
  19    52   988    1.006212  0.000124  0.000012
  20    50  1000    1.006224  0.000123  0.000012
  21    47   987    1.006212  0.000124  0.000013
  22    45   990    1.006214  0.000129  0.000014
  23    43   989    1.006213  0.000124  0.000014
  24    41   984    1.006212  0.000130  0.000014
  25    40  1000    1.006224  0.000119  0.000013
Fit (variance): plateau_var = 1.730e-08 ± 1.773e-09
Fit (error):    plateau = 0.000132 ± 0.000007
     autocorrelation length ~ 9.9 blocks
     plateau reached at block size ~ 46
     !!!Failed to reach plateau in blocking
     Return max block error
nclean = 1000, max_block_size = 25, min_nblocks = 40
Blk_SZ   NBlk   NSmp      Energy     Error    dError
     1   1000   1000  -541.089978  0.000218  0.000005
     2    500   1000  -541.090025  0.000237  0.000008
     3    333    999  -541.090043  0.000249  0.000010
     4    250   1000  -541.090067  0.000259  0.000012
     5    200   1000  -541.090083  0.000265  0.000013
     6    166    996  -541.090079  0.000271  0.000015
     7    142    994  -541.090064  0.000275  0.000016
     8    125   1000  -541.090101  0.000265  0.000017
     9    111    999  -541.090090  0.000270  0.000018
    10    100   1000  -541.090105  0.000276  0.000020
    11     90    990  -541.090098  0.000278  0.000021
    12     83    996  -541.090107  0.000272  0.000021
    13     76    988  -541.090113  0.000267  0.000022
    14     71    994  -541.090084  0.000288  0.000024
    15     66    990  -541.090106  0.000272  0.000024
    16     62    992  -541.090089  0.000270  0.000024
    17     58    986  -541.090126  0.000280  0.000026
    18     55    990  -541.090110  0.000277  0.000027
    19     52    988  -541.090118  0.000281  0.000028
    20     50   1000  -541.090125  0.000271  0.000027
    21     47    987  -541.090127  0.000298  0.000031
    22     45    990  -541.090116  0.000271  0.000029
    23     43    989  -541.090119  0.000267  0.000029
    24     41    984  -541.090132  0.000243  0.000027
    25     40   1000  -541.090128  0.000260  0.000029
Fit (variance): plateau_var = 7.464685e-08 ± 3.204658e-09
Fit (error):    plateau = 0.000273 ± 0.000006
     autocorrelation length ~ 2.4 blocks
     plateau reached at block size ~ 10
Final AFQMC/pt2CCSD overlap ratio: 1.006224 ± 0.000130
Final AFQMC/pt2CCSD energy: -541.090143 ± 0.000273
Total run time: 304.53
------------------------------------------ AFQMC Sampling Finished -------------------------------------------
