#INFO: **** input file is /projects/yizh8382/projects/w4_17/w4-17_all/pyscf_input/run_pyscf_vdzsd.py ****
import os
import glob
import numpy as np
from pyscf import gto, scf, cc

# basis = "ccpvdz"
xyz_dir = "../w4_17_xyz/closed_shell"
results_file = f"../result/closed_shell_rhf_sym_vdzsd.dat"
out_dir = "../result/molout/closed_shell"
os.makedirs(out_dir, exist_ok=True)

# Set to a list of molecule names to run only those, e.g. ["acetaldehyde", "benzene"]
# Set to None to run all molecules in xyz_dir
select_molecules = None
symmetry = True

def vdzsd(elem):
    if elem in ('H', 'He'):
        raw_basis = gto.basis.load('ccpvdz', elem)
        return [b for b in raw_basis if b[0] != 1]
    else:
        return gto.basis.load('ccpvdz', elem)

def get_vdzsd_basis(atoms):
    elems = {line.split()[0] for line in atoms.strip().splitlines() if line.strip()}
    basis_dict = {el: vdzsd(el) for el in elems}
    return basis_dict

all_xyz = sorted(glob.glob(os.path.join(xyz_dir, "*.xyz")))
if select_molecules is not None:
    select_set = set(select_molecules)
    xyz_files = [p for p in all_xyz if os.path.splitext(os.path.basename(p))[0] in select_set]
    missing = select_set - {os.path.splitext(os.path.basename(p))[0] for p in xyz_files}
    if missing:
        print(f"Warning: no .xyz file found for: {', '.join(sorted(missing))} in {xyz_dir}")
else:
    xyz_files = all_xyz

with open(results_file, "w") as out:
    out.write(f"{'Molecule':<16s} {'Charge':>6s} {'2S':>6s} {'frozen':>6s} "
              f"{'E_RHF (Eh)':>20s} {'E_CCSD (Eh)':>20s} {'E_CCSD(T) (Eh)':>20s}\n")
    out.write("-" * 100 + "\n")

for xyz_path in xyz_files:
    with open(xyz_path, "r") as f:
        lines = f.readlines()

    # Parse charge and multiplicity from second line: "name charge=X mult=Y"
    second_line = lines[1]
    charge = int(second_line.split("charge=")[1].split()[0])
    mult   = int(second_line.split("mult=")[1].split()[0])
    spin   = mult - 1   # PySCF spin input is 2S = mult - 1
    mol_name = second_line.split()[0]

    # Coordinates only (skip the atom count and comment lines)
    atoms = "".join(lines[2:])
    basis_dict = get_vdzsd_basis(atoms)

    print(f"\n{'='*60}")
    print(f"Running: {mol_name}  charge={charge}  spin={spin}")
    print(f"{'='*60}")
    
    mol = gto.M(
        atom=atoms,
        basis=basis_dict,
        verbose=4,
        output=os.path.join(out_dir, f"{mol_name}_sym_vdzsd.out"),
        unit="angstrom",
        symmetry=symmetry,
        charge=charge,
        spin=spin,
        max_memory=40000,
    )

    mf = scf.RHF(mol)
    mf.max_cycle = 200
    mf = mf.newton()
    mf.kernel()

    # Stability check loop — at most 10 attempts
    max_stability_cycles = 10
    stable = False
    for stability_iter in range(max_stability_cycles):
        mo_i, _, stable, _ = mf.stability(return_status=True)
        if stable:
            break
        dm = mf.make_rdm1(mo_i, mf.mo_occ)
        mf.kernel(dm0=dm)

    if not stable or not mf.converged:
        print(f"  !! SCF did not converge for {mol_name} — skipping.")
        with open(results_file, "a") as out:
            out.write(f"{mol_name:<16s} {charge:>6d} {spin:>6d} {'N/A':>6s} "
                      f"{'UNCONVERGED':>20s} {'UNCONVERGED':>20s} {'UNCONVERGED':>20s}\n")
        continue

    energy = mf.e_tot

    mycc = cc.CCSD(mf)
    mycc.set_frozen()
    mycc.kernel()
    e_ccsd = mycc.e_tot
    et = mycc.ccsd_t()
    e_ccsdt = e_ccsd + et
    frozen = mycc.frozen

    with open(results_file, "a") as out:
        out.write(f"{mol_name:<16s} {charge:>6d} {spin:>6d} {frozen:>6d} "
                  f"{energy:>20.10f} {e_ccsd:>20.10f} {e_ccsdt:>20.10f}\n")

    print(f"  => E_RHF({mol_name})     = {energy:.10f} Eh")
    print(f"  => E_CCSD({mol_name})    = {e_ccsd:.10f} Eh")
    print(f"  => E_CCSD(T)({mol_name}) = {e_ccsdt:.10f} Eh")

print(f"\nAll calculations complete. Results saved to {results_file}")
#INFO: ******************** input file end ********************


System: uname_result(system='Linux', node='bnode0309.rc.int.colorado.edu', release='4.18.0-477.27.1.el8_8.x86_64', version='#1 SMP Thu Aug 31 10:29:22 EDT 2023', machine='x86_64')  Threads 28
Python 3.10.2 | packaged by conda-forge | (main, Mar  8 2022, 15:52:01) [GCC 9.4.0]
numpy 2.0.2  scipy 1.14.1  h5py 3.12.1
Date: Thu May 14 09:51:18 2026
PySCF version 2.9.0
PySCF path  /projects/yizh8382/tools/lno_pyscf_gcc
GIT HEAD (branch master) 142756584ed3963728cc1f6823286f4605811a6c

[ENV] PYSCF_TMPDIR /scratch/alpine/yizh8382/pyscf
[ENV] PYSCF_EXT_PATH /home/yizh8382/tools/pyscf-forge
[CONFIG] conf_file None
[INPUT] verbose = 4
[INPUT] num. atoms = 2
[INPUT] num. electrons = 22
[INPUT] charge = 0
[INPUT] spin (= nelec alpha-beta = 2S) = 0
[INPUT] symmetry True subgroup None
[INPUT] Mole.unit = angstrom
[INPUT] Symbol           X                Y                Z      unit          X                Y                Z       unit  Magmom
[INPUT]  1 Al     0.000000000000   0.000000000000   0.680339000000 AA    0.000000000000   0.000000000000   1.285654381860 Bohr   0.0
[INPUT]  2 F      0.000000000000   0.000000000000  -0.982712000000 AA    0.000000000000   0.000000000000  -1.857056539324 Bohr   0.0

nuclear repulsion = 37.229004809618
point group symmetry = Coov
symmetry origin: [ 0.0000000e+00  0.0000000e+00 -8.5896642e-08]
symmetry axis x: [1. 0. 0.]
symmetry axis y: [0. 1. 0.]
symmetry axis z: [0. 0. 1.]
num. orbitals of irrep A1 = 14
num. orbitals of irrep E1x = 7
num. orbitals of irrep E1y = 7
num. orbitals of irrep E2x = 2
num. orbitals of irrep E2y = 2
number of shells = 10
number of NR pGTOs = 67
number of NR cGTOs = 32
basis = {'Al': [[0, [64150.0, 0.00029025, -7.58048e-05, 1.75078e-05], [9617.0, 0.00225064, -0.000581791, 0.000134208], [2189.0, 0.0116459, -0.00308113, 0.000712442], [620.5, 0.0467377, -0.0123112, 0.0028433], [202.7, 0.146299, -0.0419781, 0.00976842], [73.15, 0.330283, -0.103371, 0.024185], [28.55, 0.415861, -0.196308, 0.0474993], [11.77, 0.189253, -0.0830002, 0.0203621], [3.3, 0.0115889, 0.54104, -0.158788], [1.173, -0.00128385, 0.578796, -0.311694], [0.1752, 0.000425883, 0.0288147, 0.620147]], [0, [0.06473, 1.0]], [1, [258.8, 0.00406847, -0.000748053], [60.89, 0.0306815, -0.00545796], [19.14, 0.129149, -0.0245371], [6.881, 0.320831, -0.0582138], [2.574, 0.453815, -0.0983756], [0.9572, 0.275066, -0.0260064], [0.2099, 0.0190807, 0.46402]], [1, [0.05986, 1.0]], [2, [0.189, 1.0]]], 'F': [[0, [14710.0, 0.000721, -0.000165], [2207.0, 0.005553, -0.001308], [502.8, 0.028267, -0.006495], [142.6, 0.106444, -0.026691], [46.47, 0.286814, -0.07369], [16.7, 0.448641, -0.170776], [6.356, 0.264761, -0.112327], [1.316, 0.015333, 0.562814]], [0, [0.3897, 1.0]], [1, [22.67, 0.044878], [4.977, 0.235718], [1.347, 0.508521]], [1, [0.3471, 1.0]], [2, [1.64, 1.0]]]}
ecp = {}
CPU time:       418.10
Freeze 0 electrons in irreps []
    22 free electrons in irreps A1 E1x E1y E2x E2y




******** <class 'pyscf.soscf.newton_ah.SecondOrderSymAdaptedRHF'> ********
method = SecondOrderSymAdaptedRHF
initial guess = minao
damping factor = 0
level_shift factor = 0
DIIS = <class 'pyscf.scf.diis.CDIIS'>
diis_start_cycle = 1
diis_space = 8
diis_damp = 0
SCF conv_tol = 1e-09
SCF conv_tol_grad = None
SCF max_cycles = 200
direct_scf = True
direct_scf_tol = 1e-13
chkfile to save SCF result = /scratch/alpine/yizh8382/pyscf/tmp01d4y3bf
max_memory 40000 MB (current use 656 MB)
******** <class 'pyscf.scf.hf_symm.SymAdaptedRHF'> Newton solver flags ********
SCF tol = 1e-09
conv_tol_grad = None
max. SCF cycles = 200
direct_scf = True
direct_scf_tol = 1e-13
chkfile to save SCF result = /scratch/alpine/yizh8382/pyscf/tmp01d4y3bf
max_cycle_inner = 12
max_stepsize = 0.05
ah_start_tol = 1e+09
ah_level_shift = 0
ah_conv_tol = 1e-12
ah_lindep = 1e-14
ah_start_cycle = 1
ah_max_cycle = 40
ah_grad_trust_region = 2.5
kf_interval = 4
kf_trust_region = 5
canonicalization = True
max_memory 40000 MB (current use 656 MB)
Set conv_tol_grad to 3.16228e-05
Initial guess from minao.
HOMO (A1) = -0.285615921612451  LUMO (E1y) = 0.0256435606992685
Initial guess E= -341.360589730989  |g|= 0.53844
macro= 0  E= -341.419669014157  delta_E= -0.0590793  |g|= 0.53844  2 KF 5 JK
macro= 1  E= -341.422849655842  delta_E= -0.00318064  |g|= 6.69323e-05  3 KF 11 JK
macro= 2  E= -341.422849655843  delta_E= -7.95808e-13  |g|= 6.75222e-06  1 KF 2 JK
Canonicalize SCF orbitals
macro X = 3  E=-341.422849655843  |g|= 6.75222e-06  total 7 KF 22 JK
converged SCF energy = -341.422849655843
rhf_internal: lowest eigs of H = [1.23028166 1.56295841 1.84727113]
<class 'pyscf.soscf.newton_ah.SecondOrderSymAdaptedRHF'> wavefunction is stable in the internal stability analysis

******** <class 'pyscf.cc.ccsd.CCSD'> ********
CC2 = 0
CCSD nocc = 5, nmo = 26
frozen orbitals 6
max_cycle = 50
direct = 0
conv_tol = 1e-07
conv_tol_normt = 1e-05
diis_space = 6
diis_start_cycle = 0
diis_start_energy_diff = 1e+09
max_memory 40000 MB (current use 580 MB)
Init t2, MP2 energy = -341.657973547233  E_corr(MP2) -0.235123891389994
Init E_corr(CCSD) = -0.235123891397228
cycle = 1  E_corr(CCSD) = -0.237630901692002  dE = -0.00250701029  norm(t1,t2) = 0.0657605
cycle = 2  E_corr(CCSD) = -0.245712876269062  dE = -0.00808197458  norm(t1,t2) = 0.0256704
cycle = 3  E_corr(CCSD) = -0.246217763242848  dE = -0.000504886974  norm(t1,t2) = 0.0147365
cycle = 4  E_corr(CCSD) = -0.248171126884452  dE = -0.00195336364  norm(t1,t2) = 0.0064394
cycle = 5  E_corr(CCSD) = -0.248152696539295  dE = 1.84303452e-05  norm(t1,t2) = 0.00093001
cycle = 6  E_corr(CCSD) = -0.248093927610098  dE = 5.87689292e-05  norm(t1,t2) = 0.000385888
cycle = 7  E_corr(CCSD) = -0.248092706874518  dE = 1.22073558e-06  norm(t1,t2) = 9.86443e-05
cycle = 8  E_corr(CCSD) = -0.248094283667386  dE = -1.57679287e-06  norm(t1,t2) = 3.63326e-05
cycle = 9  E_corr(CCSD) = -0.248094315089206  dE = -3.14218202e-08  norm(t1,t2) = 1.52961e-05
cycle = 10  E_corr(CCSD) = -0.248094849030857  dE = -5.33941652e-07  norm(t1,t2) = 4.73103e-06
cycle = 11  E_corr(CCSD) = -0.248094846470641  dE = 2.56021682e-09  norm(t1,t2) = 2.20081e-06
CCSD converged
E(CCSD) = -341.6709445023132  E_corr = -0.2480948464706406
CCSD(T) correction = -0.00425089987518103
