------------------------------------------- AFQMC Sampling Started -------------------------------------------
Hostname: gpua016.delta.ncsa.illinois.edu
System Type: Linux
Machine Type: x86_64
Processor: x86_64
Using GPU.
System: Linux
Node Name: gpua016.delta.ncsa.illinois.edu
Release: 5.14.0-427.91.1.el9_4.x86_64
Version: #1 SMP PREEMPT_DYNAMIC Wed Sep 17 10:08:59 EDT 2025
Machine: x86_64
Processor: x86_64
Decomposing Unrestricted T2 amplitudes
Throw 0 vectors in T2 deomposition
SVD cutoff = 1.00e-08 | error = 1.01e-15
number of T2 decomposition vectors 210
norb: 26
nelec: (5, 5)
n_eql: 120
n_blocks: 1000
n_walkers: 300
dt: 0.005
max_error: 0.0
seed: 17
walker_type: uhf
trial: uccsd_pt2
free_projection: False
use_gpu: True
n_exp_terms: 6
n_prop_steps: 50
save_walkers: False
n_batch: 1
nchol_chunk: 100
mix_precision: True
initial AFQMC/pt2CCSD Energy is -341.670952
Propagating with 300 walkers
----------------------------------------------- Equilibration ------------------------------------------------
inv_T        weight  killW        energy   runTime
 0.00    300.000000      0   -341.422857     10.98
 3.00    303.347908      0   -341.656518     17.32
 6.00    303.909994      0   -341.695405     17.90
 9.00    303.038966      0   -341.671924     18.48
12.00    302.437517      1   -341.665942     19.06
15.00    303.478794      0   -341.683252     19.63
18.00    302.912038      0   -341.654238     20.21
21.00    303.194352      0   -341.656477     20.79
24.00    302.984705      0   -341.666126     21.36
27.00    303.400917      0   -341.671192     21.94
30.00    302.985078      0   -341.672986     22.52
---------------------------------------------- Sampling Blocks -----------------------------------------------
blocks        weight  killW       E_Guide     error       E_Trial     error     olp_T/G     error  Walltime
    20    303.193413      0   -341.673324  0.005053   -341.676104  0.001097    1.004351  0.000741   29.86
    40    302.834246      0   -341.673196  0.003976   -341.675502  0.000660    1.004187  0.000348   31.20
    60    302.586925      0   -341.676423  0.003714   -341.675905  0.000662    1.004613  0.000430   32.56
    80    302.291126      0   -341.677851  0.003078   -341.675832  0.000622    1.005083  0.000461   33.91
   100    302.069329      1   -341.681611  0.004483   -341.678068  0.001262    1.004602  0.000484   35.26
   120    301.869052      1   -341.681012  0.003771   -341.677664  0.001086    1.004485  0.000408   36.60
   140    301.656333      1   -341.680696  0.003220   -341.677554  0.000945    1.004694  0.000392   37.94
   160    301.456104      1   -341.679653  0.003016   -341.677262  0.000836    1.004818  0.000371   39.28
   180    301.289163      2   -341.679065  0.002704   -341.677140  0.000752    1.004788  0.000330   40.63
   200    301.140100      2   -341.678884  0.002431   -341.677090  0.000681    1.004895  0.000307   41.97
   220    301.010750      3   -341.678172  0.002265   -341.676949  0.000623    1.004882  0.000279   43.31
   240    300.912394      3   -341.677952  0.002088   -341.676889  0.000578    1.005014  0.000272   44.66
   260    300.817877      3   -341.678785  0.002060   -341.676780  0.000540    1.004956  0.000254   46.00
   280    300.729584      4   -341.678911  0.001920   -341.676617  0.000516    1.004971  0.000238   47.35
   300    300.654989      5   -341.679060  0.001815   -341.676556  0.000485    1.004952  0.000223   48.70
   320    300.588011      5   -341.678744  0.001716   -341.676566  0.000460    1.004965  0.000210   50.04
   340    300.527149      5   -341.678976  0.001621   -341.676514  0.000436    1.004897  0.000204   51.39
   360    300.479086      5   -341.679427  0.001604   -341.676407  0.000415    1.004879  0.000195   52.73
   380    300.427553      5   -341.679933  0.001568   -341.676402  0.000395    1.004906  0.000188   54.07
   400    300.385647      5   -341.680239  0.001524   -341.676503  0.000387    1.004957  0.000183   55.41
   420    300.344660      5   -341.680655  0.001505   -341.676396  0.000374    1.005098  0.000201   56.75
   440    300.300140      5   -341.680730  0.001464   -341.676423  0.000360    1.005061  0.000194   58.11
   460    300.263871      5   -341.680616  0.001432   -341.676391  0.000348    1.005157  0.000205   59.45
   480    300.224074      5   -341.680321  0.001416   -341.676433  0.000337    1.005171  0.000197   60.80
   500    300.189154      5   -341.680485  0.001379   -341.676391  0.000326    1.005149  0.000196   62.15
   520    300.161560      5   -341.680537  0.001344   -341.676381  0.000315    1.005169  0.000197   63.50
   540    300.133216      5   -341.680645  0.001311   -341.676472  0.000326    1.005168  0.000192   64.85
   560    300.104845      5   -341.680533  0.001258   -341.676449  0.000318    1.005198  0.000184   66.21
   580    300.082354      5   -341.680598  0.001227   -341.676475  0.000309    1.005137  0.000182   67.61
   600    300.059981      5   -341.680554  0.001237   -341.676424  0.000300    1.005124  0.000194   68.99
   620    300.036098      5   -341.680477  0.001216   -341.676437  0.000292    1.005139  0.000190   70.33
   640    300.017626      5   -341.680301  0.001176   -341.676407  0.000285    1.005125  0.000185   71.67
   660    300.000664      5   -341.680428  0.001165   -341.676353  0.000281    1.005139  0.000177   73.02
   680    299.981985      5   -341.680117  0.001139   -341.676346  0.000275    1.005109  0.000176   74.37
   700    299.964753      5   -341.680062  0.001117   -341.676306  0.000269    1.005150  0.000173   75.79
   720    299.946802      5   -341.679845  0.001116   -341.676315  0.000267    1.005179  0.000171   77.15
   740    299.932045      5   -341.679771  0.001138   -341.676299  0.000262    1.005181  0.000168   78.49
   760    299.921468      5   -341.679667  0.001133   -341.676269  0.000256    1.005163  0.000176   79.83
   780    299.907433      5   -341.679452  0.001131   -341.676249  0.000250    1.005176  0.000172   81.17
   800    299.894170      5   -341.679393  0.001113   -341.676228  0.000245    1.005165  0.000168   82.52
   820    299.887737      5   -341.679532  0.001092   -341.676221  0.000241    1.005153  0.000164   83.86
   840    299.875770      5   -341.679463  0.001075   -341.676204  0.000236    1.005146  0.000162   85.21
   860    299.867959      5   -341.679466  0.001045   -341.676179  0.000231    1.005172  0.000162   86.56
   880    299.858759      6   -341.679545  0.001042   -341.676163  0.000226    1.005186  0.000160   87.91
   900    299.846145      6   -341.679277  0.001029   -341.676127  0.000222    1.005197  0.000157   89.26
   920    299.837197      6   -341.679339  0.001015   -341.676085  0.000219    1.005205  0.000153   90.61
   940    299.827176      7   -341.679129  0.001003   -341.676073  0.000216    1.005233  0.000151   91.96
   960    299.817725      7   -341.679112  0.000990   -341.676039  0.000211    1.005235  0.000150   93.30
   980    299.811892      7   -341.679272  0.000968   -341.676037  0.000208    1.005243  0.000147   94.65
  1000    299.804849      7   -341.679341  0.000965   -341.676043  0.000205    1.005266  0.000146   96.00
---------------------------------------------- Post Propagation ----------------------------------------------
Total number of samples 1000
Raw AFQMC/HF (Guide) energy:           -341.679341 ± 0.000965
Raw Trial/Guide overlap ratio:          1.005266 ± 0.000146
Raw AFQMC/pt2CCSD energy (covariance): -341.676043 ± 0.000205
Raw AFQMC/pt2CCSD energy (dir sample): -341.676043 ± 0.000167
--------------------------------------------- Clean Obeservation ---------------------------------------------
removing energies outside zeta > 30
Outlier energy bound [-341.763395, -341.587223]
Removed 0 outliers with energies []
Clean AFQMC/pt2CCSD overlap ratio:        1.005266 ± 0.000146
Clean AFQMC/pt2CCSD energy (covariance): -341.676043 ± 0.000205
Clean AFQMC/ptCCSD energy (dir sample):  -341.676043 ± 0.000167
--------------------------------------------- Blocking Analysis ----------------------------------------------
nsample = 1000, max_block_size = 25, min_nblocks = 40
   B    NB    NS  Observable     Error    dError
   1  1000  1000    1.005267  0.000048  0.000001
   2   500  1000    1.005267  0.000065  0.000002
   3   333   999    1.005266  0.000076  0.000003
   4   250  1000    1.005267  0.000085  0.000004
   5   200  1000    1.005267  0.000091  0.000005
   6   166   996    1.005264  0.000098  0.000005
   7   142   994    1.005262  0.000106  0.000006
   8   125  1000    1.005267  0.000108  0.000007
   9   111   999    1.005266  0.000113  0.000008
  10   100  1000    1.005267  0.000116  0.000008
  11    90   990    1.005257  0.000119  0.000009
  12    83   996    1.005264  0.000120  0.000009
  13    76   988    1.005256  0.000127  0.000010
  14    71   994    1.005262  0.000126  0.000011
  15    66   990    1.005257  0.000135  0.000012
  16    62   992    1.005259  0.000130  0.000012
  17    58   986    1.005253  0.000129  0.000012
  18    55   990    1.005257  0.000127  0.000012
  19    52   988    1.005255  0.000143  0.000014
  20    50  1000    1.005267  0.000140  0.000014
  21    47   987    1.005255  0.000146  0.000015
  22    45   990    1.005257  0.000141  0.000015
  23    43   989    1.005256  0.000127  0.000014
  24    41   984    1.005251  0.000124  0.000014
  25    40  1000    1.005267  0.000135  0.000015
Fit (variance): plateau_var = 2.021e-08 ± 1.939e-09
Fit (error):    plateau = 0.000142 ± 0.000007
     autocorrelation length ~ 9.3 blocks
     plateau reached at block size ~ 43
     !!!Failed to reach plateau in blocking
     Return max block error
nclean = 1000, max_block_size = 25, min_nblocks = 40
Blk_SZ   NBlk   NSmp      Energy     Error    dError
     1   1000   1000  -341.675949  0.000167  0.000004
     2    500   1000  -341.675968  0.000204  0.000006
     3    333    999  -341.675978  0.000218  0.000008
     4    250   1000  -341.675990  0.000242  0.000011
     5    200   1000  -341.675998  0.000232  0.000012
     6    166    996  -341.675993  0.000240  0.000013
     7    142    994  -341.675993  0.000273  0.000016
     8    125   1000  -341.676008  0.000244  0.000015
     9    111    999  -341.676004  0.000271  0.000018
    10    100   1000  -341.676010  0.000271  0.000019
    11     90    990  -341.676012  0.000277  0.000021
    12     83    996  -341.676008  0.000237  0.000019
    13     76    988  -341.676019  0.000267  0.000022
    14     71    994  -341.676011  0.000266  0.000022
    15     66    990  -341.676028  0.000269  0.000024
    16     62    992  -341.676021  0.000229  0.000021
    17     58    986  -341.676006  0.000269  0.000025
    18     55    990  -341.676031  0.000256  0.000025
    19     52    988  -341.676031  0.000210  0.000021
    20     50   1000  -341.676030  0.000261  0.000026
    21     47    987  -341.676028  0.000271  0.000028
    22     45    990  -341.676031  0.000259  0.000028
    23     43    989  -341.676031  0.000264  0.000029
    24     41    984  -341.676020  0.000209  0.000023
    25     40   1000  -341.676029  0.000257  0.000029
Fit (variance): plateau_var = 6.317906e-08 ± 2.586230e-09
Fit (error):    plateau = 0.000251 ± 0.000005
     autocorrelation length ~ 2.1 blocks
     plateau reached at block size ~ 10
Final AFQMC/pt2CCSD overlap ratio: 1.005266 ± 0.000146
Final AFQMC/pt2CCSD energy: -341.676043 ± 0.000251
Total run time: 105.31
------------------------------------------ AFQMC Sampling Finished -------------------------------------------
