------------------------------------------- AFQMC Sampling Started -------------------------------------------
Hostname: gpua016.delta.ncsa.illinois.edu
System Type: Linux
Machine Type: x86_64
Processor: x86_64
Using GPU.
System: Linux
Node Name: gpua016.delta.ncsa.illinois.edu
Release: 5.14.0-427.91.1.el9_4.x86_64
Version: #1 SMP PREEMPT_DYNAMIC Wed Sep 17 10:08:59 EDT 2025
Machine: x86_64
Processor: x86_64
Decomposing Unrestricted T2 amplitudes
Throw 0 vectors in T2 deomposition
SVD cutoff = 1.00e-08 | error = 6.11e-16
number of T2 decomposition vectors 52
norb: 15
nelec: (2, 2)
n_eql: 120
n_blocks: 1000
n_walkers: 300
dt: 0.005
max_error: 0.0
seed: 17
walker_type: uhf
trial: uccsd_pt2
free_projection: False
use_gpu: True
n_exp_terms: 6
n_prop_steps: 50
save_walkers: False
n_batch: 1
nchol_chunk: 100
mix_precision: True
initial AFQMC/pt2CCSD Energy is -242.516210
Propagating with 300 walkers
----------------------------------------------- Equilibration ------------------------------------------------
inv_T        weight  killW        energy   runTime
 0.00    300.000000      0   -242.452833      8.83
 3.00    300.597102      0   -242.503896     13.65
 6.00    300.506139      0   -242.511105     14.09
 9.00    300.519028      0   -242.510273     14.53
12.00    300.584577      0   -242.510506     14.97
15.00    300.514066      0   -242.522234     15.40
18.00    300.355025      0   -242.509936     15.84
21.00    300.523781      0   -242.522862     16.28
24.00    300.609955      0   -242.514696     16.72
27.00    300.342789      0   -242.509653     17.16
30.00    300.342293      0   -242.512979     17.59
---------------------------------------------- Sampling Blocks -----------------------------------------------
blocks        weight  killW       E_Guide     error       E_Trial     error     olp_T/G     error  Walltime
    20    300.496339      0   -242.519290  0.003744   -242.517246  0.000154    1.024468  0.000896   22.47
    40    300.354257      1   -242.518633  0.002242   -242.517311  0.000100    1.026375  0.001218   23.35
    60    300.252625      1   -242.517882  0.001635   -242.517378  0.000092    1.026964  0.000908   24.22
    80    300.158458      1   -242.517031  0.001224   -242.517459  0.000083    1.027403  0.000726   25.11
   100    300.093583      1   -242.516557  0.001198   -242.517470  0.000072    1.027625  0.000597   25.98
   120    300.056923      2   -242.517741  0.001216   -242.517410  0.000071    1.027806  0.000511   26.86
   140    300.018381      2   -242.517959  0.001143   -242.517426  0.000070    1.028101  0.000516   27.74
   160    299.977149      2   -242.518093  0.001012   -242.517392  0.000065    1.028388  0.000503   28.62
   180    299.941144      2   -242.518376  0.000891   -242.517429  0.000061    1.028722  0.000502   29.49
   200    299.911358      2   -242.518635  0.000873   -242.517388  0.000065    1.028950  0.000478   30.37
   220    299.881769      2   -242.518301  0.000833   -242.517423  0.000060    1.029180  0.000464   31.24
   240    299.852352      2   -242.518492  0.000778   -242.517440  0.000058    1.029317  0.000436   32.12
   260    299.828789      2   -242.518314  0.000728   -242.517451  0.000055    1.029467  0.000416   33.00
   280    299.804063      2   -242.518223  0.000679   -242.517454  0.000052    1.029589  0.000396   33.89
   300    299.784660      2   -242.518136  0.000637   -242.517442  0.000049    1.029626  0.000372   34.77
   320    299.763629      3   -242.518088  0.000603   -242.517448  0.000049    1.029694  0.000351   35.64
   340    299.742715      3   -242.517903  0.000585   -242.517466  0.000047    1.029759  0.000334   36.53
   360    299.723240      3   -242.517762  0.000567   -242.517481  0.000046    1.029869  0.000325   37.40
   380    299.710045      3   -242.517771  0.000546   -242.517477  0.000046    1.029872  0.000310   38.27
   400    299.698888      3   -242.517940  0.000533   -242.517476  0.000045    1.029867  0.000302   39.15
   420    299.686054      5   -242.517857  0.000514   -242.517482  0.000043    1.029925  0.000291   40.03
   440    299.672757      5   -242.517680  0.000506   -242.517493  0.000042    1.030000  0.000289   40.90
   460    299.664684      5   -242.517687  0.000489   -242.517496  0.000041    1.030019  0.000282   41.78
   480    299.653512      5   -242.517654  0.000492   -242.517497  0.000040    1.030057  0.000275   42.66
   500    299.644860      5   -242.517636  0.000482   -242.517495  0.000039    1.030037  0.000267   43.54
   520    299.638503      5   -242.517548  0.000490   -242.517504  0.000038    1.030053  0.000281   44.42
   540    299.630851      5   -242.517615  0.000482   -242.517498  0.000037    1.030067  0.000274   45.30
   560    299.624989      5   -242.517580  0.000463   -242.517489  0.000037    1.030123  0.000269   46.17
   580    299.620869      6   -242.517672  0.000456   -242.517489  0.000036    1.030175  0.000265   47.05
   600    299.616863      6   -242.517771  0.000447   -242.517477  0.000036    1.030157  0.000261   47.93
   620    299.611302      6   -242.517644  0.000441   -242.517491  0.000035    1.030173  0.000255   48.81
   640    299.609380      6   -242.517727  0.000437   -242.517486  0.000034    1.030173  0.000255   49.69
   660    299.605640      6   -242.517732  0.000428   -242.517478  0.000033    1.030171  0.000249   50.56
   680    299.602044      6   -242.517756  0.000414   -242.517484  0.000033    1.030165  0.000243   51.44
   700    299.596141      6   -242.517806  0.000407   -242.517484  0.000033    1.030138  0.000238   52.31
   720    299.595003      6   -242.517960  0.000422   -242.517464  0.000033    1.030110  0.000238   53.19
   740    299.591668      6   -242.517933  0.000415   -242.517450  0.000033    1.030105  0.000232   54.07
   760    299.590335      6   -242.518113  0.000429   -242.517428  0.000035    1.030118  0.000229   54.95
   780    299.585928      7   -242.518199  0.000438   -242.517412  0.000034    1.030120  0.000224   55.83
   800    299.584231      7   -242.518138  0.000433   -242.517414  0.000034    1.030150  0.000220   56.71
   820    299.582980      7   -242.518165  0.000424   -242.517416  0.000033    1.030203  0.000222   57.58
   840    299.582883      7   -242.518316  0.000446   -242.517414  0.000032    1.030215  0.000221   58.46
   860    299.580707      7   -242.518272  0.000437   -242.517413  0.000032    1.030229  0.000221   59.34
   880    299.579123      7   -242.518282  0.000434   -242.517413  0.000031    1.030255  0.000216   60.22
   900    299.576665      7   -242.518331  0.000430   -242.517405  0.000031    1.030241  0.000214   61.11
   920    299.574137      7   -242.518346  0.000421   -242.517402  0.000031    1.030258  0.000209   61.98
   940    299.574758      7   -242.518497  0.000427   -242.517398  0.000031    1.030208  0.000209   62.87
   960    299.571607      8   -242.518521  0.000473   -242.517396  0.000030    1.030201  0.000211   63.75
   980    299.569381      8   -242.518538  0.000473   -242.517397  0.000030    1.030222  0.000206   64.63
  1000    299.566241      8   -242.518451  0.000461   -242.517403  0.000029    1.030250  0.000202   65.51
---------------------------------------------- Post Propagation ----------------------------------------------
Total number of samples 1000
Raw AFQMC/HF (Guide) energy:           -242.518451 ± 0.000461
Raw Trial/Guide overlap ratio:          1.030250 ± 0.000202
Raw AFQMC/pt2CCSD energy (covariance): -242.517403 ± 0.000029
Raw AFQMC/pt2CCSD energy (dir sample): -242.517403 ± 0.000026
--------------------------------------------- Clean Obeservation ---------------------------------------------
removing energies outside zeta > 30
Outlier energy bound [-242.532331, -242.502480]
Removed 1 outliers with energies [-242.50242322]
Clean AFQMC/pt2CCSD overlap ratio:        1.030251 ± 0.000203
Clean AFQMC/pt2CCSD energy (covariance): -242.517411 ± 0.000028
Clean AFQMC/ptCCSD energy (dir sample):  -242.517411 ± 0.000021
--------------------------------------------- Blocking Analysis ----------------------------------------------
nsample = 999, max_block_size = 24, min_nblocks = 40
   B    NB    NS  Observable     Error    dError
   1   999   999    1.030252  0.000065  0.000001
   2   499   998    1.030250  0.000086  0.000003
   3   333   999    1.030252  0.000101  0.000004
   4   249   996    1.030245  0.000113  0.000005
   5   199   995    1.030243  0.000123  0.000006
   6   166   996    1.030245  0.000133  0.000007
   7   142   994    1.030242  0.000140  0.000008
   8   124   992    1.030238  0.000145  0.000009
   9   111   999    1.030252  0.000150  0.000010
  10    99   990    1.030235  0.000156  0.000011
  11    90   990    1.030235  0.000160  0.000012
  12    83   996    1.030245  0.000165  0.000013
  13    76   988    1.030231  0.000177  0.000014
  14    71   994    1.030242  0.000175  0.000015
  15    66   990    1.030235  0.000177  0.000015
  16    62   992    1.030238  0.000184  0.000017
  17    58   986    1.030227  0.000185  0.000017
  18    55   990    1.030235  0.000191  0.000018
  19    52   988    1.030231  0.000191  0.000019
  20    49   980    1.030224  0.000189  0.000019
  21    47   987    1.030229  0.000196  0.000020
  22    45   990    1.030235  0.000197  0.000021
  23    43   989    1.030234  0.000203  0.000022
  24    41   984    1.030224  0.000199  0.000022
Fit (variance): plateau_var = 4.783e-08 ± 7.202e-09
Fit (error):    plateau = 0.000219 ± 0.000016
     autocorrelation length ~ 13.8 blocks
     plateau reached at block size ~ 64
     !!!Failed to reach plateau in blocking
     Return max block error
nclean = 999, max_block_size = 24, min_nblocks = 40
Blk_SZ   NBlk   NSmp      Energy     Error    dError
     1    999    999  -242.517382  0.000021  0.000000
     2    499    998  -242.517383  0.000025  0.000001
     3    333    999  -242.517384  0.000027  0.000001
     4    249    996  -242.517387  0.000029  0.000001
     5    199    995  -242.517387  0.000028  0.000001
     6    166    996  -242.517387  0.000031  0.000002
     7    142    994  -242.517391  0.000031  0.000002
     8    124    992  -242.517391  0.000033  0.000002
     9    111    999  -242.517394  0.000032  0.000002
    10     99    990  -242.517392  0.000034  0.000002
    11     90    990  -242.517396  0.000032  0.000002
    12     83    996  -242.517392  0.000035  0.000003
    13     76    988  -242.517393  0.000036  0.000003
    14     71    994  -242.517396  0.000034  0.000003
    15     66    990  -242.517400  0.000036  0.000003
    16     62    992  -242.517397  0.000039  0.000003
    17     58    986  -242.517396  0.000035  0.000003
    18     55    990  -242.517401  0.000034  0.000003
    19     52    988  -242.517398  0.000036  0.000004
    20     49    980  -242.517394  0.000038  0.000004
    21     47    987  -242.517400  0.000034  0.000004
    22     45    990  -242.517401  0.000038  0.000004
    23     43    989  -242.517398  0.000039  0.000004
    24     41    984  -242.517394  0.000040  0.000004
Fit (variance): plateau_var = 1.310048e-09 ± 9.225261e-11
Fit (error):    plateau = 0.000036 ± 0.000001
     autocorrelation length ~ 5.5 blocks
     plateau reached at block size ~ 24
Final AFQMC/pt2CCSD overlap ratio: 1.030251 ± 0.000203
Final AFQMC/pt2CCSD energy: -242.517411 ± 0.000036
Total run time: 74.45
------------------------------------------ AFQMC Sampling Finished -------------------------------------------
