#INFO: **** input file is /projects/yizh8382/projects/w4_17/w4-17_all/pyscf_input/run_pyscf_vdzsd.py ****
import os
import glob
import numpy as np
from pyscf import gto, scf, cc

# basis = "ccpvdz"
xyz_dir = "../w4_17_xyz/closed_shell"
results_file = f"../result/closed_shell_rhf_sym_vdzsd.dat"
out_dir = "../result/molout/closed_shell"
os.makedirs(out_dir, exist_ok=True)

# Set to a list of molecule names to run only those, e.g. ["acetaldehyde", "benzene"]
# Set to None to run all molecules in xyz_dir
select_molecules = None
symmetry = True

def vdzsd(elem):
    if elem in ('H', 'He'):
        raw_basis = gto.basis.load('ccpvdz', elem)
        return [b for b in raw_basis if b[0] != 1]
    else:
        return gto.basis.load('ccpvdz', elem)

def get_vdzsd_basis(atoms):
    elems = {line.split()[0] for line in atoms.strip().splitlines() if line.strip()}
    basis_dict = {el: vdzsd(el) for el in elems}
    return basis_dict

all_xyz = sorted(glob.glob(os.path.join(xyz_dir, "*.xyz")))
if select_molecules is not None:
    select_set = set(select_molecules)
    xyz_files = [p for p in all_xyz if os.path.splitext(os.path.basename(p))[0] in select_set]
    missing = select_set - {os.path.splitext(os.path.basename(p))[0] for p in xyz_files}
    if missing:
        print(f"Warning: no .xyz file found for: {', '.join(sorted(missing))} in {xyz_dir}")
else:
    xyz_files = all_xyz

with open(results_file, "w") as out:
    out.write(f"{'Molecule':<16s} {'Charge':>6s} {'2S':>6s} {'frozen':>6s} "
              f"{'E_RHF (Eh)':>20s} {'E_CCSD (Eh)':>20s} {'E_CCSD(T) (Eh)':>20s}\n")
    out.write("-" * 100 + "\n")

for xyz_path in xyz_files:
    with open(xyz_path, "r") as f:
        lines = f.readlines()

    # Parse charge and multiplicity from second line: "name charge=X mult=Y"
    second_line = lines[1]
    charge = int(second_line.split("charge=")[1].split()[0])
    mult   = int(second_line.split("mult=")[1].split()[0])
    spin   = mult - 1   # PySCF spin input is 2S = mult - 1
    mol_name = second_line.split()[0]

    # Coordinates only (skip the atom count and comment lines)
    atoms = "".join(lines[2:])
    basis_dict = get_vdzsd_basis(atoms)

    print(f"\n{'='*60}")
    print(f"Running: {mol_name}  charge={charge}  spin={spin}")
    print(f"{'='*60}")
    
    mol = gto.M(
        atom=atoms,
        basis=basis_dict,
        verbose=4,
        output=os.path.join(out_dir, f"{mol_name}_sym_vdzsd.out"),
        unit="angstrom",
        symmetry=symmetry,
        charge=charge,
        spin=spin,
        max_memory=40000,
    )

    mf = scf.RHF(mol)
    mf.max_cycle = 200
    mf = mf.newton()
    mf.kernel()

    # Stability check loop — at most 10 attempts
    max_stability_cycles = 10
    stable = False
    for stability_iter in range(max_stability_cycles):
        mo_i, _, stable, _ = mf.stability(return_status=True)
        if stable:
            break
        dm = mf.make_rdm1(mo_i, mf.mo_occ)
        mf.kernel(dm0=dm)

    if not stable or not mf.converged:
        print(f"  !! SCF did not converge for {mol_name} — skipping.")
        with open(results_file, "a") as out:
            out.write(f"{mol_name:<16s} {charge:>6d} {spin:>6d} {'N/A':>6s} "
                      f"{'UNCONVERGED':>20s} {'UNCONVERGED':>20s} {'UNCONVERGED':>20s}\n")
        continue

    energy = mf.e_tot

    mycc = cc.CCSD(mf)
    mycc.set_frozen()
    mycc.kernel()
    e_ccsd = mycc.e_tot
    et = mycc.ccsd_t()
    e_ccsdt = e_ccsd + et
    frozen = mycc.frozen

    with open(results_file, "a") as out:
        out.write(f"{mol_name:<16s} {charge:>6d} {spin:>6d} {frozen:>6d} "
                  f"{energy:>20.10f} {e_ccsd:>20.10f} {e_ccsdt:>20.10f}\n")

    print(f"  => E_RHF({mol_name})     = {energy:.10f} Eh")
    print(f"  => E_CCSD({mol_name})    = {e_ccsd:.10f} Eh")
    print(f"  => E_CCSD(T)({mol_name}) = {e_ccsdt:.10f} Eh")

print(f"\nAll calculations complete. Results saved to {results_file}")
#INFO: ******************** input file end ********************


System: uname_result(system='Linux', node='bnode0309.rc.int.colorado.edu', release='4.18.0-477.27.1.el8_8.x86_64', version='#1 SMP Thu Aug 31 10:29:22 EDT 2023', machine='x86_64')  Threads 28
Python 3.10.2 | packaged by conda-forge | (main, Mar  8 2022, 15:52:01) [GCC 9.4.0]
numpy 2.0.2  scipy 1.14.1  h5py 3.12.1
Date: Thu May 14 09:52:00 2026
PySCF version 2.9.0
PySCF path  /projects/yizh8382/tools/lno_pyscf_gcc
GIT HEAD (branch master) 142756584ed3963728cc1f6823286f4605811a6c

[ENV] PYSCF_TMPDIR /scratch/alpine/yizh8382/pyscf
[ENV] PYSCF_EXT_PATH /home/yizh8382/tools/pyscf-forge
[CONFIG] conf_file None
[INPUT] verbose = 4
[INPUT] num. atoms = 2
[INPUT] num. electrons = 6
[INPUT] charge = 0
[INPUT] spin (= nelec alpha-beta = 2S) = 0
[INPUT] symmetry True subgroup None
[INPUT] Mole.unit = angstrom
[INPUT] Symbol           X                Y                Z      unit          X                Y                Z       unit  Magmom
[INPUT]  1 B      0.000000000000   0.000000000000   0.205543000000 AA    0.000000000000   0.000000000000   0.388419976821 Bohr   0.0
[INPUT]  2 H      0.000000000000   0.000000000000  -1.027713000000 AA    0.000000000000   0.000000000000  -1.942096104655 Bohr   0.0

nuclear repulsion = 2.14544754260267
point group symmetry = Coov
symmetry origin: [0.00000000e+00 0.00000000e+00 6.29908708e-07]
symmetry axis x: [1. 0. 0.]
symmetry axis y: [0. 1. 0.]
symmetry axis z: [0. 0. 1.]
num. orbitals of irrep A1 = 8
num. orbitals of irrep E1x = 3
num. orbitals of irrep E1y = 3
num. orbitals of irrep E2x = 1
num. orbitals of irrep E2y = 1
number of shells = 7
number of NR pGTOs = 30
number of NR cGTOs = 16
basis = {'B': [[0, [4570.0, 0.000696, -0.000139], [685.9, 0.005353, -0.001097], [156.5, 0.027134, -0.005444], [44.47, 0.10138, -0.021916], [14.48, 0.272055, -0.059751], [5.131, 0.448403, -0.138732], [1.898, 0.290123, -0.131482], [0.3329, 0.014322, 0.539526]], [0, [0.1043, 1.0]], [1, [6.001, 0.035481], [1.241, 0.198072], [0.3364, 0.50523]], [1, [0.09538, 1.0]], [2, [0.343, 1.0]]], 'H': [[0, [13.01, 0.019685], [1.962, 0.137977], [0.4446, 0.478148]], [0, [0.122, 1.0]]]}
ecp = {}
CPU time:      1374.43
Freeze 0 electrons in irreps []
    6 free electrons in irreps A1 E1x E1y E2x E2y




******** <class 'pyscf.soscf.newton_ah.SecondOrderSymAdaptedRHF'> ********
method = SecondOrderSymAdaptedRHF
initial guess = minao
damping factor = 0
level_shift factor = 0
DIIS = <class 'pyscf.scf.diis.CDIIS'>
diis_start_cycle = 1
diis_space = 8
diis_damp = 0
SCF conv_tol = 1e-09
SCF conv_tol_grad = None
SCF max_cycles = 200
direct_scf = True
direct_scf_tol = 1e-13
chkfile to save SCF result = /scratch/alpine/yizh8382/pyscf/tmpvy6vr9ku
max_memory 40000 MB (current use 926 MB)
******** <class 'pyscf.scf.hf_symm.SymAdaptedRHF'> Newton solver flags ********
SCF tol = 1e-09
conv_tol_grad = None
max. SCF cycles = 200
direct_scf = True
direct_scf_tol = 1e-13
chkfile to save SCF result = /scratch/alpine/yizh8382/pyscf/tmpvy6vr9ku
max_cycle_inner = 12
max_stepsize = 0.05
ah_start_tol = 1e+09
ah_level_shift = 0
ah_conv_tol = 1e-12
ah_lindep = 1e-14
ah_start_cycle = 1
ah_max_cycle = 40
ah_grad_trust_region = 2.5
kf_interval = 4
kf_trust_region = 5
canonicalization = True
max_memory 40000 MB (current use 926 MB)
Set conv_tol_grad to 3.16228e-05
Initial guess from minao.
HOMO (A1) = -0.166749600534634  LUMO (E1y) = 0.0168453626259653
Initial guess E= -25.1077502757225  |g|= 0.158806
macro= 0  E= -25.1232791855513  delta_E= -0.0155289  |g|= 0.158806  2 KF 5 JK
macro= 1  E= -25.1234403171242  delta_E= -0.000161132  |g|= 0.000100898  2 KF 7 JK
macro= 2  E= -25.1234403171242  delta_E= -2.13163e-14  |g|= 4.32631e-06  1 KF 2 JK
Canonicalize SCF orbitals
macro X = 3  E=-25.1234403171242  |g|= 4.32631e-06  total 6 KF 18 JK
converged SCF energy = -25.1234403171242
rhf_internal: lowest eigs of H = [1.59648925 1.96056663 2.48927417]
<class 'pyscf.soscf.newton_ah.SecondOrderSymAdaptedRHF'> wavefunction is stable in the internal stability analysis

******** <class 'pyscf.cc.ccsd.CCSD'> ********
CC2 = 0
CCSD nocc = 2, nmo = 15
frozen orbitals 1
max_cycle = 50
direct = 0
conv_tol = 1e-07
conv_tol_normt = 1e-05
diis_space = 6
diis_start_cycle = 0
diis_start_energy_diff = 1e+09
max_memory 40000 MB (current use 926 MB)
Init t2, MP2 energy = -25.1765267437947  E_corr(MP2) -0.0530864266705107
Init E_corr(CCSD) = -0.0530864266740026
cycle = 1  E_corr(CCSD) = -0.0684570791596625  dE = -0.0153706525  norm(t1,t2) = 0.0545474
cycle = 2  E_corr(CCSD) = -0.0739372294791982  dE = -0.00548015032  norm(t1,t2) = 0.0289387
cycle = 3  E_corr(CCSD) = -0.0793874206885386  dE = -0.00545019121  norm(t1,t2) = 0.0173966
cycle = 4  E_corr(CCSD) = -0.0790819629174289  dE = 0.000305457771  norm(t1,t2) = 0.00362167
cycle = 5  E_corr(CCSD) = -0.0791515528529899  dE = -6.95899356e-05  norm(t1,t2) = 0.00100333
cycle = 6  E_corr(CCSD) = -0.0790763456663218  dE = 7.52071867e-05  norm(t1,t2) = 0.000281293
cycle = 7  E_corr(CCSD) = -0.0791030042838959  dE = -2.66586176e-05  norm(t1,t2) = 0.000106629
cycle = 8  E_corr(CCSD) = -0.0790985887536353  dE = 4.41553026e-06  norm(t1,t2) = 2.17615e-05
cycle = 9  E_corr(CCSD) = -0.0790987249992297  dE = -1.36245594e-07  norm(t1,t2) = 2.50272e-06
cycle = 10  E_corr(CCSD) = -0.0790987588830303  dE = -3.38838006e-08  norm(t1,t2) = 6.30083e-07
CCSD converged
E(CCSD) = -25.20253907600725  E_corr = -0.07909875888303032
CCSD(T) correction = -0.00126158027078929
