#INFO: **** input file is /projects/yizh8382/projects/w4_17/w4-17_all/pyscf_input/run_pyscf_vdzsd.py ****
import os
import glob
import numpy as np
from pyscf import gto, scf, cc

# basis = "ccpvdz"
xyz_dir = "../w4_17_xyz/closed_shell"
results_file = f"../result/closed_shell_rhf_sym_vdzsd.dat"
out_dir = "../result/molout/closed_shell"
os.makedirs(out_dir, exist_ok=True)

# Set to a list of molecule names to run only those, e.g. ["acetaldehyde", "benzene"]
# Set to None to run all molecules in xyz_dir
select_molecules = None
symmetry = True

def vdzsd(elem):
    if elem in ('H', 'He'):
        raw_basis = gto.basis.load('ccpvdz', elem)
        return [b for b in raw_basis if b[0] != 1]
    else:
        return gto.basis.load('ccpvdz', elem)

def get_vdzsd_basis(atoms):
    elems = {line.split()[0] for line in atoms.strip().splitlines() if line.strip()}
    basis_dict = {el: vdzsd(el) for el in elems}
    return basis_dict

all_xyz = sorted(glob.glob(os.path.join(xyz_dir, "*.xyz")))
if select_molecules is not None:
    select_set = set(select_molecules)
    xyz_files = [p for p in all_xyz if os.path.splitext(os.path.basename(p))[0] in select_set]
    missing = select_set - {os.path.splitext(os.path.basename(p))[0] for p in xyz_files}
    if missing:
        print(f"Warning: no .xyz file found for: {', '.join(sorted(missing))} in {xyz_dir}")
else:
    xyz_files = all_xyz

with open(results_file, "w") as out:
    out.write(f"{'Molecule':<16s} {'Charge':>6s} {'2S':>6s} {'frozen':>6s} "
              f"{'E_RHF (Eh)':>20s} {'E_CCSD (Eh)':>20s} {'E_CCSD(T) (Eh)':>20s}\n")
    out.write("-" * 100 + "\n")

for xyz_path in xyz_files:
    with open(xyz_path, "r") as f:
        lines = f.readlines()

    # Parse charge and multiplicity from second line: "name charge=X mult=Y"
    second_line = lines[1]
    charge = int(second_line.split("charge=")[1].split()[0])
    mult   = int(second_line.split("mult=")[1].split()[0])
    spin   = mult - 1   # PySCF spin input is 2S = mult - 1
    mol_name = second_line.split()[0]

    # Coordinates only (skip the atom count and comment lines)
    atoms = "".join(lines[2:])
    basis_dict = get_vdzsd_basis(atoms)

    print(f"\n{'='*60}")
    print(f"Running: {mol_name}  charge={charge}  spin={spin}")
    print(f"{'='*60}")
    
    mol = gto.M(
        atom=atoms,
        basis=basis_dict,
        verbose=4,
        output=os.path.join(out_dir, f"{mol_name}_sym_vdzsd.out"),
        unit="angstrom",
        symmetry=symmetry,
        charge=charge,
        spin=spin,
        max_memory=40000,
    )

    mf = scf.RHF(mol)
    mf.max_cycle = 200
    mf = mf.newton()
    mf.kernel()

    # Stability check loop — at most 10 attempts
    max_stability_cycles = 10
    stable = False
    for stability_iter in range(max_stability_cycles):
        mo_i, _, stable, _ = mf.stability(return_status=True)
        if stable:
            break
        dm = mf.make_rdm1(mo_i, mf.mo_occ)
        mf.kernel(dm0=dm)

    if not stable or not mf.converged:
        print(f"  !! SCF did not converge for {mol_name} — skipping.")
        with open(results_file, "a") as out:
            out.write(f"{mol_name:<16s} {charge:>6d} {spin:>6d} {'N/A':>6s} "
                      f"{'UNCONVERGED':>20s} {'UNCONVERGED':>20s} {'UNCONVERGED':>20s}\n")
        continue

    energy = mf.e_tot

    mycc = cc.CCSD(mf)
    mycc.set_frozen()
    mycc.kernel()
    e_ccsd = mycc.e_tot
    et = mycc.ccsd_t()
    e_ccsdt = e_ccsd + et
    frozen = mycc.frozen

    with open(results_file, "a") as out:
        out.write(f"{mol_name:<16s} {charge:>6d} {spin:>6d} {frozen:>6d} "
                  f"{energy:>20.10f} {e_ccsd:>20.10f} {e_ccsdt:>20.10f}\n")

    print(f"  => E_RHF({mol_name})     = {energy:.10f} Eh")
    print(f"  => E_CCSD({mol_name})    = {e_ccsd:.10f} Eh")
    print(f"  => E_CCSD(T)({mol_name}) = {e_ccsdt:.10f} Eh")

print(f"\nAll calculations complete. Results saved to {results_file}")
#INFO: ******************** input file end ********************


System: uname_result(system='Linux', node='bnode0309.rc.int.colorado.edu', release='4.18.0-477.27.1.el8_8.x86_64', version='#1 SMP Thu Aug 31 10:29:22 EDT 2023', machine='x86_64')  Threads 28
Python 3.10.2 | packaged by conda-forge | (main, Mar  8 2022, 15:52:01) [GCC 9.4.0]
numpy 2.0.2  scipy 1.14.1  h5py 3.12.1
Date: Thu May 14 09:52:04 2026
PySCF version 2.9.0
PySCF path  /projects/yizh8382/tools/lno_pyscf_gcc
GIT HEAD (branch master) 142756584ed3963728cc1f6823286f4605811a6c

[ENV] PYSCF_TMPDIR /scratch/alpine/yizh8382/pyscf
[ENV] PYSCF_EXT_PATH /home/yizh8382/tools/pyscf-forge
[CONFIG] conf_file None
[INPUT] verbose = 4
[INPUT] num. atoms = 2
[INPUT] num. electrons = 12
[INPUT] charge = 0
[INPUT] spin (= nelec alpha-beta = 2S) = 0
[INPUT] symmetry True subgroup None
[INPUT] Mole.unit = angstrom
[INPUT] Symbol           X                Y                Z      unit          X                Y                Z       unit  Magmom
[INPUT]  1 B      0.000000000000   0.000000000000  -0.748417000000 AA    0.000000000000   0.000000000000  -1.414303156969 Bohr   0.0
[INPUT]  2 N      0.000000000000   0.000000000000   0.534583000000 AA    0.000000000000   0.000000000000   1.010215460848 Bohr   0.0

nuclear repulsion = 14.4358553251754
point group symmetry = Coov
symmetry origin: [ 0.00000000e+00  0.00000000e+00 -6.29908708e-07]
symmetry axis x: [1. 0. 0.]
symmetry axis y: [0. 1. 0.]
symmetry axis z: [0. 0. 1.]
num. orbitals of irrep A1 = 12
num. orbitals of irrep E1x = 6
num. orbitals of irrep E1y = 6
num. orbitals of irrep E2x = 2
num. orbitals of irrep E2y = 2
number of shells = 10
number of NR pGTOs = 52
number of NR cGTOs = 28
basis = {'B': [[0, [4570.0, 0.000696, -0.000139], [685.9, 0.005353, -0.001097], [156.5, 0.027134, -0.005444], [44.47, 0.10138, -0.021916], [14.48, 0.272055, -0.059751], [5.131, 0.448403, -0.138732], [1.898, 0.290123, -0.131482], [0.3329, 0.014322, 0.539526]], [0, [0.1043, 1.0]], [1, [6.001, 0.035481], [1.241, 0.198072], [0.3364, 0.50523]], [1, [0.09538, 1.0]], [2, [0.343, 1.0]]], 'N': [[0, [9046.0, 0.0007, -0.000153], [1357.0, 0.005389, -0.001208], [309.3, 0.027406, -0.005992], [87.73, 0.103207, -0.024544], [28.56, 0.278723, -0.067459], [10.21, 0.44854, -0.158078], [3.838, 0.278238, -0.121831], [0.7466, 0.01544, 0.549003]], [0, [0.2248, 1.0]], [1, [13.55, 0.039919], [2.917, 0.217169], [0.7973, 0.510319]], [1, [0.2185, 1.0]], [2, [0.817, 1.0]]]}
ecp = {}
CPU time:      1472.63
Freeze 0 electrons in irreps []
    12 free electrons in irreps A1 E1x E1y E2x E2y




******** <class 'pyscf.soscf.newton_ah.SecondOrderSymAdaptedRHF'> ********
method = SecondOrderSymAdaptedRHF
initial guess = minao
damping factor = 0
level_shift factor = 0
DIIS = <class 'pyscf.scf.diis.CDIIS'>
diis_start_cycle = 1
diis_space = 8
diis_damp = 0
SCF conv_tol = 1e-09
SCF conv_tol_grad = None
SCF max_cycles = 200
direct_scf = True
direct_scf_tol = 1e-13
chkfile to save SCF result = /scratch/alpine/yizh8382/pyscf/tmp2g4hwo7r
max_memory 40000 MB (current use 927 MB)
******** <class 'pyscf.scf.hf_symm.SymAdaptedRHF'> Newton solver flags ********
SCF tol = 1e-09
conv_tol_grad = None
max. SCF cycles = 200
direct_scf = True
direct_scf_tol = 1e-13
chkfile to save SCF result = /scratch/alpine/yizh8382/pyscf/tmp2g4hwo7r
max_cycle_inner = 12
max_stepsize = 0.05
ah_start_tol = 1e+09
ah_level_shift = 0
ah_conv_tol = 1e-12
ah_lindep = 1e-14
ah_start_cycle = 1
ah_max_cycle = 40
ah_grad_trust_region = 2.5
kf_interval = 4
kf_trust_region = 5
canonicalization = True
max_memory 40000 MB (current use 927 MB)
Set conv_tol_grad to 3.16228e-05
Initial guess from minao.
HOMO (E1y) = -0.307804597405058  LUMO (A1) = -0.18331967740227
Initial guess E= -78.796072373915  |g|= 0.502036
macro= 0  E= -78.8834062973502  delta_E= -0.0873339  |g|= 0.502036  2 KF 5 JK
macro= 1  E= -78.8881223425568  delta_E= -0.00471605  |g|= 0.0141031  3 KF 10 JK
macro= 2  E= -78.8881230489553  delta_E= -7.06398e-07  |g|= 4.17502e-05  2 KF 8 JK
macro= 3  E= -78.8881230489553  delta_E= -7.10543e-14  |g|= 4.15647e-06  1 KF 2 JK
Canonicalize SCF orbitals
macro X = 4  E=-78.8881230489553  |g|= 4.15647e-06  total 9 KF 30 JK
converged SCF energy = -78.8881230489553
rhf_internal: lowest eigs of H = [0.31499364 0.65852385 1.99896084]
<class 'pyscf.soscf.newton_ah.SecondOrderSymAdaptedRHF'> wavefunction is stable in the internal stability analysis

******** <class 'pyscf.cc.ccsd.CCSD'> ********
CC2 = 0
CCSD nocc = 4, nmo = 26
frozen orbitals 2
max_cycle = 50
direct = 0
conv_tol = 1e-07
conv_tol_normt = 1e-05
diis_space = 6
diis_start_cycle = 0
diis_start_energy_diff = 1e+09
max_memory 40000 MB (current use 927 MB)
Init t2, MP2 energy = -79.1825290196131  E_corr(MP2) -0.294405970657728
Init E_corr(CCSD) = -0.294405970658943
cycle = 1  E_corr(CCSD) = -0.248372141968733  dE = 0.0460338287  norm(t1,t2) = 0.152077
cycle = 2  E_corr(CCSD) = -0.28936232065519  dE = -0.0409901787  norm(t1,t2) = 0.105149
cycle = 3  E_corr(CCSD) = -0.279900318761199  dE = 0.00946200189  norm(t1,t2) = 0.0866664
cycle = 4  E_corr(CCSD) = -0.284882007821448  dE = -0.00498168906  norm(t1,t2) = 0.0302867
cycle = 5  E_corr(CCSD) = -0.290120942310107  dE = -0.00523893449  norm(t1,t2) = 0.0137075
cycle = 6  E_corr(CCSD) = -0.288819954084315  dE = 0.00130098823  norm(t1,t2) = 0.00526945
cycle = 7  E_corr(CCSD) = -0.289023935504781  dE = -0.00020398142  norm(t1,t2) = 0.00284852
cycle = 8  E_corr(CCSD) = -0.28907169685447  dE = -4.77613497e-05  norm(t1,t2) = 0.00109764
cycle = 9  E_corr(CCSD) = -0.288980865117634  dE = 9.08317368e-05  norm(t1,t2) = 0.000394805
cycle = 10  E_corr(CCSD) = -0.288995383503206  dE = -1.45183856e-05  norm(t1,t2) = 0.000138716
cycle = 11  E_corr(CCSD) = -0.288992900973667  dE = 2.48252954e-06  norm(t1,t2) = 3.05035e-05
cycle = 12  E_corr(CCSD) = -0.288994330122142  dE = -1.42914847e-06  norm(t1,t2) = 9.30713e-06
cycle = 13  E_corr(CCSD) = -0.288994660397955  dE = -3.30275813e-07  norm(t1,t2) = 2.61007e-06
cycle = 14  E_corr(CCSD) = -0.288994921201137  dE = -2.60803182e-07  norm(t1,t2) = 1.56281e-06
cycle = 15  E_corr(CCSD) = -0.288994797940097  dE = 1.2326104e-07  norm(t1,t2) = 6.61538e-07
cycle = 16  E_corr(CCSD) = -0.288994877806283  dE = -7.98661863e-08  norm(t1,t2) = 4.59665e-07
CCSD converged
E(CCSD) = -79.17711792676162  E_corr = -0.2889948778062829
CCSD(T) correction = -0.0288568717254809
