------------------------------------------- AFQMC Sampling Started -------------------------------------------
Hostname: gpua016.delta.ncsa.illinois.edu
System Type: Linux
Machine Type: x86_64
Processor: x86_64
Using GPU.
System: Linux
Node Name: gpua016.delta.ncsa.illinois.edu
Release: 5.14.0-427.91.1.el9_4.x86_64
Version: #1 SMP PREEMPT_DYNAMIC Wed Sep 17 10:08:59 EDT 2025
Machine: x86_64
Processor: x86_64
Decomposing Unrestricted T2 amplitudes
Throw 0 vectors in T2 deomposition
SVD cutoff = 1.00e-08 | error = 1.73e-15
number of T2 decomposition vectors 176
norb: 26
nelec: (4, 4)
n_eql: 120
n_blocks: 1000
n_walkers: 300
dt: 0.005
max_error: 0.0
seed: 17
walker_type: uhf
trial: uccsd_pt2
free_projection: False
use_gpu: True
n_exp_terms: 6
n_prop_steps: 50
save_walkers: False
n_batch: 1
nchol_chunk: 100
mix_precision: True
initial AFQMC/pt2CCSD Energy is -75.701278
Propagating with 300 walkers
----------------------------------------------- Equilibration ------------------------------------------------
inv_T        weight  killW        energy   runTime
 0.00    300.000000      0    -75.505320     10.68
 3.00    302.351248      0    -75.674665     16.83
 6.00    302.419070      0    -75.679107     17.37
 9.00    302.384486      0    -75.681527     17.92
12.00    302.055289      0    -75.692358     18.47
15.00    302.570155      0    -75.705799     19.01
18.00    302.443003      0    -75.714711     19.56
21.00    302.097922      0    -75.723874     20.11
24.00    301.946436      0    -75.702368     20.65
27.00    302.016010      0    -75.723258     21.20
30.00    301.835591      0    -75.724801     21.75
---------------------------------------------- Sampling Blocks -----------------------------------------------
blocks        weight  killW       E_Guide     error       E_Trial     error     olp_T/G     error  Walltime
    20    301.950513      7    -75.724631  0.004775    -75.725790  0.002197    1.243906  0.007641   28.45
    40    301.640207     14    -75.727448  0.004100    -75.725279  0.001731    1.250886  0.006680   29.73
    60    301.342872     17    -75.724814  0.003285    -75.724302  0.001298    1.266247  0.010526   31.01
    80    301.184445     23    -75.726468  0.003084    -75.723469  0.001030    1.271842  0.008624   32.30
   100    300.973404     28    -75.726660  0.002418    -75.723096  0.001346    1.273107  0.006855   33.58
   120    300.822841     32    -75.727544  0.002071    -75.723226  0.001153    1.275054  0.005834   34.94
   140    300.634714     39    -75.726977  0.001959    -75.722893  0.001005    1.278550  0.005586   36.23
   160    300.487543     42    -75.727404  0.001771    -75.722882  0.000931    1.279338  0.004911   37.52
   180    300.356853     48    -75.726836  0.001606    -75.722923  0.000861    1.279250  0.004393   38.81
   200    300.225286     54    -75.726973  0.001470    -75.723215  0.000798    1.279743  0.003978   40.13
   220    300.135098     58    -75.727102  0.001364    -75.723132  0.000737    1.281385  0.003870   41.42
   240    300.040288     60    -75.727188  0.001277    -75.722885  0.000689    1.280894  0.003562   42.70
   260    299.989217     65    -75.728644  0.001577    -75.723139  0.000655    1.282371  0.003463   43.98
   280    299.932062     71    -75.729372  0.001564    -75.723321  0.000633    1.284068  0.003459   45.26
   300    299.857201     79    -75.729186  0.001465    -75.723265  0.000600    1.283256  0.003274   46.54
   320    299.808944     83    -75.729700  0.001453    -75.723457  0.000579    1.282735  0.003106   47.82
   340    299.755710     90    -75.729752  0.001370    -75.723287  0.000551    1.283238  0.002941   49.10
   360    299.701168     95    -75.729460  0.001333    -75.723098  0.000531    1.283568  0.002787   50.38
   380    299.657743    101    -75.729583  0.001281    -75.723420  0.000516    1.283164  0.002666   51.67
   400    299.610320    105    -75.729533  0.001217    -75.723470  0.000501    1.282549  0.002603   52.96
   420    299.584488    108    -75.730112  0.001228    -75.723514  0.000484    1.282489  0.002507   54.25
   440    299.543084    110    -75.729592  0.001311    -75.723480  0.000472    1.281539  0.002541   55.53
   460    299.509076    113    -75.729653  0.001301    -75.723547  0.000457    1.281226  0.002531   56.81
   480    299.477929    116    -75.729562  0.001254    -75.723485  0.000441    1.282006  0.002554   58.10
   500    299.451125    121    -75.729578  0.001199    -75.723548  0.000430    1.283130  0.002589   59.39
   520    299.433084    125    -75.729797  0.001195    -75.723601  0.000419    1.283212  0.002622   60.67
   540    299.412340    129    -75.729891  0.001172    -75.723575  0.000405    1.283461  0.002564   61.95
   560    299.397666    136    -75.730244  0.001183    -75.723722  0.000401    1.283566  0.002508   63.24
   580    299.370724    142    -75.730075  0.001158    -75.723736  0.000392    1.283797  0.002458   64.52
   600    299.350204    146    -75.729934  0.001120    -75.723733  0.000405    1.283273  0.002448   65.80
   620    299.330593    152    -75.730035  0.001096    -75.723826  0.000408    1.283256  0.002388   67.08
   640    299.318683    155    -75.730415  0.001123    -75.723857  0.000401    1.283233  0.002364   68.37
   660    299.312204    159    -75.730808  0.001143    -75.724115  0.000402    1.283256  0.002306   69.65
   680    299.299714    163    -75.730757  0.001107    -75.724153  0.000396    1.282855  0.002268   70.94
   700    299.282633    166    -75.730467  0.001100    -75.724125  0.000387    1.282784  0.002222   72.22
   720    299.265030    174    -75.730313  0.001074    -75.724039  0.000381    1.282877  0.002153   73.50
   740    299.254950    179    -75.730449  0.001057    -75.723986  0.000373    1.282893  0.002100   74.78
   760    299.242757    180    -75.730348  0.001064    -75.723891  0.000365    1.283324  0.002135   76.06
   780    299.232429    185    -75.730264  0.001043    -75.723892  0.000357    1.283562  0.002092   77.34
   800    299.222017    188    -75.730278  0.001027    -75.723964  0.000350    1.284189  0.002176   78.63
   820    299.213443    192    -75.730223  0.001003    -75.724014  0.000343    1.284642  0.002170   79.91
   840    299.206214    197    -75.730322  0.000984    -75.724044  0.000337    1.284631  0.002186   81.20
   860    299.196457    200    -75.730254  0.000963    -75.724066  0.000332    1.284382  0.002186   82.48
   880    299.192097    203    -75.730470  0.000986    -75.724241  0.000335    1.283969  0.002150   83.77
   900    299.184005    208    -75.730702  0.000986    -75.724356  0.000331    1.284150  0.002142   85.05
   920    299.176913    213    -75.730864  0.001004    -75.724352  0.000328    1.284639  0.002114   86.34
   940    299.170760    217    -75.730978  0.000993    -75.724370  0.000324    1.284574  0.002120   87.62
   960    299.167715    221    -75.731193  0.000987    -75.724578  0.000328    1.283962  0.002229   88.90
   980    299.163102    226    -75.731393  0.000968    -75.724679  0.000325    1.283747  0.002229   90.18
  1000    299.156734    228    -75.731481  0.000973    -75.724738  0.000321    1.283915  0.002181   91.47
---------------------------------------------- Post Propagation ----------------------------------------------
Total number of samples 1000
Raw AFQMC/HF (Guide) energy:           -75.731481 ± 0.000973
Raw Trial/Guide overlap ratio:          1.283915 ± 0.002181
Raw AFQMC/pt2CCSD energy (covariance): -75.724738 ± 0.000321
Raw AFQMC/pt2CCSD energy (dir sample): -75.724738 ± 0.000240
--------------------------------------------- Clean Obeservation ---------------------------------------------
removing energies outside zeta > 30
Outlier energy bound [-75.896363, -75.551184]
Removed 0 outliers with energies []
Clean AFQMC/pt2CCSD overlap ratio:        1.283915 ± 0.002181
Clean AFQMC/pt2CCSD energy (covariance): -75.724738 ± 0.000321
Clean AFQMC/ptCCSD energy (dir sample):  -75.724738 ± 0.000240
--------------------------------------------- Blocking Analysis ----------------------------------------------
nsample = 1000, max_block_size = 25, min_nblocks = 40
   B    NB    NS  Observable     Error    dError
   1  1000  1000    1.283924  0.000603  0.000013
   2   500  1000    1.283924  0.000814  0.000026
   3   333   999    1.283928  0.000974  0.000038
   4   250  1000    1.283924  0.001092  0.000049
   5   200  1000    1.283925  0.001201  0.000060
   6   166   996    1.283910  0.001305  0.000072
   7   142   994    1.283874  0.001386  0.000083
   8   125  1000    1.283924  0.001475  0.000094
   9   111   999    1.283928  0.001520  0.000102
  10   100  1000    1.283924  0.001591  0.000113
  11    90   990    1.283814  0.001650  0.000124
  12    83   996    1.283909  0.001687  0.000132
  13    76   988    1.283811  0.001741  0.000142
  14    71   994    1.283873  0.001806  0.000153
  15    66   990    1.283814  0.001836  0.000161
  16    62   992    1.283837  0.001884  0.000171
  17    58   986    1.283825  0.001893  0.000177
  18    55   990    1.283813  0.001935  0.000186
  19    52   988    1.283811  0.001969  0.000195
  20    50  1000    1.283924  0.001995  0.000202
  21    47   987    1.283821  0.002061  0.000215
  22    45   990    1.283813  0.002042  0.000218
  23    43   989    1.283811  0.002025  0.000221
  24    41   984    1.283800  0.002181  0.000244
  25    40  1000    1.283924  0.002108  0.000239
Fit (variance): plateau_var = 6.093e-06 ± 1.168e-06
Fit (error):    plateau = 0.002468 ± 0.000237
     autocorrelation length ~ 18.9 blocks
     plateau reached at block size ~ 87
     !!!Failed to reach plateau in blocking
     Return max block error
nclean = 1000, max_block_size = 25, min_nblocks = 40
Blk_SZ   NBlk   NSmp      Energy     Error    dError
     1   1000   1000  -75.724554  0.000240  0.000005
     2    500   1000  -75.724573  0.000284  0.000009
     3    333    999  -75.724586  0.000312  0.000012
     4    250   1000  -75.724598  0.000331  0.000015
     5    200   1000  -75.724609  0.000345  0.000017
     6    166    996  -75.724601  0.000366  0.000020
     7    142    994  -75.724595  0.000381  0.000023
     8    125   1000  -75.724632  0.000375  0.000024
     9    111    999  -75.724634  0.000387  0.000026
    10    100   1000  -75.724637  0.000398  0.000028
    11     90    990  -75.724564  0.000405  0.000030
    12     83    996  -75.724630  0.000396  0.000031
    13     76    988  -75.724567  0.000399  0.000033
    14     71    994  -75.724628  0.000429  0.000036
    15     66    990  -75.724591  0.000416  0.000036
    16     62    992  -75.724610  0.000411  0.000037
    17     58    986  -75.724575  0.000453  0.000042
    18     55    990  -75.724582  0.000448  0.000043
    19     52    988  -75.724580  0.000431  0.000043
    20     50   1000  -75.724659  0.000437  0.000044
    21     47    987  -75.724590  0.000419  0.000044
    22     45    990  -75.724587  0.000414  0.000044
    23     43    989  -75.724586  0.000429  0.000047
    24     41    984  -75.724605  0.000472  0.000053
    25     40   1000  -75.724673  0.000424  0.000048
Fit (variance): plateau_var = 1.868618e-07 ± 1.304816e-08
Fit (error):    plateau = 0.000432 ± 0.000015
     autocorrelation length ~ 5.8 blocks
     plateau reached at block size ~ 26
     !!!Failed to reach plateau in blocking
     Return max block error
Final AFQMC/pt2CCSD overlap ratio: 1.283915 ± 0.002181
Final AFQMC/pt2CCSD energy: -75.724738 ± 0.000472
Total run time: 100.80
------------------------------------------ AFQMC Sampling Finished -------------------------------------------
