#INFO: **** input file is /projects/yizh8382/projects/w4_17/w4-17_all/pyscf_input/run_pyscf_vdzsd.py ****
import os
import glob
import numpy as np
from pyscf import gto, scf, cc

# basis = "ccpvdz"
xyz_dir = "../w4_17_xyz/closed_shell"
results_file = f"../result/closed_shell_rhf_sym_vdzsd.dat"
out_dir = "../result/molout/closed_shell"
os.makedirs(out_dir, exist_ok=True)

# Set to a list of molecule names to run only those, e.g. ["acetaldehyde", "benzene"]
# Set to None to run all molecules in xyz_dir
select_molecules = None
symmetry = True

def vdzsd(elem):
    if elem in ('H', 'He'):
        raw_basis = gto.basis.load('ccpvdz', elem)
        return [b for b in raw_basis if b[0] != 1]
    else:
        return gto.basis.load('ccpvdz', elem)

def get_vdzsd_basis(atoms):
    elems = {line.split()[0] for line in atoms.strip().splitlines() if line.strip()}
    basis_dict = {el: vdzsd(el) for el in elems}
    return basis_dict

all_xyz = sorted(glob.glob(os.path.join(xyz_dir, "*.xyz")))
if select_molecules is not None:
    select_set = set(select_molecules)
    xyz_files = [p for p in all_xyz if os.path.splitext(os.path.basename(p))[0] in select_set]
    missing = select_set - {os.path.splitext(os.path.basename(p))[0] for p in xyz_files}
    if missing:
        print(f"Warning: no .xyz file found for: {', '.join(sorted(missing))} in {xyz_dir}")
else:
    xyz_files = all_xyz

with open(results_file, "w") as out:
    out.write(f"{'Molecule':<16s} {'Charge':>6s} {'2S':>6s} {'frozen':>6s} "
              f"{'E_RHF (Eh)':>20s} {'E_CCSD (Eh)':>20s} {'E_CCSD(T) (Eh)':>20s}\n")
    out.write("-" * 100 + "\n")

for xyz_path in xyz_files:
    with open(xyz_path, "r") as f:
        lines = f.readlines()

    # Parse charge and multiplicity from second line: "name charge=X mult=Y"
    second_line = lines[1]
    charge = int(second_line.split("charge=")[1].split()[0])
    mult   = int(second_line.split("mult=")[1].split()[0])
    spin   = mult - 1   # PySCF spin input is 2S = mult - 1
    mol_name = second_line.split()[0]

    # Coordinates only (skip the atom count and comment lines)
    atoms = "".join(lines[2:])
    basis_dict = get_vdzsd_basis(atoms)

    print(f"\n{'='*60}")
    print(f"Running: {mol_name}  charge={charge}  spin={spin}")
    print(f"{'='*60}")
    
    mol = gto.M(
        atom=atoms,
        basis=basis_dict,
        verbose=4,
        output=os.path.join(out_dir, f"{mol_name}_sym_vdzsd.out"),
        unit="angstrom",
        symmetry=symmetry,
        charge=charge,
        spin=spin,
        max_memory=40000,
    )

    mf = scf.RHF(mol)
    mf.max_cycle = 200
    mf = mf.newton()
    mf.kernel()

    # Stability check loop — at most 10 attempts
    max_stability_cycles = 10
    stable = False
    for stability_iter in range(max_stability_cycles):
        mo_i, _, stable, _ = mf.stability(return_status=True)
        if stable:
            break
        dm = mf.make_rdm1(mo_i, mf.mo_occ)
        mf.kernel(dm0=dm)

    if not stable or not mf.converged:
        print(f"  !! SCF did not converge for {mol_name} — skipping.")
        with open(results_file, "a") as out:
            out.write(f"{mol_name:<16s} {charge:>6d} {spin:>6d} {'N/A':>6s} "
                      f"{'UNCONVERGED':>20s} {'UNCONVERGED':>20s} {'UNCONVERGED':>20s}\n")
        continue

    energy = mf.e_tot

    mycc = cc.CCSD(mf)
    mycc.set_frozen()
    mycc.kernel()
    e_ccsd = mycc.e_tot
    et = mycc.ccsd_t()
    e_ccsdt = e_ccsd + et
    frozen = mycc.frozen

    with open(results_file, "a") as out:
        out.write(f"{mol_name:<16s} {charge:>6d} {spin:>6d} {frozen:>6d} "
                  f"{energy:>20.10f} {e_ccsd:>20.10f} {e_ccsdt:>20.10f}\n")

    print(f"  => E_RHF({mol_name})     = {energy:.10f} Eh")
    print(f"  => E_CCSD({mol_name})    = {e_ccsd:.10f} Eh")
    print(f"  => E_CCSD(T)({mol_name}) = {e_ccsdt:.10f} Eh")

print(f"\nAll calculations complete. Results saved to {results_file}")
#INFO: ******************** input file end ********************


System: uname_result(system='Linux', node='bnode0309.rc.int.colorado.edu', release='4.18.0-477.27.1.el8_8.x86_64', version='#1 SMP Thu Aug 31 10:29:22 EDT 2023', machine='x86_64')  Threads 28
Python 3.10.2 | packaged by conda-forge | (main, Mar  8 2022, 15:52:01) [GCC 9.4.0]
numpy 2.0.2  scipy 1.14.1  h5py 3.12.1
Date: Thu May 14 09:52:19 2026
PySCF version 2.9.0
PySCF path  /projects/yizh8382/tools/lno_pyscf_gcc
GIT HEAD (branch master) 142756584ed3963728cc1f6823286f4605811a6c

[ENV] PYSCF_TMPDIR /scratch/alpine/yizh8382/pyscf
[ENV] PYSCF_EXT_PATH /home/yizh8382/tools/pyscf-forge
[CONFIG] conf_file None
[INPUT] verbose = 4
[INPUT] num. atoms = 2
[INPUT] num. electrons = 12
[INPUT] charge = 0
[INPUT] spin (= nelec alpha-beta = 2S) = 0
[INPUT] symmetry True subgroup None
[INPUT] Mole.unit = angstrom
[INPUT] Symbol           X                Y                Z      unit          X                Y                Z       unit  Magmom
[INPUT]  1 C      0.000000000000   0.000000000000   0.620000000000 AA    0.000000000000   0.000000000000   1.171630197230 Bohr   0.0
[INPUT]  2 C      0.000000000000   0.000000000000  -0.620000000000 AA    0.000000000000   0.000000000000  -1.171630197230 Bohr   0.0

nuclear repulsion = 15.3632093492903
point group symmetry = Dooh
symmetry origin: [0. 0. 0.]
symmetry axis x: [1. 0. 0.]
symmetry axis y: [0. 1. 0.]
symmetry axis z: [0. 0. 1.]
num. orbitals of irrep A1g = 6
num. orbitals of irrep E1gx = 3
num. orbitals of irrep E1gy = 3
num. orbitals of irrep A1u = 6
num. orbitals of irrep E1uy = 3
num. orbitals of irrep E1ux = 3
num. orbitals of irrep E2gx = 1
num. orbitals of irrep E2gy = 1
num. orbitals of irrep E2uy = 1
num. orbitals of irrep E2ux = 1
number of shells = 10
number of NR pGTOs = 52
number of NR cGTOs = 28
basis = {'C': [[0, [6665.0, 0.000692, -0.000146], [1000.0, 0.005329, -0.001154], [228.0, 0.027077, -0.005725], [64.71, 0.101718, -0.023312], [21.06, 0.27474, -0.063955], [7.495, 0.448564, -0.149981], [2.797, 0.285074, -0.127262], [0.5215, 0.015204, 0.544529]], [0, [0.1596, 1.0]], [1, [9.439, 0.038109], [2.002, 0.20948], [0.5456, 0.508557]], [1, [0.1517, 1.0]], [2, [0.55, 1.0]]]}
ecp = {}
CPU time:      1883.41
Freeze 0 electrons in irreps []
    12 free electrons in irreps A1g E1gx E1gy A1u E1uy E1ux E2gx E2gy E2uy E2ux




******** <class 'pyscf.soscf.newton_ah.SecondOrderSymAdaptedRHF'> ********
method = SecondOrderSymAdaptedRHF
initial guess = minao
damping factor = 0
level_shift factor = 0
DIIS = <class 'pyscf.scf.diis.CDIIS'>
diis_start_cycle = 1
diis_space = 8
diis_damp = 0
SCF conv_tol = 1e-09
SCF conv_tol_grad = None
SCF max_cycles = 200
direct_scf = True
direct_scf_tol = 1e-13
chkfile to save SCF result = /scratch/alpine/yizh8382/pyscf/tmplt551l7u
max_memory 40000 MB (current use 882 MB)
******** <class 'pyscf.scf.hf_symm.SymAdaptedRHF'> Newton solver flags ********
SCF tol = 1e-09
conv_tol_grad = None
max. SCF cycles = 200
direct_scf = True
direct_scf_tol = 1e-13
chkfile to save SCF result = /scratch/alpine/yizh8382/pyscf/tmplt551l7u
max_cycle_inner = 12
max_stepsize = 0.05
ah_start_tol = 1e+09
ah_level_shift = 0
ah_conv_tol = 1e-12
ah_lindep = 1e-14
ah_start_cycle = 1
ah_max_cycle = 40
ah_grad_trust_region = 2.5
kf_interval = 4
kf_trust_region = 5
canonicalization = True
max_memory 40000 MB (current use 882 MB)
Set conv_tol_grad to 3.16228e-05
Initial guess from minao.
HOMO (E1ux) = -0.265707747676754  LUMO (A1g) = -0.18708845698256
Initial guess E= -75.3721297945397  |g|= 0.197805
macro= 0  E= -75.3868171139415  delta_E= -0.0146873  |g|= 7.69342e-05  3 KF 11 JK
macro= 1  E= -75.3868171139421  delta_E= -5.96856e-13  |g|= 8.94389e-06  1 KF 2 JK
Canonicalize SCF orbitals
macro X = 2  E=-75.3868171139421  |g|= 8.94389e-06  total 5 KF 16 JK
converged SCF energy = -75.3868171139421
rhf_internal: lowest eigs of H = [2.33990443 2.64298577 4.09520374]
<class 'pyscf.soscf.newton_ah.SecondOrderSymAdaptedRHF'> wavefunction is stable in the internal stability analysis

******** <class 'pyscf.cc.ccsd.CCSD'> ********
CC2 = 0
CCSD nocc = 4, nmo = 26
frozen orbitals 2
max_cycle = 50
direct = 0
conv_tol = 1e-07
conv_tol_normt = 1e-05
diis_space = 6
diis_start_cycle = 0
diis_start_energy_diff = 1e+09
max_memory 40000 MB (current use 882 MB)
Init t2, MP2 energy = -75.6973948111396  E_corr(MP2) -0.310577697197538
Init E_corr(CCSD) = -0.310577697211583
cycle = 1  E_corr(CCSD) = -0.26812552516572  dE = 0.042452172  norm(t1,t2) = 0.103084
cycle = 2  E_corr(CCSD) = -0.305947654153691  dE = -0.037822129  norm(t1,t2) = 0.0757281
cycle = 3  E_corr(CCSD) = -0.297970041103974  dE = 0.00797761305  norm(t1,t2) = 0.0299478
cycle = 4  E_corr(CCSD) = -0.312029677036334  dE = -0.0140596359  norm(t1,t2) = 0.0280668
cycle = 5  E_corr(CCSD) = -0.311717956408237  dE = 0.000311720628  norm(t1,t2) = 0.00328488
cycle = 6  E_corr(CCSD) = -0.311990899299831  dE = -0.000272942892  norm(t1,t2) = 0.00129951
cycle = 7  E_corr(CCSD) = -0.312173126482647  dE = -0.000182227183  norm(t1,t2) = 0.000735574
cycle = 8  E_corr(CCSD) = -0.31210460138556  dE = 6.85250971e-05  norm(t1,t2) = 0.000383394
cycle = 9  E_corr(CCSD) = -0.312112236581951  dE = -7.63519639e-06  norm(t1,t2) = 0.00010974
cycle = 10  E_corr(CCSD) = -0.312128766734752  dE = -1.65301528e-05  norm(t1,t2) = 4.88977e-05
cycle = 11  E_corr(CCSD) = -0.312122254815627  dE = 6.51191913e-06  norm(t1,t2) = 1.43594e-05
cycle = 12  E_corr(CCSD) = -0.312123592939511  dE = -1.33812388e-06  norm(t1,t2) = 4.51472e-06
cycle = 13  E_corr(CCSD) = -0.312123117030581  dE = 4.7590893e-07  norm(t1,t2) = 9.52918e-07
cycle = 14  E_corr(CCSD) = -0.312123131437725  dE = -1.44071439e-08  norm(t1,t2) = 1.96784e-07
CCSD converged
E(CCSD) = -75.69894024537982  E_corr = -0.3121231314377247
CCSD(T) correction = -0.0275376941220573
