#INFO: **** input file is /projects/yizh8382/projects/w4_17/w4-17_all/pyscf_input/run_pyscf_vdzsd.py ****
import os
import glob
import numpy as np
from pyscf import gto, scf, cc

# basis = "ccpvdz"
xyz_dir = "../w4_17_xyz/closed_shell"
results_file = f"../result/closed_shell_rhf_sym_vdzsd.dat"
out_dir = "../result/molout/closed_shell"
os.makedirs(out_dir, exist_ok=True)

# Set to a list of molecule names to run only those, e.g. ["acetaldehyde", "benzene"]
# Set to None to run all molecules in xyz_dir
select_molecules = None
symmetry = True

def vdzsd(elem):
    if elem in ('H', 'He'):
        raw_basis = gto.basis.load('ccpvdz', elem)
        return [b for b in raw_basis if b[0] != 1]
    else:
        return gto.basis.load('ccpvdz', elem)

def get_vdzsd_basis(atoms):
    elems = {line.split()[0] for line in atoms.strip().splitlines() if line.strip()}
    basis_dict = {el: vdzsd(el) for el in elems}
    return basis_dict

all_xyz = sorted(glob.glob(os.path.join(xyz_dir, "*.xyz")))
if select_molecules is not None:
    select_set = set(select_molecules)
    xyz_files = [p for p in all_xyz if os.path.splitext(os.path.basename(p))[0] in select_set]
    missing = select_set - {os.path.splitext(os.path.basename(p))[0] for p in xyz_files}
    if missing:
        print(f"Warning: no .xyz file found for: {', '.join(sorted(missing))} in {xyz_dir}")
else:
    xyz_files = all_xyz

with open(results_file, "w") as out:
    out.write(f"{'Molecule':<16s} {'Charge':>6s} {'2S':>6s} {'frozen':>6s} "
              f"{'E_RHF (Eh)':>20s} {'E_CCSD (Eh)':>20s} {'E_CCSD(T) (Eh)':>20s}\n")
    out.write("-" * 100 + "\n")

for xyz_path in xyz_files:
    with open(xyz_path, "r") as f:
        lines = f.readlines()

    # Parse charge and multiplicity from second line: "name charge=X mult=Y"
    second_line = lines[1]
    charge = int(second_line.split("charge=")[1].split()[0])
    mult   = int(second_line.split("mult=")[1].split()[0])
    spin   = mult - 1   # PySCF spin input is 2S = mult - 1
    mol_name = second_line.split()[0]

    # Coordinates only (skip the atom count and comment lines)
    atoms = "".join(lines[2:])
    basis_dict = get_vdzsd_basis(atoms)

    print(f"\n{'='*60}")
    print(f"Running: {mol_name}  charge={charge}  spin={spin}")
    print(f"{'='*60}")
    
    mol = gto.M(
        atom=atoms,
        basis=basis_dict,
        verbose=4,
        output=os.path.join(out_dir, f"{mol_name}_sym_vdzsd.out"),
        unit="angstrom",
        symmetry=symmetry,
        charge=charge,
        spin=spin,
        max_memory=40000,
    )

    mf = scf.RHF(mol)
    mf.max_cycle = 200
    mf = mf.newton()
    mf.kernel()

    # Stability check loop — at most 10 attempts
    max_stability_cycles = 10
    stable = False
    for stability_iter in range(max_stability_cycles):
        mo_i, _, stable, _ = mf.stability(return_status=True)
        if stable:
            break
        dm = mf.make_rdm1(mo_i, mf.mo_occ)
        mf.kernel(dm0=dm)

    if not stable or not mf.converged:
        print(f"  !! SCF did not converge for {mol_name} — skipping.")
        with open(results_file, "a") as out:
            out.write(f"{mol_name:<16s} {charge:>6d} {spin:>6d} {'N/A':>6s} "
                      f"{'UNCONVERGED':>20s} {'UNCONVERGED':>20s} {'UNCONVERGED':>20s}\n")
        continue

    energy = mf.e_tot

    mycc = cc.CCSD(mf)
    mycc.set_frozen()
    mycc.kernel()
    e_ccsd = mycc.e_tot
    et = mycc.ccsd_t()
    e_ccsdt = e_ccsd + et
    frozen = mycc.frozen

    with open(results_file, "a") as out:
        out.write(f"{mol_name:<16s} {charge:>6d} {spin:>6d} {frozen:>6d} "
                  f"{energy:>20.10f} {e_ccsd:>20.10f} {e_ccsdt:>20.10f}\n")

    print(f"  => E_RHF({mol_name})     = {energy:.10f} Eh")
    print(f"  => E_CCSD({mol_name})    = {e_ccsd:.10f} Eh")
    print(f"  => E_CCSD(T)({mol_name}) = {e_ccsdt:.10f} Eh")

print(f"\nAll calculations complete. Results saved to {results_file}")
#INFO: ******************** input file end ********************


System: uname_result(system='Linux', node='bnode0309.rc.int.colorado.edu', release='4.18.0-477.27.1.el8_8.x86_64', version='#1 SMP Thu Aug 31 10:29:22 EDT 2023', machine='x86_64')  Threads 28
Python 3.10.2 | packaged by conda-forge | (main, Mar  8 2022, 15:52:01) [GCC 9.4.0]
numpy 2.0.2  scipy 1.14.1  h5py 3.12.1
Date: Thu May 14 09:53:17 2026
PySCF version 2.9.0
PySCF path  /projects/yizh8382/tools/lno_pyscf_gcc
GIT HEAD (branch master) 142756584ed3963728cc1f6823286f4605811a6c

[ENV] PYSCF_TMPDIR /scratch/alpine/yizh8382/pyscf
[ENV] PYSCF_EXT_PATH /home/yizh8382/tools/pyscf-forge
[CONFIG] conf_file None
[INPUT] verbose = 4
[INPUT] num. atoms = 8
[INPUT] num. electrons = 34
[INPUT] charge = 0
[INPUT] spin (= nelec alpha-beta = 2S) = 0
[INPUT] symmetry True subgroup None
[INPUT] Mole.unit = angstrom
[INPUT] Symbol           X                Y                Z      unit          X                Y                Z       unit  Magmom
[INPUT]  1 Cl     0.000000000000   0.117358769400  -0.999012739000 AA    0.000000000000   0.221775932482  -1.887860471662 Bohr   0.0
[INPUT]  2 C      0.000000000000  -0.662988651500   0.616451308700 AA    0.000000000000  -1.252866975030   1.164924142573 Bohr   0.0
[INPUT]  3 C      0.000000000000   0.374892053000   1.719614169000 AA    0.000000000000   0.708443306446   3.249599819332 Bohr   0.0
[INPUT]  4 H      0.000000000000  -0.124638135500   2.690701499300 AA    0.000000000000  -0.235531940771   5.084688916634 Bohr   0.0
[INPUT]  5 H     -0.885481793900  -1.292957677600   0.651873179200 AA   -1.673318078760  -2.443335901318   1.231861776638 Bohr   0.0
[INPUT]  6 H      0.885481793900  -1.292957677600   0.651873179200 AA    1.673318078760  -2.443335901318   1.231861776638 Bohr   0.0
[INPUT]  7 H     -0.884188142100   1.007839294600   1.653547041500 AA   -1.670873431157   1.904540244369   3.124751042520 Bohr   0.0
[INPUT]  8 H      0.884188142100   1.007839294600   1.653547041500 AA    1.670873431157   1.904540244369   3.124751042520 Bohr   0.0

nuclear repulsion = 102.980240793785
point group symmetry = Cs
symmetry origin: [ 0.         -0.02380807  0.24092442]
symmetry axis x: [ 0.          0.99981395 -0.01928919]
symmetry axis y: [0.         0.01928919 0.99981395]
symmetry axis z: [1. 0. 0.]
num. orbitals of irrep A' = 39
num. orbitals of irrep A" = 17
number of shells = 25
number of NR pGTOs = 113
number of NR cGTOs = 56
basis = {'C': [[0, [6665.0, 0.000692, -0.000146], [1000.0, 0.005329, -0.001154], [228.0, 0.027077, -0.005725], [64.71, 0.101718, -0.023312], [21.06, 0.27474, -0.063955], [7.495, 0.448564, -0.149981], [2.797, 0.285074, -0.127262], [0.5215, 0.015204, 0.544529]], [0, [0.1596, 1.0]], [1, [9.439, 0.038109], [2.002, 0.20948], [0.5456, 0.508557]], [1, [0.1517, 1.0]], [2, [0.55, 1.0]]], 'H': [[0, [13.01, 0.019685], [1.962, 0.137977], [0.4446, 0.478148]], [0, [0.122, 1.0]]], 'Cl': [[0, [127900.0, 0.000241153, -6.78922e-05, 2.04986e-05], [19170.0, 0.00187095, -0.000521836, 0.000158298], [4363.0, 0.00970827, -0.00276513, 0.000833639], [1236.0, 0.0393153, -0.0111537, 0.0033988], [403.6, 0.125932, -0.0385919, 0.0116738], [145.7, 0.299341, -0.0994848, 0.0309622], [56.81, 0.421886, -0.201392, 0.0629533], [23.23, 0.237201, -0.130313, 0.0460257], [6.644, 0.0191531, 0.509443, -0.219312], [2.575, -0.00334792, 0.610725, -0.408773], [0.5371, 0.000929883, 0.0421549, 0.638465]], [0, [0.1938, 1.0]], [1, [417.6, 0.00525982, -0.0014357], [98.33, 0.0398332, -0.0107796], [31.04, 0.164655, -0.0470075], [11.19, 0.387322, -0.11103], [4.249, 0.457072, -0.153275], [1.624, 0.151636, 0.0894609], [0.5322, 0.00181615, 0.579444]], [1, [0.162, 1.0]], [2, [0.6, 1.0]]]}
ecp = {}
CPU time:      3189.04
Freeze 0 electrons in irreps []
    34 free electrons in irreps A' A"




******** <class 'pyscf.soscf.newton_ah.SecondOrderSymAdaptedRHF'> ********
method = SecondOrderSymAdaptedRHF
initial guess = minao
damping factor = 0
level_shift factor = 0
DIIS = <class 'pyscf.scf.diis.CDIIS'>
diis_start_cycle = 1
diis_space = 8
diis_damp = 0
SCF conv_tol = 1e-09
SCF conv_tol_grad = None
SCF max_cycles = 200
direct_scf = True
direct_scf_tol = 1e-13
chkfile to save SCF result = /scratch/alpine/yizh8382/pyscf/tmpm7_v7od5
max_memory 40000 MB (current use 1238 MB)
******** <class 'pyscf.scf.hf_symm.SymAdaptedRHF'> Newton solver flags ********
SCF tol = 1e-09
conv_tol_grad = None
max. SCF cycles = 200
direct_scf = True
direct_scf_tol = 1e-13
chkfile to save SCF result = /scratch/alpine/yizh8382/pyscf/tmpm7_v7od5
max_cycle_inner = 12
max_stepsize = 0.05
ah_start_tol = 1e+09
ah_level_shift = 0
ah_conv_tol = 1e-12
ah_lindep = 1e-14
ah_start_cycle = 1
ah_max_cycle = 40
ah_grad_trust_region = 2.5
kf_interval = 4
kf_trust_region = 5
canonicalization = True
max_memory 40000 MB (current use 1238 MB)
Set conv_tol_grad to 3.16228e-05
Initial guess from minao.
HOMO (A") = -0.353254278741407  LUMO (A') = 0.0854187034790828
Initial guess E= -538.093448033232  |g|= 0.375027
macro= 0  E= -538.142958963644  delta_E= -0.0495109  |g|= 0.0238581  3 KF 9 JK
macro= 1  E= -538.142961595703  delta_E= -2.63206e-06  |g|= 0.000127252  2 KF 7 JK
macro= 2  E= -538.142961595705  delta_E= -1.59162e-12  |g|= 1.05382e-05  1 KF 2 JK
Canonicalize SCF orbitals
macro X = 3  E=-538.142961595705  |g|= 1.05382e-05  total 7 KF 22 JK
converged SCF energy = -538.142961595705
rhf_internal: lowest eigs of H = [1.31450729 1.66520017 1.71048801]
<class 'pyscf.soscf.newton_ah.SecondOrderSymAdaptedRHF'> wavefunction is stable in the internal stability analysis

******** <class 'pyscf.cc.ccsd.CCSD'> ********
CC2 = 0
CCSD nocc = 10, nmo = 49
frozen orbitals 7
max_cycle = 50
direct = 0
conv_tol = 1e-07
conv_tol_normt = 1e-05
diis_space = 6
diis_start_cycle = 0
diis_start_energy_diff = 1e+09
max_memory 40000 MB (current use 1238 MB)
Init t2, MP2 energy = -538.538430445483  E_corr(MP2) -0.395468849778238
Init E_corr(CCSD) = -0.395468849812734
cycle = 1  E_corr(CCSD) = -0.422599470415117  dE = -0.0271306206  norm(t1,t2) = 0.0473086
cycle = 2  E_corr(CCSD) = -0.432194838886128  dE = -0.00959536847  norm(t1,t2) = 0.0145038
cycle = 3  E_corr(CCSD) = -0.435292802619842  dE = -0.00309796373  norm(t1,t2) = 0.0056548
cycle = 4  E_corr(CCSD) = -0.435914154724693  dE = -0.000621352105  norm(t1,t2) = 0.00142036
cycle = 5  E_corr(CCSD) = -0.435868573696995  dE = 4.55810277e-05  norm(t1,t2) = 0.000418287
cycle = 6  E_corr(CCSD) = -0.435863725474799  dE = 4.8482222e-06  norm(t1,t2) = 8.07533e-05
cycle = 7  E_corr(CCSD) = -0.43586621310158  dE = -2.48762678e-06  norm(t1,t2) = 2.85457e-05
cycle = 8  E_corr(CCSD) = -0.435866764775154  dE = -5.51673574e-07  norm(t1,t2) = 8.12509e-06
cycle = 9  E_corr(CCSD) = -0.435866488698157  dE = 2.76076998e-07  norm(t1,t2) = 3.15907e-06
cycle = 10  E_corr(CCSD) = -0.435866484498234  dE = 4.19992296e-09  norm(t1,t2) = 1.2177e-06
CCSD converged
E(CCSD) = -538.5788280802029  E_corr = -0.4358664844982336
CCSD(T) correction = -0.0102646038894531
