------------------------------------------- AFQMC Sampling Started -------------------------------------------
Hostname: gpua016.delta.ncsa.illinois.edu
System Type: Linux
Machine Type: x86_64
Processor: x86_64
Using GPU.
System: Linux
Node Name: gpua016.delta.ncsa.illinois.edu
Release: 5.14.0-427.91.1.el9_4.x86_64
Version: #1 SMP PREEMPT_DYNAMIC Wed Sep 17 10:08:59 EDT 2025
Machine: x86_64
Processor: x86_64
Decomposing Unrestricted T2 amplitudes
Throw 0 vectors in T2 deomposition
SVD cutoff = 1.00e-08 | error = 7.11e-15
number of T2 decomposition vectors 3950
norb: 104
nelec: (25, 25)
n_eql: 120
n_blocks: 1000
n_walkers: 300
dt: 0.005
max_error: 0.0
seed: 17
walker_type: uhf
trial: uccsd_pt2
free_projection: False
use_gpu: True
n_exp_terms: 6
n_prop_steps: 50
save_walkers: False
n_batch: 1
nchol_chunk: 100
mix_precision: True
initial AFQMC/pt2CCSD Energy is -2833.853684
Propagating with 300 walkers
----------------------------------------------- Equilibration ------------------------------------------------
inv_T        weight  killW        energy   runTime
 0.00    300.000000      0  -2832.692305     15.21
 3.00    316.389345      0  -2833.876497     26.49
 6.00    316.931939      0  -2833.927798     31.59
 9.00    317.208809      0  -2833.923174     36.68
12.00    317.322917      0  -2833.900148     41.78
15.00    316.854845      0  -2833.875863     46.89
18.00    317.379292      0  -2833.900798     51.99
21.00    317.960099      0  -2833.952802     57.08
24.00    316.708658      0  -2833.922678     62.18
27.00    317.196609      0  -2833.897145     67.28
30.00    316.327229      0  -2833.879893     72.37
---------------------------------------------- Sampling Blocks -----------------------------------------------
blocks        weight  killW       E_Guide     error       E_Trial     error     olp_T/G     error  Walltime
    20    316.692422      0  -2833.898387  0.009729  -2833.892756  0.003703    1.004681  0.000168  124.18
    40    314.764843      0  -2833.894473  0.007459  -2833.892231  0.002072    1.004606  0.000208  169.65
    60    313.148006      0  -2833.895802  0.006989  -2833.892997  0.001477    1.004913  0.000257  215.14
    80    311.803800      0  -2833.897400  0.005493  -2833.892467  0.001199    1.005104  0.000223  260.62
   100    310.588468      0  -2833.898599  0.004970  -2833.892880  0.001051    1.005009  0.000204  306.08
   120    309.497892      0  -2833.897810  0.004490  -2833.892459  0.000916    1.005112  0.000183  351.52
   140    308.527914      0  -2833.895439  0.004311  -2833.892608  0.000836    1.004996  0.000186  398.04
   160    307.728815      0  -2833.895026  0.004070  -2833.892556  0.000779    1.004981  0.000168  443.48
   180    307.009588      0  -2833.895970  0.003730  -2833.893079  0.000743    1.005074  0.000163  488.91
   200    306.391613      0  -2833.898191  0.003780  -2833.893547  0.000724    1.005166  0.000160  534.34
   220    305.829013      0  -2833.896591  0.003622  -2833.893238  0.000676    1.005206  0.000148  579.76
   240    305.324398      0  -2833.896525  0.003341  -2833.893422  0.000632    1.005125  0.000150  625.24
   260    304.874047      0  -2833.895690  0.003229  -2833.893654  0.000612    1.005065  0.000146  670.74
   280    304.481641      0  -2833.896052  0.002983  -2833.893773  0.000592    1.005047  0.000139  716.22
   300    304.117111      0  -2833.896011  0.002816  -2833.893778  0.000563    1.005059  0.000130  761.68
   320    303.782394      0  -2833.895139  0.002704  -2833.893615  0.000543    1.005057  0.000122  807.14
   340    303.490284      0  -2833.894893  0.002639  -2833.893408  0.000521    1.005099  0.000124  852.59
   360    303.223426      0  -2833.895332  0.002483  -2833.893541  0.000506    1.005041  0.000124  898.06
   380    302.975815      0  -2833.895023  0.002380  -2833.893437  0.000490    1.005023  0.000120  943.53
   400    302.766384      0  -2833.895638  0.002325  -2833.893470  0.000474    1.005092  0.000125  989.00
   420    302.555909      0  -2833.895391  0.002238  -2833.893501  0.000461    1.005108  0.000124 1034.45
   440    302.372999      0  -2833.895404  0.002144  -2833.893429  0.000448    1.005091  0.000122 1079.91
   460    302.197343      0  -2833.895060  0.002091  -2833.893586  0.000442    1.005108  0.000119 1125.37
   480    302.031253      0  -2833.894858  0.001997  -2833.893504  0.000428    1.005131  0.000121 1170.83
   500    301.883085      0  -2833.894720  0.001927  -2833.893427  0.000418    1.005129  0.000118 1216.28
   520    301.747029      0  -2833.894480  0.001913  -2833.893245  0.000407    1.005124  0.000113 1261.72
   540    301.625526      0  -2833.894769  0.001867  -2833.893267  0.000404    1.005083  0.000115 1307.18
   560    301.504046      0  -2833.895030  0.001826  -2833.893269  0.000394    1.005067  0.000114 1352.62
   580    301.393956      0  -2833.895078  0.001789  -2833.893318  0.000388    1.005060  0.000111 1398.10
   600    301.299158      0  -2833.895915  0.002022  -2833.893629  0.000393    1.005070  0.000112 1443.56
   620    301.205755      0  -2833.896209  0.001984  -2833.893613  0.000384    1.005075  0.000109 1489.00
   640    301.120783      0  -2833.896910  0.001978  -2833.893765  0.000379    1.005078  0.000106 1534.46
   660    301.035718      0  -2833.896723  0.001973  -2833.893703  0.000371    1.005118  0.000109 1579.94
   680    300.955886      0  -2833.896796  0.001932  -2833.893664  0.000364    1.005131  0.000108 1625.41
   700    300.887019      0  -2833.897234  0.002001  -2833.893754  0.000361    1.005149  0.000107 1670.87
   720    300.818026      0  -2833.897226  0.001945  -2833.893747  0.000357    1.005147  0.000102 1716.32
   740    300.756492      0  -2833.897513  0.001911  -2833.893795  0.000356    1.005163  0.000100 1761.76
   760    300.691549      0  -2833.897562  0.001889  -2833.893758  0.000349    1.005171  0.000099 1807.23
   780    300.630564      0  -2833.897656  0.001834  -2833.893734  0.000342    1.005157  0.000097 1852.71
   800    300.569770      0  -2833.897623  0.001801  -2833.893658  0.000337    1.005161  0.000095 1898.17
   820    300.507438      0  -2833.897251  0.001774  -2833.893592  0.000331    1.005161  0.000093 1943.63
   840    300.456994      1  -2833.897533  0.001781  -2833.893544  0.000327    1.005148  0.000095 1989.08
   860    300.407642      1  -2833.897928  0.001781  -2833.893589  0.000324    1.005130  0.000095 2034.53
   880    300.356241      1  -2833.897681  0.001784  -2833.893627  0.000320    1.005128  0.000094 2079.97
   900    300.307793      1  -2833.897764  0.001758  -2833.893634  0.000315    1.005120  0.000092 2125.43
   920    300.265631      1  -2833.897823  0.001719  -2833.893635  0.000311    1.005122  0.000090 2170.91
   940    300.223884      1  -2833.898054  0.001687  -2833.893657  0.000308    1.005116  0.000088 2216.37
   960    300.181105      1  -2833.898291  0.001661  -2833.893637  0.000303    1.005084  0.000098 2261.82
   980    300.140082      1  -2833.898219  0.001661  -2833.893581  0.000300    1.005076  0.000098 2307.31
  1000    300.101008      2  -2833.898109  0.001622  -2833.893474  0.000297    1.005077  0.000096 2352.75
---------------------------------------------- Post Propagation ----------------------------------------------
Total number of samples 1000
Raw AFQMC/HF (Guide) energy:           -2833.898109 ± 0.001622
Raw Trial/Guide overlap ratio:          1.005077 ± 0.000096
Raw AFQMC/pt2CCSD energy (covariance): -2833.893474 ± 0.000297
Raw AFQMC/pt2CCSD energy (dir sample): -2833.893474 ± 0.000258
--------------------------------------------- Clean Obeservation ---------------------------------------------
removing energies outside zeta > 30
Outlier energy bound [-2834.095065, -2833.689818]
Removed 0 outliers with energies []
Clean AFQMC/pt2CCSD overlap ratio:        1.005077 ± 0.000096
Clean AFQMC/pt2CCSD energy (covariance): -2833.893474 ± 0.000297
Clean AFQMC/ptCCSD energy (dir sample):  -2833.893474 ± 0.000258
--------------------------------------------- Blocking Analysis ----------------------------------------------
nsample = 1000, max_block_size = 25, min_nblocks = 40
   B    NB    NS  Observable     Error    dError
   1  1000  1000    1.005078  0.000030  0.000001
   2   500  1000    1.005078  0.000040  0.000001
   3   333   999    1.005076  0.000048  0.000002
   4   250  1000    1.005078  0.000053  0.000002
   5   200  1000    1.005078  0.000057  0.000003
   6   166   996    1.005073  0.000061  0.000003
   7   142   994    1.005071  0.000065  0.000004
   8   125  1000    1.005078  0.000067  0.000004
   9   111   999    1.005076  0.000071  0.000005
  10   100  1000    1.005078  0.000071  0.000005
  11    90   990    1.005072  0.000076  0.000006
  12    83   996    1.005073  0.000077  0.000006
  13    76   988    1.005073  0.000077  0.000006
  14    71   994    1.005071  0.000079  0.000007
  15    66   990    1.005072  0.000084  0.000007
  16    62   992    1.005070  0.000086  0.000008
  17    58   986    1.005073  0.000084  0.000008
  18    55   990    1.005072  0.000084  0.000008
  19    52   988    1.005073  0.000082  0.000008
  20    50  1000    1.005078  0.000085  0.000009
  21    47   987    1.005073  0.000090  0.000009
  22    45   990    1.005072  0.000088  0.000009
  23    43   989    1.005073  0.000089  0.000010
  24    41   984    1.005074  0.000096  0.000011
  25    40  1000    1.005078  0.000089  0.000010
Fit (variance): plateau_var = 8.918e-09 ± 1.023e-09
Fit (error):    plateau = 0.000094 ± 0.000005
     autocorrelation length ~ 11.1 blocks
     plateau reached at block size ~ 51
     !!!Failed to reach plateau in blocking
     Return max block error
nclean = 1000, max_block_size = 25, min_nblocks = 40
Blk_SZ   NBlk   NSmp      Energy     Error    dError
     1   1000   1000  -2833.893198  0.000258  0.000006
     2    500   1000  -2833.893261  0.000296  0.000009
     3    333    999  -2833.893305  0.000321  0.000012
     4    250   1000  -2833.893326  0.000344  0.000015
     5    200   1000  -2833.893335  0.000340  0.000017
     6    166    996  -2833.893390  0.000347  0.000019
     7    142    994  -2833.893428  0.000354  0.000021
     8    125   1000  -2833.893383  0.000356  0.000023
     9    111    999  -2833.893405  0.000364  0.000025
    10    100   1000  -2833.893392  0.000349  0.000025
    11     90    990  -2833.893475  0.000371  0.000028
    12     83    996  -2833.893445  0.000381  0.000030
    13     76    988  -2833.893470  0.000375  0.000031
    14     71    994  -2833.893470  0.000354  0.000030
    15     66    990  -2833.893479  0.000369  0.000032
    16     62    992  -2833.893478  0.000386  0.000035
    17     58    986  -2833.893498  0.000400  0.000037
    18     55    990  -2833.893492  0.000365  0.000035
    19     52    988  -2833.893493  0.000374  0.000037
    20     50   1000  -2833.893438  0.000377  0.000038
    21     47    987  -2833.893493  0.000368  0.000038
    22     45    990  -2833.893505  0.000388  0.000041
    23     43    989  -2833.893496  0.000405  0.000044
    24     41    984  -2833.893510  0.000410  0.000046
    25     40   1000  -2833.893434  0.000380  0.000043
Fit (variance): plateau_var = 1.396663e-07 ± 6.750785e-09
Fit (error):    plateau = 0.000374 ± 0.000009
     autocorrelation length ~ 3.1 blocks
     plateau reached at block size ~ 14
Final AFQMC/pt2CCSD overlap ratio: 1.005077 ± 0.000096
Final AFQMC/pt2CCSD energy: -2833.893474 ± 0.000374
Total run time: 2362.06
------------------------------------------ AFQMC Sampling Finished -------------------------------------------
