------------------------------------------- AFQMC Sampling Started -------------------------------------------
Hostname: gpua016.delta.ncsa.illinois.edu
System Type: Linux
Machine Type: x86_64
Processor: x86_64
Using GPU.
System: Linux
Node Name: gpua016.delta.ncsa.illinois.edu
Release: 5.14.0-427.91.1.el9_4.x86_64
Version: #1 SMP PREEMPT_DYNAMIC Wed Sep 17 10:08:59 EDT 2025
Machine: x86_64
Processor: x86_64
Decomposing Unrestricted T2 amplitudes
Throw 0 vectors in T2 deomposition
SVD cutoff = 1.00e-08 | error = 1.47e-15
number of T2 decomposition vectors 250
norb: 30
nelec: (5, 5)
n_eql: 120
n_blocks: 1000
n_walkers: 300
dt: 0.005
max_error: 0.0
seed: 17
walker_type: uhf
trial: uccsd_pt2
free_projection: False
use_gpu: True
n_exp_terms: 6
n_prop_steps: 50
save_walkers: False
n_batch: 1
nchol_chunk: 100
mix_precision: True
initial AFQMC/pt2CCSD Energy is -77.080935
Propagating with 300 walkers
----------------------------------------------- Equilibration ------------------------------------------------
inv_T        weight  killW        energy   runTime
 0.00    300.000000      0    -76.817939     11.15
 3.00    303.511264      0    -77.074252     17.56
 6.00    304.414237      0    -77.106942     18.14
 9.00    303.068267      0    -77.068804     18.73
12.00    303.179299      0    -77.090571     19.31
15.00    303.615333      0    -77.080120     19.90
18.00    304.374274      0    -77.120283     20.48
21.00    303.561482      0    -77.091294     21.07
24.00    303.859986      0    -77.088988     21.65
27.00    303.202797      0    -77.067773     22.24
30.00    303.674512      0    -77.100099     22.83
---------------------------------------------- Sampling Blocks -----------------------------------------------
blocks        weight  killW       E_Guide     error       E_Trial     error     olp_T/G     error  Walltime
    20    303.684523      0    -77.095786  0.005433    -77.092650  0.000863    1.001274  0.000324   30.15
    40    303.293113      0    -77.097058  0.003378    -77.093110  0.001033    1.001582  0.000238   31.60
    60    302.864474      0    -77.090437  0.004738    -77.092118  0.000745    1.001720  0.000184   33.06
    80    302.558394      0    -77.090376  0.003791    -77.091465  0.000600    1.001771  0.000144   34.53
   100    302.289923      0    -77.090374  0.002841    -77.091307  0.000498    1.001781  0.000110   35.98
   120    302.024613      0    -77.089545  0.002473    -77.091314  0.000437    1.001816  0.000100   37.45
   140    301.794456      0    -77.088661  0.002280    -77.091375  0.000406    1.001828  0.000089   38.90
   160    301.612236      0    -77.088540  0.002257    -77.091317  0.000374    1.001794  0.000089   40.37
   180    301.457297      0    -77.088916  0.002072    -77.091395  0.000353    1.001783  0.000089   41.82
   200    301.322323      0    -77.089174  0.001877    -77.091354  0.000332    1.001782  0.000081   43.28
   220    301.201182      0    -77.089359  0.001971    -77.091310  0.000315    1.001786  0.000074   44.73
   240    301.099366      0    -77.089776  0.001882    -77.091374  0.000324    1.001772  0.000071   46.19
   260    301.013515      0    -77.090951  0.001961    -77.091547  0.000394    1.001759  0.000070   47.65
   280    300.922515      0    -77.090736  0.001832    -77.091480  0.000369    1.001750  0.000065   49.11
   300    300.839072      0    -77.090512  0.001771    -77.091552  0.000371    1.001759  0.000062   50.57
   320    300.771364      0    -77.090879  0.001683    -77.091806  0.000368    1.001742  0.000060   52.02
   340    300.706565      0    -77.091293  0.001633    -77.091786  0.000350    1.001743  0.000057   53.48
   360    300.639941      0    -77.091008  0.001621    -77.091706  0.000334    1.001752  0.000055   54.93
   380    300.591380      0    -77.091707  0.001665    -77.091704  0.000320    1.001728  0.000054   56.39
   400    300.530112      0    -77.090660  0.001744    -77.091627  0.000307    1.001730  0.000052   57.84
   420    300.482116      0    -77.090613  0.001673    -77.091594  0.000295    1.001727  0.000049   59.30
   440    300.434300      0    -77.090107  0.001636    -77.091513  0.000283    1.001729  0.000048   60.76
   460    300.400232      0    -77.090429  0.001581    -77.091538  0.000273    1.001725  0.000046   62.21
   480    300.366139      0    -77.090875  0.001547    -77.091521  0.000264    1.001726  0.000044   63.67
   500    300.338817      0    -77.091188  0.001501    -77.091562  0.000261    1.001727  0.000043   65.12
   520    300.305411      0    -77.090976  0.001505    -77.091704  0.000282    1.001737  0.000042   66.61
   540    300.278436      0    -77.091014  0.001468    -77.091715  0.000275    1.001741  0.000041   68.07
   560    300.250087      0    -77.090691  0.001418    -77.091664  0.000266    1.001749  0.000041   69.53
   580    300.222875      0    -77.090410  0.001409    -77.091637  0.000259    1.001745  0.000040   70.98
   600    300.208436      0    -77.090900  0.001410    -77.091646  0.000253    1.001745  0.000039   72.44
   620    300.184017      0    -77.090939  0.001397    -77.091685  0.000249    1.001733  0.000039   73.90
   640    300.167759      0    -77.091158  0.001412    -77.091694  0.000243    1.001730  0.000038   75.35
   660    300.148943      0    -77.091022  0.001360    -77.091667  0.000237    1.001733  0.000037   76.81
   680    300.132385      0    -77.091203  0.001332    -77.091664  0.000233    1.001734  0.000036   78.28
   700    300.120062      0    -77.091754  0.001432    -77.092193  0.000748    1.001736  0.000036   79.74
   720    300.106995      1    -77.091970  0.001389    -77.092161  0.000729    1.001739  0.000036   81.20
   740    300.087058      1    -77.091702  0.001379    -77.092100  0.000709    1.001742  0.000035   82.66
   760    300.076348      1    -77.092035  0.001419    -77.092123  0.000692    1.001743  0.000034   84.12
   780    300.064352      2    -77.092238  0.001398    -77.092101  0.000675    1.001742  0.000033   85.57
   800    300.057671      2    -77.092658  0.001426    -77.092216  0.000663    1.001741  0.000033   87.03
   820    300.042010      2    -77.092515  0.001397    -77.092179  0.000647    1.001742  0.000032   88.48
   840    300.030808      2    -77.092597  0.001438    -77.092171  0.000632    1.001736  0.000031   89.94
   860    300.019013      2    -77.092630  0.001438    -77.092168  0.000618    1.001731  0.000031   91.39
   880    300.007882      2    -77.092671  0.001403    -77.092171  0.000604    1.001727  0.000031   92.84
   900    299.996168      2    -77.092664  0.001369    -77.092137  0.000591    1.001720  0.000031   94.30
   920    299.982752      2    -77.092574  0.001341    -77.092134  0.000579    1.001720  0.000030   95.75
   940    299.968222      2    -77.092231  0.001329    -77.092084  0.000567    1.001715  0.000030   97.22
   960    299.959052      2    -77.092290  0.001327    -77.092067  0.000555    1.001718  0.000030   98.68
   980    299.951412      2    -77.092389  0.001300    -77.092104  0.000545    1.001721  0.000029  100.13
  1000    299.942048      2    -77.092324  0.001272    -77.092082  0.000535    1.001716  0.000029  101.59
---------------------------------------------- Post Propagation ----------------------------------------------
Total number of samples 1000
Raw AFQMC/HF (Guide) energy:           -77.092324 ± 0.001272
Raw Trial/Guide overlap ratio:          1.001716 ± 0.000029
Raw AFQMC/pt2CCSD energy (covariance): -77.092082 ± 0.000535
Raw AFQMC/pt2CCSD energy (dir sample): -77.092082 ± 0.000365
--------------------------------------------- Clean Obeservation ---------------------------------------------
removing energies outside zeta > 30
Outlier energy bound [-77.182650, -76.998425]
Removed 1 outliers with energies [-77.41987343]
Clean AFQMC/pt2CCSD overlap ratio:        1.001718 ± 0.000029
Clean AFQMC/pt2CCSD energy (covariance): -77.091757 ± 0.000194
Clean AFQMC/ptCCSD energy (dir sample):  -77.091757 ± 0.000161
--------------------------------------------- Blocking Analysis ----------------------------------------------
nsample = 999, max_block_size = 24, min_nblocks = 40
   B    NB    NS  Observable     Error    dError
   1   999   999    1.001719  0.000014  0.000000
   2   499   998    1.001719  0.000018  0.000001
   3   333   999    1.001719  0.000021  0.000001
   4   249   996    1.001718  0.000022  0.000001
   5   199   995    1.001719  0.000024  0.000001
   6   166   996    1.001718  0.000025  0.000001
   7   142   994    1.001719  0.000025  0.000002
   8   124   992    1.001721  0.000026  0.000002
   9   111   999    1.001718  0.000025  0.000002
  10    99   990    1.001723  0.000027  0.000002
  11    90   990    1.001723  0.000026  0.000002
  12    83   996    1.001718  0.000027  0.000002
  13    76   988    1.001723  0.000028  0.000002
  14    71   994    1.001719  0.000028  0.000002
  15    66   990    1.001723  0.000028  0.000002
  16    62   992    1.001721  0.000026  0.000002
  17    58   986    1.001724  0.000027  0.000003
  18    55   990    1.001723  0.000027  0.000003
  19    52   988    1.001723  0.000028  0.000003
  20    49   980    1.001724  0.000025  0.000003
  21    47   987    1.001724  0.000027  0.000003
  22    45   990    1.001723  0.000026  0.000003
  23    43   989    1.001723  0.000029  0.000003
  24    41   984    1.001724  0.000029  0.000003
Fit (variance): plateau_var = 7.361e-10 ± 3.826e-11
Fit (error):    plateau = 0.000027 ± 0.000001
     autocorrelation length ~ 3.7 blocks
     plateau reached at block size ~ 17
nclean = 999, max_block_size = 24, min_nblocks = 40
Blk_SZ   NBlk   NSmp      Energy     Error    dError
     1    999    999  -77.091586  0.000161  0.000004
     2    499    998  -77.091613  0.000177  0.000006
     3    333    999  -77.091633  0.000177  0.000007
     4    249    996  -77.091649  0.000187  0.000008
     5    199    995  -77.091651  0.000193  0.000010
     6    166    996  -77.091663  0.000190  0.000010
     7    142    994  -77.091671  0.000193  0.000011
     8    124    992  -77.091684  0.000186  0.000012
     9    111    999  -77.091694  0.000183  0.000012
    10     99    990  -77.091689  0.000192  0.000014
    11     90    990  -77.091699  0.000187  0.000014
    12     83    996  -77.091701  0.000191  0.000015
    13     76    988  -77.091706  0.000181  0.000015
    14     71    994  -77.091699  0.000192  0.000016
    15     66    990  -77.091708  0.000202  0.000018
    16     62    992  -77.091709  0.000196  0.000018
    17     58    986  -77.091717  0.000192  0.000018
    18     55    990  -77.091712  0.000202  0.000019
    19     52    988  -77.091715  0.000210  0.000021
    20     49    980  -77.091734  0.000208  0.000021
    21     47    987  -77.091717  0.000223  0.000023
    22     45    990  -77.091725  0.000208  0.000022
    23     43    989  -77.091726  0.000217  0.000024
    24     41    984  -77.091728  0.000220  0.000025
Fit (variance): plateau_var = 3.815426e-08 ± 1.773968e-09
Fit (error):    plateau = 0.000195 ± 0.000005
     autocorrelation length ~ 2.6 blocks
     plateau reached at block size ~ 11
Final AFQMC/pt2CCSD overlap ratio: 1.001718 ± 0.000027
Final AFQMC/pt2CCSD energy: -77.091757 ± 0.000195
Total run time: 110.53
------------------------------------------ AFQMC Sampling Finished -------------------------------------------
