------------------------------------------- AFQMC Sampling Started -------------------------------------------
Hostname: gpua016.delta.ncsa.illinois.edu
System Type: Linux
Machine Type: x86_64
Processor: x86_64
Using GPU.
System: Linux
Node Name: gpua016.delta.ncsa.illinois.edu
Release: 5.14.0-427.91.1.el9_4.x86_64
Version: #1 SMP PREEMPT_DYNAMIC Wed Sep 17 10:08:59 EDT 2025
Machine: x86_64
Processor: x86_64
Decomposing Unrestricted T2 amplitudes
Throw 0 vectors in T2 deomposition
SVD cutoff = 1.00e-08 | error = 1.41e-15
number of T2 decomposition vectors 540
norb: 39
nelec: (9, 9)
n_eql: 120
n_blocks: 1000
n_walkers: 300
dt: 0.005
max_error: 0.0
seed: 17
walker_type: uhf
trial: uccsd_pt2
free_projection: False
use_gpu: True
n_exp_terms: 6
n_prop_steps: 50
save_walkers: False
n_batch: 1
nchol_chunk: 100
mix_precision: True
initial AFQMC/pt2CCSD Energy is -957.182298
Propagating with 300 walkers
----------------------------------------------- Equilibration ------------------------------------------------
inv_T        weight  killW        energy   runTime
 0.00    300.000000      0   -956.770461     12.56
 3.00    305.476419      0   -957.164776     19.59
 6.00    305.545308      0   -957.183513     20.50
 9.00    305.226619      0   -957.173227     21.40
12.00    305.339138      0   -957.173001     22.31
15.00    304.883541      0   -957.192458     23.21
18.00    305.388998      0   -957.200055     24.12
21.00    305.735624      1   -957.227872     25.02
24.00    306.281118      0   -957.234224     25.93
27.00    305.680290      0   -957.195194     26.84
30.00    305.475035      0   -957.208038     27.74
---------------------------------------------- Sampling Blocks -----------------------------------------------
blocks        weight  killW       E_Guide     error       E_Trial     error     olp_T/G     error  Walltime
    20    305.424370      0   -957.196103  0.005683   -957.197992  0.000857    1.096639  0.003026   37.47
    40    304.863024      0   -957.201302  0.004132   -957.198496  0.000654    1.104922  0.006011   40.67
    60    304.316731      1   -957.202857  0.002780   -957.198894  0.000547    1.110199  0.005289   43.88
    80    303.819871      3   -957.203735  0.002321   -957.199329  0.000649    1.113522  0.004652   47.09
   100    303.367703      3   -957.201387  0.002430   -957.198983  0.000549    1.116660  0.004053   50.29
   120    302.982355      3   -957.200103  0.002372   -957.199015  0.000478    1.117843  0.003454   53.50
   140    302.677157      3   -957.202114  0.002469   -957.199214  0.000448    1.118908  0.003045   56.70
   160    302.394833      6   -957.204031  0.002493   -957.199459  0.000449    1.118829  0.002677   59.90
   180    302.128678      6   -957.203953  0.002224   -957.199399  0.000405    1.119843  0.002472   63.11
   200    301.892532      6   -957.203454  0.002100   -957.199311  0.000372    1.121177  0.002404   66.32
   220    301.686235      7   -957.203033  0.001975   -957.199146  0.000347    1.122324  0.002320   69.52
   240    301.512349      9   -957.203490  0.001869   -957.199385  0.000372    1.122629  0.002135   72.72
   260    301.349557     10   -957.203252  0.001764   -957.199470  0.000355    1.123070  0.001993   75.93
   280    301.206966     11   -957.202691  0.001729   -957.199479  0.000335    1.124056  0.001992   79.14
   300    301.076407     12   -957.202306  0.001661   -957.199444  0.000323    1.125592  0.002166   82.34
   320    300.948388     14   -957.202313  0.001558   -957.199396  0.000314    1.126372  0.002102   85.54
   340    300.851002     14   -957.203016  0.001590   -957.199480  0.000306    1.127879  0.002239   88.74
   360    300.756110     15   -957.203265  0.001588   -957.199620  0.000301    1.128791  0.002218   91.94
   380    300.670923     16   -957.203497  0.001519   -957.199619  0.000291    1.129796  0.002214   95.19
   400    300.588490     17   -957.203136  0.001506   -957.199483  0.000284    1.130885  0.002236   98.40
   420    300.525469     18   -957.203592  0.001481   -957.199487  0.000274    1.131757  0.002214  101.60
   440    300.451619     18   -957.203196  0.001455   -957.199480  0.000266    1.132493  0.002263  104.81
   460    300.392163     19   -957.203259  0.001419   -957.199466  0.000258    1.132651  0.002215  108.02
   480    300.334361     19   -957.203371  0.001436   -957.199472  0.000251    1.133284  0.002230  111.22
   500    300.282947     21   -957.203539  0.001415   -957.199467  0.000247    1.133726  0.002187  114.42
   520    300.234080     21   -957.203038  0.001394   -957.199409  0.000239    1.134128  0.002173  117.62
   540    300.189840     23   -957.203164  0.001335   -957.199339  0.000232    1.134356  0.002123  120.82
   560    300.143642     25   -957.202951  0.001339   -957.199310  0.000227    1.134982  0.002190  124.02
   580    300.110632     25   -957.203032  0.001306   -957.199389  0.000223    1.135288  0.002157  127.22
   600    300.069907     27   -957.203092  0.001287   -957.199525  0.000222    1.135379  0.002105  130.42
   620    300.033611     29   -957.203090  0.001228   -957.199487  0.000218    1.135481  0.002046  133.61
   640    299.996663     30   -957.202846  0.001221   -957.199482  0.000214    1.135744  0.002066  136.81
   660    299.965798     34   -957.203070  0.001203   -957.199537  0.000213    1.135878  0.002018  140.02
   680    299.938896     34   -957.203230  0.001201   -957.199608  0.000210    1.135984  0.001990  143.22
   700    299.912980     34   -957.203193  0.001174   -957.199587  0.000207    1.136169  0.001948  146.42
   720    299.881585     34   -957.202878  0.001171   -957.199577  0.000203    1.136511  0.001949  149.61
   740    299.853479     34   -957.202871  0.001147   -957.199579  0.000199    1.136702  0.001910  152.82
   760    299.835709     34   -957.203096  0.001160   -957.199606  0.000196    1.136900  0.001889  156.03
   780    299.814358     34   -957.202985  0.001137   -957.199624  0.000193    1.137148  0.001857  159.23
   800    299.794188     36   -957.203042  0.001114   -957.199642  0.000193    1.137387  0.001906  162.44
   820    299.773259     37   -957.202966  0.001104   -957.199597  0.000191    1.137530  0.001865  165.64
   840    299.750827     40   -957.202943  0.001106   -957.199618  0.000189    1.137701  0.001873  168.84
   860    299.730687     40   -957.202761  0.001106   -957.199620  0.000186    1.137895  0.001873  172.04
   880    299.717671     40   -957.202857  0.001092   -957.199630  0.000183    1.138070  0.001838  175.24
   900    299.700143     42   -957.202641  0.001069   -957.199590  0.000181    1.137994  0.001826  178.45
   920    299.685837     43   -957.202789  0.001061   -957.199615  0.000180    1.138181  0.001802  181.65
   940    299.671307     44   -957.202602  0.001037   -957.199587  0.000178    1.138273  0.001802  184.85
   960    299.654606     44   -957.202478  0.001021   -957.199556  0.000175    1.138577  0.001775  188.05
   980    299.639412     45   -957.202503  0.001001   -957.199570  0.000172    1.138729  0.001775  191.26
  1000    299.623324     46   -957.202207  0.000990   -957.199553  0.000171    1.138789  0.001755  194.46
---------------------------------------------- Post Propagation ----------------------------------------------
Total number of samples 1000
Raw AFQMC/HF (Guide) energy:           -957.202207 ± 0.000990
Raw Trial/Guide overlap ratio:          1.138789 ± 0.001755
Raw AFQMC/pt2CCSD energy (covariance): -957.199553 ± 0.000171
Raw AFQMC/pt2CCSD energy (dir sample): -957.199553 ± 0.000135
--------------------------------------------- Clean Obeservation ---------------------------------------------
removing energies outside zeta > 30
Outlier energy bound [-957.304142, -957.093871]
Removed 0 outliers with energies []
Clean AFQMC/pt2CCSD overlap ratio:        1.138789 ± 0.001755
Clean AFQMC/pt2CCSD energy (covariance): -957.199553 ± 0.000171
Clean AFQMC/ptCCSD energy (dir sample):  -957.199553 ± 0.000135
--------------------------------------------- Blocking Analysis ----------------------------------------------
nsample = 1000, max_block_size = 25, min_nblocks = 40
   B    NB    NS  Observable     Error    dError
   1  1000  1000    1.138835  0.000396  0.000009
   2   500  1000    1.138834  0.000550  0.000017
   3   333   999    1.138831  0.000668  0.000026
   4   250  1000    1.138834  0.000764  0.000034
   5   200  1000    1.138834  0.000849  0.000043
   6   166   996    1.138805  0.000929  0.000051
   7   142   994    1.138791  0.001000  0.000060
   8   125  1000    1.138834  0.001060  0.000067
   9   111   999    1.138830  0.001118  0.000075
  10   100  1000    1.138834  0.001167  0.000083
  11    90   990    1.138796  0.001229  0.000092
  12    83   996    1.138805  0.001270  0.000099
  13    76   988    1.138803  0.001328  0.000108
  14    71   994    1.138790  0.001376  0.000116
  15    66   990    1.138796  0.001408  0.000124
  16    62   992    1.138786  0.001462  0.000132
  17    58   986    1.138797  0.001502  0.000141
  18    55   990    1.138796  0.001532  0.000147
  19    52   988    1.138803  0.001544  0.000153
  20    50  1000    1.138834  0.001597  0.000161
  21    47   987    1.138798  0.001652  0.000172
  22    45   990    1.138796  0.001666  0.000178
  23    43   989    1.138803  0.001712  0.000187
  24    41   984    1.138792  0.001740  0.000195
  25    40  1000    1.138833  0.001755  0.000199
Fit (variance): plateau_var = 9.874e-06 ± 6.784e-06
Fit (error):    plateau = 0.003142 ± 0.001080
     autocorrelation length ~ 66.7 blocks
     plateau reached at block size ~ 308
     !!!Failed to reach plateau in blocking
     Return max block error
nclean = 1000, max_block_size = 25, min_nblocks = 40
Blk_SZ   NBlk   NSmp      Energy     Error    dError
     1   1000   1000  -957.199436  0.000135  0.000003
     2    500   1000  -957.199458  0.000156  0.000005
     3    333    999  -957.199477  0.000163  0.000006
     4    250   1000  -957.199481  0.000167  0.000007
     5    200   1000  -957.199489  0.000180  0.000009
     6    166    996  -957.199512  0.000172  0.000009
     7    142    994  -957.199526  0.000179  0.000011
     8    125   1000  -957.199506  0.000188  0.000012
     9    111    999  -957.199512  0.000182  0.000012
    10    100   1000  -957.199511  0.000187  0.000013
    11     90    990  -957.199543  0.000189  0.000014
    12     83    996  -957.199531  0.000184  0.000014
    13     76    988  -957.199544  0.000191  0.000016
    14     71    994  -957.199544  0.000175  0.000015
    15     66    990  -957.199554  0.000179  0.000016
    16     62    992  -957.199556  0.000192  0.000017
    17     58    986  -957.199552  0.000199  0.000019
    18     55    990  -957.199552  0.000196  0.000019
    19     52    988  -957.199562  0.000185  0.000018
    20     50   1000  -957.199529  0.000194  0.000020
    21     47    987  -957.199557  0.000188  0.000020
    22     45    990  -957.199560  0.000208  0.000022
    23     43    989  -957.199559  0.000191  0.000021
    24     41    984  -957.199560  0.000206  0.000023
    25     40   1000  -957.199534  0.000198  0.000022
Fit (variance): plateau_var = 3.562678e-08 ± 1.722726e-09
Fit (error):    plateau = 0.000189 ± 0.000005
     autocorrelation length ~ 3.1 blocks
     plateau reached at block size ~ 14
Final AFQMC/pt2CCSD overlap ratio: 1.138789 ± 0.001755
Final AFQMC/pt2CCSD energy: -957.199553 ± 0.000189
Total run time: 203.75
------------------------------------------ AFQMC Sampling Finished -------------------------------------------
