------------------------------------------- AFQMC Sampling Started -------------------------------------------
Hostname: gpua016.delta.ncsa.illinois.edu
System Type: Linux
Machine Type: x86_64
Processor: x86_64
Using GPU.
System: Linux
Node Name: gpua016.delta.ncsa.illinois.edu
Release: 5.14.0-427.91.1.el9_4.x86_64
Version: #1 SMP PREEMPT_DYNAMIC Wed Sep 17 10:08:59 EDT 2025
Machine: x86_64
Processor: x86_64
Decomposing Unrestricted T2 amplitudes
Throw 0 vectors in T2 deomposition
SVD cutoff = 1.00e-08 | error = 2.51e-15
number of T2 decomposition vectors 960
norb: 52
nelec: (12, 12)
n_eql: 120
n_blocks: 1000
n_walkers: 300
dt: 0.005
max_error: 0.0
seed: 17
walker_type: uhf
trial: uccsd_pt2
free_projection: False
use_gpu: True
n_exp_terms: 6
n_prop_steps: 50
save_walkers: False
n_batch: 1
nchol_chunk: 100
mix_precision: True
initial AFQMC/pt2CCSD Energy is -1032.338938
Propagating with 300 walkers
----------------------------------------------- Equilibration ------------------------------------------------
inv_T        weight  killW        energy   runTime
 0.00    300.000000      0  -1031.733192     11.76
 3.00    308.668137      0  -1032.343723     18.60
 6.00    309.305465      0  -1032.376902     19.83
 9.00    309.333605      0  -1032.380982     21.06
12.00    308.494335      0  -1032.357628     22.30
15.00    309.506160      0  -1032.379726     23.53
18.00    308.554061      0  -1032.338858     24.77
21.00    308.710563      0  -1032.339934     26.00
24.00    309.237083      0  -1032.393786     27.24
27.00    308.812899      0  -1032.358524     28.48
30.00    308.095106      0  -1032.357963     29.71
---------------------------------------------- Sampling Blocks -----------------------------------------------
blocks        weight  killW       E_Guide     error       E_Trial     error     olp_T/G     error  Walltime
    20    308.570064      0  -1032.362993  0.010796  -1032.362253  0.001932    1.005601  0.000448   40.86
    40    307.474354      0  -1032.353430  0.007932  -1032.360212  0.001107    1.005960  0.000304   46.07
    60    306.697679      0  -1032.352190  0.005714  -1032.359519  0.000834    1.006005  0.000197   51.28
    80    305.965604      0  -1032.354190  0.004202  -1032.359641  0.000699    1.006036  0.000145   56.49
   100    305.349821      0  -1032.354531  0.003425  -1032.359439  0.000623    1.006226  0.000165   61.69
   120    304.819575      0  -1032.355723  0.003014  -1032.359154  0.000553    1.006505  0.000237   66.91
   140    304.369414      0  -1032.356621  0.002743  -1032.359605  0.000547    1.006347  0.000233   72.12
   160    303.958016      0  -1032.357291  0.002526  -1032.359892  0.000501    1.006147  0.000251   77.33
   180    303.621909      0  -1032.359738  0.002812  -1032.360154  0.000502    1.006252  0.000267   82.54
   200    303.312102      0  -1032.360623  0.002594  -1032.360017  0.000473    1.006435  0.000276   87.75
   220    303.033480      0  -1032.361795  0.002421  -1032.360165  0.000460    1.006404  0.000256   92.96
   240    302.774570      0  -1032.361472  0.002272  -1032.360171  0.000434    1.006432  0.000237   98.17
   260    302.565927      0  -1032.362734  0.002305  -1032.360457  0.000433    1.006415  0.000220  103.38
   280    302.357459      0  -1032.362962  0.002162  -1032.360301  0.000412    1.006471  0.000207  108.59
   300    302.178800      0  -1032.363550  0.002093  -1032.360394  0.000405    1.006463  0.000193  113.79
   320    301.997626      0  -1032.363587  0.002004  -1032.360378  0.000407    1.006543  0.000189  118.99
   340    301.839570      0  -1032.363595  0.001982  -1032.360352  0.000393    1.006566  0.000179  124.20
   360    301.696811      1  -1032.363940  0.001853  -1032.360525  0.000405    1.006543  0.000173  129.43
   380    301.580941      1  -1032.365238  0.001982  -1032.360784  0.000413    1.006638  0.000177  134.65
   400    301.458222      1  -1032.365481  0.001971  -1032.360816  0.000402    1.006665  0.000170  139.86
   420    301.347870      1  -1032.364775  0.001915  -1032.360731  0.000387    1.006696  0.000163  145.07
   440    301.249283      1  -1032.365187  0.001940  -1032.360689  0.000377    1.006685  0.000174  150.28
   460    301.151176      1  -1032.364843  0.001930  -1032.360707  0.000366    1.006655  0.000170  155.49
   480    301.065661      1  -1032.364885  0.001886  -1032.360636  0.000359    1.006619  0.000166  160.71
   500    300.990684      1  -1032.365367  0.001986  -1032.360596  0.000354    1.006576  0.000161  165.93
   520    300.916910      1  -1032.365440  0.002016  -1032.360643  0.000347    1.006627  0.000166  171.15
   540    300.849460      1  -1032.365532  0.001935  -1032.360638  0.000347    1.006625  0.000162  176.36
   560    300.779982      1  -1032.365207  0.001902  -1032.360662  0.000341    1.006618  0.000155  181.56
   580    300.718854      1  -1032.364949  0.001881  -1032.360604  0.000332    1.006621  0.000152  186.80
   600    300.658050      1  -1032.364445  0.001847  -1032.360608  0.000327    1.006602  0.000151  192.01
   620    300.603573      1  -1032.364112  0.001829  -1032.360558  0.000318    1.006642  0.000150  197.22
   640    300.557922      1  -1032.363882  0.001789  -1032.360471  0.000311    1.006662  0.000148  202.44
   660    300.512245      1  -1032.363718  0.001746  -1032.360504  0.000306    1.006673  0.000142  207.65
   680    300.464313      1  -1032.363551  0.001718  -1032.360507  0.000299    1.006689  0.000139  212.86
   700    300.422912      1  -1032.363344  0.001685  -1032.360462  0.000291    1.006677  0.000136  218.07
   720    300.383944      1  -1032.363277  0.001645  -1032.360486  0.000288    1.006683  0.000132  223.28
   740    300.353071      1  -1032.363409  0.001607  -1032.360453  0.000283    1.006681  0.000130  228.49
   760    300.319381      1  -1032.363286  0.001576  -1032.360406  0.000278    1.006701  0.000133  233.70
   780    300.287695      1  -1032.363405  0.001547  -1032.360433  0.000274    1.006720  0.000131  238.99
   800    300.259191      1  -1032.363633  0.001499  -1032.360434  0.000274    1.006699  0.000130  244.20
   820    300.236078      1  -1032.363872  0.001500  -1032.360452  0.000269    1.006690  0.000128  249.46
   840    300.202200      1  -1032.363629  0.001482  -1032.360453  0.000269    1.006701  0.000125  254.67
   860    300.172388      1  -1032.363593  0.001463  -1032.360431  0.000264    1.006718  0.000125  259.88
   880    300.147761      1  -1032.363603  0.001435  -1032.360416  0.000262    1.006745  0.000124  265.09
   900    300.123701      3  -1032.363834  0.001409  -1032.360464  0.000261    1.006755  0.000123  270.30
   920    300.101999      3  -1032.363977  0.001381  -1032.360481  0.000259    1.006808  0.000134  275.50
   940    300.084021      4  -1032.364251  0.001400  -1032.360550  0.000258    1.006827  0.000134  280.71
   960    300.062257      4  -1032.364122  0.001398  -1032.360504  0.000254    1.006830  0.000132  285.92
   980    300.042189      5  -1032.364180  0.001380  -1032.360571  0.000252    1.006819  0.000132  291.13
  1000    300.020395      5  -1032.364157  0.001363  -1032.360527  0.000249    1.006823  0.000137  296.35
---------------------------------------------- Post Propagation ----------------------------------------------
Total number of samples 1000
Raw AFQMC/HF (Guide) energy:           -1032.364157 ± 0.001363
Raw Trial/Guide overlap ratio:          1.006823 ± 0.000137
Raw AFQMC/pt2CCSD energy (covariance): -1032.360527 ± 0.000249
Raw AFQMC/pt2CCSD energy (dir sample): -1032.360527 ± 0.000202
--------------------------------------------- Clean Obeservation ---------------------------------------------
removing energies outside zeta > 30
Outlier energy bound [-1032.505176, -1032.213540]
Removed 0 outliers with energies []
Clean AFQMC/pt2CCSD overlap ratio:        1.006823 ± 0.000137
Clean AFQMC/pt2CCSD energy (covariance): -1032.360527 ± 0.000249
Clean AFQMC/ptCCSD energy (dir sample):  -1032.360527 ± 0.000202
--------------------------------------------- Blocking Analysis ----------------------------------------------
nsample = 1000, max_block_size = 25, min_nblocks = 40
   B    NB    NS  Observable     Error    dError
   1  1000  1000    1.006825  0.000043  0.000001
   2   500  1000    1.006825  0.000057  0.000002
   3   333   999    1.006824  0.000067  0.000003
   4   250  1000    1.006825  0.000075  0.000003
   5   200  1000    1.006825  0.000082  0.000004
   6   166   996    1.006826  0.000086  0.000005
   7   142   994    1.006827  0.000089  0.000005
   8   125  1000    1.006825  0.000094  0.000006
   9   111   999    1.006824  0.000097  0.000007
  10   100  1000    1.006825  0.000103  0.000007
  11    90   990    1.006826  0.000106  0.000008
  12    83   996    1.006826  0.000105  0.000008
  13    76   988    1.006825  0.000112  0.000009
  14    71   994    1.006827  0.000108  0.000009
  15    66   990    1.006826  0.000117  0.000010
  16    62   992    1.006828  0.000113  0.000010
  17    58   986    1.006821  0.000115  0.000011
  18    55   990    1.006826  0.000114  0.000011
  19    52   988    1.006824  0.000124  0.000012
  20    50  1000    1.006825  0.000120  0.000012
  21    47   987    1.006823  0.000123  0.000013
  22    45   990    1.006826  0.000121  0.000013
  23    43   989    1.006826  0.000126  0.000014
  24    41   984    1.006820  0.000129  0.000014
  25    40  1000    1.006825  0.000137  0.000016
Fit (variance): plateau_var = 1.738e-08 ± 2.029e-09
Fit (error):    plateau = 0.000132 ± 0.000008
     autocorrelation length ~ 11.1 blocks
     plateau reached at block size ~ 51
     !!!Failed to reach plateau in blocking
     Return max block error
nclean = 1000, max_block_size = 25, min_nblocks = 40
Blk_SZ   NBlk   NSmp      Energy     Error    dError
     1   1000   1000  -1032.360347  0.000202  0.000005
     2    500   1000  -1032.360390  0.000229  0.000007
     3    333    999  -1032.360409  0.000234  0.000009
     4    250   1000  -1032.360423  0.000243  0.000011
     5    200   1000  -1032.360433  0.000258  0.000013
     6    166    996  -1032.360466  0.000248  0.000014
     7    142    994  -1032.360477  0.000259  0.000015
     8    125   1000  -1032.360457  0.000264  0.000017
     9    111    999  -1032.360464  0.000250  0.000017
    10    100   1000  -1032.360467  0.000250  0.000018
    11     90    990  -1032.360498  0.000248  0.000019
    12     83    996  -1032.360490  0.000246  0.000019
    13     76    988  -1032.360508  0.000256  0.000021
    14     71    994  -1032.360507  0.000262  0.000022
    15     66    990  -1032.360512  0.000249  0.000022
    16     62    992  -1032.360514  0.000272  0.000025
    17     58    986  -1032.360522  0.000235  0.000022
    18     55    990  -1032.360517  0.000240  0.000023
    19     52    988  -1032.360523  0.000238  0.000024
    20     50   1000  -1032.360492  0.000252  0.000025
    21     47    987  -1032.360534  0.000241  0.000025
    22     45    990  -1032.360523  0.000236  0.000025
    23     43    989  -1032.360537  0.000233  0.000025
    24     41    984  -1032.360529  0.000251  0.000028
    25     40   1000  -1032.360499  0.000231  0.000026
Fit (variance): plateau_var = 6.220855e-08 ± 2.260110e-09
Fit (error):    plateau = 0.000249 ± 0.000005
     autocorrelation length ~ 1.4 blocks
     plateau reached at block size ~ 6
Final AFQMC/pt2CCSD overlap ratio: 1.006823 ± 0.000137
Final AFQMC/pt2CCSD energy: -1032.360527 ± 0.000249
Total run time: 305.80
------------------------------------------ AFQMC Sampling Finished -------------------------------------------
