------------------------------------------- AFQMC Sampling Started -------------------------------------------
Hostname: gpua016.delta.ncsa.illinois.edu
System Type: Linux
Machine Type: x86_64
Processor: x86_64
Using GPU.
System: Linux
Node Name: gpua016.delta.ncsa.illinois.edu
Release: 5.14.0-427.91.1.el9_4.x86_64
Version: #1 SMP PREEMPT_DYNAMIC Wed Sep 17 10:08:59 EDT 2025
Machine: x86_64
Processor: x86_64
Decomposing Unrestricted T2 amplitudes
Throw 0 vectors in T2 deomposition
SVD cutoff = 1.00e-08 | error = 6.19e-16
number of T2 decomposition vectors 84
norb: 17
nelec: (3, 3)
n_eql: 120
n_blocks: 1000
n_walkers: 300
dt: 0.005
max_error: 0.0
seed: 17
walker_type: uhf
trial: uccsd_pt2
free_projection: False
use_gpu: True
n_exp_terms: 6
n_prop_steps: 50
save_walkers: False
n_batch: 1
nchol_chunk: 98
mix_precision: True
initial AFQMC/pt2CCSD Energy is -39.000769
Propagating with 300 walkers
----------------------------------------------- Equilibration ------------------------------------------------
inv_T        weight  killW        energy   runTime
 0.00    300.000000      0    -38.892989      9.37
 3.00    300.962935      0    -38.994779     14.33
 6.00    301.582321      0    -39.012719     14.80
 9.00    301.392073      0    -39.003164     15.26
12.00    301.122324      0    -38.996122     15.73
15.00    301.081610      0    -39.006173     16.19
18.00    300.974624      0    -39.007739     16.66
21.00    300.984427      1    -39.002222     17.12
24.00    301.095798      0    -39.000791     17.59
27.00    300.822487      0    -38.995339     18.06
30.00    301.143492      0    -39.004656     18.52
---------------------------------------------- Sampling Blocks -----------------------------------------------
blocks        weight  killW       E_Guide     error       E_Trial     error     olp_T/G     error  Walltime
    20    301.008541      1    -39.004725  0.002748    -39.002963  0.000184    1.003935  0.001029   26.53
    40    300.804177      3    -39.001221  0.002859    -39.002787  0.000126    1.004999  0.001027   27.43
    60    300.706113      4    -39.002657  0.002295    -39.002815  0.000097    1.005219  0.000662   28.32
    80    300.593233      5    -39.003031  0.001714    -39.002866  0.000090    1.005359  0.000511   29.22
   100    300.482129      9    -39.003177  0.001563    -39.002908  0.000077    1.005775  0.000456   30.12
   120    300.396859     10    -39.002988  0.001377    -39.002872  0.000069    1.006060  0.000415   31.02
   140    300.302795     13    -39.002980  0.001198    -39.002825  0.000063    1.006291  0.000406   31.92
   160    300.223262     14    -39.002827  0.001105    -39.002786  0.000059    1.005849  0.000468   32.82
   180    300.151939     16    -39.002598  0.001022    -39.002791  0.000058    1.005564  0.000462   33.72
   200    300.093468     17    -39.002334  0.000950    -39.002787  0.000057    1.005636  0.000425   34.62
   220    300.038661     19    -39.001955  0.000910    -39.002790  0.000053    1.005799  0.000402   35.52
   240    299.997155     19    -39.001932  0.000842    -39.002776  0.000050    1.005833  0.000369   36.43
   260    299.957347     20    -39.002197  0.000799    -39.002771  0.000048    1.006150  0.000408   37.33
   280    299.916524     23    -39.002201  0.000731    -39.002752  0.000047    1.006404  0.000419   38.23
   300    299.885341     23    -39.001993  0.000697    -39.002743  0.000046    1.006696  0.000440   39.14
   320    299.857329     24    -39.002187  0.000667    -39.002737  0.000044    1.006848  0.000426   40.04
   340    299.834873     24    -39.002320  0.000635    -39.002753  0.000043    1.007058  0.000426   40.94
   360    299.810419     24    -39.002173  0.000600    -39.002739  0.000044    1.007322  0.000443   41.83
   380    299.786931     27    -39.002138  0.000571    -39.002726  0.000043    1.007353  0.000422   42.73
   400    299.763670     29    -39.001931  0.000566    -39.002711  0.000042    1.007352  0.000403   43.65
   420    299.751736     30    -39.001973  0.000543    -39.002698  0.000040    1.007431  0.000388   44.55
   440    299.740355     32    -39.002347  0.000601    -39.002722  0.000039    1.007556  0.000403   45.44
   460    299.720896     34    -39.002198  0.000601    -39.002716  0.000038    1.007682  0.000401   46.34
   480    299.703892     37    -39.002205  0.000574    -39.002701  0.000037    1.007753  0.000392   47.24
   500    299.693496     38    -39.002246  0.000549    -39.002697  0.000037    1.007795  0.000384   48.14
   520    299.678878     41    -39.002377  0.000537    -39.002686  0.000037    1.007812  0.000383   49.04
   540    299.662508     46    -39.002376  0.000515    -39.002688  0.000036    1.007837  0.000374   49.93
   560    299.645622     46    -39.002309  0.000507    -39.002694  0.000036    1.007950  0.000377   50.83
   580    299.637892     46    -39.002231  0.000489    -39.002692  0.000035    1.008061  0.000376   51.73
   600    299.630856     48    -39.002319  0.000474    -39.002690  0.000035    1.008125  0.000379   52.63
   620    299.622065     49    -39.002265  0.000468    -39.002679  0.000034    1.008141  0.000369   53.53
   640    299.615231     49    -39.002212  0.000457    -39.002679  0.000034    1.008120  0.000370   54.43
   660    299.604932     52    -39.002192  0.000451    -39.002677  0.000033    1.008107  0.000362   55.32
   680    299.597699     53    -39.002283  0.000450    -39.002671  0.000033    1.008091  0.000359   56.23
   700    299.586874     54    -39.002265  0.000435    -39.002673  0.000032    1.008174  0.000357   57.13
   720    299.576129     56    -39.002158  0.000428    -39.002668  0.000032    1.008316  0.000372   58.03
   740    299.566883     59    -39.002000  0.000439    -39.002660  0.000031    1.008359  0.000366   58.92
   760    299.557970     59    -39.002021  0.000464    -39.002661  0.000031    1.008447  0.000381   59.82
   780    299.551532     65    -39.002041  0.000453    -39.002655  0.000031    1.008597  0.000398   60.71
   800    299.547851     65    -39.002046  0.000442    -39.002652  0.000030    1.008682  0.000404   61.62
   820    299.544514     65    -39.002085  0.000433    -39.002651  0.000030    1.008761  0.000402   62.52
   840    299.539844     67    -39.002130  0.000424    -39.002644  0.000030    1.008847  0.000408   63.42
   860    299.533101     69    -39.002032  0.000421    -39.002640  0.000029    1.008905  0.000408   64.32
   880    299.527330     70    -39.001880  0.000453    -39.002627  0.000029    1.008953  0.000408   65.22
   900    299.522409     70    -39.001814  0.000453    -39.002620  0.000029    1.009045  0.000408   66.12
   920    299.519746     72    -39.001829  0.000448    -39.002603  0.000028    1.009175  0.000436   67.02
   940    299.516330     74    -39.001857  0.000438    -39.002598  0.000028    1.009278  0.000436   67.92
   960    299.512805     75    -39.001815  0.000430    -39.002586  0.000028    1.009348  0.000444   68.81
   980    299.509523     76    -39.001758  0.000428    -39.002575  0.000027    1.009439  0.000444   69.72
  1000    299.505843     78    -39.001807  0.000419    -39.002574  0.000027    1.009488  0.000445   70.62
---------------------------------------------- Post Propagation ----------------------------------------------
Total number of samples 1000
Raw AFQMC/HF (Guide) energy:           -39.001807 ± 0.000419
Raw Trial/Guide overlap ratio:          1.009488 ± 0.000445
Raw AFQMC/pt2CCSD energy (covariance): -39.002574 ± 0.000027
Raw AFQMC/pt2CCSD energy (dir sample): -39.002574 ± 0.000021
--------------------------------------------- Clean Obeservation ---------------------------------------------
removing energies outside zeta > 30
Outlier energy bound [-39.018732, -38.986243]
Removed 0 outliers with energies []
Clean AFQMC/pt2CCSD overlap ratio:        1.009488 ± 0.000445
Clean AFQMC/pt2CCSD energy (covariance): -39.002574 ± 0.000027
Clean AFQMC/ptCCSD energy (dir sample):  -39.002574 ± 0.000021
--------------------------------------------- Blocking Analysis ----------------------------------------------
nsample = 1000, max_block_size = 25, min_nblocks = 40
   B    NB    NS  Observable     Error    dError
   1  1000  1000    1.009490  0.000102  0.000002
   2   500  1000    1.009490  0.000141  0.000004
   3   333   999    1.009488  0.000170  0.000007
   4   250  1000    1.009490  0.000194  0.000009
   5   200  1000    1.009490  0.000215  0.000011
   6   166   996    1.009483  0.000235  0.000013
   7   142   994    1.009481  0.000253  0.000015
   8   125  1000    1.009490  0.000269  0.000017
   9   111   999    1.009488  0.000282  0.000019
  10   100  1000    1.009490  0.000295  0.000021
  11    90   990    1.009474  0.000312  0.000023
  12    83   996    1.009483  0.000321  0.000025
  13    76   988    1.009467  0.000337  0.000028
  14    71   994    1.009481  0.000344  0.000029
  15    66   990    1.009474  0.000357  0.000031
  16    62   992    1.009479  0.000366  0.000033
  17    58   986    1.009460  0.000379  0.000035
  18    55   990    1.009474  0.000385  0.000037
  19    52   988    1.009467  0.000400  0.000040
  20    50  1000    1.009490  0.000404  0.000041
  21    47   987    1.009463  0.000415  0.000043
  22    45   990    1.009474  0.000426  0.000045
  23    43   989    1.009470  0.000438  0.000048
  24    41   984    1.009453  0.000445  0.000050
  25    40  1000    1.009490  0.000445  0.000050
Fit (variance): plateau_var = 6.776e-07 ± 5.114e-07
Fit (error):    plateau = 0.000823 ± 0.000311
     autocorrelation length ~ 72.2 blocks
     plateau reached at block size ~ 333
     !!!Failed to reach plateau in blocking
     Return max block error
nclean = 1000, max_block_size = 25, min_nblocks = 40
Blk_SZ   NBlk   NSmp      Energy     Error    dError
     1   1000   1000  -39.002557  0.000021  0.000000
     2    500   1000  -39.002560  0.000024  0.000001
     3    333    999  -39.002563  0.000026  0.000001
     4    250   1000  -39.002564  0.000027  0.000001
     5    200   1000  -39.002565  0.000029  0.000001
     6    166    996  -39.002566  0.000031  0.000002
     7    142    994  -39.002567  0.000032  0.000002
     8    125   1000  -39.002567  0.000032  0.000002
     9    111    999  -39.002569  0.000033  0.000002
    10    100   1000  -39.002568  0.000033  0.000002
    11     90    990  -39.002571  0.000035  0.000003
    12     83    996  -39.002571  0.000035  0.000003
    13     76    988  -39.002572  0.000034  0.000003
    14     71    994  -39.002570  0.000036  0.000003
    15     66    990  -39.002572  0.000037  0.000003
    16     62    992  -39.002572  0.000037  0.000003
    17     58    986  -39.002572  0.000038  0.000004
    18     55    990  -39.002573  0.000037  0.000004
    19     52    988  -39.002572  0.000037  0.000004
    20     50   1000  -39.002570  0.000038  0.000004
    21     47    987  -39.002573  0.000037  0.000004
    22     45    990  -39.002573  0.000039  0.000004
    23     43    989  -39.002574  0.000036  0.000004
    24     41    984  -39.002572  0.000040  0.000004
    25     40   1000  -39.002571  0.000038  0.000004
Fit (variance): plateau_var = 1.482791e-09 ± 1.390583e-10
Fit (error):    plateau = 0.000039 ± 0.000002
     autocorrelation length ~ 8.0 blocks
     plateau reached at block size ~ 36
     !!!Failed to reach plateau in blocking
     Return max block error
Final AFQMC/pt2CCSD overlap ratio: 1.009488 ± 0.000445
Final AFQMC/pt2CCSD energy: -39.002574 ± 0.000040
Total run time: 80.04
------------------------------------------ AFQMC Sampling Finished -------------------------------------------
