------------------------------------------- AFQMC Sampling Started -------------------------------------------
Hostname: gpua016.delta.ncsa.illinois.edu
System Type: Linux
Machine Type: x86_64
Processor: x86_64
Using GPU.
System: Linux
Node Name: gpua016.delta.ncsa.illinois.edu
Release: 5.14.0-427.91.1.el9_4.x86_64
Version: #1 SMP PREEMPT_DYNAMIC Wed Sep 17 10:08:59 EDT 2025
Machine: x86_64
Processor: x86_64
Decomposing Unrestricted T2 amplitudes
Throw 1 vectors in T2 deomposition
SVD cutoff = 1.00e-08 | error = 2.05e-09
number of T2 decomposition vectors 2159
norb: 78
nelec: (18, 18)
n_eql: 120
n_blocks: 1000
n_walkers: 300
dt: 0.005
max_error: 0.0
seed: 17
walker_type: uhf
trial: uccsd_pt2
free_projection: False
use_gpu: True
n_exp_terms: 6
n_prop_steps: 50
save_walkers: False
n_batch: 1
nchol_chunk: 100
mix_precision: True
initial AFQMC/pt2CCSD Energy is -1194.491522
Propagating with 300 walkers
----------------------------------------------- Equilibration ------------------------------------------------
inv_T        weight  killW        energy   runTime
 0.00    300.000000      0  -1193.562729     13.21
 3.00    313.308325      0  -1194.476082     21.78
 6.00    313.310506      0  -1194.547146     24.36
 9.00    312.968100      0  -1194.478779     26.94
12.00    313.041070      0  -1194.543143     29.53
15.00    313.253909      0  -1194.510875     32.11
18.00    314.060581      0  -1194.513532     34.69
21.00    313.857593      0  -1194.548025     37.27
24.00    312.372772      0  -1194.487146     39.85
27.00    313.707005      0  -1194.505010     42.44
30.00    312.412434      0  -1194.529735     45.02
---------------------------------------------- Sampling Blocks -----------------------------------------------
blocks        weight  killW       E_Guide     error       E_Trial     error     olp_T/G     error  Walltime
    20    313.538174      0  -1194.520907  0.013911  -1194.520819  0.002180    1.013197  0.000353   67.50
    40    312.128937      0  -1194.524985  0.007153  -1194.519217  0.001484    1.012897  0.000325   83.79
    60    310.787093      0  -1194.523574  0.005521  -1194.518803  0.001122    1.013104  0.000300  100.06
    80    309.712954      0  -1194.529882  0.005859  -1194.519778  0.000973    1.012749  0.000338  116.33
   100    308.655582      0  -1194.525064  0.005551  -1194.519573  0.000927    1.012830  0.000291  132.60
   120    307.840455      0  -1194.525970  0.004617  -1194.520006  0.000841    1.012648  0.000264  148.87
   140    307.105744      0  -1194.527142  0.004233  -1194.519821  0.000765    1.012640  0.000230  165.14
   160    306.400857      0  -1194.523762  0.004049  -1194.519612  0.000686    1.012686  0.000203  181.41
   180    305.818688      0  -1194.523657  0.003729  -1194.519544  0.000650    1.012739  0.000177  197.69
   200    305.292268      0  -1194.522295  0.003489  -1194.519392  0.000599    1.012745  0.000161  213.97
   220    304.860938      0  -1194.522558  0.003231  -1194.519405  0.000568    1.012797  0.000148  230.23
   240    304.468740      0  -1194.522603  0.003018  -1194.519496  0.000536    1.012759  0.000150  246.50
   260    304.112341      0  -1194.523019  0.002844  -1194.519652  0.000514    1.012714  0.000144  262.79
   280    303.777039      0  -1194.522605  0.002747  -1194.519610  0.000492    1.012640  0.000144  279.06
   300    303.490826      0  -1194.522543  0.002634  -1194.519481  0.000474    1.012698  0.000140  295.33
   320    303.233499      1  -1194.522774  0.002561  -1194.519277  0.000459    1.012755  0.000140  311.62
   340    303.002589      1  -1194.522816  0.002460  -1194.519286  0.000441    1.012757  0.000132  327.89
   360    302.794645      1  -1194.523752  0.002386  -1194.519281  0.000425    1.012766  0.000127  344.16
   380    302.611450      1  -1194.524187  0.002327  -1194.519314  0.000420    1.012758  0.000123  360.43
   400    302.430860      2  -1194.523981  0.002245  -1194.519287  0.000407    1.012769  0.000118  376.72
   420    302.282372      2  -1194.524656  0.002160  -1194.519338  0.000397    1.012789  0.000115  392.99
   440    302.128472      2  -1194.524452  0.002080  -1194.519335  0.000385    1.012814  0.000118  409.26
   460    301.991335      2  -1194.524470  0.002006  -1194.519311  0.000377    1.012794  0.000116  425.53
   480    301.867412      2  -1194.524814  0.001988  -1194.519428  0.000375    1.012764  0.000112  441.80
   500    301.744116      2  -1194.524455  0.001942  -1194.519476  0.000368    1.012708  0.000117  458.07
   520    301.633578      2  -1194.524633  0.001890  -1194.519469  0.000360    1.012726  0.000116  474.33
   540    301.526146      2  -1194.524301  0.001864  -1194.519423  0.000354    1.012761  0.000114  490.62
   560    301.429959      2  -1194.523755  0.001873  -1194.519276  0.000346    1.012798  0.000119  506.88
   580    301.333339      2  -1194.523728  0.001828  -1194.519283  0.000342    1.012826  0.000120  523.16
   600    301.250200      2  -1194.524085  0.001796  -1194.519722  0.000426    1.012790  0.000121  539.43
   620    301.176490      2  -1194.524300  0.001818  -1194.519833  0.000420    1.012771  0.000119  556.50
   640    301.100776      2  -1194.524026  0.001786  -1194.519779  0.000410    1.012740  0.000120  572.77
   660    301.029354      2  -1194.524053  0.001716  -1194.519767  0.000400    1.012752  0.000117  589.04
   680    300.959486      2  -1194.523892  0.001681  -1194.519615  0.000392    1.012767  0.000118  605.32
   700    300.894755      2  -1194.523270  0.001713  -1194.519707  0.000385    1.012764  0.000116  621.62
   720    300.844886      2  -1194.523482  0.001693  -1194.519731  0.000379    1.012752  0.000113  637.90
   740    300.796826      2  -1194.524359  0.001774  -1194.519865  0.000394    1.012732  0.000114  654.17
   760    300.743973      2  -1194.524213  0.001751  -1194.519903  0.000386    1.012745  0.000112  670.44
   780    300.702140      2  -1194.524238  0.001726  -1194.519924  0.000380    1.012735  0.000109  686.72
   800    300.650800      2  -1194.524055  0.001785  -1194.519904  0.000372    1.012760  0.000108  702.99
   820    300.616091      2  -1194.524421  0.001780  -1194.519933  0.000366    1.012751  0.000106  719.27
   840    300.575286      2  -1194.524638  0.001750  -1194.519884  0.000362    1.012736  0.000110  735.56
   860    300.536776      2  -1194.524770  0.001714  -1194.519909  0.000356    1.012733  0.000110  752.95
   880    300.492429      2  -1194.524781  0.001675  -1194.519944  0.000355    1.012768  0.000107  769.22
   900    300.453471      2  -1194.524864  0.001639  -1194.519975  0.000350    1.012783  0.000111  785.49
   920    300.414646      2  -1194.524761  0.001607  -1194.519908  0.000344    1.012808  0.000114  801.76
   940    300.380177      2  -1194.524812  0.001573  -1194.519903  0.000339    1.012806  0.000114  818.02
   960    300.345331      2  -1194.524536  0.001565  -1194.519960  0.000335    1.012827  0.000111  834.29
   980    300.311489      2  -1194.524222  0.001565  -1194.519869  0.000329    1.012833  0.000110  850.57
  1000    300.286285      2  -1194.524209  0.001533  -1194.519818  0.000325    1.012835  0.000107  866.84
---------------------------------------------- Post Propagation ----------------------------------------------
Total number of samples 1000
Raw AFQMC/HF (Guide) energy:           -1194.524209 ± 0.001533
Raw Trial/Guide overlap ratio:          1.012835 ± 0.000107
Raw AFQMC/pt2CCSD energy (covariance): -1194.519818 ± 0.000325
Raw AFQMC/pt2CCSD energy (dir sample): -1194.519818 ± 0.000278
--------------------------------------------- Clean Obeservation ---------------------------------------------
removing energies outside zeta > 30
Outlier energy bound [-1194.705964, -1194.330582]
Removed 0 outliers with energies []
Clean AFQMC/pt2CCSD overlap ratio:        1.012835 ± 0.000107
Clean AFQMC/pt2CCSD energy (covariance): -1194.519818 ± 0.000325
Clean AFQMC/ptCCSD energy (dir sample):  -1194.519818 ± 0.000278
--------------------------------------------- Blocking Analysis ----------------------------------------------
nsample = 1000, max_block_size = 25, min_nblocks = 40
   B    NB    NS  Observable     Error    dError
   1  1000  1000    1.012836  0.000039  0.000001
   2   500  1000    1.012836  0.000051  0.000002
   3   333   999    1.012837  0.000060  0.000002
   4   250  1000    1.012836  0.000064  0.000003
   5   200  1000    1.012836  0.000070  0.000003
   6   166   996    1.012836  0.000074  0.000004
   7   142   994    1.012836  0.000080  0.000005
   8   125  1000    1.012836  0.000079  0.000005
   9   111   999    1.012836  0.000082  0.000006
  10   100  1000    1.012835  0.000081  0.000006
  11    90   990    1.012835  0.000088  0.000007
  12    83   996    1.012836  0.000088  0.000007
  13    76   988    1.012835  0.000093  0.000008
  14    71   994    1.012836  0.000092  0.000008
  15    66   990    1.012835  0.000095  0.000008
  16    62   992    1.012835  0.000098  0.000009
  17    58   986    1.012835  0.000102  0.000010
  18    55   990    1.012835  0.000094  0.000009
  19    52   988    1.012835  0.000097  0.000010
  20    50  1000    1.012835  0.000098  0.000010
  21    47   987    1.012835  0.000103  0.000011
  22    45   990    1.012835  0.000095  0.000010
  23    43   989    1.012835  0.000107  0.000012
  24    41   984    1.012835  0.000095  0.000011
  25    40  1000    1.012835  0.000099  0.000011
Fit (variance): plateau_var = 1.035e-08 ± 9.252e-10
Fit (error):    plateau = 0.000102 ± 0.000005
     autocorrelation length ~ 8.3 blocks
     plateau reached at block size ~ 38
     !!!Failed to reach plateau in blocking
     Return max block error
nclean = 1000, max_block_size = 25, min_nblocks = 40
Blk_SZ   NBlk   NSmp      Energy     Error    dError
     1   1000   1000  -1194.519546  0.000278  0.000006
     2    500   1000  -1194.519613  0.000298  0.000009
     3    333    999  -1194.519643  0.000311  0.000012
     4    250   1000  -1194.519674  0.000330  0.000015
     5    200   1000  -1194.519701  0.000335  0.000017
     6    166    996  -1194.519698  0.000348  0.000019
     7    142    994  -1194.519725  0.000365  0.000022
     8    125   1000  -1194.519736  0.000369  0.000023
     9    111    999  -1194.519737  0.000384  0.000026
    10    100   1000  -1194.519749  0.000387  0.000028
    11     90    990  -1194.519785  0.000374  0.000028
    12     83    996  -1194.519745  0.000403  0.000031
    13     76    988  -1194.519812  0.000406  0.000033
    14     71    994  -1194.519764  0.000420  0.000035
    15     66    990  -1194.519796  0.000402  0.000035
    16     62    992  -1194.519794  0.000413  0.000037
    17     58    986  -1194.519815  0.000423  0.000040
    18     55    990  -1194.519803  0.000422  0.000041
    19     52    988  -1194.519829  0.000426  0.000042
    20     50   1000  -1194.519769  0.000391  0.000040
    21     47    987  -1194.519828  0.000450  0.000047
    22     45    990  -1194.519819  0.000397  0.000042
    23     43    989  -1194.519830  0.000348  0.000038
    24     41    984  -1194.519836  0.000373  0.000042
    25     40   1000  -1194.519793  0.000355  0.000040
Fit (variance): plateau_var = 1.633814e-07 ± 1.223449e-08
Fit (error):    plateau = 0.000404 ± 0.000015
     autocorrelation length ~ 6.3 blocks
     plateau reached at block size ~ 26
     !!!Failed to reach plateau in blocking
     Return max block error
Final AFQMC/pt2CCSD overlap ratio: 1.012835 ± 0.000107
Final AFQMC/pt2CCSD energy: -1194.519818 ± 0.000450
Total run time: 876.20
------------------------------------------ AFQMC Sampling Finished -------------------------------------------
