#INFO: **** input file is /work/hdd/bdka/yzhang65/w4_17/w4-17_all/afqmc_input/run_afqmc.py ****
import os
os.environ.setdefault("XLA_PYTHON_CLIENT_ALLOCATOR", "platform")

import jax
jax.config.update("jax_enable_x64", True)

import glob
import numpy as np
from pyscf import gto, scf, cc
from afqmc import prep, launch_afqmc
import re

def extract_afqmc_energy(filename):
    """Extract the final AFQMC/pt2CCSD energy and its uncertainty from an afqmc.out file.
    
    Returns (0, 0) if the value cannot be found or the file cannot be read.
    """
    pattern = re.compile(
        r"Final AFQMC/pt2CCSD energy:\s*"
        r"([-+]?\d*\.?\d+(?:[eE][-+]?\d+)?)"   # energy
        r"\s*(?:±|\+/-)\s*"
        r"([-+]?\d*\.?\d+(?:[eE][-+]?\d+)?)"   # error
    )
    try:
        with open(filename, "r", encoding="utf-8") as f:
            for line in f:
                m = pattern.search(line)
                if m:
                    return float(m.group(1)), float(m.group(2))
    except (OSError, IOError):
        pass
    return 0, 0

# basis = "ccpvdz"
xyz_dir = "../w4_17_xyz/closed_shell"
results_file = f"./closed_shell_uhf_vdzsd.dat"
out_dir = "../result/molout/closed_shell"
os.makedirs(out_dir, exist_ok=True)

# Set to a list of molecule names to run only those, e.g. ["acetaldehyde", "benzene"]
# Set to None to run all molecules in xyz_dir
select_molecules = None
symmetry = False

def vdzsd(elem):
    if elem in ('H', 'He'):
        raw_basis = gto.basis.load('ccpvdz', elem)
        return [b for b in raw_basis if b[0] != 1]
    else:
        return gto.basis.load('ccpvdz', elem)

def get_vdzsd_basis(atoms):
    elems = {line.split()[0] for line in atoms.strip().splitlines() if line.strip()}
    basis_dict = {el: vdzsd(el) for el in elems}
    return basis_dict

all_xyz = sorted(glob.glob(os.path.join(xyz_dir, "*.xyz")))
if select_molecules is not None:
    select_set = set(select_molecules)
    xyz_files = [p for p in all_xyz if os.path.splitext(os.path.basename(p))[0] in select_set]
    missing = select_set - {os.path.splitext(os.path.basename(p))[0] for p in xyz_files}
    if missing:
        print(f"Warning: no .xyz file found for: {', '.join(sorted(missing))} in {xyz_dir}")
else:
    xyz_files = all_xyz

with open(results_file, "w") as out:
    out.write(f"{'Molecule':<16s} {'Charge':>6s} {'2S':>6s} {'frozen':>6s} "
              f"{'E_HF (Eh)':>20s} {'E_CCSD (Eh)':>20s} {'E_CCSD(T) (Eh)':>20s} "
              f"{'E_AFQMC (Eh)':>20s} {'E_AFQMC ERR (Eh)':>20s} \n")
    out.write("-" * 100 + "\n")

for xyz_path in xyz_files:
    with open(xyz_path, "r") as f:
        lines = f.readlines()

    # Parse charge and multiplicity from second line: "name charge=X mult=Y"
    second_line = lines[1]
    charge = int(second_line.split("charge=")[1].split()[0])
    mult   = int(second_line.split("mult=")[1].split()[0])
    spin   = mult - 1   # PySCF spin input is 2S = mult - 1
    mol_name = second_line.split()[0]

    # Coordinates only (skip the atom count and comment lines)
    atoms = "".join(lines[2:])
    basis_dict = get_vdzsd_basis(atoms)

    print(f"\n{'='*60}")
    print(f"Running: {mol_name}  charge={charge}  spin={spin}")
    print(f"{'='*60}")

    mol = gto.M(
        atom=atoms,
        basis=basis_dict,
        verbose=4,
        output=os.path.join(out_dir, f"{mol_name}_vdzsd.out"),
        unit="angstrom",
        symmetry=symmetry,
        charge=charge,
        spin=spin,
        max_memory=40000,
    )

    mf = scf.UHF(mol)
    mf.max_cycle = 200
    mf = mf.newton()
    mf.kernel()

    # Stability check loop — at most 10 attempts
    max_stability_cycles = 10
    stable = False
    for stability_iter in range(max_stability_cycles):
        mo_i, _, stable, _ = mf.stability(return_status=True)
        if stable:
            break
        dm = mf.make_rdm1(mo_i, mf.mo_occ)
        mf.kernel(dm0=dm)

    if not stable or not mf.converged:
        print(f"  !! SCF did not converge for {mol_name} — skipping.")
        with open(results_file, "a") as out:
            out.write(f"{mol_name:<16s} {charge:>6d} {spin:>6d} {'N/A':>6s} "
                      f"{'UNCONVERGED':>20s} {'UNCONVERGED':>20s} {'UNCONVERGED':>20s}\n")
        continue

    energy = mf.e_tot

    mycc = cc.CCSD(mf)
    mycc.set_frozen()
    mycc.kernel()
    e_ccsd = mycc.e_tot
    et = mycc.ccsd_t()
    e_ccsdt = e_ccsd + et
    frozen = mycc.frozen

    prep.prep_afqmc(mycc, chol_cut=1e-5)
    options = {'n_eql': 120,
               'n_blocks': 1000,
               'n_walkers': 300,
               'dt':0.005,
               'max_error': 0.0,
               #'nchol_chunk': 200,
               'seed': 17,
               'walker_type': 'uhf',
               'trial': 'uccsd_pt2',
               'free_projection': False,
               'use_gpu': True,
               }
    launch_afqmc.run_afqmc(options)
    afqmc_file = os.path.join(out_dir, f'{mol_name}_afqmc_vdzsd.out')
    os.system(f"mv afqmc.out {afqmc_file}")
    eqmc, eqmc_err = extract_afqmc_energy(f"{afqmc_file}")

    with open(results_file, "a") as out:
        out.write(f"{mol_name:<16s} {charge:>6d} {spin:>6d} {frozen:>6d} "
                  f"{energy:>20.10f} {e_ccsd:>20.10f} {e_ccsdt:>20.10f}"
                  f"{eqmc:>20.10f} {eqmc_err:>20.10f} \n")

    print(f"  => E_HF({mol_name})      = {energy:.10f} Eh")
    print(f"  => E_CCSD({mol_name})    = {e_ccsd:.10f} Eh")
    print(f"  => E_CCSD(T)({mol_name}) = {e_ccsdt:.10f} Eh")
    print(f"  => E_AFQMC({mol_name})   = {eqmc:.10f} +/- {eqmc_err:.10f} Eh")

print(f"\nAll calculations complete. Results saved to {results_file}")
#INFO: ******************** input file end ********************


System: uname_result(system='Linux', node='gpua016.delta.ncsa.illinois.edu', release='5.14.0-427.91.1.el9_4.x86_64', version='#1 SMP PREEMPT_DYNAMIC Wed Sep 17 10:08:59 EDT 2025', machine='x86_64')  Threads 16
Python 3.11.14 (main, Oct 21 2025, 18:31:21) [GCC 11.2.0]
numpy 2.3.5  scipy 1.16.3  h5py 3.15.1
Date: Sat May 16 23:54:27 2026
PySCF version 2.11.0
PySCF path  /u/yzhang65/myprojects/software/pyscf
GIT HEAD (branch master) f520f5381c0b41f716d847009817cbc64e52c0d5

[ENV] PYSCF_TMPDIR /projects/bdka/yzhang65/scratch/pyscf
[ENV] PYSCF_EXT_PATH /u/yzhang65/myprojects/software/pyscf-forge
[CONFIG] conf_file None
[INPUT] verbose = 4
[INPUT] num. atoms = 2
[INPUT] num. electrons = 34
[INPUT] charge = 0
[INPUT] spin (= nelec alpha-beta = 2S) = 0
[INPUT] symmetry False subgroup None
[INPUT] Mole.unit = angstrom
[INPUT] Symbol           X                Y                Z      unit          X                Y                Z       unit  Magmom
[INPUT]  1 Cl     0.000000000000   0.000000000000   0.998288000000 AA    0.000000000000   0.000000000000   1.886490913440 Bohr   0.0
[INPUT]  2 Cl     0.000000000000   0.000000000000  -0.998288000000 AA    0.000000000000   0.000000000000  -1.886490913440 Bohr   0.0

nuclear repulsion = 76.5972414553115
number of shells = 10
number of NR pGTOs = 82
number of NR cGTOs = 36
basis = {'Cl': [[0, [127900.0, 0.000241153, -6.78922e-05, 2.04986e-05], [19170.0, 0.00187095, -0.000521836, 0.000158298], [4363.0, 0.00970827, -0.00276513, 0.000833639], [1236.0, 0.0393153, -0.0111537, 0.0033988], [403.6, 0.125932, -0.0385919, 0.0116738], [145.7, 0.299341, -0.0994848, 0.0309622], [56.81, 0.421886, -0.201392, 0.0629533], [23.23, 0.237201, -0.130313, 0.0460257], [6.644, 0.0191531, 0.509443, -0.219312], [2.575, -0.00334792, 0.610725, -0.408773], [0.5371, 0.000929883, 0.0421549, 0.638465]], [0, [0.1938, 1.0]], [1, [417.6, 0.00525982, -0.0014357], [98.33, 0.0398332, -0.0107796], [31.04, 0.164655, -0.0470075], [11.19, 0.387322, -0.11103], [4.249, 0.457072, -0.153275], [1.624, 0.151636, 0.0894609], [0.5322, 0.00181615, 0.579444]], [1, [0.162, 1.0]], [2, [0.6, 1.0]]]}
ecp = {}
CPU time:      8298.51




******** <class 'pyscf.soscf.newton_ah.SecondOrderUHF'> ********
method = SecondOrderUHF
initial guess = minao
damping factor = 0
level_shift factor = 0
DIIS = <class 'pyscf.scf.diis.CDIIS'>
diis_start_cycle = 1
diis_space = 8
diis_damp = 0
SCF conv_tol = 1e-09
SCF conv_tol_grad = None
SCF max_cycles = 200
direct_scf = True
direct_scf_tol = 1e-13
chkfile to save SCF result = /projects/bdka/yzhang65/scratch/pyscf/tmpby9jx641
max_memory 40000 MB (current use 2882 MB)
number electrons alpha = 17  beta = 17
******** <class 'pyscf.scf.uhf.UHF'> Newton solver flags ********
SCF tol = 1e-09
conv_tol_grad = None
max. SCF cycles = 200
direct_scf = True
direct_scf_tol = 1e-13
chkfile to save SCF result = /projects/bdka/yzhang65/scratch/pyscf/tmpby9jx641
max_cycle_inner = 12
max_stepsize = 0.05
ah_start_tol = 1e+09
ah_level_shift = 0
ah_conv_tol = 1e-12
ah_lindep = 1e-14
ah_start_cycle = 1
ah_max_cycle = 40
ah_grad_trust_region = 2.5
kf_interval = 4
kf_trust_region = 5
canonicalization = True
max_memory 40000 MB (current use 2882 MB)
Set conv_tol_grad to 3.16228e-05
  alpha nocc = 17  HOMO = -0.362902975387949  LUMO = -0.123807784308561
  beta  nocc = 17  HOMO = -0.362595232839203  LUMO = -0.122637404272224
Initial guess E= -918.947110690947  |g|= 0.150814
macro= 0  E= -918.960935393064  delta_E= -0.0138247  |g|= 4.74335e-05  3 KF 11 JK
macro= 1  E= -918.960935393063  delta_E= 3.41061e-13  |g|= 2.57763e-06  1 KF 2 JK
Canonicalize SCF orbitals
macro X = 2  E=-918.960935393063  |g|= 2.57763e-06  total 5 KF 16 JK
converged SCF energy = -918.960935393063  <S^2> = 2.7000624e-12  2S+1 = 1
uhf_internal: lowest eigs of H = [0.15126044 0.15126582 0.19318937]
<class 'pyscf.soscf.newton_ah.SecondOrderUHF'> wavefunction is stable in the internal stability analysis

******** <class 'pyscf.cc.uccsd.UCCSD'> ********
CC2 = 0
CCSD nocc = (np.int64(7), np.int64(7)), nmo = (26, 26)
frozen orbitals 10
max_cycle = 50
direct = 0
conv_tol = 1e-07
conv_tol_normt = 1e-06
diis_space = 6
diis_start_cycle = 0
diis_start_energy_diff = 1e+09
max_memory 40000 MB (current use 2560 MB)
Init t2, MP2 energy = -0.270604285227374
Init E_corr(UCCSD) = -0.270604285228873
cycle = 1  E_corr(UCCSD) = -0.289027244199289  dE = -0.018422959  norm(t1,t2) = 0.0497911
cycle = 2  E_corr(UCCSD) = -0.294086992785845  dE = -0.00505974859  norm(t1,t2) = 0.0161767
cycle = 3  E_corr(UCCSD) = -0.295871899807837  dE = -0.00178490702  norm(t1,t2) = 0.00632801
cycle = 4  E_corr(UCCSD) = -0.296069610212919  dE = -0.000197710405  norm(t1,t2) = 0.00140329
cycle = 5  E_corr(UCCSD) = -0.296010513442838  dE = 5.90967701e-05  norm(t1,t2) = 0.000564755
cycle = 6  E_corr(UCCSD) = -0.296015932278738  dE = -5.4188359e-06  norm(t1,t2) = 0.000168465
cycle = 7  E_corr(UCCSD) = -0.296016747702678  dE = -8.1542394e-07  norm(t1,t2) = 3.97432e-05
cycle = 8  E_corr(UCCSD) = -0.296016564703898  dE = 1.8299878e-07  norm(t1,t2) = 9.60137e-06
cycle = 9  E_corr(UCCSD) = -0.296016617575676  dE = -5.28717778e-08  norm(t1,t2) = 2.83997e-06
cycle = 10  E_corr(UCCSD) = -0.296016595820186  dE = 2.17554898e-08  norm(t1,t2) = 9.90745e-07
UCCSD converged
E(UCCSD) = -919.2569519888837  E_corr = -0.2960165958201861
UCCSD(T) correction = -0.00629047983401635
