------------------------------------------- AFQMC Sampling Started -------------------------------------------
Hostname: gpua016.delta.ncsa.illinois.edu
System Type: Linux
Machine Type: x86_64
Processor: x86_64
Using GPU.
System: Linux
Node Name: gpua016.delta.ncsa.illinois.edu
Release: 5.14.0-427.91.1.el9_4.x86_64
Version: #1 SMP PREEMPT_DYNAMIC Wed Sep 17 10:08:59 EDT 2025
Machine: x86_64
Processor: x86_64
Decomposing Unrestricted T2 amplitudes
Throw 0 vectors in T2 deomposition
SVD cutoff = 1.00e-08 | error = 2.86e-15
number of T2 decomposition vectors 580
norb: 39
nelec: (10, 10)
n_eql: 120
n_blocks: 1000
n_walkers: 300
dt: 0.005
max_error: 0.0
seed: 17
walker_type: uhf
trial: uccsd_pt2
free_projection: False
use_gpu: True
n_exp_terms: 6
n_prop_steps: 50
save_walkers: False
n_batch: 1
nchol_chunk: 100
mix_precision: True
initial AFQMC/pt2CCSD Energy is -994.202644
Propagating with 300 walkers
----------------------------------------------- Equilibration ------------------------------------------------
inv_T        weight  killW        energy   runTime
 0.00    300.000000      0   -993.713433     12.20
 3.00    307.271909      0   -994.231374     18.59
 6.00    306.800576      0   -994.230256     19.52
 9.00    306.264383      0   -994.180116     20.45
12.00    305.998416      0   -994.191681     21.39
15.00    306.470330      0   -994.251691     22.32
18.00    307.047020      0   -994.262396     23.25
21.00    306.203976      0   -994.220592     24.18
24.00    306.652576      0   -994.211423     25.12
27.00    306.406029      0   -994.231308     26.05
30.00    306.002667      0   -994.206023     26.98
---------------------------------------------- Sampling Blocks -----------------------------------------------
blocks        weight  killW       E_Guide     error       E_Trial     error     olp_T/G     error  Walltime
    20    306.586460      0   -994.216441  0.002963   -994.218709  0.001065    1.003959  0.000295   35.95
    40    305.812353      0   -994.220783  0.004519   -994.216583  0.001074    1.004853  0.000536   39.22
    60    305.153315      0   -994.220025  0.003182   -994.216528  0.000846    1.005190  0.000406   42.49
    80    304.573359      3   -994.220824  0.002652   -994.216950  0.000696    1.005613  0.000407   45.75
   100    304.042426      4   -994.219693  0.002228   -994.216856  0.000592    1.005413  0.000350   49.02
   120    303.577743      4   -994.218617  0.002740   -994.217037  0.000515    1.005370  0.000304   52.29
   140    303.204911      4   -994.219656  0.002635   -994.217131  0.000477    1.005632  0.000331   55.56
   160    302.889061      5   -994.221463  0.002526   -994.217184  0.000442    1.006002  0.000400   58.83
   180    302.573225      5   -994.220689  0.002366   -994.217156  0.000410    1.006119  0.000369   62.10
   200    302.288852      5   -994.218992  0.002458   -994.217021  0.000380    1.006034  0.000337   65.36
   220    302.053988      6   -994.218423  0.002272   -994.216981  0.000360    1.006019  0.000308   68.64
   240    301.849751      6   -994.219506  0.002342   -994.217338  0.000369    1.005887  0.000297   71.90
   260    301.664955      6   -994.219508  0.002301   -994.217357  0.000361    1.005848  0.000290   75.17
   280    301.507233      6   -994.219336  0.002182   -994.217337  0.000357    1.005814  0.000278   78.44
   300    301.361567      6   -994.219140  0.002078   -994.217356  0.000344    1.005763  0.000262   81.71
   320    301.221524      6   -994.218773  0.001974   -994.217212  0.000336    1.005756  0.000248   84.97
   340    301.111223      6   -994.219343  0.001921   -994.217272  0.000327    1.005779  0.000234   88.27
   360    301.004038      6   -994.219806  0.001870   -994.217286  0.000313    1.005811  0.000223   91.70
   380    300.906293      7   -994.219925  0.001773   -994.217295  0.000301    1.005740  0.000217   95.26
   400    300.808429      7   -994.219721  0.001699   -994.217375  0.000294    1.005721  0.000208   99.60
   420    300.726501      7   -994.219896  0.001628   -994.217400  0.000286    1.005710  0.000198  102.88
   440    300.654693      9   -994.220816  0.001860   -994.217531  0.000286    1.005627  0.000205  106.15
   460    300.568485      9   -994.220068  0.001872   -994.217438  0.000278    1.005543  0.000206  109.42
   480    300.506266     10   -994.220446  0.001832   -994.217505  0.000275    1.005463  0.000212  112.69
   500    300.432277     10   -994.219922  0.001904   -994.217485  0.000266    1.005512  0.000208  115.96
   520    300.367288     11   -994.219533  0.001881   -994.217476  0.000259    1.005427  0.000214  119.23
   540    300.315560     11   -994.219933  0.001828   -994.217535  0.000263    1.005364  0.000216  122.50
   560    300.265510     12   -994.219839  0.001794   -994.217534  0.000256    1.005346  0.000213  125.78
   580    300.218066     13   -994.220018  0.001725   -994.217526  0.000250    1.005319  0.000209  129.04
   600    300.173661     13   -994.219921  0.001712   -994.217593  0.000249    1.005310  0.000205  132.31
   620    300.134101     13   -994.219704  0.001711   -994.217588  0.000243    1.005318  0.000200  135.58
   640    300.086212     14   -994.219213  0.001710   -994.217568  0.000237    1.005296  0.000198  138.86
   660    300.053663     14   -994.219167  0.001658   -994.217590  0.000236    1.005318  0.000193  142.12
   680    300.023469     14   -994.219400  0.001633   -994.217735  0.000251    1.005361  0.000196  145.39
   700    299.995006     14   -994.219724  0.001595   -994.217641  0.000275    1.005404  0.000198  148.74
   720    299.967527     14   -994.219778  0.001584   -994.217669  0.000270    1.005407  0.000194  152.02
   740    299.938668     14   -994.219668  0.001573   -994.217581  0.000264    1.005449  0.000193  155.29
   760    299.914869     14   -994.219886  0.001583   -994.217579  0.000260    1.005469  0.000189  158.56
   780    299.889146     14   -994.219826  0.001524   -994.217536  0.000255    1.005495  0.000186  161.82
   800    299.862818     14   -994.219780  0.001499   -994.217523  0.000251    1.005519  0.000186  165.10
   820    299.837029     14   -994.219406  0.001479   -994.217530  0.000246    1.005565  0.000187  168.37
   840    299.816594     14   -994.219601  0.001528   -994.217528  0.000242    1.005582  0.000201  171.64
   860    299.795570     14   -994.219779  0.001528   -994.217539  0.000237    1.005561  0.000201  174.91
   880    299.779393     14   -994.220090  0.001516   -994.217574  0.000235    1.005590  0.000197  178.18
   900    299.758951     14   -994.220160  0.001518   -994.217622  0.000232    1.005564  0.000195  181.46
   920    299.736042     14   -994.219857  0.001483   -994.217607  0.000228    1.005552  0.000193  184.73
   940    299.713952     14   -994.219721  0.001483   -994.217646  0.000227    1.005568  0.000188  188.00
   960    299.696948     14   -994.219816  0.001457   -994.217604  0.000223    1.005566  0.000185  191.26
   980    299.682939     14   -994.219833  0.001438   -994.217586  0.000220    1.005533  0.000184  194.53
  1000    299.669925     14   -994.220217  0.001419   -994.217602  0.000218    1.005505  0.000184  197.80
---------------------------------------------- Post Propagation ----------------------------------------------
Total number of samples 1000
Raw AFQMC/HF (Guide) energy:           -994.220217 ± 0.001419
Raw Trial/Guide overlap ratio:          1.005505 ± 0.000184
Raw AFQMC/pt2CCSD energy (covariance): -994.217602 ± 0.000218
Raw AFQMC/pt2CCSD energy (dir sample): -994.217602 ± 0.000204
--------------------------------------------- Clean Obeservation ---------------------------------------------
removing energies outside zeta > 30
Outlier energy bound [-994.337763, -994.095720]
Removed 0 outliers with energies []
Clean AFQMC/pt2CCSD overlap ratio:        1.005505 ± 0.000184
Clean AFQMC/pt2CCSD energy (covariance): -994.217602 ± 0.000218
Clean AFQMC/ptCCSD energy (dir sample):  -994.217602 ± 0.000204
--------------------------------------------- Blocking Analysis ----------------------------------------------
nsample = 1000, max_block_size = 25, min_nblocks = 40
   B    NB    NS  Observable     Error    dError
   1  1000  1000    1.005505  0.000051  0.000001
   2   500  1000    1.005505  0.000070  0.000002
   3   333   999    1.005507  0.000083  0.000003
   4   250  1000    1.005505  0.000094  0.000004
   5   200  1000    1.005505  0.000102  0.000005
   6   166   996    1.005510  0.000111  0.000006
   7   142   994    1.005511  0.000117  0.000007
   8   125  1000    1.005505  0.000124  0.000008
   9   111   999    1.005507  0.000130  0.000009
  10   100  1000    1.005505  0.000136  0.000010
  11    90   990    1.005514  0.000138  0.000010
  12    83   996    1.005510  0.000144  0.000011
  13    76   988    1.005518  0.000149  0.000012
  14    71   994    1.005511  0.000150  0.000013
  15    66   990    1.005514  0.000157  0.000014
  16    62   992    1.005512  0.000157  0.000014
  17    58   986    1.005523  0.000162  0.000015
  18    55   990    1.005514  0.000162  0.000016
  19    52   988    1.005518  0.000164  0.000016
  20    50  1000    1.005505  0.000165  0.000017
  21    47   987    1.005520  0.000180  0.000019
  22    45   990    1.005514  0.000173  0.000018
  23    43   989    1.005516  0.000171  0.000019
  24    41   984    1.005527  0.000184  0.000021
  25    40  1000    1.005505  0.000176  0.000020
Fit (variance): plateau_var = 4.106e-08 ± 7.175e-09
Fit (error):    plateau = 0.000203 ± 0.000018
     autocorrelation length ~ 17.2 blocks
     plateau reached at block size ~ 80
     !!!Failed to reach plateau in blocking
     Return max block error
nclean = 1000, max_block_size = 25, min_nblocks = 40
Blk_SZ   NBlk   NSmp      Energy     Error    dError
     1   1000   1000  -994.217384  0.000204  0.000005
     2    500   1000  -994.217441  0.000217  0.000007
     3    333    999  -994.217461  0.000219  0.000008
     4    250   1000  -994.217486  0.000218  0.000010
     5    200   1000  -994.217503  0.000221  0.000011
     6    166    996  -994.217477  0.000233  0.000013
     7    142    994  -994.217486  0.000235  0.000014
     8    125   1000  -994.217533  0.000225  0.000014
     9    111    999  -994.217521  0.000235  0.000016
    10    100   1000  -994.217537  0.000234  0.000017
    11     90    990  -994.217502  0.000235  0.000018
    12     83    996  -994.217518  0.000219  0.000017
    13     76    988  -994.217517  0.000216  0.000018
    14     71    994  -994.217518  0.000220  0.000019
    15     66    990  -994.217515  0.000217  0.000019
    16     62    992  -994.217518  0.000226  0.000020
    17     58    986  -994.217540  0.000236  0.000022
    18     55    990  -994.217528  0.000237  0.000023
    19     52    988  -994.217540  0.000245  0.000024
    20     50   1000  -994.217567  0.000229  0.000023
    21     47    987  -994.217532  0.000246  0.000026
    22     45    990  -994.217526  0.000257  0.000027
    23     43    989  -994.217537  0.000252  0.000028
    24     41    984  -994.217563  0.000232  0.000026
    25     40   1000  -994.217582  0.000243  0.000027
Fit (variance): plateau_var = 5.325203e-08 ± 2.404328e-09
Fit (error):    plateau = 0.000231 ± 0.000005
     autocorrelation length ~ 2.6 blocks
     plateau reached at block size ~ 9
Final AFQMC/pt2CCSD overlap ratio: 1.005505 ± 0.000184
Final AFQMC/pt2CCSD energy: -994.217602 ± 0.000231
Total run time: 207.28
------------------------------------------ AFQMC Sampling Finished -------------------------------------------
