------------------------------------------- AFQMC Sampling Started -------------------------------------------
Hostname: gpua016.delta.ncsa.illinois.edu
System Type: Linux
Machine Type: x86_64
Processor: x86_64
Using GPU.
System: Linux
Node Name: gpua016.delta.ncsa.illinois.edu
Release: 5.14.0-427.91.1.el9_4.x86_64
Version: #1 SMP PREEMPT_DYNAMIC Wed Sep 17 10:08:59 EDT 2025
Machine: x86_64
Processor: x86_64
Decomposing Unrestricted T2 amplitudes
Throw 0 vectors in T2 deomposition
SVD cutoff = 1.00e-08 | error = 2.57e-15
number of T2 decomposition vectors 496
norb: 39
nelec: (8, 8)
n_eql: 120
n_blocks: 1000
n_walkers: 300
dt: 0.005
max_error: 0.0
seed: 17
walker_type: uhf
trial: uccsd_pt2
free_projection: False
use_gpu: True
n_exp_terms: 6
n_prop_steps: 50
save_walkers: False
n_batch: 1
nchol_chunk: 100
mix_precision: True
initial AFQMC/pt2CCSD Energy is -552.219951
Propagating with 300 walkers
----------------------------------------------- Equilibration ------------------------------------------------
inv_T        weight  killW        energy   runTime
 0.00    300.000000      0   -551.788575     12.22
 3.00    305.500020      0   -552.224123     18.90
 6.00    306.383042      0   -552.232965     19.75
 9.00    306.507312      0   -552.255756     20.59
12.00    306.197611      0   -552.228489     21.43
15.00    305.826462      0   -552.241773     22.27
18.00    306.086174      0   -552.241808     23.11
21.00    306.572221      0   -552.243522     23.95
24.00    305.906980      0   -552.247422     24.79
27.00    305.510613      0   -552.270669     25.63
30.00    306.502828      0   -552.266495     26.47
---------------------------------------------- Sampling Blocks -----------------------------------------------
blocks        weight  killW       E_Guide     error       E_Trial     error     olp_T/G     error  Walltime
    20    306.052273      0   -552.227151  0.007121   -552.236485  0.001356    1.004174  0.000174   35.15
    40    305.462733      0   -552.235793  0.007410   -552.237866  0.001335    1.004179  0.000182   37.82
    60    304.814755      0   -552.234320  0.004706   -552.238150  0.001086    1.004038  0.000208   40.49
    80    304.337256      0   -552.238232  0.005066   -552.238004  0.000912    1.003973  0.000173   43.15
   100    303.899820      2   -552.241033  0.005008   -552.238519  0.001020    1.003865  0.000147   45.83
   120    303.516144      2   -552.240482  0.004163   -552.238379  0.000872    1.003793  0.000131   48.50
   140    303.181974      2   -552.240143  0.003607   -552.238223  0.000785    1.003791  0.000115   51.17
   160    302.868399      2   -552.238554  0.003576   -552.237964  0.000700    1.003882  0.000119   53.84
   180    302.603882      2   -552.240298  0.003594   -552.237795  0.000635    1.003883  0.000105   56.53
   200    302.383949      2   -552.241047  0.003309   -552.239033  0.001359    1.003742  0.000136   59.20
   220    302.148825      2   -552.239324  0.003337   -552.238777  0.001241    1.003714  0.000125   61.87
   240    301.963282      2   -552.239715  0.003087   -552.238624  0.001143    1.003698  0.000122   64.54
   260    301.798895      2   -552.240319  0.002879   -552.238462  0.001059    1.003703  0.000118   67.21
   280    301.641616      2   -552.239513  0.002870   -552.238277  0.000989    1.003722  0.000110   69.88
   300    301.514688      2   -552.239632  0.002775   -552.238188  0.000927    1.003698  0.000105   72.55
   320    301.409134      2   -552.240552  0.002682   -552.238187  0.000876    1.003666  0.000106   75.22
   340    301.297248      2   -552.240636  0.002665   -552.238232  0.000830    1.003636  0.000106   77.89
   360    301.182689      2   -552.240001  0.002664   -552.238087  0.000787    1.003620  0.000100   80.56
   380    301.092299      3   -552.240143  0.002549   -552.238000  0.000748    1.003623  0.000095   83.24
   400    300.992214      3   -552.238955  0.002540   -552.237923  0.000713    1.003632  0.000091   85.91
   420    300.914772      4   -552.239028  0.002455   -552.237871  0.000685    1.003655  0.000088   88.58
   440    300.851162      4   -552.239275  0.002444   -552.237899  0.000657    1.003647  0.000086   91.25
   460    300.789102      4   -552.239899  0.002386   -552.237845  0.000631    1.003626  0.000086   93.92
   480    300.736774      4   -552.240724  0.002680   -552.237874  0.000627    1.003608  0.000091   96.59
   500    300.672444      4   -552.240386  0.002621   -552.237769  0.000604    1.003608  0.000089   99.26
   520    300.616046      4   -552.240206  0.002523   -552.237776  0.000587    1.003614  0.000085  101.93
   540    300.563408      4   -552.239811  0.002464   -552.237714  0.000568    1.003618  0.000083  104.59
   560    300.512234      4   -552.239454  0.002387   -552.237614  0.000552    1.003600  0.000081  107.26
   580    300.474875      4   -552.239516  0.002333   -552.237632  0.000540    1.003625  0.000081  109.93
   600    300.435209      4   -552.239428  0.002233   -552.237613  0.000523    1.003626  0.000078  112.60
   620    300.396323      4   -552.239123  0.002204   -552.237549  0.000508    1.003612  0.000077  115.30
   640    300.361662      4   -552.239028  0.002116   -552.237516  0.000495    1.003618  0.000075  117.97
   660    300.332293      4   -552.239393  0.002089   -552.237518  0.000486    1.003634  0.000073  120.64
   680    300.297572      4   -552.239461  0.002009   -552.237500  0.000474    1.003655  0.000074  123.32
   700    300.273033      4   -552.239891  0.002009   -552.237605  0.000470    1.003667  0.000073  125.99
   720    300.245559      4   -552.239759  0.001943   -552.237579  0.000459    1.003678  0.000076  128.66
   740    300.218084      4   -552.239613  0.001911   -552.237665  0.000453    1.003669  0.000075  131.33
   760    300.196757      4   -552.239766  0.001862   -552.237763  0.000447    1.003651  0.000075  134.00
   780    300.184679      4   -552.240483  0.001948   -552.237790  0.000438    1.003654  0.000073  136.67
   800    300.159738      4   -552.240454  0.001901   -552.237773  0.000428    1.003654  0.000071  139.34
   820    300.143384      4   -552.240754  0.001880   -552.237712  0.000418    1.003661  0.000070  142.01
   840    300.127252      4   -552.240990  0.001861   -552.237702  0.000410    1.003655  0.000068  144.68
   860    300.110464      4   -552.240895  0.001828   -552.237647  0.000403    1.003672  0.000067  147.35
   880    300.082255      4   -552.240334  0.001922   -552.237552  0.000395    1.003690  0.000068  150.03
   900    300.068479      4   -552.240688  0.001922   -552.237617  0.000392    1.003679  0.000069  152.70
   920    300.048237      4   -552.240513  0.001895   -552.237609  0.000384    1.003680  0.000067  155.38
   940    300.029546      4   -552.240417  0.001850   -552.237586  0.000377    1.003678  0.000066  158.04
   960    300.015576      4   -552.240595  0.001814   -552.237733  0.000381    1.003667  0.000065  160.72
   980    300.001941      4   -552.240688  0.001805   -552.237737  0.000375    1.003666  0.000064  163.39
  1000    299.988901      4   -552.240876  0.001767   -552.237697  0.000369    1.003659  0.000064  166.06
---------------------------------------------- Post Propagation ----------------------------------------------
Total number of samples 1000
Raw AFQMC/HF (Guide) energy:           -552.240876 ± 0.001767
Raw Trial/Guide overlap ratio:          1.003659 ± 0.000064
Raw AFQMC/pt2CCSD energy (covariance): -552.237697 ± 0.000369
Raw AFQMC/pt2CCSD energy (dir sample): -552.237697 ± 0.000320
--------------------------------------------- Clean Obeservation ---------------------------------------------
removing energies outside zeta > 30
Outlier energy bound [-552.368133, -552.103544]
Removed 1 outliers with energies [-552.46582204]
Clean AFQMC/pt2CCSD overlap ratio:        1.003662 ± 0.000062
Clean AFQMC/pt2CCSD energy (covariance): -552.237465 ± 0.000278
Clean AFQMC/ptCCSD energy (dir sample):  -552.237465 ± 0.000224
--------------------------------------------- Blocking Analysis ----------------------------------------------
nsample = 999, max_block_size = 24, min_nblocks = 40
   B    NB    NS  Observable     Error    dError
   1   999   999    1.003662  0.000025  0.000001
   2   499   998    1.003661  0.000033  0.000001
   3   333   999    1.003662  0.000038  0.000001
   4   249   996    1.003661  0.000042  0.000002
   5   199   995    1.003662  0.000046  0.000002
   6   166   996    1.003661  0.000048  0.000003
   7   142   994    1.003662  0.000050  0.000003
   8   124   992    1.003665  0.000051  0.000003
   9   111   999    1.003662  0.000052  0.000003
  10    99   990    1.003666  0.000055  0.000004
  11    90   990    1.003666  0.000054  0.000004
  12    83   996    1.003661  0.000059  0.000005
  13    76   988    1.003668  0.000057  0.000005
  14    71   994    1.003662  0.000056  0.000005
  15    66   990    1.003666  0.000059  0.000005
  16    62   992    1.003665  0.000061  0.000006
  17    58   986    1.003669  0.000059  0.000006
  18    55   990    1.003666  0.000062  0.000006
  19    52   988    1.003668  0.000057  0.000006
  20    49   980    1.003669  0.000061  0.000006
  21    47   987    1.003669  0.000059  0.000006
  22    45   990    1.003666  0.000060  0.000006
  23    43   989    1.003667  0.000057  0.000006
  24    41   984    1.003669  0.000062  0.000007
Fit (variance): plateau_var = 3.727e-09 ± 2.793e-10
Fit (error):    plateau = 0.000061 ± 0.000002
     autocorrelation length ~ 6.5 blocks
     plateau reached at block size ~ 30
     !!!Failed to reach plateau in blocking
     Return max block error
nclean = 999, max_block_size = 24, min_nblocks = 40
Blk_SZ   NBlk   NSmp      Energy     Error    dError
     1    999    999  -552.237176  0.000224  0.000005
     2    499    998  -552.237239  0.000243  0.000008
     3    333    999  -552.237265  0.000250  0.000010
     4    249    996  -552.237284  0.000263  0.000012
     5    199    995  -552.237309  0.000246  0.000012
     6    166    996  -552.237316  0.000256  0.000014
     7    142    994  -552.237328  0.000264  0.000016
     8    124    992  -552.237334  0.000263  0.000017
     9    111    999  -552.237353  0.000287  0.000019
    10     99    990  -552.237348  0.000254  0.000018
    11     90    990  -552.237348  0.000285  0.000021
    12     83    996  -552.237352  0.000295  0.000023
    13     76    988  -552.237371  0.000312  0.000025
    14     71    994  -552.237369  0.000297  0.000025
    15     66    990  -552.237379  0.000302  0.000027
    16     62    992  -552.237383  0.000288  0.000026
    17     58    986  -552.237407  0.000265  0.000025
    18     55    990  -552.237381  0.000268  0.000026
    19     52    988  -552.237395  0.000267  0.000026
    20     49    980  -552.237440  0.000272  0.000028
    21     47    987  -552.237416  0.000316  0.000033
    22     45    990  -552.237388  0.000317  0.000034
    23     43    989  -552.237413  0.000283  0.000031
    24     41    984  -552.237432  0.000316  0.000035
Fit (variance): plateau_var = 8.330365e-08 ± 6.749276e-09
Fit (error):    plateau = 0.000289 ± 0.000012
     autocorrelation length ~ 6.0 blocks
     plateau reached at block size ~ 23
Final AFQMC/pt2CCSD overlap ratio: 1.003662 ± 0.000062
Final AFQMC/pt2CCSD energy: -552.237465 ± 0.000289
Total run time: 175.21
------------------------------------------ AFQMC Sampling Finished -------------------------------------------
