#INFO: **** input file is /projects/yizh8382/projects/w4_17/w4-17_all/pyscf_input/run_pyscf_vdzsd.py ****
import os
import glob
import numpy as np
from pyscf import gto, scf, cc

# basis = "ccpvdz"
xyz_dir = "../w4_17_xyz/closed_shell"
results_file = f"../result/closed_shell_rhf_sym_vdzsd.dat"
out_dir = "../result/molout/closed_shell"
os.makedirs(out_dir, exist_ok=True)

# Set to a list of molecule names to run only those, e.g. ["acetaldehyde", "benzene"]
# Set to None to run all molecules in xyz_dir
select_molecules = None
symmetry = True

def vdzsd(elem):
    if elem in ('H', 'He'):
        raw_basis = gto.basis.load('ccpvdz', elem)
        return [b for b in raw_basis if b[0] != 1]
    else:
        return gto.basis.load('ccpvdz', elem)

def get_vdzsd_basis(atoms):
    elems = {line.split()[0] for line in atoms.strip().splitlines() if line.strip()}
    basis_dict = {el: vdzsd(el) for el in elems}
    return basis_dict

all_xyz = sorted(glob.glob(os.path.join(xyz_dir, "*.xyz")))
if select_molecules is not None:
    select_set = set(select_molecules)
    xyz_files = [p for p in all_xyz if os.path.splitext(os.path.basename(p))[0] in select_set]
    missing = select_set - {os.path.splitext(os.path.basename(p))[0] for p in xyz_files}
    if missing:
        print(f"Warning: no .xyz file found for: {', '.join(sorted(missing))} in {xyz_dir}")
else:
    xyz_files = all_xyz

with open(results_file, "w") as out:
    out.write(f"{'Molecule':<16s} {'Charge':>6s} {'2S':>6s} {'frozen':>6s} "
              f"{'E_RHF (Eh)':>20s} {'E_CCSD (Eh)':>20s} {'E_CCSD(T) (Eh)':>20s}\n")
    out.write("-" * 100 + "\n")

for xyz_path in xyz_files:
    with open(xyz_path, "r") as f:
        lines = f.readlines()

    # Parse charge and multiplicity from second line: "name charge=X mult=Y"
    second_line = lines[1]
    charge = int(second_line.split("charge=")[1].split()[0])
    mult   = int(second_line.split("mult=")[1].split()[0])
    spin   = mult - 1   # PySCF spin input is 2S = mult - 1
    mol_name = second_line.split()[0]

    # Coordinates only (skip the atom count and comment lines)
    atoms = "".join(lines[2:])
    basis_dict = get_vdzsd_basis(atoms)

    print(f"\n{'='*60}")
    print(f"Running: {mol_name}  charge={charge}  spin={spin}")
    print(f"{'='*60}")
    
    mol = gto.M(
        atom=atoms,
        basis=basis_dict,
        verbose=4,
        output=os.path.join(out_dir, f"{mol_name}_sym_vdzsd.out"),
        unit="angstrom",
        symmetry=symmetry,
        charge=charge,
        spin=spin,
        max_memory=40000,
    )

    mf = scf.RHF(mol)
    mf.max_cycle = 200
    mf = mf.newton()
    mf.kernel()

    # Stability check loop — at most 10 attempts
    max_stability_cycles = 10
    stable = False
    for stability_iter in range(max_stability_cycles):
        mo_i, _, stable, _ = mf.stability(return_status=True)
        if stable:
            break
        dm = mf.make_rdm1(mo_i, mf.mo_occ)
        mf.kernel(dm0=dm)

    if not stable or not mf.converged:
        print(f"  !! SCF did not converge for {mol_name} — skipping.")
        with open(results_file, "a") as out:
            out.write(f"{mol_name:<16s} {charge:>6d} {spin:>6d} {'N/A':>6s} "
                      f"{'UNCONVERGED':>20s} {'UNCONVERGED':>20s} {'UNCONVERGED':>20s}\n")
        continue

    energy = mf.e_tot

    mycc = cc.CCSD(mf)
    mycc.set_frozen()
    mycc.kernel()
    e_ccsd = mycc.e_tot
    et = mycc.ccsd_t()
    e_ccsdt = e_ccsd + et
    frozen = mycc.frozen

    with open(results_file, "a") as out:
        out.write(f"{mol_name:<16s} {charge:>6d} {spin:>6d} {frozen:>6d} "
                  f"{energy:>20.10f} {e_ccsd:>20.10f} {e_ccsdt:>20.10f}\n")

    print(f"  => E_RHF({mol_name})     = {energy:.10f} Eh")
    print(f"  => E_CCSD({mol_name})    = {e_ccsd:.10f} Eh")
    print(f"  => E_CCSD(T)({mol_name}) = {e_ccsdt:.10f} Eh")

print(f"\nAll calculations complete. Results saved to {results_file}")
#INFO: ******************** input file end ********************


System: uname_result(system='Linux', node='bnode0309.rc.int.colorado.edu', release='4.18.0-477.27.1.el8_8.x86_64', version='#1 SMP Thu Aug 31 10:29:22 EDT 2023', machine='x86_64')  Threads 28
Python 3.10.2 | packaged by conda-forge | (main, Mar  8 2022, 15:52:01) [GCC 9.4.0]
numpy 2.0.2  scipy 1.14.1  h5py 3.12.1
Date: Thu May 14 09:55:36 2026
PySCF version 2.9.0
PySCF path  /projects/yizh8382/tools/lno_pyscf_gcc
GIT HEAD (branch master) 142756584ed3963728cc1f6823286f4605811a6c

[ENV] PYSCF_TMPDIR /scratch/alpine/yizh8382/pyscf
[ENV] PYSCF_EXT_PATH /home/yizh8382/tools/pyscf-forge
[CONFIG] conf_file None
[INPUT] verbose = 4
[INPUT] num. atoms = 4
[INPUT] num. electrons = 44
[INPUT] charge = 0
[INPUT] spin (= nelec alpha-beta = 2S) = 0
[INPUT] symmetry True subgroup None
[INPUT] Mole.unit = angstrom
[INPUT] Symbol           X                Y                Z      unit          X                Y                Z       unit  Magmom
[INPUT]  1 Cl     0.000000000000   0.000000000000  -0.370295350200 AA    0.000000000000   0.000000000000  -0.699756797078 Bohr   0.0
[INPUT]  2 F      0.000000000000   0.000000000000   1.228194783700 AA    0.000000000000   0.000000000000   2.320951768812 Bohr   0.0
[INPUT]  3 F      0.000000000000   1.694035844300  -0.286222436800 AA    0.000000000000   3.201263790923  -0.540882016258 Bohr   0.0
[INPUT]  4 F      0.000000000000  -1.694035844300  -0.286222436800 AA    0.000000000000  -3.201263790923  -0.540882016258 Bohr   0.0

nuclear repulsion = 196.498691701434
point group symmetry = C2v
symmetry origin: [ 0.          0.         -0.01689036]
symmetry axis x: [-1. -0. -0.]
symmetry axis y: [0. 1. 0.]
symmetry axis z: [0. 0. 1.]
num. orbitals of irrep A1 = 26
num. orbitals of irrep A2 = 6
num. orbitals of irrep B1 = 11
num. orbitals of irrep B2 = 17
number of shells = 20
number of NR pGTOs = 119
number of NR cGTOs = 60
basis = {'Cl': [[0, [127900.0, 0.000241153, -6.78922e-05, 2.04986e-05], [19170.0, 0.00187095, -0.000521836, 0.000158298], [4363.0, 0.00970827, -0.00276513, 0.000833639], [1236.0, 0.0393153, -0.0111537, 0.0033988], [403.6, 0.125932, -0.0385919, 0.0116738], [145.7, 0.299341, -0.0994848, 0.0309622], [56.81, 0.421886, -0.201392, 0.0629533], [23.23, 0.237201, -0.130313, 0.0460257], [6.644, 0.0191531, 0.509443, -0.219312], [2.575, -0.00334792, 0.610725, -0.408773], [0.5371, 0.000929883, 0.0421549, 0.638465]], [0, [0.1938, 1.0]], [1, [417.6, 0.00525982, -0.0014357], [98.33, 0.0398332, -0.0107796], [31.04, 0.164655, -0.0470075], [11.19, 0.387322, -0.11103], [4.249, 0.457072, -0.153275], [1.624, 0.151636, 0.0894609], [0.5322, 0.00181615, 0.579444]], [1, [0.162, 1.0]], [2, [0.6, 1.0]]], 'F': [[0, [14710.0, 0.000721, -0.000165], [2207.0, 0.005553, -0.001308], [502.8, 0.028267, -0.006495], [142.6, 0.106444, -0.026691], [46.47, 0.286814, -0.07369], [16.7, 0.448641, -0.170776], [6.356, 0.264761, -0.112327], [1.316, 0.015333, 0.562814]], [0, [0.3897, 1.0]], [1, [22.67, 0.044878], [4.977, 0.235718], [1.347, 0.508521]], [1, [0.3471, 1.0]], [2, [1.64, 1.0]]]}
ecp = {}
CPU time:      6737.97
Freeze 0 electrons in irreps []
    44 free electrons in irreps A1 A2 B1 B2




******** <class 'pyscf.soscf.newton_ah.SecondOrderSymAdaptedRHF'> ********
method = SecondOrderSymAdaptedRHF
initial guess = minao
damping factor = 0
level_shift factor = 0
DIIS = <class 'pyscf.scf.diis.CDIIS'>
diis_start_cycle = 1
diis_space = 8
diis_damp = 0
SCF conv_tol = 1e-09
SCF conv_tol_grad = None
SCF max_cycles = 200
direct_scf = True
direct_scf_tol = 1e-13
chkfile to save SCF result = /scratch/alpine/yizh8382/pyscf/tmpojqiwigw
max_memory 40000 MB (current use 1598 MB)
******** <class 'pyscf.scf.hf_symm.SymAdaptedRHF'> Newton solver flags ********
SCF tol = 1e-09
conv_tol_grad = None
max. SCF cycles = 200
direct_scf = True
direct_scf_tol = 1e-13
chkfile to save SCF result = /scratch/alpine/yizh8382/pyscf/tmpojqiwigw
max_cycle_inner = 12
max_stepsize = 0.05
ah_start_tol = 1e+09
ah_level_shift = 0
ah_conv_tol = 1e-12
ah_lindep = 1e-14
ah_start_cycle = 1
ah_max_cycle = 40
ah_grad_trust_region = 2.5
kf_interval = 4
kf_trust_region = 5
canonicalization = True
max_memory 40000 MB (current use 1598 MB)
Set conv_tol_grad to 3.16228e-05
Initial guess from minao.
HOMO (B1) = -0.347976484934427  LUMO (A1) = -0.0910270558442626
Initial guess E= -757.345705548775  |g|= 0.893255
macro= 0  E= -757.50843948871  delta_E= -0.162734  |g|= 0.112633  3 KF 9 JK
macro= 1  E= -757.509135397747  delta_E= -0.000695909  |g|= 9.3735e-05  3 KF 12 JK
macro= 2  E= -757.509135397746  delta_E= 7.95808e-13  |g|= 7.19162e-06  1 KF 2 JK
Canonicalize SCF orbitals
macro X = 3  E=-757.509135397746  |g|= 7.19162e-06  total 8 KF 27 JK
converged SCF energy = -757.509135397746
rhf_internal: lowest eigs of H = [1.15704167 1.44298071 1.76295019]
<class 'pyscf.soscf.newton_ah.SecondOrderSymAdaptedRHF'> wavefunction is stable in the internal stability analysis

******** <class 'pyscf.cc.ccsd.CCSD'> ********
CC2 = 0
CCSD nocc = 14, nmo = 52
frozen orbitals 8
max_cycle = 50
direct = 0
conv_tol = 1e-07
conv_tol_normt = 1e-05
diis_space = 6
diis_start_cycle = 0
diis_start_energy_diff = 1e+09
max_memory 40000 MB (current use 1598 MB)
Init t2, MP2 energy = -758.251658742702  E_corr(MP2) -0.742523344956261
Init E_corr(CCSD) = -0.742523344966777
cycle = 1  E_corr(CCSD) = -0.728917719069408  dE = 0.0136056259  norm(t1,t2) = 0.0757452
cycle = 2  E_corr(CCSD) = -0.750931731394215  dE = -0.0220140123  norm(t1,t2) = 0.0313561
cycle = 3  E_corr(CCSD) = -0.749470974272552  dE = 0.00146075712  norm(t1,t2) = 0.0197311
cycle = 4  E_corr(CCSD) = -0.751868828055551  dE = -0.00239785378  norm(t1,t2) = 0.00640196
cycle = 5  E_corr(CCSD) = -0.752331932551208  dE = -0.000463104496  norm(t1,t2) = 0.00319412
cycle = 6  E_corr(CCSD) = -0.752138473498116  dE = 0.000193459053  norm(t1,t2) = 0.001458
cycle = 7  E_corr(CCSD) = -0.752073068779983  dE = 6.54047181e-05  norm(t1,t2) = 0.000484052
cycle = 8  E_corr(CCSD) = -0.752102841674815  dE = -2.97728948e-05  norm(t1,t2) = 0.00022523
cycle = 9  E_corr(CCSD) = -0.752113180730394  dE = -1.03390556e-05  norm(t1,t2) = 9.52948e-05
cycle = 10  E_corr(CCSD) = -0.75211156819268  dE = 1.61253771e-06  norm(t1,t2) = 3.17895e-05
cycle = 11  E_corr(CCSD) = -0.752111240334114  dE = 3.27858566e-07  norm(t1,t2) = 1.70671e-05
cycle = 12  E_corr(CCSD) = -0.752110606883266  dE = 6.33450848e-07  norm(t1,t2) = 8.71006e-06
cycle = 13  E_corr(CCSD) = -0.752110480426108  dE = 1.26457159e-07  norm(t1,t2) = 3.77247e-06
cycle = 14  E_corr(CCSD) = -0.752110298317948  dE = 1.8210816e-07  norm(t1,t2) = 1.56139e-06
cycle = 15  E_corr(CCSD) = -0.752110302649262  dE = -4.3313142e-09  norm(t1,t2) = 6.00757e-07
CCSD converged
E(CCSD) = -758.2612457003953  E_corr = -0.7521103026492619
CCSD(T) correction = -0.0188079494485924
