------------------------------------------- AFQMC Sampling Started -------------------------------------------
Hostname: gpua016.delta.ncsa.illinois.edu
System Type: Linux
Machine Type: x86_64
Processor: x86_64
Using GPU.
System: Linux
Node Name: gpua016.delta.ncsa.illinois.edu
Release: 5.14.0-427.91.1.el9_4.x86_64
Version: #1 SMP PREEMPT_DYNAMIC Wed Sep 17 10:08:59 EDT 2025
Machine: x86_64
Processor: x86_64
Decomposing Unrestricted T2 amplitudes
Throw 0 vectors in T2 deomposition
SVD cutoff = 1.00e-08 | error = 5.68e-15
number of T2 decomposition vectors 2394
norb: 78
nelec: (21, 21)
n_eql: 120
n_blocks: 1000
n_walkers: 300
dt: 0.005
max_error: 0.0
seed: 17
walker_type: uhf
trial: uccsd_pt2
free_projection: False
use_gpu: True
n_exp_terms: 6
n_prop_steps: 50
save_walkers: False
n_batch: 1
nchol_chunk: 100
mix_precision: True
initial AFQMC/pt2CCSD Energy is -957.323610
Propagating with 300 walkers
----------------------------------------------- Equilibration ------------------------------------------------
inv_T        weight  killW        energy   runTime
 0.00    300.000000      0   -956.154941     13.42
 3.00    317.511122      0   -957.377606     22.17
 6.00    316.128051      0   -957.359706     24.96
 9.00    315.275071      0   -957.309993     27.78
12.00    316.014884      0   -957.346143     30.56
15.00    316.526622      0   -957.384219     33.35
18.00    318.212887      0   -957.426714     36.13
21.00    316.619093      0   -957.413361     38.92
24.00    315.031299      0   -957.274408     41.71
27.00    317.729484      0   -957.410016     44.49
30.00    317.521973      0   -957.443319     47.28
---------------------------------------------- Sampling Blocks -----------------------------------------------
blocks        weight  killW       E_Guide     error       E_Trial     error     olp_T/G     error  Walltime
    20    317.096972      1   -957.381424  0.017088   -957.366989  0.005478    1.013477  0.001608   70.35
    40    315.104390      1   -957.370918  0.011385   -957.362761  0.003230    1.012147  0.001142   87.36
    60    313.365729      3   -957.374125  0.007847   -957.362029  0.002432    1.012211  0.000821  104.34
    80    311.999630      4   -957.374912  0.006598   -957.361793  0.001964    1.012341  0.000617  121.31
   100    310.737890      6   -957.374514  0.005759   -957.360683  0.001730    1.012526  0.000515  138.27
   120    309.641134      6   -957.372109  0.005075   -957.359746  0.001544    1.012708  0.000464  155.26
   140    308.735941      7   -957.370902  0.004784   -957.359285  0.001522    1.012945  0.000449  172.23
   160    307.857744      7   -957.370348  0.004622   -957.359170  0.001375    1.012830  0.000404  189.21
   180    307.123914      7   -957.369590  0.004419   -957.358996  0.001286    1.013016  0.000364  206.18
   200    306.486162      7   -957.371104  0.004158   -957.359070  0.001199    1.013025  0.000328  225.24
   220    305.880183      7   -957.369076  0.003975   -957.358885  0.001111    1.013002  0.000321  243.33
   240    305.409074      9   -957.370388  0.003765   -957.358999  0.001050    1.012940  0.000297  260.28
   260    304.933618      9   -957.368291  0.003704   -957.358949  0.001012    1.012893  0.000279  277.25
   280    304.505664      9   -957.366982  0.003594   -957.358327  0.001218    1.013067  0.000287  294.37
   300    304.110028     10   -957.365747  0.003654   -957.358156  0.001148    1.013189  0.000281  311.51
   320    303.798464     11   -957.367101  0.003560   -957.358602  0.001118    1.013196  0.000279  328.48
   340    303.486487     12   -957.366182  0.003448   -957.358351  0.001062    1.013334  0.000280  345.45
   360    303.210960     13   -957.365429  0.003266   -957.357894  0.001051    1.013370  0.000272  362.41
   380    302.962280     13   -957.365933  0.003153   -957.357522  0.001011    1.013457  0.000265  379.38
   400    302.741552     14   -957.366299  0.003023   -957.357708  0.000974    1.013376  0.000260  396.34
   420    302.508491     15   -957.364523  0.003009   -957.357403  0.000939    1.013408  0.000249  413.31
   440    302.310975     15   -957.364623  0.002885   -957.357538  0.000910    1.013495  0.000256  430.28
   460    302.139279     16   -957.364900  0.002823   -957.357567  0.000877    1.013453  0.000250  447.24
   480    301.994620     16   -957.365540  0.002744   -957.357545  0.000858    1.013276  0.000282  464.23
   500    301.851760     17   -957.365923  0.002679   -957.357720  0.000831    1.013117  0.000296  481.20
   520    301.730377     17   -957.366537  0.002591   -957.357736  0.000818    1.012931  0.000333  498.16
   540    301.610750     17   -957.367096  0.002567   -957.357750  0.000792    1.012935  0.000324  515.20
   560    301.495481     17   -957.367140  0.002512   -957.357736  0.000770    1.012912  0.000335  532.15
   580    301.391761     17   -957.367729  0.002485   -957.357657  0.000751    1.012905  0.000327  549.11
   600    301.290314     17   -957.368881  0.002555   -957.357998  0.000844    1.012870  0.000327  566.07
   620    301.195191     17   -957.369000  0.002492   -957.357922  0.000824    1.012881  0.000312  583.07
   640    301.106938     19   -957.368939  0.002486   -957.358015  0.000821    1.012966  0.000322  600.03
   660    301.023457     19   -957.368724  0.002506   -957.358011  0.000804    1.012968  0.000314  616.99
   680    300.936441     19   -957.368340  0.002608   -957.358039  0.000784    1.012958  0.000310  633.97
   700    300.860469     19   -957.368328  0.002547   -957.358073  0.000764    1.012895  0.000304  650.93
   720    300.779971     20   -957.367971  0.002513   -957.357978  0.000747    1.012892  0.000301  667.90
   740    300.708483     20   -957.367531  0.002501   -957.357955  0.000730    1.012946  0.000297  684.87
   760    300.643483     21   -957.367475  0.002444   -957.357988  0.000716    1.012898  0.000290  701.87
   780    300.571980     21   -957.366970  0.002418   -957.358038  0.000704    1.012822  0.000303  718.83
   800    300.513789     21   -957.367010  0.002376   -957.357944  0.000690    1.012831  0.000293  735.79
   820    300.465689     22   -957.367384  0.002338   -957.357967  0.000682    1.012835  0.000289  752.76
   840    300.416068     22   -957.367565  0.002328   -957.358072  0.000670    1.012831  0.000284  769.73
   860    300.360377     22   -957.367554  0.002301   -957.358101  0.000658    1.012780  0.000279  786.69
   880    300.310876     22   -957.367513  0.002246   -957.358106  0.000646    1.012803  0.000281  803.66
   900    300.272898     24   -957.367425  0.002191   -957.357982  0.000634    1.012787  0.000281  820.62
   920    300.232052     25   -957.367633  0.002140   -957.358031  0.000623    1.012794  0.000275  837.58
   940    300.190172     25   -957.367652  0.002110   -957.358023  0.000612    1.012771  0.000269  854.53
   960    300.153162     26   -957.367670  0.002076   -957.358037  0.000604    1.012797  0.000264  871.50
   980    300.117408     29   -957.367826  0.002038   -957.358116  0.000599    1.012754  0.000262  889.57
  1000    300.100018     29   -957.368632  0.002239   -957.358243  0.000597    1.012737  0.000275  906.53
---------------------------------------------- Post Propagation ----------------------------------------------
Total number of samples 1000
Raw AFQMC/HF (Guide) energy:           -957.368632 ± 0.002239
Raw Trial/Guide overlap ratio:          1.012737 ± 0.000275
Raw AFQMC/pt2CCSD energy (covariance): -957.358243 ± 0.000597
Raw AFQMC/pt2CCSD energy (dir sample): -957.358243 ± 0.000462
--------------------------------------------- Clean Obeservation ---------------------------------------------
removing energies outside zeta > 30
Outlier energy bound [-957.666912, -957.044861]
Removed 0 outliers with energies []
Clean AFQMC/pt2CCSD overlap ratio:        1.012737 ± 0.000275
Clean AFQMC/pt2CCSD energy (covariance): -957.358243 ± 0.000597
Clean AFQMC/ptCCSD energy (dir sample):  -957.358243 ± 0.000462
--------------------------------------------- Blocking Analysis ----------------------------------------------
nsample = 1000, max_block_size = 25, min_nblocks = 40
   B    NB    NS  Observable     Error    dError
   1  1000  1000    1.012738  0.000084  0.000002
   2   500  1000    1.012737  0.000113  0.000004
   3   333   999    1.012735  0.000134  0.000005
   4   250  1000    1.012737  0.000151  0.000007
   5   200  1000    1.012737  0.000164  0.000008
   6   166   996    1.012730  0.000177  0.000010
   7   142   994    1.012726  0.000189  0.000011
   8   125  1000    1.012737  0.000197  0.000012
   9   111   999    1.012735  0.000202  0.000014
  10   100  1000    1.012737  0.000214  0.000015
  11    90   990    1.012722  0.000222  0.000017
  12    83   996    1.012730  0.000219  0.000017
  13    76   988    1.012729  0.000231  0.000019
  14    71   994    1.012726  0.000244  0.000021
  15    66   990    1.012722  0.000234  0.000021
  16    62   992    1.012720  0.000248  0.000022
  17    58   986    1.012737  0.000246  0.000023
  18    55   990    1.012722  0.000255  0.000025
  19    52   988    1.012729  0.000256  0.000025
  20    50  1000    1.012737  0.000237  0.000024
  21    47   987    1.012733  0.000260  0.000027
  22    45   990    1.012722  0.000275  0.000029
  23    43   989    1.012723  0.000263  0.000029
  24    41   984    1.012745  0.000259  0.000029
  25    40  1000    1.012737  0.000259  0.000029
Fit (variance): plateau_var = 8.121e-08 ± 1.032e-08
Fit (error):    plateau = 0.000285 ± 0.000018
     autocorrelation length ~ 12.6 blocks
     plateau reached at block size ~ 58
     !!!Failed to reach plateau in blocking
     Return max block error
nclean = 1000, max_block_size = 25, min_nblocks = 40
Blk_SZ   NBlk   NSmp      Energy     Error    dError
     1   1000   1000  -957.357747  0.000462  0.000010
     2    500   1000  -957.357872  0.000489  0.000015
     3    333    999  -957.357901  0.000508  0.000020
     4    250   1000  -957.357981  0.000522  0.000023
     5    200   1000  -957.358032  0.000498  0.000025
     6    166    996  -957.357968  0.000525  0.000029
     7    142    994  -957.357921  0.000505  0.000030
     8    125   1000  -957.358080  0.000507  0.000032
     9    111    999  -957.358064  0.000511  0.000034
    10    100   1000  -957.358111  0.000524  0.000037
    11     90    990  -957.358000  0.000497  0.000037
    12     83    996  -957.358050  0.000511  0.000040
    13     76    988  -957.358029  0.000494  0.000040
    14     71    994  -957.357991  0.000471  0.000040
    15     66    990  -957.358019  0.000504  0.000044
    16     62    992  -957.358007  0.000478  0.000043
    17     58    986  -957.358015  0.000524  0.000049
    18     55    990  -957.358023  0.000501  0.000048
    19     52    988  -957.358042  0.000476  0.000047
    20     50   1000  -957.358158  0.000541  0.000055
    21     47    987  -957.358059  0.000492  0.000051
    22     45    990  -957.358050  0.000519  0.000055
    23     43    989  -957.358059  0.000533  0.000058
    24     41    984  -957.358028  0.000515  0.000058
    25     40   1000  -957.358163  0.000545  0.000062
Fit (variance): plateau_var = 2.575205e-07 ± 8.587577e-09
Fit (error):    plateau = 0.000507 ± 0.000008
     autocorrelation length ~ 0.9 blocks
     plateau reached at block size ~ 4
Final AFQMC/pt2CCSD overlap ratio: 1.012737 ± 0.000275
Final AFQMC/pt2CCSD energy: -957.358243 ± 0.000507
Total run time: 917.25
------------------------------------------ AFQMC Sampling Finished -------------------------------------------
