------------------------------------------- AFQMC Sampling Started -------------------------------------------
Hostname: gpua016.delta.ncsa.illinois.edu
System Type: Linux
Machine Type: x86_64
Processor: x86_64
Using GPU.
System: Linux
Node Name: gpua016.delta.ncsa.illinois.edu
Release: 5.14.0-427.91.1.el9_4.x86_64
Version: #1 SMP PREEMPT_DYNAMIC Wed Sep 17 10:08:59 EDT 2025
Machine: x86_64
Processor: x86_64
Decomposing Unrestricted T2 amplitudes
Throw 0 vectors in T2 deomposition
SVD cutoff = 1.00e-08 | error = 1.47e-15
number of T2 decomposition vectors 266
norb: 26
nelec: (7, 7)
n_eql: 120
n_blocks: 1000
n_walkers: 300
dt: 0.005
max_error: 0.0
seed: 17
walker_type: uhf
trial: uccsd_pt2
free_projection: False
use_gpu: True
n_exp_terms: 6
n_prop_steps: 50
save_walkers: False
n_batch: 1
nchol_chunk: 100
mix_precision: True
initial AFQMC/pt2CCSD Energy is -559.186786
Propagating with 300 walkers
----------------------------------------------- Equilibration ------------------------------------------------
inv_T        weight  killW        energy   runTime
 0.00    300.000000      0   -558.844268     11.34
 3.00    304.205232      0   -559.184942     17.73
 6.00    305.229473      0   -559.200708     18.34
 9.00    304.623638      0   -559.167011     18.94
12.00    304.744659      0   -559.203859     19.55
15.00    304.765834      0   -559.220404     20.15
18.00    304.334129      0   -559.194119     20.76
21.00    304.906477      0   -559.206328     21.37
24.00    304.191477      0   -559.171171     21.97
27.00    303.986233      0   -559.188116     22.58
30.00    304.111476      0   -559.203680     23.18
---------------------------------------------- Sampling Blocks -----------------------------------------------
blocks        weight  killW       E_Guide     error       E_Trial     error     olp_T/G     error  Walltime
    20    304.723999      1   -559.200586  0.007121   -559.193331  0.000622    1.001878  0.000242   30.53
    40    304.018074      1   -559.195111  0.005602   -559.193275  0.000460    1.001882  0.000269   31.93
    60    303.600701      1   -559.195154  0.003995   -559.193554  0.000410    1.001833  0.000194   33.34
    80    303.220192      2   -559.193476  0.003464   -559.194010  0.000442    1.002017  0.000179   34.75
   100    302.901511      2   -559.193939  0.002607   -559.193968  0.000380    1.001970  0.000153   36.15
   120    302.614020      2   -559.193676  0.002280   -559.194153  0.000363    1.001942  0.000140   37.56
   140    302.338288      2   -559.194009  0.002135   -559.194299  0.000339    1.001904  0.000136   38.97
   160    302.079083      2   -559.192765  0.001994   -559.194273  0.000303    1.001815  0.000128   40.37
   180    301.872594      3   -559.192770  0.001998   -559.194256  0.000284    1.001850  0.000117   41.78
   200    301.680367      3   -559.193059  0.001846   -559.194213  0.000264    1.001858  0.000108   43.26
   220    301.520503      4   -559.193054  0.001730   -559.194196  0.000245    1.001901  0.000103   44.66
   240    301.377309      4   -559.193394  0.001613   -559.194136  0.000237    1.001885  0.000098   46.07
   260    301.262593      4   -559.194298  0.001549   -559.194365  0.000248    1.001875  0.000091   47.48
   280    301.149447      5   -559.194317  0.001502   -559.194356  0.000240    1.001919  0.000090   48.89
   300    301.045544      5   -559.194387  0.001550   -559.194323  0.000228    1.001939  0.000089   50.30
   320    300.953003      5   -559.194058  0.001482   -559.194220  0.000217    1.001936  0.000085   51.71
   340    300.859790      6   -559.193547  0.001464   -559.194150  0.000207    1.001953  0.000081   53.12
   360    300.783564      6   -559.193405  0.001401   -559.194143  0.000199    1.001962  0.000076   54.52
   380    300.713526      6   -559.193340  0.001398   -559.194170  0.000204    1.001974  0.000074   55.93
   400    300.659791      7   -559.194044  0.001386   -559.194249  0.000199    1.001932  0.000076   57.35
   420    300.603085      8   -559.194331  0.001404   -559.194382  0.000198    1.001944  0.000074   58.75
   440    300.559351      8   -559.194342  0.001346   -559.194436  0.000195    1.001967  0.000073   60.16
   460    300.505319      8   -559.194004  0.001321   -559.194408  0.000188    1.001972  0.000072   61.56
   480    300.456606      8   -559.194445  0.001324   -559.194412  0.000182    1.001962  0.000069   62.97
   500    300.409569      8   -559.194359  0.001292   -559.194420  0.000180    1.001967  0.000067   64.38
   520    300.369126      8   -559.194194  0.001292   -559.194382  0.000174    1.001949  0.000068   65.79
   540    300.329048      8   -559.194242  0.001265   -559.194406  0.000169    1.001936  0.000068   67.20
   560    300.297256      8   -559.194424  0.001246   -559.194410  0.000166    1.001926  0.000065   68.61
   580    300.266522      8   -559.194489  0.001217   -559.194423  0.000161    1.001947  0.000065   70.02
   600    300.235644      8   -559.194823  0.001185   -559.194514  0.000170    1.001945  0.000063   71.42
   620    300.204002      8   -559.194746  0.001165   -559.194464  0.000166    1.001949  0.000062   72.83
   640    300.181499      8   -559.195101  0.001146   -559.194494  0.000162    1.001972  0.000068   74.23
   660    300.156750      9   -559.195076  0.001129   -559.194471  0.000158    1.001974  0.000066   75.64
   680    300.131728      9   -559.194980  0.001124   -559.194485  0.000157    1.001977  0.000065   77.05
   700    300.108710      9   -559.194944  0.001099   -559.194462  0.000154    1.001974  0.000065   78.46
   720    300.087599      9   -559.195068  0.001075   -559.194493  0.000152    1.001975  0.000063   79.87
   740    300.064495      9   -559.195042  0.001065   -559.194508  0.000149    1.001972  0.000062   81.28
   760    300.045984      9   -559.195118  0.001063   -559.194521  0.000146    1.001969  0.000060   82.68
   780    300.029854      9   -559.195349  0.001067   -559.194518  0.000144    1.001960  0.000060   84.08
   800    300.013387      9   -559.195223  0.001040   -559.194496  0.000141    1.001960  0.000058   85.50
   820    299.995386      9   -559.195289  0.001018   -559.194484  0.000139    1.001954  0.000057   86.90
   840    299.982186      9   -559.195221  0.001000   -559.194478  0.000137    1.001963  0.000056   88.31
   860    299.967797      9   -559.194990  0.000988   -559.194468  0.000135    1.001968  0.000055   89.71
   880    299.954982      9   -559.194866  0.000974   -559.194453  0.000133    1.001975  0.000054   91.11
   900    299.941498      9   -559.194863  0.000956   -559.194424  0.000130    1.001968  0.000053   92.52
   920    299.928738      9   -559.194939  0.000971   -559.194463  0.000136    1.001973  0.000053   93.93
   940    299.920894      9   -559.195261  0.000971   -559.194481  0.000136    1.001979  0.000052   95.33
   960    299.906296      9   -559.194993  0.000967   -559.194440  0.000134    1.001984  0.000051   96.74
   980    299.894805      9   -559.194917  0.000960   -559.194442  0.000132    1.001997  0.000052   98.16
  1000    299.889216      9   -559.195186  0.000940   -559.194436  0.000130    1.001991  0.000052   99.56
---------------------------------------------- Post Propagation ----------------------------------------------
Total number of samples 1000
Raw AFQMC/HF (Guide) energy:           -559.195186 ± 0.000940
Raw Trial/Guide overlap ratio:          1.001991 ± 0.000052
Raw AFQMC/pt2CCSD energy (covariance): -559.194436 ± 0.000130
Raw AFQMC/pt2CCSD energy (dir sample): -559.194436 ± 0.000111
--------------------------------------------- Clean Obeservation ---------------------------------------------
removing energies outside zeta > 30
Outlier energy bound [-559.260310, -559.127021]
Removed 0 outliers with energies []
Clean AFQMC/pt2CCSD overlap ratio:        1.001991 ± 0.000052
Clean AFQMC/pt2CCSD energy (covariance): -559.194436 ± 0.000130
Clean AFQMC/ptCCSD energy (dir sample):  -559.194436 ± 0.000111
--------------------------------------------- Blocking Analysis ----------------------------------------------
nsample = 1000, max_block_size = 25, min_nblocks = 40
   B    NB    NS  Observable     Error    dError
   1  1000  1000    1.001991  0.000021  0.000000
   2   500  1000    1.001991  0.000027  0.000001
   3   333   999    1.001991  0.000032  0.000001
   4   250  1000    1.001991  0.000035  0.000002
   5   200  1000    1.001991  0.000037  0.000002
   6   166   996    1.001991  0.000039  0.000002
   7   142   994    1.001993  0.000041  0.000002
   8   125  1000    1.001991  0.000043  0.000003
   9   111   999    1.001991  0.000044  0.000003
  10   100  1000    1.001991  0.000045  0.000003
  11    90   990    1.001994  0.000046  0.000003
  12    83   996    1.001991  0.000047  0.000004
  13    76   988    1.001995  0.000048  0.000004
  14    71   994    1.001993  0.000048  0.000004
  15    66   990    1.001994  0.000048  0.000004
  16    62   992    1.001993  0.000052  0.000005
  17    58   986    1.001996  0.000046  0.000004
  18    55   990    1.001994  0.000049  0.000005
  19    52   988    1.001995  0.000050  0.000005
  20    50  1000    1.001991  0.000048  0.000005
  21    47   987    1.001995  0.000047  0.000005
  22    45   990    1.001994  0.000048  0.000005
  23    43   989    1.001994  0.000046  0.000005
  24    41   984    1.001997  0.000048  0.000005
  25    40  1000    1.001991  0.000051  0.000006
Fit (variance): plateau_var = 2.441e-09 ± 1.640e-10
Fit (error):    plateau = 0.000049 ± 0.000002
     autocorrelation length ~ 6.0 blocks
     plateau reached at block size ~ 28
     !!!Failed to reach plateau in blocking
     Return max block error
nclean = 1000, max_block_size = 25, min_nblocks = 40
Blk_SZ   NBlk   NSmp      Energy     Error    dError
     1   1000   1000  -559.194335  0.000111  0.000002
     2    500   1000  -559.194366  0.000123  0.000004
     3    333    999  -559.194376  0.000128  0.000005
     4    250   1000  -559.194388  0.000133  0.000006
     5    200   1000  -559.194393  0.000136  0.000007
     6    166    996  -559.194398  0.000136  0.000007
     7    142    994  -559.194404  0.000143  0.000009
     8    125   1000  -559.194408  0.000135  0.000009
     9    111    999  -559.194405  0.000141  0.000010
    10    100   1000  -559.194410  0.000141  0.000010
    11     90    990  -559.194417  0.000145  0.000011
    12     83    996  -559.194414  0.000141  0.000011
    13     76    988  -559.194422  0.000130  0.000011
    14     71    994  -559.194418  0.000144  0.000012
    15     66    990  -559.194424  0.000143  0.000013
    16     62    992  -559.194426  0.000148  0.000013
    17     58    986  -559.194431  0.000141  0.000013
    18     55    990  -559.194425  0.000144  0.000014
    19     52    988  -559.194430  0.000134  0.000013
    20     50   1000  -559.194422  0.000151  0.000015
    21     47    987  -559.194433  0.000152  0.000016
    22     45    990  -559.194427  0.000154  0.000016
    23     43    989  -559.194429  0.000142  0.000015
    24     41    984  -559.194429  0.000159  0.000018
    25     40   1000  -559.194426  0.000160  0.000018
Fit (variance): plateau_var = 2.046187e-08 ± 9.573407e-10
Fit (error):    plateau = 0.000143 ± 0.000003
     autocorrelation length ~ 2.9 blocks
     plateau reached at block size ~ 12
Final AFQMC/pt2CCSD overlap ratio: 1.001991 ± 0.000052
Final AFQMC/pt2CCSD energy: -559.194436 ± 0.000143
Total run time: 109.05
------------------------------------------ AFQMC Sampling Finished -------------------------------------------
