------------------------------------------- AFQMC Sampling Started -------------------------------------------
Hostname: gpua016.delta.ncsa.illinois.edu
System Type: Linux
Machine Type: x86_64
Processor: x86_64
Using GPU.
System: Linux
Node Name: gpua016.delta.ncsa.illinois.edu
Release: 5.14.0-427.91.1.el9_4.x86_64
Version: #1 SMP PREEMPT_DYNAMIC Wed Sep 17 10:08:59 EDT 2025
Machine: x86_64
Processor: x86_64
Decomposing Unrestricted T2 amplitudes
Throw 0 vectors in T2 deomposition
SVD cutoff = 1.00e-08 | error = 1.36e-15
number of T2 decomposition vectors 540
norb: 39
nelec: (9, 9)
n_eql: 120
n_blocks: 1000
n_walkers: 300
dt: 0.005
max_error: 0.0
seed: 17
walker_type: uhf
trial: uccsd_pt2
free_projection: False
use_gpu: True
n_exp_terms: 6
n_prop_steps: 50
save_walkers: False
n_batch: 1
nchol_chunk: 100
mix_precision: True
initial AFQMC/pt2CCSD Energy is -589.221695
Propagating with 300 walkers
----------------------------------------------- Equilibration ------------------------------------------------
inv_T        weight  killW        energy   runTime
 0.00    300.000000      0   -588.718728     12.53
 3.00    306.899701      0   -589.214812     19.61
 6.00    309.488951      0   -589.375124     20.51
 9.00    306.926309      0   -589.219394     21.40
12.00    308.136442      0   -589.281541     22.30
15.00    305.195225      1   -589.234527     23.20
18.00    306.443135      0   -589.233682     24.09
21.00    307.443146      0   -589.262871     24.99
24.00    307.210930      0   -589.268261     25.89
27.00    307.240383      0   -589.239512     26.78
30.00    306.407804      0   -589.229219     27.68
---------------------------------------------- Sampling Blocks -----------------------------------------------
blocks        weight  killW       E_Guide     error       E_Trial     error     olp_T/G     error  Walltime
    20    306.745661      3   -589.250796  0.014336   -589.245146  0.002282    1.095881  0.002636   37.01
    40    306.006649      3   -589.252063  0.010059   -589.243735  0.001622    1.096385  0.001857   39.81
    60    305.324409      3   -589.249609  0.006838   -589.244835  0.001476    1.098360  0.001700   42.60
    80    304.698335      3   -589.248809  0.005197   -589.243762  0.001295    1.098978  0.001309   45.40
   100    304.140853      6   -589.247459  0.004238   -589.244085  0.001302    1.098336  0.001140   48.20
   120    303.720680      7   -589.248464  0.003538   -589.244093  0.001146    1.098205  0.000968   50.99
   140    303.338390      9   -589.249643  0.003178   -589.244590  0.001060    1.098169  0.000825   53.79
   160    302.975094     11   -589.249315  0.002966   -589.244792  0.000970    1.098349  0.000745   56.59
   180    302.651775     13   -589.248834  0.002953   -589.245621  0.001016    1.097950  0.000717   59.39
   200    302.375548     14   -589.249453  0.002703   -589.245806  0.000936    1.098543  0.000766   62.18
   220    302.135494     16   -589.250103  0.002653   -589.246093  0.000885    1.098495  0.000728   65.02
   240    301.905181     17   -589.249864  0.002517   -589.246043  0.000837    1.098759  0.000720   67.81
   260    301.724449     18   -589.250143  0.002461   -589.246233  0.000808    1.099253  0.000748   70.61
   280    301.544365     18   -589.250269  0.002327   -589.246402  0.000773    1.099009  0.000716   73.39
   300    301.378955     21   -589.249894  0.002211   -589.246359  0.000753    1.098554  0.000747   76.18
   320    301.226402     21   -589.249830  0.002111   -589.246531  0.000724    1.098596  0.000705   78.97
   340    301.086516     21   -589.250225  0.002009   -589.246435  0.000694    1.098491  0.000667   81.76
   360    300.977758     23   -589.249658  0.001907   -589.246211  0.000664    1.098809  0.000672   84.56
   380    300.869814     24   -589.249686  0.001967   -589.246184  0.000640    1.099004  0.000651   87.35
   400    300.770053     24   -589.249317  0.001870   -589.246131  0.000625    1.099053  0.000620   90.14
   420    300.684601     24   -589.249449  0.001807   -589.246033  0.000612    1.099199  0.000599   92.94
   440    300.607638     25   -589.249857  0.001785   -589.246207  0.000621    1.099195  0.000602   95.73
   460    300.528127     28   -589.249387  0.001744   -589.246292  0.000640    1.099346  0.000599   98.52
   480    300.453958     30   -589.249589  0.001674   -589.246335  0.000633    1.099435  0.000572  101.31
   500    300.385426     30   -589.249000  0.001675   -589.246149  0.000614    1.099618  0.000562  104.10
   520    300.325062     32   -589.248563  0.001620   -589.245982  0.000597    1.099719  0.000576  106.90
   540    300.270323     33   -589.248730  0.001587   -589.245957  0.000588    1.099763  0.000565  109.69
   560    300.225440     33   -589.248378  0.001546   -589.245862  0.000570    1.099562  0.000572  112.48
   580    300.178596     34   -589.248507  0.001505   -589.245878  0.000561    1.099581  0.000561  115.27
   600    300.138979     34   -589.248600  0.001468   -589.245794  0.000545    1.099968  0.000630  118.06
   620    300.106965     35   -589.249196  0.001475   -589.245838  0.000532    1.100115  0.000631  120.85
   640    300.076227     39   -589.249858  0.001585   -589.245861  0.000522    1.100155  0.000638  123.69
   660    300.032299     40   -589.249352  0.001591   -589.245766  0.000512    1.100394  0.000668  126.55
   680    300.001861     40   -589.249583  0.001560   -589.245673  0.000501    1.100254  0.000659  129.34
   700    299.975707     41   -589.250143  0.001565   -589.245827  0.000498    1.100096  0.000657  132.13
   720    299.941088     44   -589.249724  0.001596   -589.245756  0.000487    1.100100  0.000677  134.93
   740    299.917855     44   -589.250066  0.001569   -589.245788  0.000479    1.100325  0.000689  137.72
   760    299.887482     46   -589.249992  0.001535   -589.245828  0.000493    1.100497  0.000690  140.52
   780    299.860375     46   -589.250265  0.001512   -589.245875  0.000484    1.100537  0.000679  143.31
   800    299.829964     46   -589.250231  0.001477   -589.245926  0.000481    1.100710  0.000691  146.10
   820    299.812174     50   -589.250713  0.001481   -589.246194  0.000495    1.100746  0.000689  148.89
   840    299.784775     50   -589.250618  0.001532   -589.246138  0.000486    1.100668  0.000678  151.68
   860    299.766609     54   -589.250959  0.001532   -589.246266  0.000483    1.100491  0.000689  154.47
   880    299.747572     54   -589.250959  0.001529   -589.246300  0.000477    1.100499  0.000689  157.26
   900    299.719130     56   -589.250473  0.001493   -589.246201  0.000469    1.100583  0.000689  160.05
   920    299.698643     56   -589.250581  0.001541   -589.246160  0.000461    1.100783  0.000695  162.84
   940    299.685519     56   -589.250820  0.001515   -589.246264  0.000458    1.100786  0.000695  165.63
   960    299.671847     56   -589.250875  0.001509   -589.246213  0.000450    1.100885  0.000680  168.42
   980    299.654340     59   -589.250797  0.001476   -589.246280  0.000448    1.100831  0.000680  171.22
  1000    299.635559     62   -589.250682  0.001452   -589.246298  0.000447    1.100958  0.000665  174.01
---------------------------------------------- Post Propagation ----------------------------------------------
Total number of samples 1000
Raw AFQMC/HF (Guide) energy:           -589.250682 ± 0.001452
Raw Trial/Guide overlap ratio:          1.100958 ± 0.000665
Raw AFQMC/pt2CCSD energy (covariance): -589.246298 ± 0.000447
Raw AFQMC/pt2CCSD energy (dir sample): -589.246298 ± 0.000359
--------------------------------------------- Clean Obeservation ---------------------------------------------
removing energies outside zeta > 30
Outlier energy bound [-589.452477, -589.036157]
Removed 0 outliers with energies []
Clean AFQMC/pt2CCSD overlap ratio:        1.100958 ± 0.000665
Clean AFQMC/pt2CCSD energy (covariance): -589.246298 ± 0.000447
Clean AFQMC/ptCCSD energy (dir sample):  -589.246298 ± 0.000359
--------------------------------------------- Blocking Analysis ----------------------------------------------
nsample = 1000, max_block_size = 25, min_nblocks = 40
   B    NB    NS  Observable     Error    dError
   1  1000  1000    1.100967  0.000206  0.000005
   2   500  1000    1.100966  0.000277  0.000009
   3   333   999    1.100948  0.000327  0.000013
   4   250  1000    1.100966  0.000367  0.000016
   5   200  1000    1.100966  0.000404  0.000020
   6   166   996    1.100911  0.000431  0.000024
   7   142   994    1.100887  0.000460  0.000027
   8   125  1000    1.100966  0.000485  0.000031
   9   111   999    1.100948  0.000503  0.000034
  10   100  1000    1.100966  0.000525  0.000037
  11    90   990    1.100866  0.000531  0.000040
  12    83   996    1.100911  0.000549  0.000043
  13    76   988    1.100854  0.000549  0.000045
  14    71   994    1.100887  0.000579  0.000049
  15    66   990    1.100866  0.000579  0.000051
  16    62   992    1.100875  0.000596  0.000054
  17    58   986    1.100852  0.000595  0.000056
  18    55   990    1.100866  0.000626  0.000060
  19    52   988    1.100854  0.000606  0.000060
  20    50  1000    1.100965  0.000633  0.000064
  21    47   987    1.100852  0.000600  0.000063
  22    45   990    1.100866  0.000650  0.000069
  23    43   989    1.100860  0.000649  0.000071
  24    41   984    1.100846  0.000665  0.000074
  25    40  1000    1.100965  0.000650  0.000074
Fit (variance): plateau_var = 4.908e-07 ± 6.377e-08
Fit (error):    plateau = 0.000701 ± 0.000046
     autocorrelation length ~ 12.8 blocks
     plateau reached at block size ~ 59
     !!!Failed to reach plateau in blocking
     Return max block error
nclean = 1000, max_block_size = 25, min_nblocks = 40
Blk_SZ   NBlk   NSmp      Energy     Error    dError
     1   1000   1000  -589.246097  0.000359  0.000008
     2    500   1000  -589.246140  0.000377  0.000012
     3    333    999  -589.246168  0.000382  0.000015
     4    250   1000  -589.246185  0.000391  0.000018
     5    200   1000  -589.246187  0.000400  0.000020
     6    166    996  -589.246225  0.000406  0.000022
     7    142    994  -589.246156  0.000401  0.000024
     8    125   1000  -589.246213  0.000433  0.000027
     9    111    999  -589.246225  0.000429  0.000029
    10    100   1000  -589.246228  0.000433  0.000031
    11     90    990  -589.246185  0.000431  0.000032
    12     83    996  -589.246263  0.000458  0.000036
    13     76    988  -589.246191  0.000436  0.000036
    14     71    994  -589.246187  0.000419  0.000035
    15     66    990  -589.246193  0.000429  0.000038
    16     62    992  -589.246192  0.000426  0.000039
    17     58    986  -589.246227  0.000448  0.000042
    18     55    990  -589.246204  0.000424  0.000041
    19     52    988  -589.246205  0.000437  0.000043
    20     50   1000  -589.246264  0.000452  0.000046
    21     47    987  -589.246207  0.000452  0.000047
    22     45    990  -589.246212  0.000450  0.000048
    23     43    989  -589.246227  0.000428  0.000047
    24     41    984  -589.246251  0.000399  0.000045
    25     40   1000  -589.246278  0.000462  0.000052
Fit (variance): plateau_var = 1.939253e-07 ± 1.419057e-08
Fit (error):    plateau = 0.000440 ± 0.000016
     autocorrelation length ~ 5.7 blocks
     plateau reached at block size ~ 22
Final AFQMC/pt2CCSD overlap ratio: 1.100958 ± 0.000665
Final AFQMC/pt2CCSD energy: -589.246298 ± 0.000440
Total run time: 183.36
------------------------------------------ AFQMC Sampling Finished -------------------------------------------
