------------------------------------------- AFQMC Sampling Started -------------------------------------------
Hostname: gpua016.delta.ncsa.illinois.edu
System Type: Linux
Machine Type: x86_64
Processor: x86_64
Using GPU.
System: Linux
Node Name: gpua016.delta.ncsa.illinois.edu
Release: 5.14.0-427.91.1.el9_4.x86_64
Version: #1 SMP PREEMPT_DYNAMIC Wed Sep 17 10:08:59 EDT 2025
Machine: x86_64
Processor: x86_64
Decomposing Unrestricted T2 amplitudes
Throw 0 vectors in T2 deomposition
SVD cutoff = 1.00e-08 | error = 1.55e-15
number of T2 decomposition vectors 210
norb: 26
nelec: (5, 5)
n_eql: 120
n_blocks: 1000
n_walkers: 300
dt: 0.005
max_error: 0.0
seed: 17
walker_type: uhf
trial: uccsd_pt2
free_projection: False
use_gpu: True
n_exp_terms: 6
n_prop_steps: 50
save_walkers: False
n_batch: 1
nchol_chunk: 100
mix_precision: True
initial AFQMC/pt2CCSD Energy is -113.043868
Propagating with 300 walkers
----------------------------------------------- Equilibration ------------------------------------------------
inv_T        weight  killW        energy   runTime
 0.00    300.000000      0   -112.748979     11.07
 3.00    303.445395      0   -113.001415     17.54
 6.00    304.146210      0   -113.041897     18.10
 9.00    303.927880      0   -113.039174     18.66
12.00    303.941522      0   -113.065447     19.22
15.00    303.276823      0   -113.041103     19.78
18.00    304.432538      0   -113.072508     20.34
21.00    303.936014      0   -113.047462     20.90
24.00    304.267027      0   -113.065646     21.46
27.00    303.981354      0   -113.058796     22.02
30.00    303.983152      0   -113.055872     22.58
---------------------------------------------- Sampling Blocks -----------------------------------------------
blocks        weight  killW       E_Guide     error       E_Trial     error     olp_T/G     error  Walltime
    20    303.969919      0   -113.048445  0.004372   -113.053803  0.001325    1.003872  0.000286   29.60
    40    303.569112      0   -113.048405  0.005356   -113.053329  0.000788    1.004027  0.000225   30.93
    60    303.196576      1   -113.053062  0.005769   -113.053771  0.000678    1.004423  0.000296   32.26
    80    302.883959      1   -113.055516  0.004248   -113.053755  0.000560    1.004595  0.000325   33.58
   100    302.572445      1   -113.056173  0.003542   -113.053678  0.000493    1.004563  0.000248   34.89
   120    302.341299      1   -113.058283  0.003377   -113.053761  0.000471    1.004633  0.000214   36.21
   140    302.097046      2   -113.057947  0.003334   -113.054321  0.000655    1.004665  0.000193   37.53
   160    301.893470      2   -113.058453  0.003045   -113.054417  0.000610    1.004681  0.000212   38.86
   180    301.707614      2   -113.057562  0.003211   -113.054211  0.000551    1.004762  0.000198   40.18
   200    301.553421      2   -113.058135  0.002914   -113.054160  0.000526    1.004771  0.000192   41.51
   220    301.416275      2   -113.058713  0.002714   -113.054146  0.000486    1.004752  0.000178   42.84
   240    301.293828      3   -113.059952  0.002598   -113.054223  0.000459    1.004775  0.000165   44.16
   260    301.170867      3   -113.059522  0.002428   -113.054212  0.000437    1.004826  0.000156   45.48
   280    301.063642      3   -113.059595  0.002259   -113.054194  0.000412    1.004834  0.000145   46.81
   300    300.969512      3   -113.059665  0.002174   -113.054306  0.000407    1.004811  0.000141   48.14
   320    300.882809      3   -113.059982  0.002131   -113.054597  0.000443    1.004794  0.000133   49.46
   340    300.816249      3   -113.060203  0.002002   -113.054632  0.000428    1.004773  0.000126   50.78
   360    300.743441      3   -113.060163  0.001937   -113.054528  0.000408    1.004784  0.000119   52.13
   380    300.668779      3   -113.060281  0.001877   -113.054499  0.000416    1.004798  0.000113   53.48
   400    300.614683      3   -113.060756  0.001822   -113.054472  0.000413    1.004799  0.000108   54.81
   420    300.559171      3   -113.060287  0.001753   -113.054487  0.000395    1.004776  0.000104   56.13
   440    300.505443      3   -113.060214  0.001770   -113.054586  0.000382    1.004770  0.000100   57.45
   460    300.456178      3   -113.059739  0.001715   -113.054564  0.000370    1.004771  0.000096   58.78
   480    300.414815      3   -113.059956  0.001665   -113.054504  0.000358    1.004766  0.000092   60.10
   500    300.389334      3   -113.060831  0.001662   -113.055073  0.000548    1.004788  0.000090   61.43
   520    300.340802      3   -113.060356  0.001625   -113.055012  0.000530    1.004762  0.000092   62.75
   540    300.318002      3   -113.060794  0.001611   -113.055103  0.000515    1.004713  0.000095   64.07
   560    300.283433      3   -113.060590  0.001568   -113.055091  0.000500    1.004771  0.000112   65.39
   580    300.255741      3   -113.060496  0.001537   -113.055103  0.000485    1.004754  0.000110   66.72
   600    300.224558      3   -113.060122  0.001496   -113.055056  0.000470    1.004750  0.000107   68.05
   620    300.198064      3   -113.060201  0.001461   -113.055058  0.000457    1.004719  0.000106   69.38
   640    300.176190      3   -113.060316  0.001529   -113.055031  0.000446    1.004725  0.000105   70.70
   660    300.153605      3   -113.060163  0.001494   -113.054941  0.000434    1.004715  0.000102   72.03
   680    300.131854      3   -113.060043  0.001475   -113.054929  0.000423    1.004689  0.000105   73.35
   700    300.107160      4   -113.059914  0.001445   -113.054870  0.000413    1.004738  0.000111   74.68
   720    300.081852      4   -113.059738  0.001408   -113.054791  0.000403    1.004735  0.000109   76.02
   740    300.067534      4   -113.059730  0.001381   -113.054874  0.000405    1.004714  0.000110   77.35
   760    300.053127      4   -113.059805  0.001351   -113.054853  0.000396    1.004712  0.000107   78.69
   780    300.037004      4   -113.059747  0.001327   -113.054828  0.000390    1.004715  0.000105   80.02
   800    300.021282      4   -113.059689  0.001282   -113.054871  0.000383    1.004719  0.000101   81.34
   820    300.008921      4   -113.059730  0.001265   -113.054850  0.000375    1.004694  0.000102   82.67
   840    299.995543      4   -113.059566  0.001277   -113.054815  0.000368    1.004694  0.000100   84.00
   860    299.983007      4   -113.059684  0.001254   -113.054879  0.000364    1.004712  0.000100   85.32
   880    299.970766      4   -113.059606  0.001232   -113.054840  0.000357    1.004708  0.000098   86.64
   900    299.954874      5   -113.059561  0.001216   -113.054845  0.000350    1.004688  0.000096   87.97
   920    299.941890      5   -113.059457  0.001195   -113.054861  0.000343    1.004685  0.000094   89.30
   940    299.932515      5   -113.059749  0.001178   -113.054844  0.000339    1.004696  0.000093   90.62
   960    299.916272      5   -113.059644  0.001141   -113.054839  0.000334    1.004689  0.000092   91.95
   980    299.912044      5   -113.059855  0.001124   -113.055090  0.000357    1.004685  0.000091   93.27
  1000    299.899854      5   -113.059830  0.001142   -113.055057  0.000351    1.004696  0.000090   94.59
---------------------------------------------- Post Propagation ----------------------------------------------
Total number of samples 1000
Raw AFQMC/HF (Guide) energy:           -113.059830 ± 0.001142
Raw Trial/Guide overlap ratio:          1.004696 ± 0.000090
Raw AFQMC/pt2CCSD energy (covariance): -113.055057 ± 0.000351
Raw AFQMC/pt2CCSD energy (dir sample): -113.055057 ± 0.000310
--------------------------------------------- Clean Obeservation ---------------------------------------------
removing energies outside zeta > 30
Outlier energy bound [-113.164056, -112.942328]
Removed 1 outliers with energies [-113.23910283]
Clean AFQMC/pt2CCSD overlap ratio:        1.004698 ± 0.000089
Clean AFQMC/pt2CCSD energy (covariance): -113.054871 ± 0.000296
Clean AFQMC/ptCCSD energy (dir sample):  -113.054871 ± 0.000250
--------------------------------------------- Blocking Analysis ----------------------------------------------
nsample = 999, max_block_size = 24, min_nblocks = 40
   B    NB    NS  Observable     Error    dError
   1   999   999    1.004699  0.000038  0.000001
   2   499   998    1.004698  0.000049  0.000002
   3   333   999    1.004699  0.000056  0.000002
   4   249   996    1.004697  0.000062  0.000003
   5   199   995    1.004696  0.000066  0.000003
   6   166   996    1.004697  0.000067  0.000004
   7   142   994    1.004694  0.000072  0.000004
   8   124   992    1.004692  0.000074  0.000005
   9   111   999    1.004699  0.000075  0.000005
  10    99   990    1.004691  0.000077  0.000005
  11    90   990    1.004691  0.000073  0.000005
  12    83   996    1.004697  0.000074  0.000006
  13    76   988    1.004692  0.000080  0.000007
  14    71   994    1.004694  0.000084  0.000007
  15    66   990    1.004691  0.000082  0.000007
  16    62   992    1.004692  0.000087  0.000008
  17    58   986    1.004691  0.000089  0.000008
  18    55   990    1.004691  0.000083  0.000008
  19    52   988    1.004692  0.000085  0.000008
  20    49   980    1.004690  0.000084  0.000009
  21    47   987    1.004691  0.000084  0.000009
  22    45   990    1.004691  0.000083  0.000009
  23    43   989    1.004691  0.000080  0.000009
  24    41   984    1.004691  0.000078  0.000009
Fit (variance): plateau_var = 6.904e-09 ± 4.525e-10
Fit (error):    plateau = 0.000083 ± 0.000003
     autocorrelation length ~ 5.3 blocks
     plateau reached at block size ~ 25
     !!!Failed to reach plateau in blocking
     Return max block error
nclean = 999, max_block_size = 24, min_nblocks = 40
Blk_SZ   NBlk   NSmp      Energy     Error    dError
     1    999    999  -113.054708  0.000250  0.000006
     2    499    998  -113.054744  0.000286  0.000009
     3    333    999  -113.054765  0.000330  0.000013
     4    249    996  -113.054777  0.000295  0.000013
     5    199    995  -113.054784  0.000326  0.000016
     6    166    996  -113.054800  0.000333  0.000018
     7    142    994  -113.054805  0.000339  0.000020
     8    124    992  -113.054826  0.000297  0.000019
     9    111    999  -113.054828  0.000334  0.000022
    10     99    990  -113.054843  0.000334  0.000024
    11     90    990  -113.054851  0.000334  0.000025
    12     83    996  -113.054831  0.000322  0.000025
    13     76    988  -113.054859  0.000330  0.000027
    14     71    994  -113.054843  0.000336  0.000028
    15     66    990  -113.054857  0.000325  0.000028
    16     62    992  -113.054855  0.000294  0.000027
    17     58    986  -113.054871  0.000324  0.000030
    18     55    990  -113.054859  0.000332  0.000032
    19     52    988  -113.054872  0.000309  0.000031
    20     49    980  -113.054874  0.000346  0.000035
    21     47    987  -113.054876  0.000332  0.000035
    22     45    990  -113.054868  0.000327  0.000035
    23     43    989  -113.054873  0.000310  0.000034
    24     41    984  -113.054877  0.000338  0.000038
Fit (variance): plateau_var = 1.048094e-07 ± 3.914151e-09
Fit (error):    plateau = 0.000324 ± 0.000006
     autocorrelation length ~ 1.4 blocks
     plateau reached at block size ~ 7
Final AFQMC/pt2CCSD overlap ratio: 1.004698 ± 0.000089
Final AFQMC/pt2CCSD energy: -113.054871 ± 0.000324
Total run time: 103.59
------------------------------------------ AFQMC Sampling Finished -------------------------------------------
