------------------------------------------- AFQMC Sampling Started -------------------------------------------
Hostname: gpua016.delta.ncsa.illinois.edu
System Type: Linux
Machine Type: x86_64
Processor: x86_64
Using GPU.
System: Linux
Node Name: gpua016.delta.ncsa.illinois.edu
Release: 5.14.0-427.91.1.el9_4.x86_64
Version: #1 SMP PREEMPT_DYNAMIC Wed Sep 17 10:08:59 EDT 2025
Machine: x86_64
Processor: x86_64
Decomposing Unrestricted T2 amplitudes
Throw 0 vectors in T2 deomposition
SVD cutoff = 1.00e-08 | error = 1.41e-15
number of T2 decomposition vectors 210
norb: 26
nelec: (5, 5)
n_eql: 120
n_blocks: 1000
n_walkers: 300
dt: 0.005
max_error: 0.0
seed: 17
walker_type: uhf
trial: uccsd_pt2
free_projection: False
use_gpu: True
n_exp_terms: 6
n_prop_steps: 50
save_walkers: False
n_batch: 1
nchol_chunk: 100
mix_precision: True
initial AFQMC/pt2CCSD Energy is -435.590310
Propagating with 300 walkers
----------------------------------------------- Equilibration ------------------------------------------------
inv_T        weight  killW        energy   runTime
 0.00    300.000000      0   -435.329505     11.10
 3.00    303.023079      0   -435.578428     17.43
 6.00    303.877364      0   -435.619432     18.00
 9.00    303.458317      0   -435.593889     18.58
12.00    303.833996      0   -435.623230     19.16
15.00    303.200970      0   -435.602424     19.74
18.00    303.653553      0   -435.613193     20.32
21.00    303.553759      0   -435.607172     20.91
24.00    303.674823      0   -435.605358     21.48
27.00    303.604011      0   -435.617999     22.06
30.00    303.715317      0   -435.621614     22.65
---------------------------------------------- Sampling Blocks -----------------------------------------------
blocks        weight  killW       E_Guide     error       E_Trial     error     olp_T/G     error  Walltime
    20    303.485628      0   -435.618290  0.004902   -435.603469  0.001865    1.009278  0.000661   29.68
    40    303.091437      2   -435.618898  0.002988   -435.604252  0.001269    1.009302  0.000520   31.03
    60    302.677239      3   -435.613557  0.004270   -435.604249  0.000955    1.009069  0.000430   32.38
    80    302.431809      3   -435.617976  0.005545   -435.603998  0.002308    1.009450  0.000608   33.72
   100    302.125772      3   -435.615512  0.004716   -435.604312  0.001903    1.010023  0.000667   35.06
   120    301.855378      3   -435.614948  0.003988   -435.604065  0.001618    1.010019  0.000561   36.40
   140    301.611571      3   -435.613022  0.003685   -435.603546  0.001487    1.009856  0.000496   37.74
   160    301.409998      3   -435.612922  0.003254   -435.604076  0.001403    1.009766  0.000443   39.08
   180    301.244432      3   -435.612730  0.002998   -435.603878  0.001264    1.009738  0.000401   40.42
   200    301.094669      3   -435.612355  0.002704   -435.604077  0.001161    1.009602  0.000373   41.76
   220    300.949556      3   -435.611475  0.002555   -435.603957  0.001066    1.009529  0.000360   43.10
   240    300.823857      4   -435.610593  0.002417   -435.604007  0.000985    1.009392  0.000347   44.45
   260    300.723583      4   -435.610406  0.002232   -435.603924  0.000913    1.009337  0.000322   45.79
   280    300.631031      4   -435.610005  0.002124   -435.603844  0.000853    1.009375  0.000300   47.13
   300    300.543458      4   -435.609833  0.002007   -435.603751  0.000802    1.009381  0.000280   48.47
   320    300.463284      4   -435.609210  0.001930   -435.603752  0.000761    1.009383  0.000263   49.80
   340    300.394299      4   -435.608826  0.001845   -435.603647  0.000719    1.009368  0.000253   51.14
   360    300.337105      4   -435.608885  0.001742   -435.603742  0.000684    1.009286  0.000246   52.48
   380    300.289923      5   -435.609195  0.001665   -435.603979  0.000661    1.009340  0.000236   53.82
   400    300.252057      5   -435.609802  0.001638   -435.603985  0.000630    1.009396  0.000228   55.16
   420    300.199812      5   -435.609527  0.001581   -435.603970  0.000604    1.009311  0.000225   56.50
   440    300.157980      5   -435.609304  0.001531   -435.603840  0.000579    1.009274  0.000225   57.84
   460    300.124794      5   -435.609690  0.001502   -435.603985  0.000567    1.009256  0.000220   59.18
   480    300.084535      5   -435.609396  0.001454   -435.603883  0.000547    1.009230  0.000211   60.53
   500    300.048172      5   -435.609005  0.001422   -435.603756  0.000528    1.009222  0.000204   61.98
   520    300.017212      5   -435.608593  0.001483   -435.603840  0.000515    1.009256  0.000213   63.34
   540    299.997759      5   -435.609296  0.001511   -435.603946  0.000505    1.009196  0.000214   64.69
   560    299.976994      5   -435.609565  0.001497   -435.603860  0.000490    1.009208  0.000206   66.03
   580    299.950579      6   -435.609530  0.001465   -435.603991  0.000526    1.009184  0.000202   67.38
   600    299.925361      7   -435.609412  0.001463   -435.603966  0.000509    1.009219  0.000198   68.73
   620    299.904298      8   -435.609458  0.001397   -435.603955  0.000495    1.009180  0.000194   70.06
   640    299.886792      8   -435.609541  0.001368   -435.604020  0.000491    1.009159  0.000191   71.40
   660    299.860309      9   -435.609245  0.001341   -435.603963  0.000477    1.009157  0.000183   72.75
   680    299.848330      9   -435.609540  0.001379   -435.604003  0.000474    1.009115  0.000181   74.08
   700    299.827289     10   -435.609213  0.001397   -435.603938  0.000462    1.009114  0.000178   75.42
   720    299.811230     10   -435.609157  0.001377   -435.603965  0.000454    1.009168  0.000184   76.77
   740    299.802305     10   -435.609534  0.001346   -435.603939  0.000450    1.009137  0.000183   78.10
   760    299.794519     10   -435.610074  0.001402   -435.604020  0.000450    1.009082  0.000185   79.45
   780    299.785906     10   -435.610544  0.001470   -435.604020  0.000443    1.009054  0.000182   80.80
   800    299.771408     10   -435.610682  0.001464   -435.603992  0.000440    1.009087  0.000182   82.14
   820    299.758456     11   -435.610752  0.001429   -435.604020  0.000434    1.009107  0.000178   83.48
   840    299.747586     11   -435.610778  0.001395   -435.603985  0.000425    1.009150  0.000179   84.83
   860    299.737507     11   -435.610926  0.001370   -435.604127  0.000422    1.009157  0.000178   86.17
   880    299.725700     11   -435.610808  0.001350   -435.604084  0.000414    1.009142  0.000175   87.51
   900    299.712706     11   -435.610631  0.001348   -435.604097  0.000406    1.009165  0.000171   88.85
   920    299.702725     11   -435.610843  0.001324   -435.604165  0.000400    1.009130  0.000176   90.19
   940    299.695585     11   -435.611096  0.001377   -435.604188  0.000405    1.009156  0.000176   91.53
   960    299.687490     11   -435.611217  0.001349   -435.604177  0.000398    1.009123  0.000175   92.87
   980    299.679824     12   -435.611244  0.001334   -435.604183  0.000391    1.009126  0.000175   94.21
  1000    299.671357     12   -435.611307  0.001301   -435.604166  0.000386    1.009139  0.000171   95.56
---------------------------------------------- Post Propagation ----------------------------------------------
Total number of samples 1000
Raw AFQMC/HF (Guide) energy:           -435.611307 ± 0.001301
Raw Trial/Guide overlap ratio:          1.009139 ± 0.000171
Raw AFQMC/pt2CCSD energy (covariance): -435.604166 ± 0.000386
Raw AFQMC/pt2CCSD energy (dir sample): -435.604166 ± 0.000274
--------------------------------------------- Clean Obeservation ---------------------------------------------
removing energies outside zeta > 30
Outlier energy bound [-435.751441, -435.454101]
Removed 0 outliers with energies []
Clean AFQMC/pt2CCSD overlap ratio:        1.009139 ± 0.000171
Clean AFQMC/pt2CCSD energy (covariance): -435.604166 ± 0.000386
Clean AFQMC/ptCCSD energy (dir sample):  -435.604166 ± 0.000274
--------------------------------------------- Blocking Analysis ----------------------------------------------
nsample = 1000, max_block_size = 25, min_nblocks = 40
   B    NB    NS  Observable     Error    dError
   1  1000  1000    1.009139  0.000061  0.000001
   2   500  1000    1.009139  0.000081  0.000003
   3   333   999    1.009138  0.000095  0.000004
   4   250  1000    1.009139  0.000105  0.000005
   5   200  1000    1.009138  0.000115  0.000006
   6   166   996    1.009132  0.000120  0.000007
   7   142   994    1.009130  0.000128  0.000008
   8   125  1000    1.009138  0.000130  0.000008
   9   111   999    1.009137  0.000136  0.000009
  10   100  1000    1.009138  0.000140  0.000010
  11    90   990    1.009137  0.000145  0.000011
  12    83   996    1.009132  0.000149  0.000012
  13    76   988    1.009137  0.000150  0.000012
  14    71   994    1.009130  0.000148  0.000013
  15    66   990    1.009137  0.000155  0.000014
  16    62   992    1.009132  0.000150  0.000014
  17    58   986    1.009137  0.000154  0.000014
  18    55   990    1.009136  0.000158  0.000015
  19    52   988    1.009137  0.000156  0.000015
  20    50  1000    1.009138  0.000153  0.000015
  21    47   987    1.009137  0.000151  0.000016
  22    45   990    1.009137  0.000164  0.000017
  23    43   989    1.009138  0.000171  0.000019
  24    41   984    1.009132  0.000171  0.000019
  25    40  1000    1.009138  0.000161  0.000018
Fit (variance): plateau_var = 2.731e-08 ± 2.326e-09
Fit (error):    plateau = 0.000165 ± 0.000007
     autocorrelation length ~ 8.0 blocks
     plateau reached at block size ~ 37
     !!!Failed to reach plateau in blocking
     Return max block error
nclean = 1000, max_block_size = 25, min_nblocks = 40
Blk_SZ   NBlk   NSmp      Energy     Error    dError
     1   1000   1000  -435.603961  0.000274  0.000006
     2    500   1000  -435.603991  0.000313  0.000010
     3    333    999  -435.604017  0.000295  0.000011
     4    250   1000  -435.604028  0.000323  0.000014
     5    200   1000  -435.604042  0.000329  0.000016
     6    166    996  -435.604045  0.000321  0.000018
     7    142    994  -435.604063  0.000343  0.000020
     8    125   1000  -435.604062  0.000330  0.000021
     9    111    999  -435.604071  0.000303  0.000020
    10    100   1000  -435.604076  0.000328  0.000023
    11     90    990  -435.604113  0.000332  0.000025
    12     83    996  -435.604078  0.000318  0.000025
    13     76    988  -435.604122  0.000297  0.000024
    14     71    994  -435.604094  0.000344  0.000029
    15     66    990  -435.604128  0.000327  0.000029
    16     62    992  -435.604110  0.000309  0.000028
    17     58    986  -435.604124  0.000291  0.000027
    18     55    990  -435.604142  0.000308  0.000030
    19     52    988  -435.604134  0.000296  0.000029
    20     50   1000  -435.604107  0.000298  0.000030
    21     47    987  -435.604143  0.000323  0.000034
    22     45    990  -435.604141  0.000320  0.000034
    23     43    989  -435.604150  0.000279  0.000030
    24     41    984  -435.604144  0.000330  0.000037
    25     40   1000  -435.604115  0.000256  0.000029
Fit (variance): plateau_var = 9.732549e-08 ± 2.898799e-09
Fit (error):    plateau = 0.000312 ± 0.000005
     autocorrelation length ~ 0.1 blocks
     plateau reached at block size ~ 2
Final AFQMC/pt2CCSD overlap ratio: 1.009139 ± 0.000171
Final AFQMC/pt2CCSD energy: -435.604166 ± 0.000312
Total run time: 104.91
------------------------------------------ AFQMC Sampling Finished -------------------------------------------
