------------------------------------------- AFQMC Sampling Started -------------------------------------------
Hostname: gpua016.delta.ncsa.illinois.edu
System Type: Linux
Machine Type: x86_64
Processor: x86_64
Using GPU.
System: Linux
Node Name: gpua016.delta.ncsa.illinois.edu
Release: 5.14.0-427.91.1.el9_4.x86_64
Version: #1 SMP PREEMPT_DYNAMIC Wed Sep 17 10:08:59 EDT 2025
Machine: x86_64
Processor: x86_64
Decomposing Unrestricted T2 amplitudes
Throw 0 vectors in T2 deomposition
SVD cutoff = 1.00e-08 | error = 2.44e-15
number of T2 decomposition vectors 1664
norb: 77
nelec: (13, 13)
n_eql: 120
n_blocks: 1000
n_walkers: 300
dt: 0.005
max_error: 0.0
seed: 17
walker_type: uhf
trial: uccsd_pt2
free_projection: False
use_gpu: True
n_exp_terms: 6
n_prop_steps: 50
save_walkers: False
n_batch: 1
nchol_chunk: 100
mix_precision: True
initial AFQMC/pt2CCSD Energy is -193.456114
Propagating with 300 walkers
----------------------------------------------- Equilibration ------------------------------------------------
inv_T        weight  killW        energy   runTime
 0.00    300.000000      0   -192.791506     12.74
 3.00    309.019020      0   -193.451865     20.62
 6.00    310.055338      0   -193.474139     22.66
 9.00    309.818134      0   -193.467634     24.70
12.00    309.571421      0   -193.482811     26.74
15.00    309.725786      0   -193.507883     28.78
18.00    309.282536      0   -193.466845     30.82
21.00    309.903586      0   -193.472534     32.86
24.00    309.471980      0   -193.471076     34.95
27.00    308.720923      0   -193.464725     36.99
30.00    309.455360      0   -193.486806     39.03
---------------------------------------------- Sampling Blocks -----------------------------------------------
blocks        weight  killW       E_Guide     error       E_Trial     error     olp_T/G     error  Walltime
    20    309.662674      0   -193.493986  0.005161   -193.486072  0.001000    1.084346  0.000723   60.19
    40    308.539192      0   -193.490561  0.004520   -193.485375  0.000777    1.085833  0.000967   75.10
    60    307.632254      0   -193.491691  0.003218   -193.485265  0.000689    1.085210  0.000808   90.02
    80    306.813573      0   -193.492745  0.002917   -193.486021  0.000603    1.085703  0.000680  104.97
   100    306.079460      0   -193.491497  0.002743   -193.486189  0.000574    1.085762  0.000535  119.90
   120    305.440420      1   -193.489328  0.002806   -193.485773  0.000516    1.086213  0.000544  134.83
   140    304.923141      1   -193.491097  0.002655   -193.485750  0.000475    1.085906  0.000530  149.73
   160    304.478102      1   -193.493270  0.003098   -193.485874  0.000460    1.085694  0.000496  164.66
   180    304.055091      1   -193.492005  0.002815   -193.485738  0.000432    1.085640  0.000443  179.57
   200    303.687192      1   -193.492469  0.002575   -193.485696  0.000403    1.085757  0.000421  194.50
   220    303.365298      1   -193.492355  0.002390   -193.485760  0.000388    1.085866  0.000414  209.41
   240    303.074928      1   -193.491906  0.002396   -193.485548  0.000372    1.085990  0.000389  224.38
   260    302.822065      2   -193.492408  0.002245   -193.485518  0.000354    1.085921  0.000362  239.29
   280    302.585378      3   -193.492757  0.002070   -193.485832  0.000353    1.085795  0.000348  254.20
   300    302.372984      3   -193.492807  0.001979   -193.485838  0.000346    1.085811  0.000325  269.11
   320    302.181845      3   -193.492214  0.001898   -193.485761  0.000332    1.085687  0.000324  284.02
   340    302.006115      4   -193.492116  0.001864   -193.485807  0.000321    1.085526  0.000327  298.93
   360    301.833139      4   -193.490862  0.001912   -193.485649  0.000312    1.085565  0.000311  316.07
   380    301.682279      4   -193.490542  0.001863   -193.485609  0.000302    1.085747  0.000322  330.98
   400    301.554538      4   -193.490119  0.001823   -193.485708  0.000301    1.085773  0.000308  345.91
   420    301.433561      5   -193.490133  0.001760   -193.485773  0.000298    1.085668  0.000303  360.83
   440    301.331548      5   -193.490674  0.001761   -193.485963  0.000316    1.085448  0.000364  375.74
   460    301.226522      5   -193.490086  0.001721   -193.485907  0.000308    1.085532  0.000355  390.76
   480    301.127544      5   -193.490190  0.001759   -193.486022  0.000305    1.085499  0.000350  405.71
   500    301.049655      6   -193.490759  0.001805   -193.486080  0.000298    1.085441  0.000338  420.62
   520    300.978598      6   -193.491128  0.001801   -193.486114  0.000292    1.085408  0.000325  435.55
   540    300.904815      6   -193.491250  0.001762   -193.486089  0.000286    1.085338  0.000316  450.48
   560    300.838739      6   -193.491345  0.001704   -193.486116  0.000281    1.085373  0.000310  465.43
   580    300.772498      6   -193.491371  0.001665   -193.486176  0.000276    1.085448  0.000311  480.35
   600    300.710195      6   -193.491165  0.001599   -193.486139  0.000270    1.085511  0.000310  495.26
   620    300.655677      7   -193.491410  0.001587   -193.486155  0.000265    1.085566  0.000304  510.17
   640    300.603087      7   -193.491609  0.001545   -193.486125  0.000259    1.085609  0.000311  525.11
   660    300.552402      7   -193.491639  0.001513   -193.486048  0.000253    1.085574  0.000307  540.02
   680    300.501919      7   -193.491121  0.001553   -193.486014  0.000248    1.085706  0.000311  554.93
   700    300.456660      7   -193.491033  0.001517   -193.485951  0.000243    1.085840  0.000330  569.84
   720    300.417124      7   -193.490961  0.001517   -193.485958  0.000244    1.085916  0.000331  584.77
   740    300.378544      7   -193.490873  0.001481   -193.485960  0.000241    1.085933  0.000325  599.69
   760    300.342791      7   -193.490936  0.001447   -193.485978  0.000238    1.085941  0.000318  614.61
   780    300.308453      7   -193.491144  0.001447   -193.485921  0.000236    1.085967  0.000311  629.52
   800    300.273348      7   -193.490992  0.001407   -193.485938  0.000233    1.086008  0.000321  644.46
   820    300.238704      7   -193.490813  0.001380   -193.485908  0.000229    1.086080  0.000321  659.38
   840    300.204295      7   -193.490595  0.001362   -193.485935  0.000226    1.086144  0.000333  674.29
   860    300.172251      7   -193.490522  0.001362   -193.485913  0.000223    1.086108  0.000333  689.21
   880    300.141750      7   -193.490304  0.001350   -193.485920  0.000221    1.086104  0.000327  704.14
   900    300.120429      7   -193.490678  0.001347   -193.486021  0.000223    1.086063  0.000325  719.06
   920    300.094839      7   -193.490631  0.001368   -193.486001  0.000219    1.086072  0.000321  733.99
   940    300.067108      7   -193.490606  0.001356   -193.486035  0.000218    1.086058  0.000314  748.91
   960    300.038835      7   -193.490272  0.001323   -193.486000  0.000215    1.086071  0.000306  763.85
   980    300.015441      7   -193.490167  0.001325   -193.486041  0.000213    1.086078  0.000300  778.77
  1000    299.997234      7   -193.490169  0.001295   -193.486050  0.000212    1.086118  0.000296  793.69
---------------------------------------------- Post Propagation ----------------------------------------------
Total number of samples 1000
Raw AFQMC/HF (Guide) energy:           -193.490169 ± 0.001295
Raw Trial/Guide overlap ratio:          1.086118 ± 0.000296
Raw AFQMC/pt2CCSD energy (covariance): -193.486050 ± 0.000212
Raw AFQMC/pt2CCSD energy (dir sample): -193.486050 ± 0.000182
--------------------------------------------- Clean Obeservation ---------------------------------------------
removing energies outside zeta > 30
Outlier energy bound [-193.646779, -193.323778]
Removed 0 outliers with energies []
Clean AFQMC/pt2CCSD overlap ratio:        1.086118 ± 0.000296
Clean AFQMC/pt2CCSD energy (covariance): -193.486050 ± 0.000212
Clean AFQMC/ptCCSD energy (dir sample):  -193.486050 ± 0.000182
--------------------------------------------- Blocking Analysis ----------------------------------------------
nsample = 1000, max_block_size = 25, min_nblocks = 40
   B    NB    NS  Observable     Error    dError
   1  1000  1000    1.086121  0.000094  0.000002
   2   500  1000    1.086121  0.000125  0.000004
   3   333   999    1.086118  0.000147  0.000006
   4   250  1000    1.086120  0.000167  0.000007
   5   200  1000    1.086120  0.000181  0.000009
   6   166   996    1.086106  0.000194  0.000011
   7   142   994    1.086100  0.000209  0.000012
   8   125  1000    1.086120  0.000214  0.000014
   9   111   999    1.086118  0.000216  0.000015
  10   100  1000    1.086120  0.000229  0.000016
  11    90   990    1.086085  0.000241  0.000018
  12    83   996    1.086105  0.000236  0.000018
  13    76   988    1.086080  0.000244  0.000020
  14    71   994    1.086100  0.000250  0.000021
  15    66   990    1.086085  0.000253  0.000022
  16    62   992    1.086092  0.000263  0.000024
  17    58   986    1.086077  0.000265  0.000025
  18    55   990    1.086085  0.000258  0.000025
  19    52   988    1.086080  0.000268  0.000027
  20    50  1000    1.086120  0.000276  0.000028
  21    47   987    1.086079  0.000292  0.000030
  22    45   990    1.086085  0.000296  0.000032
  23    43   989    1.086081  0.000293  0.000032
  24    41   984    1.086076  0.000281  0.000031
  25    40  1000    1.086120  0.000286  0.000032
Fit (variance): plateau_var = 9.215e-08 ± 1.139e-08
Fit (error):    plateau = 0.000304 ± 0.000019
     autocorrelation length ~ 11.9 blocks
     plateau reached at block size ~ 55
     !!!Failed to reach plateau in blocking
     Return max block error
nclean = 1000, max_block_size = 25, min_nblocks = 40
Blk_SZ   NBlk   NSmp      Energy     Error    dError
     1   1000   1000  -193.485851  0.000182  0.000004
     2    500   1000  -193.485894  0.000205  0.000006
     3    333    999  -193.485912  0.000211  0.000008
     4    250   1000  -193.485934  0.000217  0.000010
     5    200   1000  -193.485950  0.000238  0.000012
     6    166    996  -193.485966  0.000234  0.000013
     7    142    994  -193.485974  0.000229  0.000014
     8    125   1000  -193.485972  0.000224  0.000014
     9    111    999  -193.485977  0.000249  0.000017
    10    100   1000  -193.485984  0.000241  0.000017
    11     90    990  -193.486025  0.000232  0.000017
    12     83    996  -193.486000  0.000242  0.000019
    13     76    988  -193.486027  0.000248  0.000020
    14     71    994  -193.486014  0.000219  0.000019
    15     66    990  -193.486037  0.000234  0.000021
    16     62    992  -193.486026  0.000230  0.000021
    17     58    986  -193.486006  0.000262  0.000025
    18     55    990  -193.486047  0.000275  0.000026
    19     52    988  -193.486042  0.000241  0.000024
    20     50   1000  -193.486010  0.000244  0.000025
    21     47    987  -193.486034  0.000269  0.000028
    22     45    990  -193.486051  0.000243  0.000026
    23     43    989  -193.486055  0.000246  0.000027
    24     41    984  -193.486022  0.000251  0.000028
    25     40   1000  -193.486014  0.000221  0.000025
Fit (variance): plateau_var = 5.763206e-08 ± 2.653866e-09
Fit (error):    plateau = 0.000240 ± 0.000006
     autocorrelation length ~ 2.8 blocks
     plateau reached at block size ~ 12
Final AFQMC/pt2CCSD overlap ratio: 1.086118 ± 0.000296
Final AFQMC/pt2CCSD energy: -193.486050 ± 0.000240
Total run time: 803.09
------------------------------------------ AFQMC Sampling Finished -------------------------------------------
