------------------------------------------- AFQMC Sampling Started -------------------------------------------
Hostname: gpua016.delta.ncsa.illinois.edu
System Type: Linux
Machine Type: x86_64
Processor: x86_64
Using GPU.
System: Linux
Node Name: gpua016.delta.ncsa.illinois.edu
Release: 5.14.0-427.91.1.el9_4.x86_64
Version: #1 SMP PREEMPT_DYNAMIC Wed Sep 17 10:08:59 EDT 2025
Machine: x86_64
Processor: x86_64
Decomposing Unrestricted T2 amplitudes
Throw 0 vectors in T2 deomposition
SVD cutoff = 1.00e-08 | error = 2.86e-15
number of T2 decomposition vectors 820
norb: 51
nelec: (10, 10)
n_eql: 120
n_blocks: 1000
n_walkers: 300
dt: 0.005
max_error: 0.0
seed: 17
walker_type: uhf
trial: uccsd_pt2
free_projection: False
use_gpu: True
n_exp_terms: 6
n_prop_steps: 50
save_walkers: False
n_batch: 1
nchol_chunk: 100
mix_precision: True
initial AFQMC/pt2CCSD Energy is -154.541271
Propagating with 300 walkers
----------------------------------------------- Equilibration ------------------------------------------------
inv_T        weight  killW        energy   runTime
 0.00    300.000000      0   -154.065238     11.71
 3.00    307.264100      0   -154.543325     18.34
 6.00    306.897912      0   -154.581992     19.41
 9.00    305.895653      0   -154.534159     20.49
12.00    306.978266      0   -154.554995     21.56
15.00    306.678039      0   -154.550530     22.63
18.00    307.272283      0   -154.565909     23.71
21.00    306.591936      0   -154.565924     24.78
24.00    307.036600      0   -154.582698     25.85
27.00    306.828249      0   -154.563895     26.93
30.00    306.455259      0   -154.552720     28.00
---------------------------------------------- Sampling Blocks -----------------------------------------------
blocks        weight  killW       E_Guide     error       E_Trial     error     olp_T/G     error  Walltime
    20    306.822816      0   -154.559697  0.007924   -154.552676  0.001271    1.001410  0.000244   38.48
    40    306.044323      0   -154.554782  0.005281   -154.552163  0.000730    1.001571  0.000160   43.29
    60    305.380015      0   -154.555845  0.003458   -154.552559  0.000566    1.001485  0.000118   48.10
    80    304.842973      0   -154.557520  0.002838   -154.552512  0.000448    1.001614  0.000121   52.92
   100    304.356509      0   -154.556109  0.002655   -154.552351  0.000382    1.001637  0.000100   57.76
   120    303.917448      0   -154.556303  0.002576   -154.552656  0.000368    1.001626  0.000088   62.57
   140    303.523725      0   -154.555630  0.002339   -154.552541  0.000326    1.001643  0.000078   67.39
   160    303.170989      0   -154.554798  0.002216   -154.552574  0.000299    1.001663  0.000069   72.21
   180    302.880707      0   -154.555493  0.002026   -154.552492  0.000278    1.001639  0.000064   77.02
   200    302.606579      0   -154.554636  0.001959   -154.552454  0.000263    1.001638  0.000058   81.82
   220    302.367744      0   -154.553913  0.001895   -154.552368  0.000247    1.001652  0.000055   86.64
   240    302.151412      0   -154.553911  0.001779   -154.552430  0.000237    1.001667  0.000053   91.45
   260    301.958863      0   -154.553148  0.001705   -154.552405  0.000223    1.001687  0.000051   96.25
   280    301.794482      0   -154.553142  0.001601   -154.552415  0.000213    1.001677  0.000048  101.06
   300    301.659864      0   -154.553370  0.001546   -154.552542  0.000217    1.001680  0.000045  105.86
   320    301.535633      0   -154.553797  0.001636   -154.552570  0.000212    1.001672  0.000043  110.67
   340    301.411862      0   -154.553510  0.001573   -154.552532  0.000202    1.001678  0.000042  115.49
   360    301.303569      0   -154.554206  0.001563   -154.552557  0.000194    1.001671  0.000040  120.40
   380    301.208745      0   -154.554407  0.001529   -154.552573  0.000193    1.001651  0.000040  125.21
   400    301.124623      0   -154.554839  0.001506   -154.552585  0.000187    1.001651  0.000039  130.03
   420    301.047373      0   -154.555450  0.001646   -154.552495  0.000203    1.001644  0.000038  134.84
   440    300.974924      0   -154.555797  0.001608   -154.552495  0.000197    1.001629  0.000039  139.66
   460    300.905792      0   -154.555714  0.001538   -154.552508  0.000190    1.001617  0.000038  144.47
   480    300.840090      0   -154.555339  0.001590   -154.552488  0.000184    1.001633  0.000040  149.28
   500    300.785946      0   -154.555423  0.001552   -154.552544  0.000180    1.001633  0.000040  154.10
   520    300.735129      0   -154.555434  0.001479   -154.552597  0.000179    1.001633  0.000039  158.91
   540    300.681511      0   -154.555517  0.001425   -154.552673  0.000178    1.001643  0.000039  163.73
   560    300.640556      0   -154.556272  0.001459   -154.552701  0.000175    1.001628  0.000039  168.54
   580    300.594275      0   -154.556194  0.001414   -154.552661  0.000170    1.001629  0.000038  173.35
   600    300.549180      0   -154.556222  0.001364   -154.552661  0.000168    1.001639  0.000038  178.23
   620    300.515763      0   -154.556248  0.001354   -154.552656  0.000165    1.001643  0.000037  183.03
   640    300.481195      0   -154.556358  0.001313   -154.552653  0.000161    1.001635  0.000036  187.84
   660    300.446456      0   -154.556321  0.001267   -154.552646  0.000158    1.001615  0.000039  192.65
   680    300.407512      0   -154.556056  0.001307   -154.552648  0.000156    1.001612  0.000040  197.46
   700    300.377116      0   -154.556064  0.001275   -154.552630  0.000152    1.001609  0.000039  202.27
   720    300.348709      0   -154.555907  0.001254   -154.552593  0.000149    1.001615  0.000038  207.09
   740    300.318212      0   -154.555655  0.001239   -154.552613  0.000148    1.001612  0.000038  211.90
   760    300.293244      0   -154.555873  0.001212   -154.552627  0.000145    1.001622  0.000039  216.71
   780    300.265697      0   -154.555756  0.001185   -154.552612  0.000143    1.001629  0.000038  221.52
   800    300.237920      0   -154.555788  0.001141   -154.552615  0.000141    1.001629  0.000037  226.33
   820    300.215241      0   -154.555583  0.001125   -154.552594  0.000138    1.001624  0.000037  231.15
   840    300.194522      0   -154.555543  0.001109   -154.552600  0.000136    1.001627  0.000036  235.96
   860    300.173387      0   -154.555565  0.001087   -154.552634  0.000136    1.001626  0.000036  240.85
   880    300.153989      0   -154.555390  0.001065   -154.552622  0.000134    1.001625  0.000035  245.66
   900    300.131797      0   -154.555235  0.001048   -154.552615  0.000132    1.001633  0.000035  250.47
   920    300.117116      0   -154.555273  0.001024   -154.552607  0.000130    1.001644  0.000036  255.28
   940    300.096536      0   -154.555127  0.001018   -154.552595  0.000128    1.001656  0.000036  260.10
   960    300.082953      0   -154.555314  0.001068   -154.552613  0.000126    1.001642  0.000040  264.91
   980    300.072273      0   -154.555418  0.001068   -154.552592  0.000125    1.001636  0.000040  269.73
  1000    300.058204      0   -154.555408  0.001042   -154.552588  0.000124    1.001637  0.000039  274.54
---------------------------------------------- Post Propagation ----------------------------------------------
Total number of samples 1000
Raw AFQMC/HF (Guide) energy:           -154.555408 ± 0.001042
Raw Trial/Guide overlap ratio:          1.001637 ± 0.000039
Raw AFQMC/pt2CCSD energy (covariance): -154.552588 ± 0.000124
Raw AFQMC/pt2CCSD energy (dir sample): -154.552588 ± 0.000116
--------------------------------------------- Clean Obeservation ---------------------------------------------
removing energies outside zeta > 30
Outlier energy bound [-154.633254, -154.470804]
Removed 0 outliers with energies []
Clean AFQMC/pt2CCSD overlap ratio:        1.001637 ± 0.000039
Clean AFQMC/pt2CCSD energy (covariance): -154.552588 ± 0.000124
Clean AFQMC/ptCCSD energy (dir sample):  -154.552588 ± 0.000116
--------------------------------------------- Blocking Analysis ----------------------------------------------
nsample = 1000, max_block_size = 25, min_nblocks = 40
   B    NB    NS  Observable     Error    dError
   1  1000  1000    1.001637  0.000013  0.000000
   2   500  1000    1.001637  0.000018  0.000001
   3   333   999    1.001637  0.000021  0.000001
   4   250  1000    1.001637  0.000023  0.000001
   5   200  1000    1.001637  0.000025  0.000001
   6   166   996    1.001638  0.000026  0.000001
   7   142   994    1.001638  0.000028  0.000002
   8   125  1000    1.001637  0.000029  0.000002
   9   111   999    1.001637  0.000029  0.000002
  10   100  1000    1.001637  0.000031  0.000002
  11    90   990    1.001638  0.000032  0.000002
  12    83   996    1.001638  0.000033  0.000003
  13    76   988    1.001638  0.000034  0.000003
  14    71   994    1.001638  0.000034  0.000003
  15    66   990    1.001638  0.000036  0.000003
  16    62   992    1.001638  0.000035  0.000003
  17    58   986    1.001637  0.000035  0.000003
  18    55   990    1.001638  0.000036  0.000003
  19    52   988    1.001638  0.000035  0.000003
  20    50  1000    1.001637  0.000037  0.000004
  21    47   987    1.001638  0.000037  0.000004
  22    45   990    1.001638  0.000036  0.000004
  23    43   989    1.001638  0.000038  0.000004
  24    41   984    1.001637  0.000039  0.000004
  25    40  1000    1.001637  0.000031  0.000003
Fit (variance): plateau_var = 1.410e-09 ± 1.282e-10
Fit (error):    plateau = 0.000038 ± 0.000002
     autocorrelation length ~ 8.7 blocks
     plateau reached at block size ~ 41
     !!!Failed to reach plateau in blocking
     Return max block error
nclean = 1000, max_block_size = 25, min_nblocks = 40
Blk_SZ   NBlk   NSmp      Energy     Error    dError
     1   1000   1000  -154.552481  0.000116  0.000003
     2    500   1000  -154.552511  0.000124  0.000004
     3    333    999  -154.552515  0.000120  0.000005
     4    250   1000  -154.552534  0.000128  0.000006
     5    200   1000  -154.552542  0.000132  0.000007
     6    166    996  -154.552532  0.000122  0.000007
     7    142    994  -154.552540  0.000131  0.000008
     8    125   1000  -154.552551  0.000131  0.000008
     9    111    999  -154.552548  0.000122  0.000008
    10    100   1000  -154.552557  0.000139  0.000010
    11     90    990  -154.552555  0.000136  0.000010
    12     83    996  -154.552545  0.000133  0.000010
    13     76    988  -154.552554  0.000129  0.000011
    14     71    994  -154.552555  0.000123  0.000010
    15     66    990  -154.552561  0.000128  0.000011
    16     62    992  -154.552561  0.000134  0.000012
    17     58    986  -154.552561  0.000127  0.000012
    18     55    990  -154.552561  0.000128  0.000012
    19     52    988  -154.552564  0.000124  0.000012
    20     50   1000  -154.552573  0.000119  0.000012
    21     47    987  -154.552566  0.000129  0.000013
    22     45    990  -154.552567  0.000127  0.000014
    23     43    989  -154.552565  0.000124  0.000014
    24     41    984  -154.552569  0.000134  0.000015
    25     40   1000  -154.552580  0.000110  0.000012
Fit (variance): plateau_var = 1.624808e-08 ± 6.158858e-10
Fit (error):    plateau = 0.000127 ± 0.000002
     autocorrelation length ~ 1.6 blocks
     plateau reached at block size ~ 6
Final AFQMC/pt2CCSD overlap ratio: 1.001637 ± 0.000039
Final AFQMC/pt2CCSD energy: -154.552588 ± 0.000127
Total run time: 283.94
------------------------------------------ AFQMC Sampling Finished -------------------------------------------
