------------------------------------------- AFQMC Sampling Started -------------------------------------------
Hostname: gpua016.delta.ncsa.illinois.edu
System Type: Linux
Machine Type: x86_64
Processor: x86_64
Using GPU.
System: Linux
Node Name: gpua016.delta.ncsa.illinois.edu
Release: 5.14.0-427.91.1.el9_4.x86_64
Version: #1 SMP PREEMPT_DYNAMIC Wed Sep 17 10:08:59 EDT 2025
Machine: x86_64
Processor: x86_64
Decomposing Unrestricted T2 amplitudes
Throw 0 vectors in T2 deomposition
SVD cutoff = 1.00e-08 | error = 2.41e-15
number of T2 decomposition vectors 960
norb: 52
nelec: (12, 12)
n_eql: 120
n_blocks: 1000
n_walkers: 300
dt: 0.005
max_error: 0.0
seed: 17
walker_type: uhf
trial: uccsd_pt2
free_projection: False
use_gpu: True
n_exp_terms: 6
n_prop_steps: 50
save_walkers: False
n_batch: 1
nchol_chunk: 100
mix_precision: True
initial AFQMC/pt2CCSD Energy is -312.314068
Propagating with 300 walkers
----------------------------------------------- Equilibration ------------------------------------------------
inv_T        weight  killW        energy   runTime
 0.00    300.000000      0   -311.633960     22.08
 3.00    310.689061      0   -312.343700     29.10
 6.00    310.082115      0   -312.351996     30.31
 9.00    309.108679      0   -312.286831     31.51
12.00    309.339261      0   -312.299525     32.71
15.00    310.148035      0   -312.344007     33.92
18.00    309.686998      0   -312.335683     35.13
21.00    309.662742      0   -312.325206     36.33
24.00    309.282067      0   -312.326376     37.54
27.00    310.501401      0   -312.341775     38.74
30.00    309.085374      0   -312.331695     39.95
---------------------------------------------- Sampling Blocks -----------------------------------------------
blocks        weight  killW       E_Guide     error       E_Trial     error     olp_T/G     error  Walltime
    20    309.560116      0   -312.331690  0.012034   -312.331711  0.001636    1.005619  0.000632   51.03
    40    308.588385      0   -312.330936  0.007926   -312.331747  0.000988    1.005562  0.000566   56.20
    60    307.664682      0   -312.332489  0.006607   -312.331239  0.000773    1.005548  0.000378   61.36
    80    306.921199      0   -312.333449  0.004829   -312.330845  0.000647    1.005509  0.000294   66.53
   100    306.254311      0   -312.335180  0.004261   -312.331372  0.000622    1.005726  0.000266   71.70
   120    305.683946      0   -312.335111  0.003512   -312.331077  0.000564    1.005735  0.000230   76.87
   140    305.138664      0   -312.334423  0.003256   -312.331426  0.000526    1.005765  0.000205   82.03
   160    304.687892      0   -312.334281  0.003373   -312.331277  0.000477    1.005896  0.000203   87.20
   180    304.236353      0   -312.332417  0.003364   -312.331212  0.000448    1.005980  0.000183   92.36
   200    303.874157      1   -312.330793  0.003187   -312.331338  0.000449    1.005993  0.000166   97.53
   220    303.579864      1   -312.330072  0.002963   -312.331153  0.000423    1.006088  0.000161  102.69
   240    303.295788      2   -312.331373  0.002978   -312.331445  0.000422    1.006078  0.000160  107.88
   260    303.040644      2   -312.332805  0.002961   -312.332104  0.000654    1.006054  0.000151  113.04
   280    302.805264      2   -312.332914  0.002895   -312.332123  0.000615    1.006062  0.000136  118.21
   300    302.608267      2   -312.333124  0.002720   -312.332208  0.000586    1.006062  0.000131  123.38
   320    302.440682      2   -312.333518  0.002579   -312.332187  0.000558    1.006092  0.000125  128.55
   340    302.267997      2   -312.333144  0.002439   -312.332109  0.000528    1.006129  0.000124  133.72
   360    302.106412      2   -312.333106  0.002263   -312.332106  0.000503    1.006142  0.000116  138.88
   380    301.959358      2   -312.332608  0.002216   -312.332024  0.000481    1.006161  0.000111  144.05
   400    301.831179      2   -312.332722  0.002125   -312.331874  0.000470    1.006218  0.000112  149.21
   420    301.726426      2   -312.332709  0.002085   -312.331832  0.000458    1.006194  0.000109  154.38
   440    301.610393      2   -312.332677  0.002014   -312.331756  0.000441    1.006211  0.000110  159.54
   460    301.519094      2   -312.333208  0.001975   -312.331732  0.000431    1.006199  0.000107  164.74
   480    301.430258      2   -312.333850  0.002002   -312.331908  0.000426    1.006178  0.000115  169.91
   500    301.351708      2   -312.334510  0.001942   -312.331994  0.000414    1.006208  0.000118  175.06
   520    301.278810      2   -312.335253  0.002036   -312.332102  0.000403    1.006211  0.000113  180.22
   540    301.208883      2   -312.335588  0.001987   -312.332230  0.000401    1.006177  0.000111  185.38
   560    301.142712      2   -312.335772  0.001958   -312.332289  0.000390    1.006164  0.000109  190.54
   580    301.086883      2   -312.336418  0.001978   -312.332408  0.000392    1.006171  0.000106  195.71
   600    301.030304      2   -312.336940  0.002026   -312.332549  0.000444    1.006133  0.000104  200.87
   620    300.976416      2   -312.336742  0.001977   -312.332510  0.000432    1.006122  0.000103  206.04
   640    300.928874      2   -312.336817  0.001953   -312.332491  0.000421    1.006140  0.000101  211.21
   660    300.877089      2   -312.336388  0.001938   -312.332472  0.000410    1.006119  0.000098  216.37
   680    300.827436      2   -312.336364  0.001946   -312.332449  0.000401    1.006084  0.000101  221.54
   700    300.788193      2   -312.336332  0.001902   -312.332526  0.000394    1.006060  0.000099  226.73
   720    300.742326      2   -312.336246  0.001865   -312.332524  0.000385    1.006052  0.000097  231.90
   740    300.698347      2   -312.336178  0.001849   -312.332524  0.000379    1.006055  0.000096  237.07
   760    300.660839      2   -312.336296  0.001816   -312.332501  0.000373    1.006073  0.000098  242.23
   780    300.631053      2   -312.336484  0.001783   -312.332562  0.000365    1.006063  0.000096  247.38
   800    300.594016      2   -312.336256  0.001717   -312.332552  0.000358    1.006079  0.000095  252.55
   820    300.564605      4   -312.336531  0.001689   -312.332519  0.000351    1.006092  0.000094  257.70
   840    300.533610      5   -312.336525  0.001656   -312.332556  0.000346    1.006079  0.000092  262.86
   860    300.506072      5   -312.336685  0.001632   -312.332588  0.000341    1.006068  0.000091  268.01
   880    300.471247      5   -312.336729  0.001608   -312.332559  0.000334    1.006077  0.000089  273.17
   900    300.443561      5   -312.336755  0.001593   -312.332524  0.000330    1.006090  0.000090  278.33
   920    300.427244      5   -312.337083  0.001566   -312.332615  0.000326    1.006090  0.000088  283.51
   940    300.402331      6   -312.336983  0.001554   -312.332583  0.000320    1.006093  0.000086  288.68
   960    300.377821      6   -312.336819  0.001518   -312.332622  0.000316    1.006107  0.000085  293.84
   980    300.363668      6   -312.337219  0.001491   -312.332645  0.000311    1.006078  0.000085  298.99
  1000    300.335267      6   -312.337158  0.001529   -312.332616  0.000306    1.006068  0.000093  304.15
---------------------------------------------- Post Propagation ----------------------------------------------
Total number of samples 1000
Raw AFQMC/HF (Guide) energy:           -312.337158 ± 0.001529
Raw Trial/Guide overlap ratio:          1.006068 ± 0.000093
Raw AFQMC/pt2CCSD energy (covariance): -312.332616 ± 0.000306
Raw AFQMC/pt2CCSD energy (dir sample): -312.332616 ± 0.000235
--------------------------------------------- Clean Obeservation ---------------------------------------------
removing energies outside zeta > 30
Outlier energy bound [-312.493696, -312.168671]
Removed 0 outliers with energies []
Clean AFQMC/pt2CCSD overlap ratio:        1.006068 ± 0.000093
Clean AFQMC/pt2CCSD energy (covariance): -312.332616 ± 0.000306
Clean AFQMC/ptCCSD energy (dir sample):  -312.332616 ± 0.000235
--------------------------------------------- Blocking Analysis ----------------------------------------------
nsample = 1000, max_block_size = 25, min_nblocks = 40
   B    NB    NS  Observable     Error    dError
   1  1000  1000    1.006069  0.000035  0.000001
   2   500  1000    1.006069  0.000045  0.000001
   3   333   999    1.006068  0.000052  0.000002
   4   250  1000    1.006069  0.000057  0.000003
   5   200  1000    1.006069  0.000060  0.000003
   6   166   996    1.006070  0.000065  0.000004
   7   142   994    1.006070  0.000068  0.000004
   8   125  1000    1.006069  0.000069  0.000004
   9   111   999    1.006068  0.000073  0.000005
  10   100  1000    1.006069  0.000071  0.000005
  11    90   990    1.006074  0.000080  0.000006
  12    83   996    1.006070  0.000077  0.000006
  13    76   988    1.006076  0.000078  0.000006
  14    71   994    1.006070  0.000081  0.000007
  15    66   990    1.006074  0.000080  0.000007
  16    62   992    1.006072  0.000079  0.000007
  17    58   986    1.006075  0.000083  0.000008
  18    55   990    1.006074  0.000083  0.000008
  19    52   988    1.006076  0.000085  0.000008
  20    50  1000    1.006069  0.000084  0.000008
  21    47   987    1.006075  0.000081  0.000008
  22    45   990    1.006074  0.000079  0.000008
  23    43   989    1.006074  0.000080  0.000009
  24    41   984    1.006076  0.000087  0.000010
  25    40  1000    1.006069  0.000093  0.000011
Fit (variance): plateau_var = 7.265e-09 ± 5.761e-10
Fit (error):    plateau = 0.000085 ± 0.000003
     autocorrelation length ~ 7.2 blocks
     plateau reached at block size ~ 33
     !!!Failed to reach plateau in blocking
     Return max block error
nclean = 1000, max_block_size = 25, min_nblocks = 40
Blk_SZ   NBlk   NSmp      Energy     Error    dError
     1   1000   1000  -312.332417  0.000235  0.000005
     2    500   1000  -312.332474  0.000249  0.000008
     3    333    999  -312.332512  0.000268  0.000010
     4    250   1000  -312.332524  0.000270  0.000012
     5    200   1000  -312.332533  0.000288  0.000014
     6    166    996  -312.332557  0.000295  0.000016
     7    142    994  -312.332570  0.000295  0.000018
     8    125   1000  -312.332560  0.000287  0.000018
     9    111    999  -312.332562  0.000310  0.000021
    10    100   1000  -312.332568  0.000337  0.000024
    11     90    990  -312.332566  0.000334  0.000025
    12     83    996  -312.332581  0.000332  0.000026
    13     76    988  -312.332587  0.000321  0.000026
    14     71    994  -312.332598  0.000311  0.000026
    15     66    990  -312.332582  0.000314  0.000028
    16     62    992  -312.332596  0.000299  0.000027
    17     58    986  -312.332604  0.000325  0.000030
    18     55    990  -312.332596  0.000348  0.000034
    19     52    988  -312.332599  0.000316  0.000031
    20     50   1000  -312.332594  0.000316  0.000032
    21     47    987  -312.332609  0.000338  0.000035
    22     45    990  -312.332596  0.000322  0.000034
    23     43    989  -312.332596  0.000329  0.000036
    24     41    984  -312.332615  0.000331  0.000037
    25     40   1000  -312.332592  0.000358  0.000041
Fit (variance): plateau_var = 1.098988e-07 ± 8.630570e-09
Fit (error):    plateau = 0.000332 ± 0.000013
     autocorrelation length ~ 6.3 blocks
     plateau reached at block size ~ 26
     !!!Failed to reach plateau in blocking
     Return max block error
Final AFQMC/pt2CCSD overlap ratio: 1.006068 ± 0.000093
Final AFQMC/pt2CCSD energy: -312.332616 ± 0.000358
Total run time: 313.47
------------------------------------------ AFQMC Sampling Finished -------------------------------------------
