#INFO: **** input file is /projects/yizh8382/projects/w4_17/w4-17_all/pyscf_input/run_pyscf_vdzsd.py ****
import os
import glob
import numpy as np
from pyscf import gto, scf, cc

# basis = "ccpvdz"
xyz_dir = "../w4_17_xyz/closed_shell"
results_file = f"../result/closed_shell_rhf_sym_vdzsd.dat"
out_dir = "../result/molout/closed_shell"
os.makedirs(out_dir, exist_ok=True)

# Set to a list of molecule names to run only those, e.g. ["acetaldehyde", "benzene"]
# Set to None to run all molecules in xyz_dir
select_molecules = None
symmetry = True

def vdzsd(elem):
    if elem in ('H', 'He'):
        raw_basis = gto.basis.load('ccpvdz', elem)
        return [b for b in raw_basis if b[0] != 1]
    else:
        return gto.basis.load('ccpvdz', elem)

def get_vdzsd_basis(atoms):
    elems = {line.split()[0] for line in atoms.strip().splitlines() if line.strip()}
    basis_dict = {el: vdzsd(el) for el in elems}
    return basis_dict

all_xyz = sorted(glob.glob(os.path.join(xyz_dir, "*.xyz")))
if select_molecules is not None:
    select_set = set(select_molecules)
    xyz_files = [p for p in all_xyz if os.path.splitext(os.path.basename(p))[0] in select_set]
    missing = select_set - {os.path.splitext(os.path.basename(p))[0] for p in xyz_files}
    if missing:
        print(f"Warning: no .xyz file found for: {', '.join(sorted(missing))} in {xyz_dir}")
else:
    xyz_files = all_xyz

with open(results_file, "w") as out:
    out.write(f"{'Molecule':<16s} {'Charge':>6s} {'2S':>6s} {'frozen':>6s} "
              f"{'E_RHF (Eh)':>20s} {'E_CCSD (Eh)':>20s} {'E_CCSD(T) (Eh)':>20s}\n")
    out.write("-" * 100 + "\n")

for xyz_path in xyz_files:
    with open(xyz_path, "r") as f:
        lines = f.readlines()

    # Parse charge and multiplicity from second line: "name charge=X mult=Y"
    second_line = lines[1]
    charge = int(second_line.split("charge=")[1].split()[0])
    mult   = int(second_line.split("mult=")[1].split()[0])
    spin   = mult - 1   # PySCF spin input is 2S = mult - 1
    mol_name = second_line.split()[0]

    # Coordinates only (skip the atom count and comment lines)
    atoms = "".join(lines[2:])
    basis_dict = get_vdzsd_basis(atoms)

    print(f"\n{'='*60}")
    print(f"Running: {mol_name}  charge={charge}  spin={spin}")
    print(f"{'='*60}")
    
    mol = gto.M(
        atom=atoms,
        basis=basis_dict,
        verbose=4,
        output=os.path.join(out_dir, f"{mol_name}_sym_vdzsd.out"),
        unit="angstrom",
        symmetry=symmetry,
        charge=charge,
        spin=spin,
        max_memory=40000,
    )

    mf = scf.RHF(mol)
    mf.max_cycle = 200
    mf = mf.newton()
    mf.kernel()

    # Stability check loop — at most 10 attempts
    max_stability_cycles = 10
    stable = False
    for stability_iter in range(max_stability_cycles):
        mo_i, _, stable, _ = mf.stability(return_status=True)
        if stable:
            break
        dm = mf.make_rdm1(mo_i, mf.mo_occ)
        mf.kernel(dm0=dm)

    if not stable or not mf.converged:
        print(f"  !! SCF did not converge for {mol_name} — skipping.")
        with open(results_file, "a") as out:
            out.write(f"{mol_name:<16s} {charge:>6d} {spin:>6d} {'N/A':>6s} "
                      f"{'UNCONVERGED':>20s} {'UNCONVERGED':>20s} {'UNCONVERGED':>20s}\n")
        continue

    energy = mf.e_tot

    mycc = cc.CCSD(mf)
    mycc.set_frozen()
    mycc.kernel()
    e_ccsd = mycc.e_tot
    et = mycc.ccsd_t()
    e_ccsdt = e_ccsd + et
    frozen = mycc.frozen

    with open(results_file, "a") as out:
        out.write(f"{mol_name:<16s} {charge:>6d} {spin:>6d} {frozen:>6d} "
                  f"{energy:>20.10f} {e_ccsd:>20.10f} {e_ccsdt:>20.10f}\n")

    print(f"  => E_RHF({mol_name})     = {energy:.10f} Eh")
    print(f"  => E_CCSD({mol_name})    = {e_ccsd:.10f} Eh")
    print(f"  => E_CCSD(T)({mol_name}) = {e_ccsdt:.10f} Eh")

print(f"\nAll calculations complete. Results saved to {results_file}")
#INFO: ******************** input file end ********************


System: uname_result(system='Linux', node='bnode0309.rc.int.colorado.edu', release='4.18.0-477.27.1.el8_8.x86_64', version='#1 SMP Thu Aug 31 10:29:22 EDT 2023', machine='x86_64')  Threads 28
Python 3.10.2 | packaged by conda-forge | (main, Mar  8 2022, 15:52:01) [GCC 9.4.0]
numpy 2.0.2  scipy 1.14.1  h5py 3.12.1
Date: Thu May 14 09:57:14 2026
PySCF version 2.9.0
PySCF path  /projects/yizh8382/tools/lno_pyscf_gcc
GIT HEAD (branch master) 142756584ed3963728cc1f6823286f4605811a6c

[ENV] PYSCF_TMPDIR /scratch/alpine/yizh8382/pyscf
[ENV] PYSCF_EXT_PATH /home/yizh8382/tools/pyscf-forge
[CONFIG] conf_file None
[INPUT] verbose = 4
[INPUT] num. atoms = 4
[INPUT] num. electrons = 34
[INPUT] charge = 0
[INPUT] spin (= nelec alpha-beta = 2S) = 0
[INPUT] symmetry True subgroup None
[INPUT] Mole.unit = angstrom
[INPUT] Symbol           X                Y                Z      unit          X                Y                Z       unit  Magmom
[INPUT]  1 F      0.555710000000   1.384434000000  -0.493986000000 AA    1.050139704682   2.616201097536  -0.933498249369 Bohr   0.0
[INPUT]  2 O      0.555710000000   0.268181000000   0.555734000000 AA    1.050139704682   0.506788641812   1.050185058109 Bohr   0.0
[INPUT]  3 O     -0.555710000000  -0.268181000000   0.555734000000 AA   -1.050139704682  -0.506788641812   1.050185058109 Bohr   0.0
[INPUT]  4 F     -0.555710000000  -1.384434000000  -0.493986000000 AA   -1.050139704682  -2.616201097536  -0.933498249369 Bohr   0.0

nuclear repulsion = 125.38804905688
point group symmetry = C2
symmetry origin: [ 0.00000000e+00  0.00000000e+00 -2.22320721e-07]
symmetry axis x: [-4.40213954e-01 -8.97892908e-01 -5.84689990e-17]
symmetry axis y: [ 8.97892908e-01 -4.40213954e-01 -2.86658565e-17]
symmetry axis z: [ 0.00000000e+00 -6.51180096e-17  1.00000000e+00]
num. orbitals of irrep A = 28
num. orbitals of irrep B = 28
number of shells = 20
number of NR pGTOs = 104
number of NR cGTOs = 56
basis = {'O': [[0, [11720.0, 0.00071, -0.00016], [1759.0, 0.00547, -0.001263], [400.8, 0.027837, -0.006267], [113.7, 0.1048, -0.025716], [37.03, 0.283062, -0.070924], [13.27, 0.448719, -0.165411], [5.025, 0.270952, -0.116955], [1.013, 0.015458, 0.557368]], [0, [0.3023, 1.0]], [1, [17.7, 0.043018], [3.854, 0.228913], [1.046, 0.508728]], [1, [0.2753, 1.0]], [2, [1.185, 1.0]]], 'F': [[0, [14710.0, 0.000721, -0.000165], [2207.0, 0.005553, -0.001308], [502.8, 0.028267, -0.006495], [142.6, 0.106444, -0.026691], [46.47, 0.286814, -0.07369], [16.7, 0.448641, -0.170776], [6.356, 0.264761, -0.112327], [1.316, 0.015333, 0.562814]], [0, [0.3897, 1.0]], [1, [22.67, 0.044878], [4.977, 0.235718], [1.347, 0.508521]], [1, [0.3471, 1.0]], [2, [1.64, 1.0]]]}
ecp = {}
CPU time:      9401.96
Freeze 0 electrons in irreps []
    34 free electrons in irreps A B




******** <class 'pyscf.soscf.newton_ah.SecondOrderSymAdaptedRHF'> ********
method = SecondOrderSymAdaptedRHF
initial guess = minao
damping factor = 0
level_shift factor = 0
DIIS = <class 'pyscf.scf.diis.CDIIS'>
diis_start_cycle = 1
diis_space = 8
diis_damp = 0
SCF conv_tol = 1e-09
SCF conv_tol_grad = None
SCF max_cycles = 200
direct_scf = True
direct_scf_tol = 1e-13
chkfile to save SCF result = /scratch/alpine/yizh8382/pyscf/tmp9wo0oyjp
max_memory 40000 MB (current use 1722 MB)
******** <class 'pyscf.scf.hf_symm.SymAdaptedRHF'> Newton solver flags ********
SCF tol = 1e-09
conv_tol_grad = None
max. SCF cycles = 200
direct_scf = True
direct_scf_tol = 1e-13
chkfile to save SCF result = /scratch/alpine/yizh8382/pyscf/tmp9wo0oyjp
max_cycle_inner = 12
max_stepsize = 0.05
ah_start_tol = 1e+09
ah_level_shift = 0
ah_conv_tol = 1e-12
ah_lindep = 1e-14
ah_start_cycle = 1
ah_max_cycle = 40
ah_grad_trust_region = 2.5
kf_interval = 4
kf_trust_region = 5
canonicalization = True
max_memory 40000 MB (current use 1722 MB)
Set conv_tol_grad to 3.16228e-05
Initial guess from minao.
HOMO (A) = -0.406389472953471  LUMO (B) = -0.1120657075064
Initial guess E= -347.888138581629  |g|= 1.1176
macro= 0  E= -348.196904801829  delta_E= -0.308766  |g|= 0.366839  3 KF 11 JK
macro= 1  E= -348.216615049942  delta_E= -0.0197102  |g|= 0.0265685  3 KF 9 JK
macro= 2  E= -348.216627489229  delta_E= -1.24393e-05  |g|= 2.32986e-05  3 KF 10 JK
macro= 3  E= -348.21662748923  delta_E= -9.09495e-13  |g|= 4.96669e-06  1 KF 2 JK
Canonicalize SCF orbitals
macro X = 4  E=-348.21662748923  |g|= 4.96669e-06  total 11 KF 37 JK
converged SCF energy = -348.21662748923
rhf_internal: lowest eigs of H = [0.78260427 0.98471311 1.15675243]
<class 'pyscf.soscf.newton_ah.SecondOrderSymAdaptedRHF'> wavefunction is stable in the internal stability analysis

******** <class 'pyscf.cc.ccsd.CCSD'> ********
CC2 = 0
CCSD nocc = 13, nmo = 52
frozen orbitals 4
max_cycle = 50
direct = 0
conv_tol = 1e-07
conv_tol_normt = 1e-05
diis_space = 6
diis_start_cycle = 0
diis_start_energy_diff = 1e+09
max_memory 40000 MB (current use 1722 MB)
Init t2, MP2 energy = -349.015758338768  E_corr(MP2) -0.799130849538047
Init E_corr(CCSD) = -0.799130849545078
cycle = 1  E_corr(CCSD) = -0.769121246666335  dE = 0.0300096029  norm(t1,t2) = 0.0898978
cycle = 2  E_corr(CCSD) = -0.803773230844877  dE = -0.0346519842  norm(t1,t2) = 0.0407827
cycle = 3  E_corr(CCSD) = -0.80173628862017  dE = 0.00203694222  norm(t1,t2) = 0.0252801
cycle = 4  E_corr(CCSD) = -0.807962916786437  dE = -0.00622662817  norm(t1,t2) = 0.0127321
cycle = 5  E_corr(CCSD) = -0.809219831056692  dE = -0.00125691427  norm(t1,t2) = 0.0069616
cycle = 6  E_corr(CCSD) = -0.808910524864794  dE = 0.000309306192  norm(t1,t2) = 0.00377406
cycle = 7  E_corr(CCSD) = -0.80862212197209  dE = 0.000288402893  norm(t1,t2) = 0.00150928
cycle = 8  E_corr(CCSD) = -0.808744168272403  dE = -0.0001220463  norm(t1,t2) = 0.000686224
cycle = 9  E_corr(CCSD) = -0.808782976831509  dE = -3.88085591e-05  norm(t1,t2) = 0.000348207
cycle = 10  E_corr(CCSD) = -0.808779831635695  dE = 3.14519581e-06  norm(t1,t2) = 0.000157786
cycle = 11  E_corr(CCSD) = -0.808781709199677  dE = -1.87756398e-06  norm(t1,t2) = 8.39616e-05
cycle = 12  E_corr(CCSD) = -0.808778590612665  dE = 3.11858701e-06  norm(t1,t2) = 5.04675e-05
cycle = 13  E_corr(CCSD) = -0.808780531360407  dE = -1.94074774e-06  norm(t1,t2) = 2.78466e-05
cycle = 14  E_corr(CCSD) = -0.808780130582135  dE = 4.00778272e-07  norm(t1,t2) = 1.5782e-05
cycle = 15  E_corr(CCSD) = -0.808780771039794  dE = -6.40457659e-07  norm(t1,t2) = 8.32475e-06
cycle = 16  E_corr(CCSD) = -0.808780678703674  dE = 9.23361202e-08  norm(t1,t2) = 3.72206e-06
CCSD converged
E(CCSD) = -349.025408167934  E_corr = -0.808780678703674
CCSD(T) correction = -0.0307675138342785
