------------------------------------------- AFQMC Sampling Started -------------------------------------------
Hostname: gpua016.delta.ncsa.illinois.edu
System Type: Linux
Machine Type: x86_64
Processor: x86_64
Using GPU.
System: Linux
Node Name: gpua016.delta.ncsa.illinois.edu
Release: 5.14.0-427.91.1.el9_4.x86_64
Version: #1 SMP PREEMPT_DYNAMIC Wed Sep 17 10:08:59 EDT 2025
Machine: x86_64
Processor: x86_64
Decomposing Unrestricted T2 amplitudes
Throw 0 vectors in T2 deomposition
SVD cutoff = 1.00e-08 | error = 8.90e-16
number of T2 decomposition vectors 104
norb: 17
nelec: (4, 4)
n_eql: 120
n_blocks: 1000
n_walkers: 300
dt: 0.005
max_error: 0.0
seed: 17
walker_type: uhf
trial: uccsd_pt2
free_projection: False
use_gpu: True
n_exp_terms: 6
n_prop_steps: 50
save_walkers: False
n_batch: 1
nchol_chunk: 99
mix_precision: True
initial AFQMC/pt2CCSD Energy is -76.201359
Propagating with 300 walkers
----------------------------------------------- Equilibration ------------------------------------------------
inv_T        weight  killW        energy   runTime
 0.00    300.000000      0    -76.003166     10.34
 3.00    302.527756      0    -76.185293     16.55
 6.00    302.895600      0    -76.205151     17.18
 9.00    302.788778      0    -76.206511     17.81
12.00    303.061926      0    -76.195875     18.44
15.00    302.239814      0    -76.185871     19.07
18.00    303.041084      0    -76.213251     19.70
21.00    302.633307      0    -76.198643     20.33
24.00    302.593984      0    -76.203110     20.96
27.00    303.050593      0    -76.205230     21.59
30.00    302.849734      0    -76.199704     22.22
---------------------------------------------- Sampling Blocks -----------------------------------------------
blocks        weight  killW       E_Guide     error       E_Trial     error     olp_T/G     error  Walltime
    20    302.837822      0    -76.206684  0.004671    -76.203592  0.000429    1.000159  0.000075   28.83
    40    302.562828      0    -76.206807  0.002894    -76.204240  0.000444    1.000177  0.000049   30.03
    60    302.277920      0    -76.205974  0.002342    -76.203873  0.000311    1.000186  0.000041   31.22
    80    302.017419      0    -76.202984  0.002330    -76.203745  0.000244    1.000199  0.000030   32.42
   100    301.813144      0    -76.203605  0.001899    -76.203761  0.000206    1.000198  0.000025   33.69
   120    301.650375      0    -76.204642  0.001721    -76.203885  0.000204    1.000198  0.000020   34.88
   140    301.485365      0    -76.204179  0.001843    -76.203828  0.000179    1.000201  0.000020   36.06
   160    301.375399      0    -76.205779  0.002436    -76.203913  0.000196    1.000190  0.000021   37.24
   180    301.251748      0    -76.205325  0.002151    -76.203895  0.000179    1.000203  0.000024   38.42
   200    301.145465      0    -76.205541  0.001928    -76.203873  0.000163    1.000198  0.000022   39.60
   220    301.050944      0    -76.205594  0.001779    -76.203922  0.000167    1.000193  0.000021   40.79
   240    300.947955      0    -76.204983  0.001685    -76.203902  0.000154    1.000197  0.000019   41.98
   260    300.877141      0    -76.205323  0.001575    -76.203892  0.000145    1.000205  0.000019   43.16
   280    300.799958      0    -76.205001  0.001487    -76.203921  0.000142    1.000205  0.000018   44.35
   300    300.732648      0    -76.204745  0.001428    -76.203900  0.000134    1.000212  0.000017   45.52
   320    300.677218      0    -76.204594  0.001364    -76.203883  0.000127    1.000208  0.000017   46.70
   340    300.624955      0    -76.204532  0.001299    -76.203836  0.000121    1.000207  0.000016   47.89
   360    300.576630      0    -76.204480  0.001227    -76.203837  0.000116    1.000207  0.000016   49.07
   380    300.541661      0    -76.204769  0.001180    -76.203852  0.000116    1.000205  0.000015   50.26
   400    300.509331      0    -76.205193  0.001180    -76.203880  0.000119    1.000205  0.000014   51.44
   420    300.472430      0    -76.205004  0.001139    -76.203844  0.000114    1.000203  0.000014   52.62
   440    300.442378      0    -76.204858  0.001126    -76.203831  0.000109    1.000203  0.000014   53.81
   460    300.419603      0    -76.205116  0.001093    -76.203824  0.000105    1.000202  0.000013   55.00
   480    300.392837      0    -76.205211  0.001075    -76.203831  0.000103    1.000203  0.000013   56.18
   500    300.364787      0    -76.205074  0.001050    -76.203823  0.000100    1.000211  0.000013   57.36
   520    300.343391      0    -76.204993  0.001013    -76.203803  0.000097    1.000220  0.000014   58.55
   540    300.321324      0    -76.205150  0.001003    -76.203816  0.000094    1.000221  0.000015   59.73
   560    300.296866      0    -76.204821  0.000995    -76.203789  0.000091    1.000222  0.000014   60.92
   580    300.278195      0    -76.204747  0.000973    -76.203803  0.000090    1.000225  0.000014   62.10
   600    300.263443      0    -76.204921  0.000992    -76.203812  0.000088    1.000223  0.000013   63.29
   620    300.247716      0    -76.204926  0.000980    -76.203807  0.000086    1.000224  0.000013   64.48
   640    300.234113      0    -76.205109  0.000946    -76.203812  0.000084    1.000219  0.000014   65.67
   660    300.218130      0    -76.205109  0.000916    -76.203797  0.000082    1.000218  0.000014   66.85
   680    300.203025      0    -76.205032  0.000901    -76.203780  0.000080    1.000220  0.000014   68.04
   700    300.186007      0    -76.204870  0.000891    -76.203763  0.000078    1.000219  0.000013   69.23
   720    300.176504      0    -76.205015  0.000906    -76.203758  0.000076    1.000214  0.000014   70.42
   740    300.167208      0    -76.205030  0.000884    -76.203765  0.000075    1.000211  0.000014   71.62
   760    300.156410      0    -76.205051  0.000864    -76.203753  0.000074    1.000214  0.000013   72.80
   780    300.144012      0    -76.204916  0.000865    -76.203737  0.000072    1.000222  0.000015   73.99
   800    300.137944      0    -76.205070  0.000866    -76.203742  0.000071    1.000221  0.000015   75.18
   820    300.125318      0    -76.204996  0.000848    -76.203759  0.000073    1.000224  0.000015   76.37
   840    300.118517      0    -76.205001  0.000829    -76.203748  0.000072    1.000227  0.000015   77.56
   860    300.109538      0    -76.204996  0.000812    -76.203776  0.000072    1.000231  0.000015   78.75
   880    300.102503      0    -76.204930  0.000795    -76.203766  0.000071    1.000232  0.000015   79.93
   900    300.096623      0    -76.205016  0.000770    -76.203770  0.000070    1.000230  0.000015   81.14
   920    300.088056      0    -76.204959  0.000755    -76.203766  0.000069    1.000230  0.000015   82.32
   940    300.083132      0    -76.205114  0.000748    -76.203771  0.000068    1.000230  0.000015   83.51
   960    300.074046      1    -76.205068  0.000734    -76.203762  0.000067    1.000231  0.000014   84.69
   980    300.068576      1    -76.205008  0.000722    -76.203766  0.000066    1.000236  0.000014   85.87
  1000    300.060803      1    -76.204829  0.000725    -76.203758  0.000065    1.000238  0.000015   87.06
---------------------------------------------- Post Propagation ----------------------------------------------
Total number of samples 1000
Raw AFQMC/HF (Guide) energy:           -76.204829 ± 0.000725
Raw Trial/Guide overlap ratio:          1.000238 ± 0.000015
Raw AFQMC/pt2CCSD energy (covariance): -76.203758 ± 0.000065
Raw AFQMC/pt2CCSD energy (dir sample): -76.203758 ± 0.000057
--------------------------------------------- Clean Obeservation ---------------------------------------------
removing energies outside zeta > 30
Outlier energy bound [-76.234599, -76.172009]
Removed 0 outliers with energies []
Clean AFQMC/pt2CCSD overlap ratio:        1.000238 ± 0.000015
Clean AFQMC/pt2CCSD energy (covariance): -76.203758 ± 0.000065
Clean AFQMC/ptCCSD energy (dir sample):  -76.203758 ± 0.000057
--------------------------------------------- Blocking Analysis ----------------------------------------------
nsample = 1000, max_block_size = 25, min_nblocks = 40
   B    NB    NS  Observable     Error    dError
   1  1000  1000    1.000238  0.000005  0.000000
   2   500  1000    1.000238  0.000006  0.000000
   3   333   999    1.000238  0.000008  0.000000
   4   250  1000    1.000238  0.000008  0.000000
   5   200  1000    1.000238  0.000009  0.000000
   6   166   996    1.000237  0.000010  0.000001
   7   142   994    1.000237  0.000010  0.000001
   8   125  1000    1.000238  0.000011  0.000001
   9   111   999    1.000238  0.000011  0.000001
  10   100  1000    1.000238  0.000012  0.000001
  11    90   990    1.000238  0.000012  0.000001
  12    83   996    1.000237  0.000012  0.000001
  13    76   988    1.000238  0.000012  0.000001
  14    71   994    1.000237  0.000012  0.000001
  15    66   990    1.000238  0.000013  0.000001
  16    62   992    1.000238  0.000014  0.000001
  17    58   986    1.000237  0.000013  0.000001
  18    55   990    1.000238  0.000014  0.000001
  19    52   988    1.000238  0.000013  0.000001
  20    50  1000    1.000238  0.000014  0.000001
  21    47   987    1.000237  0.000015  0.000002
  22    45   990    1.000238  0.000014  0.000002
  23    43   989    1.000238  0.000014  0.000002
  24    41   984    1.000237  0.000015  0.000002
  25    40  1000    1.000238  0.000014  0.000002
Fit (variance): plateau_var = 2.297e-10 ± 2.721e-11
Fit (error):    plateau = 0.000015 ± 0.000001
     autocorrelation length ~ 11.4 blocks
     plateau reached at block size ~ 53
     !!!Failed to reach plateau in blocking
     Return max block error
nclean = 1000, max_block_size = 25, min_nblocks = 40
Blk_SZ   NBlk   NSmp      Energy     Error    dError
     1   1000   1000  -76.203706  0.000057  0.000001
     2    500   1000  -76.203723  0.000062  0.000002
     3    333    999  -76.203731  0.000064  0.000002
     4    250   1000  -76.203735  0.000064  0.000003
     5    200   1000  -76.203738  0.000065  0.000003
     6    166    996  -76.203743  0.000064  0.000004
     7    142    994  -76.203743  0.000067  0.000004
     8    125   1000  -76.203743  0.000066  0.000004
     9    111    999  -76.203746  0.000067  0.000005
    10    100   1000  -76.203747  0.000070  0.000005
    11     90    990  -76.203748  0.000074  0.000006
    12     83    996  -76.203749  0.000068  0.000005
    13     76    988  -76.203753  0.000067  0.000005
    14     71    994  -76.203750  0.000071  0.000006
    15     66    990  -76.203752  0.000064  0.000006
    16     62    992  -76.203751  0.000073  0.000007
    17     58    986  -76.203757  0.000067  0.000006
    18     55    990  -76.203751  0.000066  0.000006
    19     52    988  -76.203756  0.000067  0.000007
    20     50   1000  -76.203752  0.000067  0.000007
    21     47    987  -76.203756  0.000068  0.000007
    22     45    990  -76.203755  0.000066  0.000007
    23     43    989  -76.203757  0.000060  0.000007
    24     41    984  -76.203759  0.000064  0.000007
    25     40   1000  -76.203755  0.000058  0.000007
Fit (variance): plateau_var = 4.411617e-09 ± 1.755078e-10
Fit (error):    plateau = 0.000066 ± 0.000001
     autocorrelation length ~ 1.8 blocks
     plateau reached at block size ~ 7
Final AFQMC/pt2CCSD overlap ratio: 1.000238 ± 0.000015
Final AFQMC/pt2CCSD energy: -76.203758 ± 0.000066
Total run time: 96.45
------------------------------------------ AFQMC Sampling Finished -------------------------------------------
