------------------------------------------- AFQMC Sampling Started -------------------------------------------
Hostname: gpua016.delta.ncsa.illinois.edu
System Type: Linux
Machine Type: x86_64
Processor: x86_64
Using GPU.
System: Linux
Node Name: gpua016.delta.ncsa.illinois.edu
Release: 5.14.0-427.91.1.el9_4.x86_64
Version: #1 SMP PREEMPT_DYNAMIC Wed Sep 17 10:08:59 EDT 2025
Machine: x86_64
Processor: x86_64
Decomposing Unrestricted T2 amplitudes
Throw 0 vectors in T2 deomposition
SVD cutoff = 1.00e-08 | error = 8.36e-16
number of T2 decomposition vectors 88
norb: 15
nelec: (4, 4)
n_eql: 120
n_blocks: 1000
n_walkers: 300
dt: 0.005
max_error: 0.0
seed: 17
walker_type: uhf
trial: uccsd_pt2
free_projection: False
use_gpu: True
n_exp_terms: 6
n_prop_steps: 50
save_walkers: False
n_batch: 1
nchol_chunk: 84
mix_precision: True
initial AFQMC/pt2CCSD Energy is -100.202319
Propagating with 300 walkers
----------------------------------------------- Equilibration ------------------------------------------------
inv_T        weight  killW        energy   runTime
 0.00    300.000000      0   -100.002039      9.91
 3.00    303.035355      0   -100.203594     15.95
 6.00    303.178784      0   -100.181972     16.45
 9.00    303.180710      0   -100.210903     16.95
12.00    302.880758      0   -100.195057     17.45
15.00    302.687455      0   -100.205889     17.95
18.00    302.500654      0   -100.191078     18.45
21.00    302.614216      0   -100.194826     18.95
24.00    303.043953      0   -100.221869     19.45
27.00    302.930078      0   -100.231828     19.95
30.00    302.796543      0   -100.181800     20.45
---------------------------------------------- Sampling Blocks -----------------------------------------------
blocks        weight  killW       E_Guide     error       E_Trial     error     olp_T/G     error  Walltime
    20    302.987124      0   -100.207478  0.003858   -100.204251  0.000329    1.000284  0.000032   26.74
    40    302.657067      0   -100.206338  0.002684   -100.203963  0.000199    1.000222  0.000039   27.68
    60    302.358303      0   -100.205261  0.001909   -100.203973  0.000167    1.000221  0.000027   28.61
    80    302.133717      0   -100.206089  0.002099   -100.203903  0.000137    1.000246  0.000025   29.55
   100    301.896384      1   -100.203992  0.002008   -100.203855  0.000118    1.000227  0.000023   30.49
   120    301.728236      1   -100.204655  0.001699   -100.203874  0.000114    1.000220  0.000021   31.43
   140    301.581917      1   -100.205282  0.001676   -100.203950  0.000107    1.000210  0.000023   32.36
   160    301.449820      1   -100.205955  0.001508   -100.203983  0.000108    1.000193  0.000022   33.31
   180    301.335351      1   -100.206697  0.001433   -100.203999  0.000103    1.000180  0.000022   34.25
   200    301.219894      1   -100.206497  0.001332   -100.203991  0.000097    1.000178  0.000020   35.18
   220    301.120761      1   -100.206626  0.001319   -100.204005  0.000090    1.000176  0.000018   36.12
   240    301.028418      1   -100.206534  0.001206   -100.203980  0.000084    1.000175  0.000017   37.06
   260    300.963479      1   -100.206576  0.001132   -100.203988  0.000080    1.000181  0.000017   37.99
   280    300.891481      1   -100.206306  0.001058   -100.203986  0.000077    1.000189  0.000016   38.93
   300    300.836181      1   -100.206538  0.001108   -100.204020  0.000079    1.000201  0.000017   39.86
   320    300.782161      1   -100.206678  0.001104   -100.204046  0.000081    1.000205  0.000017   40.81
   340    300.724468      1   -100.206689  0.001087   -100.204092  0.000092    1.000205  0.000016   41.75
   360    300.679097      1   -100.206805  0.001030   -100.204109  0.000089    1.000200  0.000015   42.69
   380    300.640052      1   -100.206554  0.000997   -100.204097  0.000085    1.000200  0.000014   43.62
   400    300.602097      1   -100.206690  0.000961   -100.204119  0.000084    1.000203  0.000014   44.56
   420    300.561153      1   -100.206338  0.000949   -100.204093  0.000081    1.000211  0.000014   45.50
   440    300.528814      1   -100.206250  0.000905   -100.204090  0.000079    1.000209  0.000014   46.44
   460    300.498334      1   -100.206155  0.000882   -100.204092  0.000078    1.000206  0.000014   47.38
   480    300.471631      1   -100.206230  0.000843   -100.204080  0.000075    1.000208  0.000014   48.32
   500    300.442661      1   -100.206042  0.000839   -100.204072  0.000073    1.000206  0.000013   49.26
   520    300.421147      1   -100.206118  0.000860   -100.204095  0.000072    1.000206  0.000014   50.20
   540    300.397700      1   -100.206132  0.000839   -100.204081  0.000070    1.000205  0.000013   51.14
   560    300.374156      1   -100.206152  0.000803   -100.204078  0.000072    1.000205  0.000014   52.08
   580    300.349293      1   -100.205988  0.000794   -100.204059  0.000071    1.000205  0.000014   53.02
   600    300.332577      1   -100.206036  0.000767   -100.204073  0.000071    1.000205  0.000013   53.95
   620    300.317967      1   -100.205897  0.000756   -100.204063  0.000070    1.000204  0.000013   54.88
   640    300.300992      1   -100.205674  0.000777   -100.204054  0.000068    1.000205  0.000012   55.82
   660    300.283115      1   -100.205578  0.000763   -100.204044  0.000066    1.000205  0.000012   56.75
   680    300.269696      1   -100.205684  0.000760   -100.204034  0.000067    1.000206  0.000012   57.68
   700    300.261106      1   -100.205882  0.000742   -100.204045  0.000067    1.000203  0.000011   58.62
   720    300.244623      1   -100.205932  0.000725   -100.204062  0.000068    1.000204  0.000011   59.56
   740    300.232703      1   -100.205848  0.000711   -100.204052  0.000067    1.000204  0.000011   60.49
   760    300.220211      1   -100.205636  0.000734   -100.204041  0.000065    1.000208  0.000011   61.43
   780    300.204843      1   -100.205479  0.000748   -100.204027  0.000064    1.000209  0.000011   62.37
   800    300.197666      1   -100.205584  0.000725   -100.204033  0.000063    1.000206  0.000012   63.31
   820    300.187535      1   -100.205541  0.000711   -100.204030  0.000062    1.000204  0.000012   64.25
   840    300.177748      1   -100.205541  0.000701   -100.204038  0.000061    1.000206  0.000012   65.19
   860    300.169987      1   -100.205548  0.000689   -100.204047  0.000060    1.000206  0.000012   66.13
   880    300.161095      1   -100.205482  0.000668   -100.204038  0.000059    1.000207  0.000011   67.06
   900    300.151895      1   -100.205504  0.000657   -100.204033  0.000058    1.000207  0.000011   68.00
   920    300.146702      1   -100.205600  0.000645   -100.204023  0.000057    1.000206  0.000011   68.94
   940    300.140993      1   -100.205597  0.000638   -100.204022  0.000056    1.000207  0.000011   69.89
   960    300.134735      1   -100.205609  0.000620   -100.204018  0.000055    1.000208  0.000011   70.82
   980    300.126493      1   -100.205536  0.000613   -100.204013  0.000054    1.000208  0.000010   71.76
  1000    300.121431      1   -100.205516  0.000603   -100.204016  0.000054    1.000209  0.000010   72.70
---------------------------------------------- Post Propagation ----------------------------------------------
Total number of samples 1000
Raw AFQMC/HF (Guide) energy:           -100.205516 ± 0.000603
Raw Trial/Guide overlap ratio:          1.000209 ± 0.000010
Raw AFQMC/pt2CCSD energy (covariance): -100.204016 ± 0.000054
Raw AFQMC/pt2CCSD energy (dir sample): -100.204016 ± 0.000048
--------------------------------------------- Clean Obeservation ---------------------------------------------
removing energies outside zeta > 30
Outlier energy bound [-100.233171, -100.174173]
Removed 0 outliers with energies []
Clean AFQMC/pt2CCSD overlap ratio:        1.000209 ± 0.000010
Clean AFQMC/pt2CCSD energy (covariance): -100.204016 ± 0.000054
Clean AFQMC/ptCCSD energy (dir sample):  -100.204016 ± 0.000048
--------------------------------------------- Blocking Analysis ----------------------------------------------
nsample = 1000, max_block_size = 25, min_nblocks = 40
   B    NB    NS  Observable     Error    dError
   1  1000  1000    1.000209  0.000004  0.000000
   2   500  1000    1.000209  0.000005  0.000000
   3   333   999    1.000209  0.000006  0.000000
   4   250  1000    1.000209  0.000006  0.000000
   5   200  1000    1.000209  0.000007  0.000000
   6   166   996    1.000209  0.000007  0.000000
   7   142   994    1.000209  0.000008  0.000000
   8   125  1000    1.000209  0.000008  0.000000
   9   111   999    1.000209  0.000008  0.000001
  10   100  1000    1.000209  0.000008  0.000001
  11    90   990    1.000208  0.000008  0.000001
  12    83   996    1.000209  0.000009  0.000001
  13    76   988    1.000209  0.000009  0.000001
  14    71   994    1.000209  0.000009  0.000001
  15    66   990    1.000208  0.000009  0.000001
  16    62   992    1.000209  0.000009  0.000001
  17    58   986    1.000209  0.000009  0.000001
  18    55   990    1.000208  0.000009  0.000001
  19    52   988    1.000209  0.000010  0.000001
  20    50  1000    1.000209  0.000010  0.000001
  21    47   987    1.000209  0.000010  0.000001
  22    45   990    1.000208  0.000009  0.000001
  23    43   989    1.000208  0.000010  0.000001
  24    41   984    1.000209  0.000010  0.000001
  25    40  1000    1.000209  0.000010  0.000001
Fit (variance): plateau_var = 9.926e-11 ± 9.419e-12
Fit (error):    plateau = 0.000010 ± 0.000000
     autocorrelation length ~ 8.8 blocks
     plateau reached at block size ~ 41
     !!!Failed to reach plateau in blocking
     Return max block error
nclean = 1000, max_block_size = 25, min_nblocks = 40
Blk_SZ   NBlk   NSmp      Energy     Error    dError
     1   1000   1000  -100.203975  0.000048  0.000001
     2    500   1000  -100.203989  0.000051  0.000002
     3    333    999  -100.203996  0.000054  0.000002
     4    250   1000  -100.203999  0.000056  0.000003
     5    200   1000  -100.204003  0.000053  0.000003
     6    166    996  -100.204006  0.000054  0.000003
     7    142    994  -100.204003  0.000055  0.000003
     8    125   1000  -100.204006  0.000058  0.000004
     9    111    999  -100.204009  0.000051  0.000003
    10    100   1000  -100.204009  0.000050  0.000004
    11     90    990  -100.204004  0.000050  0.000004
    12     83    996  -100.204012  0.000054  0.000004
    13     76    988  -100.204005  0.000052  0.000004
    14     71    994  -100.204007  0.000051  0.000004
    15     66    990  -100.204006  0.000048  0.000004
    16     62    992  -100.204006  0.000057  0.000005
    17     58    986  -100.204008  0.000054  0.000005
    18     55    990  -100.204007  0.000054  0.000005
    19     52    988  -100.204007  0.000054  0.000005
    20     50   1000  -100.204013  0.000049  0.000005
    21     47    987  -100.204008  0.000055  0.000006
    22     45    990  -100.204008  0.000049  0.000005
    23     43    989  -100.204008  0.000055  0.000006
    24     41    984  -100.204012  0.000060  0.000007
    25     40   1000  -100.204013  0.000046  0.000005
Fit (variance): plateau_var = 2.797692e-09 ± 8.878159e-11
Fit (error):    plateau = 0.000053 ± 0.000001
     autocorrelation length ~ 0.6 blocks
     plateau reached at block size ~ 3
Final AFQMC/pt2CCSD overlap ratio: 1.000209 ± 0.000010
Final AFQMC/pt2CCSD energy: -100.204016 ± 0.000053
Total run time: 82.00
------------------------------------------ AFQMC Sampling Finished -------------------------------------------
