------------------------------------------- AFQMC Sampling Started -------------------------------------------
Hostname: gpua016.delta.ncsa.illinois.edu
System Type: Linux
Machine Type: x86_64
Processor: x86_64
Using GPU.
System: Linux
Node Name: gpua016.delta.ncsa.illinois.edu
Release: 5.14.0-427.91.1.el9_4.x86_64
Version: #1 SMP PREEMPT_DYNAMIC Wed Sep 17 10:08:59 EDT 2025
Machine: x86_64
Processor: x86_64
Decomposing Unrestricted T2 amplitudes
Throw 0 vectors in T2 deomposition
SVD cutoff = 1.00e-08 | error = 1.82e-15
number of T2 decomposition vectors 528
norb: 41
nelec: (8, 8)
n_eql: 120
n_blocks: 1000
n_walkers: 300
dt: 0.005
max_error: 0.0
seed: 17
walker_type: uhf
trial: uccsd_pt2
free_projection: False
use_gpu: True
n_exp_terms: 6
n_prop_steps: 50
save_walkers: False
n_batch: 1
nchol_chunk: 100
mix_precision: True
initial AFQMC/pt2CCSD Energy is -168.235940
Propagating with 300 walkers
----------------------------------------------- Equilibration ------------------------------------------------
inv_T        weight  killW        energy   runTime
 0.00    300.000000      0   -167.770921     11.94
 3.00    306.242500      0   -168.214518     18.76
 6.00    307.406098      0   -168.278233     19.61
 9.00    306.975140      0   -168.311403     20.48
12.00    307.080112      0   -168.280975     21.33
15.00    306.921207      0   -168.307037     22.19
18.00    307.298929      0   -168.265025     23.05
21.00    306.491161      0   -168.276376     23.91
24.00    306.886002      0   -168.262143     24.77
27.00    307.839792      0   -168.264771     25.63
30.00    306.963936      0   -168.253805     26.49
---------------------------------------------- Sampling Blocks -----------------------------------------------
blocks        weight  killW       E_Guide     error       E_Trial     error     olp_T/G     error  Walltime
    20    306.703283      1   -168.273391  0.005978   -168.254886  0.001893    1.009574  0.000356   35.31
    40    305.978067      1   -168.265776  0.005243   -168.254103  0.001418    1.010016  0.000292   38.16
    60    305.311077      1   -168.265637  0.005251   -168.254275  0.001461    1.009915  0.000224   41.01
    80    304.777424      1   -168.266631  0.005469   -168.254349  0.001221    1.009761  0.000370   43.86
   100    304.271257      1   -168.265496  0.004494   -168.254509  0.001025    1.009516  0.000338   46.72
   120    303.840026      2   -168.265596  0.003720   -168.255175  0.001090    1.009168  0.000370   49.57
   140    303.446028      2   -168.265057  0.003541   -168.254793  0.001072    1.008910  0.000364   52.42
   160    303.108662      2   -168.264167  0.003260   -168.254627  0.000955    1.008768  0.000339   55.27
   180    302.860146      3   -168.266798  0.003960   -168.254312  0.000930    1.008894  0.000314   58.12
   200    302.572260      3   -168.264783  0.003766   -168.254068  0.000858    1.008968  0.000286   60.97
   220    302.318224      3   -168.263654  0.003643   -168.254140  0.000799    1.008712  0.000320   63.82
   240    302.108170      3   -168.263369  0.003368   -168.254124  0.000739    1.008635  0.000300   66.67
   260    301.919142      3   -168.263299  0.003221   -168.254019  0.000700    1.008599  0.000280   69.57
   280    301.777031      3   -168.264699  0.003095   -168.254327  0.000675    1.008584  0.000253   72.41
   300    301.623764      4   -168.263931  0.002976   -168.254262  0.000651    1.008619  0.000242   75.27
   320    301.489035      4   -168.263231  0.002878   -168.254217  0.000619    1.008599  0.000231   78.12
   340    301.382831      4   -168.264055  0.002737   -168.254250  0.000605    1.008554  0.000220   80.97
   360    301.291235      4   -168.264756  0.002741   -168.254226  0.000580    1.008569  0.000213   83.83
   380    301.189151      5   -168.264084  0.002654   -168.254197  0.000562    1.008604  0.000205   86.69
   400    301.094400      6   -168.264280  0.002556   -168.254606  0.000867    1.008566  0.000198   89.53
   420    301.007240      6   -168.264035  0.002479   -168.254550  0.000828    1.008564  0.000191   92.39
   440    300.933516      6   -168.264596  0.002470   -168.254556  0.000802    1.008534  0.000186   95.25
   460    300.855602      6   -168.264361  0.002374   -168.254506  0.000770    1.008498  0.000183   98.10
   480    300.785048      6   -168.264080  0.002279   -168.254538  0.000741    1.008501  0.000192  100.95
   500    300.720964      6   -168.263984  0.002225   -168.254561  0.000718    1.008553  0.000191  103.81
   520    300.669879      6   -168.264227  0.002144   -168.254604  0.000696    1.008510  0.000184  106.66
   540    300.616421      7   -168.264491  0.002094   -168.254764  0.000682    1.008510  0.000178  109.50
   560    300.565667      7   -168.264181  0.002047   -168.254742  0.000671    1.008535  0.000174  112.36
   580    300.525834      7   -168.264461  0.001967   -168.254850  0.000651    1.008578  0.000170  115.20
   600    300.479847      7   -168.263962  0.001935   -168.254761  0.000631    1.008598  0.000170  118.06
   620    300.441844      7   -168.264265  0.001895   -168.254785  0.000614    1.008628  0.000170  120.91
   640    300.403031      7   -168.264178  0.001823   -168.254794  0.000598    1.008655  0.000166  123.76
   660    300.365544      7   -168.264000  0.001772   -168.254766  0.000582    1.008672  0.000164  126.60
   680    300.334481      7   -168.264081  0.001736   -168.254763  0.000567    1.008701  0.000163  129.48
   700    300.301416      8   -168.263968  0.001686   -168.254772  0.000553    1.008748  0.000165  132.32
   720    300.275291      8   -168.264159  0.001826   -168.254831  0.000541    1.008743  0.000167  135.17
   740    300.246344      8   -168.264111  0.001784   -168.254863  0.000528    1.008732  0.000163  138.02
   760    300.217721      8   -168.263980  0.001752   -168.254856  0.000516    1.008700  0.000160  140.87
   780    300.195216      9   -168.264495  0.001815   -168.255070  0.000519    1.008697  0.000158  143.73
   800    300.165653     10   -168.264131  0.001786   -168.255025  0.000512    1.008707  0.000154  146.59
   820    300.143943     10   -168.264031  0.001751   -168.255020  0.000502    1.008677  0.000151  149.44
   840    300.118940     10   -168.263753  0.001716   -168.254976  0.000491    1.008695  0.000149  152.29
   860    300.099543     10   -168.264008  0.001719   -168.255095  0.000489    1.008664  0.000147  155.13
   880    300.078304     10   -168.264022  0.001722   -168.255141  0.000481    1.008667  0.000147  157.98
   900    300.057449     10   -168.263831  0.001660   -168.255079  0.000472    1.008663  0.000147  160.84
   920    300.042654     10   -168.263836  0.001629   -168.255201  0.000465    1.008632  0.000152  163.69
   940    300.029716     10   -168.264040  0.001616   -168.255222  0.000459    1.008632  0.000152  166.54
   960    300.012942     10   -168.263796  0.001591   -168.255158  0.000451    1.008637  0.000148  169.39
   980    299.991291     10   -168.263321  0.001595   -168.255090  0.000443    1.008636  0.000144  172.24
  1000    299.977092     10   -168.263410  0.001593   -168.255115  0.000438    1.008594  0.000147  175.10
---------------------------------------------- Post Propagation ----------------------------------------------
Total number of samples 1000
Raw AFQMC/HF (Guide) energy:           -168.263410 ± 0.001593
Raw Trial/Guide overlap ratio:          1.008594 ± 0.000147
Raw AFQMC/pt2CCSD energy (covariance): -168.255115 ± 0.000438
Raw AFQMC/pt2CCSD energy (dir sample): -168.255115 ± 0.000316
--------------------------------------------- Clean Obeservation ---------------------------------------------
removing energies outside zeta > 30
Outlier energy bound [-168.426220, -168.080814]
Removed 0 outliers with energies []
Clean AFQMC/pt2CCSD overlap ratio:        1.008594 ± 0.000147
Clean AFQMC/pt2CCSD energy (covariance): -168.255115 ± 0.000438
Clean AFQMC/ptCCSD energy (dir sample):  -168.255115 ± 0.000316
--------------------------------------------- Blocking Analysis ----------------------------------------------
nsample = 1000, max_block_size = 25, min_nblocks = 40
   B    NB    NS  Observable     Error    dError
   1  1000  1000    1.008593  0.000053  0.000001
   2   500  1000    1.008593  0.000070  0.000002
   3   333   999    1.008593  0.000082  0.000003
   4   250  1000    1.008592  0.000090  0.000004
   5   200  1000    1.008592  0.000097  0.000005
   6   166   996    1.008602  0.000102  0.000006
   7   142   994    1.008608  0.000104  0.000006
   8   125  1000    1.008592  0.000108  0.000007
   9   111   999    1.008593  0.000114  0.000008
  10   100  1000    1.008592  0.000112  0.000008
  11    90   990    1.008618  0.000117  0.000009
  12    83   996    1.008602  0.000125  0.000010
  13    76   988    1.008621  0.000118  0.000010
  14    71   994    1.008608  0.000123  0.000010
  15    66   990    1.008618  0.000128  0.000011
  16    62   992    1.008615  0.000123  0.000011
  17    58   986    1.008628  0.000125  0.000012
  18    55   990    1.008618  0.000130  0.000012
  19    52   988    1.008621  0.000125  0.000012
  20    50  1000    1.008592  0.000136  0.000014
  21    47   987    1.008625  0.000131  0.000014
  22    45   990    1.008618  0.000137  0.000015
  23    43   989    1.008619  0.000142  0.000016
  24    41   984    1.008631  0.000134  0.000015
  25    40  1000    1.008592  0.000147  0.000017
Fit (variance): plateau_var = 1.812e-08 ± 1.473e-09
Fit (error):    plateau = 0.000135 ± 0.000005
     autocorrelation length ~ 7.3 blocks
     plateau reached at block size ~ 34
     !!!Failed to reach plateau in blocking
     Return max block error
nclean = 1000, max_block_size = 25, min_nblocks = 40
Blk_SZ   NBlk   NSmp      Energy     Error    dError
     1   1000   1000  -168.254888  0.000316  0.000007
     2    500   1000  -168.254939  0.000334  0.000011
     3    333    999  -168.254950  0.000343  0.000013
     4    250   1000  -168.254983  0.000345  0.000015
     5    200   1000  -168.254997  0.000349  0.000017
     6    166    996  -168.254972  0.000362  0.000020
     7    142    994  -168.255025  0.000356  0.000021
     8    125   1000  -168.255023  0.000355  0.000023
     9    111    999  -168.255024  0.000364  0.000025
    10    100   1000  -168.255042  0.000351  0.000025
    11     90    990  -168.255048  0.000367  0.000028
    12     83    996  -168.255015  0.000367  0.000029
    13     76    988  -168.255052  0.000387  0.000032
    14     71    994  -168.255071  0.000373  0.000031
    15     66    990  -168.255078  0.000364  0.000032
    16     62    992  -168.255065  0.000338  0.000031
    17     58    986  -168.255045  0.000358  0.000034
    18     55    990  -168.255069  0.000365  0.000035
    19     52    988  -168.255073  0.000367  0.000036
    20     50   1000  -168.255076  0.000373  0.000038
    21     47    987  -168.255067  0.000367  0.000038
    22     45    990  -168.255085  0.000346  0.000037
    23     43    989  -168.255093  0.000388  0.000042
    24     41    984  -168.255046  0.000368  0.000041
    25     40   1000  -168.255082  0.000358  0.000041
Fit (variance): plateau_var = 1.318398e-07 ± 6.017749e-09
Fit (error):    plateau = 0.000363 ± 0.000008
     autocorrelation length ~ 2.7 blocks
     plateau reached at block size ~ 10
Final AFQMC/pt2CCSD overlap ratio: 1.008594 ± 0.000147
Final AFQMC/pt2CCSD energy: -168.255115 ± 0.000363
Total run time: 184.45
------------------------------------------ AFQMC Sampling Finished -------------------------------------------
