------------------------------------------- AFQMC Sampling Started -------------------------------------------
Hostname: gpua016.delta.ncsa.illinois.edu
System Type: Linux
Machine Type: x86_64
Processor: x86_64
Using GPU.
System: Linux
Node Name: gpua016.delta.ncsa.illinois.edu
Release: 5.14.0-427.91.1.el9_4.x86_64
Version: #1 SMP PREEMPT_DYNAMIC Wed Sep 17 10:08:59 EDT 2025
Machine: x86_64
Processor: x86_64
Decomposing Unrestricted T2 amplitudes
Throw 0 vectors in T2 deomposition
SVD cutoff = 1.00e-08 | error = 1.23e-15
number of T2 decomposition vectors 264
norb: 28
nelec: (6, 6)
n_eql: 120
n_blocks: 1000
n_walkers: 300
dt: 0.005
max_error: 0.0
seed: 17
walker_type: uhf
trial: uccsd_pt2
free_projection: False
use_gpu: True
n_exp_terms: 6
n_prop_steps: 50
save_walkers: False
n_batch: 1
nchol_chunk: 100
mix_precision: True
initial AFQMC/pt2CCSD Energy is -130.146815
Propagating with 300 walkers
----------------------------------------------- Equilibration ------------------------------------------------
inv_T        weight  killW        energy   runTime
 0.00    300.000000      0   -129.797852     10.98
 3.00    304.453850      0   -130.115226     17.32
 6.00    305.602128      0   -130.160394     17.91
 9.00    304.840635      0   -130.197602     18.50
12.00    304.468261      0   -130.133795     19.09
15.00    305.112619      0   -130.165972     19.69
18.00    304.761602      0   -130.135871     20.28
21.00    304.713420      0   -130.162244     20.87
24.00    304.722599      0   -130.160695     21.46
27.00    304.169562      0   -130.136690     22.06
30.00    304.901390      0   -130.156792     22.65
---------------------------------------------- Sampling Blocks -----------------------------------------------
blocks        weight  killW       E_Guide     error       E_Trial     error     olp_T/G     error  Walltime
    20    304.691806      2   -130.158325  0.004476   -130.159532  0.001136    1.072194  0.002783   29.84
    40    303.959674      2   -130.150909  0.005959   -130.159379  0.000940    1.067264  0.003215   31.27
    60    303.526666      5   -130.152216  0.004064   -130.159616  0.000919    1.067962  0.002677   32.69
    80    303.118086      7   -130.151879  0.003474   -130.159449  0.000736    1.070713  0.003263   34.11
   100    302.767334      8   -130.152233  0.002806   -130.159642  0.000647    1.076040  0.004401   35.52
   120    302.467097     11   -130.153124  0.002446   -130.159415  0.000560    1.078606  0.004037   36.94
   140    302.178758     11   -130.153914  0.002271   -130.159461  0.000535    1.079069  0.003573   38.36
   160    301.967860     13   -130.155772  0.002412   -130.159579  0.000500    1.079092  0.003175   39.78
   180    301.767598     14   -130.156218  0.002182   -130.159661  0.000466    1.079989  0.002853   41.20
   200    301.570804     17   -130.155868  0.001995   -130.159606  0.000436    1.081696  0.002820   42.62
   220    301.414729     18   -130.155577  0.001959   -130.159581  0.000414    1.082688  0.002666   44.03
   240    301.280949     19   -130.155894  0.001963   -130.159497  0.000397    1.084079  0.002623   45.46
   260    301.149189     22   -130.156767  0.001987   -130.159783  0.000405    1.085160  0.002533   46.88
   280    301.019370     24   -130.156774  0.001876   -130.159871  0.000392    1.086067  0.002432   48.35
   300    300.907059     25   -130.156997  0.001764   -130.159813  0.000372    1.086315  0.002283   49.76
   320    300.823510     28   -130.157962  0.001815   -130.159855  0.000355    1.087353  0.002258   51.18
   340    300.737126     29   -130.157917  0.001752   -130.159780  0.000340    1.088254  0.002224   52.60
   360    300.659694     29   -130.158300  0.001780   -130.159919  0.000333    1.088932  0.002159   54.02
   380    300.586722     29   -130.158645  0.001700   -130.160107  0.000331    1.089471  0.002078   55.44
   400    300.523368     29   -130.158804  0.001692   -130.160165  0.000319    1.090480  0.002108   56.86
   420    300.461730     29   -130.159089  0.001627   -130.160172  0.000308    1.091091  0.002058   58.28
   440    300.396189     30   -130.158450  0.001580   -130.160070  0.000296    1.091724  0.002092   59.70
   460    300.347158     32   -130.158734  0.001544   -130.160091  0.000296    1.092436  0.002072   61.12
   480    300.291426     34   -130.158442  0.001503   -130.160013  0.000288    1.092708  0.002082   62.53
   500    300.243527     35   -130.158448  0.001451   -130.160030  0.000280    1.092759  0.002043   63.96
   520    300.195814     37   -130.158077  0.001515   -130.160032  0.000271    1.092744  0.002003   65.38
   540    300.156207     37   -130.158134  0.001478   -130.159990  0.000264    1.093297  0.001982   66.79
   560    300.124133     38   -130.158271  0.001418   -130.159976  0.000259    1.093761  0.002049   68.21
   580    300.086856     40   -130.157945  0.001399   -130.159942  0.000253    1.094155  0.002014   69.64
   600    300.062686     42   -130.158320  0.001360   -130.159896  0.000247    1.094477  0.001981   71.06
   620    300.034694     42   -130.158463  0.001331   -130.159852  0.000243    1.094869  0.001960   72.48
   640    300.008086     42   -130.158411  0.001279   -130.159900  0.000241    1.095110  0.001934   73.90
   660    299.979762     44   -130.158453  0.001259   -130.159930  0.000238    1.095679  0.001936   75.33
   680    299.951464     47   -130.158265  0.001234   -130.159917  0.000233    1.096140  0.002003   76.74
   700    299.928793     49   -130.158308  0.001203   -130.159912  0.000228    1.096850  0.002040   78.16
   720    299.908800     49   -130.158207  0.001163   -130.159922  0.000225    1.097331  0.002120   79.58
   740    299.888711     50   -130.158396  0.001191   -130.160194  0.000406    1.097645  0.002085   81.01
   760    299.872748     51   -130.158676  0.001187   -130.160154  0.000399    1.097919  0.002079   82.43
   780    299.856077     51   -130.158926  0.001185   -130.160159  0.000389    1.098031  0.002029   83.85
   800    299.840942     52   -130.159130  0.001181   -130.160158  0.000381    1.098212  0.002006   85.28
   820    299.827968     54   -130.159645  0.001247   -130.160175  0.000376    1.098331  0.001960   86.70
   840    299.813170     54   -130.159652  0.001223   -130.160169  0.000368    1.098321  0.001968   88.13
   860    299.798481     54   -130.159757  0.001213   -130.160179  0.000362    1.098424  0.001968   89.56
   880    299.783529     55   -130.159739  0.001190   -130.160182  0.000355    1.098451  0.001935   90.99
   900    299.768227     55   -130.159672  0.001173   -130.160130  0.000348    1.098492  0.001935   92.41
   920    299.754070     57   -130.159533  0.001144   -130.160114  0.000341    1.098682  0.001888   93.83
   940    299.742622     57   -130.159599  0.001124   -130.160102  0.000334    1.098835  0.001884   95.25
   960    299.726939     58   -130.159605  0.001103   -130.160082  0.000328    1.098995  0.001863   96.67
   980    299.715115     60   -130.159543  0.001090   -130.160055  0.000322    1.099131  0.001863   98.09
  1000    299.702716     62   -130.159668  0.001078   -130.160038  0.000316    1.099062  0.001848   99.50
---------------------------------------------- Post Propagation ----------------------------------------------
Total number of samples 1000
Raw AFQMC/HF (Guide) energy:           -130.159668 ± 0.001078
Raw Trial/Guide overlap ratio:          1.099062 ± 0.001848
Raw AFQMC/pt2CCSD energy (covariance): -130.160038 ± 0.000316
Raw AFQMC/pt2CCSD energy (dir sample): -130.160038 ± 0.000243
--------------------------------------------- Clean Obeservation ---------------------------------------------
removing energies outside zeta > 30
Outlier energy bound [-130.277607, -130.040597]
Removed 1 outliers with energies [-130.34615526]
Clean AFQMC/pt2CCSD overlap ratio:        1.099073 ± 0.001825
Clean AFQMC/pt2CCSD energy (covariance): -130.159847 ± 0.000193
Clean AFQMC/ptCCSD energy (dir sample):  -130.159847 ± 0.000156
--------------------------------------------- Blocking Analysis ----------------------------------------------
nsample = 999, max_block_size = 24, min_nblocks = 40
   B    NB    NS  Observable     Error    dError
   1   999   999    1.099110  0.000424  0.000009
   2   499   998    1.099115  0.000587  0.000019
   3   333   999    1.099110  0.000709  0.000028
   4   249   996    1.099123  0.000813  0.000037
   5   199   995    1.099129  0.000901  0.000045
   6   166   996    1.099122  0.000976  0.000054
   7   142   994    1.099139  0.001048  0.000062
   8   124   992    1.099160  0.001121  0.000072
   9   111   999    1.099110  0.001171  0.000079
  10    99   990    1.099177  0.001233  0.000088
  11    90   990    1.099177  0.001282  0.000096
  12    83   996    1.099122  0.001327  0.000104
  13    76   988    1.099191  0.001387  0.000113
  14    71   994    1.099139  0.001435  0.000121
  15    66   990    1.099177  0.001472  0.000129
  16    62   992    1.099159  0.001497  0.000136
  17    58   986    1.099182  0.001564  0.000146
  18    55   990    1.099177  0.001619  0.000156
  19    52   988    1.099191  0.001641  0.000162
  20    49   980    1.099179  0.001670  0.000170
  21    47   987    1.099192  0.001708  0.000178
  22    45   990    1.099177  0.001753  0.000187
  23    43   989    1.099183  0.001775  0.000194
  24    41   984    1.099181  0.001825  0.000204
Fit (variance): plateau_var = 8.846e-06 ± 5.136e-06
Fit (error):    plateau = 0.002974 ± 0.000863
     autocorrelation length ~ 53.1 blocks
     plateau reached at block size ~ 245
     !!!Failed to reach plateau in blocking
     Return max block error
nclean = 999, max_block_size = 24, min_nblocks = 40
Blk_SZ   NBlk   NSmp      Energy     Error    dError
     1    999    999  -130.159699  0.000156  0.000003
     2    499    998  -130.159734  0.000175  0.000006
     3    333    999  -130.159747  0.000181  0.000007
     4    249    996  -130.159765  0.000181  0.000008
     5    199    995  -130.159770  0.000192  0.000010
     6    166    996  -130.159785  0.000199  0.000011
     7    142    994  -130.159787  0.000190  0.000011
     8    124    992  -130.159790  0.000197  0.000013
     9    111    999  -130.159793  0.000185  0.000012
    10     99    990  -130.159801  0.000197  0.000014
    11     90    990  -130.159809  0.000191  0.000014
    12     83    996  -130.159812  0.000188  0.000015
    13     76    988  -130.159815  0.000195  0.000016
    14     71    994  -130.159808  0.000198  0.000017
    15     66    990  -130.159819  0.000214  0.000019
    16     62    992  -130.159818  0.000211  0.000019
    17     58    986  -130.159822  0.000204  0.000019
    18     55    990  -130.159826  0.000193  0.000019
    19     52    988  -130.159830  0.000188  0.000019
    20     49    980  -130.159833  0.000173  0.000018
    21     47    987  -130.159828  0.000194  0.000020
    22     45    990  -130.159825  0.000192  0.000020
    23     43    989  -130.159831  0.000181  0.000020
    24     41    984  -130.159829  0.000200  0.000022
Fit (variance): plateau_var = 3.721466e-08 ± 1.465877e-09
Fit (error):    plateau = 0.000193 ± 0.000004
     autocorrelation length ~ 1.7 blocks
     plateau reached at block size ~ 8
Final AFQMC/pt2CCSD overlap ratio: 1.099073 ± 0.001825
Final AFQMC/pt2CCSD energy: -130.159847 ± 0.000193
Total run time: 108.59
------------------------------------------ AFQMC Sampling Finished -------------------------------------------
