------------------------------------------- AFQMC Sampling Started -------------------------------------------
Hostname: gpua016.delta.ncsa.illinois.edu
System Type: Linux
Machine Type: x86_64
Processor: x86_64
Using GPU.
System: Linux
Node Name: gpua016.delta.ncsa.illinois.edu
Release: 5.14.0-427.91.1.el9_4.x86_64
Version: #1 SMP PREEMPT_DYNAMIC Wed Sep 17 10:08:59 EDT 2025
Machine: x86_64
Processor: x86_64
Decomposing Unrestricted T2 amplitudes
Throw 0 vectors in T2 deomposition
SVD cutoff = 1.00e-08 | error = 2.32e-15
number of T2 decomposition vectors 528
norb: 41
nelec: (8, 8)
n_eql: 120
n_blocks: 1000
n_walkers: 300
dt: 0.005
max_error: 0.0
seed: 17
walker_type: uhf
trial: uccsd_pt2
free_projection: False
use_gpu: True
n_exp_terms: 6
n_prop_steps: 50
save_walkers: False
n_batch: 1
nchol_chunk: 100
mix_precision: True
initial AFQMC/pt2CCSD Energy is -168.102844
Propagating with 300 walkers
----------------------------------------------- Equilibration ------------------------------------------------
inv_T        weight  killW        energy   runTime
 0.00    300.000000      0   -167.633101     11.90
 3.00    307.087987      0   -168.142329     18.73
 6.00    306.808576      0   -168.113279     19.60
 9.00    307.489956      0   -168.143078     20.47
12.00    306.934871      0   -168.095790     21.34
15.00    305.875439      0   -168.100075     22.21
18.00    306.709692      0   -168.111515     23.08
21.00    306.639851      0   -168.150712     23.95
24.00    306.163313      0   -168.089993     24.82
27.00    306.439781      0   -168.095838     25.69
30.00    306.485935      0   -168.148989     26.56
---------------------------------------------- Sampling Blocks -----------------------------------------------
blocks        weight  killW       E_Guide     error       E_Trial     error     olp_T/G     error  Walltime
    20    306.875203      0   -168.131863  0.017427   -168.119848  0.002155    1.007736  0.000635   35.37
    40    306.007634      0   -168.126524  0.011224   -168.119748  0.001220    1.007413  0.000584   38.24
    60    305.270036      0   -168.122629  0.007254   -168.118372  0.000902    1.007510  0.000411   41.16
    80    304.694261      0   -168.122036  0.005957   -168.118538  0.000734    1.007356  0.000316   44.03
   100    304.209525      0   -168.121218  0.004778   -168.118537  0.000630    1.007150  0.000271   46.91
   120    303.812599      0   -168.122331  0.004330   -168.119182  0.000680    1.006916  0.000281   49.78
   140    303.431968      0   -168.123804  0.003871   -168.119808  0.000634    1.006694  0.000286   52.64
   160    303.097075      0   -168.124767  0.003708   -168.120046  0.000602    1.006622  0.000265   55.52
   180    302.805829      1   -168.124634  0.003292   -168.119702  0.000556    1.006578  0.000240   58.38
   200    302.556705      1   -168.125600  0.003038   -168.119751  0.000522    1.006521  0.000220   61.33
   220    302.317583      1   -168.124408  0.002809   -168.119732  0.000486    1.006642  0.000220   64.20
   240    302.109498      1   -168.124668  0.002581   -168.119743  0.000461    1.006602  0.000211   67.06
   260    301.933057      1   -168.125322  0.002626   -168.119856  0.000442    1.006698  0.000214   69.93
   280    301.763566      1   -168.125139  0.002488   -168.119868  0.000421    1.006843  0.000228   72.80
   300    301.631129      1   -168.126055  0.002353   -168.120031  0.000411    1.006728  0.000228   75.66
   320    301.491379      1   -168.125929  0.002228   -168.120172  0.000400    1.006737  0.000216   78.53
   340    301.391904      1   -168.127797  0.002333   -168.120200  0.000410    1.006778  0.000207   81.41
   360    301.278046      1   -168.126917  0.002429   -168.120184  0.000393    1.006766  0.000198   84.28
   380    301.176781      1   -168.127171  0.002307   -168.120073  0.000378    1.006744  0.000189   87.15
   400    301.081153      1   -168.127071  0.002202   -168.120369  0.000456    1.006733  0.000182   90.02
   420    300.999316      1   -168.127718  0.002145   -168.120482  0.000469    1.006694  0.000178   92.91
   440    300.921547      1   -168.127971  0.002054   -168.120441  0.000452    1.006681  0.000175   95.78
   460    300.843704      1   -168.127553  0.001987   -168.120420  0.000437    1.006683  0.000170   98.65
   480    300.773868      1   -168.127444  0.001986   -168.120321  0.000424    1.006651  0.000165  101.62
   500    300.707623      1   -168.127484  0.001942   -168.120342  0.000423    1.006654  0.000158  104.49
   520    300.645036      1   -168.127019  0.001951   -168.120287  0.000410    1.006686  0.000156  107.36
   540    300.598174      1   -168.127330  0.001974   -168.120385  0.000403    1.006676  0.000158  110.22
   560    300.545859      1   -168.126922  0.001945   -168.120409  0.000404    1.006689  0.000165  113.09
   580    300.493818      1   -168.126451  0.001921   -168.120374  0.000392    1.006679  0.000161  115.96
   600    300.441385      1   -168.125819  0.001919   -168.120278  0.000381    1.006656  0.000158  118.83
   620    300.393642      1   -168.125615  0.001862   -168.120262  0.000371    1.006644  0.000153  121.70
   640    300.358858      1   -168.125843  0.001893   -168.120371  0.000388    1.006651  0.000155  124.57
   660    300.321567      1   -168.125560  0.001873   -168.120252  0.000380    1.006672  0.000152  127.44
   680    300.278919      1   -168.125284  0.001878   -168.120197  0.000371    1.006690  0.000151  130.31
   700    300.252267      1   -168.125251  0.001822   -168.120120  0.000362    1.006669  0.000148  133.18
   720    300.220665      1   -168.125022  0.001777   -168.120109  0.000354    1.006638  0.000146  136.06
   740    300.192023      1   -168.124862  0.001758   -168.120072  0.000346    1.006634  0.000143  138.92
   760    300.162621      1   -168.124830  0.001768   -168.120020  0.000338    1.006615  0.000143  141.80
   780    300.135655      1   -168.124821  0.001724   -168.120088  0.000334    1.006610  0.000139  144.67
   800    300.114867      1   -168.124950  0.001695   -168.120090  0.000328    1.006609  0.000136  147.55
   820    300.091079      2   -168.124896  0.001657   -168.120078  0.000321    1.006594  0.000134  150.41
   840    300.068648      3   -168.124909  0.001629   -168.120157  0.000330    1.006569  0.000132  153.29
   860    300.052157      3   -168.125252  0.001619   -168.120188  0.000329    1.006540  0.000130  156.16
   880    300.031861      3   -168.125173  0.001593   -168.120232  0.000324    1.006533  0.000128  159.03
   900    300.006829      3   -168.124730  0.001600   -168.120213  0.000318    1.006513  0.000127  161.99
   920    299.990563      3   -168.124597  0.001573   -168.120202  0.000314    1.006494  0.000126  164.86
   940    299.969457      3   -168.124379  0.001569   -168.120191  0.000308    1.006454  0.000128  167.72
   960    299.959322      3   -168.124599  0.001539   -168.120169  0.000303    1.006430  0.000129  170.59
   980    299.945712      3   -168.124912  0.001546   -168.120195  0.000298    1.006413  0.000128  173.46
  1000    299.929867      3   -168.124777  0.001551   -168.120171  0.000294    1.006386  0.000130  176.33
---------------------------------------------- Post Propagation ----------------------------------------------
Total number of samples 1000
Raw AFQMC/HF (Guide) energy:           -168.124777 ± 0.001551
Raw Trial/Guide overlap ratio:          1.006386 ± 0.000130
Raw AFQMC/pt2CCSD energy (covariance): -168.120171 ± 0.000294
Raw AFQMC/pt2CCSD energy (dir sample): -168.120171 ± 0.000250
--------------------------------------------- Clean Obeservation ---------------------------------------------
removing energies outside zeta > 30
Outlier energy bound [-168.275554, -167.961855]
Removed 0 outliers with energies []
Clean AFQMC/pt2CCSD overlap ratio:        1.006386 ± 0.000130
Clean AFQMC/pt2CCSD energy (covariance): -168.120171 ± 0.000294
Clean AFQMC/ptCCSD energy (dir sample):  -168.120171 ± 0.000250
--------------------------------------------- Blocking Analysis ----------------------------------------------
nsample = 1000, max_block_size = 25, min_nblocks = 40
   B    NB    NS  Observable     Error    dError
   1  1000  1000    1.006385  0.000047  0.000001
   2   500  1000    1.006385  0.000063  0.000002
   3   333   999    1.006387  0.000074  0.000003
   4   250  1000    1.006385  0.000082  0.000004
   5   200  1000    1.006385  0.000089  0.000004
   6   166   996    1.006396  0.000094  0.000005
   7   142   994    1.006401  0.000100  0.000006
   8   125  1000    1.006385  0.000104  0.000007
   9   111   999    1.006387  0.000106  0.000007
  10   100  1000    1.006385  0.000108  0.000008
  11    90   990    1.006403  0.000113  0.000008
  12    83   996    1.006396  0.000112  0.000009
  13    76   988    1.006407  0.000112  0.000009
  14    71   994    1.006401  0.000117  0.000010
  15    66   990    1.006403  0.000112  0.000010
  16    62   992    1.006402  0.000122  0.000011
  17    58   986    1.006408  0.000122  0.000011
  18    55   990    1.006403  0.000125  0.000012
  19    52   988    1.006407  0.000126  0.000012
  20    50  1000    1.006385  0.000119  0.000012
  21    47   987    1.006408  0.000122  0.000013
  22    45   990    1.006403  0.000123  0.000013
  23    43   989    1.006405  0.000122  0.000013
  24    41   984    1.006408  0.000125  0.000014
  25    40  1000    1.006385  0.000130  0.000015
Fit (variance): plateau_var = 1.605e-08 ± 1.295e-09
Fit (error):    plateau = 0.000127 ± 0.000005
     autocorrelation length ~ 7.5 blocks
     plateau reached at block size ~ 35
     !!!Failed to reach plateau in blocking
     Return max block error
nclean = 1000, max_block_size = 25, min_nblocks = 40
Blk_SZ   NBlk   NSmp      Energy     Error    dError
     1   1000   1000  -168.119924  0.000250  0.000006
     2    500   1000  -168.119974  0.000274  0.000009
     3    333    999  -168.120012  0.000283  0.000011
     4    250   1000  -168.120027  0.000285  0.000013
     5    200   1000  -168.120038  0.000295  0.000015
     6    166    996  -168.120067  0.000306  0.000017
     7    142    994  -168.120072  0.000290  0.000017
     8    125   1000  -168.120075  0.000308  0.000020
     9    111    999  -168.120095  0.000292  0.000020
    10    100   1000  -168.120084  0.000302  0.000021
    11     90    990  -168.120105  0.000319  0.000024
    12     83    996  -168.120106  0.000307  0.000024
    13     76    988  -168.120129  0.000313  0.000026
    14     71    994  -168.120111  0.000299  0.000025
    15     66    990  -168.120125  0.000314  0.000028
    16     62    992  -168.120121  0.000322  0.000029
    17     58    986  -168.120149  0.000319  0.000030
    18     55    990  -168.120131  0.000322  0.000031
    19     52    988  -168.120149  0.000336  0.000033
    20     50   1000  -168.120129  0.000291  0.000029
    21     47    987  -168.120164  0.000303  0.000032
    22     45    990  -168.120144  0.000315  0.000034
    23     43    989  -168.120151  0.000287  0.000031
    24     41    984  -168.120165  0.000324  0.000036
    25     40   1000  -168.120128  0.000308  0.000035
Fit (variance): plateau_var = 9.474112e-08 ± 4.329909e-09
Fit (error):    plateau = 0.000308 ± 0.000007
     autocorrelation length ~ 2.7 blocks
     plateau reached at block size ~ 11
Final AFQMC/pt2CCSD overlap ratio: 1.006386 ± 0.000130
Final AFQMC/pt2CCSD energy: -168.120171 ± 0.000308
Total run time: 185.73
------------------------------------------ AFQMC Sampling Finished -------------------------------------------
