------------------------------------------- AFQMC Sampling Started -------------------------------------------
Hostname: gpua016.delta.ncsa.illinois.edu
System Type: Linux
Machine Type: x86_64
Processor: x86_64
Using GPU.
System: Linux
Node Name: gpua016.delta.ncsa.illinois.edu
Release: 5.14.0-427.91.1.el9_4.x86_64
Version: #1 SMP PREEMPT_DYNAMIC Wed Sep 17 10:08:59 EDT 2025
Machine: x86_64
Processor: x86_64
Decomposing Unrestricted T2 amplitudes
Throw 0 vectors in T2 deomposition
SVD cutoff = 1.00e-08 | error = 4.51e-15
number of T2 decomposition vectors 1534
norb: 72
nelec: (13, 13)
n_eql: 120
n_blocks: 1000
n_walkers: 300
dt: 0.005
max_error: 0.0
seed: 17
walker_type: uhf
trial: uccsd_pt2
free_projection: False
use_gpu: True
n_exp_terms: 6
n_prop_steps: 50
save_walkers: False
n_batch: 1
nchol_chunk: 100
mix_precision: True
initial AFQMC/pt2CCSD Energy is -157.859266
Propagating with 300 walkers
----------------------------------------------- Equilibration ------------------------------------------------
inv_T        weight  killW        energy   runTime
 0.00    300.000000      0   -157.279110     13.40
 3.00    308.163840      0   -157.865637     21.27
 6.00    308.862265      0   -157.895066     23.11
 9.00    308.465923      0   -157.872455     24.96
12.00    308.055546      0   -157.851670     26.80
15.00    308.227227      0   -157.891553     28.65
18.00    308.062942      0   -157.887374     30.49
21.00    308.545133      0   -157.878777     32.34
24.00    307.628136      0   -157.844676     34.18
27.00    307.549401      0   -157.850941     36.05
30.00    308.647931      0   -157.925392     39.14
---------------------------------------------- Sampling Blocks -----------------------------------------------
blocks        weight  killW       E_Guide     error       E_Trial     error     olp_T/G     error  Walltime
    20    308.307430      0   -157.887775  0.005076   -157.877279  0.001613    1.002003  0.000063   56.35
    40    307.158404      0   -157.874659  0.008734   -157.875663  0.000898    1.002218  0.000171   67.31
    60    306.301096      0   -157.873521  0.005572   -157.875642  0.000645    1.002183  0.000119   78.30
    80    305.685851      0   -157.876495  0.004556   -157.876071  0.000561    1.002091  0.000117   89.45
   100    305.098492      0   -157.876534  0.003731   -157.875858  0.000476    1.002127  0.000102  100.42
   120    304.576638      0   -157.876419  0.003072   -157.875857  0.000440    1.002064  0.000094  111.39
   140    304.103325      0   -157.875060  0.003023   -157.875787  0.000394    1.002080  0.000082  122.35
   160    303.707526      0   -157.876005  0.002744   -157.875820  0.000367    1.002052  0.000075  133.35
   180    303.392260      0   -157.877850  0.002753   -157.875780  0.000344    1.001998  0.000076  144.32
   200    303.105518      0   -157.878447  0.002641   -157.875778  0.000325    1.001959  0.000081  155.29
   220    302.830274      0   -157.878654  0.002524   -157.875623  0.000308    1.001971  0.000074  166.25
   240    302.591790      0   -157.879382  0.002393   -157.875692  0.000302    1.001966  0.000068  177.22
   260    302.361301      0   -157.878505  0.002343   -157.875706  0.000286    1.001957  0.000064  188.20
   280    302.158689      0   -157.878648  0.002185   -157.875633  0.000272    1.001957  0.000060  199.16
   300    301.994052      0   -157.879227  0.002095   -157.875609  0.000258    1.001944  0.000058  210.13
   320    301.825592      0   -157.879449  0.002015   -157.875546  0.000247    1.001943  0.000055  221.09
   340    301.675686      0   -157.879231  0.001933   -157.875493  0.000236    1.001932  0.000053  232.06
   360    301.550922      0   -157.879656  0.001864   -157.875555  0.000230    1.001932  0.000050  243.02
   380    301.434390      0   -157.879788  0.001789   -157.875489  0.000221    1.001927  0.000047  254.00
   400    301.320702      0   -157.879344  0.001730   -157.875499  0.000216    1.001955  0.000049  264.96
   420    301.221024      0   -157.879612  0.001697   -157.875508  0.000210    1.001962  0.000047  275.93
   440    301.129794      0   -157.879728  0.001701   -157.875533  0.000204    1.001962  0.000045  286.90
   460    301.038561      0   -157.879221  0.001688   -157.875493  0.000198    1.001984  0.000048  297.87
   480    300.959752      0   -157.879043  0.001621   -157.875449  0.000192    1.001995  0.000047  308.84
   500    300.887155      0   -157.879378  0.001567   -157.875434  0.000186    1.001994  0.000046  319.80
   520    300.823872      0   -157.879635  0.001515   -157.875469  0.000184    1.002007  0.000045  330.77
   540    300.762111      0   -157.879829  0.001488   -157.875500  0.000181    1.001995  0.000045  341.73
   560    300.710614      0   -157.880154  0.001492   -157.875580  0.000182    1.001988  0.000047  352.70
   580    300.650390      0   -157.879768  0.001475   -157.875586  0.000179    1.001992  0.000046  363.66
   600    300.598003      0   -157.879592  0.001464   -157.875571  0.000176    1.001997  0.000045  374.64
   620    300.553004      0   -157.879481  0.001399   -157.875552  0.000173    1.001998  0.000043  385.61
   640    300.506813      1   -157.879744  0.001372   -157.875545  0.000171    1.001998  0.000042  396.57
   660    300.466142      1   -157.879804  0.001319   -157.875571  0.000171    1.002011  0.000043  407.54
   680    300.429497      1   -157.880277  0.001363   -157.875711  0.000184    1.001999  0.000043  418.50
   700    300.391079      1   -157.880294  0.001330   -157.875692  0.000181    1.002000  0.000042  429.49
   720    300.354371      1   -157.880242  0.001299   -157.875705  0.000179    1.001989  0.000041  440.45
   740    300.317096      1   -157.880149  0.001269   -157.875695  0.000175    1.001994  0.000041  451.41
   760    300.284431      1   -157.880028  0.001260   -157.875621  0.000172    1.002012  0.000044  462.38
   780    300.247194      1   -157.879928  0.001234   -157.875600  0.000170    1.002009  0.000043  473.34
   800    300.219328      1   -157.879904  0.001203   -157.875623  0.000167    1.002001  0.000043  484.30
   820    300.192692      1   -157.879947  0.001179   -157.875629  0.000165    1.001999  0.000042  495.31
   840    300.162020      1   -157.879660  0.001235   -157.875620  0.000163    1.001999  0.000041  506.27
   860    300.135329      1   -157.879635  0.001235   -157.875608  0.000161    1.001998  0.000041  517.23
   880    300.112557      1   -157.879644  0.001205   -157.875574  0.000159    1.001998  0.000040  528.20
   900    300.091530      1   -157.879887  0.001176   -157.875584  0.000156    1.001990  0.000039  539.18
   920    300.067879      1   -157.879793  0.001176   -157.875576  0.000154    1.001995  0.000039  550.15
   940    300.046782      1   -157.879777  0.001151   -157.875552  0.000151    1.002004  0.000039  561.11
   960    300.028344      1   -157.879811  0.001166   -157.875544  0.000149    1.002002  0.000038  572.08
   980    300.007748      1   -157.879840  0.001166   -157.875596  0.000150    1.001997  0.000038  583.03
  1000    299.988788      1   -157.879894  0.001140   -157.875597  0.000149    1.001997  0.000038  593.99
---------------------------------------------- Post Propagation ----------------------------------------------
Total number of samples 1000
Raw AFQMC/HF (Guide) energy:           -157.879894 ± 0.001140
Raw Trial/Guide overlap ratio:          1.001997 ± 0.000038
Raw AFQMC/pt2CCSD energy (covariance): -157.875597 ± 0.000149
Raw AFQMC/pt2CCSD energy (dir sample): -157.875597 ± 0.000128
--------------------------------------------- Clean Obeservation ---------------------------------------------
removing energies outside zeta > 30
Outlier energy bound [-157.976024, -157.773909]
Removed 0 outliers with energies []
Clean AFQMC/pt2CCSD overlap ratio:        1.001997 ± 0.000038
Clean AFQMC/pt2CCSD energy (covariance): -157.875597 ± 0.000149
Clean AFQMC/ptCCSD energy (dir sample):  -157.875597 ± 0.000128
--------------------------------------------- Blocking Analysis ----------------------------------------------
nsample = 1000, max_block_size = 25, min_nblocks = 40
   B    NB    NS  Observable     Error    dError
   1  1000  1000    1.001997  0.000013  0.000000
   2   500  1000    1.001997  0.000017  0.000001
   3   333   999    1.001997  0.000020  0.000001
   4   250  1000    1.001997  0.000023  0.000001
   5   200  1000    1.001997  0.000025  0.000001
   6   166   996    1.001998  0.000027  0.000001
   7   142   994    1.001998  0.000028  0.000002
   8   125  1000    1.001997  0.000029  0.000002
   9   111   999    1.001997  0.000030  0.000002
  10   100  1000    1.001997  0.000031  0.000002
  11    90   990    1.001997  0.000032  0.000002
  12    83   996    1.001998  0.000032  0.000003
  13    76   988    1.001998  0.000031  0.000003
  14    71   994    1.001998  0.000035  0.000003
  15    66   990    1.001997  0.000033  0.000003
  16    62   992    1.001997  0.000035  0.000003
  17    58   986    1.001998  0.000034  0.000003
  18    55   990    1.001997  0.000035  0.000003
  19    52   988    1.001998  0.000037  0.000004
  20    50  1000    1.001997  0.000037  0.000004
  21    47   987    1.001998  0.000037  0.000004
  22    45   990    1.001997  0.000037  0.000004
  23    43   989    1.001997  0.000036  0.000004
  24    41   984    1.001998  0.000038  0.000004
  25    40  1000    1.001997  0.000035  0.000004
Fit (variance): plateau_var = 1.452e-09 ± 1.454e-10
Fit (error):    plateau = 0.000038 ± 0.000002
     autocorrelation length ~ 9.7 blocks
     plateau reached at block size ~ 45
     !!!Failed to reach plateau in blocking
     Return max block error
nclean = 1000, max_block_size = 25, min_nblocks = 40
Blk_SZ   NBlk   NSmp      Energy     Error    dError
     1   1000   1000  -157.875486  0.000128  0.000003
     2    500   1000  -157.875512  0.000146  0.000005
     3    333    999  -157.875535  0.000164  0.000006
     4    250   1000  -157.875538  0.000163  0.000007
     5    200   1000  -157.875547  0.000172  0.000009
     6    166    996  -157.875562  0.000171  0.000009
     7    142    994  -157.875564  0.000164  0.000010
     8    125   1000  -157.875561  0.000172  0.000011
     9    111    999  -157.875571  0.000184  0.000012
    10    100   1000  -157.875563  0.000185  0.000013
    11     90    990  -157.875581  0.000166  0.000012
    12     83    996  -157.875579  0.000172  0.000013
    13     76    988  -157.875580  0.000174  0.000014
    14     71    994  -157.875579  0.000173  0.000015
    15     66    990  -157.875591  0.000173  0.000015
    16     62    992  -157.875593  0.000180  0.000016
    17     58    986  -157.875576  0.000170  0.000016
    18     55    990  -157.875592  0.000200  0.000019
    19     52    988  -157.875589  0.000191  0.000019
    20     50   1000  -157.875577  0.000170  0.000017
    21     47    987  -157.875583  0.000191  0.000020
    22     45    990  -157.875598  0.000186  0.000020
    23     43    989  -157.875591  0.000180  0.000020
    24     41    984  -157.875579  0.000188  0.000021
    25     40   1000  -157.875584  0.000172  0.000019
Fit (variance): plateau_var = 3.113746e-08 ± 1.299303e-09
Fit (error):    plateau = 0.000176 ± 0.000004
     autocorrelation length ~ 2.2 blocks
     plateau reached at block size ~ 10
Final AFQMC/pt2CCSD overlap ratio: 1.001997 ± 0.000038
Final AFQMC/pt2CCSD energy: -157.875597 ± 0.000176
Total run time: 603.33
------------------------------------------ AFQMC Sampling Finished -------------------------------------------
