------------------------------------------- AFQMC Sampling Started -------------------------------------------
Hostname: gpua016.delta.ncsa.illinois.edu
System Type: Linux
Machine Type: x86_64
Processor: x86_64
Using GPU.
System: Linux
Node Name: gpua016.delta.ncsa.illinois.edu
Release: 5.14.0-427.91.1.el9_4.x86_64
Version: #1 SMP PREEMPT_DYNAMIC Wed Sep 17 10:08:59 EDT 2025
Machine: x86_64
Processor: x86_64
Decomposing Unrestricted T2 amplitudes
Throw 0 vectors in T2 deomposition
SVD cutoff = 1.00e-08 | error = 1.06e-15
number of T2 decomposition vectors 120
norb: 19
nelec: (4, 4)
n_eql: 120
n_blocks: 1000
n_walkers: 300
dt: 0.005
max_error: 0.0
seed: 17
walker_type: uhf
trial: uccsd_pt2
free_projection: False
use_gpu: True
n_exp_terms: 6
n_prop_steps: 50
save_walkers: False
n_batch: 1
nchol_chunk: 100
mix_precision: True
initial AFQMC/pt2CCSD Energy is -56.359137
Propagating with 300 walkers
----------------------------------------------- Equilibration ------------------------------------------------
inv_T        weight  killW        energy   runTime
 0.00    300.000000      0    -56.176099     10.29
 3.00    302.471266      0    -56.338464     16.42
 6.00    302.715748      0    -56.376918     16.94
 9.00    302.599981      0    -56.375450     17.47
12.00    302.447399      0    -56.368044     17.99
15.00    302.669841      0    -56.368269     18.52
18.00    302.636322      0    -56.373909     19.04
21.00    302.461430      0    -56.346647     19.57
24.00    302.368951      0    -56.358467     20.09
27.00    302.099286      0    -56.362320     20.61
30.00    302.804855      0    -56.363799     21.14
---------------------------------------------- Sampling Blocks -----------------------------------------------
blocks        weight  killW       E_Guide     error       E_Trial     error     olp_T/G     error  Walltime
    20    302.576880      0    -56.360447  0.003422    -56.362116  0.000420    1.000233  0.000039   27.51
    40    302.276092      0    -56.359703  0.002079    -56.361793  0.000248    1.000250  0.000023   28.61
    60    302.015058      0    -56.360955  0.002906    -56.361220  0.001074    1.000254  0.000019   29.71
    80    301.786147      0    -56.360923  0.002220    -56.361319  0.000810    1.000248  0.000019   30.80
   100    301.607902      0    -56.360412  0.001768    -56.361417  0.000651    1.000236  0.000019   31.90
   120    301.446007      0    -56.360261  0.001467    -56.361495  0.000544    1.000232  0.000016   33.00
   140    301.325711      0    -56.360717  0.001300    -56.361478  0.000467    1.000233  0.000015   34.10
   160    301.198163      0    -56.360274  0.001230    -56.361492  0.000410    1.000252  0.000019   35.20
   180    301.083038      0    -56.360490  0.001134    -56.361547  0.000366    1.000255  0.000018   36.30
   200    300.993195      0    -56.360816  0.001067    -56.361558  0.000331    1.000254  0.000017   37.40
   220    300.913929      0    -56.360996  0.000998    -56.361666  0.000304    1.000243  0.000017   38.50
   240    300.847142      0    -56.361645  0.001026    -56.361692  0.000280    1.000240  0.000017   39.61
   260    300.779458      0    -56.361741  0.001039    -56.361697  0.000260    1.000245  0.000016   40.71
   280    300.728197      0    -56.362668  0.001121    -56.361940  0.000270    1.000241  0.000015   41.81
   300    300.674720      0    -56.363099  0.001122    -56.361942  0.000255    1.000239  0.000014   42.92
   320    300.627687      0    -56.363333  0.001184    -56.361957  0.000242    1.000239  0.000015   44.02
   340    300.572401      0    -56.362966  0.001159    -56.361968  0.000228    1.000236  0.000015   45.12
   360    300.528139      0    -56.363034  0.001097    -56.361996  0.000218    1.000237  0.000014   46.23
   380    300.489958      0    -56.363054  0.001063    -56.362018  0.000208    1.000236  0.000014   47.33
   400    300.449019      0    -56.362893  0.001002    -56.361990  0.000198    1.000245  0.000014   48.44
   420    300.418287      0    -56.363022  0.000967    -56.362018  0.000190    1.000248  0.000014   49.55
   440    300.391584      0    -56.363337  0.000970    -56.361993  0.000182    1.000246  0.000014   50.65
   460    300.366879      0    -56.363636  0.000952    -56.362065  0.000192    1.000243  0.000014   51.76
   480    300.344221      0    -56.363460  0.000945    -56.362053  0.000184    1.000248  0.000014   52.87
   500    300.325352      0    -56.363543  0.000916    -56.362072  0.000177    1.000252  0.000014   53.97
   520    300.306150      0    -56.363714  0.000918    -56.362085  0.000171    1.000255  0.000013   55.07
   540    300.285274      0    -56.363584  0.000896    -56.362099  0.000166    1.000258  0.000013   56.17
   560    300.262038      0    -56.363400  0.000884    -56.362144  0.000165    1.000262  0.000014   57.38
   580    300.242645      0    -56.363388  0.000866    -56.362124  0.000159    1.000264  0.000014   58.49
   600    300.220703      0    -56.363107  0.000857    -56.362102  0.000154    1.000262  0.000013   59.60
   620    300.200632      0    -56.362917  0.000848    -56.362091  0.000150    1.000262  0.000013   60.70
   640    300.187629      0    -56.362978  0.000869    -56.362098  0.000146    1.000263  0.000013   61.81
   660    300.174733      0    -56.362921  0.000847    -56.362093  0.000141    1.000261  0.000013   62.91
   680    300.160892      0    -56.362883  0.000833    -56.362085  0.000138    1.000264  0.000013   64.01
   700    300.146269      0    -56.362762  0.000814    -56.362076  0.000134    1.000265  0.000012   65.11
   720    300.133817      0    -56.362720  0.000792    -56.362071  0.000131    1.000264  0.000012   66.22
   740    300.122292      0    -56.362725  0.000775    -56.362047  0.000127    1.000264  0.000012   67.32
   760    300.113986      0    -56.362739  0.000763    -56.362043  0.000124    1.000265  0.000012   68.43
   780    300.100560      0    -56.362643  0.000753    -56.362054  0.000122    1.000265  0.000011   69.53
   800    300.090330      0    -56.362594  0.000732    -56.362058  0.000119    1.000265  0.000011   70.64
   820    300.079840      0    -56.362571  0.000718    -56.362050  0.000117    1.000268  0.000011   71.74
   840    300.071270      0    -56.362516  0.000709    -56.362044  0.000114    1.000267  0.000011   72.84
   860    300.061613      0    -56.362366  0.000698    -56.362039  0.000112    1.000269  0.000011   73.94
   880    300.053968      0    -56.362351  0.000695    -56.362028  0.000109    1.000271  0.000011   75.05
   900    300.046159      0    -56.362288  0.000682    -56.362033  0.000108    1.000272  0.000011   76.15
   920    300.037046      0    -56.362198  0.000698    -56.362022  0.000105    1.000272  0.000011   77.25
   940    300.030616      0    -56.362265  0.000692    -56.362022  0.000103    1.000270  0.000011   78.36
   960    300.026175      0    -56.362372  0.000700    -56.362015  0.000101    1.000268  0.000011   79.47
   980    300.022811      0    -56.362484  0.000700    -56.362016  0.000100    1.000268  0.000011   80.57
  1000    300.017546      0    -56.362578  0.000687    -56.362033  0.000099    1.000267  0.000010   81.66
---------------------------------------------- Post Propagation ----------------------------------------------
Total number of samples 1000
Raw AFQMC/HF (Guide) energy:           -56.362578 ± 0.000687
Raw Trial/Guide overlap ratio:          1.000267 ± 0.000010
Raw AFQMC/pt2CCSD energy (covariance): -56.362033 ± 0.000099
Raw AFQMC/pt2CCSD energy (dir sample): -56.362033 ± 0.000080
--------------------------------------------- Clean Obeservation ---------------------------------------------
removing energies outside zeta > 30
Outlier energy bound [-56.394079, -56.329147]
Removed 1 outliers with energies [-56.31604678]
Clean AFQMC/pt2CCSD overlap ratio:        1.000267 ± 0.000010
Clean AFQMC/pt2CCSD energy (covariance): -56.362079 ± 0.000076
Clean AFQMC/ptCCSD energy (dir sample):  -56.362079 ± 0.000066
--------------------------------------------- Blocking Analysis ----------------------------------------------
nsample = 999, max_block_size = 24, min_nblocks = 40
   B    NB    NS  Observable     Error    dError
   1   999   999    1.000267  0.000004  0.000000
   2   499   998    1.000267  0.000006  0.000000
   3   333   999    1.000267  0.000006  0.000000
   4   249   996    1.000267  0.000007  0.000000
   5   199   995    1.000267  0.000007  0.000000
   6   166   996    1.000267  0.000008  0.000000
   7   142   994    1.000267  0.000008  0.000000
   8   124   992    1.000267  0.000008  0.000001
   9   111   999    1.000267  0.000008  0.000001
  10    99   990    1.000267  0.000008  0.000001
  11    90   990    1.000267  0.000009  0.000001
  12    83   996    1.000267  0.000009  0.000001
  13    76   988    1.000267  0.000008  0.000001
  14    71   994    1.000267  0.000009  0.000001
  15    66   990    1.000267  0.000009  0.000001
  16    62   992    1.000267  0.000009  0.000001
  17    58   986    1.000267  0.000010  0.000001
  18    55   990    1.000267  0.000010  0.000001
  19    52   988    1.000267  0.000010  0.000001
  20    49   980    1.000268  0.000009  0.000001
  21    47   987    1.000267  0.000010  0.000001
  22    45   990    1.000267  0.000010  0.000001
  23    43   989    1.000267  0.000010  0.000001
  24    41   984    1.000267  0.000010  0.000001
Fit (variance): plateau_var = 9.381e-11 ± 7.471e-12
Fit (error):    plateau = 0.000010 ± 0.000000
     autocorrelation length ~ 6.6 blocks
     plateau reached at block size ~ 31
     !!!Failed to reach plateau in blocking
     Return max block error
nclean = 999, max_block_size = 24, min_nblocks = 40
Blk_SZ   NBlk   NSmp      Energy     Error    dError
     1    999    999  -56.362032  0.000066  0.000001
     2    499    998  -56.362044  0.000072  0.000002
     3    333    999  -56.362048  0.000086  0.000003
     4    249    996  -56.362050  0.000081  0.000004
     5    199    995  -56.362044  0.000088  0.000004
     6    166    996  -56.362056  0.000082  0.000004
     7    142    994  -56.362044  0.000082  0.000005
     8    124    992  -56.362043  0.000084  0.000005
     9    111    999  -56.362066  0.000091  0.000006
    10     99    990  -56.362048  0.000086  0.000006
    11     90    990  -56.362049  0.000080  0.000006
    12     83    996  -56.362066  0.000080  0.000006
    13     76    988  -56.362050  0.000085  0.000007
    14     71    994  -56.362050  0.000085  0.000007
    15     66    990  -56.362051  0.000086  0.000008
    16     62    992  -56.362051  0.000080  0.000007
    17     58    986  -56.362052  0.000085  0.000008
    18     55    990  -56.362051  0.000082  0.000008
    19     52    988  -56.362053  0.000080  0.000008
    20     49    980  -56.362056  0.000093  0.000009
    21     47    987  -56.362054  0.000084  0.000009
    22     45    990  -56.362053  0.000087  0.000009
    23     43    989  -56.362054  0.000080  0.000009
    24     41    984  -56.362054  0.000082  0.000009
Fit (variance): plateau_var = 7.063813e-09 ± 2.652753e-10
Fit (error):    plateau = 0.000084 ± 0.000002
     autocorrelation length ~ 1.5 blocks
     plateau reached at block size ~ 7
Final AFQMC/pt2CCSD overlap ratio: 1.000267 ± 0.000010
Final AFQMC/pt2CCSD energy: -56.362079 ± 0.000084
Total run time: 90.65
------------------------------------------ AFQMC Sampling Finished -------------------------------------------
