#INFO: **** input file is /projects/yizh8382/projects/w4_17/w4-17_all/pyscf_input/run_pyscf_vdzsd.py ****
import os
import glob
import numpy as np
from pyscf import gto, scf, cc

# basis = "ccpvdz"
xyz_dir = "../w4_17_xyz/closed_shell"
results_file = f"../result/closed_shell_rhf_sym_vdzsd.dat"
out_dir = "../result/molout/closed_shell"
os.makedirs(out_dir, exist_ok=True)

# Set to a list of molecule names to run only those, e.g. ["acetaldehyde", "benzene"]
# Set to None to run all molecules in xyz_dir
select_molecules = None
symmetry = True

def vdzsd(elem):
    if elem in ('H', 'He'):
        raw_basis = gto.basis.load('ccpvdz', elem)
        return [b for b in raw_basis if b[0] != 1]
    else:
        return gto.basis.load('ccpvdz', elem)

def get_vdzsd_basis(atoms):
    elems = {line.split()[0] for line in atoms.strip().splitlines() if line.strip()}
    basis_dict = {el: vdzsd(el) for el in elems}
    return basis_dict

all_xyz = sorted(glob.glob(os.path.join(xyz_dir, "*.xyz")))
if select_molecules is not None:
    select_set = set(select_molecules)
    xyz_files = [p for p in all_xyz if os.path.splitext(os.path.basename(p))[0] in select_set]
    missing = select_set - {os.path.splitext(os.path.basename(p))[0] for p in xyz_files}
    if missing:
        print(f"Warning: no .xyz file found for: {', '.join(sorted(missing))} in {xyz_dir}")
else:
    xyz_files = all_xyz

with open(results_file, "w") as out:
    out.write(f"{'Molecule':<16s} {'Charge':>6s} {'2S':>6s} {'frozen':>6s} "
              f"{'E_RHF (Eh)':>20s} {'E_CCSD (Eh)':>20s} {'E_CCSD(T) (Eh)':>20s}\n")
    out.write("-" * 100 + "\n")

for xyz_path in xyz_files:
    with open(xyz_path, "r") as f:
        lines = f.readlines()

    # Parse charge and multiplicity from second line: "name charge=X mult=Y"
    second_line = lines[1]
    charge = int(second_line.split("charge=")[1].split()[0])
    mult   = int(second_line.split("mult=")[1].split()[0])
    spin   = mult - 1   # PySCF spin input is 2S = mult - 1
    mol_name = second_line.split()[0]

    # Coordinates only (skip the atom count and comment lines)
    atoms = "".join(lines[2:])
    basis_dict = get_vdzsd_basis(atoms)

    print(f"\n{'='*60}")
    print(f"Running: {mol_name}  charge={charge}  spin={spin}")
    print(f"{'='*60}")
    
    mol = gto.M(
        atom=atoms,
        basis=basis_dict,
        verbose=4,
        output=os.path.join(out_dir, f"{mol_name}_sym_vdzsd.out"),
        unit="angstrom",
        symmetry=symmetry,
        charge=charge,
        spin=spin,
        max_memory=40000,
    )

    mf = scf.RHF(mol)
    mf.max_cycle = 200
    mf = mf.newton()
    mf.kernel()

    # Stability check loop — at most 10 attempts
    max_stability_cycles = 10
    stable = False
    for stability_iter in range(max_stability_cycles):
        mo_i, _, stable, _ = mf.stability(return_status=True)
        if stable:
            break
        dm = mf.make_rdm1(mo_i, mf.mo_occ)
        mf.kernel(dm0=dm)

    if not stable or not mf.converged:
        print(f"  !! SCF did not converge for {mol_name} — skipping.")
        with open(results_file, "a") as out:
            out.write(f"{mol_name:<16s} {charge:>6d} {spin:>6d} {'N/A':>6s} "
                      f"{'UNCONVERGED':>20s} {'UNCONVERGED':>20s} {'UNCONVERGED':>20s}\n")
        continue

    energy = mf.e_tot

    mycc = cc.CCSD(mf)
    mycc.set_frozen()
    mycc.kernel()
    e_ccsd = mycc.e_tot
    et = mycc.ccsd_t()
    e_ccsdt = e_ccsd + et
    frozen = mycc.frozen

    with open(results_file, "a") as out:
        out.write(f"{mol_name:<16s} {charge:>6d} {spin:>6d} {frozen:>6d} "
                  f"{energy:>20.10f} {e_ccsd:>20.10f} {e_ccsdt:>20.10f}\n")

    print(f"  => E_RHF({mol_name})     = {energy:.10f} Eh")
    print(f"  => E_CCSD({mol_name})    = {e_ccsd:.10f} Eh")
    print(f"  => E_CCSD(T)({mol_name}) = {e_ccsdt:.10f} Eh")

print(f"\nAll calculations complete. Results saved to {results_file}")
#INFO: ******************** input file end ********************


System: uname_result(system='Linux', node='bnode0309.rc.int.colorado.edu', release='4.18.0-477.27.1.el8_8.x86_64', version='#1 SMP Thu Aug 31 10:29:22 EDT 2023', machine='x86_64')  Threads 28
Python 3.10.2 | packaged by conda-forge | (main, Mar  8 2022, 15:52:01) [GCC 9.4.0]
numpy 2.0.2  scipy 1.14.1  h5py 3.12.1
Date: Thu May 14 09:59:34 2026
PySCF version 2.9.0
PySCF path  /projects/yizh8382/tools/lno_pyscf_gcc
GIT HEAD (branch master) 142756584ed3963728cc1f6823286f4605811a6c

[ENV] PYSCF_TMPDIR /scratch/alpine/yizh8382/pyscf
[ENV] PYSCF_EXT_PATH /home/yizh8382/tools/pyscf-forge
[CONFIG] conf_file None
[INPUT] verbose = 4
[INPUT] num. atoms = 3
[INPUT] num. electrons = 30
[INPUT] charge = 0
[INPUT] spin (= nelec alpha-beta = 2S) = 0
[INPUT] symmetry True subgroup None
[INPUT] Mole.unit = angstrom
[INPUT] Symbol           X                Y                Z      unit          X                Y                Z       unit  Magmom
[INPUT]  1 O      0.000000000000   0.000000000000  -1.685171000000 AA    0.000000000000   0.000000000000  -3.184511663059 Bohr   0.0
[INPUT]  2 C      0.000000000000   0.000000000000  -0.526739000000 AA    0.000000000000   0.000000000000  -0.995392449127 Bohr   0.0
[INPUT]  3 S      0.000000000000   0.000000000000   1.040112000000 AA    0.000000000000   0.000000000000   1.965526818874 Bohr   0.0

nuclear repulsion = 79.2031732342582
point group symmetry = Coov
symmetry origin: [ 0.00000000e+00  0.00000000e+00 -6.29908708e-07]
symmetry axis x: [1. 0. 0.]
symmetry axis y: [0. 1. 0.]
symmetry axis z: [0. 0. 1.]
num. orbitals of irrep A1 = 20
num. orbitals of irrep E1x = 10
num. orbitals of irrep E1y = 10
num. orbitals of irrep E2x = 3
num. orbitals of irrep E2y = 3
number of shells = 15
number of NR pGTOs = 93
number of NR cGTOs = 46
basis = {'C': [[0, [6665.0, 0.000692, -0.000146], [1000.0, 0.005329, -0.001154], [228.0, 0.027077, -0.005725], [64.71, 0.101718, -0.023312], [21.06, 0.27474, -0.063955], [7.495, 0.448564, -0.149981], [2.797, 0.285074, -0.127262], [0.5215, 0.015204, 0.544529]], [0, [0.1596, 1.0]], [1, [9.439, 0.038109], [2.002, 0.20948], [0.5456, 0.508557]], [1, [0.1517, 1.0]], [2, [0.55, 1.0]]], 'O': [[0, [11720.0, 0.00071, -0.00016], [1759.0, 0.00547, -0.001263], [400.8, 0.027837, -0.006267], [113.7, 0.1048, -0.025716], [37.03, 0.283062, -0.070924], [13.27, 0.448719, -0.165411], [5.025, 0.270952, -0.116955], [1.013, 0.015458, 0.557368]], [0, [0.3023, 1.0]], [1, [17.7, 0.043018], [3.854, 0.228913], [1.046, 0.508728]], [1, [0.2753, 1.0]], [2, [1.185, 1.0]]], 'S': [[0, [110800.0, 0.000247635, -6.87039e-05, 1.99077e-05], [16610.0, 0.00192026, -0.000527681, 0.000153483], [3781.0, 0.00996192, -0.00279671, 0.000809503], [1071.0, 0.0402975, -0.0112651, 0.00328974], [349.8, 0.128604, -0.0388834, 0.0112967], [126.3, 0.30348, -0.0995025, 0.0296385], [49.26, 0.421432, -0.19974, 0.0599851], [20.16, 0.230781, -0.12336, 0.0413248], [5.72, 0.0178971, 0.513194, -0.207474], [2.182, -0.00297516, 0.60712, -0.392889], [0.4327, 0.000849522, 0.0396753, 0.63284]], [0, [0.157, 1.0]], [1, [399.7, 0.00447541, -0.00116251], [94.19, 0.0341708, -0.00865664], [29.75, 0.14425, -0.0390886], [10.77, 0.353928, -0.0934625], [4.119, 0.459085, -0.147994], [1.625, 0.206383, 0.0301904], [0.4726, 0.0102141, 0.561573]], [1, [0.1407, 1.0]], [2, [0.479, 1.0]]]}
ecp = {}
CPU time:     13093.87
Freeze 0 electrons in irreps []
    30 free electrons in irreps A1 E1x E1y E2x E2y




******** <class 'pyscf.soscf.newton_ah.SecondOrderSymAdaptedRHF'> ********
method = SecondOrderSymAdaptedRHF
initial guess = minao
damping factor = 0
level_shift factor = 0
DIIS = <class 'pyscf.scf.diis.CDIIS'>
diis_start_cycle = 1
diis_space = 8
diis_damp = 0
SCF conv_tol = 1e-09
SCF conv_tol_grad = None
SCF max_cycles = 200
direct_scf = True
direct_scf_tol = 1e-13
chkfile to save SCF result = /scratch/alpine/yizh8382/pyscf/tmp8vxx7uvu
max_memory 40000 MB (current use 1845 MB)
******** <class 'pyscf.scf.hf_symm.SymAdaptedRHF'> Newton solver flags ********
SCF tol = 1e-09
conv_tol_grad = None
max. SCF cycles = 200
direct_scf = True
direct_scf_tol = 1e-13
chkfile to save SCF result = /scratch/alpine/yizh8382/pyscf/tmp8vxx7uvu
max_cycle_inner = 12
max_stepsize = 0.05
ah_start_tol = 1e+09
ah_level_shift = 0
ah_conv_tol = 1e-12
ah_lindep = 1e-14
ah_start_cycle = 1
ah_max_cycle = 40
ah_grad_trust_region = 2.5
kf_interval = 4
kf_trust_region = 5
canonicalization = True
max_memory 40000 MB (current use 1845 MB)
Set conv_tol_grad to 3.16228e-05
Initial guess from minao.
HOMO (E1y) = -0.340502564774318  LUMO (E1y) = 0.0661918029869502
Initial guess E= -510.184126429939  |g|= 0.675399
macro= 0  E= -510.290499364752  delta_E= -0.106373  |g|= 0.0921291  3 KF 9 JK
macro= 1  E= -510.290613803886  delta_E= -0.000114439  |g|= 6.32056e-05  3 KF 11 JK
macro= 2  E= -510.290613803887  delta_E= -1.13687e-12  |g|= 2.96536e-06  1 KF 2 JK
Canonicalize SCF orbitals
macro X = 3  E=-510.290613803887  |g|= 2.96536e-06  total 8 KF 26 JK
converged SCF energy = -510.290613803887
rhf_internal: lowest eigs of H = [0.74600584 1.42817045 1.48539642]
<class 'pyscf.soscf.newton_ah.SecondOrderSymAdaptedRHF'> wavefunction is stable in the internal stability analysis

******** <class 'pyscf.cc.ccsd.CCSD'> ********
CC2 = 0
CCSD nocc = 8, nmo = 39
frozen orbitals 7
max_cycle = 50
direct = 0
conv_tol = 1e-07
conv_tol_normt = 1e-05
diis_space = 6
diis_start_cycle = 0
diis_start_energy_diff = 1e+09
max_memory 40000 MB (current use 1845 MB)
Init t2, MP2 energy = -510.726707183297  E_corr(MP2) -0.436093379409404
Init E_corr(CCSD) = -0.436093379410496
cycle = 1  E_corr(CCSD) = -0.421836067103389  dE = 0.0142573123  norm(t1,t2) = 0.0812934
cycle = 2  E_corr(CCSD) = -0.441309717570692  dE = -0.0194736505  norm(t1,t2) = 0.0306014
cycle = 3  E_corr(CCSD) = -0.439152713130106  dE = 0.00215700444  norm(t1,t2) = 0.0167884
cycle = 4  E_corr(CCSD) = -0.441152285109418  dE = -0.00199957198  norm(t1,t2) = 0.00539252
cycle = 5  E_corr(CCSD) = -0.44125809008261  dE = -0.000105804973  norm(t1,t2) = 0.000955637
cycle = 6  E_corr(CCSD) = -0.441188472627696  dE = 6.96174549e-05  norm(t1,t2) = 0.000469646
cycle = 7  E_corr(CCSD) = -0.441158125203315  dE = 3.03474244e-05  norm(t1,t2) = 0.000104139
cycle = 8  E_corr(CCSD) = -0.44116649419796  dE = -8.36899464e-06  norm(t1,t2) = 5.12911e-05
cycle = 9  E_corr(CCSD) = -0.441166236892242  dE = 2.57305718e-07  norm(t1,t2) = 1.68104e-05
cycle = 10  E_corr(CCSD) = -0.4411654748978  dE = 7.61994442e-07  norm(t1,t2) = 5.11043e-06
cycle = 11  E_corr(CCSD) = -0.441165684716287  dE = -2.09818486e-07  norm(t1,t2) = 1.8627e-06
cycle = 12  E_corr(CCSD) = -0.441165539870907  dE = 1.4484538e-07  norm(t1,t2) = 6.97259e-07
cycle = 13  E_corr(CCSD) = -0.441165553082935  dE = -1.32120279e-08  norm(t1,t2) = 1.94663e-07
CCSD converged
E(CCSD) = -510.7317793569701  E_corr = -0.4411655530829347
CCSD(T) correction = -0.0200444561077307
