------------------------------------------- AFQMC Sampling Started -------------------------------------------
Hostname: gpua016.delta.ncsa.illinois.edu
System Type: Linux
Machine Type: x86_64
Processor: x86_64
Using GPU.
System: Linux
Node Name: gpua016.delta.ncsa.illinois.edu
Release: 5.14.0-427.91.1.el9_4.x86_64
Version: #1 SMP PREEMPT_DYNAMIC Wed Sep 17 10:08:59 EDT 2025
Machine: x86_64
Processor: x86_64
Decomposing Unrestricted T2 amplitudes
Throw 0 vectors in T2 deomposition
SVD cutoff = 1.00e-08 | error = 1.32e-15
number of T2 decomposition vectors 560
norb: 43
nelec: (8, 8)
n_eql: 120
n_blocks: 1000
n_walkers: 300
dt: 0.005
max_error: 0.0
seed: 17
walker_type: uhf
trial: uccsd_pt2
free_projection: False
use_gpu: True
n_exp_terms: 6
n_prop_steps: 50
save_walkers: False
n_batch: 1
nchol_chunk: 100
mix_precision: True
initial AFQMC/pt2CCSD Energy is -152.036772
Propagating with 300 walkers
----------------------------------------------- Equilibration ------------------------------------------------
inv_T        weight  killW        energy   runTime
 0.00    300.000000      0   -151.587567     12.16
 3.00    306.745424      0   -152.036646     18.99
 6.00    306.375721      0   -152.045474     19.87
 9.00    306.955851      0   -152.039994     20.76
12.00    307.096636      0   -152.063125     21.64
15.00    307.254977      0   -152.117658     22.52
18.00    305.964336      0   -152.041348     23.40
21.00    305.708468      0   -152.052123     24.28
24.00    305.913621      0   -152.022609     25.17
27.00    306.432416      0   -152.054238     26.05
30.00    306.026848      0   -152.045449     26.93
---------------------------------------------- Sampling Blocks -----------------------------------------------
blocks        weight  killW       E_Guide     error       E_Trial     error     olp_T/G     error  Walltime
    20    306.151427      1   -152.047932  0.009741   -152.051766  0.000605    1.060093  0.001015   36.11
    40    305.696112      1   -152.063881  0.011023   -152.055219  0.000989    1.059334  0.001072   39.13
    60    305.013574      1   -152.061404  0.007168   -152.054905  0.000842    1.060069  0.000890   42.15
    80    304.442745      1   -152.056870  0.005970   -152.054896  0.000700    1.060345  0.000757   45.16
   100    303.953956      1   -152.054661  0.004985   -152.054882  0.000597    1.060404  0.000675   48.18
   120    303.530276      2   -152.056055  0.004229   -152.055586  0.000612    1.060339  0.000564   51.20
   140    303.168240      2   -152.055633  0.003834   -152.055699  0.000568    1.060269  0.000488   54.22
   160    302.858758      2   -152.055757  0.003394   -152.055458  0.000527    1.060168  0.000448   57.23
   180    302.602148      2   -152.057251  0.003307   -152.055603  0.000502    1.060272  0.000400   60.24
   200    302.352539      3   -152.056598  0.003059   -152.055598  0.000472    1.060594  0.000426   63.26
   220    302.129377      4   -152.056433  0.002882   -152.055765  0.000445    1.060650  0.000412   66.28
   240    301.941256      5   -152.056325  0.002667   -152.055817  0.000416    1.060830  0.000429   69.30
   260    301.784373      5   -152.057682  0.002748   -152.055820  0.000390    1.060923  0.000399   72.31
   280    301.614679      6   -152.057298  0.002576   -152.055633  0.000370    1.061152  0.000399   75.33
   300    301.468909      6   -152.056825  0.002451   -152.055456  0.000356    1.061442  0.000423   78.35
   320    301.348292      7   -152.056972  0.002355   -152.055595  0.000352    1.061564  0.000406   81.37
   340    301.241584      7   -152.057238  0.002242   -152.055772  0.000353    1.061681  0.000395   84.40
   360    301.128266      7   -152.056921  0.002084   -152.055745  0.000347    1.061893  0.000396   87.41
   380    301.041792      8   -152.057190  0.002000   -152.055747  0.000336    1.061964  0.000379   90.48
   400    300.963726      8   -152.057908  0.002013   -152.056024  0.000365    1.061960  0.000361   93.50
   420    300.888002      8   -152.058099  0.001931   -152.055978  0.000351    1.061750  0.000377   96.51
   440    300.809347      9   -152.057565  0.002032   -152.056006  0.000345    1.061790  0.000394   99.54
   460    300.740527      9   -152.057563  0.001996   -152.056018  0.000334    1.061829  0.000384  102.55
   480    300.676779     10   -152.057716  0.001972   -152.056016  0.000326    1.061903  0.000373  105.57
   500    300.619196     10   -152.058008  0.001943   -152.056044  0.000319    1.061887  0.000358  108.59
   520    300.568582     10   -152.057848  0.001853   -152.056070  0.000313    1.062008  0.000361  111.61
   540    300.517514     10   -152.057783  0.001810   -152.056006  0.000303    1.062000  0.000352  114.63
   560    300.478745     11   -152.057969  0.001771   -152.055957  0.000296    1.061982  0.000337  117.65
   580    300.438410     11   -152.058078  0.001729   -152.055912  0.000288    1.062043  0.000330  120.67
   600    300.403538     11   -152.058513  0.001741   -152.055946  0.000284    1.062166  0.000356  123.69
   620    300.362857     11   -152.058525  0.001698   -152.056003  0.000314    1.062093  0.000354  126.71
   640    300.327732     12   -152.058466  0.001658   -152.056038  0.000312    1.062185  0.000349  129.73
   660    300.290450     12   -152.058273  0.001589   -152.056074  0.000305    1.062304  0.000352  132.74
   680    300.251212     13   -152.058170  0.001558   -152.055989  0.000299    1.062400  0.000350  135.76
   700    300.225165     13   -152.058110  0.001527   -152.055958  0.000293    1.062359  0.000343  138.78
   720    300.194918     13   -152.058177  0.001481   -152.055961  0.000287    1.062169  0.000386  141.80
   740    300.169606     13   -152.058117  0.001456   -152.055951  0.000282    1.062197  0.000377  144.82
   760    300.145498     13   -152.058440  0.001433   -152.056041  0.000286    1.062215  0.000383  147.84
   780    300.124172     13   -152.058658  0.001415   -152.056202  0.000287    1.062205  0.000374  150.90
   800    300.103227     13   -152.058652  0.001420   -152.056173  0.000281    1.062208  0.000368  153.92
   820    300.084831     13   -152.058832  0.001416   -152.056122  0.000278    1.062183  0.000360  156.95
   840    300.059886     13   -152.058652  0.001381   -152.056075  0.000272    1.062226  0.000354  159.96
   860    300.039909     13   -152.058635  0.001363   -152.056076  0.000269    1.062191  0.000347  162.98
   880    300.023597     13   -152.058635  0.001327   -152.056024  0.000264    1.062194  0.000339  166.00
   900    300.001728     14   -152.058439  0.001301   -152.055994  0.000260    1.062271  0.000341  169.01
   920    299.983516     15   -152.058352  0.001284   -152.055967  0.000256    1.062282  0.000333  172.03
   940    299.968913     15   -152.058322  0.001260   -152.055919  0.000252    1.062309  0.000327  175.05
   960    299.954590     15   -152.058336  0.001232   -152.055834  0.000248    1.062335  0.000322  178.07
   980    299.930739     17   -152.057958  0.001226   -152.055821  0.000244    1.062345  0.000319  181.09
  1000    299.917900     17   -152.058223  0.001264   -152.055822  0.000240    1.062377  0.000319  184.11
---------------------------------------------- Post Propagation ----------------------------------------------
Total number of samples 1000
Raw AFQMC/HF (Guide) energy:           -152.058223 ± 0.001264
Raw Trial/Guide overlap ratio:          1.062377 ± 0.000319
Raw AFQMC/pt2CCSD energy (covariance): -152.055822 ± 0.000240
Raw AFQMC/pt2CCSD energy (dir sample): -152.055822 ± 0.000209
--------------------------------------------- Clean Obeservation ---------------------------------------------
removing energies outside zeta > 30
Outlier energy bound [-152.183642, -151.925559]
Removed 0 outliers with energies []
Clean AFQMC/pt2CCSD overlap ratio:        1.062377 ± 0.000319
Clean AFQMC/pt2CCSD energy (covariance): -152.055822 ± 0.000240
Clean AFQMC/ptCCSD energy (dir sample):  -152.055822 ± 0.000209
--------------------------------------------- Blocking Analysis ----------------------------------------------
nsample = 1000, max_block_size = 25, min_nblocks = 40
   B    NB    NS  Observable     Error    dError
   1  1000  1000    1.062383  0.000102  0.000002
   2   500  1000    1.062383  0.000136  0.000004
   3   333   999    1.062382  0.000162  0.000006
   4   250  1000    1.062382  0.000180  0.000008
   5   200  1000    1.062382  0.000193  0.000010
   6   166   996    1.062377  0.000211  0.000012
   7   142   994    1.062370  0.000222  0.000013
   8   125  1000    1.062382  0.000232  0.000015
   9   111   999    1.062382  0.000242  0.000016
  10   100  1000    1.062382  0.000247  0.000018
  11    90   990    1.062372  0.000260  0.000019
  12    83   996    1.062377  0.000263  0.000021
  13    76   988    1.062373  0.000270  0.000022
  14    71   994    1.062370  0.000268  0.000023
  15    66   990    1.062372  0.000291  0.000026
  16    62   992    1.062370  0.000282  0.000026
  17    58   986    1.062371  0.000272  0.000025
  18    55   990    1.062372  0.000297  0.000029
  19    52   988    1.062373  0.000309  0.000031
  20    50  1000    1.062382  0.000310  0.000031
  21    47   987    1.062372  0.000291  0.000030
  22    45   990    1.062372  0.000307  0.000033
  23    43   989    1.062372  0.000299  0.000033
  24    41   984    1.062365  0.000312  0.000035
  25    40  1000    1.062382  0.000319  0.000036
Fit (variance): plateau_var = 1.086e-07 ± 1.329e-08
Fit (error):    plateau = 0.000330 ± 0.000020
     autocorrelation length ~ 11.9 blocks
     plateau reached at block size ~ 55
     !!!Failed to reach plateau in blocking
     Return max block error
nclean = 1000, max_block_size = 25, min_nblocks = 40
Blk_SZ   NBlk   NSmp      Energy     Error    dError
     1   1000   1000  -152.055628  0.000209  0.000005
     2    500   1000  -152.055668  0.000234  0.000007
     3    333    999  -152.055690  0.000239  0.000009
     4    250   1000  -152.055707  0.000257  0.000012
     5    200   1000  -152.055726  0.000252  0.000013
     6    166    996  -152.055740  0.000260  0.000014
     7    142    994  -152.055748  0.000280  0.000017
     8    125   1000  -152.055748  0.000265  0.000017
     9    111    999  -152.055755  0.000287  0.000019
    10    100   1000  -152.055760  0.000255  0.000018
    11     90    990  -152.055765  0.000275  0.000021
    12     83    996  -152.055769  0.000283  0.000022
    13     76    988  -152.055756  0.000272  0.000022
    14     71    994  -152.055784  0.000295  0.000025
    15     66    990  -152.055779  0.000279  0.000024
    16     62    992  -152.055794  0.000292  0.000026
    17     58    986  -152.055783  0.000293  0.000027
    18     55    990  -152.055786  0.000310  0.000030
    19     52    988  -152.055781  0.000298  0.000029
    20     50   1000  -152.055789  0.000297  0.000030
    21     47    987  -152.055775  0.000310  0.000032
    22     45    990  -152.055802  0.000320  0.000034
    23     43    989  -152.055792  0.000294  0.000032
    24     41    984  -152.055795  0.000294  0.000033
    25     40   1000  -152.055807  0.000278  0.000032
Fit (variance): plateau_var = 8.520127e-08 ± 5.724185e-09
Fit (error):    plateau = 0.000292 ± 0.000010
     autocorrelation length ~ 5.1 blocks
     plateau reached at block size ~ 21
Final AFQMC/pt2CCSD overlap ratio: 1.062377 ± 0.000319
Final AFQMC/pt2CCSD energy: -152.055822 ± 0.000292
Total run time: 193.46
------------------------------------------ AFQMC Sampling Finished -------------------------------------------
