#INFO: **** input file is /work/hdd/bdka/yzhang65/w4_17/w4-17_all/afqmc_input/run_afqmc.py ****
import os
os.environ.setdefault("XLA_PYTHON_CLIENT_ALLOCATOR", "platform")

import jax
jax.config.update("jax_enable_x64", True)

import glob
import numpy as np
from pyscf import gto, scf, cc
from afqmc import prep, launch_afqmc
import re

def extract_afqmc_energy(filename):
    """Extract the final AFQMC/pt2CCSD energy and its uncertainty from an afqmc.out file.
    
    Returns (0, 0) if the value cannot be found or the file cannot be read.
    """
    pattern = re.compile(
        r"Final AFQMC/pt2CCSD energy:\s*"
        r"([-+]?\d*\.?\d+(?:[eE][-+]?\d+)?)"   # energy
        r"\s*(?:±|\+/-)\s*"
        r"([-+]?\d*\.?\d+(?:[eE][-+]?\d+)?)"   # error
    )
    try:
        with open(filename, "r", encoding="utf-8") as f:
            for line in f:
                m = pattern.search(line)
                if m:
                    return float(m.group(1)), float(m.group(2))
    except (OSError, IOError):
        pass
    return 0, 0

# basis = "ccpvdz"
xyz_dir = "../w4_17_xyz/closed_shell"
results_file = f"./closed_shell_uhf_vdzsd.dat"
out_dir = "../result/molout/closed_shell"
os.makedirs(out_dir, exist_ok=True)

# Set to a list of molecule names to run only those, e.g. ["acetaldehyde", "benzene"]
# Set to None to run all molecules in xyz_dir
select_molecules = None
symmetry = False

def vdzsd(elem):
    if elem in ('H', 'He'):
        raw_basis = gto.basis.load('ccpvdz', elem)
        return [b for b in raw_basis if b[0] != 1]
    else:
        return gto.basis.load('ccpvdz', elem)

def get_vdzsd_basis(atoms):
    elems = {line.split()[0] for line in atoms.strip().splitlines() if line.strip()}
    basis_dict = {el: vdzsd(el) for el in elems}
    return basis_dict

all_xyz = sorted(glob.glob(os.path.join(xyz_dir, "*.xyz")))
if select_molecules is not None:
    select_set = set(select_molecules)
    xyz_files = [p for p in all_xyz if os.path.splitext(os.path.basename(p))[0] in select_set]
    missing = select_set - {os.path.splitext(os.path.basename(p))[0] for p in xyz_files}
    if missing:
        print(f"Warning: no .xyz file found for: {', '.join(sorted(missing))} in {xyz_dir}")
else:
    xyz_files = all_xyz

with open(results_file, "w") as out:
    out.write(f"{'Molecule':<16s} {'Charge':>6s} {'2S':>6s} {'frozen':>6s} "
              f"{'E_HF (Eh)':>20s} {'E_CCSD (Eh)':>20s} {'E_CCSD(T) (Eh)':>20s} "
              f"{'E_AFQMC (Eh)':>20s} {'E_AFQMC ERR (Eh)':>20s} \n")
    out.write("-" * 100 + "\n")

for xyz_path in xyz_files:
    with open(xyz_path, "r") as f:
        lines = f.readlines()

    # Parse charge and multiplicity from second line: "name charge=X mult=Y"
    second_line = lines[1]
    charge = int(second_line.split("charge=")[1].split()[0])
    mult   = int(second_line.split("mult=")[1].split()[0])
    spin   = mult - 1   # PySCF spin input is 2S = mult - 1
    mol_name = second_line.split()[0]

    # Coordinates only (skip the atom count and comment lines)
    atoms = "".join(lines[2:])
    basis_dict = get_vdzsd_basis(atoms)

    print(f"\n{'='*60}")
    print(f"Running: {mol_name}  charge={charge}  spin={spin}")
    print(f"{'='*60}")

    mol = gto.M(
        atom=atoms,
        basis=basis_dict,
        verbose=4,
        output=os.path.join(out_dir, f"{mol_name}_vdzsd.out"),
        unit="angstrom",
        symmetry=symmetry,
        charge=charge,
        spin=spin,
        max_memory=40000,
    )

    mf = scf.UHF(mol)
    mf.max_cycle = 200
    mf = mf.newton()
    mf.kernel()

    # Stability check loop — at most 10 attempts
    max_stability_cycles = 10
    stable = False
    for stability_iter in range(max_stability_cycles):
        mo_i, _, stable, _ = mf.stability(return_status=True)
        if stable:
            break
        dm = mf.make_rdm1(mo_i, mf.mo_occ)
        mf.kernel(dm0=dm)

    if not stable or not mf.converged:
        print(f"  !! SCF did not converge for {mol_name} — skipping.")
        with open(results_file, "a") as out:
            out.write(f"{mol_name:<16s} {charge:>6d} {spin:>6d} {'N/A':>6s} "
                      f"{'UNCONVERGED':>20s} {'UNCONVERGED':>20s} {'UNCONVERGED':>20s}\n")
        continue

    energy = mf.e_tot

    mycc = cc.CCSD(mf)
    mycc.set_frozen()
    mycc.kernel()
    e_ccsd = mycc.e_tot
    et = mycc.ccsd_t()
    e_ccsdt = e_ccsd + et
    frozen = mycc.frozen

    prep.prep_afqmc(mycc, chol_cut=1e-5)
    options = {'n_eql': 120,
               'n_blocks': 1000,
               'n_walkers': 300,
               'dt':0.005,
               'max_error': 0.0,
               #'nchol_chunk': 200,
               'seed': 17,
               'walker_type': 'uhf',
               'trial': 'uccsd_pt2',
               'free_projection': False,
               'use_gpu': True,
               }
    launch_afqmc.run_afqmc(options)
    afqmc_file = os.path.join(out_dir, f'{mol_name}_afqmc_vdzsd.out')
    os.system(f"mv afqmc.out {afqmc_file}")
    eqmc, eqmc_err = extract_afqmc_energy(f"{afqmc_file}")

    with open(results_file, "a") as out:
        out.write(f"{mol_name:<16s} {charge:>6d} {spin:>6d} {frozen:>6d} "
                  f"{energy:>20.10f} {e_ccsd:>20.10f} {e_ccsdt:>20.10f}"
                  f"{eqmc:>20.10f} {eqmc_err:>20.10f} \n")

    print(f"  => E_HF({mol_name})      = {energy:.10f} Eh")
    print(f"  => E_CCSD({mol_name})    = {e_ccsd:.10f} Eh")
    print(f"  => E_CCSD(T)({mol_name}) = {e_ccsdt:.10f} Eh")
    print(f"  => E_AFQMC({mol_name})   = {eqmc:.10f} +/- {eqmc_err:.10f} Eh")

print(f"\nAll calculations complete. Results saved to {results_file}")
#INFO: ******************** input file end ********************


System: uname_result(system='Linux', node='gpua016.delta.ncsa.illinois.edu', release='5.14.0-427.91.1.el9_4.x86_64', version='#1 SMP PREEMPT_DYNAMIC Wed Sep 17 10:08:59 EDT 2025', machine='x86_64')  Threads 16
Python 3.11.14 (main, Oct 21 2025, 18:31:21) [GCC 11.2.0]
numpy 2.3.5  scipy 1.16.3  h5py 3.15.1
Date: Sun May 17 05:52:26 2026
PySCF version 2.11.0
PySCF path  /u/yzhang65/myprojects/software/pyscf
GIT HEAD (branch master) f520f5381c0b41f716d847009817cbc64e52c0d5

[ENV] PYSCF_TMPDIR /projects/bdka/yzhang65/scratch/pyscf
[ENV] PYSCF_EXT_PATH /u/yzhang65/myprojects/software/pyscf-forge
[CONFIG] conf_file None
[INPUT] verbose = 4
[INPUT] num. atoms = 5
[INPUT] num. electrons = 22
[INPUT] charge = 0
[INPUT] spin (= nelec alpha-beta = 2S) = 0
[INPUT] symmetry False subgroup None
[INPUT] Mole.unit = angstrom
[INPUT] Symbol           X                Y                Z      unit          X                Y                Z       unit  Magmom
[INPUT]  1 C      0.000000000000   0.635515000000  -0.462952000000 AA    0.000000000000   1.200949298053  -0.874852488820 Bohr   0.0
[INPUT]  2 C      0.000000000000  -0.635515000000  -0.462952000000 AA    0.000000000000  -1.200949298053  -0.874852488820 Bohr   0.0
[INPUT]  3 H      0.000000000000  -1.652256000000  -0.793740000000 AA    0.000000000000  -3.122311327669  -1.499951214112 Bohr   0.0
[INPUT]  4 H      0.000000000000   1.652256000000  -0.793740000000 AA    0.000000000000   3.122311327669  -1.499951214112 Bohr   0.0
[INPUT]  5 O      0.000000000000   0.000000000000   0.892862000000 AA    0.000000000000   0.000000000000   1.687264647031 Bohr   0.0

nuclear repulsion = 61.347461727337
number of shells = 19
number of NR pGTOs = 86
number of NR cGTOs = 46
basis = {'C': [[0, [6665.0, 0.000692, -0.000146], [1000.0, 0.005329, -0.001154], [228.0, 0.027077, -0.005725], [64.71, 0.101718, -0.023312], [21.06, 0.27474, -0.063955], [7.495, 0.448564, -0.149981], [2.797, 0.285074, -0.127262], [0.5215, 0.015204, 0.544529]], [0, [0.1596, 1.0]], [1, [9.439, 0.038109], [2.002, 0.20948], [0.5456, 0.508557]], [1, [0.1517, 1.0]], [2, [0.55, 1.0]]], 'O': [[0, [11720.0, 0.00071, -0.00016], [1759.0, 0.00547, -0.001263], [400.8, 0.027837, -0.006267], [113.7, 0.1048, -0.025716], [37.03, 0.283062, -0.070924], [13.27, 0.448719, -0.165411], [5.025, 0.270952, -0.116955], [1.013, 0.015458, 0.557368]], [0, [0.3023, 1.0]], [1, [17.7, 0.043018], [3.854, 0.228913], [1.046, 0.508728]], [1, [0.2753, 1.0]], [2, [1.185, 1.0]]], 'H': [[0, [13.01, 0.019685], [1.962, 0.137977], [0.4446, 0.478148]], [0, [0.122, 1.0]]]}
ecp = {}
CPU time:     14759.74




******** <class 'pyscf.soscf.newton_ah.SecondOrderUHF'> ********
method = SecondOrderUHF
initial guess = minao
damping factor = 0
level_shift factor = 0
DIIS = <class 'pyscf.scf.diis.CDIIS'>
diis_start_cycle = 1
diis_space = 8
diis_damp = 0
SCF conv_tol = 1e-09
SCF conv_tol_grad = None
SCF max_cycles = 200
direct_scf = True
direct_scf_tol = 1e-13
chkfile to save SCF result = /projects/bdka/yzhang65/scratch/pyscf/tmp8icq2qqs
max_memory 40000 MB (current use 3728 MB)
number electrons alpha = 11  beta = 11
******** <class 'pyscf.scf.uhf.UHF'> Newton solver flags ********
SCF tol = 1e-09
conv_tol_grad = None
max. SCF cycles = 200
direct_scf = True
direct_scf_tol = 1e-13
chkfile to save SCF result = /projects/bdka/yzhang65/scratch/pyscf/tmp8icq2qqs
max_cycle_inner = 12
max_stepsize = 0.05
ah_start_tol = 1e+09
ah_level_shift = 0
ah_conv_tol = 1e-12
ah_lindep = 1e-14
ah_start_cycle = 1
ah_max_cycle = 40
ah_grad_trust_region = 2.5
kf_interval = 4
kf_trust_region = 5
canonicalization = True
max_memory 40000 MB (current use 3728 MB)
Set conv_tol_grad to 3.16228e-05
  alpha nocc = 11  HOMO = -0.102053726215313  LUMO = 0.160862729683293
  beta  nocc = 11  HOMO = -0.114791970537913  LUMO = 0.15296438985227
Initial guess E= -151.428881701558  |g|= 0.548046
macro= 0  E= -151.5845180353  delta_E= -0.155636  |g|= 0.061995  3 KF 9 JK
macro= 1  E= -151.584916269968  delta_E= -0.000398235  |g|= 7.90631e-05  3 KF 12 JK
macro= 2  E= -151.584916269968  delta_E= 8.52651e-14  |g|= 6.98769e-06  1 KF 2 JK
Canonicalize SCF orbitals
macro X = 3  E=-151.584916269968  |g|= 6.98769e-06  total 8 KF 27 JK
converged SCF energy = -151.584916269968  <S^2> = 5.1985083e-11  2S+1 = 1
uhf_internal: lowest eigs of H = [-0.06916085  0.28923523  0.36231559]
<class 'pyscf.soscf.newton_ah.SecondOrderUHF'> wavefunction has an internal instability




******** <class 'pyscf.soscf.newton_ah.SecondOrderUHF'> ********
method = SecondOrderUHF
initial guess = minao
damping factor = 0
level_shift factor = 0
DIIS = <class 'pyscf.scf.diis.CDIIS'>
diis_start_cycle = 1
diis_space = 8
diis_damp = 0
SCF conv_tol = 1e-09
SCF conv_tol_grad = None
SCF max_cycles = 200
direct_scf = True
direct_scf_tol = 1e-13
chkfile to save SCF result = /projects/bdka/yzhang65/scratch/pyscf/tmp8icq2qqs
max_memory 40000 MB (current use 3728 MB)
number electrons alpha = 11  beta = 11
******** <class 'pyscf.scf.uhf.UHF'> Newton solver flags ********
SCF tol = 1e-09
conv_tol_grad = None
max. SCF cycles = 200
direct_scf = True
direct_scf_tol = 1e-13
chkfile to save SCF result = /projects/bdka/yzhang65/scratch/pyscf/tmp8icq2qqs
max_cycle_inner = 12
max_stepsize = 0.05
ah_start_tol = 1e+09
ah_level_shift = 0
ah_conv_tol = 1e-12
ah_lindep = 1e-14
ah_start_cycle = 1
ah_max_cycle = 40
ah_grad_trust_region = 2.5
kf_interval = 4
kf_trust_region = 5
canonicalization = True
max_memory 40000 MB (current use 3728 MB)
Set conv_tol_grad to 3.16228e-05
  alpha nocc = 11  HOMO = -0.380278901382151  LUMO = 0.18959702139271
  beta  nocc = 11  HOMO = -0.380265755762649  LUMO = 0.189603097966556
Initial guess E= -151.564814816304  |g|= 0.0866734
macro= 0  E= -151.58365515482  delta_E= -0.0188403  |g|= 0.0866734  2 KF 6 JK
macro= 1  E= -151.587483234443  delta_E= -0.00382808  |g|= 0.00597249  3 KF 9 JK
macro= 2  E= -151.587548452494  delta_E= -6.52181e-05  |g|= 0.000335489  2 KF 11 JK
macro= 3  E= -151.587548467308  delta_E= -1.48138e-08  |g|= 3.54857e-05  1 KF 6 JK
macro= 4  E= -151.587548467308  delta_E= -8.52651e-14  |g|= 9.30887e-06  1 KF 2 JK
Canonicalize SCF orbitals
macro X = 5  E=-151.587548467308  |g|= 9.30887e-06  total 10 KF 40 JK
converged SCF energy = -151.587548467308  <S^2> = 0.28325283  2S+1 = 1.4604833
uhf_internal: lowest eigs of H = [0.12692847 0.30523663 0.34092289]
<class 'pyscf.soscf.newton_ah.SecondOrderUHF'> wavefunction is stable in the internal stability analysis

******** <class 'pyscf.cc.uccsd.UCCSD'> ********
CC2 = 0
CCSD nocc = (np.int64(8), np.int64(8)), nmo = (43, 43)
frozen orbitals 3
max_cycle = 50
direct = 0
conv_tol = 1e-07
conv_tol_normt = 1e-06
diis_space = 6
diis_start_cycle = 0
diis_start_energy_diff = 1e+09
max_memory 40000 MB (current use 3728 MB)
Init t2, MP2 energy = -0.417614159857077
Init E_corr(UCCSD) = -0.417614159914368
cycle = 1  E_corr(UCCSD) = -0.421811064152547  dE = -0.00419690424  norm(t1,t2) = 0.0990544
cycle = 2  E_corr(UCCSD) = -0.436736845957208  dE = -0.0149257818  norm(t1,t2) = 0.0471121
cycle = 3  E_corr(UCCSD) = -0.440484650663106  dE = -0.00374780471  norm(t1,t2) = 0.0350701
cycle = 4  E_corr(UCCSD) = -0.447046058061241  dE = -0.0065614074  norm(t1,t2) = 0.0265541
cycle = 5  E_corr(UCCSD) = -0.448084392027884  dE = -0.00103833397  norm(t1,t2) = 0.0155621
cycle = 6  E_corr(UCCSD) = -0.448296899809521  dE = -0.000212507782  norm(t1,t2) = 0.00899691
cycle = 7  E_corr(UCCSD) = -0.449164179820851  dE = -0.000867280011  norm(t1,t2) = 0.00475532
cycle = 8  E_corr(UCCSD) = -0.449214419822222  dE = -5.02400014e-05  norm(t1,t2) = 0.00154924
cycle = 9  E_corr(UCCSD) = -0.449190390046904  dE = 2.40297753e-05  norm(t1,t2) = 0.000495744
cycle = 10  E_corr(UCCSD) = -0.44919733042993  dE = -6.94038303e-06  norm(t1,t2) = 0.000211601
cycle = 11  E_corr(UCCSD) = -0.449199630411146  dE = -2.29998122e-06  norm(t1,t2) = 5.82929e-05
cycle = 12  E_corr(UCCSD) = -0.449199266931858  dE = 3.63479288e-07  norm(t1,t2) = 2.66992e-05
cycle = 13  E_corr(UCCSD) = -0.449198506248624  dE = 7.60683234e-07  norm(t1,t2) = 1.45096e-05
cycle = 14  E_corr(UCCSD) = -0.449197197580533  dE = 1.30866809e-06  norm(t1,t2) = 7.51211e-06
cycle = 15  E_corr(UCCSD) = -0.449196722925627  dE = 4.74654906e-07  norm(t1,t2) = 3.32933e-06
cycle = 16  E_corr(UCCSD) = -0.449196478758821  dE = 2.44166806e-07  norm(t1,t2) = 1.34146e-06
cycle = 17  E_corr(UCCSD) = -0.449196386678081  dE = 9.20807402e-08  norm(t1,t2) = 4.59622e-07
UCCSD converged
E(UCCSD) = -152.0367448539863  E_corr = -0.4491963866780808
UCCSD(T) correction = -0.0168854832026076
