------------------------------------------- AFQMC Sampling Started -------------------------------------------
Hostname: gpua016.delta.ncsa.illinois.edu
System Type: Linux
Machine Type: x86_64
Processor: x86_64
Using GPU.
System: Linux
Node Name: gpua016.delta.ncsa.illinois.edu
Release: 5.14.0-427.91.1.el9_4.x86_64
Version: #1 SMP PREEMPT_DYNAMIC Wed Sep 17 10:08:59 EDT 2025
Machine: x86_64
Processor: x86_64
Decomposing Unrestricted T2 amplitudes
Throw 0 vectors in T2 deomposition
SVD cutoff = 1.00e-08 | error = 2.86e-15
number of T2 decomposition vectors 684
norb: 47
nelec: (9, 9)
n_eql: 120
n_blocks: 1000
n_walkers: 300
dt: 0.005
max_error: 0.0
seed: 17
walker_type: uhf
trial: uccsd_pt2
free_projection: False
use_gpu: True
n_exp_terms: 6
n_prop_steps: 50
save_walkers: False
n_batch: 1
nchol_chunk: 100
mix_precision: True
initial AFQMC/pt2CCSD Energy is -153.325059
Propagating with 300 walkers
----------------------------------------------- Equilibration ------------------------------------------------
inv_T        weight  killW        energy   runTime
 0.00    300.000000      0   -152.863209     12.40
 3.00    307.429950      0   -153.348714     19.55
 6.00    306.771725      0   -153.314499     20.54
 9.00    306.174529      0   -153.351404     21.52
12.00    306.368450      0   -153.342139     22.50
15.00    307.041339      0   -153.354506     23.49
18.00    306.168382      0   -153.308920     24.47
21.00    306.688647      0   -153.367683     25.45
24.00    305.610899      0   -153.305057     26.44
27.00    307.212924      0   -153.356491     27.42
30.00    305.900057      0   -153.321181     28.41
---------------------------------------------- Sampling Blocks -----------------------------------------------
blocks        weight  killW       E_Guide     error       E_Trial     error     olp_T/G     error  Walltime
    20    306.586816      0   -153.345937  0.010828   -153.340488  0.001502    1.002672  0.000255   38.96
    40    305.828462      0   -153.343466  0.006384   -153.339393  0.000884    1.002674  0.000191   43.06
    60    305.172069      0   -153.339746  0.006715   -153.339596  0.000646    1.002524  0.000159   47.22
    80    304.694295      0   -153.342921  0.006505   -153.339381  0.000526    1.002575  0.000126   51.32
   100    304.207718      0   -153.343990  0.005182   -153.339595  0.000501    1.002683  0.000142   55.42
   120    303.777668      0   -153.343965  0.004306   -153.339733  0.000468    1.002583  0.000139   59.52
   140    303.380416      0   -153.342341  0.003922   -153.339670  0.000444    1.002526  0.000125   63.63
   160    303.060645      0   -153.341356  0.003613   -153.339545  0.000412    1.002569  0.000113   67.74
   180    302.786217      0   -153.342007  0.003240   -153.339585  0.000382    1.002519  0.000110   71.84
   200    302.524536      0   -153.341974  0.002910   -153.339568  0.000353    1.002491  0.000101   75.95
   220    302.314637      0   -153.342251  0.002755   -153.339748  0.000362    1.002457  0.000096   80.05
   240    302.127961      0   -153.343344  0.002816   -153.339791  0.000341    1.002450  0.000088   84.16
   260    301.964316      0   -153.343844  0.002634   -153.339795  0.000326    1.002417  0.000085   88.26
   280    301.808527      0   -153.344302  0.002642   -153.339832  0.000311    1.002404  0.000079   92.37
   300    301.699993      0   -153.345993  0.003013   -153.340264  0.000728    1.002413  0.000074   96.47
   320    301.559267      0   -153.345043  0.002953   -153.340210  0.000684    1.002413  0.000070  100.58
   340    301.435587      0   -153.344153  0.002849   -153.340025  0.000650    1.002404  0.000067  104.71
   360    301.323726      0   -153.344062  0.002689   -153.340044  0.000617    1.002419  0.000065  108.81
   380    301.219837      0   -153.343813  0.002556   -153.340080  0.000592    1.002450  0.000070  112.91
   400    301.129240      0   -153.343854  0.002479   -153.340069  0.000564    1.002437  0.000068  117.03
   420    301.049856      0   -153.344340  0.002433   -153.340052  0.000539    1.002437  0.000065  121.13
   440    300.975575      0   -153.343809  0.002396   -153.339944  0.000517    1.002462  0.000066  125.23
   460    300.927025      0   -153.345247  0.002505   -153.340221  0.000519    1.002474  0.000065  129.34
   480    300.850663      1   -153.344886  0.002427   -153.340197  0.000500    1.002483  0.000063  133.44
   500    300.785440      1   -153.344581  0.002343   -153.340136  0.000481    1.002496  0.000061  137.54
   520    300.728809      1   -153.344525  0.002262   -153.340135  0.000464    1.002490  0.000059  141.65
   540    300.681969      1   -153.344568  0.002178   -153.340149  0.000451    1.002500  0.000058  145.76
   560    300.632530      1   -153.344467  0.002109   -153.340163  0.000437    1.002503  0.000056  149.86
   580    300.591316      1   -153.345072  0.002110   -153.340205  0.000423    1.002508  0.000055  153.96
   600    300.550833      1   -153.344991  0.002062   -153.340272  0.000413    1.002514  0.000058  158.07
   620    300.514391      1   -153.345120  0.001984   -153.340242  0.000401    1.002516  0.000057  162.18
   640    300.471447      3   -153.344714  0.001941   -153.340255  0.000394    1.002517  0.000056  166.32
   660    300.434671      3   -153.344663  0.001876   -153.340320  0.000385    1.002494  0.000056  170.43
   680    300.396909      3   -153.344588  0.001886   -153.340289  0.000375    1.002490  0.000055  174.53
   700    300.364863      3   -153.344685  0.001848   -153.340351  0.000368    1.002462  0.000060  178.64
   720    300.333377      3   -153.344509  0.001811   -153.340348  0.000358    1.002454  0.000059  182.75
   740    300.303391      3   -153.344270  0.001807   -153.340342  0.000350    1.002459  0.000057  186.85
   760    300.271308      3   -153.343907  0.001768   -153.340316  0.000342    1.002463  0.000056  190.96
   780    300.246179      3   -153.343917  0.001758   -153.340304  0.000334    1.002459  0.000055  195.06
   800    300.221034      3   -153.343864  0.001683   -153.340260  0.000327    1.002466  0.000054  199.17
   820    300.195095      3   -153.343582  0.001655   -153.340189  0.000320    1.002470  0.000053  203.28
   840    300.168510      3   -153.343155  0.001661   -153.340123  0.000313    1.002471  0.000054  207.39
   860    300.146997      3   -153.343095  0.001651   -153.340081  0.000307    1.002482  0.000054  211.49
   880    300.125998      3   -153.343100  0.001619   -153.340089  0.000301    1.002473  0.000056  215.60
   900    300.105837      3   -153.343120  0.001597   -153.340078  0.000296    1.002488  0.000056  219.70
   920    300.086043      3   -153.343133  0.001538   -153.340044  0.000290    1.002493  0.000057  223.82
   940    300.069882      3   -153.343251  0.001513   -153.340065  0.000285    1.002501  0.000056  227.97
   960    300.055006      3   -153.343530  0.001566   -153.340042  0.000280    1.002504  0.000056  232.07
   980    300.039047      3   -153.343574  0.001566   -153.340059  0.000275    1.002504  0.000055  236.19
  1000    300.023724      3   -153.343526  0.001528   -153.340048  0.000271    1.002500  0.000053  240.31
---------------------------------------------- Post Propagation ----------------------------------------------
Total number of samples 1000
Raw AFQMC/HF (Guide) energy:           -153.343526 ± 0.001528
Raw Trial/Guide overlap ratio:          1.002500 ± 0.000053
Raw AFQMC/pt2CCSD energy (covariance): -153.340048 ± 0.000271
Raw AFQMC/pt2CCSD energy (dir sample): -153.340048 ± 0.000226
--------------------------------------------- Clean Obeservation ---------------------------------------------
removing energies outside zeta > 30
Outlier energy bound [-153.441715, -153.235783]
Removed 1 outliers with energies [-153.49869686]
Clean AFQMC/pt2CCSD overlap ratio:        1.002502 ± 0.000053
Clean AFQMC/pt2CCSD energy (covariance): -153.339852 ± 0.000187
Clean AFQMC/ptCCSD energy (dir sample):  -153.339852 ± 0.000160
--------------------------------------------- Blocking Analysis ----------------------------------------------
nsample = 999, max_block_size = 24, min_nblocks = 40
   B    NB    NS  Observable     Error    dError
   1   999   999    1.002502  0.000019  0.000000
   2   499   998    1.002502  0.000025  0.000001
   3   333   999    1.002502  0.000029  0.000001
   4   249   996    1.002504  0.000032  0.000001
   5   199   995    1.002505  0.000034  0.000002
   6   166   996    1.002504  0.000037  0.000002
   7   142   994    1.002506  0.000039  0.000002
   8   124   992    1.002506  0.000040  0.000003
   9   111   999    1.002501  0.000041  0.000003
  10    99   990    1.002507  0.000042  0.000003
  11    90   990    1.002507  0.000044  0.000003
  12    83   996    1.002504  0.000043  0.000003
  13    76   988    1.002508  0.000045  0.000004
  14    71   994    1.002506  0.000044  0.000004
  15    66   990    1.002507  0.000047  0.000004
  16    62   992    1.002506  0.000047  0.000004
  17    58   986    1.002508  0.000048  0.000005
  18    55   990    1.002507  0.000045  0.000004
  19    52   988    1.002508  0.000044  0.000004
  20    49   980    1.002507  0.000048  0.000005
  21    47   987    1.002508  0.000051  0.000005
  22    45   990    1.002507  0.000053  0.000006
  23    43   989    1.002508  0.000047  0.000005
  24    41   984    1.002509  0.000043  0.000005
Fit (variance): plateau_var = 2.322e-09 ± 1.829e-10
Fit (error):    plateau = 0.000048 ± 0.000002
     autocorrelation length ~ 7.0 blocks
     plateau reached at block size ~ 32
     !!!Failed to reach plateau in blocking
     Return max block error
nclean = 999, max_block_size = 24, min_nblocks = 40
Blk_SZ   NBlk   NSmp      Energy     Error    dError
     1    999    999  -153.339685  0.000160  0.000004
     2    499    998  -153.339713  0.000185  0.000006
     3    333    999  -153.339735  0.000190  0.000007
     4    249    996  -153.339757  0.000205  0.000009
     5    199    995  -153.339774  0.000210  0.000011
     6    166    996  -153.339772  0.000205  0.000011
     7    142    994  -153.339793  0.000207  0.000012
     8    124    992  -153.339808  0.000209  0.000013
     9    111    999  -153.339791  0.000203  0.000014
    10     99    990  -153.339814  0.000222  0.000016
    11     90    990  -153.339829  0.000227  0.000017
    12     83    996  -153.339814  0.000208  0.000016
    13     76    988  -153.339832  0.000216  0.000018
    14     71    994  -153.339824  0.000212  0.000018
    15     66    990  -153.339839  0.000222  0.000019
    16     62    992  -153.339838  0.000206  0.000019
    17     58    986  -153.339845  0.000204  0.000019
    18     55    990  -153.339845  0.000199  0.000019
    19     52    988  -153.339850  0.000219  0.000022
    20     49    980  -153.339823  0.000231  0.000024
    21     47    987  -153.339853  0.000243  0.000025
    22     45    990  -153.339853  0.000233  0.000025
    23     43    989  -153.339850  0.000245  0.000027
    24     41    984  -153.339840  0.000214  0.000024
Fit (variance): plateau_var = 4.598196e-08 ± 1.973029e-09
Fit (error):    plateau = 0.000214 ± 0.000005
     autocorrelation length ~ 2.2 blocks
     plateau reached at block size ~ 10
Final AFQMC/pt2CCSD overlap ratio: 1.002502 ± 0.000053
Final AFQMC/pt2CCSD energy: -153.339852 ± 0.000214
Total run time: 249.39
------------------------------------------ AFQMC Sampling Finished -------------------------------------------
