#INFO: **** input file is /projects/yizh8382/projects/w4_17/w4-17_all/pyscf_input/run_pyscf_vdzsd.py ****
import os
import glob
import numpy as np
from pyscf import gto, scf, cc

# basis = "ccpvdz"
xyz_dir = "../w4_17_xyz/closed_shell"
results_file = f"../result/closed_shell_rhf_sym_vdzsd.dat"
out_dir = "../result/molout/closed_shell"
os.makedirs(out_dir, exist_ok=True)

# Set to a list of molecule names to run only those, e.g. ["acetaldehyde", "benzene"]
# Set to None to run all molecules in xyz_dir
select_molecules = None
symmetry = True

def vdzsd(elem):
    if elem in ('H', 'He'):
        raw_basis = gto.basis.load('ccpvdz', elem)
        return [b for b in raw_basis if b[0] != 1]
    else:
        return gto.basis.load('ccpvdz', elem)

def get_vdzsd_basis(atoms):
    elems = {line.split()[0] for line in atoms.strip().splitlines() if line.strip()}
    basis_dict = {el: vdzsd(el) for el in elems}
    return basis_dict

all_xyz = sorted(glob.glob(os.path.join(xyz_dir, "*.xyz")))
if select_molecules is not None:
    select_set = set(select_molecules)
    xyz_files = [p for p in all_xyz if os.path.splitext(os.path.basename(p))[0] in select_set]
    missing = select_set - {os.path.splitext(os.path.basename(p))[0] for p in xyz_files}
    if missing:
        print(f"Warning: no .xyz file found for: {', '.join(sorted(missing))} in {xyz_dir}")
else:
    xyz_files = all_xyz

with open(results_file, "w") as out:
    out.write(f"{'Molecule':<16s} {'Charge':>6s} {'2S':>6s} {'frozen':>6s} "
              f"{'E_RHF (Eh)':>20s} {'E_CCSD (Eh)':>20s} {'E_CCSD(T) (Eh)':>20s}\n")
    out.write("-" * 100 + "\n")

for xyz_path in xyz_files:
    with open(xyz_path, "r") as f:
        lines = f.readlines()

    # Parse charge and multiplicity from second line: "name charge=X mult=Y"
    second_line = lines[1]
    charge = int(second_line.split("charge=")[1].split()[0])
    mult   = int(second_line.split("mult=")[1].split()[0])
    spin   = mult - 1   # PySCF spin input is 2S = mult - 1
    mol_name = second_line.split()[0]

    # Coordinates only (skip the atom count and comment lines)
    atoms = "".join(lines[2:])
    basis_dict = get_vdzsd_basis(atoms)

    print(f"\n{'='*60}")
    print(f"Running: {mol_name}  charge={charge}  spin={spin}")
    print(f"{'='*60}")
    
    mol = gto.M(
        atom=atoms,
        basis=basis_dict,
        verbose=4,
        output=os.path.join(out_dir, f"{mol_name}_sym_vdzsd.out"),
        unit="angstrom",
        symmetry=symmetry,
        charge=charge,
        spin=spin,
        max_memory=40000,
    )

    mf = scf.RHF(mol)
    mf.max_cycle = 200
    mf = mf.newton()
    mf.kernel()

    # Stability check loop — at most 10 attempts
    max_stability_cycles = 10
    stable = False
    for stability_iter in range(max_stability_cycles):
        mo_i, _, stable, _ = mf.stability(return_status=True)
        if stable:
            break
        dm = mf.make_rdm1(mo_i, mf.mo_occ)
        mf.kernel(dm0=dm)

    if not stable or not mf.converged:
        print(f"  !! SCF did not converge for {mol_name} — skipping.")
        with open(results_file, "a") as out:
            out.write(f"{mol_name:<16s} {charge:>6d} {spin:>6d} {'N/A':>6s} "
                      f"{'UNCONVERGED':>20s} {'UNCONVERGED':>20s} {'UNCONVERGED':>20s}\n")
        continue

    energy = mf.e_tot

    mycc = cc.CCSD(mf)
    mycc.set_frozen()
    mycc.kernel()
    e_ccsd = mycc.e_tot
    et = mycc.ccsd_t()
    e_ccsdt = e_ccsd + et
    frozen = mycc.frozen

    with open(results_file, "a") as out:
        out.write(f"{mol_name:<16s} {charge:>6d} {spin:>6d} {frozen:>6d} "
                  f"{energy:>20.10f} {e_ccsd:>20.10f} {e_ccsdt:>20.10f}\n")

    print(f"  => E_RHF({mol_name})     = {energy:.10f} Eh")
    print(f"  => E_CCSD({mol_name})    = {e_ccsd:.10f} Eh")
    print(f"  => E_CCSD(T)({mol_name}) = {e_ccsdt:.10f} Eh")

print(f"\nAll calculations complete. Results saved to {results_file}")
#INFO: ******************** input file end ********************


System: uname_result(system='Linux', node='bnode0309.rc.int.colorado.edu', release='4.18.0-477.27.1.el8_8.x86_64', version='#1 SMP Thu Aug 31 10:29:22 EDT 2023', machine='x86_64')  Threads 28
Python 3.10.2 | packaged by conda-forge | (main, Mar  8 2022, 15:52:01) [GCC 9.4.0]
numpy 2.0.2  scipy 1.14.1  h5py 3.12.1
Date: Thu May 14 09:59:59 2026
PySCF version 2.9.0
PySCF path  /projects/yizh8382/tools/lno_pyscf_gcc
GIT HEAD (branch master) 142756584ed3963728cc1f6823286f4605811a6c

[ENV] PYSCF_TMPDIR /scratch/alpine/yizh8382/pyscf
[ENV] PYSCF_EXT_PATH /home/yizh8382/tools/pyscf-forge
[CONFIG] conf_file None
[INPUT] verbose = 4
[INPUT] num. atoms = 4
[INPUT] num. electrons = 42
[INPUT] charge = 0
[INPUT] spin (= nelec alpha-beta = 2S) = 0
[INPUT] symmetry True subgroup None
[INPUT] Mole.unit = angstrom
[INPUT] Symbol           X                Y                Z      unit          X                Y                Z       unit  Magmom
[INPUT]  1 P      0.000000000000   0.000000000000   0.498507000000 AA    0.000000000000   0.000000000000   0.942041701179 Bohr   0.0
[INPUT]  2 F      0.000000000000   1.360627000000  -0.276952000000 AA    0.000000000000   2.571212387689  -0.523363429651 Bohr   0.0
[INPUT]  3 F     -1.178337000000  -0.680313000000  -0.276952000000 AA   -2.226734212442  -1.285605248981  -0.523363429651 Bohr   0.0
[INPUT]  4 F      1.178337000000  -0.680313000000  -0.276952000000 AA    2.226734212442  -1.285605248981  -0.523363429651 Bohr   0.0

nuclear repulsion = 191.412425612857
point group symmetry = C3v, use subgroup Cs
symmetry origin: [ 0.00000000e+00  4.04941312e-07 -4.45435444e-06]
symmetry axis x: [ 8.66025404e-01 -5.00000000e-01  6.49303193e-08]
symmetry axis y: [0.00000000e+00 1.29860639e-07 1.00000000e+00]
symmetry axis z: [-5.00000000e-01 -8.66025404e-01  1.12462612e-07]
num. orbitals of irrep A' = 37
num. orbitals of irrep A" = 23
number of shells = 20
number of NR pGTOs = 119
number of NR cGTOs = 60
basis = {'P': [[0, [94840.0, 0.000255509, -6.96939e-05, 1.91199e-05], [14220.0, 0.00198193, -0.000535266, 0.000147223], [3236.0, 0.010276, -0.00283709, 0.000777912], [917.1, 0.0414823, -0.0113983, 0.00314546], [299.5, 0.131984, -0.0392929, 0.01082], [108.1, 0.308662, -0.0996364, 0.0279957], [42.18, 0.420647, -0.197983, 0.0563978], [17.28, 0.222878, -0.11486, 0.035819], [4.858, 0.0164035, 0.518595, -0.193387], [1.818, -0.00254255, 0.601847, -0.372097], [0.3372, 0.00074805, 0.0368612, 0.624246]], [0, [0.1232, 1.0]], [1, [370.5, 0.00395005, -0.000959832], [87.33, 0.0302492, -0.00711177], [27.59, 0.129554, -0.0327122], [10.0, 0.327594, -0.0795784], [3.825, 0.456992, -0.135016], [1.494, 0.253086, -0.00910585], [0.3921, 0.0168798, 0.537802]], [1, [0.1186, 1.0]], [2, [0.373, 1.0]]], 'F': [[0, [14710.0, 0.000721, -0.000165], [2207.0, 0.005553, -0.001308], [502.8, 0.028267, -0.006495], [142.6, 0.106444, -0.026691], [46.47, 0.286814, -0.07369], [16.7, 0.448641, -0.170776], [6.356, 0.264761, -0.112327], [1.316, 0.015333, 0.562814]], [0, [0.3897, 1.0]], [1, [22.67, 0.044878], [4.977, 0.235718], [1.347, 0.508521]], [1, [0.3471, 1.0]], [2, [1.64, 1.0]]]}
ecp = {}
CPU time:     13788.92
Freeze 0 electrons in irreps []
    42 free electrons in irreps A' A"




******** <class 'pyscf.soscf.newton_ah.SecondOrderSymAdaptedRHF'> ********
method = SecondOrderSymAdaptedRHF
initial guess = minao
damping factor = 0
level_shift factor = 0
DIIS = <class 'pyscf.scf.diis.CDIIS'>
diis_start_cycle = 1
diis_space = 8
diis_damp = 0
SCF conv_tol = 1e-09
SCF conv_tol_grad = None
SCF max_cycles = 200
direct_scf = True
direct_scf_tol = 1e-13
chkfile to save SCF result = /scratch/alpine/yizh8382/pyscf/tmpvfyukg1f
max_memory 40000 MB (current use 1848 MB)
******** <class 'pyscf.scf.hf_symm.SymAdaptedRHF'> Newton solver flags ********
SCF tol = 1e-09
conv_tol_grad = None
max. SCF cycles = 200
direct_scf = True
direct_scf_tol = 1e-13
chkfile to save SCF result = /scratch/alpine/yizh8382/pyscf/tmpvfyukg1f
max_cycle_inner = 12
max_stepsize = 0.05
ah_start_tol = 1e+09
ah_level_shift = 0
ah_conv_tol = 1e-12
ah_lindep = 1e-14
ah_start_cycle = 1
ah_max_cycle = 40
ah_grad_trust_region = 2.5
kf_interval = 4
kf_trust_region = 5
canonicalization = True
max_memory 40000 MB (current use 1848 MB)
Set conv_tol_grad to 3.16228e-05
Initial guess from minao.
HOMO (A') = -0.323669547824595  LUMO (A") = 0.086017952538009
Initial guess E= -639.038987865697  |g|= 0.715643
macro= 0  E= -639.137933724708  delta_E= -0.0989459  |g|= 0.0459612  3 KF 9 JK
macro= 1  E= -639.137950500341  delta_E= -1.67756e-05  |g|= 0.000461376  2 KF 8 JK
macro= 2  E= -639.137950500344  delta_E= -3.06954e-12  |g|= 4.84865e-06  1 KF 2 JK
Canonicalize SCF orbitals
macro X = 3  E=-639.137950500344  |g|= 4.84865e-06  total 7 KF 23 JK
converged SCF energy = -639.137950500344
rhf_internal: lowest eigs of H = [1.45223535 1.87909651 2.08919393]
<class 'pyscf.soscf.newton_ah.SecondOrderSymAdaptedRHF'> wavefunction is stable in the internal stability analysis

******** <class 'pyscf.cc.ccsd.CCSD'> ********
CC2 = 0
CCSD nocc = 13, nmo = 52
frozen orbitals 8
max_cycle = 50
direct = 0
conv_tol = 1e-07
conv_tol_normt = 1e-05
diis_space = 6
diis_start_cycle = 0
diis_start_energy_diff = 1e+09
max_memory 40000 MB (current use 1848 MB)
Init t2, MP2 energy = -639.806249447704  E_corr(MP2) -0.668298947359766
Init E_corr(CCSD) = -0.668298947365572
cycle = 1  E_corr(CCSD) = -0.66227940946413  dE = 0.0060195379  norm(t1,t2) = 0.0664493
cycle = 2  E_corr(CCSD) = -0.677995355913658  dE = -0.0157159464  norm(t1,t2) = 0.0204752
cycle = 3  E_corr(CCSD) = -0.677851608441048  dE = 0.000143747473  norm(t1,t2) = 0.0114602
cycle = 4  E_corr(CCSD) = -0.680014795844728  dE = -0.0021631874  norm(t1,t2) = 0.00418856
cycle = 5  E_corr(CCSD) = -0.68001399657809  dE = 7.99266638e-07  norm(t1,t2) = 0.000968998
cycle = 6  E_corr(CCSD) = -0.679921006620754  dE = 9.29899573e-05  norm(t1,t2) = 0.000373401
cycle = 7  E_corr(CCSD) = -0.679922056381871  dE = -1.04976112e-06  norm(t1,t2) = 8.17615e-05
cycle = 8  E_corr(CCSD) = -0.679926944558961  dE = -4.88817709e-06  norm(t1,t2) = 2.00578e-05
cycle = 9  E_corr(CCSD) = -0.679927119226094  dE = -1.74667133e-07  norm(t1,t2) = 8.15123e-06
cycle = 10  E_corr(CCSD) = -0.679927042829675  dE = 7.63964192e-08  norm(t1,t2) = 2.28871e-06
CCSD converged
E(CCSD) = -639.8178775431741  E_corr = -0.6799270428296746
CCSD(T) correction = -0.0125694591223191
