------------------------------------------- AFQMC Sampling Started -------------------------------------------
Hostname: gpua016.delta.ncsa.illinois.edu
System Type: Linux
Machine Type: x86_64
Processor: x86_64
Using GPU.
System: Linux
Node Name: gpua016.delta.ncsa.illinois.edu
Release: 5.14.0-427.91.1.el9_4.x86_64
Version: #1 SMP PREEMPT_DYNAMIC Wed Sep 17 10:08:59 EDT 2025
Machine: x86_64
Processor: x86_64
Decomposing Unrestricted T2 amplitudes
Throw 0 vectors in T2 deomposition
SVD cutoff = 1.00e-08 | error = 4.00e-15
number of T2 decomposition vectors 2320
norb: 78
nelec: (20, 20)
n_eql: 120
n_blocks: 1000
n_walkers: 300
dt: 0.005
max_error: 0.0
seed: 17
walker_type: uhf
trial: uccsd_pt2
free_projection: False
use_gpu: True
n_exp_terms: 6
n_prop_steps: 50
save_walkers: False
n_batch: 1
nchol_chunk: 100
mix_precision: True
initial AFQMC/pt2CCSD Energy is -839.108106
Propagating with 300 walkers
----------------------------------------------- Equilibration ------------------------------------------------
inv_T        weight  killW        energy   runTime
 0.00    300.000000      0   -838.047996     13.06
 3.00    314.862869      0   -839.120500     21.69
 6.00    317.735833      0   -839.160177     24.37
 9.00    315.588898      0   -839.134363     27.06
12.00    316.065907      0   -839.117858     29.75
15.00    315.317785      0   -839.130949     32.44
18.00    315.550448      0   -839.154969     35.12
21.00    315.185464      0   -839.077362     37.81
24.00    316.185185      0   -839.144079     40.50
27.00    314.659259      0   -839.084644     43.18
30.00    317.599810      0   -839.188611     45.87
---------------------------------------------- Sampling Blocks -----------------------------------------------
blocks        weight  killW       E_Guide     error       E_Trial     error     olp_T/G     error  Walltime
    20    315.734221      0   -839.129374  0.004966   -839.125580  0.001129    1.004953  0.000318   68.56
    40    313.964500      0   -839.125701  0.005023   -839.126796  0.001123    1.005027  0.000267   85.24
    60    312.483312      0   -839.130035  0.004320   -839.127572  0.000948    1.005162  0.000188  101.91
    80    311.185473      0   -839.129591  0.004652   -839.127325  0.000815    1.005250  0.000167  118.64
   100    310.127643      1   -839.130936  0.004038   -839.127596  0.000726    1.005310  0.000131  135.32
   120    309.165041      1   -839.130151  0.003602   -839.127611  0.000639    1.005100  0.000194  152.00
   140    308.359807      1   -839.131605  0.003212   -839.128123  0.000605    1.004887  0.000221  168.70
   160    307.608682      1   -839.132143  0.003024   -839.127871  0.000550    1.004850  0.000203  185.38
   180    306.991718      1   -839.133353  0.002951   -839.128102  0.000530    1.004893  0.000181  202.06
   200    306.413220      1   -839.133177  0.002658   -839.127996  0.000498    1.004898  0.000165  218.73
   220    305.893628      1   -839.133701  0.002528   -839.127883  0.000470    1.004973  0.000160  235.43
   240    305.444147      1   -839.133322  0.002361   -839.128104  0.000462    1.004968  0.000148  252.11
   260    305.042183      1   -839.133623  0.002435   -839.128223  0.000450    1.004954  0.000139  268.79
   280    304.686118      1   -839.133717  0.002210   -839.128103  0.000433    1.004954  0.000126  285.47
   300    304.339906      1   -839.132646  0.002133   -839.127993  0.000417    1.005003  0.000122  302.17
   320    304.025011      1   -839.131939  0.002098   -839.127967  0.000402    1.004978  0.000117  318.84
   340    303.758836      1   -839.132130  0.002000   -839.127995  0.000392    1.004966  0.000111  335.52
   360    303.540313      1   -839.133102  0.002178   -839.128037  0.000384    1.004918  0.000110  352.21
   380    303.325231      1   -839.132760  0.002147   -839.128070  0.000375    1.004923  0.000105  368.89
   400    303.128601      1   -839.132586  0.002055   -839.127935  0.000363    1.004913  0.000099  385.58
   420    302.949113      1   -839.132548  0.002006   -839.127883  0.000358    1.004892  0.000096  402.25
   440    302.788768      1   -839.133574  0.002117   -839.127983  0.000351    1.004868  0.000097  418.94
   460    302.632565      1   -839.133818  0.002085   -839.128302  0.000362    1.004898  0.000100  437.82
   480    302.496351      1   -839.134051  0.002014   -839.128482  0.000360    1.004866  0.000100  454.50
   500    302.350598      1   -839.133839  0.002088   -839.128382  0.000352    1.004885  0.000098  471.23
   520    302.221757      2   -839.134460  0.002028   -839.128476  0.000346    1.004869  0.000098  487.92
   540    302.096936      2   -839.134005  0.001974   -839.128436  0.000338    1.004901  0.000097  504.61
   560    301.987312      2   -839.133775  0.002010   -839.128377  0.000329    1.004890  0.000097  521.34
   580    301.893635      2   -839.134049  0.001952   -839.128354  0.000322    1.004892  0.000095  538.02
   600    301.807085      2   -839.134699  0.001932   -839.128467  0.000318    1.004876  0.000095  554.70
   620    301.718356      2   -839.134804  0.001913   -839.128407  0.000312    1.004871  0.000092  571.38
   640    301.639655      2   -839.135080  0.001879   -839.128435  0.000306    1.004862  0.000090  588.07
   660    301.561524      2   -839.134546  0.001855   -839.128431  0.000300    1.004851  0.000089  604.75
   680    301.492703      2   -839.134498  0.001821   -839.128388  0.000293    1.004818  0.000090  621.43
   700    301.426300      2   -839.134550  0.001799   -839.128306  0.000290    1.004837  0.000089  638.10
   720    301.360646      2   -839.134652  0.001745   -839.128282  0.000284    1.004848  0.000098  654.80
   740    301.290921      2   -839.134458  0.001710   -839.128223  0.000279    1.004848  0.000096  671.47
   760    301.239619      2   -839.135010  0.001730   -839.128215  0.000275    1.004842  0.000096  688.14
   780    301.177444      2   -839.134187  0.001781   -839.128109  0.000270    1.004854  0.000095  704.82
   800    301.135087      3   -839.134757  0.001811   -839.128161  0.000271    1.004834  0.000094  721.51
   820    301.081785      3   -839.134865  0.001796   -839.128176  0.000269    1.004841  0.000092  738.19
   840    301.029234      3   -839.134821  0.001748   -839.128172  0.000267    1.004867  0.000096  754.87
   860    300.977606      3   -839.134958  0.001708   -839.128265  0.000265    1.004872  0.000096  771.57
   880    300.936149      3   -839.135234  0.001690   -839.128271  0.000261    1.004884  0.000094  788.25
   900    300.892871      3   -839.134893  0.001676   -839.128288  0.000258    1.004893  0.000092  804.94
   920    300.848898      3   -839.135019  0.001882   -839.128262  0.000255    1.004896  0.000090  821.62
   940    300.806383      3   -839.134875  0.001882   -839.128279  0.000251    1.004886  0.000089  838.32
   960    300.770534      3   -839.134983  0.001840   -839.128297  0.000248    1.004873  0.000088  855.02
   980    300.731008      3   -839.134869  0.001801   -839.128328  0.000258    1.004868  0.000087  871.71
  1000    300.699079      3   -839.135066  0.001759   -839.128354  0.000255    1.004872  0.000086  888.41
---------------------------------------------- Post Propagation ----------------------------------------------
Total number of samples 1000
Raw AFQMC/HF (Guide) energy:           -839.135066 ± 0.001759
Raw Trial/Guide overlap ratio:          1.004872 ± 0.000086
Raw AFQMC/pt2CCSD energy (covariance): -839.128354 ± 0.000255
Raw AFQMC/pt2CCSD energy (dir sample): -839.128354 ± 0.000225
--------------------------------------------- Clean Obeservation ---------------------------------------------
removing energies outside zeta > 30
Outlier energy bound [-839.305440, -838.949187]
Removed 0 outliers with energies []
Clean AFQMC/pt2CCSD overlap ratio:        1.004872 ± 0.000086
Clean AFQMC/pt2CCSD energy (covariance): -839.128354 ± 0.000255
Clean AFQMC/ptCCSD energy (dir sample):  -839.128354 ± 0.000225
--------------------------------------------- Blocking Analysis ----------------------------------------------
nsample = 1000, max_block_size = 25, min_nblocks = 40
   B    NB    NS  Observable     Error    dError
   1  1000  1000    1.004872  0.000031  0.000001
   2   500  1000    1.004872  0.000041  0.000001
   3   333   999    1.004871  0.000048  0.000002
   4   250  1000    1.004872  0.000052  0.000002
   5   200  1000    1.004872  0.000056  0.000003
   6   166   996    1.004869  0.000059  0.000003
   7   142   994    1.004868  0.000063  0.000004
   8   125  1000    1.004872  0.000065  0.000004
   9   111   999    1.004871  0.000067  0.000005
  10   100  1000    1.004872  0.000069  0.000005
  11    90   990    1.004864  0.000070  0.000005
  12    83   996    1.004869  0.000070  0.000005
  13    76   988    1.004862  0.000073  0.000006
  14    71   994    1.004868  0.000074  0.000006
  15    66   990    1.004864  0.000076  0.000007
  16    62   992    1.004866  0.000077  0.000007
  17    58   986    1.004862  0.000076  0.000007
  18    55   990    1.004864  0.000081  0.000008
  19    52   988    1.004862  0.000076  0.000008
  20    50  1000    1.004872  0.000076  0.000008
  21    47   987    1.004862  0.000086  0.000009
  22    45   990    1.004864  0.000082  0.000009
  23    43   989    1.004863  0.000081  0.000009
  24    41   984    1.004864  0.000075  0.000008
  25    40  1000    1.004871  0.000079  0.000009
Fit (variance): plateau_var = 6.604e-09 ± 5.626e-10
Fit (error):    plateau = 0.000081 ± 0.000003
     autocorrelation length ~ 7.9 blocks
     plateau reached at block size ~ 37
     !!!Failed to reach plateau in blocking
     Return max block error
nclean = 1000, max_block_size = 25, min_nblocks = 40
Blk_SZ   NBlk   NSmp      Energy     Error    dError
     1   1000   1000  -839.128108  0.000225  0.000005
     2    500   1000  -839.128182  0.000249  0.000008
     3    333    999  -839.128221  0.000258  0.000010
     4    250   1000  -839.128253  0.000260  0.000012
     5    200   1000  -839.128263  0.000259  0.000013
     6    166    996  -839.128291  0.000260  0.000014
     7    142    994  -839.128281  0.000282  0.000017
     8    125   1000  -839.128292  0.000261  0.000017
     9    111    999  -839.128295  0.000280  0.000019
    10    100   1000  -839.128301  0.000263  0.000019
    11     90    990  -839.128306  0.000264  0.000020
    12     83    996  -839.128329  0.000279  0.000022
    13     76    988  -839.128316  0.000294  0.000024
    14     71    994  -839.128318  0.000288  0.000024
    15     66    990  -839.128326  0.000303  0.000027
    16     62    992  -839.128322  0.000287  0.000026
    17     58    986  -839.128342  0.000298  0.000028
    18     55    990  -839.128326  0.000298  0.000029
    19     52    988  -839.128332  0.000287  0.000028
    20     50   1000  -839.128331  0.000301  0.000030
    21     47    987  -839.128341  0.000283  0.000030
    22     45    990  -839.128338  0.000262  0.000028
    23     43    989  -839.128327  0.000314  0.000034
    24     41    984  -839.128348  0.000305  0.000034
    25     40   1000  -839.128337  0.000330  0.000037
Fit (variance): plateau_var = 8.271429e-08 ± 5.241201e-09
Fit (error):    plateau = 0.000288 ± 0.000009
     autocorrelation length ~ 4.6 blocks
     plateau reached at block size ~ 18
Final AFQMC/pt2CCSD overlap ratio: 1.004872 ± 0.000086
Final AFQMC/pt2CCSD energy: -839.128354 ± 0.000288
Total run time: 897.78
------------------------------------------ AFQMC Sampling Finished -------------------------------------------
