#INFO: **** input file is /projects/yizh8382/projects/w4_17/w4-17_all/pyscf_input/run_pyscf_vdzsd.py ****
import os
import glob
import numpy as np
from pyscf import gto, scf, cc

# basis = "ccpvdz"
xyz_dir = "../w4_17_xyz/closed_shell"
results_file = f"../result/closed_shell_rhf_sym_vdzsd.dat"
out_dir = "../result/molout/closed_shell"
os.makedirs(out_dir, exist_ok=True)

# Set to a list of molecule names to run only those, e.g. ["acetaldehyde", "benzene"]
# Set to None to run all molecules in xyz_dir
select_molecules = None
symmetry = True

def vdzsd(elem):
    if elem in ('H', 'He'):
        raw_basis = gto.basis.load('ccpvdz', elem)
        return [b for b in raw_basis if b[0] != 1]
    else:
        return gto.basis.load('ccpvdz', elem)

def get_vdzsd_basis(atoms):
    elems = {line.split()[0] for line in atoms.strip().splitlines() if line.strip()}
    basis_dict = {el: vdzsd(el) for el in elems}
    return basis_dict

all_xyz = sorted(glob.glob(os.path.join(xyz_dir, "*.xyz")))
if select_molecules is not None:
    select_set = set(select_molecules)
    xyz_files = [p for p in all_xyz if os.path.splitext(os.path.basename(p))[0] in select_set]
    missing = select_set - {os.path.splitext(os.path.basename(p))[0] for p in xyz_files}
    if missing:
        print(f"Warning: no .xyz file found for: {', '.join(sorted(missing))} in {xyz_dir}")
else:
    xyz_files = all_xyz

with open(results_file, "w") as out:
    out.write(f"{'Molecule':<16s} {'Charge':>6s} {'2S':>6s} {'frozen':>6s} "
              f"{'E_RHF (Eh)':>20s} {'E_CCSD (Eh)':>20s} {'E_CCSD(T) (Eh)':>20s}\n")
    out.write("-" * 100 + "\n")

for xyz_path in xyz_files:
    with open(xyz_path, "r") as f:
        lines = f.readlines()

    # Parse charge and multiplicity from second line: "name charge=X mult=Y"
    second_line = lines[1]
    charge = int(second_line.split("charge=")[1].split()[0])
    mult   = int(second_line.split("mult=")[1].split()[0])
    spin   = mult - 1   # PySCF spin input is 2S = mult - 1
    mol_name = second_line.split()[0]

    # Coordinates only (skip the atom count and comment lines)
    atoms = "".join(lines[2:])
    basis_dict = get_vdzsd_basis(atoms)

    print(f"\n{'='*60}")
    print(f"Running: {mol_name}  charge={charge}  spin={spin}")
    print(f"{'='*60}")
    
    mol = gto.M(
        atom=atoms,
        basis=basis_dict,
        verbose=4,
        output=os.path.join(out_dir, f"{mol_name}_sym_vdzsd.out"),
        unit="angstrom",
        symmetry=symmetry,
        charge=charge,
        spin=spin,
        max_memory=40000,
    )

    mf = scf.RHF(mol)
    mf.max_cycle = 200
    mf = mf.newton()
    mf.kernel()

    # Stability check loop — at most 10 attempts
    max_stability_cycles = 10
    stable = False
    for stability_iter in range(max_stability_cycles):
        mo_i, _, stable, _ = mf.stability(return_status=True)
        if stable:
            break
        dm = mf.make_rdm1(mo_i, mf.mo_occ)
        mf.kernel(dm0=dm)

    if not stable or not mf.converged:
        print(f"  !! SCF did not converge for {mol_name} — skipping.")
        with open(results_file, "a") as out:
            out.write(f"{mol_name:<16s} {charge:>6d} {spin:>6d} {'N/A':>6s} "
                      f"{'UNCONVERGED':>20s} {'UNCONVERGED':>20s} {'UNCONVERGED':>20s}\n")
        continue

    energy = mf.e_tot

    mycc = cc.CCSD(mf)
    mycc.set_frozen()
    mycc.kernel()
    e_ccsd = mycc.e_tot
    et = mycc.ccsd_t()
    e_ccsdt = e_ccsd + et
    frozen = mycc.frozen

    with open(results_file, "a") as out:
        out.write(f"{mol_name:<16s} {charge:>6d} {spin:>6d} {frozen:>6d} "
                  f"{energy:>20.10f} {e_ccsd:>20.10f} {e_ccsdt:>20.10f}\n")

    print(f"  => E_RHF({mol_name})     = {energy:.10f} Eh")
    print(f"  => E_CCSD({mol_name})    = {e_ccsd:.10f} Eh")
    print(f"  => E_CCSD(T)({mol_name}) = {e_ccsdt:.10f} Eh")

print(f"\nAll calculations complete. Results saved to {results_file}")
#INFO: ******************** input file end ********************


System: uname_result(system='Linux', node='bnode0309.rc.int.colorado.edu', release='4.18.0-477.27.1.el8_8.x86_64', version='#1 SMP Thu Aug 31 10:29:22 EDT 2023', machine='x86_64')  Threads 28
Python 3.10.2 | packaged by conda-forge | (main, Mar  8 2022, 15:52:01) [GCC 9.4.0]
numpy 2.0.2  scipy 1.14.1  h5py 3.12.1
Date: Thu May 14 10:00:15 2026
PySCF version 2.9.0
PySCF path  /projects/yizh8382/tools/lno_pyscf_gcc
GIT HEAD (branch master) 142756584ed3963728cc1f6823286f4605811a6c

[ENV] PYSCF_TMPDIR /scratch/alpine/yizh8382/pyscf
[ENV] PYSCF_EXT_PATH /home/yizh8382/tools/pyscf-forge
[CONFIG] conf_file None
[INPUT] verbose = 4
[INPUT] num. atoms = 4
[INPUT] num. electrons = 18
[INPUT] charge = 0
[INPUT] spin (= nelec alpha-beta = 2S) = 0
[INPUT] symmetry True subgroup None
[INPUT] Mole.unit = angstrom
[INPUT] Symbol           X                Y                Z      unit          X                Y                Z       unit  Magmom
[INPUT]  1 P      0.000000000000   0.000000000000   0.127408000000 AA    0.000000000000   0.000000000000   0.240766226079 Bohr   0.0
[INPUT]  2 H      0.000000000000   1.190343000000  -0.637041000000 AA    0.000000000000   2.249422264293  -1.203833020119 Bohr   0.0
[INPUT]  3 H     -1.030867000000  -0.595172000000  -0.637041000000 AA   -1.948056300852  -1.124712077010  -1.203833020119 Bohr   0.0
[INPUT]  4 H      1.030867000000  -0.595172000000  -0.637041000000 AA    1.948056300852  -1.124712077010  -1.203833020119 Bohr   0.0

nuclear repulsion = 17.602849294463
point group symmetry = C3v, use subgroup Cs
symmetry origin: [ 0.00000000e+00 -1.04984785e-07 -3.14954354e-07]
symmetry axis x: [ 8.66025404e-01 -5.00000000e-01 -4.79396051e-07]
symmetry axis y: [ 0.00000000e+00 -9.58792102e-07  1.00000000e+00]
symmetry axis z: [-5.00000000e-01 -8.66025404e-01 -8.30338317e-07]
num. orbitals of irrep A' = 17
num. orbitals of irrep A" = 7
number of shells = 11
number of NR pGTOs = 53
number of NR cGTOs = 24
basis = {'P': [[0, [94840.0, 0.000255509, -6.96939e-05, 1.91199e-05], [14220.0, 0.00198193, -0.000535266, 0.000147223], [3236.0, 0.010276, -0.00283709, 0.000777912], [917.1, 0.0414823, -0.0113983, 0.00314546], [299.5, 0.131984, -0.0392929, 0.01082], [108.1, 0.308662, -0.0996364, 0.0279957], [42.18, 0.420647, -0.197983, 0.0563978], [17.28, 0.222878, -0.11486, 0.035819], [4.858, 0.0164035, 0.518595, -0.193387], [1.818, -0.00254255, 0.601847, -0.372097], [0.3372, 0.00074805, 0.0368612, 0.624246]], [0, [0.1232, 1.0]], [1, [370.5, 0.00395005, -0.000959832], [87.33, 0.0302492, -0.00711177], [27.59, 0.129554, -0.0327122], [10.0, 0.327594, -0.0795784], [3.825, 0.456992, -0.135016], [1.494, 0.253086, -0.00910585], [0.3921, 0.0168798, 0.537802]], [1, [0.1186, 1.0]], [2, [0.373, 1.0]]], 'H': [[0, [13.01, 0.019685], [1.962, 0.137977], [0.4446, 0.478148]], [0, [0.122, 1.0]]]}
ecp = {}
CPU time:     14200.96
Freeze 0 electrons in irreps []
    18 free electrons in irreps A' A"




******** <class 'pyscf.soscf.newton_ah.SecondOrderSymAdaptedRHF'> ********
method = SecondOrderSymAdaptedRHF
initial guess = minao
damping factor = 0
level_shift factor = 0
DIIS = <class 'pyscf.scf.diis.CDIIS'>
diis_start_cycle = 1
diis_space = 8
diis_damp = 0
SCF conv_tol = 1e-09
SCF conv_tol_grad = None
SCF max_cycles = 200
direct_scf = True
direct_scf_tol = 1e-13
chkfile to save SCF result = /scratch/alpine/yizh8382/pyscf/tmpfqw7hdf8
max_memory 40000 MB (current use 1820 MB)
******** <class 'pyscf.scf.hf_symm.SymAdaptedRHF'> Newton solver flags ********
SCF tol = 1e-09
conv_tol_grad = None
max. SCF cycles = 200
direct_scf = True
direct_scf_tol = 1e-13
chkfile to save SCF result = /scratch/alpine/yizh8382/pyscf/tmpfqw7hdf8
max_cycle_inner = 12
max_stepsize = 0.05
ah_start_tol = 1e+09
ah_level_shift = 0
ah_conv_tol = 1e-12
ah_lindep = 1e-14
ah_start_cycle = 1
ah_max_cycle = 40
ah_grad_trust_region = 2.5
kf_interval = 4
kf_trust_region = 5
canonicalization = True
max_memory 40000 MB (current use 1820 MB)
Set conv_tol_grad to 3.16228e-05
Initial guess from minao.
HOMO (A') = -0.299041151000817  LUMO (A') = 0.110950846882523
Initial guess E= -342.448878821455  |g|= 0.147291
macro= 0  E= -342.462618929946  delta_E= -0.0137401  |g|= 0.000277248  3 KF 12 JK
macro= 1  E= -342.462618929946  delta_E= -2.27374e-13  |g|= 1.13068e-05  1 KF 2 JK
Canonicalize SCF orbitals
macro X = 2  E=-342.462618929946  |g|= 1.13068e-05  total 5 KF 17 JK
converged SCF energy = -342.462618929946
rhf_internal: lowest eigs of H = [1.27876726 1.36147339 1.82530341]
<class 'pyscf.soscf.newton_ah.SecondOrderSymAdaptedRHF'> wavefunction is stable in the internal stability analysis

******** <class 'pyscf.cc.ccsd.CCSD'> ********
CC2 = 0
CCSD nocc = 4, nmo = 19
frozen orbitals 5
max_cycle = 50
direct = 0
conv_tol = 1e-07
conv_tol_normt = 1e-05
diis_space = 6
diis_start_cycle = 0
diis_start_energy_diff = 1e+09
max_memory 40000 MB (current use 1820 MB)
Init t2, MP2 energy = -342.571942100647  E_corr(MP2) -0.109323170701312
Init E_corr(CCSD) = -0.109323170760049
cycle = 1  E_corr(CCSD) = -0.128221548493238  dE = -0.0188983777  norm(t1,t2) = 0.0442038
cycle = 2  E_corr(CCSD) = -0.133542287768679  dE = -0.00532073928  norm(t1,t2) = 0.0162188
cycle = 3  E_corr(CCSD) = -0.136436452046761  dE = -0.00289416428  norm(t1,t2) = 0.00708719
cycle = 4  E_corr(CCSD) = -0.136387066508029  dE = 4.93855387e-05  norm(t1,t2) = 0.00113569
cycle = 5  E_corr(CCSD) = -0.13638037877092  dE = 6.68773711e-06  norm(t1,t2) = 0.00028543
cycle = 6  E_corr(CCSD) = -0.136383181191828  dE = -2.80242091e-06  norm(t1,t2) = 8.89775e-05
cycle = 7  E_corr(CCSD) = -0.136382375543677  dE = 8.05648151e-07  norm(t1,t2) = 2.70734e-05
cycle = 8  E_corr(CCSD) = -0.136382611484088  dE = -2.35940411e-07  norm(t1,t2) = 4.2066e-06
cycle = 9  E_corr(CCSD) = -0.136382645230217  dE = -3.37461282e-08  norm(t1,t2) = 9.89418e-07
CCSD converged
E(CCSD) = -342.5990015751761  E_corr = -0.1363826452302165
CCSD(T) correction = -0.00286188383157688
