------------------------------------------- AFQMC Sampling Started -------------------------------------------
Hostname: gpua016.delta.ncsa.illinois.edu
System Type: Linux
Machine Type: x86_64
Processor: x86_64
Using GPU.
System: Linux
Node Name: gpua016.delta.ncsa.illinois.edu
Release: 5.14.0-427.91.1.el9_4.x86_64
Version: #1 SMP PREEMPT_DYNAMIC Wed Sep 17 10:08:59 EDT 2025
Machine: x86_64
Processor: x86_64
Decomposing Unrestricted T2 amplitudes
Throw 0 vectors in T2 deomposition
SVD cutoff = 1.00e-08 | error = 3.44e-15
number of T2 decomposition vectors 900
norb: 55
nelec: (10, 10)
n_eql: 120
n_blocks: 1000
n_walkers: 300
dt: 0.005
max_error: 0.0
seed: 17
walker_type: uhf
trial: uccsd_pt2
free_projection: False
use_gpu: True
n_exp_terms: 6
n_prop_steps: 50
save_walkers: False
n_batch: 1
nchol_chunk: 100
mix_precision: True
initial AFQMC/pt2CCSD Energy is -118.685863
Propagating with 300 walkers
----------------------------------------------- Equilibration ------------------------------------------------
inv_T        weight  killW        energy   runTime
 0.00    300.000000      0   -118.247422     11.89
 3.00    306.408941      0   -118.701529     18.51
 6.00    306.495670      0   -118.718358     19.64
 9.00    305.400164      0   -118.710639     20.77
12.00    306.913321      0   -118.704437     21.90
15.00    306.327258      0   -118.710292     23.03
18.00    306.233694      0   -118.703198     24.16
21.00    305.831522      0   -118.695161     25.29
24.00    305.558018      0   -118.684574     26.42
27.00    305.882180      0   -118.678497     27.55
30.00    305.834587      0   -118.688014     28.68
---------------------------------------------- Sampling Blocks -----------------------------------------------
blocks        weight  killW       E_Guide     error       E_Trial     error     olp_T/G     error  Walltime
    20    306.183067      0   -118.700035  0.006194   -118.698438  0.000634    1.001560  0.000079   39.87
    40    305.456367      0   -118.703418  0.005791   -118.698139  0.000509    1.001514  0.000068   45.29
    60    304.804592      0   -118.698834  0.004853   -118.697535  0.000413    1.001479  0.000071   50.71
    80    304.252555      0   -118.698482  0.003714   -118.697590  0.000348    1.001466  0.000059   56.13
   100    303.793993      0   -118.696860  0.003257   -118.697606  0.000335    1.001520  0.000067   61.56
   120    303.401270      0   -118.697229  0.002607   -118.697721  0.000314    1.001517  0.000059   66.98
   140    303.065978      0   -118.697327  0.002298   -118.697643  0.000285    1.001440  0.000068   72.42
   160    302.760960      0   -118.697402  0.001995   -118.697518  0.000266    1.001429  0.000061   77.84
   180    302.485444      0   -118.696928  0.001874   -118.697345  0.000246    1.001446  0.000057   83.26
   200    302.241293      0   -118.696102  0.001792   -118.697296  0.000233    1.001470  0.000054   88.69
   220    302.050854      0   -118.696885  0.001714   -118.697367  0.000220    1.001463  0.000050   94.11
   240    301.882442      0   -118.697895  0.001819   -118.697461  0.000214    1.001460  0.000046   99.53
   260    301.734970      0   -118.698630  0.001781   -118.697494  0.000207    1.001455  0.000044  104.95
   280    301.587671      0   -118.698554  0.001637   -118.697330  0.000198    1.001483  0.000044  110.37
   300    301.446539      0   -118.697920  0.001602   -118.697243  0.000189    1.001491  0.000044  115.79
   320    301.317148      0   -118.697549  0.001503   -118.697176  0.000181    1.001491  0.000041  121.22
   340    301.207768      0   -118.697111  0.001471   -118.697196  0.000175    1.001487  0.000040  126.64
   360    301.109792      0   -118.697016  0.001426   -118.697202  0.000168    1.001499  0.000039  132.08
   380    301.018235      0   -118.697190  0.001367   -118.697156  0.000161    1.001501  0.000037  137.53
   400    300.940361      0   -118.697664  0.001383   -118.697257  0.000188    1.001497  0.000035  142.95
   420    300.865523      0   -118.697400  0.001363   -118.697232  0.000181    1.001496  0.000034  148.37
   440    300.792192      0   -118.697153  0.001320   -118.697165  0.000175    1.001484  0.000035  153.79
   460    300.728762      0   -118.696971  0.001267   -118.697159  0.000169    1.001471  0.000035  159.22
   480    300.672201      0   -118.697293  0.001320   -118.697148  0.000163    1.001471  0.000036  164.64
   500    300.620401      0   -118.697526  0.001299   -118.697223  0.000161    1.001463  0.000035  170.06
   520    300.571720      0   -118.697549  0.001249   -118.697228  0.000156    1.001466  0.000034  175.49
   540    300.526372      0   -118.697692  0.001201   -118.697245  0.000152    1.001455  0.000034  180.91
   560    300.486291      0   -118.697913  0.001204   -118.697293  0.000154    1.001450  0.000033  186.33
   580    300.445020      0   -118.697957  0.001175   -118.697338  0.000152    1.001453  0.000032  191.81
   600    300.409593      0   -118.697992  0.001149   -118.697349  0.000149    1.001448  0.000031  197.24
   620    300.373389      0   -118.698119  0.001122   -118.697307  0.000145    1.001448  0.000030  202.66
   640    300.343963      0   -118.698419  0.001157   -118.697316  0.000142    1.001451  0.000030  208.08
   660    300.319899      0   -118.698775  0.001141   -118.697324  0.000139    1.001451  0.000029  213.50
   680    300.286000      0   -118.698802  0.001142   -118.697356  0.000137    1.001451  0.000028  218.92
   700    300.256944      1   -118.698654  0.001130   -118.697348  0.000134    1.001455  0.000029  224.34
   720    300.227792      1   -118.698516  0.001106   -118.697340  0.000132    1.001456  0.000027  229.75
   740    300.208799      1   -118.698884  0.001120   -118.697410  0.000131    1.001447  0.000028  235.18
   760    300.191047      1   -118.699096  0.001110   -118.697400  0.000129    1.001444  0.000028  240.60
   780    300.167455      1   -118.699121  0.001087   -118.697384  0.000127    1.001443  0.000027  246.03
   800    300.142653      1   -118.699155  0.001077   -118.697363  0.000125    1.001442  0.000027  251.46
   820    300.122622      1   -118.699026  0.001100   -118.697356  0.000123    1.001447  0.000027  256.88
   840    300.104668      1   -118.698998  0.001080   -118.697407  0.000122    1.001446  0.000027  262.29
   860    300.086251      1   -118.699001  0.001062   -118.697383  0.000121    1.001447  0.000027  267.70
   880    300.069657      1   -118.699070  0.001046   -118.697381  0.000119    1.001445  0.000026  273.12
   900    300.050420      1   -118.698916  0.001035   -118.697375  0.000118    1.001449  0.000026  278.53
   920    300.035067      1   -118.698905  0.001022   -118.697384  0.000116    1.001454  0.000026  283.96
   940    300.021086      1   -118.699012  0.000998   -118.697392  0.000114    1.001453  0.000026  289.37
   960    300.005774      1   -118.698973  0.000997   -118.697393  0.000113    1.001453  0.000025  294.79
   980    299.994634      1   -118.699213  0.000997   -118.697392  0.000111    1.001447  0.000025  300.21
  1000    299.978987      1   -118.699109  0.001020   -118.697394  0.000110    1.001451  0.000026  305.62
---------------------------------------------- Post Propagation ----------------------------------------------
Total number of samples 1000
Raw AFQMC/HF (Guide) energy:           -118.699109 ± 0.001020
Raw Trial/Guide overlap ratio:          1.001451 ± 0.000026
Raw AFQMC/pt2CCSD energy (covariance): -118.697394 ± 0.000110
Raw AFQMC/pt2CCSD energy (dir sample): -118.697394 ± 0.000089
--------------------------------------------- Clean Obeservation ---------------------------------------------
removing energies outside zeta > 30
Outlier energy bound [-118.768054, -118.625660]
Removed 0 outliers with energies []
Clean AFQMC/pt2CCSD overlap ratio:        1.001451 ± 0.000026
Clean AFQMC/pt2CCSD energy (covariance): -118.697394 ± 0.000110
Clean AFQMC/ptCCSD energy (dir sample):  -118.697394 ± 0.000089
--------------------------------------------- Blocking Analysis ----------------------------------------------
nsample = 1000, max_block_size = 25, min_nblocks = 40
   B    NB    NS  Observable     Error    dError
   1  1000  1000    1.001451  0.000010  0.000000
   2   500  1000    1.001451  0.000014  0.000000
   3   333   999    1.001451  0.000016  0.000001
   4   250  1000    1.001451  0.000017  0.000001
   5   200  1000    1.001451  0.000018  0.000001
   6   166   996    1.001451  0.000019  0.000001
   7   142   994    1.001450  0.000020  0.000001
   8   125  1000    1.001451  0.000020  0.000001
   9   111   999    1.001451  0.000020  0.000001
  10   100  1000    1.001451  0.000020  0.000001
  11    90   990    1.001448  0.000021  0.000002
  12    83   996    1.001451  0.000023  0.000002
  13    76   988    1.001447  0.000022  0.000002
  14    71   994    1.001450  0.000022  0.000002
  15    66   990    1.001448  0.000022  0.000002
  16    62   992    1.001449  0.000023  0.000002
  17    58   986    1.001446  0.000023  0.000002
  18    55   990    1.001448  0.000022  0.000002
  19    52   988    1.001447  0.000023  0.000002
  20    50  1000    1.001451  0.000024  0.000002
  21    47   987    1.001446  0.000024  0.000003
  22    45   990    1.001448  0.000024  0.000003
  23    43   989    1.001448  0.000022  0.000002
  24    41   984    1.001446  0.000026  0.000003
  25    40  1000    1.001451  0.000022  0.000002
Fit (variance): plateau_var = 5.275e-10 ± 3.485e-11
Fit (error):    plateau = 0.000023 ± 0.000001
     autocorrelation length ~ 5.6 blocks
     plateau reached at block size ~ 26
     !!!Failed to reach plateau in blocking
     Return max block error
nclean = 1000, max_block_size = 25, min_nblocks = 40
Blk_SZ   NBlk   NSmp      Energy     Error    dError
     1   1000   1000  -118.697305  0.000089  0.000002
     2    500   1000  -118.697324  0.000102  0.000003
     3    333    999  -118.697334  0.000107  0.000004
     4    250   1000  -118.697343  0.000107  0.000005
     5    200   1000  -118.697348  0.000115  0.000006
     6    166    996  -118.697356  0.000113  0.000006
     7    142    994  -118.697361  0.000117  0.000007
     8    125   1000  -118.697362  0.000121  0.000008
     9    111    999  -118.697361  0.000115  0.000008
    10    100   1000  -118.697368  0.000121  0.000009
    11     90    990  -118.697376  0.000123  0.000009
    12     83    996  -118.697369  0.000124  0.000010
    13     76    988  -118.697382  0.000124  0.000010
    14     71    994  -118.697375  0.000126  0.000011
    15     66    990  -118.697377  0.000127  0.000011
    16     62    992  -118.697379  0.000120  0.000011
    17     58    986  -118.697391  0.000126  0.000012
    18     55    990  -118.697379  0.000125  0.000012
    19     52    988  -118.697387  0.000138  0.000014
    20     50   1000  -118.697379  0.000138  0.000014
    21     47    987  -118.697387  0.000138  0.000014
    22     45    990  -118.697383  0.000147  0.000016
    23     43    989  -118.697388  0.000131  0.000014
    24     41    984  -118.697388  0.000137  0.000015
    25     40   1000  -118.697380  0.000130  0.000015
Fit (variance): plateau_var = 1.672426e-08 ± 1.128957e-09
Fit (error):    plateau = 0.000129 ± 0.000004
     autocorrelation length ~ 5.2 blocks
     plateau reached at block size ~ 22
Final AFQMC/pt2CCSD overlap ratio: 1.001451 ± 0.000026
Final AFQMC/pt2CCSD energy: -118.697394 ± 0.000129
Total run time: 315.12
------------------------------------------ AFQMC Sampling Finished -------------------------------------------
