------------------------------------------- AFQMC Sampling Started -------------------------------------------
Hostname: gpua016.delta.ncsa.illinois.edu
System Type: Linux
Machine Type: x86_64
Processor: x86_64
Using GPU.
System: Linux
Node Name: gpua016.delta.ncsa.illinois.edu
Release: 5.14.0-427.91.1.el9_4.x86_64
Version: #1 SMP PREEMPT_DYNAMIC Wed Sep 17 10:08:59 EDT 2025
Machine: x86_64
Processor: x86_64
Decomposing Unrestricted T2 amplitudes
Throw 0 vectors in T2 deomposition
SVD cutoff = 1.00e-08 | error = 5.09e-15
number of T2 decomposition vectors 1612
norb: 75
nelec: (13, 13)
n_eql: 120
n_blocks: 1000
n_walkers: 300
dt: 0.005
max_error: 0.0
seed: 17
walker_type: uhf
trial: uccsd_pt2
free_projection: False
use_gpu: True
n_exp_terms: 6
n_prop_steps: 50
save_walkers: False
n_batch: 1
nchol_chunk: 100
mix_precision: True
initial AFQMC/pt2CCSD Energy is -209.503165
Propagating with 300 walkers
----------------------------------------------- Equilibration ------------------------------------------------
inv_T        weight  killW        energy   runTime
 0.00    300.000000      0   -208.807373     12.95
 3.00    309.534337      0   -209.517396     20.82
 6.00    309.262675      0   -209.493120     22.81
 9.00    309.148316      0   -209.524569     24.79
12.00    310.567094      0   -209.602106     26.78
15.00    310.226794      0   -209.565823     28.76
18.00    310.234799      0   -209.536081     30.74
21.00    311.105909      0   -209.583170     32.73
24.00    310.826904      0   -209.563679     34.71
27.00    310.001009      0   -209.542655     36.69
30.00    309.422315      0   -209.533224     38.68
---------------------------------------------- Sampling Blocks -----------------------------------------------
blocks        weight  killW       E_Guide     error       E_Trial     error     olp_T/G     error  Walltime
    20    310.286608      0   -209.555075  0.005963   -209.536068  0.002397    1.003876  0.000123   57.43
    40    308.960377      0   -209.542914  0.007863   -209.533527  0.001374    1.004064  0.000115   69.87
    60    307.954891      0   -209.542176  0.005675   -209.533122  0.001080    1.003971  0.000163   82.35
    80    307.151282      0   -209.542571  0.004314   -209.533207  0.000958    1.003849  0.000158   94.78
   100    306.383117      0   -209.537654  0.004827   -209.532867  0.000822    1.003954  0.000146  107.21
   120    305.757784      0   -209.539168  0.004192   -209.533319  0.000748    1.004064  0.000146  119.64
   140    305.183177      0   -209.537317  0.004081   -209.533262  0.000676    1.004105  0.000128  132.13
   160    304.688888      0   -209.537239  0.003704   -209.533200  0.000625    1.004265  0.000157  144.57
   180    304.290296      0   -209.539282  0.003589   -209.533394  0.000619    1.004353  0.000152  157.00
   200    303.934547      2   -209.541367  0.003576   -209.533480  0.000597    1.004326  0.000138  169.44
   220    303.591077      2   -209.541958  0.003326   -209.533378  0.000574    1.004293  0.000129  181.87
   240    303.263244      2   -209.540935  0.003097   -209.533394  0.000552    1.004252  0.000122  194.31
   260    303.002142      2   -209.541524  0.003017   -209.533441  0.000542    1.004272  0.000115  206.75
   280    302.766722      2   -209.542697  0.002909   -209.533547  0.000515    1.004231  0.000111  219.20
   300    302.538773      2   -209.542077  0.002788   -209.533299  0.000488    1.004263  0.000106  231.64
   320    302.328913      2   -209.541287  0.002668   -209.533331  0.000469    1.004267  0.000103  244.08
   340    302.136940      2   -209.540904  0.002580   -209.533252  0.000445    1.004211  0.000103  256.52
   360    301.963572      2   -209.540355  0.002548   -209.533154  0.000425    1.004216  0.000098  268.95
   380    301.809517      2   -209.539833  0.002444   -209.533061  0.000411    1.004246  0.000095  281.39
   400    301.679567      2   -209.540447  0.002345   -209.533009  0.000400    1.004240  0.000091  293.83
   420    301.553585      2   -209.540172  0.002299   -209.532958  0.000389    1.004270  0.000089  306.27
   440    301.441125      2   -209.539884  0.002349   -209.532828  0.000377    1.004307  0.000097  318.72
   460    301.331759      2   -209.540360  0.002317   -209.532933  0.000373    1.004278  0.000097  331.17
   480    301.231120      2   -209.540073  0.002227   -209.532862  0.000364    1.004253  0.000094  343.60
   500    301.145132      2   -209.540508  0.002196   -209.533082  0.000380    1.004292  0.000094  356.03
   520    301.056931      2   -209.539841  0.002219   -209.532959  0.000369    1.004344  0.000104  368.46
   540    300.977559      2   -209.539776  0.002165   -209.533036  0.000359    1.004356  0.000102  380.92
   560    300.914748      2   -209.540238  0.002153   -209.533089  0.000351    1.004354  0.000099  393.36
   580    300.843072      2   -209.540164  0.002105   -209.533072  0.000344    1.004376  0.000097  405.81
   600    300.773349      2   -209.539702  0.002070   -209.532936  0.000336    1.004392  0.000095  418.25
   620    300.715112      2   -209.539512  0.002072   -209.532934  0.000329    1.004384  0.000093  430.73
   640    300.661060      2   -209.539359  0.002039   -209.532925  0.000322    1.004379  0.000095  443.20
   660    300.607198      2   -209.539298  0.001989   -209.532913  0.000316    1.004376  0.000093  455.63
   680    300.557552      2   -209.539012  0.001975   -209.532890  0.000309    1.004373  0.000091  468.07
   700    300.509722      2   -209.538988  0.001929   -209.532857  0.000304    1.004366  0.000089  480.51
   720    300.467415      2   -209.539010  0.001871   -209.532848  0.000297    1.004362  0.000090  492.96
   740    300.428964      2   -209.539215  0.001829   -209.532889  0.000292    1.004353  0.000089  505.39
   760    300.389800      2   -209.539351  0.001821   -209.532884  0.000287    1.004322  0.000092  517.82
   780    300.357419      2   -209.539350  0.001783   -209.532899  0.000282    1.004308  0.000091  530.26
   800    300.326860      2   -209.539482  0.001717   -209.532931  0.000282    1.004308  0.000089  542.69
   820    300.290499      2   -209.539496  0.001681   -209.532956  0.000278    1.004316  0.000087  555.15
   840    300.258972      2   -209.539245  0.001682   -209.533015  0.000273    1.004339  0.000090  567.59
   860    300.230458      2   -209.539190  0.001682   -209.533016  0.000269    1.004371  0.000092  580.03
   880    300.201810      2   -209.539346  0.001643   -209.533025  0.000264    1.004406  0.000100  592.48
   900    300.175779      2   -209.539358  0.001613   -209.532997  0.000260    1.004409  0.000100  604.92
   920    300.147676      2   -209.539148  0.001582   -209.532993  0.000257    1.004382  0.000101  617.39
   940    300.125360      2   -209.539370  0.001565   -209.533069  0.000254    1.004351  0.000101  629.83
   960    300.104430      2   -209.539479  0.001539   -209.533104  0.000251    1.004346  0.000110  642.27
   980    300.082805      2   -209.539672  0.001518   -209.533112  0.000248    1.004341  0.000110  654.71
  1000    300.059907      2   -209.539664  0.001486   -209.533149  0.000245    1.004319  0.000107  667.16
---------------------------------------------- Post Propagation ----------------------------------------------
Total number of samples 1000
Raw AFQMC/HF (Guide) energy:           -209.539664 ± 0.001486
Raw Trial/Guide overlap ratio:          1.004319 ± 0.000107
Raw AFQMC/pt2CCSD energy (covariance): -209.533149 ± 0.000245
Raw AFQMC/pt2CCSD energy (dir sample): -209.533149 ± 0.000210
--------------------------------------------- Clean Obeservation ---------------------------------------------
removing energies outside zeta > 30
Outlier energy bound [-209.702488, -209.361578]
Removed 0 outliers with energies []
Clean AFQMC/pt2CCSD overlap ratio:        1.004319 ± 0.000107
Clean AFQMC/pt2CCSD energy (covariance): -209.533149 ± 0.000245
Clean AFQMC/ptCCSD energy (dir sample):  -209.533149 ± 0.000210
--------------------------------------------- Blocking Analysis ----------------------------------------------
nsample = 1000, max_block_size = 25, min_nblocks = 40
   B    NB    NS  Observable     Error    dError
   1  1000  1000    1.004320  0.000030  0.000001
   2   500  1000    1.004320  0.000040  0.000001
   3   333   999    1.004322  0.000048  0.000002
   4   250  1000    1.004320  0.000054  0.000002
   5   200  1000    1.004320  0.000059  0.000003
   6   166   996    1.004328  0.000063  0.000003
   7   142   994    1.004332  0.000067  0.000004
   8   125  1000    1.004320  0.000070  0.000004
   9   111   999    1.004322  0.000074  0.000005
  10   100  1000    1.004320  0.000077  0.000005
  11    90   990    1.004334  0.000080  0.000006
  12    83   996    1.004328  0.000082  0.000006
  13    76   988    1.004336  0.000084  0.000007
  14    71   994    1.004331  0.000084  0.000007
  15    66   990    1.004334  0.000084  0.000007
  16    62   992    1.004334  0.000089  0.000008
  17    58   986    1.004338  0.000088  0.000008
  18    55   990    1.004334  0.000094  0.000009
  19    52   988    1.004336  0.000097  0.000010
  20    50  1000    1.004320  0.000096  0.000010
  21    47   987    1.004337  0.000095  0.000010
  22    45   990    1.004334  0.000096  0.000010
  23    43   989    1.004335  0.000099  0.000011
  24    41   984    1.004339  0.000107  0.000012
  25    40  1000    1.004320  0.000101  0.000011
Fit (variance): plateau_var = 1.241e-08 ± 1.991e-09
Fit (error):    plateau = 0.000111 ± 0.000009
     autocorrelation length ~ 15.6 blocks
     plateau reached at block size ~ 72
     !!!Failed to reach plateau in blocking
     Return max block error
nclean = 1000, max_block_size = 25, min_nblocks = 40
Blk_SZ   NBlk   NSmp      Energy     Error    dError
     1   1000   1000  -209.532934  0.000210  0.000005
     2    500   1000  -209.532984  0.000240  0.000008
     3    333    999  -209.533014  0.000251  0.000010
     4    250   1000  -209.533026  0.000255  0.000011
     5    200   1000  -209.533039  0.000272  0.000014
     6    166    996  -209.533051  0.000275  0.000015
     7    142    994  -209.533049  0.000286  0.000017
     8    125   1000  -209.533063  0.000277  0.000018
     9    111    999  -209.533075  0.000280  0.000019
    10    100   1000  -209.533076  0.000277  0.000020
    11     90    990  -209.533044  0.000277  0.000021
    12     83    996  -209.533098  0.000278  0.000022
    13     76    988  -209.533035  0.000275  0.000022
    14     71    994  -209.533088  0.000273  0.000023
    15     66    990  -209.533073  0.000269  0.000024
    16     62    992  -209.533073  0.000257  0.000023
    17     58    986  -209.533037  0.000281  0.000026
    18     55    990  -209.533080  0.000244  0.000023
    19     52    988  -209.533057  0.000284  0.000028
    20     50   1000  -209.533110  0.000261  0.000026
    21     47    987  -209.533049  0.000313  0.000033
    22     45    990  -209.533083  0.000256  0.000027
    23     43    989  -209.533083  0.000273  0.000030
    24     41    984  -209.533077  0.000295  0.000033
    25     40   1000  -209.533111  0.000276  0.000031
Fit (variance): plateau_var = 7.522663e-08 ± 2.977024e-09
Fit (error):    plateau = 0.000274 ± 0.000005
     autocorrelation length ~ 1.9 blocks
     plateau reached at block size ~ 9
Final AFQMC/pt2CCSD overlap ratio: 1.004319 ± 0.000107
Final AFQMC/pt2CCSD energy: -209.533149 ± 0.000274
Total run time: 676.69
------------------------------------------ AFQMC Sampling Finished -------------------------------------------
