------------------------------------------- AFQMC Sampling Started -------------------------------------------
Hostname: gpua016.delta.ncsa.illinois.edu
System Type: Linux
Machine Type: x86_64
Processor: x86_64
Using GPU.
System: Linux
Node Name: gpua016.delta.ncsa.illinois.edu
Release: 5.14.0-427.91.1.el9_4.x86_64
Version: #1 SMP PREEMPT_DYNAMIC Wed Sep 17 10:08:59 EDT 2025
Machine: x86_64
Processor: x86_64
Decomposing Unrestricted T2 amplitudes
Throw 0 vectors in T2 deomposition
SVD cutoff = 1.00e-08 | error = 1.69e-15
number of T2 decomposition vectors 960
norb: 52
nelec: (12, 12)
n_eql: 120
n_blocks: 1000
n_walkers: 300
dt: 0.005
max_error: 0.0
seed: 17
walker_type: uhf
trial: uccsd_pt2
free_projection: False
use_gpu: True
n_exp_terms: 6
n_prop_steps: 50
save_walkers: False
n_batch: 1
nchol_chunk: 100
mix_precision: True
initial AFQMC/pt2CCSD Energy is -1590.640458
Propagating with 300 walkers
----------------------------------------------- Equilibration ------------------------------------------------
inv_T        weight  killW        energy   runTime
 0.00    300.000000      0  -1590.097221     11.78
 3.00    308.008114      0  -1590.654330     18.67
 6.00    307.888164      0  -1590.676925     19.95
 9.00    307.445080      0  -1590.646194     21.23
12.00    307.510434      0  -1590.674393     22.50
15.00    307.058861      0  -1590.648571     23.78
18.00    307.202213      0  -1590.653021     25.06
21.00    308.231374      0  -1590.662783     26.34
24.00    307.622328      0  -1590.660848     27.62
27.00    307.748227      1  -1590.679388     28.90
30.00    306.949760      0  -1590.651529     30.18
---------------------------------------------- Sampling Blocks -----------------------------------------------
blocks        weight  killW       E_Guide     error       E_Trial     error     olp_T/G     error  Walltime
    20    307.389947      3  -1590.667554  0.003126  -1590.671338  0.001396    1.124989  0.002154   42.24
    40    306.577932      6  -1590.667788  0.004616  -1590.671455  0.000860    1.123130  0.003226   48.29
    60    305.779454      7  -1590.666980  0.004017  -1590.672212  0.000681    1.116523  0.004695   54.33
    80    305.146712      7  -1590.668322  0.003472  -1590.672716  0.000605    1.114795  0.003904   60.37
   100    304.544654     10  -1590.663622  0.003894  -1590.672255  0.000539    1.118571  0.004080   66.42
   120    304.037650     11  -1590.662896  0.003376  -1590.672164  0.000475    1.122674  0.004390   72.47
   140    303.623148     12  -1590.664058  0.003062  -1590.672517  0.000436    1.129185  0.005838   78.52
   160    303.290482     12  -1590.667575  0.003744  -1590.673379  0.000476    1.136085  0.006956   84.56
   180    302.961019     15  -1590.668882  0.003459  -1590.673773  0.000459    1.140998  0.007052   90.61
   200    302.669513     18  -1590.669891  0.003180  -1590.673943  0.000426    1.144197  0.006705   96.72
   220    302.417080     19  -1590.670345  0.003028  -1590.673968  0.000429    1.145917  0.006223  102.77
   240    302.176081     21  -1590.670814  0.002792  -1590.674050  0.000406    1.147826  0.005941  108.81
   260    301.972298     23  -1590.672038  0.002739  -1590.674529  0.000438    1.151032  0.005924  114.86
   280    301.789479     29  -1590.672432  0.002508  -1590.674308  0.000416    1.153595  0.005785  120.90
   300    301.632673     30  -1590.672836  0.002358  -1590.674244  0.000394    1.155335  0.005528  126.94
   320    301.471747     33  -1590.672520  0.002265  -1590.674297  0.000378    1.156977  0.005316  132.99
   340    301.342563     34  -1590.673183  0.002190  -1590.674487  0.000369    1.158794  0.005157  139.03
   360    301.224812     35  -1590.673228  0.002062  -1590.674487  0.000354    1.160448  0.005004  145.07
   380    301.119052     36  -1590.674441  0.002116  -1590.674647  0.000345    1.161670  0.004815  151.12
   400    301.016254     40  -1590.675500  0.002236  -1590.674805  0.000338    1.162347  0.004598  157.18
   420    300.914284     40  -1590.675606  0.002151  -1590.674938  0.000329    1.162953  0.004397  163.24
   440    300.832849     42  -1590.676281  0.002263  -1590.675228  0.000329    1.163988  0.004476  169.30
   460    300.752578     42  -1590.676596  0.002211  -1590.675398  0.000330    1.164978  0.004403  175.35
   480    300.672240     46  -1590.676701  0.002113  -1590.675581  0.000325    1.166039  0.004407  181.40
   500    300.602614     48  -1590.677176  0.002106  -1590.675703  0.000320    1.166982  0.004352  187.45
   520    300.532929     51  -1590.677164  0.002023  -1590.675678  0.000315    1.167612  0.004320  193.50
   540    300.480579     52  -1590.677658  0.001963  -1590.675764  0.000311    1.168434  0.004252  199.56
   560    300.424752     53  -1590.677595  0.001933  -1590.675709  0.000304    1.169187  0.004241  205.61
   580    300.373997     54  -1590.677746  0.001886  -1590.675761  0.000296    1.169890  0.004186  211.66
   600    300.324947     55  -1590.677709  0.001892  -1590.675846  0.000290    1.169805  0.004161  217.73
   620    300.279248     58  -1590.677931  0.001852  -1590.675886  0.000286    1.170280  0.004065  223.78
   640    300.227849     59  -1590.678122  0.001810  -1590.675952  0.000281    1.170145  0.004057  229.83
   660    300.182360     61  -1590.677896  0.001731  -1590.675957  0.000275    1.170346  0.003958  235.88
   680    300.139284     61  -1590.677626  0.001712  -1590.675896  0.000268    1.170565  0.003939  241.92
   700    300.103016     62  -1590.677553  0.001674  -1590.675951  0.000265    1.170391  0.003847  247.97
   720    300.063666     64  -1590.677750  0.001748  -1590.676018  0.000265    1.170987  0.003855  254.01
   740    300.025536     65  -1590.677882  0.001715  -1590.676006  0.000262    1.171669  0.003811  260.06
   760    299.994977     65  -1590.677637  0.001689  -1590.675974  0.000256    1.171746  0.003865  266.11
   780    299.959973     67  -1590.677599  0.001651  -1590.676027  0.000252    1.171976  0.003775  272.16
   800    299.931045     69  -1590.677710  0.001614  -1590.676030  0.000248    1.172355  0.003704  278.22
   820    299.906292     72  -1590.678073  0.001606  -1590.676086  0.000244    1.172838  0.003642  284.28
   840    299.878945     72  -1590.678172  0.001572  -1590.676097  0.000244    1.173408  0.003737  290.33
   860    299.851510     76  -1590.678266  0.001550  -1590.676159  0.000260    1.173631  0.003737  296.38
   880    299.824618     78  -1590.678180  0.001517  -1590.676131  0.000255    1.174268  0.003652  302.43
   900    299.807114     81  -1590.678542  0.001501  -1590.676191  0.000252    1.174330  0.003645  308.48
   920    299.784042     83  -1590.678397  0.001510  -1590.676192  0.000247    1.174158  0.003593  314.53
   940    299.765128     83  -1590.678364  0.001497  -1590.676158  0.000244    1.174147  0.003593  320.57
   960    299.745940     86  -1590.678467  0.001462  -1590.676137  0.000240    1.174284  0.003534  326.61
   980    299.731903     87  -1590.678728  0.001440  -1590.676206  0.000239    1.174611  0.003534  332.66
  1000    299.712773     90  -1590.678822  0.001467  -1590.676301  0.000281    1.174673  0.003461  338.77
---------------------------------------------- Post Propagation ----------------------------------------------
Total number of samples 1000
Raw AFQMC/HF (Guide) energy:           -1590.678822 ± 0.001467
Raw Trial/Guide overlap ratio:          1.174673 ± 0.003461
Raw AFQMC/pt2CCSD energy (covariance): -1590.676301 ± 0.000281
Raw AFQMC/pt2CCSD energy (dir sample): -1590.676301 ± 0.000211
--------------------------------------------- Clean Obeservation ---------------------------------------------
removing energies outside zeta > 30
Outlier energy bound [-1590.829763, -1590.521245]
Removed 0 outliers with energies []
Clean AFQMC/pt2CCSD overlap ratio:        1.174673 ± 0.003461
Clean AFQMC/pt2CCSD energy (covariance): -1590.676301 ± 0.000281
Clean AFQMC/ptCCSD energy (dir sample):  -1590.676301 ± 0.000211
--------------------------------------------- Blocking Analysis ----------------------------------------------
nsample = 1000, max_block_size = 25, min_nblocks = 40
   B    NB    NS  Observable     Error    dError
   1  1000  1000    1.174783  0.000745  0.000017
   2   500  1000    1.174783  0.001043  0.000033
   3   333   999    1.174778  0.001271  0.000049
   4   250  1000    1.174783  0.001460  0.000065
   5   200  1000    1.174782  0.001626  0.000081
   6   166   996    1.174738  0.001781  0.000098
   7   142   994    1.174725  0.001921  0.000114
   8   125  1000    1.174783  0.002040  0.000130
   9   111   999    1.174778  0.002156  0.000145
  10   100  1000    1.174783  0.002264  0.000161
  11    90   990    1.174715  0.002393  0.000179
  12    83   996    1.174738  0.002479  0.000194
  13    76   988    1.174701  0.002581  0.000211
  14    71   994    1.174725  0.002653  0.000224
  15    66   990    1.174715  0.002751  0.000241
  16    62   992    1.174720  0.002835  0.000257
  17    58   986    1.174699  0.002929  0.000274
  18    55   990    1.174714  0.002997  0.000288
  19    52   988    1.174701  0.003127  0.000310
  20    50  1000    1.174783  0.003089  0.000312
  21    47   987    1.174692  0.003253  0.000339
  22    45   990    1.174715  0.003258  0.000347
  23    43   989    1.174712  0.003353  0.000366
  24    41   984    1.174713  0.003461  0.000387
  25    40  1000    1.174783  0.003450  0.000391
Fit (variance): plateau_var = 6.215e-05 ± 7.409e-05
Fit (error):    plateau = 0.007883 ± 0.004699
     autocorrelation length ~ 115.5 blocks
     plateau reached at block size ~ 532
     !!!Failed to reach plateau in blocking
     Return max block error
nclean = 1000, max_block_size = 25, min_nblocks = 40
Blk_SZ   NBlk   NSmp      Energy     Error    dError
     1   1000   1000  -1590.676068  0.000211  0.000005
     2    500   1000  -1590.676097  0.000238  0.000008
     3    333    999  -1590.676116  0.000270  0.000010
     4    250   1000  -1590.676128  0.000282  0.000013
     5    200   1000  -1590.676141  0.000285  0.000014
     6    166    996  -1590.676143  0.000298  0.000016
     7    142    994  -1590.676161  0.000304  0.000018
     8    125   1000  -1590.676164  0.000304  0.000019
     9    111    999  -1590.676161  0.000304  0.000020
    10    100   1000  -1590.676170  0.000314  0.000022
    11     90    990  -1590.676195  0.000331  0.000025
    12     83    996  -1590.676179  0.000312  0.000024
    13     76    988  -1590.676212  0.000355  0.000029
    14     71    994  -1590.676196  0.000335  0.000028
    15     66    990  -1590.676208  0.000370  0.000032
    16     62    992  -1590.676206  0.000357  0.000032
    17     58    986  -1590.676113  0.000347  0.000033
    18     55    990  -1590.676212  0.000378  0.000036
    19     52    988  -1590.676213  0.000380  0.000038
    20     50   1000  -1590.676196  0.000359  0.000036
    21     47    987  -1590.676229  0.000396  0.000041
    22     45    990  -1590.676222  0.000387  0.000041
    23     43    989  -1590.676219  0.000393  0.000043
    24     41    984  -1590.676110  0.000368  0.000041
    25     40   1000  -1590.676200  0.000408  0.000046
Fit (variance): plateau_var = 1.453602e-07 ± 1.626973e-08
Fit (error):    plateau = 0.000381 ± 0.000021
     autocorrelation length ~ 9.0 blocks
     plateau reached at block size ~ 40
     !!!Failed to reach plateau in blocking
     Return max block error
Final AFQMC/pt2CCSD overlap ratio: 1.174673 ± 0.003461
Final AFQMC/pt2CCSD energy: -1590.676301 ± 0.000408
Total run time: 348.20
------------------------------------------ AFQMC Sampling Finished -------------------------------------------
