------------------------------------------- AFQMC Sampling Started -------------------------------------------
Hostname: gpua016.delta.ncsa.illinois.edu
System Type: Linux
Machine Type: x86_64
Processor: x86_64
Using GPU.
System: Linux
Node Name: gpua016.delta.ncsa.illinois.edu
Release: 5.14.0-427.91.1.el9_4.x86_64
Version: #1 SMP PREEMPT_DYNAMIC Wed Sep 17 10:08:59 EDT 2025
Machine: x86_64
Processor: x86_64
Decomposing Unrestricted T2 amplitudes
Throw 1 vectors in T2 deomposition
SVD cutoff = 1.00e-08 | error = 4.76e-09
number of T2 decomposition vectors 3215
norb: 91
nelec: (24, 24)
n_eql: 120
n_blocks: 1000
n_walkers: 300
dt: 0.005
max_error: 0.0
seed: 17
walker_type: uhf
trial: uccsd_pt2
free_projection: False
use_gpu: True
n_exp_terms: 6
n_prop_steps: 50
save_walkers: False
n_batch: 1
nchol_chunk: 100
mix_precision: True
initial AFQMC/pt2CCSD Energy is -995.298974
Propagating with 300 walkers
----------------------------------------------- Equilibration ------------------------------------------------
inv_T        weight  killW        energy   runTime
 0.00    300.000000      0   -994.006093     13.65
 3.00    318.986287      0   -995.294281     23.26
 6.00    319.975146      0   -995.358564     26.86
 9.00    319.490258      0   -995.307256     30.45
12.00    318.897976      0   -995.344944     34.04
15.00    319.211952      0   -995.267959     37.64
18.00    319.342534      0   -995.338054     41.24
21.00    319.084909      0   -995.341524     44.92
24.00    319.962905      0   -995.338991     48.52
27.00    320.312992      0   -995.383117     52.11
30.00    318.332027      0   -995.292035     55.70
---------------------------------------------- Sampling Blocks -----------------------------------------------
blocks        weight  killW       E_Guide     error       E_Trial     error     olp_T/G     error  Walltime
    20    319.427710      0   -995.347189  0.011067   -995.326372  0.002389    1.004802  0.000534   89.75
    40    317.269382      0   -995.339232  0.007398   -995.324571  0.001426    1.004821  0.000342  117.57
    60    315.397012      1   -995.338822  0.005298   -995.325462  0.001431    1.005004  0.000242  145.36
    80    313.865322      1   -995.339514  0.004433   -995.325978  0.001116    1.005121  0.000196  173.18
   100    312.502945      1   -995.342912  0.004467   -995.326939  0.001142    1.005028  0.000169  200.97
   120    311.255795      1   -995.337411  0.005006   -995.326068  0.001007    1.005128  0.000165  228.76
   140    310.256780      1   -995.336516  0.004432   -995.326308  0.000913    1.005098  0.000142  256.56
   160    309.335558      1   -995.335099  0.004160   -995.325975  0.000847    1.005103  0.000124  284.36
   180    308.533254      1   -995.335944  0.003923   -995.325945  0.000836    1.004940  0.000159  312.16
   200    307.824558      1   -995.334744  0.003644   -995.325563  0.000772    1.004836  0.000162  339.95
   220    307.233962      1   -995.335555  0.003362   -995.325837  0.000757    1.004797  0.000150  367.76
   240    306.690048      1   -995.335452  0.003229   -995.325807  0.000724    1.004770  0.000138  395.55
   260    306.202376      1   -995.335483  0.003184   -995.325820  0.000677    1.004787  0.000130  423.35
   280    305.737454      1   -995.335157  0.003076   -995.325860  0.000657    1.004784  0.000126  451.14
   300    305.324229      1   -995.333483  0.003175   -995.325633  0.000622    1.004822  0.000123  478.95
   320    304.945615      1   -995.332981  0.002995   -995.325529  0.000589    1.004813  0.000115  506.73
   340    304.609910      1   -995.333298  0.002983   -995.326325  0.000800    1.004820  0.000109  534.56
   360    304.315526      1   -995.333579  0.002834   -995.326402  0.000765    1.004787  0.000109  562.36
   380    304.039801      1   -995.333873  0.002735   -995.326379  0.000735    1.004771  0.000106  590.18
   400    303.801559      1   -995.334304  0.002616   -995.326170  0.000704    1.004797  0.000103  617.98
   420    303.578801      1   -995.334047  0.002497   -995.326055  0.000678    1.004829  0.000100  646.21
   440    303.362578      2   -995.333186  0.002464   -995.326090  0.000653    1.004862  0.000102  675.20
   460    303.168912      2   -995.332949  0.002368   -995.326260  0.000640    1.004877  0.000100  703.10
   480    302.993955      2   -995.333060  0.002327   -995.326137  0.000616    1.004877  0.000100  730.90
   500    302.835643      2   -995.334173  0.002358   -995.326401  0.000608    1.004857  0.000099  758.68
   520    302.682899      2   -995.334509  0.002391   -995.326487  0.000591    1.004858  0.000096  786.47
   540    302.539050      2   -995.334132  0.002335   -995.326469  0.000582    1.004872  0.000094  814.27
   560    302.408732      2   -995.334407  0.002293   -995.326504  0.000568    1.004893  0.000092  842.05
   580    302.290702      2   -995.334570  0.002217   -995.326624  0.000557    1.004891  0.000090  869.84
   600    302.172473      2   -995.334294  0.002164   -995.326636  0.000543    1.004861  0.000092  897.65
   620    302.058204      2   -995.333816  0.002143   -995.326624  0.000532    1.004858  0.000090  925.43
   640    301.944409      2   -995.333103  0.002131   -995.326599  0.000518    1.004858  0.000087  953.25
   660    301.855768      2   -995.333056  0.002065   -995.326470  0.000505    1.004865  0.000085  981.04
   680    301.766920      2   -995.332991  0.002023   -995.326487  0.000493    1.004865  0.000085 1008.84
   700    301.683485      2   -995.332959  0.002017   -995.326478  0.000482    1.004857  0.000083 1036.63
   720    301.604749      2   -995.333046  0.001978   -995.326688  0.000586    1.004860  0.000081 1064.43
   740    301.536056      2   -995.333326  0.001968   -995.326748  0.000598    1.004860  0.000079 1092.22
   760    301.467981      2   -995.333168  0.001980   -995.326728  0.000585    1.004861  0.000077 1120.02
   780    301.399324      2   -995.333171  0.001936   -995.326652  0.000573    1.004854  0.000076 1147.82
   800    301.383995      3   -995.335987  0.003431   -995.326040  0.000847    1.004867  0.000074 1175.60
   820    301.309854      3   -995.335653  0.003495   -995.326006  0.000828    1.004881  0.000083 1203.41
   840    301.249158      3   -995.335690  0.003404   -995.326059  0.000810    1.004888  0.000081 1231.19
   860    301.193926      3   -995.335656  0.003339   -995.326027  0.000793    1.004886  0.000079 1258.99
   880    301.141404      3   -995.335990  0.003266   -995.326112  0.000778    1.004883  0.000079 1286.77
   900    301.077307      4   -995.335621  0.003233   -995.326125  0.000762    1.004890  0.000079 1314.57
   920    301.022966      5   -995.335349  0.003218   -995.326126  0.000747    1.004874  0.000077 1342.36
   940    300.977360      5   -995.335578  0.003218   -995.326111  0.000732    1.004885  0.000078 1370.17
   960    300.929999      5   -995.335459  0.003165   -995.326100  0.000718    1.004891  0.000077 1397.99
   980    300.882229      5   -995.335328  0.003102   -995.326128  0.000704    1.004880  0.000075 1425.80
  1000    300.836970      5   -995.334730  0.003044   -995.326168  0.000691    1.004880  0.000074 1453.59
---------------------------------------------- Post Propagation ----------------------------------------------
Total number of samples 1000
Raw AFQMC/HF (Guide) energy:           -995.334730 ± 0.003044
Raw Trial/Guide overlap ratio:          1.004880 ± 0.000074
Raw AFQMC/pt2CCSD energy (covariance): -995.326168 ± 0.000691
Raw AFQMC/pt2CCSD energy (dir sample): -995.326168 ± 0.001397
--------------------------------------------- Clean Obeservation ---------------------------------------------
removing energies outside zeta > 30
Outlier energy bound [-995.551992, -995.097347]
Removed 2 outliers with energies [-994.01993729 -995.01979207]
Clean AFQMC/pt2CCSD overlap ratio:        1.004877 ± 0.000072
Clean AFQMC/pt2CCSD energy (covariance): -995.326617 ± 0.000470
Clean AFQMC/ptCCSD energy (dir sample):  -995.326617 ± 0.000394
--------------------------------------------- Blocking Analysis ----------------------------------------------
nsample = 998, max_block_size = 24, min_nblocks = 40
   B    NB    NS  Observable     Error    dError
   1   998   998    1.004877  0.000031  0.000001
   2   499   998    1.004876  0.000040  0.000001
   3   332   996    1.004876  0.000046  0.000002
   4   249   996    1.004876  0.000050  0.000002
   5   199   995    1.004875  0.000056  0.000003
   6   166   996    1.004876  0.000055  0.000003
   7   142   994    1.004874  0.000055  0.000003
   8   124   992    1.004873  0.000059  0.000004
   9   110   990    1.004873  0.000061  0.000004
  10    99   990    1.004873  0.000061  0.000004
  11    90   990    1.004873  0.000065  0.000005
  12    83   996    1.004876  0.000067  0.000005
  13    76   988    1.004874  0.000069  0.000006
  14    71   994    1.004874  0.000060  0.000005
  15    66   990    1.004873  0.000069  0.000006
  16    62   992    1.004873  0.000065  0.000006
  17    58   986    1.004876  0.000065  0.000006
  18    55   990    1.004873  0.000069  0.000007
  19    52   988    1.004874  0.000062  0.000006
  20    49   980    1.004877  0.000066  0.000007
  21    47   987    1.004875  0.000059  0.000006
  22    45   990    1.004873  0.000072  0.000008
  23    43   989    1.004873  0.000069  0.000008
  24    41   984    1.004876  0.000068  0.000008
Fit (variance): plateau_var = 4.370e-09 ± 2.662e-10
Fit (error):    plateau = 0.000066 ± 0.000002
     autocorrelation length ~ 4.8 blocks
     plateau reached at block size ~ 23
nclean = 998, max_block_size = 24, min_nblocks = 40
Blk_SZ   NBlk   NSmp      Energy     Error    dError
     1    998    998  -995.326294  0.000394  0.000009
     2    499    998  -995.326390  0.000415  0.000013
     3    332    996  -995.326456  0.000424  0.000016
     4    249    996  -995.326501  0.000439  0.000020
     5    199    995  -995.326509  0.000437  0.000022
     6    166    996  -995.326545  0.000449  0.000025
     7    142    994  -995.326556  0.000508  0.000030
     8    124    992  -995.326571  0.000441  0.000028
     9    110    990  -995.326565  0.000455  0.000031
    10     99    990  -995.326570  0.000464  0.000033
    11     90    990  -995.326577  0.000489  0.000037
    12     83    996  -995.326581  0.000438  0.000034
    13     76    988  -995.326590  0.000497  0.000041
    14     71    994  -995.326602  0.000477  0.000040
    15     66    990  -995.326598  0.000444  0.000039
    16     62    992  -995.326603  0.000440  0.000040
    17     58    986  -995.326568  0.000513  0.000048
    18     55    990  -995.326600  0.000459  0.000044
    19     52    988  -995.326608  0.000503  0.000050
    20     49    980  -995.326569  0.000474  0.000048
    21     47    987  -995.326606  0.000480  0.000050
    22     45    990  -995.326606  0.000497  0.000053
    23     43    989  -995.326606  0.000480  0.000052
    24     41    984  -995.326579  0.000473  0.000053
Fit (variance): plateau_var = 2.239932e-07 ± 1.341158e-08
Fit (error):    plateau = 0.000473 ± 0.000014
     autocorrelation length ~ 4.2 blocks
     plateau reached at block size ~ 16
Final AFQMC/pt2CCSD overlap ratio: 1.004877 ± 0.000066
Final AFQMC/pt2CCSD energy: -995.326617 ± 0.000473
Total run time: 1462.86
------------------------------------------ AFQMC Sampling Finished -------------------------------------------
