#INFO: **** input file is /projects/yizh8382/projects/w4_17/w4-17_all/pyscf_input/run_pyscf_vdzsd.py ****
import os
import glob
import numpy as np
from pyscf import gto, scf, cc

# basis = "ccpvdz"
xyz_dir = "../w4_17_xyz/closed_shell"
results_file = f"../result/closed_shell_rhf_sym_vdzsd.dat"
out_dir = "../result/molout/closed_shell"
os.makedirs(out_dir, exist_ok=True)

# Set to a list of molecule names to run only those, e.g. ["acetaldehyde", "benzene"]
# Set to None to run all molecules in xyz_dir
select_molecules = None
symmetry = True

def vdzsd(elem):
    if elem in ('H', 'He'):
        raw_basis = gto.basis.load('ccpvdz', elem)
        return [b for b in raw_basis if b[0] != 1]
    else:
        return gto.basis.load('ccpvdz', elem)

def get_vdzsd_basis(atoms):
    elems = {line.split()[0] for line in atoms.strip().splitlines() if line.strip()}
    basis_dict = {el: vdzsd(el) for el in elems}
    return basis_dict

all_xyz = sorted(glob.glob(os.path.join(xyz_dir, "*.xyz")))
if select_molecules is not None:
    select_set = set(select_molecules)
    xyz_files = [p for p in all_xyz if os.path.splitext(os.path.basename(p))[0] in select_set]
    missing = select_set - {os.path.splitext(os.path.basename(p))[0] for p in xyz_files}
    if missing:
        print(f"Warning: no .xyz file found for: {', '.join(sorted(missing))} in {xyz_dir}")
else:
    xyz_files = all_xyz

with open(results_file, "w") as out:
    out.write(f"{'Molecule':<16s} {'Charge':>6s} {'2S':>6s} {'frozen':>6s} "
              f"{'E_RHF (Eh)':>20s} {'E_CCSD (Eh)':>20s} {'E_CCSD(T) (Eh)':>20s}\n")
    out.write("-" * 100 + "\n")

for xyz_path in xyz_files:
    with open(xyz_path, "r") as f:
        lines = f.readlines()

    # Parse charge and multiplicity from second line: "name charge=X mult=Y"
    second_line = lines[1]
    charge = int(second_line.split("charge=")[1].split()[0])
    mult   = int(second_line.split("mult=")[1].split()[0])
    spin   = mult - 1   # PySCF spin input is 2S = mult - 1
    mol_name = second_line.split()[0]

    # Coordinates only (skip the atom count and comment lines)
    atoms = "".join(lines[2:])
    basis_dict = get_vdzsd_basis(atoms)

    print(f"\n{'='*60}")
    print(f"Running: {mol_name}  charge={charge}  spin={spin}")
    print(f"{'='*60}")
    
    mol = gto.M(
        atom=atoms,
        basis=basis_dict,
        verbose=4,
        output=os.path.join(out_dir, f"{mol_name}_sym_vdzsd.out"),
        unit="angstrom",
        symmetry=symmetry,
        charge=charge,
        spin=spin,
        max_memory=40000,
    )

    mf = scf.RHF(mol)
    mf.max_cycle = 200
    mf = mf.newton()
    mf.kernel()

    # Stability check loop — at most 10 attempts
    max_stability_cycles = 10
    stable = False
    for stability_iter in range(max_stability_cycles):
        mo_i, _, stable, _ = mf.stability(return_status=True)
        if stable:
            break
        dm = mf.make_rdm1(mo_i, mf.mo_occ)
        mf.kernel(dm0=dm)

    if not stable or not mf.converged:
        print(f"  !! SCF did not converge for {mol_name} — skipping.")
        with open(results_file, "a") as out:
            out.write(f"{mol_name:<16s} {charge:>6d} {spin:>6d} {'N/A':>6s} "
                      f"{'UNCONVERGED':>20s} {'UNCONVERGED':>20s} {'UNCONVERGED':>20s}\n")
        continue

    energy = mf.e_tot

    mycc = cc.CCSD(mf)
    mycc.set_frozen()
    mycc.kernel()
    e_ccsd = mycc.e_tot
    et = mycc.ccsd_t()
    e_ccsdt = e_ccsd + et
    frozen = mycc.frozen

    with open(results_file, "a") as out:
        out.write(f"{mol_name:<16s} {charge:>6d} {spin:>6d} {frozen:>6d} "
                  f"{energy:>20.10f} {e_ccsd:>20.10f} {e_ccsdt:>20.10f}\n")

    print(f"  => E_RHF({mol_name})     = {energy:.10f} Eh")
    print(f"  => E_CCSD({mol_name})    = {e_ccsd:.10f} Eh")
    print(f"  => E_CCSD(T)({mol_name}) = {e_ccsdt:.10f} Eh")

print(f"\nAll calculations complete. Results saved to {results_file}")
#INFO: ******************** input file end ********************


System: uname_result(system='Linux', node='bnode0309.rc.int.colorado.edu', release='4.18.0-477.27.1.el8_8.x86_64', version='#1 SMP Thu Aug 31 10:29:22 EDT 2023', machine='x86_64')  Threads 28
Python 3.10.2 | packaged by conda-forge | (main, Mar  8 2022, 15:52:01) [GCC 9.4.0]
numpy 2.0.2  scipy 1.14.1  h5py 3.12.1
Date: Thu May 14 10:01:46 2026
PySCF version 2.9.0
PySCF path  /projects/yizh8382/tools/lno_pyscf_gcc
GIT HEAD (branch master) 142756584ed3963728cc1f6823286f4605811a6c

[ENV] PYSCF_TMPDIR /scratch/alpine/yizh8382/pyscf
[ENV] PYSCF_EXT_PATH /home/yizh8382/tools/pyscf-forge
[CONFIG] conf_file None
[INPUT] verbose = 4
[INPUT] num. atoms = 9
[INPUT] num. electrons = 44
[INPUT] charge = 0
[INPUT] spin (= nelec alpha-beta = 2S) = 0
[INPUT] symmetry True subgroup None
[INPUT] Mole.unit = angstrom
[INPUT] Symbol           X                Y                Z      unit          X                Y                Z       unit  Magmom
[INPUT]  1 C      0.000000000000   1.234685935000  -0.003774110800 AA    0.000000000000   2.333218267003  -0.007132035776 Bohr   0.0
[INPUT]  2 C      0.000000000000   0.713115562700  -1.270242606100 AA    0.000000000000   1.347593108668  -2.400410637283 Bohr   0.0
[INPUT]  3 C      0.000000000000  -0.713115562700  -1.270242606100 AA    0.000000000000  -1.347593108668  -2.400410637283 Bohr   0.0
[INPUT]  4 C      0.000000000000  -1.234685935000  -0.003774110800 AA    0.000000000000  -2.333218267003  -0.007132035776 Bohr   0.0
[INPUT]  5 S      0.000000000000   0.000000000000   1.188711208400 AA    0.000000000000   0.000000000000   2.246338625077 Bohr   0.0
[INPUT]  6 H      0.000000000000   2.272133244600   0.288665092400 AA    0.000000000000   4.293709550813   0.545497966358 Bohr   0.0
[INPUT]  7 H      0.000000000000   1.320564937500  -2.163490479700 AA    0.000000000000   2.495506061578  -4.088404479737 Bohr   0.0
[INPUT]  8 H      0.000000000000  -1.320564937500  -2.163490479700 AA    0.000000000000  -2.495506061578  -4.088404479737 Bohr   0.0
[INPUT]  9 H      0.000000000000  -2.272133244600   0.288665092400 AA    0.000000000000  -4.293709550813   0.545497966358 Bohr   0.0

nuclear repulsion = 202.789493699081
point group symmetry = C2v
symmetry origin: [ 0.00000000e+00 -2.01858732e-17 -7.93343233e-04]
symmetry axis x: [1. 0. 0.]
symmetry axis y: [0. 1. 0.]
symmetry axis z: [0. 0. 1.]
num. orbitals of irrep A1 = 33
num. orbitals of irrep A2 = 9
num. orbitals of irrep B1 = 12
num. orbitals of irrep B2 = 28
number of shells = 33
number of NR pGTOs = 161
number of NR cGTOs = 82
basis = {'C': [[0, [6665.0, 0.000692, -0.000146], [1000.0, 0.005329, -0.001154], [228.0, 0.027077, -0.005725], [64.71, 0.101718, -0.023312], [21.06, 0.27474, -0.063955], [7.495, 0.448564, -0.149981], [2.797, 0.285074, -0.127262], [0.5215, 0.015204, 0.544529]], [0, [0.1596, 1.0]], [1, [9.439, 0.038109], [2.002, 0.20948], [0.5456, 0.508557]], [1, [0.1517, 1.0]], [2, [0.55, 1.0]]], 'H': [[0, [13.01, 0.019685], [1.962, 0.137977], [0.4446, 0.478148]], [0, [0.122, 1.0]]], 'S': [[0, [110800.0, 0.000247635, -6.87039e-05, 1.99077e-05], [16610.0, 0.00192026, -0.000527681, 0.000153483], [3781.0, 0.00996192, -0.00279671, 0.000809503], [1071.0, 0.0402975, -0.0112651, 0.00328974], [349.8, 0.128604, -0.0388834, 0.0112967], [126.3, 0.30348, -0.0995025, 0.0296385], [49.26, 0.421432, -0.19974, 0.0599851], [20.16, 0.230781, -0.12336, 0.0413248], [5.72, 0.0178971, 0.513194, -0.207474], [2.182, -0.00297516, 0.60712, -0.392889], [0.4327, 0.000849522, 0.0396753, 0.63284]], [0, [0.157, 1.0]], [1, [399.7, 0.00447541, -0.00116251], [94.19, 0.0341708, -0.00865664], [29.75, 0.14425, -0.0390886], [10.77, 0.353928, -0.0934625], [4.119, 0.459085, -0.147994], [1.625, 0.206383, 0.0301904], [0.4726, 0.0102141, 0.561573]], [1, [0.1407, 1.0]], [2, [0.479, 1.0]]]}
ecp = {}
CPU time:     16574.06
Freeze 0 electrons in irreps []
    44 free electrons in irreps A1 A2 B1 B2




******** <class 'pyscf.soscf.newton_ah.SecondOrderSymAdaptedRHF'> ********
method = SecondOrderSymAdaptedRHF
initial guess = minao
damping factor = 0
level_shift factor = 0
DIIS = <class 'pyscf.scf.diis.CDIIS'>
diis_start_cycle = 1
diis_space = 8
diis_damp = 0
SCF conv_tol = 1e-09
SCF conv_tol_grad = None
SCF max_cycles = 200
direct_scf = True
direct_scf_tol = 1e-13
chkfile to save SCF result = /scratch/alpine/yizh8382/pyscf/tmps8il9tu8
max_memory 40000 MB (current use 1912 MB)
******** <class 'pyscf.scf.hf_symm.SymAdaptedRHF'> Newton solver flags ********
SCF tol = 1e-09
conv_tol_grad = None
max. SCF cycles = 200
direct_scf = True
direct_scf_tol = 1e-13
chkfile to save SCF result = /scratch/alpine/yizh8382/pyscf/tmps8il9tu8
max_cycle_inner = 12
max_stepsize = 0.05
ah_start_tol = 1e+09
ah_level_shift = 0
ah_conv_tol = 1e-12
ah_lindep = 1e-14
ah_start_cycle = 1
ah_max_cycle = 40
ah_grad_trust_region = 2.5
kf_interval = 4
kf_trust_region = 5
canonicalization = True
max_memory 40000 MB (current use 1912 MB)
Set conv_tol_grad to 3.16228e-05
Initial guess from minao.
HOMO (A2) = -0.209046931627618  LUMO (B1) = 0.0416621459361377
Initial guess E= -551.249436947708  |g|= 0.360878
macro= 0  E= -551.306625329866  delta_E= -0.0571884  |g|= 0.000138311  4 KF 15 JK
macro= 1  E= -551.306625329931  delta_E= -6.43468e-11  |g|= 1.2709e-05  1 KF 3 JK
Canonicalize SCF orbitals
macro X = 2  E=-551.306625329931  |g|= 1.2709e-05  total 6 KF 21 JK
converged SCF energy = -551.306625329931
rhf_internal: lowest eigs of H = [0.87428648 1.39065164 1.55420509]
<class 'pyscf.soscf.newton_ah.SecondOrderSymAdaptedRHF'> wavefunction is stable in the internal stability analysis

******** <class 'pyscf.cc.ccsd.CCSD'> ********
CC2 = 0
CCSD nocc = 13, nmo = 73
frozen orbitals 9
max_cycle = 50
direct = 0
conv_tol = 1e-07
conv_tol_normt = 1e-05
diis_space = 6
diis_start_cycle = 0
diis_start_energy_diff = 1e+09
max_memory 40000 MB (current use 1912 MB)
Init t2, MP2 energy = -551.944765450557  E_corr(MP2) -0.638140120626514
Init E_corr(CCSD) = -0.638140120633729
cycle = 1  E_corr(CCSD) = -0.645683223404148  dE = -0.00754310277  norm(t1,t2) = 0.0720353
cycle = 2  E_corr(CCSD) = -0.665632038264467  dE = -0.0199488149  norm(t1,t2) = 0.0245755
cycle = 3  E_corr(CCSD) = -0.667020834448736  dE = -0.00138879618  norm(t1,t2) = 0.0111117
cycle = 4  E_corr(CCSD) = -0.669906185835778  dE = -0.00288535139  norm(t1,t2) = 0.00495001
cycle = 5  E_corr(CCSD) = -0.670017106166371  dE = -0.000110920331  norm(t1,t2) = 0.0014013
cycle = 6  E_corr(CCSD) = -0.669813819480996  dE = 0.000203286685  norm(t1,t2) = 0.000483966
cycle = 7  E_corr(CCSD) = -0.669812753621927  dE = 1.06585907e-06  norm(t1,t2) = 0.000229676
cycle = 8  E_corr(CCSD) = -0.669824205126107  dE = -1.14515042e-05  norm(t1,t2) = 9.07659e-05
cycle = 9  E_corr(CCSD) = -0.66981886674719  dE = 5.33837892e-06  norm(t1,t2) = 3.57763e-05
cycle = 10  E_corr(CCSD) = -0.66982007727259  dE = -1.2105254e-06  norm(t1,t2) = 9.76096e-06
cycle = 11  E_corr(CCSD) = -0.669819877871583  dE = 1.99401007e-07  norm(t1,t2) = 2.46515e-06
cycle = 12  E_corr(CCSD) = -0.669819871253408  dE = 6.61817556e-09  norm(t1,t2) = 7.88354e-07
CCSD converged
E(CCSD) = -551.976445201184  E_corr = -0.6698198712534076
CCSD(T) correction = -0.0289934922741555
