
    ________                     _____                    
    ___  __ \___  __________________(_)_____________ _    
    __  /_/ /  / / /_  __ \_  __ \_  /__  __ \_  __ `/    
    _  _, _// /_/ /_  / / /  / / /  / _  / / /  /_/ /     
    /_/ |_| \__,_/ /_/ /_//_/ /_//_/  /_/ /_/_\__, /      
                                             /____/       
    _____________________________  ___________            
    ___    |__  ____/_  __ \__   |/  /_  ____/            
    __  /| |_  /_   _  / / /_  /|_/ /_  /                 
    _  ___ |  __/   / /_/ /_  /  / / / /___               
    /_/  |_/_/      \___\_\/_/  /_/  \____/               

Hostname:     gpua020.delta.ncsa.illinois.edu
System:       Linux
Node:         gpua020.delta.ncsa.illinois.edu
Release:      5.14.0-427.91.1.el9_4.x86_64
Machine:      x86_64
Processor:    x86_64
JAX backend:  GPU
JAX devices:  [CudaDevice(id=0)]
Device kind:  NVIDIA A100-SXM4-40GB
Platform:     gpu

Load system from Integral File
Maximum memory per walker:            66.67 MB
Maximum number of Cholesky per chunk: 144
Number of Cholesky chunks:            6
Number of Cholesky per chunk:         122
Number of padding Cholesky:           1

QMC System
Number of electrons: (9, 9)
Spin Multiplicity:   0
Number of orbitals:  123
Number of Chol:      731

QMC Parameters
eql_time            :                   50
n_blocks            :                 1000
n_walkers           :                  300
max_error           :                  0.0
seed                :                   17
walker_type         :                  uhf
trial               :             upt2ccsd
mix_precision       :                 True
max_memory          :                20000
dt                  :                0.005
n_exp_terms         :                    6
n_prop_steps        :                   50
save_walkers        :                False
free_projection     :                False
n_batch             :                    1
nchol_chunk         :                  122

Initalize QMC walkers by stochastic CCSD

Equilibration
inv_T        weight  killW        energy   runTime
 0.00    300.000000      0   -153.554782     17.69
 5.00    299.542427      0   -153.620501     30.78
10.00    298.714727      0   -153.583261     37.24
15.00    298.597964      0   -153.588898     43.74
20.00    299.085963      0   -153.549090     50.20
25.00    298.720746      0   -153.579565     56.65
30.00    298.563313      0   -153.587252     63.11
35.00    299.121310      0   -153.584476     69.57
40.00    298.714646      0   -153.594594     76.03
45.00    299.792064      0   -153.567789     82.49
50.00    299.590746      0   -153.590219     88.95

Sampling
blocks        weight  killW       E_Guide     error       E_Trial     error     olp_T/G     error  Walltime
    20    299.006585      0   -153.589236  0.012692   -153.581192  0.000991    1.005056  0.000511  153.53
    40    298.838404      0   -153.581427  0.009300   -153.580409  0.000823    1.005281  0.000319  212.01
    60    298.749302      0   -153.583265  0.006255   -153.581854  0.000938    1.005205  0.000211  270.58
    80    298.765750      0   -153.586489  0.004799   -153.582525  0.000850    1.005184  0.000169  329.14
   100    298.741348      0   -153.587275  0.003946   -153.582464  0.000729    1.005017  0.000203  387.76
   120    298.719078      0   -153.587560  0.003428   -153.582346  0.000672    1.004978  0.000165  446.35
   140    298.694607      0   -153.584920  0.003488   -153.581921  0.000606    1.004858  0.000172  505.69
   160    298.695232      0   -153.587097  0.003404   -153.581752  0.000594    1.004793  0.000156  564.15
   180    298.668195      0   -153.586455  0.003066   -153.581505  0.000569    1.004867  0.000145  622.91
   200    298.679560      0   -153.586682  0.002763   -153.581794  0.000536    1.004859  0.000131  681.37
   220    298.664779      0   -153.586790  0.002599   -153.581782  0.000496    1.004928  0.000150  739.93
   240    298.654304      0   -153.587095  0.002467   -153.581903  0.000470    1.004919  0.000142  798.61
   260    298.636433      0   -153.586600  0.002301   -153.581920  0.000444    1.004908  0.000132  857.10
   280    298.620511      0   -153.586718  0.002189   -153.581765  0.000419    1.004906  0.000120  915.68
   300    298.616554      0   -153.587712  0.002344   -153.581895  0.000441    1.004888  0.000113  974.25
   320    298.595843      0   -153.587579  0.002218   -153.581707  0.000421    1.004916  0.000106 1032.82
   340    298.583588      1   -153.587114  0.002145   -153.581574  0.000400    1.004899  0.000102 1091.48
   360    298.579515      1   -153.586923  0.002019   -153.581503  0.000386    1.004819  0.000110 1150.19
   380    298.574863      1   -153.586656  0.001982   -153.581437  0.000370    1.004820  0.000105 1208.96
   400    298.572034      1   -153.586382  0.001947   -153.581453  0.000366    1.004831  0.000100 1267.49
   420    298.574606      1   -153.586975  0.001959   -153.581486  0.000354    1.004840  0.000097 1326.05
   440    298.565910      1   -153.587082  0.001878   -153.581457  0.000347    1.004865  0.000098 1385.20
   460    298.563797      2   -153.587047  0.001820   -153.581573  0.000353    1.004895  0.000096 1443.85
   480    298.562605      2   -153.587020  0.001752   -153.581619  0.000342    1.004936  0.000100 1502.37
   500    298.558307      2   -153.587171  0.001691   -153.581631  0.000332    1.004922  0.000096 1560.96
   520    298.557445      2   -153.587184  0.001634   -153.581669  0.000325    1.004920  0.000096 1619.53
   540    298.549472      2   -153.587281  0.001604   -153.581658  0.000316    1.004973  0.000100 1678.10
   560    298.542443      2   -153.587386  0.001563   -153.581650  0.000308    1.005013  0.000107 1736.74
   580    298.537542      3   -153.587375  0.001514   -153.581636  0.000301    1.005007  0.000106 1795.36
   600    298.532160      3   -153.587058  0.001479   -153.581531  0.000294    1.005027  0.000106 1853.91
   620    298.528143      4   -153.587030  0.001437   -153.581467  0.000287    1.005013  0.000102 1912.70
   640    298.534643      4   -153.587055  0.001407   -153.581429  0.000282    1.005029  0.000100 1971.27
   660    298.531728      4   -153.587008  0.001362   -153.581394  0.000276    1.004989  0.000104 2029.87
   680    298.538017      4   -153.587179  0.001334   -153.581401  0.000270    1.005000  0.000101 2088.47
   700    298.536824      4   -153.587007  0.001311   -153.581339  0.000264    1.005016  0.000100 2147.04
   720    298.536420      4   -153.587141  0.001289   -153.581340  0.000263    1.005023  0.000100 2205.63
   740    298.527998      4   -153.587006  0.001261   -153.581351  0.000259    1.005055  0.000101 2264.22
   760    298.525563      4   -153.586978  0.001232   -153.581450  0.000260    1.005067  0.000100 2322.92
   780    298.518231      4   -153.586786  0.001224   -153.581506  0.000257    1.005073  0.000098 2381.50
   800    298.513813      4   -153.586704  0.001198   -153.581481  0.000253    1.005095  0.000100 2440.10
   820    298.507485      5   -153.586377  0.001246   -153.581478  0.000250    1.005099  0.000098 2498.64
   840    298.504245      5   -153.586259  0.001219   -153.581434  0.000246    1.005099  0.000095 2559.12
   860    298.507629      5   -153.586225  0.001213   -153.581415  0.000243    1.005109  0.000094 2617.71
   880    298.506654      5   -153.586047  0.001189   -153.581391  0.000239    1.005094  0.000093 2676.30
   900    298.502163      5   -153.585985  0.001166   -153.581342  0.000234    1.005080  0.000092 2734.88
   920    298.503058      5   -153.586158  0.001157   -153.581353  0.000231    1.005079  0.000090 2793.47
   940    298.500925      5   -153.586160  0.001148   -153.581334  0.000227    1.005098  0.000090 2852.06
   960    298.497516      6   -153.586101  0.001120   -153.581348  0.000225    1.005100  0.000090 2910.69
   980    298.494188      6   -153.586193  0.001102   -153.581337  0.000222    1.005108  0.000090 2969.25
  1000    298.498363      6   -153.586485  0.001107   -153.581313  0.000219    1.005131  0.000090 3027.83

Post Propagation Process
Total number of samples 1000
Raw AFQMC/HF (Guide) energy:           -153.586485 ± 0.001107
Raw Trial/Guide overlap ratio:          1.005131 ± 0.000090
Raw AFQMC/pt2CCSD energy (covariance): -153.581313 ± 0.000219
Raw AFQMC/pt2CCSD energy (dir sample): -153.581313 ± 0.000181

Remove Outliers
removing energies outside zeta > 30
Outlier energy bound [-153.719116, -153.441127]
Removed 0 outliers with energies []
Clean AFQMC/pt2CCSD overlap ratio:        1.005131 ± 0.000090
Clean AFQMC/pt2CCSD energy (covariance): -153.581313 ± 0.000219
Clean AFQMC/ptCCSD energy (dir sample):  -153.581313 ± 0.000181

Blocking Analysis
nsample = 1000, max_block_size = 25, min_nblocks = 40
   B    NB    NS  Observable     Error    dError
   1  1000  1000    1.005131  0.000034  0.000001
   2   500  1000    1.005131  0.000044  0.000001
   3   333   999    1.005129  0.000052  0.000002
   4   250  1000    1.005131  0.000057  0.000003
   5   200  1000    1.005131  0.000060  0.000003
   6   166   996    1.005123  0.000064  0.000004
   7   142   994    1.005125  0.000066  0.000004
   8   125  1000    1.005131  0.000068  0.000004
   9   111   999    1.005129  0.000070  0.000005
  10   100  1000    1.005131  0.000072  0.000005
  11    90   990    1.005126  0.000078  0.000006
  12    83   996    1.005123  0.000074  0.000006
  13    76   988    1.005124  0.000081  0.000007
  14    71   994    1.005125  0.000080  0.000007
  15    66   990    1.005126  0.000081  0.000007
  16    62   992    1.005126  0.000082  0.000007
  17    58   986    1.005123  0.000081  0.000008
  18    55   990    1.005126  0.000085  0.000008
  19    52   988    1.005124  0.000081  0.000008
  20    50  1000    1.005131  0.000088  0.000009
  21    47   987    1.005124  0.000083  0.000009
  22    45   990    1.005126  0.000087  0.000009
  23    43   989    1.005125  0.000085  0.000009
  24    41   984    1.005119  0.000090  0.000010
  25    40  1000    1.005131  0.000086  0.000010
Fit (variance): plateau_var = 7.658e-09 ± 6.895e-10
Fit (error):    plateau = 0.000088 ± 0.000004
     autocorrelation length ~ 8.3 blocks
     plateau reached at block size ~ 38
     !!!Failed to reach plateau in blocking
     Return max block error
nclean = 1000, max_block_size = 25, min_nblocks = 40
Blk_SZ   NBlk   NSmp      Energy     Error    dError
     1   1000   1000  -153.581152  0.000181  0.000004
     2    500   1000  -153.581189  0.000201  0.000006
     3    333    999  -153.581208  0.000198  0.000008
     4    250   1000  -153.581228  0.000215  0.000010
     5    200   1000  -153.581245  0.000222  0.000011
     6    166    996  -153.581245  0.000226  0.000012
     7    142    994  -153.581261  0.000222  0.000013
     8    125   1000  -153.581267  0.000221  0.000014
     9    111    999  -153.581262  0.000230  0.000015
    10    100   1000  -153.581269  0.000231  0.000016
    11     90    990  -153.581284  0.000250  0.000019
    12     83    996  -153.581278  0.000233  0.000018
    13     76    988  -153.581303  0.000239  0.000020
    14     71    994  -153.581283  0.000250  0.000021
    15     66    990  -153.581298  0.000239  0.000021
    16     62    992  -153.581299  0.000214  0.000019
    17     58    986  -153.581301  0.000236  0.000022
    18     55    990  -153.581296  0.000261  0.000025
    19     52    988  -153.581310  0.000229  0.000023
    20     50   1000  -153.581294  0.000231  0.000023
    21     47    987  -153.581306  0.000226  0.000024
    22     45    990  -153.581301  0.000248  0.000026
    23     43    989  -153.581305  0.000259  0.000028
    24     41    984  -153.581312  0.000238  0.000027
    25     40   1000  -153.581298  0.000222  0.000025
Fit (variance): plateau_var = 5.578473e-08 ± 2.989218e-09
Fit (error):    plateau = 0.000236 ± 0.000006
     autocorrelation length ~ 3.8 blocks
     plateau reached at block size ~ 16
Final AFQMC/pt2CCSD overlap ratio: 1.005131 ± 0.000090
Final AFQMC/pt2CCSD energy: -153.581313 ± 0.000236
Total run time: 3061.25

AFQMC Sampling Finished

