#INFO: **** input file is /work/hdd/bdka/yzhang65/w4_17/w4-17_all/afqmc_input/batch1/run_afqmc.py ****
import os
import sys
import re
#sys.path.insert(0, os.path.join(os.path.dirname(os.path.abspath(__file__)), '..', 'script'))
sys.path.insert(0, '/u/yzhang65/mywork/yzhang65/w4_17/w4-17_all/script')

os.environ.setdefault("XLA_PYTHON_CLIENT_ALLOCATOR", "platform")
import jax
jax.config.update("jax_enable_x64", True)

from pyscf import gto, scf, cc
from afqmc import integral, launch_afqmc
from mol_select import get_xyz_files
import truncate_basis

# ---------------------------------------------------------------------------
# Configuration
# ---------------------------------------------------------------------------
shell            = "closed"  # "closed" or "open"
symmetry         = False
select_molecules = None  # e.g. ["acetaldehyde", "benzene"], or None for all
index            = "1-20"          # e.g. "1-10", "5", "1,3,5-8", or None for all
basis            = "vtzfp"

xyz_dir      = f"../../w4_17_xyz/{shell}_shell"
results_file = f"./{shell}_afqmc_{basis}.dat"
out_dir      = f"../../result/molout/{shell}_shell"
os.makedirs(out_dir, exist_ok=True)

xyz_files = get_xyz_files(xyz_dir, select_molecules=select_molecules, index=index)

# ---------------------------------------------------------------------------
# Write results header
# ---------------------------------------------------------------------------
with open(results_file, "w") as out:
    out.write(f"{'Molecule':<16s} {'E_HF (Eh)':>20s} {'E_CCSD (Eh)':>20s} "
              f"{'E_AFQMC (Eh)':>15s} {'E_AFQMC ERR (Eh)':>15s}\n")

# ---------------------------------------------------------------------------
# Helper
# ---------------------------------------------------------------------------
_afqmc_energy_re = re.compile(
    r"Final AFQMC/pt2CCSD energy:\s*([-+]?\d*\.?\d+(?:[eE][-+]?\d+)?)"
    r"\s*(?:±|\+/-)\s*([-+]?\d*\.?\d+(?:[eE][-+]?\d+)?)"
)

def extract_afqmc_energy(filename):
    try:
        with open(filename, encoding="utf-8") as f:
            for line in f:
                m = _afqmc_energy_re.search(line)
                if m:
                    return float(m.group(1)), float(m.group(2))
    except (OSError, IOError):
        pass
    return 0, 0

# ---------------------------------------------------------------------------
# Main loop
# ---------------------------------------------------------------------------
for xyz_path in xyz_files:
    with open(xyz_path) as f:
        lines = f.readlines()

    second_line = lines[1]
    charge   = int(second_line.split("charge=")[1].split()[0])
    spin     = int(second_line.split("mult=")[1].split()[0]) - 1
    mol_name = second_line.split()[0]
    atoms    = "".join(lines[2:])

    print(f"\n{'='*60}\nRunning: {mol_name}  charge={charge}  spin={spin}\n{'='*60}")

    mol = gto.M(
        atom=atoms,
        basis=truncate_basis.get_basis(atoms, basis),
        verbose=4,
        output=os.path.join(out_dir, f"{mol_name}_{basis}.out"),
        unit="angstrom",
        symmetry=symmetry,
        charge=charge,
        spin=spin,
        max_memory=40000,
    )

    mf = scf.UHF(mol)
    mf.max_cycle = 200
    mf = mf.newton()
    mf.kernel()

    if mol_name == "h":
        with open(results_file, "a") as out:
            out.write(f"{mol_name:<16s} {mf.e_tot:>20.10f} {mf.e_tot:>20.10f} "
                      f"{mf.e_tot:>15.5f} {0.0:>15.5f}\n")
        continue

    stable = False
    for _ in range(10):
        mo_i, _, stable, _ = mf.stability(return_status=True)
        if stable:
            break
        dm = mf.make_rdm1(mo_i, mf.mo_occ)
        mf.kernel(dm0=dm)

    if not stable or not mf.converged:
        print(f"  !! SCF did not converge for {mol_name} — skipping.")
        with open(results_file, "a") as out:
            out.write(f"{mol_name:<16s} {'UNCONVERGED':>20s} {'UNCONVERGED':>20s} {'UNCONVERGED':>20s}\n")
        continue

    mycc = cc.CCSD(mf)
    mycc.set_frozen()
    mycc.kernel()

    integral.prep_integral(mycc, chol_cut=1e-5)
    options = {
        'eql_time':      50,
        'n_blocks':      1000,
        'n_walkers':     300,
        'max_error':     0.0,
        'seed':          17,
        'walker_type':   'uhf',
        'trial':         'upt2ccsd',
        'mix_precision': True,
        'max_memory':    20000, #MB
    }
    launch_afqmc.ph_afqmc(options)

    afqmc_out = os.path.join(out_dir, f"{mol_name}_afqmc_{basis}.out")
    os.system(f"mv afqmc.out {afqmc_out}")
    eqmc, eqmc_err = extract_afqmc_energy(afqmc_out)

    with open(results_file, "a") as out:
        out.write(f"{mol_name:<16s} {mf.e_tot:>20.10f} {mycc.e_tot:>20.10f} "
                  f"{eqmc:>15.5f} {eqmc_err:>15.5f}\n")

    print(f"  => E_HF({mol_name})      = {mf.e_tot:.10f} Eh")
    print(f"  => E_CCSD({mol_name})    = {mycc.e_tot:.10f} Eh")
    print(f"  => E_AFQMC({mol_name})   = {eqmc:.5f} +/- {eqmc_err:.5f} Eh")

print(f"\nAll calculations complete. Results saved to {results_file}")
#INFO: ******************** input file end ********************


System: uname_result(system='Linux', node='gpua020.delta.ncsa.illinois.edu', release='5.14.0-427.91.1.el9_4.x86_64', version='#1 SMP PREEMPT_DYNAMIC Wed Sep 17 10:08:59 EDT 2025', machine='x86_64')  Threads 16
Python 3.11.14 (main, Oct 21 2025, 18:31:21) [GCC 11.2.0]
numpy 2.3.5  scipy 1.16.3  h5py 3.15.1
Date: Sun May 24 03:44:35 2026
PySCF version 2.11.0
PySCF path  /u/yzhang65/myprojects/software/pyscf
GIT HEAD (branch master) f520f5381c0b41f716d847009817cbc64e52c0d5

[ENV] PYSCF_TMPDIR /projects/bdka/yzhang65/scratch/pyscf
[ENV] PYSCF_EXT_PATH /u/yzhang65/myprojects/software/pyscf-forge
[CONFIG] conf_file None
[INPUT] verbose = 4
[INPUT] num. atoms = 8
[INPUT] num. electrons = 16
[INPUT] charge = 0
[INPUT] spin (= nelec alpha-beta = 2S) = 0
[INPUT] symmetry False subgroup None
[INPUT] Mole.unit = angstrom
[INPUT] Symbol           X                Y                Z      unit          X                Y                Z       unit  Magmom
[INPUT]  1 B     -0.878894000000   0.000000000000   0.000000000000 AA   -1.660868952523   0.000000000000   0.000000000000 Bohr   0.0
[INPUT]  2 B      0.878894000000   0.000000000000   0.000000000000 AA    1.660868952523   0.000000000000   0.000000000000 Bohr   0.0
[INPUT]  3 H      0.000000000000   0.000000000000   0.975221000000 AA    0.000000000000   0.000000000000   1.842900600924 Bohr   0.0
[INPUT]  4 H      0.000000000000   0.000000000000  -0.975221000000 AA    0.000000000000   0.000000000000  -1.842900600924 Bohr   0.0
[INPUT]  5 H     -1.452345000000   1.039659000000   0.000000000000 AA   -2.744534288381   1.964670772939   0.000000000000 Bohr   0.0
[INPUT]  6 H     -1.452345000000  -1.039659000000   0.000000000000 AA   -2.744534288381  -1.964670772939   0.000000000000 Bohr   0.0
[INPUT]  7 H      1.452345000000  -1.039659000000   0.000000000000 AA    2.744534288381  -1.964670772939   0.000000000000 Bohr   0.0
[INPUT]  8 H      1.452345000000   1.039659000000   0.000000000000 AA    2.744534288381   1.964670772939   0.000000000000 Bohr   0.0

nuclear repulsion = 32.1690970792915
number of shells = 48
number of NR pGTOs = 150
number of NR cGTOs = 114
basis = {'H': [[0, [33.87, 0.006068], [5.095, 0.045308], [1.159, 0.202822]], [0, [0.3258, 1.0]], [0, [0.1027, 1.0]], [1, [1.407, 1.0]], [1, [0.388, 1.0]]], 'B': [[0, [5473.0, 0.000555, -0.000112], [820.9, 0.004291, -0.000868], [186.8, 0.021949, -0.004484], [52.83, 0.084441, -0.017683], [17.08, 0.238557, -0.053639], [5.999, 0.435072, -0.119005], [2.208, 0.341955, -0.165824], [0.2415, -0.009545, 0.595981]], [0, [0.5879, 1.0]], [0, [0.0861, 1.0]], [1, [12.05, 0.013118], [2.613, 0.079896], [0.7475, 0.277275]], [1, [0.2385, 1.0]], [1, [0.07698, 1.0]], [2, [0.661, 1.0]], [2, [0.199, 1.0]], [3, [0.49, 1.0]]]}
ecp = {}
CPU time:      3560.02




******** <class 'pyscf.soscf.newton_ah.SecondOrderUHF'> ********
method = SecondOrderUHF
initial guess = minao
damping factor = 0
level_shift factor = 0
DIIS = <class 'pyscf.scf.diis.CDIIS'>
diis_start_cycle = 1
diis_space = 8
diis_damp = 0
SCF conv_tol = 1e-09
SCF conv_tol_grad = None
SCF max_cycles = 200
direct_scf = True
direct_scf_tol = 1e-13
chkfile to save SCF result = /projects/bdka/yzhang65/scratch/pyscf/tmpa3907s4w
max_memory 40000 MB (current use 2883 MB)
number electrons alpha = 8  beta = 8
******** <class 'pyscf.scf.uhf.UHF'> Newton solver flags ********
SCF tol = 1e-09
conv_tol_grad = None
max. SCF cycles = 200
direct_scf = True
direct_scf_tol = 1e-13
chkfile to save SCF result = /projects/bdka/yzhang65/scratch/pyscf/tmpa3907s4w
max_cycle_inner = 12
max_stepsize = 0.05
ah_start_tol = 1e+09
ah_level_shift = 0
ah_conv_tol = 1e-12
ah_lindep = 1e-14
ah_start_cycle = 1
ah_max_cycle = 40
ah_grad_trust_region = 2.5
kf_interval = 4
kf_trust_region = 5
canonicalization = True
max_memory 40000 MB (current use 2883 MB)
Set conv_tol_grad to 3.16228e-05
  alpha nocc = 8  HOMO = -0.317691258579468  LUMO = 0.065866343971358
  beta  nocc = 8  HOMO = -0.319083395258584  LUMO = 0.0611037683639411
Initial guess E= -52.7950835224142  |g|= 0.209462
macro= 0  E= -52.8344267718308  delta_E= -0.0393432  |g|= 0.000488613  3 KF 12 JK
macro= 1  E= -52.8344267728249  delta_E= -9.9412e-10  |g|= 3.27162e-05  1 KF 3 JK
macro= 2  E= -52.834426772825  delta_E= -5.68434e-14  |g|= 5.91055e-06  1 KF 2 JK
Canonicalize SCF orbitals
macro X = 3  E=-52.834426772825  |g|= 5.91055e-06  total 6 KF 21 JK
converged SCF energy = -52.834426772825  <S^2> = 6.7132966e-11  2S+1 = 1
uhf_internal: lowest eigs of H = [0.46445991 0.48965839 0.51626738]
<class 'pyscf.soscf.newton_ah.SecondOrderUHF'> wavefunction is stable in the internal stability analysis

******** <class 'pyscf.cc.uccsd.UCCSD'> ********
CC2 = 0
CCSD nocc = (np.int64(6), np.int64(6)), nmo = (112, 112)
frozen orbitals 2
max_cycle = 50
direct = 0
conv_tol = 1e-07
conv_tol_normt = 1e-06
diis_space = 6
diis_start_cycle = 0
diis_start_energy_diff = 1e+09
max_memory 40000 MB (current use 2631 MB)
Init t2, MP2 energy = -0.252844312126863
Init E_corr(UCCSD) = -0.252844312151122
cycle = 1  E_corr(UCCSD) = -0.281169265860474  dE = -0.0283249537  norm(t1,t2) = 0.0612778
cycle = 2  E_corr(UCCSD) = -0.288544683984639  dE = -0.00737541812  norm(t1,t2) = 0.0178639
cycle = 3  E_corr(UCCSD) = -0.29126045657172  dE = -0.00271577259  norm(t1,t2) = 0.00698887
cycle = 4  E_corr(UCCSD) = -0.291373876366608  dE = -0.000113419795  norm(t1,t2) = 0.00112448
cycle = 5  E_corr(UCCSD) = -0.291312990638481  dE = 6.08857281e-05  norm(t1,t2) = 0.000451463
cycle = 6  E_corr(UCCSD) = -0.291312134997959  dE = 8.55640523e-07  norm(t1,t2) = 9.18579e-05
cycle = 7  E_corr(UCCSD) = -0.291313736297508  dE = -1.60129955e-06  norm(t1,t2) = 2.87684e-05
cycle = 8  E_corr(UCCSD) = -0.291313719946406  dE = 1.6351102e-08  norm(t1,t2) = 7.53707e-06
cycle = 9  E_corr(UCCSD) = -0.291313624103649  dE = 9.5842757e-08  norm(t1,t2) = 2.57261e-06
cycle = 10  E_corr(UCCSD) = -0.291313604459809  dE = 1.96438403e-08  norm(t1,t2) = 6.29032e-07
UCCSD converged
E(UCCSD) = -53.1257403772848  E_corr = -0.2913136044598087
