
    ________                     _____                    
    ___  __ \___  __________________(_)_____________ _    
    __  /_/ /  / / /_  __ \_  __ \_  /__  __ \_  __ `/    
    _  _, _// /_/ /_  / / /  / / /  / _  / / /  /_/ /     
    /_/ |_| \__,_/ /_/ /_//_/ /_//_/  /_/ /_/_\__, /      
                                             /____/       
    _____________________________  ___________            
    ___    |__  ____/_  __ \__   |/  /_  ____/            
    __  /| |_  /_   _  / / /_  /|_/ /_  /                 
    _  ___ |  __/   / /_/ /_  /  / / / /___               
    /_/  |_/_/      \___\_\/_/  /_/  \____/               

Hostname:     gpue02.delta.ncsa.illinois.edu
System:       Linux
Node:         gpue02.delta.ncsa.illinois.edu
Release:      5.14.0-427.91.1.el9_4.x86_64
Machine:      x86_64
Processor:    x86_64
JAX backend:  GPU
JAX devices:  [CudaDevice(id=0)]
Device kind:  NVIDIA H200
Platform:     gpu

Load system from Integral File
Maximum memory per walker:            83.33 MB
Maximum number of Cholesky per chunk: 405
Number of Cholesky chunks:            2
Number of Cholesky per chunk:         372
Number of padding Cholesky:           1

QMC System
Number of electrons: (12, 12)
Spin Multiplicity:   0
Number of orbitals:  116
Number of Chol:      743

QMC Parameters
eql_time            :                   50
n_blocks            :                 1000
n_walkers           :                  300
max_error           :                  0.0
seed                :                   17
walker_type         :                  rhf
trial               :              pt2ccsd
mix_precision       :                 True
max_memory          :                25000
dt                  :                0.005
n_exp_terms         :                    6
n_prop_steps        :                   50
save_walkers        :                False
free_projection     :                False
n_batch             :                    1
nchol_chunk         :                  372

Initalize QMC walkers by stochastic CCSD

Equilibration
inv_T        weight  killW        energy   runTime
 0.00    300.000000      0   -324.167111      9.95
 5.00    298.298092      0   -324.206264     16.48
10.00    300.190983      0   -324.232398     17.90
15.00    298.711026      0   -324.224545     19.32
20.00    299.028631      0   -324.209806     20.74
25.00    299.603256      0   -324.165916     22.16
30.00    300.398562      0   -324.220825     23.59
35.00    300.349512      0   -324.229360     25.01
40.00    297.736115      0   -324.195919     26.43
45.00    299.620677      0   -324.202664     27.85
50.00    300.230718      0   -324.181618     29.28

Sampling
blocks        weight  killW       E_Guide     error       E_Trial     error     olp_T/G     error  Walltime
    20    299.320881      0   -324.205317  0.008967   -324.190946  0.000973    1.003672  0.000600   65.13
    40    299.159153      0   -324.194231  0.007100   -324.191179  0.000812    1.003565  0.000434   98.00
    60    298.995384      1   -324.192492  0.005964   -324.191395  0.000624    1.003651  0.000280  131.85
    80    298.998669      1   -324.194735  0.004939   -324.191341  0.000510    1.003893  0.000268  164.71
   100    298.943515      1   -324.191905  0.004300   -324.190724  0.000469    1.004123  0.000261  197.68
   120    298.941929      1   -324.191955  0.003609   -324.190555  0.000426    1.004240  0.000231  230.59
   140    298.948844      1   -324.193034  0.003294   -324.190532  0.000410    1.004262  0.000200  263.50
   160    298.939193      1   -324.195302  0.003242   -324.190878  0.000395    1.004229  0.000176  296.40
   180    298.931864      1   -324.196078  0.002987   -324.191212  0.000413    1.004243  0.000157  329.36
   200    298.916809      1   -324.195353  0.002825   -324.191193  0.000386    1.004173  0.000161  362.29
   220    298.918181      1   -324.194416  0.002759   -324.191189  0.000369    1.004091  0.000156  395.24
   240    298.904993      1   -324.193977  0.002585   -324.191149  0.000361    1.004090  0.000148  428.16
   260    298.903943      1   -324.194617  0.002408   -324.191159  0.000348    1.004054  0.000139  461.10
   280    298.889842      1   -324.193934  0.002304   -324.191269  0.000341    1.004028  0.000131  494.04
   300    298.874801      1   -324.194678  0.002216   -324.191402  0.000341    1.003980  0.000128  526.97
   320    298.861982      1   -324.194961  0.002123   -324.191436  0.000332    1.003973  0.000127  559.86
   340    298.858248      1   -324.195232  0.002087   -324.191460  0.000318    1.004028  0.000130  593.03
   360    298.864861      1   -324.195196  0.002024   -324.191449  0.000307    1.004067  0.000127  626.04
   380    298.871897      1   -324.195195  0.001939   -324.191547  0.000317    1.004129  0.000128  659.16
   400    298.858806      1   -324.194802  0.001864   -324.191286  0.000343    1.004136  0.000123  692.11
   420    298.859676      1   -324.195593  0.001894   -324.191371  0.000333    1.004146  0.000118  725.16
   440    298.849094      1   -324.195579  0.001840   -324.191390  0.000324    1.004157  0.000126  761.43
   460    298.855749      1   -324.195920  0.001772   -324.191388  0.000314    1.004181  0.000125  796.55
   480    298.859116      1   -324.196323  0.001730   -324.191336  0.000303    1.004179  0.000119  829.44
   500    298.859337      1   -324.196851  0.001672   -324.191357  0.000295    1.004136  0.000118  862.32
   520    298.853457      1   -324.196732  0.001650   -324.191490  0.000318    1.004152  0.000113  895.20
   540    298.849395      1   -324.196561  0.001585   -324.191494  0.000309    1.004159  0.000111  928.08
   560    298.836302      1   -324.196789  0.001709   -324.191508  0.000301    1.004134  0.000107  960.99
   580    298.841535      1   -324.196854  0.001695   -324.191537  0.000294    1.004135  0.000105  993.85
   600    298.837109      1   -324.196530  0.001679   -324.191462  0.000287    1.004109  0.000107 1026.72
   620    298.833371      1   -324.196836  0.001660   -324.191446  0.000279    1.004070  0.000109 1059.67
   640    298.834123      1   -324.196481  0.001638   -324.191468  0.000274    1.004074  0.000107 1092.58
   660    298.816801      1   -324.196326  0.001595   -324.191489  0.000268    1.004079  0.000104 1125.43
   680    298.816457      1   -324.196581  0.001576   -324.191510  0.000263    1.004078  0.000102 1158.34
   700    298.814656      2   -324.196658  0.001556   -324.191539  0.000258    1.004087  0.000100 1191.19
   720    298.810404      2   -324.196513  0.001518   -324.191514  0.000252    1.004097  0.000099 1224.07
   740    298.812768      2   -324.196626  0.001488   -324.191452  0.000247    1.004074  0.000098 1257.01
   760    298.810025      2   -324.196656  0.001465   -324.191457  0.000243    1.004065  0.000098 1289.84
   780    298.807673      2   -324.197086  0.001465   -324.191532  0.000240    1.004062  0.000096 1322.77
   800    298.814383      2   -324.197203  0.001443   -324.191530  0.000245    1.004091  0.000096 1355.76
   820    298.815177      2   -324.197346  0.001445   -324.191575  0.000241    1.004079  0.000095 1389.39
   840    298.812399      2   -324.197588  0.001443   -324.191625  0.000238    1.004074  0.000096 1422.10
   860    298.809974      2   -324.197499  0.001430   -324.191587  0.000235    1.004101  0.000096 1454.96
   880    298.806531      2   -324.197468  0.001413   -324.191577  0.000232    1.004113  0.000098 1487.88
   900    298.803348      2   -324.197379  0.001371   -324.191584  0.000228    1.004100  0.000096 1520.76
   920    298.803719      2   -324.197669  0.001362   -324.191601  0.000225    1.004095  0.000094 1553.67
   940    298.807157      2   -324.197932  0.001359   -324.191650  0.000222    1.004101  0.000092 1586.54
   960    298.806878      2   -324.197734  0.001345   -324.191635  0.000218    1.004105  0.000092 1619.45
   980    298.809923      2   -324.197605  0.001329   -324.191595  0.000214    1.004125  0.000092 1652.30
  1000    298.813008      2   -324.197623  0.001318   -324.191618  0.000213    1.004135  0.000094 1685.21

Post Propagation Process
Total number of samples 1000
Raw AFQMC/HF (Guide) energy:           -324.197623 ± 0.001318
Raw Trial/Guide overlap ratio:          1.004135 ± 0.000094
Raw AFQMC/pt2CCSD energy (covariance): -324.191618 ± 0.000213
Raw AFQMC/pt2CCSD energy (dir sample): -324.191618 ± 0.000178

Remove Outliers
removing energies outside zeta > 30
Outlier energy bound [-324.319146, -324.062589]
Removed 0 outliers with energies []
Clean AFQMC/pt2CCSD overlap ratio:        1.004135 ± 0.000094
Clean AFQMC/pt2CCSD energy (covariance): -324.191618 ± 0.000213
Clean AFQMC/ptCCSD energy (dir sample):  -324.191618 ± 0.000178

Blocking Analysis
nsample = 1000, max_block_size = 25, min_nblocks = 40
   B    NB    NS  Observable     Error    dError
   1  1000  1000    1.004135  0.000032  0.000001
   2   500  1000    1.004135  0.000042  0.000001
   3   333   999    1.004135  0.000050  0.000002
   4   250  1000    1.004135  0.000056  0.000002
   5   200  1000    1.004135  0.000059  0.000003
   6   166   996    1.004136  0.000063  0.000003
   7   142   994    1.004136  0.000067  0.000004
   8   125  1000    1.004135  0.000067  0.000004
   9   111   999    1.004135  0.000072  0.000005
  10   100  1000    1.004135  0.000074  0.000005
  11    90   990    1.004135  0.000079  0.000006
  12    83   996    1.004136  0.000076  0.000006
  13    76   988    1.004132  0.000080  0.000007
  14    71   994    1.004136  0.000077  0.000007
  15    66   990    1.004135  0.000081  0.000007
  16    62   992    1.004135  0.000084  0.000008
  17    58   986    1.004132  0.000085  0.000008
  18    55   990    1.004135  0.000082  0.000008
  19    52   988    1.004132  0.000082  0.000008
  20    50  1000    1.004135  0.000083  0.000008
  21    47   987    1.004132  0.000090  0.000009
  22    45   990    1.004135  0.000087  0.000009
  23    43   989    1.004133  0.000090  0.000010
  24    41   984    1.004131  0.000094  0.000010
  25    40  1000    1.004135  0.000092  0.000010
Fit (variance): plateau_var = 8.347e-09 ± 8.457e-10
Fit (error):    plateau = 0.000091 ± 0.000005
     autocorrelation length ~ 9.5 blocks
     plateau reached at block size ~ 44
     !!!Failed to reach plateau in blocking
     Return max block error
nclean = 1000, max_block_size = 25, min_nblocks = 40
Blk_SZ   NBlk   NSmp      Energy     Error    dError
     1   1000   1000  -324.191485  0.000178  0.000004
     2    500   1000  -324.191535  0.000186  0.000006
     3    333    999  -324.191550  0.000198  0.000008
     4    250   1000  -324.191563  0.000198  0.000009
     5    200   1000  -324.191569  0.000198  0.000010
     6    166    996  -324.191575  0.000201  0.000011
     7    142    994  -324.191575  0.000204  0.000012
     8    125   1000  -324.191587  0.000202  0.000013
     9    111    999  -324.191589  0.000224  0.000015
    10    100   1000  -324.191591  0.000209  0.000015
    11     90    990  -324.191545  0.000198  0.000015
    12     83    996  -324.191592  0.000204  0.000016
    13     76    988  -324.191555  0.000224  0.000018
    14     71    994  -324.191590  0.000213  0.000018
    15     66    990  -324.191549  0.000195  0.000017
    16     62    992  -324.191581  0.000192  0.000017
    17     58    986  -324.191564  0.000200  0.000019
    18     55    990  -324.191553  0.000216  0.000021
    19     52    988  -324.191562  0.000199  0.000020
    20     50   1000  -324.191603  0.000221  0.000022
    21     47    987  -324.191560  0.000219  0.000023
    22     45    990  -324.191557  0.000200  0.000021
    23     43    989  -324.191558  0.000229  0.000025
    24     41    984  -324.191569  0.000213  0.000024
    25     40   1000  -324.191603  0.000208  0.000024
Fit (variance): plateau_var = 4.290642e-08 ± 1.958234e-09
Fit (error):    plateau = 0.000207 ± 0.000005
     autocorrelation length ~ 2.7 blocks
     plateau reached at block size ~ 10
Final AFQMC/pt2CCSD overlap ratio: 1.004135 ± 0.000094
Final AFQMC/pt2CCSD energy: -324.191618 ± 0.000207
Total run time: 1722.18

AFQMC Sampling Finished

