
    ________                     _____                    
    ___  __ \___  __________________(_)_____________ _    
    __  /_/ /  / / /_  __ \_  __ \_  /__  __ \_  __ `/    
    _  _, _// /_/ /_  / / /  / / /  / _  / / /  /_/ /     
    /_/ |_| \__,_/ /_/ /_//_/ /_//_/  /_/ /_/_\__, /      
                                             /____/       
    _____________________________  ___________            
    ___    |__  ____/_  __ \__   |/  /_  ____/            
    __  /| |_  /_   _  / / /_  /|_/ /_  /                 
    _  ___ |  __/   / /_/ /_  /  / / / /___               
    /_/  |_/_/      \___\_\/_/  /_/  \____/               

Hostname:     gpue02.delta.ncsa.illinois.edu
System:       Linux
Node:         gpue02.delta.ncsa.illinois.edu
Release:      5.14.0-427.91.1.el9_4.x86_64
Machine:      x86_64
Processor:    x86_64
JAX backend:  GPU
JAX devices:  [CudaDevice(id=0)]
Device kind:  NVIDIA H200
Platform:     gpu

Load system from Integral File
Maximum memory per walker:            83.33 MB
Maximum number of Cholesky per chunk: 1741
Number of Cholesky chunks:            1
Number of Cholesky per chunk:         335
Number of padding Cholesky:           0

QMC System
Number of electrons: (3, 3)
Spin Multiplicity:   0
Number of orbitals:  56
Number of Chol:      335

QMC Parameters
eql_time            :                   50
n_blocks            :                 1000
n_walkers           :                  300
max_error           :                  0.0
seed                :                   17
walker_type         :                  rhf
trial               :              pt2ccsd
mix_precision       :                 True
max_memory          :                25000
dt                  :                0.005
n_exp_terms         :                    6
n_prop_steps        :                   50
save_walkers        :                False
free_projection     :                False
n_batch             :                    1
nchol_chunk         :                  335

Initalize QMC walkers by stochastic CCSD

Equilibration
inv_T        weight  killW        energy   runTime
 0.00    300.000000      0    -26.531257      6.65
 5.00    299.149375      0    -26.542174     10.86
10.00    299.344436      0    -26.533245     11.38
15.00    299.325814      0    -26.538657     11.90
20.00    299.743560      0    -26.536851     12.42
25.00    299.391827      0    -26.533226     12.94
30.00    299.668201      1    -26.535276     13.50
35.00    299.248367      0    -26.536128     14.02
40.00    299.254094      0    -26.531065     14.54
45.00    299.249254      0    -26.545392     15.06
50.00    299.492073      0    -26.527000     15.58

Sampling
blocks        weight  killW       E_Guide     error       E_Trial     error     olp_T/G     error  Walltime
    20    299.312448      0    -26.535795  0.002206    -26.534226  0.000143    1.000380  0.000034   22.11
    40    299.290158      1    -26.535540  0.001530    -26.534272  0.000107    1.000428  0.000040   27.01
    60    299.284045      1    -26.533859  0.001507    -26.534165  0.000084    1.000400  0.000035   31.99
    80    299.296183      1    -26.534437  0.001389    -26.534156  0.000071    1.000358  0.000043   36.98
   100    299.297240      1    -26.534797  0.001262    -26.534245  0.000082    1.000342  0.000038   41.96
   120    299.294600      1    -26.534293  0.001119    -26.534262  0.000075    1.000355  0.000033   46.93
   140    299.294236      1    -26.534173  0.000967    -26.534210  0.000067    1.000378  0.000031   51.93
   160    299.274151      1    -26.534447  0.000861    -26.534173  0.000062    1.000401  0.000033   56.90
   180    299.275695      1    -26.534659  0.000767    -26.534177  0.000057    1.000408  0.000030   61.88
   200    299.276398      1    -26.534830  0.000728    -26.534212  0.000072    1.000396  0.000029   66.86
   220    299.270256      1    -26.534792  0.000671    -26.534192  0.000068    1.000387  0.000028   71.84
   240    299.269996      1    -26.534865  0.000623    -26.534180  0.000063    1.000379  0.000026   76.82
   260    299.269550      1    -26.535102  0.000622    -26.534175  0.000061    1.000366  0.000026   81.81
   280    299.271922      1    -26.535333  0.000634    -26.534190  0.000058    1.000354  0.000026   86.79
   300    299.269188      1    -26.535106  0.000608    -26.534164  0.000054    1.000352  0.000025   91.77
   320    299.272273      1    -26.535127  0.000583    -26.534172  0.000052    1.000356  0.000024   96.76
   340    299.267547      1    -26.535073  0.000557    -26.534167  0.000050    1.000351  0.000024  101.74
   360    299.267114      1    -26.535151  0.000522    -26.534167  0.000049    1.000354  0.000022  106.72
   380    299.267654      1    -26.535148  0.000501    -26.534157  0.000047    1.000360  0.000022  111.74
   400    299.265276      1    -26.535039  0.000484    -26.534148  0.000046    1.000353  0.000021  117.55
   420    299.270595      1    -26.535210  0.000494    -26.534175  0.000047    1.000352  0.000021  122.74
   440    299.267924      1    -26.535261  0.000521    -26.534184  0.000046    1.000354  0.000021  127.41
   460    299.269947      1    -26.535273  0.000508    -26.534185  0.000045    1.000339  0.000024  132.40
   480    299.269724      1    -26.535248  0.000485    -26.534189  0.000043    1.000325  0.000025  137.48
   500    299.269329      1    -26.535193  0.000467    -26.534180  0.000042    1.000326  0.000024  143.43
   520    299.267714      1    -26.534898  0.000495    -26.534174  0.000040    1.000322  0.000025  147.50
   540    299.265356      1    -26.534807  0.000484    -26.534168  0.000039    1.000315  0.000024  152.48
   560    299.266136      1    -26.534622  0.000511    -26.534165  0.000038    1.000307  0.000025  157.46
   580    299.263322      1    -26.534496  0.000502    -26.534155  0.000037    1.000307  0.000025  162.45
   600    299.261374      1    -26.534511  0.000500    -26.534135  0.000037    1.000323  0.000028  167.43
   620    299.259373      1    -26.534647  0.000490    -26.534129  0.000036    1.000322  0.000027  172.40
   640    299.257674      1    -26.534750  0.000495    -26.534137  0.000035    1.000325  0.000027  177.39
   660    299.255594      1    -26.534740  0.000474    -26.534132  0.000035    1.000324  0.000026  182.36
   680    299.255057      1    -26.534924  0.000519    -26.534144  0.000034    1.000314  0.000027  187.35
   700    299.255383      1    -26.535073  0.000524    -26.534156  0.000035    1.000318  0.000026  192.33
   720    299.255451      1    -26.535126  0.000513    -26.534144  0.000035    1.000324  0.000026  197.31
   740    299.254155      1    -26.535121  0.000504    -26.534139  0.000034    1.000328  0.000026  202.29
   760    299.254716      1    -26.535072  0.000496    -26.534133  0.000033    1.000333  0.000026  207.27
   780    299.254641      1    -26.535057  0.000486    -26.534133  0.000033    1.000339  0.000026  212.25
   800    299.256752      1    -26.535111  0.000466    -26.534131  0.000032    1.000342  0.000026  217.23
   820    299.256256      1    -26.535134  0.000458    -26.534132  0.000031    1.000342  0.000026  222.22
   840    299.256643      1    -26.535166  0.000461    -26.534135  0.000031    1.000342  0.000025  227.20
   860    299.256958      2    -26.535399  0.000471    -26.534131  0.000032    1.000341  0.000024  232.19
   880    299.257096      2    -26.535320  0.000509    -26.534129  0.000031    1.000342  0.000024  237.17
   900    299.259025      2    -26.535325  0.000504    -26.534136  0.000031    1.000336  0.000024  242.15
   920    299.257680      2    -26.535243  0.000493    -26.534134  0.000031    1.000335  0.000024  247.13
   940    299.257305      2    -26.535245  0.000484    -26.534136  0.000030    1.000338  0.000024  252.12
   960    299.256987      2    -26.535240  0.000473    -26.534137  0.000030    1.000339  0.000024  257.10
   980    299.258271      2    -26.535358  0.000463    -26.534140  0.000029    1.000337  0.000024  262.09
  1000    299.257621      3    -26.535407  0.000477    -26.534151  0.000032    1.000337  0.000024  267.07

Post Propagation Process
Total number of samples 1000
Raw AFQMC/HF (Guide) energy:           -26.535407 ± 0.000477
Raw Trial/Guide overlap ratio:          1.000337 ± 0.000024
Raw AFQMC/pt2CCSD energy (covariance): -26.534151 ± 0.000032
Raw AFQMC/pt2CCSD energy (dir sample): -26.534151 ± 0.000028

Remove Outliers
removing energies outside zeta > 30
Outlier energy bound [-26.548194, -26.519934]
Removed 0 outliers with energies []
Clean AFQMC/pt2CCSD overlap ratio:        1.000337 ± 0.000024
Clean AFQMC/pt2CCSD energy (covariance): -26.534151 ± 0.000032
Clean AFQMC/ptCCSD energy (dir sample):  -26.534151 ± 0.000028

Blocking Analysis
nsample = 1000, max_block_size = 25, min_nblocks = 40
   B    NB    NS  Observable     Error    dError
   1  1000  1000    1.000337  0.000008  0.000000
   2   500  1000    1.000337  0.000010  0.000000
   3   333   999    1.000337  0.000012  0.000000
   4   250  1000    1.000337  0.000013  0.000001
   5   200  1000    1.000337  0.000014  0.000001
   6   166   996    1.000337  0.000015  0.000001
   7   142   994    1.000336  0.000016  0.000001
   8   125  1000    1.000337  0.000017  0.000001
   9   111   999    1.000337  0.000017  0.000001
  10   100  1000    1.000337  0.000018  0.000001
  11    90   990    1.000336  0.000019  0.000001
  12    83   996    1.000337  0.000019  0.000001
  13    76   988    1.000336  0.000020  0.000002
  14    71   994    1.000336  0.000020  0.000002
  15    66   990    1.000336  0.000021  0.000002
  16    62   992    1.000335  0.000020  0.000002
  17    58   986    1.000336  0.000021  0.000002
  18    55   990    1.000336  0.000020  0.000002
  19    52   988    1.000336  0.000021  0.000002
  20    50  1000    1.000337  0.000022  0.000002
  21    47   987    1.000336  0.000021  0.000002
  22    45   990    1.000336  0.000022  0.000002
  23    43   989    1.000336  0.000023  0.000002
  24    41   984    1.000336  0.000024  0.000003
  25    40  1000    1.000337  0.000023  0.000003
Fit (variance): plateau_var = 5.484e-10 ± 6.366e-11
Fit (error):    plateau = 0.000023 ± 0.000001
     autocorrelation length ~ 11.1 blocks
     plateau reached at block size ~ 51
     !!!Failed to reach plateau in blocking
     Return max block error
nclean = 1000, max_block_size = 25, min_nblocks = 40
Blk_SZ   NBlk   NSmp      Energy     Error    dError
     1   1000   1000  -26.534139  0.000028  0.000001
     2    500   1000  -26.534139  0.000029  0.000001
     3    333    999  -26.534140  0.000030  0.000001
     4    250   1000  -26.534141  0.000030  0.000001
     5    200   1000  -26.534142  0.000032  0.000002
     6    166    996  -26.534130  0.000028  0.000002
     7    142    994  -26.534132  0.000030  0.000002
     8    125   1000  -26.534144  0.000032  0.000002
     9    111    999  -26.534143  0.000032  0.000002
    10    100   1000  -26.534145  0.000032  0.000002
    11     90    990  -26.534134  0.000031  0.000002
    12     83    996  -26.534133  0.000029  0.000002
    13     76    988  -26.534133  0.000030  0.000002
    14     71    994  -26.534133  0.000032  0.000003
    15     66    990  -26.534135  0.000031  0.000003
    16     62    992  -26.534134  0.000031  0.000003
    17     58    986  -26.534134  0.000031  0.000003
    18     55    990  -26.534135  0.000031  0.000003
    19     52    988  -26.534135  0.000028  0.000003
    20     50   1000  -26.534146  0.000035  0.000004
    21     47    987  -26.534134  0.000031  0.000003
    22     45    990  -26.534135  0.000030  0.000003
    23     43    989  -26.534137  0.000033  0.000004
    24     41    984  -26.534135  0.000027  0.000003
    25     40   1000  -26.534148  0.000036  0.000004
Fit (variance): plateau_var = 9.444337e-10 ± 3.909079e-11
Fit (error):    plateau = 0.000031 ± 0.000001
     autocorrelation length ~ 2.0 blocks
     plateau reached at block size ~ 7
Final AFQMC/pt2CCSD overlap ratio: 1.000337 ± 0.000024
Final AFQMC/pt2CCSD energy: -26.534151 ± 0.000031
Total run time: 290.26

AFQMC Sampling Finished

