#INFO: **** input file is /work/hdd/bdka/yzhang65/w4_17/w4-17_all/afqmc_input/batch9/run_afqmc.py ****
import os
import sys
import re
#sys.path.insert(0, os.path.join(os.path.dirname(os.path.abspath(__file__)), '..', 'script'))
sys.path.insert(0, '/u/yzhang65/mywork/yzhang65/w4_17/w4-17_all/script')

os.environ.setdefault("XLA_PYTHON_CLIENT_ALLOCATOR", "platform")
import jax
jax.config.update("jax_enable_x64", True)

from pyscf import gto, scf, cc
from afqmc import integral, launch_afqmc
from mol_select import get_xyz_files
import truncate_basis

# ---------------------------------------------------------------------------
# Configuration
# ---------------------------------------------------------------------------
shell            = "closed"  # "closed" or "open"
symmetry         = False
select_molecules = [
    "benzene", "beta-lactim", "bf", "bf3", "bh", "bh3", "bhf2", "bn", "borole",
    "c2cl6", "c2clh", "c2clh3", "c2clh5", "c2f4", "c2f6", "c2h2", "c2h3f",
    "c2h4", "c2h5f", "c2h6", "ccl2", "ccl2h2", "ccl2o", "ccl3h", "c-hcoh",
    "clf5", "clno", "cloocl", "co", "co2", "cs", "cs2", "cyclobutadiene",
    "cyclobutane", "cyclobutene", "cyclopentadiene", "cyclopropane", "cyclopropene",
    "dioxetan2one", "dioxetane", "dioxirane", "dithiotane", "ethanol", "h2",
    "h2co", "h2o", "h2s", "hccf", "hcl", "hclo4", "hcn", "hcno", "n2", "n2h4",
    "n2o", "n-butane", "n-pentane", "s2o", "s3", "s4-c2v", "sf6", "si2h6",
    "sif4", "sih3f", "sih4", "silole", "sio", "so2", "so3", "t-butadiene",
    "tetrahedrane", "t-hcoh", "thiophene", "t-hono", "t-n2h2", "trans-c2f2cl2",
    "formic-anhydride", "glyoxal", "propyne", "pyrrole",
]
index            = None          # e.g. "1-10", "5", "1,3,5-8", or None for all
basis            = "vtzfp"

xyz_dir      = f"../../w4_17_xyz/{shell}_shell"
results_file = f"./{shell}_afqmc_{basis}.dat"
out_dir      = f"../../result/molout/{shell}_shell/tz"
os.makedirs(out_dir, exist_ok=True)

xyz_files = get_xyz_files(xyz_dir, select_molecules=select_molecules, index=index)

# ---------------------------------------------------------------------------
# Write results header
# ---------------------------------------------------------------------------
with open(results_file, "w") as out:
    out.write(f"{'Molecule':<16s} {'E_HF (Eh)':>20s} {'E_CCSD (Eh)':>20s} "
              f"{'E_AFQMC (Eh)':>15s} {'E_AFQMC ERR (Eh)':>15s}\n")

# ---------------------------------------------------------------------------
# Helper
# ---------------------------------------------------------------------------
_afqmc_energy_re = re.compile(
    r"Final AFQMC/pt2CCSD energy:\s*([-+]?\d*\.?\d+(?:[eE][-+]?\d+)?)"
    r"\s*(?:±|\+/-)\s*([-+]?\d*\.?\d+(?:[eE][-+]?\d+)?)"
)

def extract_afqmc_energy(filename):
    try:
        with open(filename, encoding="utf-8") as f:
            for line in f:
                m = _afqmc_energy_re.search(line)
                if m:
                    return float(m.group(1)), float(m.group(2))
    except (OSError, IOError):
        pass
    return 0, 0

# ---------------------------------------------------------------------------
# Main loop
# ---------------------------------------------------------------------------
for xyz_path in xyz_files:
    
    qmc_walker       = "uhf" # Default. Fall to rhf if the mf is RHF
    qmc_trial        = "upt2ccsd"

    with open(xyz_path) as f:
        lines = f.readlines()

    second_line = lines[1]
    charge   = int(second_line.split("charge=")[1].split()[0])
    spin     = int(second_line.split("mult=")[1].split()[0]) - 1
    mol_name = second_line.split()[0]
    atoms    = "".join(lines[2:])

    print(f"\n{'='*60}\nRunning: {mol_name}  charge={charge}  spin={spin}\n{'='*60}")

    mol = gto.M(
        atom=atoms,
        basis=truncate_basis.get_basis(atoms, basis),
        verbose=4,
        output=os.path.join(out_dir, f"{mol_name}_{basis}.out"),
        unit="angstrom",
        symmetry=symmetry,
        charge=charge,
        spin=spin,
        max_memory=140000,
    )

    mf = scf.UHF(mol)
    mf.max_cycle = 200
    mf = mf.newton()
    mf.kernel()

    if mol_name == "h":
        with open(results_file, "a") as out:
            out.write(f"{mol_name:<16s} {mf.e_tot:>20.10f} {mf.e_tot:>20.10f} "
                      f"{mf.e_tot:>15.5f} {0.0:>15.5f}\n")
        continue

    stable = False
    for _ in range(10):
        mo_i, _, stable, _ = mf.stability(return_status=True)
        if stable:
            break
        dm = mf.make_rdm1(mo_i, mf.mo_occ)
        mf.kernel(dm0=dm)

    ss, s = mf.spin_square()
    tol = 1e-6
    if abs(ss) < tol and abs(s - 1.0) < tol:
        print("Not a UHF solution. Convert to RHF")
        
        qmc_walker = "rhf"
        qmc_trial = "pt2ccsd"

        mf = mf.to_rhf()
        mf.kernel()
        stable = False
        for _ in range(10):
            mo_i, _, stable, _ = mf.stability(return_status=True)
            if stable:
                break
            dm = mf.make_rdm1(mo_i, mf.mo_occ)
            mf.kernel(dm0=dm)

    if not stable or not mf.converged:
        print(f"  !! SCF did not converge for {mol_name} — skipping.")
        with open(results_file, "a") as out:
            out.write(f"{mol_name:<16s} {'UNCONVERGED':>20s} {'UNCONVERGED':>20s} {'UNCONVERGED':>20s}\n")
        continue

    mycc = cc.CCSD(mf)
    mycc.set_frozen()
    mycc.kernel()

    integral.prep_integral(mycc, chol_cut=1e-5)
    options = {
        'eql_time':      50,
        'n_blocks':      1000,
        'n_walkers':     300,
        'max_error':     0.0,
        'seed':          17,
        'walker_type':   qmc_walker,
        'trial':         qmc_trial,
        'mix_precision': True,
        'max_memory':    25000, #MB
    }
    launch_afqmc.ph_afqmc(options)

    afqmc_out = os.path.join(out_dir, f"{mol_name}_afqmc_{basis}.out")
    os.system(f"mv afqmc.out {afqmc_out}")
    eqmc, eqmc_err = extract_afqmc_energy(afqmc_out)

    with open(results_file, "a") as out:
        out.write(f"{mol_name:<16s} {mf.e_tot:>20.10f} {mycc.e_tot:>20.10f} "
                  f"{eqmc:>15.5f} {eqmc_err:>15.5f}\n")

    print(f"  => E_HF({mol_name})      = {mf.e_tot:.10f} Eh")
    print(f"  => E_CCSD({mol_name})    = {mycc.e_tot:.10f} Eh")
    print(f"  => E_AFQMC({mol_name})   = {eqmc:.5f} +/- {eqmc_err:.5f} Eh")

print(f"\nAll calculations complete. Results saved to {results_file}")
#INFO: ******************** input file end ********************


System: uname_result(system='Linux', node='gpue02.delta.ncsa.illinois.edu', release='5.14.0-427.91.1.el9_4.x86_64', version='#1 SMP PREEMPT_DYNAMIC Wed Sep 17 10:08:59 EDT 2025', machine='x86_64')  Threads 12
Python 3.11.14 (main, Oct 21 2025, 18:31:21) [GCC 11.2.0]
numpy 2.3.5  scipy 1.16.3  h5py 3.15.1
Date: Thu May 28 04:43:40 2026
PySCF version 2.11.0
PySCF path  /u/yzhang65/myprojects/software/pyscf
GIT HEAD (branch master) f520f5381c0b41f716d847009817cbc64e52c0d5

[ENV] PYSCF_TMPDIR /projects/bdka/yzhang65/scratch/pyscf
[ENV] PYSCF_EXT_PATH /u/yzhang65/myprojects/software/pyscf-forge
[CONFIG] conf_file None
[INPUT] verbose = 4
[INPUT] num. atoms = 4
[INPUT] num. electrons = 24
[INPUT] charge = 0
[INPUT] spin (= nelec alpha-beta = 2S) = 0
[INPUT] symmetry False subgroup None
[INPUT] Mole.unit = angstrom
[INPUT] Symbol           X                Y                Z      unit          X                Y                Z       unit  Magmom
[INPUT]  1 B      0.000000000000   0.000000000000   0.456950000000 AA    0.000000000000   0.000000000000   0.863510352620 Bohr   0.0
[INPUT]  2 H      0.000000000000   0.000000000000   1.642303000000 AA    0.000000000000   0.000000000000   3.103502883552 Bohr   0.0
[INPUT]  3 F      0.000000000000   1.126643000000  -0.218170000000 AA    0.000000000000   2.129046710158  -0.412281548596 Bohr   0.0
[INPUT]  4 F      0.000000000000  -1.126643000000  -0.218170000000 AA    0.000000000000  -2.129046710158  -0.412281548596 Bohr   0.0

nuclear repulsion = 61.8947249625696
number of shells = 32
number of NR pGTOs = 137
number of NR cGTOs = 99
basis = {'F': [[0, [19500.0, 0.000507, -0.000117], [2923.0, 0.003923, -0.000912], [664.5, 0.0202, -0.004717], [187.5, 0.07901, -0.019086], [60.62, 0.230439, -0.059655], [21.42, 0.432872, -0.14001], [7.95, 0.349964, -0.176782], [0.8815, -0.007892, 0.605043]], [0, [2.257, 1.0]], [0, [0.3041, 1.0]], [1, [43.88, 0.016665], [9.926, 0.104472], [2.93, 0.31726]], [1, [0.9132, 1.0]], [1, [0.2672, 1.0]], [2, [3.107, 1.0]], [2, [0.855, 1.0]], [3, [1.917, 1.0]]], 'H': [[0, [33.87, 0.006068], [5.095, 0.045308], [1.159, 0.202822]], [0, [0.3258, 1.0]], [0, [0.1027, 1.0]], [1, [1.407, 1.0]], [1, [0.388, 1.0]]], 'B': [[0, [5473.0, 0.000555, -0.000112], [820.9, 0.004291, -0.000868], [186.8, 0.021949, -0.004484], [52.83, 0.084441, -0.017683], [17.08, 0.238557, -0.053639], [5.999, 0.435072, -0.119005], [2.208, 0.341955, -0.165824], [0.2415, -0.009545, 0.595981]], [0, [0.5879, 1.0]], [0, [0.0861, 1.0]], [1, [12.05, 0.013118], [2.613, 0.079896], [0.7475, 0.277275]], [1, [0.2385, 1.0]], [1, [0.07698, 1.0]], [2, [0.661, 1.0]], [2, [0.199, 1.0]], [3, [0.49, 1.0]]]}
ecp = {}
CPU time:      4486.35




******** <class 'pyscf.soscf.newton_ah.SecondOrderUHF'> ********
method = SecondOrderUHF
initial guess = minao
damping factor = 0
level_shift factor = 0
DIIS = <class 'pyscf.scf.diis.CDIIS'>
diis_start_cycle = 1
diis_space = 8
diis_damp = 0
SCF conv_tol = 1e-09
SCF conv_tol_grad = None
SCF max_cycles = 200
direct_scf = True
direct_scf_tol = 1e-13
chkfile to save SCF result = /projects/bdka/yzhang65/scratch/pyscf/tmp_u4ttjrg
max_memory 140000 MB (current use 3005 MB)
number electrons alpha = 12  beta = 12
******** <class 'pyscf.scf.uhf.UHF'> Newton solver flags ********
SCF tol = 1e-09
conv_tol_grad = None
max. SCF cycles = 200
direct_scf = True
direct_scf_tol = 1e-13
chkfile to save SCF result = /projects/bdka/yzhang65/scratch/pyscf/tmp_u4ttjrg
max_cycle_inner = 12
max_stepsize = 0.05
ah_start_tol = 1e+09
ah_level_shift = 0
ah_conv_tol = 1e-12
ah_lindep = 1e-14
ah_start_cycle = 1
ah_max_cycle = 40
ah_grad_trust_region = 2.5
kf_interval = 4
kf_trust_region = 5
canonicalization = True
max_memory 140000 MB (current use 3005 MB)
Set conv_tol_grad to 3.16228e-05
  alpha nocc = 12  HOMO = -0.419139216189893  LUMO = 0.114948076644879
  beta  nocc = 12  HOMO = -0.435247954768482  LUMO = 0.111544941011985
Initial guess E= -224.268272515055  |g|= 0.46671
macro= 0  E= -224.353777835034  delta_E= -0.0855053  |g|= 0.0296191  3 KF 9 JK
macro= 1  E= -224.353797803006  delta_E= -1.9968e-05  |g|= 0.000415056  2 KF 8 JK
macro= 2  E= -224.353797803006  delta_E= 7.38964e-13  |g|= 7.9623e-06  1 KF 2 JK
Canonicalize SCF orbitals
macro X = 3  E=-224.353797803006  |g|= 7.9623e-06  total 7 KF 23 JK
converged SCF energy = -224.353797803006  <S^2> = 7.7760021e-11  2S+1 = 1
uhf_internal: lowest eigs of H = [0.51883165 0.68503659 0.72218085]
<class 'pyscf.soscf.newton_ah.SecondOrderUHF'> wavefunction is stable in the internal stability analysis


******** <class 'pyscf.scf.hf.RHF'> ********
method = RHF
initial guess = minao
damping factor = 0
level_shift factor = 0
DIIS = <class 'pyscf.scf.diis.CDIIS'>
diis_start_cycle = 1
diis_space = 8
diis_damp = 0
SCF conv_tol = 1e-09
SCF conv_tol_grad = None
SCF max_cycles = 200
direct_scf = True
direct_scf_tol = 1e-13
chkfile to save SCF result = /projects/bdka/yzhang65/scratch/pyscf/tmp_u4ttjrg
max_memory 140000 MB (current use 3107 MB)
Set gradient conv threshold to 3.16228e-05
init E= -224.353797802982
  HOMO = -0.560255352517762  LUMO = 0.11839781783469
cycle= 1 E= -224.353797803024  delta_E= -4.16e-11  |g|= 9.12e-06  |ddm|= 1.09e-05
  HOMO = -0.560255181389593  LUMO = 0.118397524241111
Extra cycle  E= -224.353797803031  delta_E= -7.39e-12  |g|= 5.46e-06  |ddm|= 4.69e-06
converged SCF energy = -224.353797803031
rhf_internal: lowest eigs of H = [1.53823507 1.84318765 1.91524642]
<class 'pyscf.scf.hf.RHF'> wavefunction is stable in the internal stability analysis

******** <class 'pyscf.cc.ccsd.CCSD'> ********
CC2 = 0
CCSD nocc = 9, nmo = 96
frozen orbitals 3
max_cycle = 50
direct = 0
conv_tol = 1e-07
conv_tol_normt = 1e-05
diis_space = 6
diis_start_cycle = 0
diis_start_energy_diff = 1e+09
max_memory 140000 MB (current use 3110 MB)
Init t2, MP2 energy = -224.95257402537  E_corr(MP2) -0.59877622233871
Init E_corr(CCSD) = -0.598776222343305
cycle = 1  E_corr(CCSD) = -0.591527409979314  dE = 0.00724881236  norm(t1,t2) = 0.0532949
cycle = 2  E_corr(CCSD) = -0.60466763422645  dE = -0.0131402242  norm(t1,t2) = 0.0156412
cycle = 3  E_corr(CCSD) = -0.604286224375065  dE = 0.000381409851  norm(t1,t2) = 0.00942167
cycle = 4  E_corr(CCSD) = -0.605560354693089  dE = -0.00127413032  norm(t1,t2) = 0.00350665
cycle = 5  E_corr(CCSD) = -0.605624039734463  dE = -6.36850414e-05  norm(t1,t2) = 0.000765734
cycle = 6  E_corr(CCSD) = -0.60554237205723  dE = 8.16676772e-05  norm(t1,t2) = 0.000258131
cycle = 7  E_corr(CCSD) = -0.605530939437996  dE = 1.14326192e-05  norm(t1,t2) = 5.06916e-05
cycle = 8  E_corr(CCSD) = -0.605537861551522  dE = -6.92211353e-06  norm(t1,t2) = 1.57052e-05
cycle = 9  E_corr(CCSD) = -0.605537436131488  dE = 4.25420034e-07  norm(t1,t2) = 5.53654e-06
cycle = 10  E_corr(CCSD) = -0.605537168873327  dE = 2.6725816e-07  norm(t1,t2) = 1.57059e-06
cycle = 11  E_corr(CCSD) = -0.605537157781174  dE = 1.1092153e-08  norm(t1,t2) = 4.846e-07
CCSD converged
E(CCSD) = -224.9593349608121  E_corr = -0.6055371577811743
