
    ________                     _____                    
    ___  __ \___  __________________(_)_____________ _    
    __  /_/ /  / / /_  __ \_  __ \_  /__  __ \_  __ `/    
    _  _, _// /_/ /_  / / /  / / /  / _  / / /  /_/ /     
    /_/ |_| \__,_/ /_/ /_//_/ /_//_/  /_/ /_/_\__, /      
                                             /____/       
    _____________________________  ___________            
    ___    |__  ____/_  __ \__   |/  /_  ____/            
    __  /| |_  /_   _  / / /_  /|_/ /_  /                 
    _  ___ |  __/   / /_/ /_  /  / / / /___               
    /_/  |_/_/      \___\_\/_/  /_/  \____/               

Hostname:     gpua002.delta.ncsa.illinois.edu
System:       Linux
Node:         gpua002.delta.ncsa.illinois.edu
Release:      5.14.0-427.91.1.el9_4.x86_64
Machine:      x86_64
Processor:    x86_64
JAX backend:  GPU
JAX devices:  [CudaDevice(id=0)]
Device kind:  NVIDIA A100-SXM4-40GB
Platform:     gpu

Load system from Integral File
Maximum memory per walker:            66.67 MB
Maximum number of Cholesky per chunk: 237
Number of Cholesky chunks:            3
Number of Cholesky per chunk:         205
Number of padding Cholesky:           1

QMC System
Number of electrons: (9, 9)
Spin Multiplicity:   0
Number of orbitals:  96
Number of Chol:      614

QMC Parameters
eql_time            :                   50
n_blocks            :                 1000
n_walkers           :                  300
max_error           :                  0.0
seed                :                   17
walker_type         :                  uhf
trial               :             upt2ccsd
mix_precision       :                 True
max_memory          :                20000
dt                  :                0.005
n_exp_terms         :                    6
n_prop_steps        :                   50
save_walkers        :                False
free_projection     :                False
n_batch             :                    1
nchol_chunk         :                  205

Initalize QMC walkers by stochastic CCSD

Equilibration
inv_T        weight  killW        energy   runTime
 0.00    300.000000      0   -205.396533     17.03
 5.00    299.544326      0   -205.413876     28.34
10.00    298.893768      0   -205.444647     32.47
15.00    299.194452      0   -205.429945     36.60
20.00    299.696975      0   -205.513020     40.73
25.00    299.346305      0   -205.456129     44.92
30.00    298.749917      0   -205.435053     49.05
35.00    300.066057      0   -205.460133     53.17
40.00    299.530124      0   -205.457777     57.31
45.00    299.433566      0   -205.403340     61.43
50.00    298.127172      0   -205.366337     65.56

Sampling
blocks        weight  killW       E_Guide     error       E_Trial     error     olp_T/G     error  Walltime
    20    299.006528      0   -205.431768  0.013306   -205.434511  0.001957    1.028594  0.000968  107.55
    40    298.819504      0   -205.430218  0.009796   -205.432459  0.001257    1.028368  0.000651  143.12
    60    298.832623      1   -205.432054  0.006286   -205.432331  0.001046    1.029784  0.000971  179.12
    80    298.836309      1   -205.432400  0.004652   -205.432627  0.001036    1.031136  0.001146  215.08
   100    298.874710      1   -205.434301  0.003852   -205.432158  0.000901    1.031414  0.000946  251.06
   120    298.913666      2   -205.437127  0.003575   -205.431913  0.000894    1.031440  0.000784  287.06
   140    298.854699      2   -205.435575  0.003242   -205.431865  0.000882    1.031355  0.000671  323.02
   160    298.854349      4   -205.436358  0.003381   -205.432374  0.000882    1.031204  0.000627  359.04
   180    298.815279      4   -205.436342  0.003003   -205.432516  0.000976    1.031038  0.000610  395.01
   200    298.784639      4   -205.437325  0.002734   -205.432389  0.000904    1.031290  0.000582  430.98
   220    298.777345      4   -205.437191  0.002525   -205.432329  0.000840    1.031144  0.000542  466.97
   240    298.761548      4   -205.436781  0.002349   -205.432265  0.000792    1.030836  0.000549  502.93
   260    298.738437      4   -205.437095  0.002223   -205.432624  0.000750    1.030158  0.000690  538.93
   280    298.722822      4   -205.437318  0.002098   -205.432341  0.000705    1.029664  0.000736  574.90
   300    298.718126      4   -205.437215  0.002092   -205.432408  0.000679    1.029514  0.000697  610.89
   320    298.700963      4   -205.437365  0.002165   -205.432485  0.000670    1.029551  0.000656  646.86
   340    298.676019      6   -205.436629  0.002103   -205.432409  0.000641    1.029538  0.000617  682.83
   360    298.667540      6   -205.436038  0.002093   -205.432229  0.000615    1.029462  0.000587  718.84
   380    298.654080      6   -205.435447  0.002017   -205.432154  0.000588    1.029355  0.000562  754.81
   400    298.654015      6   -205.436137  0.001952   -205.432174  0.000570    1.029349  0.000541  790.81
   420    298.655006      6   -205.436620  0.002212   -205.432155  0.000550    1.029423  0.000517  826.81
   440    298.648847      6   -205.436326  0.002146   -205.432260  0.000533    1.029302  0.000517  862.78
   460    298.646132      7   -205.436704  0.002074   -205.432381  0.000526    1.029247  0.000509  898.78
   480    298.638191      9   -205.436814  0.001986   -205.432395  0.000516    1.029234  0.000502  934.74
   500    298.628714     10   -205.436764  0.001938   -205.432432  0.000507    1.029157  0.000495  970.76
   520    298.615818     10   -205.436630  0.001862   -205.432385  0.000504    1.029308  0.000506 1006.77
   540    298.615498     10   -205.436720  0.001803   -205.432401  0.000489    1.029322  0.000494 1042.75
   560    298.602136     10   -205.436461  0.001888   -205.432303  0.000475    1.029228  0.000489 1078.74
   580    298.580492     11   -205.435980  0.001857   -205.432150  0.000467    1.029201  0.000478 1114.71
   600    298.581566     11   -205.436591  0.001817   -205.432372  0.000463    1.029103  0.000485 1150.69
   620    298.580258     12   -205.436628  0.001765   -205.432351  0.000457    1.029083  0.000473 1186.67
   640    298.580149     12   -205.436280  0.001737   -205.432244  0.000446    1.029056  0.000462 1222.65
   660    298.579508     12   -205.436323  0.001706   -205.432255  0.000445    1.028960  0.000449 1258.66
   680    298.574650     13   -205.436705  0.001772   -205.432341  0.000437    1.028880  0.000450 1294.64
   700    298.579588     14   -205.437224  0.001737   -205.432443  0.000436    1.028953  0.000444 1330.61
   720    298.582158     14   -205.437402  0.001723   -205.432497  0.000429    1.028976  0.000446 1366.63
   740    298.573133     14   -205.436890  0.001709   -205.432386  0.000420    1.028995  0.000436 1402.60
   760    298.571617     14   -205.436775  0.001680   -205.432347  0.000413    1.029017  0.000425 1438.59
   780    298.569795     18   -205.436783  0.001650   -205.432300  0.000406    1.029019  0.000416 1474.55
   800    298.560466     18   -205.436608  0.001604   -205.432372  0.000407    1.028982  0.000408 1510.52
   820    298.561084     19   -205.436751  0.001578   -205.432432  0.000404    1.029010  0.000399 1546.52
   840    298.552926     19   -205.436487  0.001537   -205.432380  0.000398    1.029105  0.000424 1582.50
   860    298.546503     19   -205.436306  0.001549   -205.432372  0.000392    1.029199  0.000424 1618.48
   880    298.537897     19   -205.436115  0.001518   -205.432424  0.000391    1.029281  0.000432 1654.46
   900    298.535421     20   -205.436126  0.001491   -205.432387  0.000384    1.029292  0.000432 1690.44
   920    298.530968     20   -205.435908  0.001457   -205.432330  0.000377    1.029299  0.000422 1726.41
   940    298.525490     21   -205.435857  0.001435   -205.432320  0.000371    1.029244  0.000412 1762.38
   960    298.521272     21   -205.435717  0.001405   -205.432289  0.000367    1.029178  0.000416 1798.39
   980    298.519673     22   -205.435703  0.001383   -205.432275  0.000365    1.029202  0.000416 1834.37
  1000    298.511575     22   -205.435339  0.001392   -205.432193  0.000359    1.029262  0.000413 1870.35

Post Propagation Process
Total number of samples 1000
Raw AFQMC/HF (Guide) energy:           -205.435339 ± 0.001392
Raw Trial/Guide overlap ratio:          1.029262 ± 0.000413
Raw AFQMC/pt2CCSD energy (covariance): -205.432193 ± 0.000359
Raw AFQMC/pt2CCSD energy (dir sample): -205.432193 ± 0.000288

Remove Outliers
removing energies outside zeta > 30
Outlier energy bound [-205.643229, -205.218146]
Removed 0 outliers with energies []
Clean AFQMC/pt2CCSD overlap ratio:        1.029262 ± 0.000413
Clean AFQMC/pt2CCSD energy (covariance): -205.432193 ± 0.000359
Clean AFQMC/ptCCSD energy (dir sample):  -205.432193 ± 0.000288

Blocking Analysis
nsample = 1000, max_block_size = 25, min_nblocks = 40
   B    NB    NS  Observable     Error    dError
   1  1000  1000    1.029263  0.000108  0.000002
   2   500  1000    1.029263  0.000148  0.000005
   3   333   999    1.029261  0.000175  0.000007
   4   250  1000    1.029262  0.000198  0.000009
   5   200  1000    1.029262  0.000218  0.000011
   6   166   996    1.029251  0.000236  0.000013
   7   142   994    1.029243  0.000253  0.000015
   8   125  1000    1.029262  0.000263  0.000017
   9   111   999    1.029261  0.000278  0.000019
  10   100  1000    1.029262  0.000288  0.000020
  11    90   990    1.029233  0.000301  0.000023
  12    83   996    1.029251  0.000316  0.000025
  13    76   988    1.029231  0.000326  0.000027
  14    71   994    1.029243  0.000332  0.000028
  15    66   990    1.029233  0.000348  0.000031
  16    62   992    1.029236  0.000343  0.000031
  17    58   986    1.029226  0.000353  0.000033
  18    55   990    1.029233  0.000366  0.000035
  19    52   988    1.029230  0.000372  0.000037
  20    50  1000    1.029262  0.000369  0.000037
  21    47   987    1.029228  0.000389  0.000041
  22    45   990    1.029233  0.000395  0.000042
  23    43   989    1.029231  0.000396  0.000043
  24    41   984    1.029215  0.000408  0.000046
  25    40  1000    1.029262  0.000413  0.000047
Fit (variance): plateau_var = 2.627e-07 ± 7.026e-08
Fit (error):    plateau = 0.000513 ± 0.000069
     autocorrelation length ~ 25.9 blocks
     plateau reached at block size ~ 119
     !!!Failed to reach plateau in blocking
     Return max block error
nclean = 1000, max_block_size = 25, min_nblocks = 40
Blk_SZ   NBlk   NSmp      Energy     Error    dError
     1   1000   1000  -205.431984  0.000288  0.000006
     2    500   1000  -205.432032  0.000310  0.000010
     3    333    999  -205.432056  0.000312  0.000012
     4    250   1000  -205.432079  0.000316  0.000014
     5    200   1000  -205.432088  0.000327  0.000016
     6    166    996  -205.432109  0.000307  0.000017
     7    142    994  -205.432126  0.000331  0.000020
     8    125   1000  -205.432109  0.000326  0.000021
     9    111    999  -205.432121  0.000353  0.000024
    10    100   1000  -205.432132  0.000321  0.000023
    11     90    990  -205.432185  0.000297  0.000022
    12     83    996  -205.432152  0.000317  0.000025
    13     76    988  -205.432210  0.000321  0.000026
    14     71    994  -205.432169  0.000329  0.000028
    15     66    990  -205.432202  0.000321  0.000028
    16     62    992  -205.432194  0.000341  0.000031
    17     58    986  -205.432211  0.000308  0.000029
    18     55    990  -205.432216  0.000315  0.000030
    19     52    988  -205.432221  0.000285  0.000028
    20     50   1000  -205.432167  0.000340  0.000034
    21     47    987  -205.432212  0.000284  0.000030
    22     45    990  -205.432220  0.000287  0.000031
    23     43    989  -205.432219  0.000324  0.000035
    24     41    984  -205.432239  0.000318  0.000036
    25     40   1000  -205.432169  0.000351  0.000040
Fit (variance): plateau_var = 1.006038e-07 ± 3.320703e-09
Fit (error):    plateau = 0.000317 ± 0.000005
     autocorrelation length ~ 0.8 blocks
     plateau reached at block size ~ 4
Final AFQMC/pt2CCSD overlap ratio: 1.029262 ± 0.000413
Final AFQMC/pt2CCSD energy: -205.432193 ± 0.000317
Total run time: 1879.03

AFQMC Sampling Finished

