
    ________                     _____                    
    ___  __ \___  __________________(_)_____________ _    
    __  /_/ /  / / /_  __ \_  __ \_  /__  __ \_  __ `/    
    _  _, _// /_/ /_  / / /  / / /  / _  / / /  /_/ /     
    /_/ |_| \__,_/ /_/ /_//_/ /_//_/  /_/ /_/_\__, /      
                                             /____/       
    _____________________________  ___________            
    ___    |__  ____/_  __ \__   |/  /_  ____/            
    __  /| |_  /_   _  / / /_  /|_/ /_  /                 
    _  ___ |  __/   / /_/ /_  /  / / / /___               
    /_/  |_/_/      \___\_\/_/  /_/  \____/               

Hostname:     gpua002.delta.ncsa.illinois.edu
System:       Linux
Node:         gpua002.delta.ncsa.illinois.edu
Release:      5.14.0-427.91.1.el9_4.x86_64
Machine:      x86_64
Processor:    x86_64
JAX backend:  GPU
JAX devices:  [CudaDevice(id=0)]
Device kind:  NVIDIA A100-SXM4-40GB
Platform:     gpu

Load system from Integral File
Maximum memory per walker:            66.67 MB
Maximum number of Cholesky per chunk: 378
Number of Cholesky chunks:            2
Number of Cholesky per chunk:         235
Number of padding Cholesky:           1

QMC System
Number of electrons: (6, 6)
Spin Multiplicity:   0
Number of orbitals:  76
Number of Chol:      469

QMC Parameters
eql_time            :                   50
n_blocks            :                 1000
n_walkers           :                  300
max_error           :                  0.0
seed                :                   17
walker_type         :                  uhf
trial               :             upt2ccsd
mix_precision       :                 True
max_memory          :                20000
dt                  :                0.005
n_exp_terms         :                    6
n_prop_steps        :                   50
save_walkers        :                False
free_projection     :                False
n_batch             :                    1
nchol_chunk         :                  235

Initalize QMC walkers by stochastic CCSD

Equilibration
inv_T        weight  killW        energy   runTime
 0.00    300.000000      0   -110.444090     11.32
 5.00    299.731509      0   -110.466962     20.11
10.00    299.265913      0   -110.476729     22.68
15.00    298.749703      0   -110.479246     25.25
20.00    299.461585      0   -110.477288     27.83
25.00    299.378766      0   -110.500484     30.40
30.00    298.704808      0   -110.502259     32.98
35.00    299.659599      1   -110.557007     35.55
40.00    299.002574      0   -110.457454     38.12
45.00    299.258331      0   -110.475765     40.70
50.00    299.959937      0   -110.482316     43.27

Sampling
blocks        weight  killW       E_Guide     error       E_Trial     error     olp_T/G     error  Walltime
    20    299.191091      1   -110.467202  0.005765   -110.465804  0.001266    1.049630  0.000810   59.90
    40    299.110194      1   -110.466872  0.004282   -110.466068  0.000766    1.049620  0.000506   70.74
    60    299.149806      2   -110.467115  0.003966   -110.466279  0.000803    1.049204  0.000561   81.58
    80    299.183966      2   -110.470801  0.004011   -110.466470  0.000750    1.048659  0.000664   92.40
   100    299.115386      2   -110.470959  0.003312   -110.466417  0.000625    1.048840  0.000537  103.23
   120    299.095752      3   -110.472238  0.002873   -110.466766  0.000572    1.048767  0.000453  114.06
   140    299.045428      3   -110.469560  0.003009   -110.466409  0.000511    1.048997  0.000423  124.91
   160    299.019271      3   -110.468494  0.002773   -110.466363  0.000462    1.049113  0.000377  135.75
   180    299.004475      4   -110.469580  0.002736   -110.466393  0.000430    1.049061  0.000337  146.60
   200    298.969997      4   -110.468492  0.002626   -110.466261  0.000398    1.049194  0.000327  157.43
   220    298.968881      4   -110.468583  0.002413   -110.466439  0.000393    1.049215  0.000329  168.26
   240    298.970564      4   -110.470277  0.002499   -110.466881  0.000505    1.049108  0.000310  179.09
   260    298.955803      4   -110.469413  0.002405   -110.466811  0.000475    1.049168  0.000288  189.95
   280    298.940140      4   -110.468683  0.002308   -110.466771  0.000469    1.049301  0.000283  200.78
   300    298.945388      5   -110.468911  0.002158   -110.466712  0.000444    1.049261  0.000266  211.60
   320    298.936993      6   -110.469362  0.002064   -110.466802  0.000432    1.049168  0.000258  222.43
   340    298.927946      6   -110.469410  0.001942   -110.466737  0.000409    1.049221  0.000247  233.25
   360    298.915723      7   -110.468668  0.001908   -110.466620  0.000390    1.049340  0.000250  244.10
   380    298.908517      7   -110.468523  0.001825   -110.466615  0.000372    1.049415  0.000243  254.92
   400    298.905801      7   -110.468659  0.001742   -110.466672  0.000362    1.049381  0.000232  265.75
   420    298.896169      7   -110.468319  0.001675   -110.466621  0.000348    1.049424  0.000225  276.58
   440    298.901373      7   -110.468288  0.001675   -110.466642  0.000338    1.049454  0.000223  287.40
   460    298.891261      7   -110.467630  0.001649   -110.466587  0.000325    1.049571  0.000224  298.23
   480    298.888190      7   -110.467451  0.001658   -110.466498  0.000314    1.049617  0.000227  309.06
   500    298.879410      7   -110.467101  0.001612   -110.466489  0.000306    1.049628  0.000220  319.89
   520    298.884412      7   -110.467467  0.001595   -110.466474  0.000297    1.049553  0.000233  330.71
   540    298.884542      8   -110.467665  0.001535   -110.466448  0.000288    1.049581  0.000227  341.54
   560    298.877297      8   -110.467666  0.001607   -110.466418  0.000282    1.049595  0.000225  352.38
   580    298.885315      8   -110.467660  0.001568   -110.466390  0.000274    1.049626  0.000221  363.21
   600    298.883744      9   -110.467618  0.001533   -110.466381  0.000269    1.049609  0.000215  374.05
   620    298.884443      9   -110.467838  0.001480   -110.466391  0.000262    1.049588  0.000206  384.89
   640    298.879201      9   -110.467734  0.001459   -110.466401  0.000256    1.049604  0.000208  395.72
   660    298.880851     10   -110.467699  0.001398   -110.466471  0.000252    1.049635  0.000206  406.56
   680    298.880518     10   -110.467913  0.001374   -110.466526  0.000252    1.049645  0.000201  417.39
   700    298.888775     11   -110.468647  0.001482   -110.466686  0.000259    1.049581  0.000199  428.23
   720    298.889967     11   -110.468622  0.001453   -110.466667  0.000255    1.049621  0.000204  439.07
   740    298.884885     12   -110.468789  0.001426   -110.466709  0.000250    1.049606  0.000199  449.91
   760    298.883037     12   -110.468639  0.001374   -110.466715  0.000244    1.049608  0.000197  460.75
   780    298.884918     13   -110.468660  0.001351   -110.466700  0.000240    1.049598  0.000192  471.58
   800    298.882286     13   -110.468399  0.001388   -110.466686  0.000236    1.049622  0.000190  482.41
   820    298.884795     13   -110.468346  0.001355   -110.466732  0.000237    1.049585  0.000187  493.28
   840    298.885953     14   -110.468274  0.001324   -110.466768  0.000233    1.049533  0.000191  504.12
   860    298.885044     14   -110.468248  0.001293   -110.466784  0.000230    1.049527  0.000191  514.94
   880    298.881892     15   -110.468428  0.001374   -110.466793  0.000226    1.049491  0.000187  525.77
   900    298.879330     15   -110.468517  0.001374   -110.466782  0.000222    1.049528  0.000186  536.61
   920    298.880201     15   -110.468452  0.001344   -110.466779  0.000219    1.049557  0.000187  547.45
   940    298.878064     15   -110.468272  0.001316   -110.466761  0.000215    1.049564  0.000185  558.29
   960    298.875779     15   -110.468079  0.001300   -110.466705  0.000212    1.049582  0.000181  569.13
   980    298.873881     15   -110.468034  0.001280   -110.466705  0.000209    1.049582  0.000179  579.96
  1000    298.876884     15   -110.468295  0.001264   -110.466661  0.000206    1.049546  0.000177  590.79

Post Propagation Process
Total number of samples 1000
Raw AFQMC/HF (Guide) energy:           -110.468295 ± 0.001264
Raw Trial/Guide overlap ratio:          1.049546 ± 0.000177
Raw AFQMC/pt2CCSD energy (covariance): -110.466661 ± 0.000206
Raw AFQMC/pt2CCSD energy (dir sample): -110.466661 ± 0.000166

Remove Outliers
removing energies outside zeta > 30
Outlier energy bound [-110.572039, -110.358886]
Removed 0 outliers with energies []
Clean AFQMC/pt2CCSD overlap ratio:        1.049546 ± 0.000177
Clean AFQMC/pt2CCSD energy (covariance): -110.466661 ± 0.000206
Clean AFQMC/ptCCSD energy (dir sample):  -110.466661 ± 0.000166

Blocking Analysis
nsample = 1000, max_block_size = 25, min_nblocks = 40
   B    NB    NS  Observable     Error    dError
   1  1000  1000    1.049546  0.000070  0.000002
   2   500  1000    1.049546  0.000091  0.000003
   3   333   999    1.049546  0.000104  0.000004
   4   250  1000    1.049546  0.000115  0.000005
   5   200  1000    1.049546  0.000124  0.000006
   6   166   996    1.049550  0.000132  0.000007
   7   142   994    1.049552  0.000138  0.000008
   8   125  1000    1.049546  0.000142  0.000009
   9   111   999    1.049546  0.000141  0.000010
  10   100  1000    1.049546  0.000150  0.000011
  11    90   990    1.049553  0.000149  0.000011
  12    83   996    1.049550  0.000152  0.000012
  13    76   988    1.049557  0.000163  0.000013
  14    71   994    1.049552  0.000164  0.000014
  15    66   990    1.049553  0.000161  0.000014
  16    62   992    1.049552  0.000170  0.000015
  17    58   986    1.049558  0.000169  0.000016
  18    55   990    1.049553  0.000169  0.000016
  19    52   988    1.049557  0.000174  0.000017
  20    50  1000    1.049546  0.000167  0.000017
  21    47   987    1.049557  0.000177  0.000018
  22    45   990    1.049553  0.000176  0.000019
  23    43   989    1.049556  0.000160  0.000018
  24    41   984    1.049568  0.000167  0.000019
  25    40  1000    1.049546  0.000172  0.000020
Fit (variance): plateau_var = 3.026e-08 ± 2.455e-09
Fit (error):    plateau = 0.000174 ± 0.000007
     autocorrelation length ~ 7.4 blocks
     plateau reached at block size ~ 34
     !!!Failed to reach plateau in blocking
     Return max block error
nclean = 1000, max_block_size = 25, min_nblocks = 40
Blk_SZ   NBlk   NSmp      Energy     Error    dError
     1   1000   1000  -110.466520  0.000166  0.000004
     2    500   1000  -110.466547  0.000183  0.000006
     3    333    999  -110.466570  0.000199  0.000008
     4    250   1000  -110.466570  0.000196  0.000009
     5    200   1000  -110.466581  0.000206  0.000010
     6    166    996  -110.466603  0.000206  0.000011
     7    142    994  -110.466611  0.000205  0.000012
     8    125   1000  -110.466597  0.000223  0.000014
     9    111    999  -110.466612  0.000223  0.000015
    10    100   1000  -110.466604  0.000216  0.000015
    11     90    990  -110.466639  0.000214  0.000016
    12     83    996  -110.466625  0.000224  0.000018
    13     76    988  -110.466654  0.000231  0.000019
    14     71    994  -110.466629  0.000238  0.000020
    15     66    990  -110.466646  0.000242  0.000021
    16     62    992  -110.466643  0.000237  0.000021
    17     58    986  -110.466659  0.000243  0.000023
    18     55    990  -110.466656  0.000250  0.000024
    19     52    988  -110.466658  0.000227  0.000022
    20     50   1000  -110.466621  0.000221  0.000022
    21     47    987  -110.466671  0.000230  0.000024
    22     45    990  -110.466652  0.000228  0.000024
    23     43    989  -110.466665  0.000219  0.000024
    24     41    984  -110.466673  0.000244  0.000027
    25     40   1000  -110.466630  0.000257  0.000029
Fit (variance): plateau_var = 5.453237e-08 ± 3.661216e-09
Fit (error):    plateau = 0.000234 ± 0.000008
     autocorrelation length ~ 5.2 blocks
     plateau reached at block size ~ 22
Final AFQMC/pt2CCSD overlap ratio: 1.049546 ± 0.000177
Final AFQMC/pt2CCSD energy: -110.466661 ± 0.000234
Total run time: 599.19

AFQMC Sampling Finished

