#INFO: **** input file is /work/hdd/bdka/yzhang65/w4_17/w4-17_all/afqmc_input/batch2/run_afqmc.py ****
import os
import sys
import re
#sys.path.insert(0, os.path.join(os.path.dirname(os.path.abspath(__file__)), '..', 'script'))
sys.path.insert(0, '/u/yzhang65/mywork/yzhang65/w4_17/w4-17_all/script')

os.environ.setdefault("XLA_PYTHON_CLIENT_ALLOCATOR", "platform")
import jax
jax.config.update("jax_enable_x64", True)

from pyscf import gto, scf, cc
from afqmc import integral, launch_afqmc
from mol_select import get_xyz_files
import truncate_basis

# ---------------------------------------------------------------------------
# Configuration
# ---------------------------------------------------------------------------
shell            = "closed"  # "closed" or "open"
symmetry         = False
select_molecules = None  # e.g. ["acetaldehyde", "benzene"], or None for all
index            = "21-40"          # e.g. "1-10", "5", "1,3,5-8", or None for all
basis            = "vtzfp"

xyz_dir      = f"../../w4_17_xyz/{shell}_shell"
results_file = f"./{shell}_afqmc_{basis}.dat"
out_dir      = f"../../result/molout/{shell}_shell"
os.makedirs(out_dir, exist_ok=True)

xyz_files = get_xyz_files(xyz_dir, select_molecules=select_molecules, index=index)

# ---------------------------------------------------------------------------
# Write results header
# ---------------------------------------------------------------------------
with open(results_file, "w") as out:
    out.write(f"{'Molecule':<16s} {'E_HF (Eh)':>20s} {'E_CCSD (Eh)':>20s} "
              f"{'E_AFQMC (Eh)':>15s} {'E_AFQMC ERR (Eh)':>15s}\n")

# ---------------------------------------------------------------------------
# Helper
# ---------------------------------------------------------------------------
_afqmc_energy_re = re.compile(
    r"Final AFQMC/pt2CCSD energy:\s*([-+]?\d*\.?\d+(?:[eE][-+]?\d+)?)"
    r"\s*(?:±|\+/-)\s*([-+]?\d*\.?\d+(?:[eE][-+]?\d+)?)"
)

def extract_afqmc_energy(filename):
    try:
        with open(filename, encoding="utf-8") as f:
            for line in f:
                m = _afqmc_energy_re.search(line)
                if m:
                    return float(m.group(1)), float(m.group(2))
    except (OSError, IOError):
        pass
    return 0, 0

# ---------------------------------------------------------------------------
# Main loop
# ---------------------------------------------------------------------------
for xyz_path in xyz_files:
    with open(xyz_path) as f:
        lines = f.readlines()

    second_line = lines[1]
    charge   = int(second_line.split("charge=")[1].split()[0])
    spin     = int(second_line.split("mult=")[1].split()[0]) - 1
    mol_name = second_line.split()[0]
    atoms    = "".join(lines[2:])

    print(f"\n{'='*60}\nRunning: {mol_name}  charge={charge}  spin={spin}\n{'='*60}")

    mol = gto.M(
        atom=atoms,
        basis=truncate_basis.get_basis(atoms, basis),
        verbose=4,
        output=os.path.join(out_dir, f"{mol_name}_{basis}.out"),
        unit="angstrom",
        symmetry=symmetry,
        charge=charge,
        spin=spin,
        max_memory=40000,
    )

    mf = scf.UHF(mol)
    mf.max_cycle = 200
    mf = mf.newton()
    mf.kernel()

    if mol_name == "h":
        with open(results_file, "a") as out:
            out.write(f"{mol_name:<16s} {mf.e_tot:>20.10f} {mf.e_tot:>20.10f} "
                      f"{mf.e_tot:>15.5f} {0.0:>15.5f}\n")
        continue

    stable = False
    for _ in range(10):
        mo_i, _, stable, _ = mf.stability(return_status=True)
        if stable:
            break
        dm = mf.make_rdm1(mo_i, mf.mo_occ)
        mf.kernel(dm0=dm)

    if not stable or not mf.converged:
        print(f"  !! SCF did not converge for {mol_name} — skipping.")
        with open(results_file, "a") as out:
            out.write(f"{mol_name:<16s} {'UNCONVERGED':>20s} {'UNCONVERGED':>20s} {'UNCONVERGED':>20s}\n")
        continue

    mycc = cc.CCSD(mf)
    mycc.set_frozen()
    mycc.kernel()

    integral.prep_integral(mycc, chol_cut=1e-5)
    options = {
        'eql_time':      50,
        'n_blocks':      1000,
        'n_walkers':     300,
        'max_error':     0.0,
        'seed':          17,
        'walker_type':   'uhf',
        'trial':         'upt2ccsd',
        'mix_precision': True,
        'max_memory':    20000, #MB
    }
    launch_afqmc.ph_afqmc(options)

    afqmc_out = os.path.join(out_dir, f"{mol_name}_afqmc_{basis}.out")
    os.system(f"mv afqmc.out {afqmc_out}")
    eqmc, eqmc_err = extract_afqmc_energy(afqmc_out)

    with open(results_file, "a") as out:
        out.write(f"{mol_name:<16s} {mf.e_tot:>20.10f} {mycc.e_tot:>20.10f} "
                  f"{eqmc:>15.5f} {eqmc_err:>15.5f}\n")

    print(f"  => E_HF({mol_name})      = {mf.e_tot:.10f} Eh")
    print(f"  => E_CCSD({mol_name})    = {mycc.e_tot:.10f} Eh")
    print(f"  => E_AFQMC({mol_name})   = {eqmc:.5f} +/- {eqmc_err:.5f} Eh")

print(f"\nAll calculations complete. Results saved to {results_file}")
#INFO: ******************** input file end ********************


System: uname_result(system='Linux', node='gpua002.delta.ncsa.illinois.edu', release='5.14.0-427.91.1.el9_4.x86_64', version='#1 SMP PREEMPT_DYNAMIC Wed Sep 17 10:08:59 EDT 2025', machine='x86_64')  Threads 16
Python 3.11.14 (main, Oct 21 2025, 18:31:21) [GCC 11.2.0]
numpy 2.3.5  scipy 1.16.3  h5py 3.15.1
Date: Sat May 23 22:32:47 2026
PySCF version 2.11.0
PySCF path  /u/yzhang65/myprojects/software/pyscf
GIT HEAD (branch master) f520f5381c0b41f716d847009817cbc64e52c0d5

[ENV] PYSCF_TMPDIR /projects/bdka/yzhang65/scratch/pyscf
[ENV] PYSCF_EXT_PATH /u/yzhang65/myprojects/software/pyscf-forge
[CONFIG] conf_file None
[INPUT] verbose = 4
[INPUT] num. atoms = 4
[INPUT] num. electrons = 16
[INPUT] charge = 0
[INPUT] spin (= nelec alpha-beta = 2S) = 0
[INPUT] symmetry False subgroup None
[INPUT] Mole.unit = angstrom
[INPUT] Symbol           X                Y                Z      unit          X                Y                Z       unit  Magmom
[INPUT]  1 H      0.000000000000   1.008140000000   0.840315000000 AA    0.000000000000   1.905108495219   1.587965208364 Bohr   0.0
[INPUT]  2 N      0.000000000000   0.624028000000  -0.120045000000 AA    0.000000000000   1.179242014060  -0.226852172623 Bohr   0.0
[INPUT]  3 N      0.000000000000  -0.624028000000  -0.120045000000 AA    0.000000000000  -1.179242014060  -0.226852172623 Bohr   0.0
[INPUT]  4 H      0.000000000000  -1.008140000000   0.840315000000 AA    0.000000000000  -1.905108495219   1.587965208364 Bohr   0.0

nuclear repulsion = 32.1131994546289
number of shells = 28
number of NR pGTOs = 106
number of NR cGTOs = 78
basis = {'H': [[0, [33.87, 0.006068], [5.095, 0.045308], [1.159, 0.202822]], [0, [0.3258, 1.0]], [0, [0.1027, 1.0]], [1, [1.407, 1.0]], [1, [0.388, 1.0]]], 'N': [[0, [11420.0, 0.000523, -0.000115], [1712.0, 0.004045, -0.000895], [389.3, 0.020775, -0.004624], [110.0, 0.080727, -0.018528], [35.57, 0.233074, -0.057339], [12.54, 0.433501, -0.132076], [4.644, 0.347472, -0.17251], [0.5118, -0.008508, 0.599944]], [0, [1.293, 1.0]], [0, [0.1787, 1.0]], [1, [26.63, 0.01467], [5.948, 0.091764], [1.742, 0.298683]], [1, [0.555, 1.0]], [1, [0.1725, 1.0]], [2, [1.654, 1.0]], [2, [0.469, 1.0]], [3, [1.093, 1.0]]]}
ecp = {}
CPU time:       356.08




******** <class 'pyscf.soscf.newton_ah.SecondOrderUHF'> ********
method = SecondOrderUHF
initial guess = minao
damping factor = 0
level_shift factor = 0
DIIS = <class 'pyscf.scf.diis.CDIIS'>
diis_start_cycle = 1
diis_space = 8
diis_damp = 0
SCF conv_tol = 1e-09
SCF conv_tol_grad = None
SCF max_cycles = 200
direct_scf = True
direct_scf_tol = 1e-13
chkfile to save SCF result = /projects/bdka/yzhang65/scratch/pyscf/tmp2eh891oi
max_memory 40000 MB (current use 1269 MB)
number electrons alpha = 8  beta = 8
******** <class 'pyscf.scf.uhf.UHF'> Newton solver flags ********
SCF tol = 1e-09
conv_tol_grad = None
max. SCF cycles = 200
direct_scf = True
direct_scf_tol = 1e-13
chkfile to save SCF result = /projects/bdka/yzhang65/scratch/pyscf/tmp2eh891oi
max_cycle_inner = 12
max_stepsize = 0.05
ah_start_tol = 1e+09
ah_level_shift = 0
ah_conv_tol = 1e-12
ah_lindep = 1e-14
ah_start_cycle = 1
ah_max_cycle = 40
ah_grad_trust_region = 2.5
kf_interval = 4
kf_trust_region = 5
canonicalization = True
max_memory 40000 MB (current use 1269 MB)
Set conv_tol_grad to 3.16228e-05
  alpha nocc = 8  HOMO = -0.242528045290807  LUMO = -0.0553963347643808
  beta  nocc = 8  HOMO = -0.239680551140835  LUMO = -0.0507641680125033
Initial guess E= -110.001629727496  |g|= 0.233798
macro= 0  E= -110.028153466264  delta_E= -0.0265237  |g|= 2.74534e-05  4 KF 14 JK
macro= 1  E= -110.028153466371  delta_E= -1.06922e-10  |g|= 1.25698e-05  1 KF 3 JK
Canonicalize SCF orbitals
macro X = 2  E=-110.028153466371  |g|= 1.25698e-05  total 6 KF 20 JK
converged SCF energy = -110.028153466371  <S^2> = 1.1793233e-11  2S+1 = 1
uhf_internal: lowest eigs of H = [-0.07368579  0.0798852   0.3086597 ]
<class 'pyscf.soscf.newton_ah.SecondOrderUHF'> wavefunction has an internal instability




******** <class 'pyscf.soscf.newton_ah.SecondOrderUHF'> ********
method = SecondOrderUHF
initial guess = minao
damping factor = 0
level_shift factor = 0
DIIS = <class 'pyscf.scf.diis.CDIIS'>
diis_start_cycle = 1
diis_space = 8
diis_damp = 0
SCF conv_tol = 1e-09
SCF conv_tol_grad = None
SCF max_cycles = 200
direct_scf = True
direct_scf_tol = 1e-13
chkfile to save SCF result = /projects/bdka/yzhang65/scratch/pyscf/tmp2eh891oi
max_memory 40000 MB (current use 1237 MB)
number electrons alpha = 8  beta = 8
******** <class 'pyscf.scf.uhf.UHF'> Newton solver flags ********
SCF tol = 1e-09
conv_tol_grad = None
max. SCF cycles = 200
direct_scf = True
direct_scf_tol = 1e-13
chkfile to save SCF result = /projects/bdka/yzhang65/scratch/pyscf/tmp2eh891oi
max_cycle_inner = 12
max_stepsize = 0.05
ah_start_tol = 1e+09
ah_level_shift = 0
ah_conv_tol = 1e-12
ah_lindep = 1e-14
ah_start_cycle = 1
ah_max_cycle = 40
ah_grad_trust_region = 2.5
kf_interval = 4
kf_trust_region = 5
canonicalization = True
max_memory 40000 MB (current use 1237 MB)
Set conv_tol_grad to 3.16228e-05
  alpha nocc = 8  HOMO = -0.398689014060278  LUMO = 0.128471086590917
  beta  nocc = 8  HOMO = -0.398714326271094  LUMO = 0.128463147669172
Initial guess E= -110.000855142986  |g|= 0.0966684
macro= 0  E= -110.025726313899  delta_E= -0.0248712  |g|= 0.0966684  2 KF 6 JK
macro= 1  E= -110.029929173332  delta_E= -0.00420286  |g|= 0.0424159  2 KF 5 JK
macro= 2  E= -110.030356803096  delta_E= -0.00042763  |g|= 0.000424174  3 KF 13 JK
macro= 3  E= -110.030356999163  delta_E= -1.96066e-07  |g|= 1.92304e-05  2 KF 8 JK
macro= 4  E= -110.030356999163  delta_E= -3.41061e-13  |g|= 8.88121e-06  1 KF 2 JK
Canonicalize SCF orbitals
macro X = 5  E=-110.030356999163  |g|= 8.88121e-06  total 11 KF 40 JK
converged SCF energy = -110.030356999163  <S^2> = 0.22465211  2S+1 = 1.3779
uhf_internal: lowest eigs of H = [0.10373215 0.13902213 0.26195143]
<class 'pyscf.soscf.newton_ah.SecondOrderUHF'> wavefunction is stable in the internal stability analysis

******** <class 'pyscf.cc.uccsd.UCCSD'> ********
CC2 = 0
CCSD nocc = (np.int64(6), np.int64(6)), nmo = (76, 76)
frozen orbitals 2
max_cycle = 50
direct = 0
conv_tol = 1e-07
conv_tol_normt = 1e-06
diis_space = 6
diis_start_cycle = 0
diis_start_energy_diff = 1e+09
max_memory 40000 MB (current use 1139 MB)
Init t2, MP2 energy = -0.384594564625049
Init E_corr(UCCSD) = -0.384594564666751
cycle = 1  E_corr(UCCSD) = -0.390130163374585  dE = -0.00553559871  norm(t1,t2) = 0.0955052
cycle = 2  E_corr(UCCSD) = -0.403628662371431  dE = -0.013498499  norm(t1,t2) = 0.0461584
cycle = 3  E_corr(UCCSD) = -0.407334113682834  dE = -0.00370545131  norm(t1,t2) = 0.0379645
cycle = 4  E_corr(UCCSD) = -0.416887692173405  dE = -0.00955357849  norm(t1,t2) = 0.0246942
cycle = 5  E_corr(UCCSD) = -0.415744541657989  dE = 0.00114315052  norm(t1,t2) = 0.00798312
cycle = 6  E_corr(UCCSD) = -0.416112085996772  dE = -0.000367544339  norm(t1,t2) = 0.0021353
cycle = 7  E_corr(UCCSD) = -0.416218497330303  dE = -0.000106411334  norm(t1,t2) = 0.000655727
cycle = 8  E_corr(UCCSD) = -0.416148170519487  dE = 7.03268108e-05  norm(t1,t2) = 0.000222064
cycle = 9  E_corr(UCCSD) = -0.416156339243894  dE = -8.16872441e-06  norm(t1,t2) = 6.44594e-05
cycle = 10  E_corr(UCCSD) = -0.416153849415146  dE = 2.48982875e-06  norm(t1,t2) = 2.72818e-05
cycle = 11  E_corr(UCCSD) = -0.416153306145745  dE = 5.43269401e-07  norm(t1,t2) = 9.5834e-06
cycle = 12  E_corr(UCCSD) = -0.416153519025166  dE = -2.12879421e-07  norm(t1,t2) = 4.26755e-06
cycle = 13  E_corr(UCCSD) = -0.416153352876231  dE = 1.66148935e-07  norm(t1,t2) = 1.43826e-06
cycle = 14  E_corr(UCCSD) = -0.416153373585086  dE = -2.07088549e-08  norm(t1,t2) = 5.82579e-07
UCCSD converged
E(UCCSD) = -110.4465103727481  E_corr = -0.4161533735850861
