
    ________                     _____                    
    ___  __ \___  __________________(_)_____________ _    
    __  /_/ /  / / /_  __ \_  __ \_  /__  __ \_  __ `/    
    _  _, _// /_/ /_  / / /  / / /  / _  / / /  /_/ /     
    /_/ |_| \__,_/ /_/ /_//_/ /_//_/  /_/ /_/_\__, /      
                                             /____/       
    _____________________________  ___________            
    ___    |__  ____/_  __ \__   |/  /_  ____/            
    __  /| |_  /_   _  / / /_  /|_/ /_  /                 
    _  ___ |  __/   / /_/ /_  /  / / / /___               
    /_/  |_/_/      \___\_\/_/  /_/  \____/               

Hostname:     gpue02.delta.ncsa.illinois.edu
System:       Linux
Node:         gpue02.delta.ncsa.illinois.edu
Release:      5.14.0-427.91.1.el9_4.x86_64
Machine:      x86_64
Processor:    x86_64
JAX backend:  GPU
JAX devices:  [CudaDevice(id=0)]
Device kind:  NVIDIA H200
Platform:     gpu

Load system from Integral File
Maximum memory per walker:            83.33 MB
Maximum number of Cholesky per chunk: 210
Number of Cholesky chunks:            4
Number of Cholesky per chunk:         173
Number of padding Cholesky:           2

QMC System
Number of electrons: (9, 9)
Spin Multiplicity:   0
Number of orbitals:  114
Number of Chol:      690

QMC Parameters
eql_time            :                   50
n_blocks            :                 1000
n_walkers           :                  300
max_error           :                  0.0
seed                :                   17
walker_type         :                  uhf
trial               :             upt2ccsd
mix_precision       :                 True
max_memory          :                25000
dt                  :                0.005
n_exp_terms         :                    6
n_prop_steps        :                   50
save_walkers        :                False
free_projection     :                False
n_batch             :                    1
nchol_chunk         :                  173

Initalize QMC walkers by stochastic CCSD

Equilibration
inv_T        weight  killW        energy   runTime
 0.00    300.000000      0   -537.544587     59.04
 5.00    298.657818      0   -537.543784     68.19
10.00    299.219186      0   -537.578504     70.78
15.00    298.727627      0   -537.578518     73.38
20.00    299.078661      0   -537.575275     75.97
25.00    299.970287      0   -537.625020     78.57
30.00    299.075287      0   -537.564201     81.17
35.00    298.415682      0   -537.559034     83.77
40.00    298.030753      0   -537.540442     86.36
45.00    299.213909      0   -537.581523     88.96
50.00    298.945871      0   -537.544587     91.56

Sampling
blocks        weight  killW       E_Guide     error       E_Trial     error     olp_T/G     error  Walltime
    20    298.692003      0   -537.558776  0.004470   -537.568534  0.000604    1.004664  0.000121  113.03
    40    298.808544      0   -537.565371  0.005209   -537.569813  0.000568    1.004770  0.000113  128.72
    60    298.790983      0   -537.566440  0.003331   -537.569238  0.000488    1.004727  0.000077  144.39
    80    298.755579      0   -537.568103  0.003571   -537.569809  0.000444    1.004692  0.000071  160.08
   100    298.739987      0   -537.567343  0.002662   -537.569855  0.000438    1.004623  0.000072  175.77
   120    298.727947      0   -537.566964  0.002458   -537.569670  0.000717    1.004668  0.000076  191.46
   140    298.732091      0   -537.568183  0.002196   -537.569770  0.000627    1.004655  0.000071  207.15
   160    298.723494      0   -537.568930  0.002237   -537.569700  0.000553    1.004693  0.000067  222.84
   180    298.699355      0   -537.568265  0.001989   -537.569751  0.000500    1.004669  0.000066  238.54
   200    298.730228      0   -537.570011  0.002237   -537.569967  0.000480    1.004617  0.000072  254.24
   220    298.723167      0   -537.570099  0.002078   -537.569988  0.000445    1.004677  0.000076  269.94
   240    298.717873      0   -537.570264  0.002072   -537.570021  0.000415    1.004693  0.000078  285.63
   260    298.694719      0   -537.569395  0.002055   -537.570029  0.000388    1.004680  0.000074  301.32
   280    298.693849      0   -537.570260  0.001983   -537.570078  0.000372    1.004672  0.000068  317.03
   300    298.704472      0   -537.570784  0.001953   -537.570129  0.000354    1.004663  0.000064  332.73
   320    298.700160      0   -537.570679  0.001843   -537.570111  0.000337    1.004649  0.000061  348.43
   340    298.692966      0   -537.570911  0.001773   -537.570128  0.000322    1.004671  0.000062  364.12
   360    298.693729      0   -537.571441  0.001720   -537.570183  0.000309    1.004691  0.000064  379.83
   380    298.687825      0   -537.571547  0.001643   -537.570212  0.000300    1.004673  0.000062  395.53
   400    298.690996      0   -537.571916  0.001582   -537.570279  0.000292    1.004645  0.000062  411.25
   420    298.688350      0   -537.572345  0.001541   -537.570292  0.000284    1.004649  0.000061  426.96
   440    298.682846      0   -537.572440  0.001481   -537.570378  0.000279    1.004618  0.000063  442.66
   460    298.689678      0   -537.573463  0.001661   -537.570152  0.000299    1.004594  0.000063  458.37
   480    298.681896      0   -537.573426  0.001610   -537.570204  0.000290    1.004606  0.000064  474.07
   500    298.682540      0   -537.573349  0.001566   -537.570247  0.000282    1.004591  0.000063  489.90
   520    298.672492      0   -537.572819  0.001588   -537.570188  0.000273    1.004589  0.000061  505.60
   540    298.666104      0   -537.572855  0.001524   -537.570255  0.000267    1.004603  0.000059  523.43
   560    298.666314      0   -537.572978  0.001499   -537.570290  0.000265    1.004604  0.000060  540.17
   580    298.665347      0   -537.572885  0.001442   -537.570313  0.000264    1.004610  0.000058  555.86
   600    298.662279      0   -537.572935  0.001519   -537.570285  0.000258    1.004578  0.000060  571.58
   620    298.666268      0   -537.573345  0.001491   -537.570354  0.000254    1.004563  0.000060  587.27
   640    298.668927      0   -537.573684  0.001554   -537.570402  0.000252    1.004543  0.000061  603.14
   660    298.664648      0   -537.573364  0.001520   -537.570362  0.000245    1.004547  0.000060  618.87
   680    298.650705      0   -537.572749  0.001571   -537.570329  0.000240    1.004532  0.000064  634.59
   700    298.645959      0   -537.572596  0.001547   -537.570295  0.000235    1.004531  0.000063  650.30
   720    298.640610      1   -537.572180  0.001554   -537.570279  0.000230    1.004519  0.000062  666.04
   740    298.634791      1   -537.572031  0.001523   -537.570261  0.000226    1.004510  0.000061  681.73
   760    298.634012      1   -537.572018  0.001511   -537.570258  0.000222    1.004511  0.000061  697.43
   780    298.631572      1   -537.572007  0.001474   -537.570252  0.000217    1.004511  0.000060  713.11
   800    298.629387      1   -537.571764  0.001479   -537.570224  0.000213    1.004516  0.000058  728.84
   820    298.629707      1   -537.571655  0.001446   -537.570245  0.000209    1.004528  0.000058  744.53
   840    298.627963      1   -537.571732  0.001421   -537.570274  0.000206    1.004522  0.000058  760.25
   860    298.627375      1   -537.571733  0.001392   -537.570269  0.000202    1.004529  0.000057  775.96
   880    298.629069      1   -537.571872  0.001373   -537.570276  0.000200    1.004515  0.000058  791.65
   900    298.627561      1   -537.571953  0.001348   -537.570301  0.000197    1.004505  0.000058  807.33
   920    298.626155      1   -537.572123  0.001330   -537.570331  0.000198    1.004511  0.000057  823.01
   940    298.624968      1   -537.572210  0.001303   -537.570317  0.000195    1.004522  0.000056  838.70
   960    298.626318      1   -537.572412  0.001284   -537.570328  0.000193    1.004523  0.000056  854.39
   980    298.624900      1   -537.572322  0.001262   -537.570350  0.000189    1.004541  0.000056  870.10
  1000    298.622602      1   -537.572223  0.001241   -537.570354  0.000187    1.004543  0.000057  885.79

Post Propagation Process
Total number of samples 1000
Raw AFQMC/HF (Guide) energy:           -537.572223 ± 0.001241
Raw Trial/Guide overlap ratio:          1.004543 ± 0.000057
Raw AFQMC/pt2CCSD energy (covariance): -537.570354 ± 0.000187
Raw AFQMC/pt2CCSD energy (dir sample): -537.570354 ± 0.000149

Remove Outliers
removing energies outside zeta > 30
Outlier energy bound [-537.673919, -537.465804]
Removed 0 outliers with energies []
Clean AFQMC/pt2CCSD overlap ratio:        1.004543 ± 0.000057
Clean AFQMC/pt2CCSD energy (covariance): -537.570354 ± 0.000187
Clean AFQMC/ptCCSD energy (dir sample):  -537.570354 ± 0.000149

Blocking Analysis
nsample = 1000, max_block_size = 25, min_nblocks = 40
   B    NB    NS  Observable     Error    dError
   1  1000  1000    1.004543  0.000021  0.000000
   2   500  1000    1.004543  0.000027  0.000001
   3   333   999    1.004543  0.000032  0.000001
   4   250  1000    1.004543  0.000035  0.000002
   5   200  1000    1.004543  0.000037  0.000002
   6   166   996    1.004544  0.000041  0.000002
   7   142   994    1.004545  0.000043  0.000003
   8   125  1000    1.004543  0.000044  0.000003
   9   111   999    1.004543  0.000045  0.000003
  10   100  1000    1.004543  0.000046  0.000003
  11    90   990    1.004545  0.000047  0.000004
  12    83   996    1.004544  0.000048  0.000004
  13    76   988    1.004544  0.000051  0.000004
  14    71   994    1.004545  0.000049  0.000004
  15    66   990    1.004545  0.000050  0.000004
  16    62   992    1.004546  0.000051  0.000005
  17    58   986    1.004543  0.000053  0.000005
  18    55   990    1.004545  0.000051  0.000005
  19    52   988    1.004544  0.000056  0.000006
  20    50  1000    1.004543  0.000053  0.000005
  21    47   987    1.004543  0.000052  0.000005
  22    45   990    1.004545  0.000056  0.000006
  23    43   989    1.004545  0.000055  0.000006
  24    41   984    1.004543  0.000056  0.000006
  25    40  1000    1.004543  0.000057  0.000006
Fit (variance): plateau_var = 3.129e-09 ± 2.880e-10
Fit (error):    plateau = 0.000056 ± 0.000003
     autocorrelation length ~ 8.6 blocks
     plateau reached at block size ~ 40
     !!!Failed to reach plateau in blocking
     Return max block error
nclean = 1000, max_block_size = 25, min_nblocks = 40
Blk_SZ   NBlk   NSmp      Energy     Error    dError
     1   1000   1000  -537.570194  0.000149  0.000003
     2    500   1000  -537.570225  0.000177  0.000006
     3    333    999  -537.570225  0.000194  0.000008
     4    250   1000  -537.570257  0.000183  0.000008
     5    200   1000  -537.570263  0.000203  0.000010
     6    166    996  -537.570244  0.000206  0.000011
     7    142    994  -537.570236  0.000203  0.000012
     8    125   1000  -537.570273  0.000205  0.000013
     9    111    999  -537.570274  0.000203  0.000014
    10    100   1000  -537.570291  0.000205  0.000015
    11     90    990  -537.570258  0.000199  0.000015
    12     83    996  -537.570273  0.000206  0.000016
    13     76    988  -537.570271  0.000221  0.000018
    14     71    994  -537.570267  0.000207  0.000018
    15     66    990  -537.570266  0.000210  0.000018
    16     62    992  -537.570263  0.000210  0.000019
    17     58    986  -537.570280  0.000220  0.000021
    18     55    990  -537.570279  0.000215  0.000021
    19     52    988  -537.570280  0.000221  0.000022
    20     50   1000  -537.570314  0.000187  0.000019
    21     47    987  -537.570291  0.000203  0.000021
    22     45    990  -537.570279  0.000211  0.000022
    23     43    989  -537.570284  0.000205  0.000022
    24     41    984  -537.570303  0.000176  0.000020
    25     40   1000  -537.570325  0.000183  0.000021
Fit (variance): plateau_var = 4.142560e-08 ± 1.592509e-09
Fit (error):    plateau = 0.000204 ± 0.000004
     autocorrelation length ~ 1.7 blocks
     plateau reached at block size ~ 8
Final AFQMC/pt2CCSD overlap ratio: 1.004543 ± 0.000057
Final AFQMC/pt2CCSD energy: -537.570354 ± 0.000204
Total run time: 923.54

AFQMC Sampling Finished

