
    ________                     _____                    
    ___  __ \___  __________________(_)_____________ _    
    __  /_/ /  / / /_  __ \_  __ \_  /__  __ \_  __ `/    
    _  _, _// /_/ /_  / / /  / / /  / _  / / /  /_/ /     
    /_/ |_| \__,_/ /_/ /_//_/ /_//_/  /_/ /_/_\__, /      
                                             /____/       
    _____________________________  ___________            
    ___    |__  ____/_  __ \__   |/  /_  ____/            
    __  /| |_  /_   _  / / /_  /|_/ /_  /                 
    _  ___ |  __/   / /_/ /_  /  / / / /___               
    /_/  |_/_/      \___\_\/_/  /_/  \____/               

Hostname:     gpue02.delta.ncsa.illinois.edu
System:       Linux
Node:         gpue02.delta.ncsa.illinois.edu
Release:      5.14.0-427.91.1.el9_4.x86_64
Machine:      x86_64
Processor:    x86_64
JAX backend:  GPU
JAX devices:  [CudaDevice(id=0)]
Device kind:  NVIDIA H200
Platform:     gpu

Load system from Integral File
Maximum memory per walker:            83.33 MB
Maximum number of Cholesky per chunk: 101
Number of Cholesky chunks:            15
Number of Cholesky per chunk:         99
Number of padding Cholesky:           2

QMC System
Number of electrons: (25, 25)
Spin Multiplicity:   0
Number of orbitals:  232
Number of Chol:      1483

QMC Parameters
eql_time            :                   50
n_blocks            :                 1000
n_walkers           :                  300
max_error           :                  0.0
seed                :                   17
walker_type         :                  rhf
trial               :              pt2ccsd
mix_precision       :                 True
max_memory          :                25000
dt                  :                0.005
n_exp_terms         :                    6
n_prop_steps        :                   50
save_walkers        :                False
free_projection     :                False
n_batch             :                    1
nchol_chunk         :                   99

Initalize QMC walkers by stochastic CCSD

Equilibration
inv_T        weight  killW        energy   runTime
 0.00    300.000000      0  -2834.343385     32.11
 5.00    298.580612      0  -2834.447161     43.80
10.00    298.732050      0  -2834.457223     51.12
15.00    296.233554      1  -2834.379233     58.45
20.00    299.283350      0  -2834.477119     65.78
25.00    298.595675      0  -2834.423168     73.10
30.00    297.517013      0  -2834.427239     80.44
35.00    297.805897      0  -2834.418365     87.77
40.00    298.266812      0  -2834.436636     95.11
45.00    298.143243      0  -2834.409323    102.44
50.00    298.217086      0  -2834.482612    109.78

Sampling
blocks        weight  killW       E_Guide     error       E_Trial     error     olp_T/G     error  Walltime
    20    297.985478      0  -2834.427596  0.024307  -2834.432621  0.003197    1.005279  0.000400  267.29
    40    297.943309      0  -2834.440171  0.015668  -2834.436242  0.001996    1.005715  0.000315  390.29
    60    297.917157      0  -2834.440342  0.009288  -2834.435560  0.001551    1.005943  0.000293  513.85
    80    297.816296      0  -2834.443101  0.007386  -2834.436085  0.001339    1.005692  0.000307  637.98
   100    297.779447      0  -2834.445746  0.006449  -2834.436288  0.001208    1.005527  0.000253  761.54
   120    297.687814      0  -2834.446209  0.005363  -2834.436066  0.001080    1.005609  0.000216  885.92
   140    297.598944      0  -2834.447085  0.004687  -2834.437219  0.001512    1.005772  0.000216 1009.93
   160    297.512261      0  -2834.445707  0.004822  -2834.436877  0.001349    1.005863  0.000198 1133.62
   180    297.464460      0  -2834.445098  0.004301  -2834.437005  0.001227    1.005953  0.000186 1258.01
   200    297.419324      0  -2834.445925  0.004039  -2834.437194  0.001130    1.006017  0.000178 1381.78
   220    297.337306      0  -2834.444126  0.003750  -2834.436816  0.001050    1.006048  0.000163 1505.56
   240    297.300321      0  -2834.444039  0.003604  -2834.436983  0.000987    1.006059  0.000151 1630.72
   260    297.252745      0  -2834.443252  0.003395  -2834.436980  0.000926    1.006091  0.000150 1754.43
   280    297.222489      0  -2834.441921  0.003243  -2834.436697  0.000879    1.006187  0.000155 1878.28
   300    297.220056      0  -2834.442857  0.003082  -2834.436580  0.000838    1.006303  0.000166 2001.95
   320    297.204237      0  -2834.443979  0.002988  -2834.436653  0.000800    1.006328  0.000157 2125.73
   340    297.174934      0  -2834.443772  0.002842  -2834.436585  0.000767    1.006358  0.000149 2250.11
   360    297.135901      0  -2834.442398  0.002740  -2834.436384  0.000734    1.006356  0.000141 2373.78
   380    297.123481      0  -2834.443973  0.002782  -2834.436621  0.000710    1.006347  0.000134 2497.60
   400    297.089189      0  -2834.443866  0.002776  -2834.436569  0.000683    1.006345  0.000128 2621.28
   420    297.068081      0  -2834.444290  0.002687  -2834.436310  0.000662    1.006362  0.000124 2745.04
   440    297.036821      0  -2834.443640  0.002615  -2834.436117  0.000640    1.006400  0.000127 2869.85
   460    297.012198      0  -2834.443674  0.002646  -2834.436136  0.000619    1.006419  0.000125 2993.54
   480    296.988790      0  -2834.443087  0.002568  -2834.436225  0.000603    1.006434  0.000121 3117.38
   500    296.985172      0  -2834.443331  0.002476  -2834.436341  0.000593    1.006433  0.000118 3241.08
   520    296.974074      0  -2834.443534  0.002415  -2834.436548  0.000592    1.006453  0.000114 3364.86
   540    296.954073      0  -2834.443099  0.002379  -2834.436361  0.000576    1.006496  0.000115 3490.84
   560    296.932382      0  -2834.442828  0.002343  -2834.436339  0.000562    1.006510  0.000115 3614.54
   580    296.921338      0  -2834.442723  0.002299  -2834.436425  0.000547    1.006515  0.000112 3738.51
   600    296.911226      0  -2834.442475  0.002284  -2834.436483  0.000539    1.006500  0.000111 3862.10
   620    296.896631      0  -2834.442607  0.002246  -2834.436656  0.000540    1.006471  0.000110 3985.83
   640    296.897775      0  -2834.443023  0.002192  -2834.436558  0.000536    1.006430  0.000113 4111.11
   660    296.883860      0  -2834.443024  0.002155  -2834.436590  0.000526    1.006421  0.000111 4235.28
   680    296.880141      0  -2834.442830  0.002096  -2834.436359  0.000517    1.006462  0.000116 4359.08
   700    296.879690      0  -2834.443288  0.002063  -2834.436361  0.000507    1.006464  0.000113 4482.78
   720    296.870222      0  -2834.443234  0.002008  -2834.436303  0.000497    1.006477  0.000114 4609.44
   740    296.861012      0  -2834.443094  0.001960  -2834.436204  0.000486    1.006483  0.000111 4733.31
   760    296.846089      0  -2834.442310  0.002023  -2834.436078  0.000477    1.006477  0.000111 4857.05
   780    296.841525      0  -2834.442169  0.002013  -2834.436053  0.000469    1.006495  0.000109 4980.92
   800    296.835668      0  -2834.442007  0.001977  -2834.436078  0.000462    1.006507  0.000109 5104.62
   820    296.828337      0  -2834.441896  0.001950  -2834.436042  0.000454    1.006484  0.000108 5228.97
   840    296.830933      0  -2834.441874  0.001884  -2834.436024  0.000447    1.006486  0.000107 5352.93
   860    296.827101      0  -2834.441662  0.001857  -2834.435895  0.000443    1.006479  0.000107 5476.64
   880    296.822069      0  -2834.442039  0.001834  -2834.436034  0.000439    1.006459  0.000105 5605.25
   900    296.806772      1  -2834.441522  0.001834  -2834.436009  0.000432    1.006475  0.000104 5728.85
   920    296.801623      1  -2834.441442  0.001823  -2834.436050  0.000424    1.006481  0.000104 5852.65
   940    296.793038      1  -2834.441149  0.001803  -2834.436100  0.000419    1.006460  0.000104 5976.53
   960    296.797758      1  -2834.441326  0.001807  -2834.436144  0.000413    1.006428  0.000106 6100.33
   980    296.795387      1  -2834.441528  0.001807  -2834.436147  0.000408    1.006397  0.000108 6224.80
  1000    296.794222      2  -2834.441800  0.001794  -2834.436188  0.000404    1.006362  0.000120 6348.44

Post Propagation Process
Total number of samples 1000
Raw AFQMC/HF (Guide) energy:           -2834.441800 ± 0.001794
Raw Trial/Guide overlap ratio:          1.006362 ± 0.000120
Raw AFQMC/pt2CCSD energy (covariance): -2834.436188 ± 0.000404
Raw AFQMC/pt2CCSD energy (dir sample): -2834.436188 ± 0.000337

Remove Outliers
removing energies outside zeta > 30
Outlier energy bound [-2834.720074, -2834.150176]
Removed 0 outliers with energies []
Clean AFQMC/pt2CCSD overlap ratio:        1.006362 ± 0.000120
Clean AFQMC/pt2CCSD energy (covariance): -2834.436188 ± 0.000404
Clean AFQMC/ptCCSD energy (dir sample):  -2834.436188 ± 0.000337

Blocking Analysis
nsample = 1000, max_block_size = 25, min_nblocks = 40
   B    NB    NS  Observable     Error    dError
   1  1000  1000    1.006363  0.000035  0.000001
   2   500  1000    1.006363  0.000047  0.000001
   3   333   999    1.006363  0.000055  0.000002
   4   250  1000    1.006362  0.000062  0.000003
   5   200  1000    1.006363  0.000068  0.000003
   6   166   996    1.006366  0.000073  0.000004
   7   142   994    1.006370  0.000077  0.000005
   8   125  1000    1.006362  0.000080  0.000005
   9   111   999    1.006363  0.000084  0.000006
  10   100  1000    1.006362  0.000087  0.000006
  11    90   990    1.006374  0.000091  0.000007
  12    83   996    1.006366  0.000093  0.000007
  13    76   988    1.006378  0.000095  0.000008
  14    71   994    1.006370  0.000095  0.000008
  15    66   990    1.006374  0.000100  0.000009
  16    62   992    1.006372  0.000100  0.000009
  17    58   986    1.006382  0.000102  0.000010
  18    55   990    1.006374  0.000106  0.000010
  19    52   988    1.006378  0.000110  0.000011
  20    50  1000    1.006362  0.000109  0.000011
  21    47   987    1.006380  0.000111  0.000012
  22    45   990    1.006374  0.000112  0.000012
  23    43   989    1.006376  0.000115  0.000013
  24    41   984    1.006385  0.000112  0.000013
  25    40  1000    1.006362  0.000120  0.000014
Fit (variance): plateau_var = 1.592e-08 ± 2.533e-09
Fit (error):    plateau = 0.000126 ± 0.000010
     autocorrelation length ~ 15.3 blocks
     plateau reached at block size ~ 71
     !!!Failed to reach plateau in blocking
     Return max block error
nclean = 1000, max_block_size = 25, min_nblocks = 40
Blk_SZ   NBlk   NSmp      Energy     Error    dError
     1   1000   1000  -2834.435851  0.000337  0.000008
     2    500   1000  -2834.435921  0.000396  0.000013
     3    333    999  -2834.435939  0.000419  0.000016
     4    250   1000  -2834.435990  0.000430  0.000019
     5    200   1000  -2834.436002  0.000424  0.000021
     6    166    996  -2834.435976  0.000437  0.000024
     7    142    994  -2834.436045  0.000428  0.000026
     8    125   1000  -2834.436061  0.000438  0.000028
     9    111    999  -2834.436050  0.000435  0.000029
    10    100   1000  -2834.436072  0.000429  0.000030
    11     90    990  -2834.436077  0.000458  0.000034
    12     83    996  -2834.436054  0.000461  0.000036
    13     76    988  -2834.436082  0.000467  0.000038
    14     71    994  -2834.436106  0.000403  0.000034
    15     66    990  -2834.436093  0.000419  0.000037
    16     62    992  -2834.436113  0.000445  0.000040
    17     58    986  -2834.436112  0.000460  0.000043
    18     55    990  -2834.436116  0.000482  0.000046
    19     52    988  -2834.436114  0.000453  0.000045
    20     50   1000  -2834.436131  0.000463  0.000047
    21     47    987  -2834.436100  0.000471  0.000049
    22     45    990  -2834.436130  0.000480  0.000051
    23     43    989  -2834.436144  0.000414  0.000045
    24     41    984  -2834.436100  0.000450  0.000050
    25     40   1000  -2834.436156  0.000417  0.000047
Fit (variance): plateau_var = 1.930495e-07 ± 6.988104e-09
Fit (error):    plateau = 0.000439 ± 0.000008
     autocorrelation length ~ 1.3 blocks
     plateau reached at block size ~ 6
Final AFQMC/pt2CCSD overlap ratio: 1.006362 ± 0.000120
Final AFQMC/pt2CCSD energy: -2834.436188 ± 0.000439
Total run time: 6398.88

AFQMC Sampling Finished

