#INFO: **** input file is /work/hdd/bdka/yzhang65/w4_17/w4-17_all/afqmc_input/batch9/run_afqmc.py ****
import os
import sys
import re
#sys.path.insert(0, os.path.join(os.path.dirname(os.path.abspath(__file__)), '..', 'script'))
sys.path.insert(0, '/u/yzhang65/mywork/yzhang65/w4_17/w4-17_all/script')

os.environ.setdefault("XLA_PYTHON_CLIENT_ALLOCATOR", "platform")
import jax
jax.config.update("jax_enable_x64", True)

from pyscf import gto, scf, cc
from afqmc import integral, launch_afqmc
from mol_select import get_xyz_files
import truncate_basis

# ---------------------------------------------------------------------------
# Configuration
# ---------------------------------------------------------------------------
shell            = "closed"  # "closed" or "open"
symmetry         = False
select_molecules = [
    "benzene", "beta-lactim", "bf", "bf3", "bh", "bh3", "bhf2", "bn", "borole",
    "c2cl6", "c2clh", "c2clh3", "c2clh5", "c2f4", "c2f6", "c2h2", "c2h3f",
    "c2h4", "c2h5f", "c2h6", "ccl2", "ccl2h2", "ccl2o", "ccl3h", "c-hcoh",
    "clf5", "clno", "cloocl", "co", "co2", "cs", "cs2", "cyclobutadiene",
    "cyclobutane", "cyclobutene", "cyclopentadiene", "cyclopropane", "cyclopropene",
    "dioxetan2one", "dioxetane", "dioxirane", "dithiotane", "ethanol", "h2",
    "h2co", "h2o", "h2s", "hccf", "hcl", "hclo4", "hcn", "hcno", "n2", "n2h4",
    "n2o", "n-butane", "n-pentane", "s2o", "s3", "s4-c2v", "sf6", "si2h6",
    "sif4", "sih3f", "sih4", "silole", "sio", "so2", "so3", "t-butadiene",
    "tetrahedrane", "t-hcoh", "thiophene", "t-hono", "t-n2h2", "trans-c2f2cl2",
    "formic-anhydride", "glyoxal", "propyne", "pyrrole",
]
index            = None          # e.g. "1-10", "5", "1,3,5-8", or None for all
basis            = "vtzfp"

xyz_dir      = f"../../w4_17_xyz/{shell}_shell"
results_file = f"./{shell}_afqmc_{basis}.dat"
out_dir      = f"../../result/molout/{shell}_shell/tz"
os.makedirs(out_dir, exist_ok=True)

xyz_files = get_xyz_files(xyz_dir, select_molecules=select_molecules, index=index)

# ---------------------------------------------------------------------------
# Write results header
# ---------------------------------------------------------------------------
with open(results_file, "w") as out:
    out.write(f"{'Molecule':<16s} {'E_HF (Eh)':>20s} {'E_CCSD (Eh)':>20s} "
              f"{'E_AFQMC (Eh)':>15s} {'E_AFQMC ERR (Eh)':>15s}\n")

# ---------------------------------------------------------------------------
# Helper
# ---------------------------------------------------------------------------
_afqmc_energy_re = re.compile(
    r"Final AFQMC/pt2CCSD energy:\s*([-+]?\d*\.?\d+(?:[eE][-+]?\d+)?)"
    r"\s*(?:±|\+/-)\s*([-+]?\d*\.?\d+(?:[eE][-+]?\d+)?)"
)

def extract_afqmc_energy(filename):
    try:
        with open(filename, encoding="utf-8") as f:
            for line in f:
                m = _afqmc_energy_re.search(line)
                if m:
                    return float(m.group(1)), float(m.group(2))
    except (OSError, IOError):
        pass
    return 0, 0

# ---------------------------------------------------------------------------
# Main loop
# ---------------------------------------------------------------------------
for xyz_path in xyz_files:
    
    qmc_walker       = "uhf" # Default. Fall to rhf if the mf is RHF
    qmc_trial        = "upt2ccsd"

    with open(xyz_path) as f:
        lines = f.readlines()

    second_line = lines[1]
    charge   = int(second_line.split("charge=")[1].split()[0])
    spin     = int(second_line.split("mult=")[1].split()[0]) - 1
    mol_name = second_line.split()[0]
    atoms    = "".join(lines[2:])

    print(f"\n{'='*60}\nRunning: {mol_name}  charge={charge}  spin={spin}\n{'='*60}")

    mol = gto.M(
        atom=atoms,
        basis=truncate_basis.get_basis(atoms, basis),
        verbose=4,
        output=os.path.join(out_dir, f"{mol_name}_{basis}.out"),
        unit="angstrom",
        symmetry=symmetry,
        charge=charge,
        spin=spin,
        max_memory=140000,
    )

    mf = scf.UHF(mol)
    mf.max_cycle = 200
    mf = mf.newton()
    mf.kernel()

    if mol_name == "h":
        with open(results_file, "a") as out:
            out.write(f"{mol_name:<16s} {mf.e_tot:>20.10f} {mf.e_tot:>20.10f} "
                      f"{mf.e_tot:>15.5f} {0.0:>15.5f}\n")
        continue

    stable = False
    for _ in range(10):
        mo_i, _, stable, _ = mf.stability(return_status=True)
        if stable:
            break
        dm = mf.make_rdm1(mo_i, mf.mo_occ)
        mf.kernel(dm0=dm)

    ss, s = mf.spin_square()
    tol = 1e-6
    if abs(ss) < tol and abs(s - 1.0) < tol:
        print("Not a UHF solution. Convert to RHF")
        
        qmc_walker = "rhf"
        qmc_trial = "pt2ccsd"

        mf = mf.to_rhf()
        mf.kernel()
        stable = False
        for _ in range(10):
            mo_i, _, stable, _ = mf.stability(return_status=True)
            if stable:
                break
            dm = mf.make_rdm1(mo_i, mf.mo_occ)
            mf.kernel(dm0=dm)

    if not stable or not mf.converged:
        print(f"  !! SCF did not converge for {mol_name} — skipping.")
        with open(results_file, "a") as out:
            out.write(f"{mol_name:<16s} {'UNCONVERGED':>20s} {'UNCONVERGED':>20s} {'UNCONVERGED':>20s}\n")
        continue

    mycc = cc.CCSD(mf)
    mycc.set_frozen()
    mycc.kernel()

    integral.prep_integral(mycc, chol_cut=1e-5)
    options = {
        'eql_time':      50,
        'n_blocks':      1000,
        'n_walkers':     300,
        'max_error':     0.0,
        'seed':          17,
        'walker_type':   qmc_walker,
        'trial':         qmc_trial,
        'mix_precision': True,
        'max_memory':    25000, #MB
    }
    launch_afqmc.ph_afqmc(options)

    afqmc_out = os.path.join(out_dir, f"{mol_name}_afqmc_{basis}.out")
    os.system(f"mv afqmc.out {afqmc_out}")
    eqmc, eqmc_err = extract_afqmc_energy(afqmc_out)

    with open(results_file, "a") as out:
        out.write(f"{mol_name:<16s} {mf.e_tot:>20.10f} {mycc.e_tot:>20.10f} "
                  f"{eqmc:>15.5f} {eqmc_err:>15.5f}\n")

    print(f"  => E_HF({mol_name})      = {mf.e_tot:.10f} Eh")
    print(f"  => E_CCSD({mol_name})    = {mycc.e_tot:.10f} Eh")
    print(f"  => E_AFQMC({mol_name})   = {eqmc:.5f} +/- {eqmc_err:.5f} Eh")

print(f"\nAll calculations complete. Results saved to {results_file}")
#INFO: ******************** input file end ********************


System: uname_result(system='Linux', node='gpue02.delta.ncsa.illinois.edu', release='5.14.0-427.91.1.el9_4.x86_64', version='#1 SMP PREEMPT_DYNAMIC Wed Sep 17 10:08:59 EDT 2025', machine='x86_64')  Threads 12
Python 3.11.14 (main, Oct 21 2025, 18:31:21) [GCC 11.2.0]
numpy 2.3.5  scipy 1.16.3  h5py 3.15.1
Date: Thu May 28 08:42:13 2026
PySCF version 2.11.0
PySCF path  /u/yzhang65/myprojects/software/pyscf
GIT HEAD (branch master) f520f5381c0b41f716d847009817cbc64e52c0d5

[ENV] PYSCF_TMPDIR /projects/bdka/yzhang65/scratch/pyscf
[ENV] PYSCF_EXT_PATH /u/yzhang65/myprojects/software/pyscf-forge
[CONFIG] conf_file None
[INPUT] verbose = 4
[INPUT] num. atoms = 6
[INPUT] num. electrons = 32
[INPUT] charge = 0
[INPUT] spin (= nelec alpha-beta = 2S) = 0
[INPUT] symmetry False subgroup None
[INPUT] Mole.unit = angstrom
[INPUT] Symbol           X                Y                Z      unit          X                Y                Z       unit  Magmom
[INPUT]  1 C      0.000000000000   0.296629197900  -1.728619075100 AA    0.000000000000   0.560547944580  -3.266616625638 Bohr   0.0
[INPUT]  2 C      0.000000000000  -0.508501803900  -0.670430855100 AA    0.000000000000  -0.960929143218  -1.266930701597 Bohr   0.0
[INPUT]  3 H      0.000000000000   1.372512297400  -1.626197989300 AA    0.000000000000   2.593672344684  -3.073068824095 Bohr   0.0
[INPUT]  4 H      0.000000000000  -0.133966358600  -2.720400972100 AA    0.000000000000  -0.253159727659  -5.140812786270 Bohr   0.0
[INPUT]  5 H      0.000000000000  -1.586514483900  -0.734593582800 AA    0.000000000000  -2.998077867227  -1.388180684355 Bohr   0.0
[INPUT]  6 Cl     0.000000000000   0.081672447600   0.957225789800 AA    0.000000000000   0.154338557887   1.808894582092 Bohr   0.0

nuclear repulsion = 88.8831695572287
number of shells = 42
number of NR pGTOs = 176
number of NR cGTOs = 121
basis = {'Cl': [[0, [456100.0, 4.9297e-05, -1.38304e-05, 4.18546e-06], [68330.0, 0.000383029, -0.000107279, 3.24395e-05], [15550.0, 0.00200854, -0.000565083, 0.000171105], [4405.0, 0.00838558, -0.00236135, 0.000714176], [1439.0, 0.0294703, -0.00845886, 0.00256705], [520.4, 0.0878325, -0.0259638, 0.00788552], [203.1, 0.211473, -0.0686362, 0.0210867], [83.96, 0.365364, -0.141874, 0.0442264], [36.2, 0.340884, -0.199319, 0.065167], [15.83, 0.102133, -0.0195662, 0.00603012], [6.334, 0.00311675, 0.499741, -0.206495], [2.694, 0.00105751, 0.563736, -0.405871], [0.4313, 0.000156136, -0.00835091, 0.725661]], [0, [0.9768, 1.0]], [0, [0.1625, 1.0]], [1, [663.3, 0.00240448, -0.000652145], [156.8, 0.0192148, -0.00519445], [49.98, 0.0885097, -0.0246938], [18.42, 0.25602, -0.0728167], [7.24, 0.436927, -0.13403], [2.922, 0.350334, -0.0947742], [0.3818, -0.00458423, 0.564667]], [1, [1.022, 1.0]], [1, [0.1301, 1.0]], [2, [1.046, 1.0]], [2, [0.344, 1.0]], [3, [0.706, 1.0]]], 'H': [[0, [33.87, 0.006068], [5.095, 0.045308], [1.159, 0.202822]], [0, [0.3258, 1.0]], [0, [0.1027, 1.0]], [1, [1.407, 1.0]], [1, [0.388, 1.0]]], 'C': [[0, [8236.0, 0.000531, -0.000113], [1235.0, 0.004108, -0.000878], [280.8, 0.021087, -0.00454], [79.27, 0.081853, -0.018133], [25.59, 0.234817, -0.05576], [8.997, 0.434401, -0.126895], [3.319, 0.346129, -0.170352], [0.3643, -0.008983, 0.598684]], [0, [0.9059, 1.0]], [0, [0.1285, 1.0]], [1, [18.71, 0.014031], [4.133, 0.086866], [1.2, 0.290216]], [1, [0.3827, 1.0]], [1, [0.1209, 1.0]], [2, [1.097, 1.0]], [2, [0.318, 1.0]], [3, [0.761, 1.0]]]}
ecp = {}
CPU time:      9046.88




******** <class 'pyscf.soscf.newton_ah.SecondOrderUHF'> ********
method = SecondOrderUHF
initial guess = minao
damping factor = 0
level_shift factor = 0
DIIS = <class 'pyscf.scf.diis.CDIIS'>
diis_start_cycle = 1
diis_space = 8
diis_damp = 0
SCF conv_tol = 1e-09
SCF conv_tol_grad = None
SCF max_cycles = 200
direct_scf = True
direct_scf_tol = 1e-13
chkfile to save SCF result = /projects/bdka/yzhang65/scratch/pyscf/tmp0_u6y7ms
max_memory 140000 MB (current use 3913 MB)
number electrons alpha = 16  beta = 16
******** <class 'pyscf.scf.uhf.UHF'> Newton solver flags ********
SCF tol = 1e-09
conv_tol_grad = None
max. SCF cycles = 200
direct_scf = True
direct_scf_tol = 1e-13
chkfile to save SCF result = /projects/bdka/yzhang65/scratch/pyscf/tmp0_u6y7ms
max_cycle_inner = 12
max_stepsize = 0.05
ah_start_tol = 1e+09
ah_level_shift = 0
ah_conv_tol = 1e-12
ah_lindep = 1e-14
ah_start_cycle = 1
ah_max_cycle = 40
ah_grad_trust_region = 2.5
kf_interval = 4
kf_trust_region = 5
canonicalization = True
max_memory 140000 MB (current use 3913 MB)
Set conv_tol_grad to 3.16228e-05
  alpha nocc = 16  HOMO = -0.251465813310204  LUMO = 0.0626477525032271
  beta  nocc = 16  HOMO = -0.248026003598623  LUMO = 0.0639478053405733
Initial guess E= -536.947803330406  |g|= 0.279323
macro= 0  E= -537.000589849746  delta_E= -0.0527865  |g|= 0.0251161  3 KF 9 JK
macro= 1  E= -537.000594809881  delta_E= -4.96013e-06  |g|= 1.65137e-05  3 KF 10 JK
macro= 2  E= -537.000594809881  delta_E= -4.54747e-13  |g|= 1.26084e-05  1 KF 2 JK
Canonicalize SCF orbitals
macro X = 3  E=-537.000594809881  |g|= 1.26084e-05  total 8 KF 25 JK
converged SCF energy = -537.000594809881  <S^2> = 3.7518081e-05  2S+1 = 1.000075
uhf_internal: lowest eigs of H = [-0.00237005  0.42816059  0.47127329]
<class 'pyscf.soscf.newton_ah.SecondOrderUHF'> wavefunction has an internal instability




******** <class 'pyscf.soscf.newton_ah.SecondOrderUHF'> ********
method = SecondOrderUHF
initial guess = minao
damping factor = 0
level_shift factor = 0
DIIS = <class 'pyscf.scf.diis.CDIIS'>
diis_start_cycle = 1
diis_space = 8
diis_damp = 0
SCF conv_tol = 1e-09
SCF conv_tol_grad = None
SCF max_cycles = 200
direct_scf = True
direct_scf_tol = 1e-13
chkfile to save SCF result = /projects/bdka/yzhang65/scratch/pyscf/tmp0_u6y7ms
max_memory 140000 MB (current use 4136 MB)
number electrons alpha = 16  beta = 16
******** <class 'pyscf.scf.uhf.UHF'> Newton solver flags ********
SCF tol = 1e-09
conv_tol_grad = None
max. SCF cycles = 200
direct_scf = True
direct_scf_tol = 1e-13
chkfile to save SCF result = /projects/bdka/yzhang65/scratch/pyscf/tmp0_u6y7ms
max_cycle_inner = 12
max_stepsize = 0.05
ah_start_tol = 1e+09
ah_level_shift = 0
ah_conv_tol = 1e-12
ah_lindep = 1e-14
ah_start_cycle = 1
ah_max_cycle = 40
ah_grad_trust_region = 2.5
kf_interval = 4
kf_trust_region = 5
canonicalization = True
max_memory 140000 MB (current use 4136 MB)
Set conv_tol_grad to 3.16228e-05
  alpha nocc = 16  HOMO = -0.423198136608283  LUMO = 0.153422030926164
  beta  nocc = 16  HOMO = -0.389617516724022  LUMO = 0.152788324506983
Initial guess E= -536.967223734683  |g|= 0.08818
macro= 0  E= -536.993930854057  delta_E= -0.0267071  |g|= 0.08818  2 KF 6 JK
macro= 1  E= -537.00002347734  delta_E= -0.00609262  |g|= 0.00896253  3 KF 9 JK
macro= 2  E= -537.00054675852  delta_E= -0.000523281  |g|= 0.00203604  3 KF 11 JK
macro= 3  E= -537.000590046744  delta_E= -4.32882e-05  |g|= 0.00104723  2 KF 9 JK
macro= 4  E= -537.000591491653  delta_E= -1.44491e-06  |g|= 0.000443534  1 KF 5 JK
macro= 5  E= -537.000597894375  delta_E= -6.40272e-06  |g|= 4.53009e-05  3 KF 12 JK
macro= 6  E= -537.000597898154  delta_E= -3.7785e-09  |g|= 2.80563e-05  1 KF 5 JK
macro= 7  E= -537.000597948334  delta_E= -5.01797e-08  |g|= 5.88281e-05  1 KF 6 JK
macro= 8  E= -537.000597948336  delta_E= -2.6148e-12  |g|= 9.03312e-06  1 KF 2 JK
Canonicalize SCF orbitals
macro X = 9  E=-537.000597948336  |g|= 9.03312e-06  total 18 KF 75 JK
converged SCF energy = -537.000597948336  <S^2> = 0.010614475  2S+1 = 1.0210083
uhf_internal: lowest eigs of H = [0.0048561  0.4280701  0.47128722]
<class 'pyscf.soscf.newton_ah.SecondOrderUHF'> wavefunction is stable in the internal stability analysis

******** <class 'pyscf.cc.uccsd.UCCSD'> ********
CC2 = 0
CCSD nocc = (np.int64(9), np.int64(9)), nmo = (114, 114)
frozen orbitals 7
max_cycle = 50
direct = 0
conv_tol = 1e-07
conv_tol_normt = 1e-06
diis_space = 6
diis_start_cycle = 0
diis_start_energy_diff = 1e+09
max_memory 140000 MB (current use 4022 MB)
Init t2, MP2 energy = -0.5105705202182
Init E_corr(UCCSD) = -0.510570520251551
cycle = 1  E_corr(UCCSD) = -0.528002903570114  dE = -0.0174323833  norm(t1,t2) = 0.0796367
cycle = 2  E_corr(UCCSD) = -0.540798711045941  dE = -0.0127958075  norm(t1,t2) = 0.0261468
cycle = 3  E_corr(UCCSD) = -0.54240616420701  dE = -0.00160745316  norm(t1,t2) = 0.0138901
cycle = 4  E_corr(UCCSD) = -0.544391763525648  dE = -0.00198559932  norm(t1,t2) = 0.00744235
cycle = 5  E_corr(UCCSD) = -0.544358255241001  dE = 3.35082846e-05  norm(t1,t2) = 0.00365666
cycle = 6  E_corr(UCCSD) = -0.544177683559558  dE = 0.000180571681  norm(t1,t2) = 0.00182742
cycle = 7  E_corr(UCCSD) = -0.544262898329933  dE = -8.52147704e-05  norm(t1,t2) = 0.000763616
cycle = 8  E_corr(UCCSD) = -0.544276609837481  dE = -1.37115075e-05  norm(t1,t2) = 0.000182964
cycle = 9  E_corr(UCCSD) = -0.544270135312822  dE = 6.47452466e-06  norm(t1,t2) = 5.78452e-05
cycle = 10  E_corr(UCCSD) = -0.544269978280819  dE = 1.57032003e-07  norm(t1,t2) = 2.27086e-05
cycle = 11  E_corr(UCCSD) = -0.544269525605559  dE = 4.5267526e-07  norm(t1,t2) = 8.08783e-06
cycle = 12  E_corr(UCCSD) = -0.544269602087193  dE = -7.64816339e-08  norm(t1,t2) = 3.76092e-06
cycle = 13  E_corr(UCCSD) = -0.544269600427191  dE = 1.66000269e-09  norm(t1,t2) = 1.43184e-06
cycle = 14  E_corr(UCCSD) = -0.54426956329071  dE = 3.71364804e-08  norm(t1,t2) = 7.21357e-07
UCCSD converged
E(UCCSD) = -537.544867511627  E_corr = -0.5442695632907101
