
    ________                     _____                    
    ___  __ \___  __________________(_)_____________ _    
    __  /_/ /  / / /_  __ \_  __ \_  /__  __ \_  __ `/    
    _  _, _// /_/ /_  / / /  / / /  / _  / / /  /_/ /     
    /_/ |_| \__,_/ /_/ /_//_/ /_//_/  /_/ /_/_\__, /      
                                             /____/       
    _____________________________  ___________            
    ___    |__  ____/_  __ \__   |/  /_  ____/            
    __  /| |_  /_   _  / / /_  /|_/ /_  /                 
    _  ___ |  __/   / /_/ /_  /  / / / /___               
    /_/  |_/_/      \___\_\/_/  /_/  \____/               

Hostname:     gpue02.delta.ncsa.illinois.edu
System:       Linux
Node:         gpue02.delta.ncsa.illinois.edu
Release:      5.14.0-427.91.1.el9_4.x86_64
Machine:      x86_64
Processor:    x86_64
JAX backend:  GPU
JAX devices:  [CudaDevice(id=0)]
Device kind:  NVIDIA H200
Platform:     gpu

Load system from Integral File
Maximum memory per walker:            83.33 MB
Maximum number of Cholesky per chunk: 435
Number of Cholesky chunks:            2
Number of Cholesky per chunk:         322
Number of padding Cholesky:           1

QMC System
Number of electrons: (7, 7)
Spin Multiplicity:   0
Number of orbitals:  112
Number of Chol:      643

QMC Parameters
eql_time            :                   50
n_blocks            :                 1000
n_walkers           :                  300
max_error           :                  0.0
seed                :                   17
walker_type         :                  rhf
trial               :              pt2ccsd
mix_precision       :                 True
max_memory          :                25000
dt                  :                0.005
n_exp_terms         :                    6
n_prop_steps        :                   50
save_walkers        :                False
free_projection     :                False
n_batch             :                    1
nchol_chunk         :                  322

Initalize QMC walkers by stochastic CCSD

Equilibration
inv_T        weight  killW        energy   runTime
 0.00    300.000000      0    -79.652143     36.13
 5.00    298.746227      0    -79.661218     42.13
10.00    298.694789      0    -79.668473     43.28
15.00    298.403857      0    -79.644461     44.43
20.00    299.377250      0    -79.668137     45.62
25.00    299.324682      0    -79.672611     46.77
30.00    299.443066      0    -79.699771     47.92
35.00    298.751126      0    -79.658442     49.07
40.00    298.787420      0    -79.692315     50.23
45.00    298.888318      0    -79.647972     51.38
50.00    298.937062      0    -79.668078     52.53

Sampling
blocks        weight  killW       E_Guide     error       E_Trial     error     olp_T/G     error  Walltime
    20    299.011310      0    -79.669477  0.005050    -79.666316  0.000496    1.001185  0.000256  138.94
    40    298.999902      0    -79.669199  0.002978    -79.666631  0.000377    1.001197  0.000138  163.92
    60    298.988823      0    -79.670173  0.002260    -79.666893  0.000301    1.001168  0.000097  189.88
    80    298.980995      0    -79.669393  0.001804    -79.666770  0.000266    1.001100  0.000085  215.78
   100    298.956458      0    -79.668536  0.001559    -79.667209  0.000367    1.001006  0.000094  241.73
   120    298.957192      0    -79.668358  0.001462    -79.667175  0.000318    1.000956  0.000085  267.66
   140    298.954225      0    -79.669212  0.001407    -79.667217  0.000291    1.000942  0.000074  293.62
   160    298.941634      0    -79.668980  0.001293    -79.667181  0.000268    1.000926  0.000068  319.53
   180    298.950271      0    -79.669065  0.001183    -79.667118  0.000246    1.000913  0.000063  345.44
   200    298.937443      0    -79.668532  0.001152    -79.667036  0.000229    1.000922  0.000057  371.37
   220    298.922690      0    -79.668323  0.001053    -79.666936  0.000213    1.000899  0.000055  397.30
   240    298.909683      0    -79.668480  0.001035    -79.666987  0.000205    1.000890  0.000050  423.23
   260    298.892169      0    -79.668076  0.000977    -79.666915  0.000194    1.000876  0.000047  449.21
   280    298.881510      0    -79.667738  0.000922    -79.666812  0.000184    1.000877  0.000044  475.13
   300    298.873698      0    -79.668047  0.000903    -79.666891  0.000176    1.000886  0.000042  501.07
   320    298.865390      0    -79.667881  0.000880    -79.666899  0.000169    1.000886  0.000040  526.99
   340    298.860892      0    -79.668088  0.000907    -79.666892  0.000163    1.000898  0.000039  552.95
   360    298.856416      0    -79.668345  0.000919    -79.666976  0.000160    1.000886  0.000038  578.88
   380    298.856195      0    -79.668256  0.000891    -79.666952  0.000155    1.000894  0.000036  605.74
   400    298.853553      0    -79.668219  0.000856    -79.666905  0.000150    1.000893  0.000035  631.47
   420    298.853838      0    -79.668435  0.000857    -79.666903  0.000145    1.000902  0.000034  657.43
   440    298.855491      0    -79.668326  0.000836    -79.666913  0.000141    1.000893  0.000034  683.36
   460    298.842049      0    -79.668040  0.000930    -79.666873  0.000137    1.000889  0.000035  709.31
   480    298.838447      0    -79.667840  0.000902    -79.666849  0.000132    1.000875  0.000034  735.25
   500    298.843250      0    -79.668117  0.000888    -79.666904  0.000131    1.000872  0.000033  761.16
   520    298.844706      0    -79.668188  0.000862    -79.666924  0.000128    1.000872  0.000032  787.12
   540    298.838076      0    -79.668152  0.000836    -79.666903  0.000125    1.000858  0.000033  813.03
   560    298.835429      0    -79.668102  0.000813    -79.666890  0.000122    1.000855  0.000034  838.98
   580    298.834318      0    -79.668032  0.000790    -79.666871  0.000119    1.000856  0.000033  864.92
   600    298.833347      0    -79.667831  0.000792    -79.666840  0.000117    1.000858  0.000034  890.86
   620    298.832990      0    -79.667753  0.000772    -79.666813  0.000114    1.000864  0.000032  916.80
   640    298.836609      0    -79.668215  0.000803    -79.666843  0.000114    1.000860  0.000032  942.71
   660    298.835833      0    -79.668270  0.000791    -79.666820  0.000111    1.000860  0.000030  968.65
   680    298.833891      0    -79.668494  0.000793    -79.666884  0.000118    1.000866  0.000030  994.57
   700    298.833839      0    -79.668614  0.000798    -79.666861  0.000115    1.000864  0.000029 1020.51
   720    298.831885      0    -79.668634  0.000765    -79.666858  0.000112    1.000866  0.000029 1046.44
   740    298.830971      0    -79.668670  0.000760    -79.666859  0.000110    1.000868  0.000028 1072.42
   760    298.834440      0    -79.668803  0.000768    -79.666875  0.000108    1.000868  0.000028 1098.33
   780    298.833647      0    -79.668781  0.000759    -79.666867  0.000106    1.000881  0.000030 1124.25
   800    298.834211      0    -79.668628  0.000748    -79.666865  0.000105    1.000887  0.000030 1150.18
   820    298.834843      0    -79.668864  0.000753    -79.666889  0.000104    1.000883  0.000030 1176.10
   840    298.830932      0    -79.668656  0.000749    -79.666866  0.000102    1.000890  0.000030 1202.29
   860    298.831037      0    -79.668616  0.000751    -79.666872  0.000101    1.000897  0.000030 1228.92
   880    298.829174      0    -79.668553  0.000729    -79.666857  0.000099    1.000895  0.000029 1254.73
   900    298.829465      0    -79.668709  0.000723    -79.666841  0.000097    1.000894  0.000029 1280.64
   920    298.828679      0    -79.668710  0.000718    -79.666846  0.000096    1.000891  0.000028 1306.59
   940    298.827645      0    -79.668720  0.000707    -79.666862  0.000095    1.000892  0.000028 1332.55
   960    298.827691      0    -79.668737  0.000727    -79.666869  0.000093    1.000893  0.000028 1361.21
   980    298.827849      0    -79.668727  0.000727    -79.666860  0.000092    1.000891  0.000028 1391.31
  1000    298.827268      0    -79.668607  0.000717    -79.666848  0.000091    1.000886  0.000027 1417.20

Post Propagation Process
Total number of samples 1000
Raw AFQMC/HF (Guide) energy:           -79.668607 ± 0.000717
Raw Trial/Guide overlap ratio:          1.000886 ± 0.000027
Raw AFQMC/pt2CCSD energy (covariance): -79.666848 ± 0.000091
Raw AFQMC/pt2CCSD energy (dir sample): -79.666848 ± 0.000076

Remove Outliers
removing energies outside zeta > 30
Outlier energy bound [-79.723590, -79.609399]
Removed 0 outliers with energies []
Clean AFQMC/pt2CCSD overlap ratio:        1.000886 ± 0.000027
Clean AFQMC/pt2CCSD energy (covariance): -79.666848 ± 0.000091
Clean AFQMC/ptCCSD energy (dir sample):  -79.666848 ± 0.000076

Blocking Analysis
nsample = 1000, max_block_size = 25, min_nblocks = 40
   B    NB    NS  Observable     Error    dError
   1  1000  1000    1.000886  0.000011  0.000000
   2   500  1000    1.000886  0.000014  0.000000
   3   333   999    1.000886  0.000016  0.000001
   4   250  1000    1.000886  0.000017  0.000001
   5   200  1000    1.000886  0.000019  0.000001
   6   166   996    1.000887  0.000020  0.000001
   7   142   994    1.000887  0.000021  0.000001
   8   125  1000    1.000886  0.000022  0.000001
   9   111   999    1.000886  0.000023  0.000002
  10   100  1000    1.000886  0.000024  0.000002
  11    90   990    1.000887  0.000024  0.000002
  12    83   996    1.000887  0.000023  0.000002
  13    76   988    1.000888  0.000025  0.000002
  14    71   994    1.000887  0.000025  0.000002
  15    66   990    1.000887  0.000025  0.000002
  16    62   992    1.000887  0.000026  0.000002
  17    58   986    1.000889  0.000027  0.000002
  18    55   990    1.000887  0.000026  0.000002
  19    52   988    1.000888  0.000027  0.000003
  20    50  1000    1.000886  0.000026  0.000003
  21    47   987    1.000888  0.000027  0.000003
  22    45   990    1.000887  0.000027  0.000003
  23    43   989    1.000887  0.000027  0.000003
  24    41   984    1.000890  0.000027  0.000003
  25    40  1000    1.000886  0.000027  0.000003
Fit (variance): plateau_var = 7.607e-10 ± 6.751e-11
Fit (error):    plateau = 0.000028 ± 0.000001
     autocorrelation length ~ 8.3 blocks
     plateau reached at block size ~ 38
     !!!Failed to reach plateau in blocking
     Return max block error
nclean = 1000, max_block_size = 25, min_nblocks = 40
Blk_SZ   NBlk   NSmp      Energy     Error    dError
     1   1000   1000  -79.666802  0.000076  0.000002
     2    500   1000  -79.666813  0.000087  0.000003
     3    333    999  -79.666819  0.000095  0.000004
     4    250   1000  -79.666824  0.000095  0.000004
     5    200   1000  -79.666826  0.000098  0.000005
     6    166    996  -79.666832  0.000102  0.000006
     7    142    994  -79.666830  0.000098  0.000006
     8    125   1000  -79.666834  0.000105  0.000007
     9    111    999  -79.666835  0.000105  0.000007
    10    100   1000  -79.666833  0.000110  0.000008
    11     90    990  -79.666841  0.000103  0.000008
    12     83    996  -79.666842  0.000104  0.000008
    13     76    988  -79.666844  0.000107  0.000009
    14     71    994  -79.666838  0.000109  0.000009
    15     66    990  -79.666844  0.000104  0.000009
    16     62    992  -79.666843  0.000117  0.000011
    17     58    986  -79.666849  0.000106  0.000010
    18     55    990  -79.666847  0.000102  0.000010
    19     52    988  -79.666849  0.000109  0.000011
    20     50   1000  -79.666842  0.000113  0.000011
    21     47    987  -79.666848  0.000102  0.000011
    22     45    990  -79.666849  0.000109  0.000012
    23     43    989  -79.666851  0.000103  0.000011
    24     41    984  -79.666852  0.000108  0.000012
    25     40   1000  -79.666841  0.000110  0.000012
Fit (variance): plateau_var = 1.125820e-08 ± 5.121141e-10
Fit (error):    plateau = 0.000106 ± 0.000002
     autocorrelation length ~ 2.7 blocks
     plateau reached at block size ~ 12
Final AFQMC/pt2CCSD overlap ratio: 1.000886 ± 0.000027
Final AFQMC/pt2CCSD energy: -79.666848 ± 0.000106
Total run time: 1450.18

AFQMC Sampling Finished

