
    ________                     _____                    
    ___  __ \___  __________________(_)_____________ _    
    __  /_/ /  / / /_  __ \_  __ \_  /__  __ \_  __ `/    
    _  _, _// /_/ /_  / / /  / / /  / _  / / /  /_/ /     
    /_/ |_| \__,_/ /_/ /_//_/ /_//_/  /_/ /_/_\__, /      
                                             /____/       
    _____________________________  ___________            
    ___    |__  ____/_  __ \__   |/  /_  ____/            
    __  /| |_  /_   _  / / /_  /|_/ /_  /                 
    _  ___ |  __/   / /_/ /_  /  / / / /___               
    /_/  |_/_/      \___\_\/_/  /_/  \____/               

Hostname:     gpua021.delta.ncsa.illinois.edu
System:       Linux
Node:         gpua021.delta.ncsa.illinois.edu
Release:      5.14.0-427.91.1.el9_4.x86_64
Machine:      x86_64
Processor:    x86_64
JAX backend:  GPU
JAX devices:  [CudaDevice(id=0)]
Device kind:  NVIDIA A100-SXM4-40GB
Platform:     gpu

Load system from Integral File
Maximum memory per walker:            66.67 MB
Maximum number of Cholesky per chunk: 302
Number of Cholesky chunks:            2
Number of Cholesky per chunk:         261
Number of padding Cholesky:           1

QMC System
Number of electrons: (7, 7)
Spin Multiplicity:   0
Number of orbitals:  85
Number of Chol:      521

QMC Parameters
eql_time            :                   50
n_blocks            :                 1000
n_walkers           :                  300
max_error           :                  0.0
seed                :                   17
walker_type         :                  uhf
trial               :             upt2ccsd
mix_precision       :                 True
max_memory          :                20000
dt                  :                0.005
n_exp_terms         :                    6
n_prop_steps        :                   50
save_walkers        :                False
free_projection     :                False
n_batch             :                    1
nchol_chunk         :                  261

Initalize QMC walkers by stochastic CCSD

Equilibration
inv_T        weight  killW        energy   runTime
 0.00    300.000000      0   -499.546667     11.97
 5.00    299.204576      0   -499.566235     22.29
10.00    299.474220      0   -499.559629     25.32
15.00    298.659791      0   -499.561017     29.12
20.00    298.789013      0   -499.563070     32.14
25.00    298.947339      0   -499.555267     35.16
30.00    299.646821      0   -499.577340     38.90
35.00    299.222867      0   -499.558937     41.91
40.00    298.976517      0   -499.560539     44.99
45.00    299.628660      0   -499.583189     48.84
50.00    298.459429      0   -499.541784     51.86

Sampling
blocks        weight  killW       E_Guide     error       E_Trial     error     olp_T/G     error  Walltime
    20    299.199123      0   -499.564332  0.003924   -499.562300  0.000525    1.000931  0.000155   87.99
    40    299.142683      0   -499.561500  0.003839   -499.562476  0.000439    1.000979  0.000092  119.32
    60    299.083997      0   -499.561607  0.003254   -499.562530  0.000429    1.001039  0.000092  150.70
    80    299.095177      0   -499.561293  0.002523   -499.562476  0.000350    1.001077  0.000073  182.79
   100    299.076690      0   -499.562669  0.002165   -499.562509  0.000300    1.001001  0.000077  214.19
   120    299.040128      0   -499.561294  0.001976   -499.562544  0.000264    1.001006  0.000072  245.60
   140    299.042485      0   -499.561433  0.001804   -499.562637  0.000260    1.000966  0.000070  277.66
   160    299.033457      0   -499.562150  0.001658   -499.562527  0.000256    1.000960  0.000076  309.07
   180    299.035918      0   -499.562943  0.001616   -499.562622  0.000240    1.000980  0.000068  340.47
   200    299.043729      0   -499.562949  0.001431   -499.562636  0.000220    1.001007  0.000063  372.55
   220    299.043859      0   -499.563475  0.001337   -499.562766  0.000208    1.000963  0.000065  403.94
   240    299.042876      0   -499.564286  0.001476   -499.562912  0.000223    1.000951  0.000064  435.33
   260    299.035272      0   -499.564059  0.001404   -499.562910  0.000213    1.000945  0.000059  467.41
   280    299.031335      0   -499.564271  0.001301   -499.562991  0.000203    1.000964  0.000057  498.80
   300    299.025950      0   -499.564088  0.001260   -499.562922  0.000195    1.000975  0.000054  530.20
   320    299.023471      0   -499.564054  0.001170   -499.562929  0.000184    1.000965  0.000053  562.28
   340    299.018916      0   -499.564024  0.001143   -499.562884  0.000176    1.000980  0.000051  593.69
   360    299.022319      0   -499.564388  0.001172   -499.562974  0.000186    1.000984  0.000048  625.11
   380    299.025225      0   -499.564830  0.001144   -499.562990  0.000179    1.001008  0.000049  657.19
   400    299.024757      0   -499.565019  0.001123   -499.562982  0.000173    1.000997  0.000047  688.57
   420    299.019750      0   -499.565103  0.001085   -499.562979  0.000166    1.000999  0.000045  719.97
   440    299.016151      0   -499.565196  0.001103   -499.562926  0.000161    1.001001  0.000044  752.06
   460    299.012151      0   -499.565116  0.001079   -499.562906  0.000156    1.000991  0.000042  783.45
   480    299.010599      0   -499.565345  0.001038   -499.562934  0.000152    1.000979  0.000045  814.86
   500    299.004575      0   -499.565062  0.001035   -499.562898  0.000147    1.000978  0.000044  846.94
   520    298.994918      0   -499.564666  0.001064   -499.562834  0.000143    1.000981  0.000043  878.32
   540    298.991976      0   -499.564774  0.001028   -499.562848  0.000140    1.000986  0.000042  909.73
   560    298.985636      1   -499.564457  0.001010   -499.562825  0.000137    1.000994  0.000041  941.83
   580    298.976336      1   -499.564251  0.001025   -499.562788  0.000134    1.000993  0.000040  973.21
   600    298.974098      1   -499.564083  0.000991   -499.562804  0.000134    1.000987  0.000039 1004.63
   620    298.974669      1   -499.564067  0.000959   -499.562774  0.000130    1.000990  0.000038 1036.70
   640    298.966796      1   -499.563751  0.000966   -499.562778  0.000128    1.000988  0.000038 1068.08
   660    298.967289      1   -499.563873  0.000947   -499.562790  0.000125    1.000989  0.000037 1099.47
   680    298.967094      1   -499.564049  0.000927   -499.562800  0.000123    1.000986  0.000036 1131.57
   700    298.963990      1   -499.564037  0.000930   -499.562801  0.000121    1.000985  0.000036 1162.96
   720    298.963073      1   -499.564036  0.000892   -499.562824  0.000118    1.000977  0.000036 1194.38
   740    298.964148      1   -499.564228  0.000894   -499.562838  0.000117    1.000968  0.000036 1226.44
   760    298.961012      1   -499.564188  0.000877   -499.562853  0.000115    1.000967  0.000035 1257.86
   780    298.957906      1   -499.564288  0.000872   -499.562878  0.000114    1.000969  0.000034 1289.24
   800    298.955298      1   -499.564134  0.000847   -499.562868  0.000112    1.000965  0.000033 1321.33
   820    298.955075      1   -499.564055  0.000834   -499.562833  0.000111    1.000970  0.000033 1352.71
   840    298.954645      1   -499.564036  0.000845   -499.562830  0.000109    1.000959  0.000036 1384.11
   860    298.954888      1   -499.563982  0.000845   -499.562834  0.000107    1.000956  0.000036 1416.21
   880    298.951241      1   -499.563701  0.000871   -499.562827  0.000106    1.000957  0.000035 1447.63
   900    298.952401      2   -499.563887  0.000871   -499.562819  0.000104    1.000954  0.000034 1479.01
   920    298.954869      2   -499.564101  0.000874   -499.562818  0.000102    1.000963  0.000033 1511.08
   940    298.951957      2   -499.564019  0.000873   -499.562816  0.000101    1.000966  0.000034 1542.47
   960    298.951609      2   -499.564039  0.000862   -499.562807  0.000100    1.000970  0.000033 1573.86
   980    298.948496      2   -499.563896  0.000844   -499.562802  0.000099    1.000975  0.000033 1605.93
  1000    298.949742      2   -499.563955  0.000826   -499.562787  0.000100    1.000974  0.000033 1637.32

Post Propagation Process
Total number of samples 1000
Raw AFQMC/HF (Guide) energy:           -499.563955 ± 0.000826
Raw Trial/Guide overlap ratio:          1.000974 ± 0.000033
Raw AFQMC/pt2CCSD energy (covariance): -499.562787 ± 0.000100
Raw AFQMC/pt2CCSD energy (dir sample): -499.562787 ± 0.000083

Remove Outliers
removing energies outside zeta > 30
Outlier energy bound [-499.625434, -499.499401]
Removed 0 outliers with energies []
Clean AFQMC/pt2CCSD overlap ratio:        1.000974 ± 0.000033
Clean AFQMC/pt2CCSD energy (covariance): -499.562787 ± 0.000100
Clean AFQMC/ptCCSD energy (dir sample):  -499.562787 ± 0.000083

Blocking Analysis
nsample = 1000, max_block_size = 25, min_nblocks = 40
   B    NB    NS  Observable     Error    dError
   1  1000  1000    1.000974  0.000012  0.000000
   2   500  1000    1.000974  0.000016  0.000000
   3   333   999    1.000975  0.000018  0.000001
   4   250  1000    1.000974  0.000020  0.000001
   5   200  1000    1.000974  0.000022  0.000001
   6   166   996    1.000975  0.000023  0.000001
   7   142   994    1.000975  0.000024  0.000001
   8   125  1000    1.000974  0.000025  0.000002
   9   111   999    1.000975  0.000026  0.000002
  10   100  1000    1.000974  0.000026  0.000002
  11    90   990    1.000976  0.000026  0.000002
  12    83   996    1.000975  0.000028  0.000002
  13    76   988    1.000976  0.000028  0.000002
  14    71   994    1.000975  0.000028  0.000002
  15    66   990    1.000976  0.000028  0.000002
  16    62   992    1.000975  0.000029  0.000003
  17    58   986    1.000976  0.000029  0.000003
  18    55   990    1.000976  0.000031  0.000003
  19    52   988    1.000976  0.000030  0.000003
  20    50  1000    1.000974  0.000029  0.000003
  21    47   987    1.000976  0.000033  0.000003
  22    45   990    1.000976  0.000029  0.000003
  23    43   989    1.000976  0.000029  0.000003
  24    41   984    1.000976  0.000029  0.000003
  25    40  1000    1.000974  0.000033  0.000004
Fit (variance): plateau_var = 9.318e-10 ± 7.434e-11
Fit (error):    plateau = 0.000031 ± 0.000001
     autocorrelation length ~ 7.3 blocks
     plateau reached at block size ~ 34
     !!!Failed to reach plateau in blocking
     Return max block error
nclean = 1000, max_block_size = 25, min_nblocks = 40
Blk_SZ   NBlk   NSmp      Energy     Error    dError
     1   1000   1000  -499.562724  0.000083  0.000002
     2    500   1000  -499.562735  0.000095  0.000003
     3    333    999  -499.562745  0.000093  0.000004
     4    250   1000  -499.562749  0.000101  0.000005
     5    200   1000  -499.562754  0.000105  0.000005
     6    166    996  -499.562762  0.000102  0.000006
     7    142    994  -499.562771  0.000102  0.000006
     8    125   1000  -499.562760  0.000106  0.000007
     9    111    999  -499.562767  0.000102  0.000007
    10    100   1000  -499.562766  0.000105  0.000007
    11     90    990  -499.562781  0.000107  0.000008
    12     83    996  -499.562776  0.000100  0.000008
    13     76    988  -499.562787  0.000101  0.000008
    14     71    994  -499.562782  0.000115  0.000010
    15     66    990  -499.562788  0.000106  0.000009
    16     62    992  -499.562789  0.000109  0.000010
    17     58    986  -499.562776  0.000100  0.000009
    18     55    990  -499.562790  0.000104  0.000010
    19     52    988  -499.562791  0.000099  0.000010
    20     50   1000  -499.562775  0.000102  0.000010
    21     47    987  -499.562781  0.000110  0.000011
    22     45    990  -499.562790  0.000110  0.000012
    23     43    989  -499.562792  0.000109  0.000012
    24     41    984  -499.562785  0.000107  0.000012
    25     40   1000  -499.562777  0.000106  0.000012
Fit (variance): plateau_var = 1.093700e-08 ± 4.483452e-10
Fit (error):    plateau = 0.000105 ± 0.000002
     autocorrelation length ~ 2.1 blocks
     plateau reached at block size ~ 9
Final AFQMC/pt2CCSD overlap ratio: 1.000974 ± 0.000033
Final AFQMC/pt2CCSD energy: -499.562787 ± 0.000105
Total run time: 1646.63

AFQMC Sampling Finished

