
    ________                     _____                    
    ___  __ \___  __________________(_)_____________ _    
    __  /_/ /  / / /_  __ \_  __ \_  /__  __ \_  __ `/    
    _  _, _// /_/ /_  / / /  / / /  / _  / / /  /_/ /     
    /_/ |_| \__,_/ /_/ /_//_/ /_//_/  /_/ /_/_\__, /      
                                             /____/       
    _____________________________  ___________            
    ___    |__  ____/_  __ \__   |/  /_  ____/            
    __  /| |_  /_   _  / / /_  /|_/ /_  /                 
    _  ___ |  __/   / /_/ /_  /  / / / /___               
    /_/  |_/_/      \___\_\/_/  /_/  \____/               

Hostname:     gpua021.delta.ncsa.illinois.edu
System:       Linux
Node:         gpua021.delta.ncsa.illinois.edu
Release:      5.14.0-427.91.1.el9_4.x86_64
Machine:      x86_64
Processor:    x86_64
JAX backend:  GPU
JAX devices:  [CudaDevice(id=0)]
Device kind:  NVIDIA A100-SXM4-40GB
Platform:     gpu

Load system from Integral File
Maximum memory per walker:            66.67 MB
Maximum number of Cholesky per chunk: 288
Number of Cholesky chunks:            2
Number of Cholesky per chunk:         284
Number of padding Cholesky:           0

QMC System
Number of electrons: (9, 9)
Spin Multiplicity:   0
Number of orbitals:  87
Number of Chol:      568

QMC Parameters
eql_time            :                   50
n_blocks            :                 1000
n_walkers           :                  300
max_error           :                  0.0
seed                :                   17
walker_type         :                  uhf
trial               :             upt2ccsd
mix_precision       :                 True
max_memory          :                20000
dt                  :                0.005
n_exp_terms         :                    6
n_prop_steps        :                   50
save_walkers        :                False
free_projection     :                False
n_batch             :                    1
nchol_chunk         :                  284

Initalize QMC walkers by stochastic CCSD

Equilibration
inv_T        weight  killW        energy   runTime
 0.00    300.000000      0   -237.395247     12.61
 5.00    299.116012      0   -237.439629     22.80
10.00    299.903647      0   -237.418180     27.13
15.00    298.524957      0   -237.455591     30.66
20.00    300.013817      0   -237.445152     35.01
25.00    299.792322      0   -237.466078     38.55
30.00    299.103751      0   -237.385118     42.08
35.00    299.218616      0   -237.384327     46.43
40.00    299.911357      0   -237.428172     49.96
45.00    299.313773      0   -237.425508     54.32
50.00    299.829008      0   -237.507463     57.87

Sampling
blocks        weight  killW       E_Guide     error       E_Trial     error     olp_T/G     error  Walltime
    20    299.342120      1   -237.431393  0.007617   -237.422315  0.002046    1.034559  0.000949   97.41
    40    299.025976      3   -237.421872  0.007542   -237.421384  0.001296    1.035197  0.000788  131.37
    60    298.968403      3   -237.423748  0.005306   -237.419940  0.001043    1.036383  0.000975  165.80
    80    298.969574      3   -237.423080  0.006514   -237.420503  0.001277    1.036634  0.000956  199.83
   100    298.953047      5   -237.425148  0.005901   -237.420900  0.001106    1.037199  0.000844  233.82
   120    298.926275      5   -237.426401  0.005353   -237.420830  0.001175    1.037584  0.000751  267.81
   140    298.909341      5   -237.424743  0.004831   -237.420669  0.001027    1.037533  0.000660  301.78
   160    298.903570      6   -237.424133  0.004255   -237.420568  0.000915    1.037537  0.000594  335.78
   180    298.877436      6   -237.424431  0.003663   -237.420420  0.000825    1.037518  0.000542  369.79
   200    298.851572      6   -237.424893  0.003394   -237.420159  0.000755    1.037585  0.000498  403.77
   220    298.867684      6   -237.425648  0.003186   -237.420248  0.000706    1.037760  0.000472  437.81
   240    298.864299      7   -237.425544  0.002999   -237.420160  0.000658    1.037697  0.000437  471.78
   260    298.830942      7   -237.424557  0.002842   -237.420022  0.000614    1.037866  0.000416  505.78
   280    298.815344      8   -237.425108  0.002639   -237.420161  0.000585    1.037934  0.000386  539.81
   300    298.803480      8   -237.424819  0.002529   -237.420222  0.000559    1.038017  0.000370  573.75
   320    298.813998      8   -237.424997  0.002376   -237.420209  0.000532    1.037938  0.000352  607.75
   340    298.804726      8   -237.425008  0.002267   -237.420207  0.000510    1.037945  0.000334  641.75
   360    298.796020      9   -237.424537  0.002185   -237.420075  0.000487    1.037874  0.000329  675.72
   380    298.787185      9   -237.424516  0.002083   -237.419960  0.000469    1.037932  0.000320  709.72
   400    298.795093      9   -237.425089  0.002018   -237.420116  0.000452    1.037940  0.000305  743.73
   420    298.790855      9   -237.425842  0.001963   -237.420336  0.000447    1.037863  0.000299  777.81
   440    298.796324      9   -237.425984  0.001948   -237.420608  0.000468    1.037927  0.000289  811.79
   460    298.779121      9   -237.425414  0.001868   -237.420584  0.000451    1.037942  0.000277  845.80
   480    298.772087      9   -237.425424  0.001861   -237.420518  0.000438    1.037967  0.000279  879.81
   500    298.760684     10   -237.424952  0.001830   -237.420428  0.000424    1.038023  0.000272  913.79
   520    298.757627     10   -237.424920  0.001771   -237.420403  0.000412    1.038074  0.000271  947.83
   540    298.760887     10   -237.424842  0.001696   -237.420367  0.000400    1.038115  0.000262  981.83
   560    298.750010     10   -237.424868  0.001672   -237.420275  0.000391    1.038047  0.000259 1015.82
   580    298.744448     10   -237.424830  0.001614   -237.420303  0.000383    1.038057  0.000256 1049.85
   600    298.738622     10   -237.424783  0.001617   -237.420313  0.000379    1.038023  0.000248 1083.86
   620    298.739339     10   -237.424759  0.001580   -237.420290  0.000370    1.038104  0.000251 1117.83
   640    298.747617     11   -237.424833  0.001542   -237.420248  0.000361    1.038103  0.000244 1151.83
   660    298.748339     12   -237.425031  0.001475   -237.420239  0.000353    1.038054  0.000237 1185.80
   680    298.752895     12   -237.425038  0.001441   -237.420222  0.000345    1.038079  0.000242 1219.78
   700    298.757471     12   -237.424996  0.001412   -237.420193  0.000338    1.038100  0.000236 1253.77
   720    298.752559     12   -237.424910  0.001356   -237.420149  0.000332    1.038156  0.000238 1287.75
   740    298.750335     14   -237.424914  0.001329   -237.420159  0.000325    1.038145  0.000233 1321.75
   760    298.752914     14   -237.425011  0.001322   -237.420257  0.000343    1.038208  0.000229 1355.77
   780    298.750730     14   -237.425079  0.001306   -237.420247  0.000337    1.038165  0.000225 1389.76
   800    298.741924     15   -237.424753  0.001297   -237.420174  0.000330    1.038189  0.000217 1423.74
   820    298.742907     15   -237.424841  0.001297   -237.420159  0.000323    1.038200  0.000212 1457.75
   840    298.750446     15   -237.424992  0.001288   -237.420179  0.000318    1.038227  0.000208 1491.75
   860    298.752494     15   -237.425028  0.001262   -237.420174  0.000312    1.038201  0.000207 1525.74
   880    298.744455     16   -237.424632  0.001270   -237.420126  0.000307    1.038214  0.000204 1559.76
   900    298.739926     16   -237.424297  0.001258   -237.420100  0.000302    1.038201  0.000202 1593.74
   920    298.740929     16   -237.424416  0.001310   -237.420028  0.000300    1.038216  0.000198 1627.78
   940    298.737739     17   -237.424313  0.001310   -237.419985  0.000296    1.038256  0.000195 1661.84
   960    298.736457     17   -237.424544  0.001278   -237.419977  0.000292    1.038287  0.000196 1695.87
   980    298.740750     17   -237.424745  0.001265   -237.420042  0.000290    1.038268  0.000193 1729.85
  1000    298.740338     17   -237.424480  0.001245   -237.420035  0.000286    1.038252  0.000190 1763.90

Post Propagation Process
Total number of samples 1000
Raw AFQMC/HF (Guide) energy:           -237.424480 ± 0.001245
Raw Trial/Guide overlap ratio:          1.038252 ± 0.000190
Raw AFQMC/pt2CCSD energy (covariance): -237.420035 ± 0.000286
Raw AFQMC/pt2CCSD energy (dir sample): -237.420035 ± 0.000231

Remove Outliers
removing energies outside zeta > 30
Outlier energy bound [-237.564187, -237.273623]
Removed 0 outliers with energies []
Clean AFQMC/pt2CCSD overlap ratio:        1.038252 ± 0.000190
Clean AFQMC/pt2CCSD energy (covariance): -237.420035 ± 0.000286
Clean AFQMC/ptCCSD energy (dir sample):  -237.420035 ± 0.000231

Blocking Analysis
nsample = 1000, max_block_size = 25, min_nblocks = 40
   B    NB    NS  Observable     Error    dError
   1  1000  1000    1.038252  0.000078  0.000002
   2   500  1000    1.038252  0.000103  0.000003
   3   333   999    1.038252  0.000119  0.000005
   4   250  1000    1.038252  0.000133  0.000006
   5   200  1000    1.038252  0.000143  0.000007
   6   166   996    1.038248  0.000150  0.000008
   7   142   994    1.038249  0.000157  0.000009
   8   125  1000    1.038252  0.000164  0.000010
   9   111   999    1.038252  0.000173  0.000012
  10   100  1000    1.038252  0.000174  0.000012
  11    90   990    1.038252  0.000179  0.000013
  12    83   996    1.038248  0.000182  0.000014
  13    76   988    1.038260  0.000180  0.000015
  14    71   994    1.038249  0.000181  0.000015
  15    66   990    1.038252  0.000173  0.000015
  16    62   992    1.038252  0.000171  0.000015
  17    58   986    1.038260  0.000186  0.000017
  18    55   990    1.038252  0.000181  0.000017
  19    52   988    1.038260  0.000170  0.000017
  20    50  1000    1.038252  0.000185  0.000019
  21    47   987    1.038261  0.000186  0.000019
  22    45   990    1.038252  0.000188  0.000020
  23    43   989    1.038256  0.000190  0.000021
  24    41   984    1.038265  0.000176  0.000020
  25    40  1000    1.038252  0.000177  0.000020
Fit (variance): plateau_var = 3.463e-08 ± 2.225e-09
Fit (error):    plateau = 0.000186 ± 0.000006
     autocorrelation length ~ 5.7 blocks
     plateau reached at block size ~ 27
     !!!Failed to reach plateau in blocking
     Return max block error
nclean = 1000, max_block_size = 25, min_nblocks = 40
Blk_SZ   NBlk   NSmp      Energy     Error    dError
     1   1000   1000  -237.419911  0.000232  0.000005
     2    500   1000  -237.419943  0.000253  0.000008
     3    333    999  -237.419964  0.000255  0.000010
     4    250   1000  -237.419974  0.000282  0.000013
     5    200   1000  -237.419981  0.000284  0.000014
     6    166    996  -237.420003  0.000285  0.000016
     7    142    994  -237.420005  0.000284  0.000017
     8    125   1000  -237.419994  0.000298  0.000019
     9    111    999  -237.419993  0.000312  0.000021
    10    100   1000  -237.420000  0.000297  0.000021
    11     90    990  -237.420026  0.000288  0.000022
    12     83    996  -237.420020  0.000315  0.000025
    13     76    988  -237.420028  0.000307  0.000025
    14     71    994  -237.420028  0.000309  0.000026
    15     66    990  -237.420032  0.000320  0.000028
    16     62    992  -237.420029  0.000284  0.000026
    17     58    986  -237.420044  0.000325  0.000030
    18     55    990  -237.420034  0.000335  0.000032
    19     52    988  -237.420034  0.000329  0.000033
    20     50   1000  -237.420019  0.000278  0.000028
    21     47    987  -237.420036  0.000338  0.000035
    22     45    990  -237.420037  0.000327  0.000035
    23     43    989  -237.420039  0.000313  0.000034
    24     41    984  -237.420032  0.000327  0.000037
    25     40   1000  -237.420017  0.000358  0.000041
Fit (variance): plateau_var = 9.939269e-08 ± 6.620197e-09
Fit (error):    plateau = 0.000315 ± 0.000010
     autocorrelation length ~ 5.1 blocks
     plateau reached at block size ~ 21
Final AFQMC/pt2CCSD overlap ratio: 1.038252 ± 0.000190
Final AFQMC/pt2CCSD energy: -237.420035 ± 0.000315
Total run time: 1784.56

AFQMC Sampling Finished

