
    ________                     _____                    
    ___  __ \___  __________________(_)_____________ _    
    __  /_/ /  / / /_  __ \_  __ \_  /__  __ \_  __ `/    
    _  _, _// /_/ /_  / / /  / / /  / _  / / /  /_/ /     
    /_/ |_| \__,_/ /_/ /_//_/ /_//_/  /_/ /_/_\__, /      
                                             /____/       
    _____________________________  ___________            
    ___    |__  ____/_  __ \__   |/  /_  ____/            
    __  /| |_  /_   _  / / /_  /|_/ /_  /                 
    _  ___ |  __/   / /_/ /_  /  / / / /___               
    /_/  |_/_/      \___\_\/_/  /_/  \____/               

Hostname:     gpua021.delta.ncsa.illinois.edu
System:       Linux
Node:         gpua021.delta.ncsa.illinois.edu
Release:      5.14.0-427.91.1.el9_4.x86_64
Machine:      x86_64
Processor:    x86_64
JAX backend:  GPU
JAX devices:  [CudaDevice(id=0)]
Device kind:  NVIDIA A100-SXM4-40GB
Platform:     gpu

Load system from Integral File
Maximum memory per walker:            66.67 MB
Maximum number of Cholesky per chunk: 198
Number of Cholesky chunks:            4
Number of Cholesky per chunk:         165
Number of padding Cholesky:           2

QMC System
Number of electrons: (10, 10)
Spin Multiplicity:   0
Number of orbitals:  105
Number of Chol:      658

QMC Parameters
eql_time            :                   50
n_blocks            :                 1000
n_walkers           :                  300
max_error           :                  0.0
seed                :                   17
walker_type         :                  uhf
trial               :             upt2ccsd
mix_precision       :                 True
max_memory          :                20000
dt                  :                0.005
n_exp_terms         :                    6
n_prop_steps        :                   50
save_walkers        :                False
free_projection     :                False
n_batch             :                    1
nchol_chunk         :                  165

Initalize QMC walkers by stochastic CCSD

Equilibration
inv_T        weight  killW        energy   runTime
 0.00    300.000000      0   -598.666118     16.74
 5.00    298.893724      0   -598.685786     31.93
10.00    299.584416      0   -598.717308     40.21
15.00    299.044469      0   -598.658006     48.49
20.00    300.009494      0   -598.707915     56.76
25.00    299.641281      0   -598.714816     65.04
30.00    298.974620      0   -598.723267     73.32
35.00    299.933726      0   -598.725330     81.60
40.00    298.362065      0   -598.667566     89.88
45.00    299.399055      0   -598.703514     98.17
50.00    298.846055      0   -598.688973    106.45

Sampling
blocks        weight  killW       E_Guide     error       E_Trial     error     olp_T/G     error  Walltime
    20    299.000706      0   -598.699746  0.007596   -598.692728  0.001063    1.002501  0.000295  154.87
    40    299.076220      0   -598.703135  0.006618   -598.692296  0.000777    1.002556  0.000214  197.49
    60    298.959748      0   -598.698284  0.005253   -598.692223  0.000678    1.002590  0.000153  240.19
    80    298.936014      0   -598.697420  0.004255   -598.691826  0.000570    1.002621  0.000118  282.88
   100    298.950974      1   -598.697537  0.003126   -598.691426  0.000494    1.002630  0.000113  325.56
   120    298.926114      1   -598.697300  0.002730   -598.691557  0.000447    1.002502  0.000117  368.03
   140    298.923896      1   -598.697233  0.002547   -598.691785  0.000414    1.002453  0.000109  410.47
   160    298.874245      1   -598.695353  0.002617   -598.691550  0.000374    1.002417  0.000096  453.33
   180    298.871206      2   -598.695663  0.002393   -598.691579  0.000352    1.002389  0.000089  496.02
   200    298.857373      2   -598.695166  0.002246   -598.691505  0.000334    1.002429  0.000087  538.70
   220    298.844005      2   -598.695282  0.002063   -598.691429  0.000311    1.002449  0.000087  581.39
   240    298.831668      2   -598.694788  0.001982   -598.691465  0.000298    1.002418  0.000082  624.10
   260    298.806328      2   -598.694367  0.001856   -598.691379  0.000282    1.002445  0.000078  666.80
   280    298.791535      2   -598.694051  0.001747   -598.691380  0.000270    1.002435  0.000074  709.48
   300    298.797165      2   -598.694744  0.001736   -598.691428  0.000259    1.002394  0.000076  752.17
   320    298.795703      2   -598.694483  0.001640   -598.691357  0.000247    1.002404  0.000071  794.87
   340    298.773181      2   -598.693735  0.001597   -598.691318  0.000236    1.002413  0.000069  837.55
   360    298.764786      2   -598.693541  0.001579   -598.691359  0.000230    1.002388  0.000069  880.24
   380    298.753252      2   -598.693220  0.001580   -598.691308  0.000225    1.002411  0.000068  922.94
   400    298.754277      2   -598.693549  0.001507   -598.691315  0.000219    1.002434  0.000067  965.64
   420    298.756829      2   -598.693749  0.001457   -598.691346  0.000216    1.002440  0.000064 1008.32
   440    298.761338      2   -598.694396  0.001429   -598.691425  0.000218    1.002445  0.000065 1051.02
   460    298.749590      2   -598.694500  0.001398   -598.691395  0.000212    1.002423  0.000066 1093.71
   480    298.751179      2   -598.694047  0.001368   -598.691309  0.000206    1.002425  0.000063 1136.41
   500    298.755594      2   -598.694107  0.001334   -598.691319  0.000207    1.002442  0.000061 1179.10
   520    298.752870      2   -598.694023  0.001298   -598.691275  0.000201    1.002452  0.000062 1221.81
   540    298.756059      2   -598.694116  0.001279   -598.691286  0.000201    1.002440  0.000060 1264.51
   560    298.752227      2   -598.694166  0.001315   -598.691302  0.000196    1.002424  0.000060 1307.22
   580    298.747813      2   -598.693948  0.001313   -598.691270  0.000191    1.002421  0.000058 1349.89
   600    298.755357      2   -598.694258  0.001325   -598.691253  0.000188    1.002425  0.000056 1392.59
   620    298.752923      2   -598.694095  0.001326   -598.691234  0.000183    1.002430  0.000055 1435.30
   640    298.759683      2   -598.693942  0.001295   -598.691199  0.000180    1.002432  0.000053 1478.01
   660    298.762629      2   -598.693941  0.001257   -598.691196  0.000177    1.002420  0.000053 1520.71
   680    298.763905      2   -598.694396  0.001316   -598.691190  0.000173    1.002427  0.000053 1563.40
   700    298.758027      2   -598.694550  0.001318   -598.691233  0.000172    1.002417  0.000053 1606.08
   720    298.762940      2   -598.694888  0.001289   -598.691241  0.000170    1.002417  0.000052 1648.77
   740    298.759738      2   -598.694984  0.001259   -598.691257  0.000169    1.002406  0.000051 1691.47
   760    298.759254      2   -598.694834  0.001231   -598.691224  0.000166    1.002422  0.000053 1734.16
   780    298.757773      2   -598.694696  0.001221   -598.691241  0.000165    1.002428  0.000052 1776.84
   800    298.756884      2   -598.694769  0.001198   -598.691252  0.000163    1.002441  0.000052 1819.53
   820    298.763737      2   -598.694807  0.001175   -598.691241  0.000161    1.002440  0.000051 1862.22
   840    298.766187      2   -598.694875  0.001152   -598.691264  0.000160    1.002433  0.000051 1904.91
   860    298.765821      2   -598.694848  0.001138   -598.691261  0.000157    1.002443  0.000049 1947.63
   880    298.766930      2   -598.695043  0.001100   -598.691322  0.000158    1.002449  0.000051 1990.33
   900    298.763966      2   -598.695127  0.001080   -598.691290  0.000156    1.002451  0.000050 2033.04
   920    298.761968      2   -598.695104  0.001086   -598.691304  0.000153    1.002444  0.000049 2075.73
   940    298.758260      2   -598.695095  0.001086   -598.691269  0.000151    1.002435  0.000049 2118.42
   960    298.757766      2   -598.695138  0.001059   -598.691251  0.000149    1.002419  0.000049 2161.11
   980    298.758841      2   -598.695322  0.001034   -598.691262  0.000148    1.002414  0.000051 2203.81
  1000    298.756748      2   -598.695271  0.001046   -598.691271  0.000146    1.002406  0.000050 2246.50

Post Propagation Process
Total number of samples 1000
Raw AFQMC/HF (Guide) energy:           -598.695271 ± 0.001046
Raw Trial/Guide overlap ratio:          1.002406 ± 0.000050
Raw AFQMC/pt2CCSD energy (covariance): -598.691271 ± 0.000146
Raw AFQMC/pt2CCSD energy (dir sample): -598.691271 ± 0.000125

Remove Outliers
removing energies outside zeta > 30
Outlier energy bound [-598.791463, -598.589902]
Removed 0 outliers with energies []
Clean AFQMC/pt2CCSD overlap ratio:        1.002406 ± 0.000050
Clean AFQMC/pt2CCSD energy (covariance): -598.691271 ± 0.000146
Clean AFQMC/ptCCSD energy (dir sample):  -598.691271 ± 0.000125

Blocking Analysis
nsample = 1000, max_block_size = 25, min_nblocks = 40
   B    NB    NS  Observable     Error    dError
   1  1000  1000    1.002406  0.000019  0.000000
   2   500  1000    1.002406  0.000025  0.000001
   3   333   999    1.002407  0.000029  0.000001
   4   250  1000    1.002406  0.000032  0.000001
   5   200  1000    1.002406  0.000034  0.000002
   6   166   996    1.002409  0.000036  0.000002
   7   142   994    1.002410  0.000037  0.000002
   8   125  1000    1.002406  0.000038  0.000002
   9   111   999    1.002406  0.000041  0.000003
  10   100  1000    1.002406  0.000041  0.000003
  11    90   990    1.002413  0.000043  0.000003
  12    83   996    1.002409  0.000044  0.000003
  13    76   988    1.002413  0.000044  0.000004
  14    71   994    1.002410  0.000046  0.000004
  15    66   990    1.002413  0.000044  0.000004
  16    62   992    1.002412  0.000045  0.000004
  17    58   986    1.002414  0.000047  0.000004
  18    55   990    1.002413  0.000047  0.000005
  19    52   988    1.002413  0.000049  0.000005
  20    50  1000    1.002406  0.000048  0.000005
  21    47   987    1.002413  0.000047  0.000005
  22    45   990    1.002413  0.000048  0.000005
  23    43   989    1.002413  0.000050  0.000005
  24    41   984    1.002414  0.000048  0.000005
  25    40  1000    1.002406  0.000048  0.000005
Fit (variance): plateau_var = 2.412e-09 ± 2.078e-10
Fit (error):    plateau = 0.000049 ± 0.000002
     autocorrelation length ~ 7.9 blocks
     plateau reached at block size ~ 37
     !!!Failed to reach plateau in blocking
     Return max block error
nclean = 1000, max_block_size = 25, min_nblocks = 40
Blk_SZ   NBlk   NSmp      Energy     Error    dError
     1   1000   1000  -598.691175  0.000125  0.000003
     2    500   1000  -598.691201  0.000137  0.000004
     3    333    999  -598.691216  0.000143  0.000006
     4    250   1000  -598.691223  0.000147  0.000007
     5    200   1000  -598.691234  0.000144  0.000007
     6    166    996  -598.691224  0.000147  0.000008
     7    142    994  -598.691232  0.000151  0.000009
     8    125   1000  -598.691241  0.000160  0.000010
     9    111    999  -598.691244  0.000150  0.000010
    10    100   1000  -598.691249  0.000155  0.000011
    11     90    990  -598.691248  0.000155  0.000012
    12     83    996  -598.691242  0.000148  0.000012
    13     76    988  -598.691245  0.000155  0.000013
    14     71    994  -598.691244  0.000160  0.000014
    15     66    990  -598.691251  0.000134  0.000012
    16     62    992  -598.691250  0.000150  0.000014
    17     58    986  -598.691251  0.000149  0.000014
    18     55    990  -598.691253  0.000150  0.000014
    19     52    988  -598.691253  0.000157  0.000016
    20     50   1000  -598.691260  0.000141  0.000014
    21     47    987  -598.691254  0.000157  0.000016
    22     45    990  -598.691258  0.000150  0.000016
    23     43    989  -598.691253  0.000166  0.000018
    24     41    984  -598.691254  0.000155  0.000017
    25     40   1000  -598.691258  0.000134  0.000015
Fit (variance): plateau_var = 2.251386e-08 ± 8.659335e-10
Fit (error):    plateau = 0.000150 ± 0.000003
     autocorrelation length ~ 1.7 blocks
     plateau reached at block size ~ 7
Final AFQMC/pt2CCSD overlap ratio: 1.002406 ± 0.000050
Final AFQMC/pt2CCSD energy: -598.691271 ± 0.000150
Total run time: 2262.72

AFQMC Sampling Finished

