
    ________                     _____                    
    ___  __ \___  __________________(_)_____________ _    
    __  /_/ /  / / /_  __ \_  __ \_  /__  __ \_  __ `/    
    _  _, _// /_/ /_  / / /  / / /  / _  / / /  /_/ /     
    /_/ |_| \__,_/ /_/ /_//_/ /_//_/  /_/ /_/_\__, /      
                                             /____/       
    _____________________________  ___________            
    ___    |__  ____/_  __ \__   |/  /_  ____/            
    __  /| |_  /_   _  / / /_  /|_/ /_  /                 
    _  ___ |  __/   / /_/ /_  /  / / / /___               
    /_/  |_/_/      \___\_\/_/  /_/  \____/               

Hostname:     gpua021.delta.ncsa.illinois.edu
System:       Linux
Node:         gpua021.delta.ncsa.illinois.edu
Release:      5.14.0-427.91.1.el9_4.x86_64
Machine:      x86_64
Processor:    x86_64
JAX backend:  GPU
JAX devices:  [CudaDevice(id=0)]
Device kind:  NVIDIA A100-SXM4-40GB
Platform:     gpu

Load system from Integral File
Maximum memory per walker:            66.67 MB
Maximum number of Cholesky per chunk: 198
Number of Cholesky chunks:            4
Number of Cholesky per chunk:         165
Number of padding Cholesky:           2

QMC System
Number of electrons: (10, 10)
Spin Multiplicity:   0
Number of orbitals:  105
Number of Chol:      658

QMC Parameters
eql_time            :                   50
n_blocks            :                 1000
n_walkers           :                  300
max_error           :                  0.0
seed                :                   17
walker_type         :                  uhf
trial               :             upt2ccsd
mix_precision       :                 True
max_memory          :                20000
dt                  :                0.005
n_exp_terms         :                    6
n_prop_steps        :                   50
save_walkers        :                False
free_projection     :                False
n_batch             :                    1
nchol_chunk         :                  165

Initalize QMC walkers by stochastic CCSD

Equilibration
inv_T        weight  killW        energy   runTime
 0.00    300.000000      0   -238.673189     17.75
 5.00    298.351915      0   -238.689907     32.99
10.00    298.981607      0   -238.673747     41.09
15.00    299.486136      0   -238.719113     49.18
20.00    300.178935      0   -238.707217     57.27
25.00    299.396795      0   -238.688899     65.38
30.00    299.275661      0   -238.689198     73.47
35.00    299.179699      0   -238.706948     81.58
40.00    298.883520      0   -238.671077     89.67
45.00    299.670804      0   -238.729405     97.77
50.00    299.001481      0   -238.678607    105.87

Sampling
blocks        weight  killW       E_Guide     error       E_Trial     error     olp_T/G     error  Walltime
    20    298.935583      0   -238.698522  0.006766   -238.696476  0.000967    1.003165  0.000225  154.33
    40    299.000493      0   -238.702553  0.008145   -238.697431  0.000751    1.002783  0.000267  196.94
    60    299.028702      0   -238.702333  0.005572   -238.696886  0.000566    1.002534  0.000262  239.57
    80    299.082247      0   -238.704320  0.004944   -238.696897  0.000569    1.002464  0.000198  282.03
   100    299.090083      0   -238.704714  0.003553   -238.696971  0.000504    1.002493  0.000144  324.52
   120    299.069480      0   -238.705549  0.003181   -238.697541  0.000517    1.002581  0.000134  366.99
   140    299.056524      0   -238.704713  0.002826   -238.697465  0.000464    1.002591  0.000115  409.45
   160    298.994891      0   -238.703015  0.002931   -238.697400  0.000422    1.002628  0.000128  451.91
   180    298.999979      0   -238.703584  0.002525   -238.697328  0.000388    1.002628  0.000114  494.37
   200    298.994344      0   -238.704021  0.002295   -238.697255  0.000362    1.002657  0.000104  536.82
   220    298.968650      0   -238.704037  0.002119   -238.697163  0.000344    1.002685  0.000096  579.28
   240    298.960285      0   -238.703375  0.002024   -238.697173  0.000331    1.002697  0.000089  624.83
   260    298.925728      0   -238.702524  0.001923   -238.697123  0.000315    1.002693  0.000082  672.11
   280    298.885748      0   -238.702204  0.001807   -238.697001  0.000298    1.002692  0.000077  720.18
   300    298.879480      0   -238.702237  0.001717   -238.697095  0.000287    1.002614  0.000092  765.33
   320    298.868523      0   -238.701675  0.001664   -238.697111  0.000279    1.002616  0.000088  813.40
   340    298.859315      0   -238.701518  0.001576   -238.696939  0.000268    1.002600  0.000087  861.49
   360    298.843567      0   -238.701586  0.001573   -238.696946  0.000259    1.002594  0.000082  908.77
   380    298.834993      0   -238.701412  0.001516   -238.696914  0.000254    1.002583  0.000078  956.84
   400    298.846340      0   -238.701612  0.001483   -238.696994  0.000249    1.002609  0.000078 1004.93
   420    298.851053      0   -238.701631  0.001438   -238.697011  0.000241    1.002606  0.000074 1052.21
   440    298.844796      0   -238.701090  0.001461   -238.697014  0.000234    1.002626  0.000075 1100.28
   460    298.838908      0   -238.701063  0.001395   -238.697051  0.000226    1.002627  0.000073 1148.34
   480    298.840761      0   -238.700905  0.001364   -238.697018  0.000220    1.002632  0.000070 1195.61
   500    298.838723      0   -238.700774  0.001327   -238.697013  0.000219    1.002629  0.000067 1243.67
   520    298.833029      0   -238.700560  0.001293   -238.697019  0.000214    1.002610  0.000070 1291.76
   540    298.838173      0   -238.701075  0.001291   -238.697129  0.000218    1.002600  0.000069 1339.06
   560    298.833571      0   -238.701011  0.001368   -238.697112  0.000215    1.002619  0.000068 1387.15
   580    298.835394      0   -238.701059  0.001341   -238.697131  0.000215    1.002609  0.000066 1435.21
   600    298.828132      0   -238.700961  0.001312   -238.697167  0.000213    1.002603  0.000065 1482.47
   620    298.833734      0   -238.700975  0.001253   -238.697138  0.000208    1.002616  0.000063 1530.57
   640    298.839135      0   -238.700706  0.001235   -238.697064  0.000205    1.002625  0.000062 1578.66
   660    298.841310      0   -238.700909  0.001188   -238.697054  0.000201    1.002627  0.000063 1625.93
   680    298.836002      0   -238.700769  0.001163   -238.696994  0.000197    1.002639  0.000062 1673.99
   700    298.832679      0   -238.700869  0.001147   -238.697058  0.000201    1.002637  0.000061 1722.06
   720    298.832905      0   -238.700819  0.001127   -238.697056  0.000197    1.002642  0.000059 1769.33
   740    298.830582      0   -238.700800  0.001105   -238.697053  0.000195    1.002642  0.000058 1817.41
   760    298.836460      0   -238.701072  0.001088   -238.697116  0.000195    1.002634  0.000056 1865.49
   780    298.835793      0   -238.700605  0.001127   -238.697086  0.000192    1.002635  0.000055 1912.76
   800    298.841830      0   -238.700717  0.001141   -238.697087  0.000190    1.002634  0.000054 1960.84
   820    298.851702      0   -238.700952  0.001122   -238.697115  0.000187    1.002625  0.000054 2008.93
   840    298.849147      1   -238.700881  0.001122   -238.697137  0.000187    1.002617  0.000057 2056.21
   860    298.843190      1   -238.700526  0.001123   -238.697097  0.000184    1.002632  0.000057 2104.28
   880    298.841021      1   -238.700234  0.001144   -238.697058  0.000181    1.002639  0.000058 2152.33
   900    298.842853      1   -238.700529  0.001164   -238.697076  0.000180    1.002633  0.000057 2199.61
   920    298.846470      1   -238.700536  0.001187   -238.697081  0.000178    1.002637  0.000056 2247.67
   940    298.843325      1   -238.700613  0.001160   -238.697082  0.000175    1.002646  0.000054 2295.78
   960    298.839755      1   -238.700464  0.001134   -238.697060  0.000173    1.002655  0.000054 2343.05
   980    298.840283      1   -238.700577  0.001119   -238.697070  0.000170    1.002663  0.000054 2391.10
  1000    298.841377      1   -238.700643  0.001095   -238.697073  0.000168    1.002669  0.000055 2439.17

Post Propagation Process
Total number of samples 1000
Raw AFQMC/HF (Guide) energy:           -238.700643 ± 0.001095
Raw Trial/Guide overlap ratio:          1.002669 ± 0.000055
Raw AFQMC/pt2CCSD energy (covariance): -238.697073 ± 0.000168
Raw AFQMC/pt2CCSD energy (dir sample): -238.697073 ± 0.000142

Remove Outliers
removing energies outside zeta > 30
Outlier energy bound [-238.809934, -238.582628]
Removed 0 outliers with energies []
Clean AFQMC/pt2CCSD overlap ratio:        1.002669 ± 0.000055
Clean AFQMC/pt2CCSD energy (covariance): -238.697073 ± 0.000168
Clean AFQMC/ptCCSD energy (dir sample):  -238.697073 ± 0.000142

Blocking Analysis
nsample = 1000, max_block_size = 25, min_nblocks = 40
   B    NB    NS  Observable     Error    dError
   1  1000  1000    1.002670  0.000022  0.000000
   2   500  1000    1.002670  0.000028  0.000001
   3   333   999    1.002670  0.000032  0.000001
   4   250  1000    1.002670  0.000035  0.000002
   5   200  1000    1.002670  0.000038  0.000002
   6   166   996    1.002670  0.000041  0.000002
   7   142   994    1.002669  0.000042  0.000003
   8   125  1000    1.002669  0.000043  0.000003
   9   111   999    1.002670  0.000045  0.000003
  10   100  1000    1.002669  0.000046  0.000003
  11    90   990    1.002675  0.000047  0.000004
  12    83   996    1.002670  0.000047  0.000004
  13    76   988    1.002674  0.000051  0.000004
  14    71   994    1.002669  0.000048  0.000004
  15    66   990    1.002675  0.000052  0.000005
  16    62   992    1.002672  0.000047  0.000004
  17    58   986    1.002671  0.000049  0.000005
  18    55   990    1.002675  0.000050  0.000005
  19    52   988    1.002674  0.000049  0.000005
  20    50  1000    1.002669  0.000049  0.000005
  21    47   987    1.002673  0.000055  0.000006
  22    45   990    1.002675  0.000049  0.000005
  23    43   989    1.002675  0.000054  0.000006
  24    41   984    1.002667  0.000047  0.000005
  25    40  1000    1.002669  0.000053  0.000006
Fit (variance): plateau_var = 2.644e-09 ± 1.895e-10
Fit (error):    plateau = 0.000051 ± 0.000002
     autocorrelation length ~ 6.5 blocks
     plateau reached at block size ~ 30
     !!!Failed to reach plateau in blocking
     Return max block error
nclean = 1000, max_block_size = 25, min_nblocks = 40
Blk_SZ   NBlk   NSmp      Energy     Error    dError
     1   1000   1000  -238.696967  0.000142  0.000003
     2    500   1000  -238.697000  0.000154  0.000005
     3    333    999  -238.697020  0.000161  0.000006
     4    250   1000  -238.697029  0.000155  0.000007
     5    200   1000  -238.697033  0.000164  0.000008
     6    166    996  -238.697034  0.000161  0.000009
     7    142    994  -238.697043  0.000174  0.000010
     8    125   1000  -238.697048  0.000161  0.000010
     9    111    999  -238.697047  0.000167  0.000011
    10    100   1000  -238.697054  0.000166  0.000012
    11     90    990  -238.697037  0.000151  0.000011
    12     83    996  -238.697051  0.000165  0.000013
    13     76    988  -238.697039  0.000168  0.000014
    14     71    994  -238.697058  0.000173  0.000015
    15     66    990  -238.697041  0.000172  0.000015
    16     62    992  -238.697048  0.000162  0.000015
    17     58    986  -238.697050  0.000170  0.000016
    18     55    990  -238.697044  0.000181  0.000017
    19     52    988  -238.697043  0.000164  0.000016
    20     50   1000  -238.697061  0.000175  0.000018
    21     47    987  -238.697044  0.000188  0.000020
    22     45    990  -238.697046  0.000142  0.000015
    23     43    989  -238.697045  0.000177  0.000019
    24     41    984  -238.697064  0.000146  0.000016
    25     40   1000  -238.697064  0.000150  0.000017
Fit (variance): plateau_var = 2.663240e-08 ± 9.703739e-10
Fit (error):    plateau = 0.000163 ± 0.000003
     autocorrelation length ~ 1.3 blocks
     plateau reached at block size ~ 6
Final AFQMC/pt2CCSD overlap ratio: 1.002669 ± 0.000055
Final AFQMC/pt2CCSD energy: -238.697073 ± 0.000163
Total run time: 2448.55

AFQMC Sampling Finished

