#INFO: **** input file is /work/hdd/bdka/yzhang65/w4_17/w4-17_all/afqmc_input/batch3/run_afqmc.py ****
import os
import sys
import re
#sys.path.insert(0, os.path.join(os.path.dirname(os.path.abspath(__file__)), '..', 'script'))
sys.path.insert(0, '/u/yzhang65/mywork/yzhang65/w4_17/w4-17_all/script')

os.environ.setdefault("XLA_PYTHON_CLIENT_ALLOCATOR", "platform")
import jax
jax.config.update("jax_enable_x64", True)

from pyscf import gto, scf, cc
from afqmc import integral, launch_afqmc
from mol_select import get_xyz_files
import truncate_basis

# ---------------------------------------------------------------------------
# Configuration
# ---------------------------------------------------------------------------
shell            = "closed"  # "closed" or "open"
symmetry         = False
select_molecules = None  # e.g. ["acetaldehyde", "benzene"], or None for all
index            = "41-60"          # e.g. "1-10", "5", "1,3,5-8", or None for all
basis            = "vtzfp"

xyz_dir      = f"../../w4_17_xyz/{shell}_shell"
results_file = f"./{shell}_afqmc_{basis}.dat"
out_dir      = f"../../result/molout/{shell}_shell"
os.makedirs(out_dir, exist_ok=True)

xyz_files = get_xyz_files(xyz_dir, select_molecules=select_molecules, index=index)

# ---------------------------------------------------------------------------
# Write results header
# ---------------------------------------------------------------------------
with open(results_file, "w") as out:
    out.write(f"{'Molecule':<16s} {'E_HF (Eh)':>20s} {'E_CCSD (Eh)':>20s} "
              f"{'E_AFQMC (Eh)':>15s} {'E_AFQMC ERR (Eh)':>15s}\n")

# ---------------------------------------------------------------------------
# Helper
# ---------------------------------------------------------------------------
_afqmc_energy_re = re.compile(
    r"Final AFQMC/pt2CCSD energy:\s*([-+]?\d*\.?\d+(?:[eE][-+]?\d+)?)"
    r"\s*(?:±|\+/-)\s*([-+]?\d*\.?\d+(?:[eE][-+]?\d+)?)"
)

def extract_afqmc_energy(filename):
    try:
        with open(filename, encoding="utf-8") as f:
            for line in f:
                m = _afqmc_energy_re.search(line)
                if m:
                    return float(m.group(1)), float(m.group(2))
    except (OSError, IOError):
        pass
    return 0, 0

# ---------------------------------------------------------------------------
# Main loop
# ---------------------------------------------------------------------------
for xyz_path in xyz_files:
    with open(xyz_path) as f:
        lines = f.readlines()

    second_line = lines[1]
    charge   = int(second_line.split("charge=")[1].split()[0])
    spin     = int(second_line.split("mult=")[1].split()[0]) - 1
    mol_name = second_line.split()[0]
    atoms    = "".join(lines[2:])

    print(f"\n{'='*60}\nRunning: {mol_name}  charge={charge}  spin={spin}\n{'='*60}")

    mol = gto.M(
        atom=atoms,
        basis=truncate_basis.get_basis(atoms, basis),
        verbose=4,
        output=os.path.join(out_dir, f"{mol_name}_{basis}.out"),
        unit="angstrom",
        symmetry=symmetry,
        charge=charge,
        spin=spin,
        max_memory=40000,
    )

    mf = scf.UHF(mol)
    mf.max_cycle = 200
    mf = mf.newton()
    mf.kernel()

    if mol_name == "h":
        with open(results_file, "a") as out:
            out.write(f"{mol_name:<16s} {mf.e_tot:>20.10f} {mf.e_tot:>20.10f} "
                      f"{mf.e_tot:>15.5f} {0.0:>15.5f}\n")
        continue

    stable = False
    for _ in range(10):
        mo_i, _, stable, _ = mf.stability(return_status=True)
        if stable:
            break
        dm = mf.make_rdm1(mo_i, mf.mo_occ)
        mf.kernel(dm0=dm)

    if not stable or not mf.converged:
        print(f"  !! SCF did not converge for {mol_name} — skipping.")
        with open(results_file, "a") as out:
            out.write(f"{mol_name:<16s} {'UNCONVERGED':>20s} {'UNCONVERGED':>20s} {'UNCONVERGED':>20s}\n")
        continue

    mycc = cc.CCSD(mf)
    mycc.set_frozen()
    mycc.kernel()

    integral.prep_integral(mycc, chol_cut=1e-5)
    options = {
        'eql_time':      50,
        'n_blocks':      1000,
        'n_walkers':     300,
        'max_error':     0.0,
        'seed':          17,
        'walker_type':   'uhf',
        'trial':         'upt2ccsd',
        'mix_precision': True,
        'max_memory':    20000, #MB
    }
    launch_afqmc.ph_afqmc(options)

    afqmc_out = os.path.join(out_dir, f"{mol_name}_afqmc_{basis}.out")
    os.system(f"mv afqmc.out {afqmc_out}")
    eqmc, eqmc_err = extract_afqmc_energy(afqmc_out)

    with open(results_file, "a") as out:
        out.write(f"{mol_name:<16s} {mf.e_tot:>20.10f} {mycc.e_tot:>20.10f} "
                  f"{eqmc:>15.5f} {eqmc_err:>15.5f}\n")

    print(f"  => E_HF({mol_name})      = {mf.e_tot:.10f} Eh")
    print(f"  => E_CCSD({mol_name})    = {mycc.e_tot:.10f} Eh")
    print(f"  => E_AFQMC({mol_name})   = {eqmc:.5f} +/- {eqmc_err:.5f} Eh")

print(f"\nAll calculations complete. Results saved to {results_file}")
#INFO: ******************** input file end ********************


System: uname_result(system='Linux', node='gpua021.delta.ncsa.illinois.edu', release='5.14.0-427.91.1.el9_4.x86_64', version='#1 SMP PREEMPT_DYNAMIC Wed Sep 17 10:08:59 EDT 2025', machine='x86_64')  Threads 16
Python 3.11.14 (main, Oct 21 2025, 18:31:21) [GCC 11.2.0]
numpy 2.3.5  scipy 1.16.3  h5py 3.15.1
Date: Sun May 24 13:05:28 2026
PySCF version 2.11.0
PySCF path  /u/yzhang65/myprojects/software/pyscf
GIT HEAD (branch master) f520f5381c0b41f716d847009817cbc64e52c0d5

[ENV] PYSCF_TMPDIR /projects/bdka/yzhang65/scratch/pyscf
[ENV] PYSCF_EXT_PATH /u/yzhang65/myprojects/software/pyscf-forge
[CONFIG] conf_file None
[INPUT] verbose = 4
[INPUT] num. atoms = 3
[INPUT] num. electrons = 42
[INPUT] charge = 0
[INPUT] spin (= nelec alpha-beta = 2S) = 0
[INPUT] symmetry False subgroup None
[INPUT] Mole.unit = angstrom
[INPUT] Symbol           X                Y                Z      unit          X                Y                Z       unit  Magmom
[INPUT]  1 O      0.000000000000   0.000000000000   0.780075000000 AA    0.000000000000   0.000000000000   1.474128106620 Bohr   0.0
[INPUT]  2 Cl     0.000000000000   1.401172000000  -0.183547000000 AA    0.000000000000   2.647831333409  -0.346853560986 Bohr   0.0
[INPUT]  3 Cl     0.000000000000  -1.401172000000  -0.183547000000 AA    0.000000000000  -2.647831333409  -0.346853560986 Bohr   0.0

nuclear repulsion = 139.214224628518
number of shells = 27
number of NR pGTOs = 160
number of NR cGTOs = 98
basis = {'Cl': [[0, [456100.0, 4.9297e-05, -1.38304e-05, 4.18546e-06], [68330.0, 0.000383029, -0.000107279, 3.24395e-05], [15550.0, 0.00200854, -0.000565083, 0.000171105], [4405.0, 0.00838558, -0.00236135, 0.000714176], [1439.0, 0.0294703, -0.00845886, 0.00256705], [520.4, 0.0878325, -0.0259638, 0.00788552], [203.1, 0.211473, -0.0686362, 0.0210867], [83.96, 0.365364, -0.141874, 0.0442264], [36.2, 0.340884, -0.199319, 0.065167], [15.83, 0.102133, -0.0195662, 0.00603012], [6.334, 0.00311675, 0.499741, -0.206495], [2.694, 0.00105751, 0.563736, -0.405871], [0.4313, 0.000156136, -0.00835091, 0.725661]], [0, [0.9768, 1.0]], [0, [0.1625, 1.0]], [1, [663.3, 0.00240448, -0.000652145], [156.8, 0.0192148, -0.00519445], [49.98, 0.0885097, -0.0246938], [18.42, 0.25602, -0.0728167], [7.24, 0.436927, -0.13403], [2.922, 0.350334, -0.0947742], [0.3818, -0.00458423, 0.564667]], [1, [1.022, 1.0]], [1, [0.1301, 1.0]], [2, [1.046, 1.0]], [2, [0.344, 1.0]], [3, [0.706, 1.0]]], 'O': [[0, [15330.0, 0.000508, -0.000115], [2299.0, 0.003929, -0.000895], [522.4, 0.020243, -0.004636], [147.3, 0.079181, -0.018724], [47.55, 0.230687, -0.058463], [16.76, 0.433118, -0.136463], [6.207, 0.35026, -0.17574], [0.6882, -0.008154, 0.603418]], [0, [1.752, 1.0]], [0, [0.2384, 1.0]], [1, [34.46, 0.015928], [7.749, 0.09974], [2.28, 0.310492]], [1, [0.7156, 1.0]], [1, [0.214, 1.0]], [2, [2.314, 1.0]], [2, [0.645, 1.0]], [3, [1.428, 1.0]]]}
ecp = {}
CPU time:     11048.07




******** <class 'pyscf.soscf.newton_ah.SecondOrderUHF'> ********
method = SecondOrderUHF
initial guess = minao
damping factor = 0
level_shift factor = 0
DIIS = <class 'pyscf.scf.diis.CDIIS'>
diis_start_cycle = 1
diis_space = 8
diis_damp = 0
SCF conv_tol = 1e-09
SCF conv_tol_grad = None
SCF max_cycles = 200
direct_scf = True
direct_scf_tol = 1e-13
chkfile to save SCF result = /projects/bdka/yzhang65/scratch/pyscf/tmpg9jhyp2d
max_memory 40000 MB (current use 3561 MB)
number electrons alpha = 21  beta = 21
******** <class 'pyscf.scf.uhf.UHF'> Newton solver flags ********
SCF tol = 1e-09
conv_tol_grad = None
max. SCF cycles = 200
direct_scf = True
direct_scf_tol = 1e-13
chkfile to save SCF result = /projects/bdka/yzhang65/scratch/pyscf/tmpg9jhyp2d
max_cycle_inner = 12
max_stepsize = 0.05
ah_start_tol = 1e+09
ah_level_shift = 0
ah_conv_tol = 1e-12
ah_lindep = 1e-14
ah_start_cycle = 1
ah_max_cycle = 40
ah_grad_trust_region = 2.5
kf_interval = 4
kf_trust_region = 5
canonicalization = True
max_memory 40000 MB (current use 3561 MB)
Set conv_tol_grad to 3.16228e-05
  alpha nocc = 21  HOMO = -0.298334752364159  LUMO = -0.12094390579799
  beta  nocc = 21  HOMO = -0.296629467427544  LUMO = -0.124351409079298
Initial guess E= -993.727255291219  |g|= 0.31819
macro= 0  E= -993.777332182942  delta_E= -0.0500769  |g|= 0.00342184  4 KF 17 JK
macro= 1  E= -993.777433932589  delta_E= -0.00010175  |g|= 4.62499e-05  3 KF 14 JK
macro= 2  E= -993.777433932592  delta_E= -2.50111e-12  |g|= 5.21918e-06  1 KF 2 JK
Canonicalize SCF orbitals
macro X = 3  E=-993.777433932592  |g|= 5.21918e-06  total 9 KF 37 JK
converged SCF energy = -993.777433932592  <S^2> = 8.1026741e-11  2S+1 = 1
uhf_internal: lowest eigs of H = [0.09056854 0.10891579 0.17532168]
<class 'pyscf.soscf.newton_ah.SecondOrderUHF'> wavefunction is stable in the internal stability analysis

******** <class 'pyscf.cc.uccsd.UCCSD'> ********
CC2 = 0
CCSD nocc = (np.int64(10), np.int64(10)), nmo = (87, 87)
frozen orbitals 11
max_cycle = 50
direct = 0
conv_tol = 1e-07
conv_tol_normt = 1e-06
diis_space = 6
diis_start_cycle = 0
diis_start_energy_diff = 1e+09
max_memory 40000 MB (current use 3562 MB)
Init t2, MP2 energy = -0.621976630848295
Init E_corr(UCCSD) = -0.621976630860661
cycle = 1  E_corr(UCCSD) = -0.628964811286181  dE = -0.00698818043  norm(t1,t2) = 0.0978307
cycle = 2  E_corr(UCCSD) = -0.649049944610516  dE = -0.0200851333  norm(t1,t2) = 0.0316204
cycle = 3  E_corr(UCCSD) = -0.648763697999428  dE = 0.000286246611  norm(t1,t2) = 0.0160939
cycle = 4  E_corr(UCCSD) = -0.651402710776777  dE = -0.00263901278  norm(t1,t2) = 0.00721018
cycle = 5  E_corr(UCCSD) = -0.651542441973691  dE = -0.000139731197  norm(t1,t2) = 0.00316675
cycle = 6  E_corr(UCCSD) = -0.651233524993084  dE = 0.000308916981  norm(t1,t2) = 0.00153445
cycle = 7  E_corr(UCCSD) = -0.651259142917503  dE = -2.56179244e-05  norm(t1,t2) = 0.000615037
cycle = 8  E_corr(UCCSD) = -0.651281307591071  dE = -2.21646736e-05  norm(t1,t2) = 0.000198224
cycle = 9  E_corr(UCCSD) = -0.651277829732024  dE = 3.47785905e-06  norm(t1,t2) = 0.000105692
cycle = 10  E_corr(UCCSD) = -0.651276692076299  dE = 1.13765573e-06  norm(t1,t2) = 5.33427e-05
cycle = 11  E_corr(UCCSD) = -0.651275494828467  dE = 1.19724783e-06  norm(t1,t2) = 1.75084e-05
cycle = 12  E_corr(UCCSD) = -0.651275458384183  dE = 3.64442845e-08  norm(t1,t2) = 9.01716e-06
cycle = 13  E_corr(UCCSD) = -0.651275541499113  dE = -8.31149306e-08  norm(t1,t2) = 3.69996e-06
cycle = 14  E_corr(UCCSD) = -0.651275447740455  dE = 9.37586586e-08  norm(t1,t2) = 1.72126e-06
cycle = 15  E_corr(UCCSD) = -0.651275448840772  dE = -1.10031728e-09  norm(t1,t2) = 5.58571e-07
UCCSD converged
E(UCCSD) = -994.4287093814327  E_corr = -0.651275448840772
