
    ________                     _____                    
    ___  __ \___  __________________(_)_____________ _    
    __  /_/ /  / / /_  __ \_  __ \_  /__  __ \_  __ `/    
    _  _, _// /_/ /_  / / /  / / /  / _  / / /  /_/ /     
    /_/ |_| \__,_/ /_/ /_//_/ /_//_/  /_/ /_/_\__, /      
                                             /____/       
    _____________________________  ___________            
    ___    |__  ____/_  __ \__   |/  /_  ____/            
    __  /| |_  /_   _  / / /_  /|_/ /_  /                 
    _  ___ |  __/   / /_/ /_  /  / / / /___               
    /_/  |_/_/      \___\_\/_/  /_/  \____/               

Hostname:     gpua021.delta.ncsa.illinois.edu
System:       Linux
Node:         gpua021.delta.ncsa.illinois.edu
Release:      5.14.0-427.91.1.el9_4.x86_64
Machine:      x86_64
Processor:    x86_64
JAX backend:  GPU
JAX devices:  [CudaDevice(id=0)]
Device kind:  NVIDIA A100-SXM4-40GB
Platform:     gpu

Load system from Integral File
Maximum memory per walker:            66.67 MB
Maximum number of Cholesky per chunk: 288
Number of Cholesky chunks:            2
Number of Cholesky per chunk:         271
Number of padding Cholesky:           0

QMC System
Number of electrons: (8, 8)
Spin Multiplicity:   0
Number of orbitals:  87
Number of Chol:      542

QMC Parameters
eql_time            :                   50
n_blocks            :                 1000
n_walkers           :                  300
max_error           :                  0.0
seed                :                   17
walker_type         :                  uhf
trial               :             upt2ccsd
mix_precision       :                 True
max_memory          :                20000
dt                  :                0.005
n_exp_terms         :                    6
n_prop_steps        :                   50
save_walkers        :                False
free_projection     :                False
n_batch             :                    1
nchol_chunk         :                  271

Initalize QMC walkers by stochastic CCSD

Equilibration
inv_T        weight  killW        energy   runTime
 0.00    300.000000      0   -552.367782     13.10
 5.00    299.242429      0   -552.412101     23.95
10.00    299.172009      0   -552.395669     27.89
15.00    299.212773      0   -552.416833     32.48
20.00    299.268445      0   -552.390288     36.42
25.00    299.651682      0   -552.442988     41.01
30.00    299.670714      0   -552.398671     44.95
35.00    299.534227      0   -552.408986     49.70
40.00    298.696858      0   -552.375705     53.64
45.00    298.440293      0   -552.353844     57.59
50.00    299.585685      0   -552.388183     62.17

Sampling
blocks        weight  killW       E_Guide     error       E_Trial     error     olp_T/G     error  Walltime
    20    299.326121      0   -552.402156  0.004575   -552.400194  0.001747    1.004607  0.000213   99.71
    40    299.092486      0   -552.396354  0.008623   -552.398565  0.001186    1.004569  0.000177  132.12
    60    299.110602      0   -552.401590  0.007046   -552.399608  0.001515    1.004616  0.000225  164.60
    80    299.059975      0   -552.401298  0.007425   -552.400473  0.001389    1.004455  0.000231  197.08
   100    299.019035      0   -552.401309  0.005338   -552.399609  0.001160    1.004248  0.000243  229.57
   120    298.957807      0   -552.400238  0.004546   -552.398895  0.000995    1.004216  0.000199  262.06
   140    298.952575      0   -552.400993  0.003939   -552.398834  0.000880    1.004152  0.000178  294.57
   160    298.946860      0   -552.401121  0.003465   -552.398996  0.000794    1.004005  0.000177  327.05
   180    298.961989      0   -552.401736  0.003010   -552.399420  0.000758    1.004108  0.000171  359.56
   200    298.957618      0   -552.402144  0.002765   -552.399208  0.000707    1.004142  0.000154  392.04
   220    298.939022      0   -552.401402  0.002676   -552.399042  0.000659    1.004129  0.000143  424.52
   240    298.944942      0   -552.402741  0.002758   -552.399332  0.000628    1.004145  0.000136  457.02
   260    298.914978      0   -552.402098  0.002576   -552.399059  0.000588    1.004197  0.000130  489.52
   280    298.910862      2   -552.403212  0.002688   -552.399212  0.000567    1.004188  0.000121  522.00
   300    298.896273      2   -552.403620  0.002545   -552.399349  0.000589    1.004170  0.000114  554.48
   320    298.898364      3   -552.404097  0.002486   -552.399414  0.000577    1.004211  0.000113  586.96
   340    298.882422      3   -552.404153  0.002369   -552.399439  0.000554    1.004231  0.000108  619.46
   360    298.863339      3   -552.403512  0.002239   -552.399458  0.000533    1.004216  0.000102  651.97
   380    298.861780      3   -552.404302  0.002281   -552.399684  0.000528    1.004210  0.000101  684.47
   400    298.845172      4   -552.403909  0.002157   -552.399567  0.000508    1.004247  0.000099  716.96
   420    298.847143      4   -552.404116  0.002096   -552.399591  0.000610    1.004277  0.000100  749.45
   440    298.840686      4   -552.404062  0.002040   -552.399518  0.000587    1.004279  0.000104  781.93
   460    298.821427      4   -552.403530  0.001998   -552.399454  0.000565    1.004256  0.000102  814.40
   480    298.812442      4   -552.403210  0.002001   -552.399277  0.000547    1.004251  0.000100  846.89
   500    298.803633      4   -552.402749  0.001971   -552.399236  0.000528    1.004263  0.000097  879.38
   520    298.810264      4   -552.403432  0.001903   -552.399426  0.000518    1.004267  0.000094  911.90
   540    298.812035      4   -552.403805  0.001864   -552.399413  0.000509    1.004252  0.000092  944.38
   560    298.819474      4   -552.404897  0.002014   -552.399937  0.000629    1.004276  0.000091  976.89
   580    298.804981      4   -552.404356  0.002007   -552.399809  0.000611    1.004282  0.000089 1009.38
   600    298.802214      4   -552.404587  0.001919   -552.399774  0.000594    1.004291  0.000088 1041.88
   620    298.800244      5   -552.404842  0.001882   -552.399705  0.000577    1.004277  0.000087 1074.37
   640    298.794733      5   -552.404774  0.001842   -552.399682  0.000567    1.004309  0.000089 1106.85
   660    298.803225      5   -552.405693  0.001954   -552.399696  0.000556    1.004325  0.000088 1139.35
   680    298.798347      5   -552.405541  0.002095   -552.399633  0.000542    1.004342  0.000087 1171.85
   700    298.790245      5   -552.405062  0.002088   -552.399578  0.000529    1.004342  0.000086 1204.34
   720    298.784713      5   -552.405058  0.002041   -552.399594  0.000516    1.004339  0.000091 1236.73
   740    298.774838      5   -552.404779  0.002038   -552.399536  0.000503    1.004346  0.000089 1269.12
   760    298.775707      5   -552.405116  0.002010   -552.399571  0.000491    1.004354  0.000087 1301.49
   780    298.774951      5   -552.405248  0.001965   -552.399632  0.000484    1.004332  0.000086 1333.87
   800    298.776005      5   -552.405130  0.001895   -552.399614  0.000473    1.004308  0.000088 1366.27
   820    298.767019      5   -552.404771  0.001861   -552.399534  0.000463    1.004286  0.000088 1398.66
   840    298.762028      5   -552.404687  0.001834   -552.399574  0.000455    1.004267  0.000088 1431.05
   860    298.760581      6   -552.404737  0.001798   -552.399619  0.000470    1.004249  0.000088 1463.42
   880    298.757737      6   -552.404994  0.001768   -552.399616  0.000463    1.004243  0.000087 1495.78
   900    298.759950      6   -552.405272  0.001745   -552.399630  0.000459    1.004226  0.000085 1528.15
   920    298.763035      6   -552.405506  0.001719   -552.399621  0.000454    1.004233  0.000086 1560.52
   940    298.754864      6   -552.405131  0.001728   -552.399529  0.000446    1.004243  0.000086 1592.89
   960    298.762332      7   -552.405838  0.001829   -552.399553  0.000450    1.004244  0.000085 1625.26
   980    298.757675      7   -552.405680  0.001801   -552.399538  0.000443    1.004242  0.000083 1657.65
  1000    298.755873      7   -552.405581  0.001772   -552.399483  0.000436    1.004254  0.000081 1690.03

Post Propagation Process
Total number of samples 1000
Raw AFQMC/HF (Guide) energy:           -552.405581 ± 0.001772
Raw Trial/Guide overlap ratio:          1.004254 ± 0.000081
Raw AFQMC/pt2CCSD energy (covariance): -552.399483 ± 0.000436
Raw AFQMC/pt2CCSD energy (dir sample): -552.399483 ± 0.000337

Remove Outliers
removing energies outside zeta > 30
Outlier energy bound [-552.566822, -552.227903]
Removed 1 outliers with energies [-552.57969559]
Clean AFQMC/pt2CCSD overlap ratio:        1.004253 ± 0.000080
Clean AFQMC/pt2CCSD energy (covariance): -552.399280 ± 0.000382
Clean AFQMC/ptCCSD energy (dir sample):  -552.399280 ± 0.000285

Blocking Analysis
nsample = 999, max_block_size = 24, min_nblocks = 40
   B    NB    NS  Observable     Error    dError
   1   999   999    1.004254  0.000028  0.000001
   2   499   998    1.004254  0.000037  0.000001
   3   333   999    1.004253  0.000043  0.000002
   4   249   996    1.004252  0.000048  0.000002
   5   199   995    1.004252  0.000052  0.000003
   6   166   996    1.004252  0.000056  0.000003
   7   142   994    1.004252  0.000058  0.000003
   8   124   992    1.004250  0.000063  0.000004
   9   111   999    1.004253  0.000064  0.000004
  10    99   990    1.004248  0.000064  0.000005
  11    90   990    1.004248  0.000068  0.000005
  12    83   996    1.004252  0.000068  0.000005
  13    76   988    1.004246  0.000067  0.000005
  14    71   994    1.004252  0.000071  0.000006
  15    66   990    1.004248  0.000071  0.000006
  16    62   992    1.004250  0.000072  0.000007
  17    58   986    1.004245  0.000074  0.000007
  18    55   990    1.004248  0.000079  0.000008
  19    52   988    1.004246  0.000076  0.000008
  20    49   980    1.004241  0.000075  0.000008
  21    47   987    1.004245  0.000074  0.000008
  22    45   990    1.004248  0.000078  0.000008
  23    43   989    1.004247  0.000080  0.000009
  24    41   984    1.004242  0.000078  0.000009
Fit (variance): plateau_var = 6.490e-09 ± 6.788e-10
Fit (error):    plateau = 0.000081 ± 0.000004
     autocorrelation length ~ 9.5 blocks
     plateau reached at block size ~ 44
     !!!Failed to reach plateau in blocking
     Return max block error
nclean = 999, max_block_size = 24, min_nblocks = 40
Blk_SZ   NBlk   NSmp      Energy     Error    dError
     1    999    999  -552.398978  0.000285  0.000006
     2    499    998  -552.399026  0.000302  0.000010
     3    333    999  -552.399051  0.000320  0.000012
     4    249    996  -552.399092  0.000322  0.000014
     5    199    995  -552.399092  0.000334  0.000017
     6    166    996  -552.399111  0.000329  0.000018
     7    142    994  -552.399117  0.000345  0.000021
     8    124    992  -552.399140  0.000348  0.000022
     9    111    999  -552.399166  0.000331  0.000022
    10     99    990  -552.399185  0.000345  0.000025
    11     90    990  -552.399177  0.000325  0.000024
    12     83    996  -552.399190  0.000323  0.000025
    13     76    988  -552.399203  0.000337  0.000028
    14     71    994  -552.399177  0.000338  0.000029
    15     66    990  -552.399215  0.000306  0.000027
    16     62    992  -552.399201  0.000337  0.000030
    17     58    986  -552.399211  0.000323  0.000030
    18     55    990  -552.399212  0.000307  0.000029
    19     52    988  -552.399239  0.000317  0.000031
    20     49    980  -552.399274  0.000332  0.000034
    21     47    987  -552.399255  0.000286  0.000030
    22     45    990  -552.399239  0.000290  0.000031
    23     43    989  -552.399251  0.000283  0.000031
    24     41    984  -552.399276  0.000328  0.000037
Fit (variance): plateau_var = 1.056666e-07 ± 3.867031e-09
Fit (error):    plateau = 0.000325 ± 0.000006
     autocorrelation length ~ 1.3 blocks
     plateau reached at block size ~ 6
Final AFQMC/pt2CCSD overlap ratio: 1.004253 ± 0.000080
Final AFQMC/pt2CCSD energy: -552.399280 ± 0.000325
Total run time: 1698.20

AFQMC Sampling Finished

