
    ________                     _____                    
    ___  __ \___  __________________(_)_____________ _    
    __  /_/ /  / / /_  __ \_  __ \_  /__  __ \_  __ `/    
    _  _, _// /_/ /_  / / /  / / /  / _  / / /  /_/ /     
    /_/ |_| \__,_/ /_/ /_//_/ /_//_/  /_/ /_/_\__, /      
                                             /____/       
    _____________________________  ___________            
    ___    |__  ____/_  __ \__   |/  /_  ____/            
    __  /| |_  /_   _  / / /_  /|_/ /_  /                 
    _  ___ |  __/   / /_/ /_  /  / / / /___               
    /_/  |_/_/      \___\_\/_/  /_/  \____/               

Hostname:     gpua002.delta.ncsa.illinois.edu
System:       Linux
Node:         gpua002.delta.ncsa.illinois.edu
Release:      5.14.0-427.91.1.el9_4.x86_64
Machine:      x86_64
Processor:    x86_64
JAX backend:  GPU
JAX devices:  [CudaDevice(id=0)]
Device kind:  NVIDIA A100-SXM4-40GB
Platform:     gpu

Load system from Integral File
Maximum memory per walker:            66.67 MB
Maximum number of Cholesky per chunk: 649
Number of Cholesky chunks:            1
Number of Cholesky per chunk:         383
Number of padding Cholesky:           0

QMC System
Number of electrons: (7, 7)
Spin Multiplicity:   0
Number of orbitals:  58
Number of Chol:      383

QMC Parameters
eql_time            :                   50
n_blocks            :                 1000
n_walkers           :                  300
max_error           :                  0.0
seed                :                   17
walker_type         :                  uhf
trial               :             upt2ccsd
mix_precision       :                 True
max_memory          :                20000
dt                  :                0.005
n_exp_terms         :                    6
n_prop_steps        :                   50
save_walkers        :                False
free_projection     :                False
n_batch             :                    1
nchol_chunk         :                  383

Initalize QMC walkers by stochastic CCSD

Equilibration
inv_T        weight  killW        energy   runTime
 0.00    300.000000      0   -559.363075     13.43
 5.00    299.544191      0   -559.376776     23.10
10.00    299.872796      0   -559.407651     24.89
15.00    299.535600      0   -559.409209     27.41
20.00    299.748389      0   -559.402031     29.91
25.00    298.885576      0   -559.366031     32.41
30.00    299.347956      0   -559.363463     34.92
35.00    298.637686      0   -559.388735     37.42
40.00    299.091057      0   -559.365370     39.92
45.00    299.254952      0   -559.384401     42.43
50.00    298.561642      0   -559.381366     44.25

Sampling
blocks        weight  killW       E_Guide     error       E_Trial     error     olp_T/G     error  Walltime
    20    299.471934      0   -559.389956  0.007221   -559.381327  0.001148    1.003126  0.000101   61.91
    40    299.338130      1   -559.394107  0.005009   -559.381957  0.000884    1.002808  0.000295   72.99
    60    299.263071      1   -559.395301  0.003550   -559.381541  0.000668    1.002456  0.000305   84.14
    80    299.143050      1   -559.391806  0.003377   -559.381069  0.000540    1.002353  0.000248   95.29
   100    299.031436      1   -559.387919  0.003723   -559.380688  0.000466    1.002317  0.000191  106.46
   120    299.014658      1   -559.386276  0.003313   -559.380778  0.000430    1.002325  0.000162  117.62
   140    298.999190      3   -559.387071  0.002894   -559.380905  0.000386    1.002280  0.000142  128.77
   160    298.985022      3   -559.385955  0.002746   -559.380817  0.000352    1.002266  0.000136  139.92
   180    298.963970      3   -559.385442  0.002377   -559.380801  0.000335    1.002271  0.000117  151.07
   200    298.943069      4   -559.384071  0.002360   -559.380665  0.000311    1.002316  0.000110  162.23
   220    298.931941      4   -559.384482  0.002251   -559.380698  0.000294    1.002354  0.000107  173.38
   240    298.929950      5   -559.384146  0.002085   -559.380756  0.000284    1.002338  0.000099  184.53
   260    298.931002      5   -559.384134  0.001935   -559.380747  0.000275    1.002339  0.000092  195.68
   280    298.921443      5   -559.383608  0.001796   -559.380654  0.000266    1.002345  0.000083  206.83
   300    298.926488      5   -559.383134  0.001745   -559.380634  0.000252    1.002376  0.000083  218.00
   320    298.922854      5   -559.382416  0.001783   -559.380757  0.000280    1.002384  0.000078  229.15
   340    298.923598      5   -559.382369  0.001722   -559.380762  0.000272    1.002395  0.000076  240.31
   360    298.922629      6   -559.382163  0.001631   -559.380756  0.000260    1.002389  0.000071  251.46
   380    298.923619      6   -559.382515  0.001576   -559.380739  0.000253    1.002358  0.000073  262.61
   400    298.916031      6   -559.382331  0.001534   -559.380708  0.000246    1.002369  0.000070  273.75
   420    298.910945      6   -559.382063  0.001477   -559.380686  0.000238    1.002376  0.000068  284.92
   440    298.914649      6   -559.382478  0.001575   -559.380653  0.000244    1.002400  0.000069  296.07
   460    298.916850      7   -559.382461  0.001537   -559.380646  0.000235    1.002427  0.000071  307.21
   480    298.919701      7   -559.382157  0.001478   -559.380753  0.000237    1.002431  0.000070  318.38
   500    298.923794      7   -559.382446  0.001422   -559.380710  0.000230    1.002423  0.000069  329.51
   520    298.926411      7   -559.382366  0.001366   -559.380724  0.000330    1.002439  0.000070  340.67
   540    298.935434      7   -559.382791  0.001336   -559.380733  0.000320    1.002437  0.000068  351.82
   560    298.934375      7   -559.382531  0.001339   -559.380678  0.000309    1.002442  0.000065  362.97
   580    298.940459      7   -559.382829  0.001338   -559.380653  0.000300    1.002432  0.000064  374.13
   600    298.924775      8   -559.382594  0.001342   -559.380605  0.000291    1.002415  0.000065  385.28
   620    298.927865      8   -559.382539  0.001309   -559.380568  0.000282    1.002413  0.000063  396.44
   640    298.926514      8   -559.382704  0.001283   -559.380554  0.000274    1.002394  0.000065  407.59
   660    298.925308      8   -559.382646  0.001225   -559.380560  0.000267    1.002380  0.000064  418.76
   680    298.924008      8   -559.382521  0.001206   -559.380503  0.000260    1.002384  0.000066  429.90
   700    298.925394      9   -559.382714  0.001221   -559.380518  0.000255    1.002379  0.000064  441.05
   720    298.921679      9   -559.382803  0.001219   -559.380564  0.000251    1.002381  0.000065  452.21
   740    298.923614      9   -559.382894  0.001189   -559.380552  0.000246    1.002394  0.000065  463.35
   760    298.925044      9   -559.382830  0.001174   -559.380563  0.000240    1.002407  0.000065  474.51
   780    298.926690     10   -559.383005  0.001155   -559.380609  0.000243    1.002398  0.000064  485.66
   800    298.928265     11   -559.382896  0.001134   -559.380592  0.000238    1.002405  0.000063  496.82
   820    298.930996     11   -559.382850  0.001119   -559.380628  0.000234    1.002391  0.000062  507.98
   840    298.928118     11   -559.382667  0.001101   -559.380611  0.000229    1.002393  0.000062  519.13
   860    298.926098     11   -559.382642  0.001078   -559.380623  0.000224    1.002387  0.000061  530.29
   880    298.921184     11   -559.382343  0.001066   -559.380603  0.000220    1.002390  0.000060  541.45
   900    298.923149     12   -559.382335  0.001070   -559.380618  0.000218    1.002400  0.000058  552.60
   920    298.926348     12   -559.382424  0.001034   -559.380626  0.000215    1.002413  0.000060  563.76
   940    298.927738     12   -559.382406  0.001017   -559.380636  0.000212    1.002410  0.000060  574.91
   960    298.927834     13   -559.382528  0.001019   -559.380595  0.000208    1.002397  0.000059  586.08
   980    298.926413     13   -559.382395  0.001019   -559.380616  0.000205    1.002405  0.000058  597.22
  1000    298.926457     13   -559.382505  0.001005   -559.380648  0.000203    1.002411  0.000057  608.38

Post Propagation Process
Total number of samples 1000
Raw AFQMC/HF (Guide) energy:           -559.382505 ± 0.001005
Raw Trial/Guide overlap ratio:          1.002411 ± 0.000057
Raw AFQMC/pt2CCSD energy (covariance): -559.380648 ± 0.000203
Raw AFQMC/pt2CCSD energy (dir sample): -559.380648 ± 0.000137

Remove Outliers
removing energies outside zeta > 30
Outlier energy bound [-559.473209, -559.286796]
Removed 0 outliers with energies []
Clean AFQMC/pt2CCSD overlap ratio:        1.002411 ± 0.000057
Clean AFQMC/pt2CCSD energy (covariance): -559.380648 ± 0.000203
Clean AFQMC/ptCCSD energy (dir sample):  -559.380648 ± 0.000137

Blocking Analysis
nsample = 1000, max_block_size = 25, min_nblocks = 40
   B    NB    NS  Observable     Error    dError
   1  1000  1000    1.002411  0.000023  0.000001
   2   500  1000    1.002411  0.000029  0.000001
   3   333   999    1.002412  0.000034  0.000001
   4   250  1000    1.002411  0.000037  0.000002
   5   200  1000    1.002411  0.000040  0.000002
   6   166   996    1.002412  0.000042  0.000002
   7   142   994    1.002411  0.000044  0.000003
   8   125  1000    1.002411  0.000045  0.000003
   9   111   999    1.002412  0.000048  0.000003
  10   100  1000    1.002411  0.000048  0.000003
  11    90   990    1.002409  0.000048  0.000004
  12    83   996    1.002412  0.000050  0.000004
  13    76   988    1.002409  0.000051  0.000004
  14    71   994    1.002411  0.000050  0.000004
  15    66   990    1.002409  0.000052  0.000005
  16    62   992    1.002411  0.000052  0.000005
  17    58   986    1.002407  0.000053  0.000005
  18    55   990    1.002409  0.000057  0.000006
  19    52   988    1.002409  0.000056  0.000006
  20    50  1000    1.002411  0.000051  0.000005
  21    47   987    1.002408  0.000055  0.000006
  22    45   990    1.002409  0.000054  0.000006
  23    43   989    1.002409  0.000057  0.000006
  24    41   984    1.002405  0.000055  0.000006
  25    40  1000    1.002411  0.000057  0.000006
Fit (variance): plateau_var = 3.125e-09 ± 2.560e-10
Fit (error):    plateau = 0.000056 ± 0.000002
     autocorrelation length ~ 7.5 blocks
     plateau reached at block size ~ 35
     !!!Failed to reach plateau in blocking
     Return max block error
nclean = 1000, max_block_size = 25, min_nblocks = 40
Blk_SZ   NBlk   NSmp      Energy     Error    dError
     1   1000   1000  -559.380551  0.000137  0.000003
     2    500   1000  -559.380577  0.000147  0.000005
     3    333    999  -559.380586  0.000148  0.000006
     4    250   1000  -559.380598  0.000147  0.000007
     5    200   1000  -559.380606  0.000151  0.000008
     6    166    996  -559.380605  0.000149  0.000008
     7    142    994  -559.380600  0.000152  0.000009
     8    125   1000  -559.380622  0.000150  0.000010
     9    111    999  -559.380621  0.000160  0.000011
    10    100   1000  -559.380624  0.000154  0.000011
    11     90    990  -559.380602  0.000147  0.000011
    12     83    996  -559.380614  0.000156  0.000012
    13     76    988  -559.380593  0.000162  0.000013
    14     71    994  -559.380618  0.000141  0.000012
    15     66    990  -559.380605  0.000162  0.000014
    16     62    992  -559.380611  0.000150  0.000014
    17     58    986  -559.380604  0.000151  0.000014
    18     55    990  -559.380608  0.000145  0.000014
    19     52    988  -559.380596  0.000132  0.000013
    20     50   1000  -559.380630  0.000150  0.000015
    21     47    987  -559.380605  0.000150  0.000016
    22     45    990  -559.380613  0.000150  0.000016
    23     43    989  -559.380610  0.000148  0.000016
    24     41    984  -559.380613  0.000163  0.000018
    25     40   1000  -559.380636  0.000144  0.000016
Fit (variance): plateau_var = 2.243639e-08 ± 7.331428e-10
Fit (error):    plateau = 0.000150 ± 0.000002
     autocorrelation length ~ 0.8 blocks
     plateau reached at block size ~ 4
Final AFQMC/pt2CCSD overlap ratio: 1.002411 ± 0.000057
Final AFQMC/pt2CCSD energy: -559.380648 ± 0.000150
Total run time: 619.90

AFQMC Sampling Finished

