
    ________                     _____                    
    ___  __ \___  __________________(_)_____________ _    
    __  /_/ /  / / /_  __ \_  __ \_  /__  __ \_  __ `/    
    _  _, _// /_/ /_  / / /  / / /  / _  / / /  /_/ /     
    /_/ |_| \__,_/ /_/ /_//_/ /_//_/  /_/ /_/_\__, /      
                                             /____/       
    _____________________________  ___________            
    ___    |__  ____/_  __ \__   |/  /_  ____/            
    __  /| |_  /_   _  / / /_  /|_/ /_  /                 
    _  ___ |  __/   / /_/ /_  /  / / / /___               
    /_/  |_/_/      \___\_\/_/  /_/  \____/               

Hostname:     gpue02.delta.ncsa.illinois.edu
System:       Linux
Node:         gpue02.delta.ncsa.illinois.edu
Release:      5.14.0-427.91.1.el9_4.x86_64
Machine:      x86_64
Processor:    x86_64
JAX backend:  GPU
JAX devices:  [CudaDevice(id=0)]
Device kind:  NVIDIA H200
Platform:     gpu

Load system from Integral File
Maximum memory per walker:            83.33 MB
Maximum number of Cholesky per chunk: 360
Number of Cholesky chunks:            2
Number of Cholesky per chunk:         280
Number of padding Cholesky:           0

QMC System
Number of electrons: (9, 9)
Spin Multiplicity:   0
Number of orbitals:  87
Number of Chol:      560

QMC Parameters
eql_time            :                   50
n_blocks            :                 1000
n_walkers           :                  300
max_error           :                  0.0
seed                :                   17
walker_type         :                  uhf
trial               :             upt2ccsd
mix_precision       :                 True
max_memory          :                25000
dt                  :                0.005
n_exp_terms         :                    6
n_prop_steps        :                   50
save_walkers        :                False
free_projection     :                False
n_batch             :                    1
nchol_chunk         :                  280

Initalize QMC walkers by stochastic CCSD

Equilibration
inv_T        weight  killW        energy   runTime
 0.00    300.000000      0   -589.401909     89.87
 5.00    298.395308      0   -589.450249     99.07
10.00    299.186590      0   -589.438795    100.89
15.00    299.877538      0   -589.507934    102.72
20.00    298.101034      0   -589.415818    104.55
25.00    299.753068      0   -589.517327    106.38
30.00    299.189319      0   -589.424155    108.21
35.00    298.273913      0   -589.430266    110.04
40.00    299.949888      0   -589.479042    111.86
45.00    299.278305      0   -589.442539    113.69
50.00    299.582553      0   -589.486550    115.52

Sampling
blocks        weight  killW       E_Guide     error       E_Trial     error     olp_T/G     error  Walltime
    20    298.737479      0   -589.444194  0.009363   -589.441890  0.002112    1.100675  0.002034  130.89
    40    298.710923      1   -589.445911  0.005182   -589.441757  0.001802    1.098744  0.002373  139.90
    60    298.728711      5   -589.447531  0.003628   -589.443163  0.001474    1.097882  0.001848  149.03
    80    298.799953      6   -589.452143  0.004755   -589.444413  0.001949    1.100871  0.002725  158.16
   100    298.747987      6   -589.454438  0.004418   -589.445305  0.001822    1.099693  0.002400  167.28
   120    298.639031      7   -589.450788  0.004615   -589.444240  0.001695    1.100608  0.002092  176.40
   140    298.604214     10   -589.450688  0.003997   -589.444449  0.001505    1.099858  0.001853  185.53
   160    298.592981     10   -589.450005  0.003658   -589.444760  0.001355    1.098605  0.001829  194.65
   180    298.552071     10   -589.450275  0.003332   -589.444711  0.001234    1.099227  0.001685  203.78
   200    298.524183     12   -589.450777  0.003050   -589.444502  0.001127    1.099413  0.001522  212.90
   220    298.532224     12   -589.451850  0.002798   -589.444824  0.001061    1.099189  0.001398  222.03
   240    298.516245     12   -589.452234  0.002652   -589.444560  0.001007    1.098813  0.001310  231.15
   260    298.487418     12   -589.451050  0.002619   -589.444423  0.000944    1.098659  0.001219  240.27
   280    298.459074     13   -589.450292  0.002488   -589.444290  0.000890    1.098144  0.001186  249.39
   300    298.431676     13   -589.449729  0.002452   -589.444106  0.000842    1.097807  0.001148  258.52
   320    298.418611     15   -589.448909  0.002387   -589.444220  0.000807    1.097462  0.001103  267.65
   340    298.416341     17   -589.449468  0.002269   -589.444238  0.000785    1.097348  0.001046  276.77
   360    298.406191     18   -589.449373  0.002141   -589.444171  0.000750    1.097177  0.000997  285.89
   380    298.390407     21   -589.449268  0.002153   -589.444066  0.000718    1.097207  0.000954  295.02
   400    298.398242     22   -589.449801  0.002098   -589.444336  0.000697    1.097317  0.000910  304.14
   420    298.397716     22   -589.449965  0.002048   -589.444290  0.000676    1.097315  0.000866  313.27
   440    298.399710     22   -589.450116  0.001966   -589.444224  0.000651    1.097635  0.000864  322.39
   460    298.393425     22   -589.449714  0.001932   -589.444282  0.000631    1.097798  0.000871  331.52
   480    298.392528     23   -589.449581  0.001871   -589.444223  0.000608    1.097744  0.000836  340.64
   500    298.380084     25   -589.448951  0.001851   -589.444074  0.000590    1.098045  0.000850  349.76
   520    298.373575     26   -589.449017  0.001793   -589.444155  0.000581    1.098179  0.000827  358.89
   540    298.367312     27   -589.448592  0.001752   -589.444097  0.000565    1.098242  0.000798  368.02
   560    298.367729     29   -589.448757  0.001727   -589.444096  0.000555    1.098256  0.000807  377.14
   580    298.358985     30   -589.448920  0.001700   -589.444119  0.000544    1.098318  0.000788  386.27
   600    298.350267     30   -589.448969  0.001654   -589.444088  0.000534    1.098143  0.000794  395.39
   620    298.346074     33   -589.449007  0.001649   -589.444251  0.000539    1.098036  0.000774  404.51
   640    298.343456     38   -589.448939  0.001602   -589.444292  0.000529    1.098024  0.000783  413.64
   660    298.343699     40   -589.449379  0.001611   -589.444640  0.000555    1.097893  0.000769  422.77
   680    298.344440     41   -589.449304  0.001589   -589.445272  0.000765    1.097758  0.000790  431.90
   700    298.341792     43   -589.449515  0.001551   -589.445316  0.000748    1.097607  0.000779  441.02
   720    298.336825     44   -589.449667  0.001516   -589.445261  0.000730    1.097469  0.000789  450.15
   740    298.334974     44   -589.449309  0.001529   -589.445134  0.000713    1.097554  0.000777  459.27
   760    298.325639     45   -589.448999  0.001499   -589.444991  0.000698    1.097599  0.000764  468.39
   780    298.326999     46   -589.449375  0.001468   -589.445104  0.000684    1.097497  0.000750  477.62
   800    298.324734     47   -589.449358  0.001440   -589.445085  0.000670    1.097435  0.000722  486.64
   820    298.323143     52   -589.449597  0.001493   -589.445240  0.000662    1.097537  0.000707  495.77
   840    298.320190     53   -589.449295  0.001495   -589.445224  0.000648    1.097641  0.000742  504.89
   860    298.312584     54   -589.448767  0.001496   -589.445178  0.000635    1.097610  0.000726  514.02
   880    298.309516     58   -589.448553  0.001561   -589.444983  0.000631    1.097626  0.000712  525.41
   900    298.301710     59   -589.448350  0.001547   -589.444994  0.000619    1.097464  0.000701  534.53
   920    298.302415     60   -589.448408  0.001516   -589.445002  0.000607    1.097295  0.000705  543.66
   940    298.301959     60   -589.448336  0.001486   -589.444997  0.000596    1.097323  0.000694  552.78
   960    298.296676     60   -589.448143  0.001473   -589.445015  0.000585    1.097393  0.000683  562.44
   980    298.295472     60   -589.447979  0.001462   -589.445053  0.000574    1.097531  0.000677  571.45
  1000    298.296028     61   -589.447921  0.001432   -589.445059  0.000565    1.097536  0.000675  580.58

Post Propagation Process
Total number of samples 1000
Raw AFQMC/HF (Guide) energy:           -589.447921 ± 0.001432
Raw Trial/Guide overlap ratio:          1.097536 ± 0.000675
Raw AFQMC/pt2CCSD energy (covariance): -589.445059 ± 0.000565
Raw AFQMC/pt2CCSD energy (dir sample): -589.445059 ± 0.000495

Remove Outliers
removing energies outside zeta > 30
Outlier energy bound [-589.677957, -589.208413]
Removed 1 outliers with energies [-589.80366429]
Clean AFQMC/pt2CCSD overlap ratio:        1.097537 ± 0.000667
Clean AFQMC/pt2CCSD energy (covariance): -589.444700 ± 0.000430
Clean AFQMC/ptCCSD energy (dir sample):  -589.444700 ± 0.000341

Blocking Analysis
nsample = 999, max_block_size = 24, min_nblocks = 40
   B    NB    NS  Observable     Error    dError
   1   999   999    1.097538  0.000216  0.000005
   2   499   998    1.097533  0.000293  0.000009
   3   333   999    1.097538  0.000348  0.000014
   4   249   996    1.097531  0.000392  0.000018
   5   199   995    1.097529  0.000429  0.000022
   6   166   996    1.097531  0.000457  0.000025
   7   142   994    1.097523  0.000483  0.000029
   8   124   992    1.097522  0.000516  0.000033
   9   111   999    1.097537  0.000529  0.000036
  10    99   990    1.097523  0.000564  0.000040
  11    90   990    1.097523  0.000552  0.000041
  12    83   996    1.097530  0.000579  0.000045
  13    76   988    1.097516  0.000592  0.000048
  14    71   994    1.097523  0.000616  0.000052
  15    66   990    1.097523  0.000642  0.000056
  16    62   992    1.097522  0.000589  0.000053
  17    58   986    1.097516  0.000651  0.000061
  18    55   990    1.097523  0.000661  0.000064
  19    52   988    1.097515  0.000631  0.000062
  20    49   980    1.097534  0.000637  0.000065
  21    47   987    1.097514  0.000637  0.000066
  22    45   990    1.097523  0.000610  0.000065
  23    43   989    1.097518  0.000667  0.000073
  24    41   984    1.097527  0.000642  0.000072
Fit (variance): plateau_var = 4.875e-07 ± 5.467e-08
Fit (error):    plateau = 0.000698 ± 0.000039
     autocorrelation length ~ 10.7 blocks
     plateau reached at block size ~ 50
     !!!Failed to reach plateau in blocking
     Return max block error
nclean = 999, max_block_size = 24, min_nblocks = 40
Blk_SZ   NBlk   NSmp      Energy     Error    dError
     1    999    999  -589.444421  0.000341  0.000008
     2    499    998  -589.444491  0.000377  0.000012
     3    333    999  -589.444527  0.000405  0.000016
     4    249    996  -589.444550  0.000411  0.000018
     5    199    995  -589.444573  0.000437  0.000022
     6    166    996  -589.444596  0.000419  0.000023
     7    142    994  -589.444599  0.000445  0.000027
     8    124    992  -589.444625  0.000399  0.000025
     9    111    999  -589.444622  0.000442  0.000030
    10     99    990  -589.444629  0.000474  0.000034
    11     90    990  -589.444646  0.000431  0.000032
    12     83    996  -589.444636  0.000411  0.000032
    13     76    988  -589.444677  0.000445  0.000036
    14     71    994  -589.444648  0.000467  0.000039
    15     66    990  -589.444650  0.000478  0.000042
    16     62    992  -589.444676  0.000407  0.000037
    17     58    986  -589.444693  0.000451  0.000042
    18     55    990  -589.444670  0.000421  0.000041
    19     52    988  -589.444691  0.000489  0.000048
    20     49    980  -589.444645  0.000496  0.000051
    21     47    987  -589.444704  0.000468  0.000049
    22     45    990  -589.444682  0.000453  0.000048
    23     43    989  -589.444696  0.000461  0.000050
    24     41    984  -589.444661  0.000421  0.000047
Fit (variance): plateau_var = 1.947056e-07 ± 8.726862e-09
Fit (error):    plateau = 0.000441 ± 0.000010
     autocorrelation length ~ 2.5 blocks
     plateau reached at block size ~ 11
Final AFQMC/pt2CCSD overlap ratio: 1.097537 ± 0.000667
Final AFQMC/pt2CCSD energy: -589.444700 ± 0.000441
Total run time: 596.50

AFQMC Sampling Finished

