
    ________                     _____                    
    ___  __ \___  __________________(_)_____________ _    
    __  /_/ /  / / /_  __ \_  __ \_  /__  __ \_  __ `/    
    _  _, _// /_/ /_  / / /  / / /  / _  / / /  /_/ /     
    /_/ |_| \__,_/ /_/ /_//_/ /_//_/  /_/ /_/_\__, /      
                                             /____/       
    _____________________________  ___________            
    ___    |__  ____/_  __ \__   |/  /_  ____/            
    __  /| |_  /_   _  / / /_  /|_/ /_  /                 
    _  ___ |  __/   / /_/ /_  /  / / / /___               
    /_/  |_/_/      \___\_\/_/  /_/  \____/               

Hostname:     gpue02.delta.ncsa.illinois.edu
System:       Linux
Node:         gpue02.delta.ncsa.illinois.edu
Release:      5.14.0-427.91.1.el9_4.x86_64
Machine:      x86_64
Processor:    x86_64
JAX backend:  GPU
JAX devices:  [CudaDevice(id=0)]
Device kind:  NVIDIA H200
Platform:     gpu

Load system from Integral File
Maximum memory per walker:            83.33 MB
Maximum number of Cholesky per chunk: 236
Number of Cholesky chunks:            4
Number of Cholesky per chunk:         234
Number of padding Cholesky:           2

QMC System
Number of electrons: (12, 12)
Spin Multiplicity:   0
Number of orbitals:  152
Number of Chol:      934

QMC Parameters
eql_time            :                   50
n_blocks            :                 1000
n_walkers           :                  300
max_error           :                  0.0
seed                :                   17
walker_type         :                  rhf
trial               :              pt2ccsd
mix_precision       :                 True
max_memory          :                25000
dt                  :                0.005
n_exp_terms         :                    6
n_prop_steps        :                   50
save_walkers        :                False
free_projection     :                False
n_batch             :                    1
nchol_chunk         :                  234

Initalize QMC walkers by stochastic CCSD

Equilibration
inv_T        weight  killW        energy   runTime
 0.00    300.000000      0   -873.875049     27.65
 5.00    299.369514      0   -873.932687     35.28
10.00    297.832456      0   -873.905352     37.48
15.00    298.435111      0   -873.906877     39.68
20.00    299.122559      0   -873.895748     41.88
25.00    298.127978      0   -873.883096     44.08
30.00    298.323183      0   -873.905347     46.28
35.00    297.966171      0   -873.910293     48.48
40.00    298.736433      0   -873.927076     50.69
45.00    299.285997      0   -873.935433     52.88
50.00    298.568986      0   -873.927150     55.08

Sampling
blocks        weight  killW       E_Guide     error       E_Trial     error     olp_T/G     error  Walltime
    20    298.623694      0   -873.927032  0.006117   -873.914189  0.001166    1.002436  0.000464  101.57
    40    298.519205      0   -873.919340  0.006696   -873.913365  0.000914    1.003326  0.000582  145.23
    60    298.440807      0   -873.918184  0.005438   -873.913148  0.000716    1.003688  0.000449  188.96
    80    298.339679      0   -873.915194  0.004263   -873.912607  0.000600    1.003808  0.000380  232.71
   100    298.379249      0   -873.919695  0.004611   -873.913611  0.000591    1.003682  0.000290  276.81
   120    298.329957      0   -873.919232  0.003857   -873.913918  0.000535    1.003622  0.000250  320.57
   140    298.298972      0   -873.919942  0.003357   -873.913354  0.000495    1.003619  0.000215  364.21
   160    298.282383      0   -873.920028  0.002964   -873.913286  0.000469    1.003599  0.000190  407.99
   180    298.235301      0   -873.919283  0.002716   -873.913035  0.000441    1.003544  0.000168  453.54
   200    298.203768      1   -873.918416  0.002512   -873.912804  0.000420    1.003491  0.000156  496.00
   220    298.202449      1   -873.919693  0.002575   -873.913090  0.000420    1.003507  0.000144  539.74
   240    298.193097      1   -873.920171  0.002607   -873.912979  0.000397    1.003475  0.000136  583.50
   260    298.159202      1   -873.920291  0.002442   -873.912861  0.000377    1.003445  0.000137  632.84
   280    298.160853      1   -873.921317  0.002365   -873.913019  0.000368    1.003494  0.000131  675.29
   300    298.132304      2   -873.919961  0.002429   -873.912863  0.000353    1.003518  0.000123  719.08
   320    298.131583      2   -873.920169  0.002289   -873.912916  0.000338    1.003505  0.000116  765.34
   340    298.114678      2   -873.919751  0.002182   -873.912896  0.000324    1.003500  0.000111  809.20
   360    298.115316      3   -873.920495  0.002114   -873.913204  0.000325    1.003512  0.000106  854.46
   380    298.112981      3   -873.921338  0.002096   -873.913368  0.000321    1.003467  0.000106  900.62
   400    298.104483      3   -873.921268  0.002014   -873.913340  0.000311    1.003514  0.000106  946.28
   420    298.101683      3   -873.921465  0.001955   -873.913086  0.000309    1.003550  0.000106  990.04
   440    298.093253      3   -873.921547  0.002036   -873.913174  0.000305    1.003547  0.000105 1034.20
   460    298.073525      3   -873.920765  0.002000   -873.913003  0.000300    1.003598  0.000106 1077.81
   480    298.053386      3   -873.920240  0.002150   -873.912888  0.000294    1.003603  0.000110 1120.82
   500    298.046957      3   -873.919368  0.002217   -873.912710  0.000288    1.003590  0.000107 1164.59
   520    298.045259      3   -873.919578  0.002119   -873.912773  0.000286    1.003568  0.000103 1209.09
   540    298.038861      3   -873.919515  0.002059   -873.912898  0.000291    1.003531  0.000103 1253.13
   560    298.032411      3   -873.919459  0.002015   -873.912912  0.000286    1.003534  0.000104 1296.62
   580    298.028609      3   -873.919070  0.001934   -873.912840  0.000280    1.003536  0.000101 1340.37
   600    298.028621      4   -873.919261  0.001890   -873.912872  0.000274    1.003540  0.000099 1384.11
   620    298.025957      4   -873.919432  0.001869   -873.912865  0.000268    1.003535  0.000095 1428.14
   640    298.023755      4   -873.919393  0.001821   -873.912926  0.000265    1.003519  0.000093 1471.62
   660    298.018269      4   -873.918974  0.001787   -873.912850  0.000260    1.003520  0.000089 1515.35
   680    298.009976      4   -873.918704  0.001787   -873.912872  0.000254    1.003522  0.000092 1560.41
   700    298.006030      4   -873.918396  0.001746   -873.912838  0.000250    1.003512  0.000091 1605.36
   720    298.002566      4   -873.918422  0.001704   -873.912857  0.000246    1.003501  0.000090 1651.47
   740    298.002006      4   -873.918373  0.001670   -873.912855  0.000244    1.003517  0.000089 1693.97
   760    297.997019      4   -873.918314  0.001658   -873.912812  0.000240    1.003532  0.000088 1737.72
   780    298.000318      4   -873.918370  0.001629   -873.912788  0.000236    1.003538  0.000087 1781.45
   800    297.996885      4   -873.918002  0.001599   -873.912742  0.000232    1.003528  0.000085 1825.71
   820    297.994192      4   -873.917866  0.001565   -873.912691  0.000228    1.003528  0.000084 1870.78
   840    297.994719      4   -873.917921  0.001529   -873.912707  0.000226    1.003538  0.000085 1913.24
   860    298.000616      4   -873.918180  0.001508   -873.912683  0.000222    1.003535  0.000085 1956.98
   880    298.001037      5   -873.918444  0.001523   -873.912719  0.000219    1.003525  0.000083 2000.75
   900    298.005483      5   -873.918742  0.001500   -873.912766  0.000216    1.003529  0.000082 2044.62
   920    298.003812      5   -873.918951  0.001511   -873.912831  0.000213    1.003520  0.000080 2088.24
   940    298.001500      5   -873.918884  0.001511   -873.912857  0.000210    1.003520  0.000080 2132.00
   960    297.995577      5   -873.918653  0.001474   -873.912889  0.000208    1.003518  0.000078 2182.57
   980    297.993869      5   -873.918238  0.001488   -873.912848  0.000205    1.003533  0.000076 2226.35
  1000    297.998597      5   -873.918293  0.001519   -873.912862  0.000203    1.003543  0.000076 2271.36

Post Propagation Process
Total number of samples 1000
Raw AFQMC/HF (Guide) energy:           -873.918293 ± 0.001519
Raw Trial/Guide overlap ratio:          1.003543 ± 0.000076
Raw AFQMC/pt2CCSD energy (covariance): -873.912862 ± 0.000203
Raw AFQMC/pt2CCSD energy (dir sample): -873.912862 ± 0.000175

Remove Outliers
removing energies outside zeta > 30
Outlier energy bound [-874.059527, -873.764702]
Removed 0 outliers with energies []
Clean AFQMC/pt2CCSD overlap ratio:        1.003543 ± 0.000076
Clean AFQMC/pt2CCSD energy (covariance): -873.912862 ± 0.000203
Clean AFQMC/ptCCSD energy (dir sample):  -873.912862 ± 0.000175

Blocking Analysis
nsample = 1000, max_block_size = 25, min_nblocks = 40
   B    NB    NS  Observable     Error    dError
   1  1000  1000    1.003544  0.000024  0.000001
   2   500  1000    1.003544  0.000032  0.000001
   3   333   999    1.003543  0.000038  0.000001
   4   250  1000    1.003544  0.000043  0.000002
   5   200  1000    1.003544  0.000047  0.000002
   6   166   996    1.003542  0.000050  0.000003
   7   142   994    1.003540  0.000053  0.000003
   8   125  1000    1.003544  0.000055  0.000004
   9   111   999    1.003543  0.000058  0.000004
  10   100  1000    1.003544  0.000059  0.000004
  11    90   990    1.003539  0.000062  0.000005
  12    83   996    1.003542  0.000065  0.000005
  13    76   988    1.003538  0.000065  0.000005
  14    71   994    1.003540  0.000068  0.000006
  15    66   990    1.003539  0.000067  0.000006
  16    62   992    1.003540  0.000066  0.000006
  17    58   986    1.003538  0.000071  0.000007
  18    55   990    1.003539  0.000072  0.000007
  19    52   988    1.003538  0.000072  0.000007
  20    50  1000    1.003543  0.000070  0.000007
  21    47   987    1.003537  0.000076  0.000008
  22    45   990    1.003539  0.000074  0.000008
  23    43   989    1.003539  0.000073  0.000008
  24    41   984    1.003536  0.000074  0.000008
  25    40  1000    1.003544  0.000076  0.000009
Fit (variance): plateau_var = 6.562e-09 ± 8.571e-10
Fit (error):    plateau = 0.000081 ± 0.000005
     autocorrelation length ~ 12.8 blocks
     plateau reached at block size ~ 59
     !!!Failed to reach plateau in blocking
     Return max block error
nclean = 1000, max_block_size = 25, min_nblocks = 40
Blk_SZ   NBlk   NSmp      Energy     Error    dError
     1   1000   1000  -873.912688  0.000175  0.000004
     2    500   1000  -873.912716  0.000207  0.000007
     3    333    999  -873.912737  0.000228  0.000009
     4    250   1000  -873.912746  0.000239  0.000011
     5    200   1000  -873.912751  0.000242  0.000012
     6    166    996  -873.912742  0.000254  0.000014
     7    142    994  -873.912749  0.000262  0.000016
     8    125   1000  -873.912772  0.000273  0.000017
     9    111    999  -873.912791  0.000287  0.000019
    10    100   1000  -873.912797  0.000268  0.000019
    11     90    990  -873.912756  0.000282  0.000021
    12     83    996  -873.912768  0.000283  0.000022
    13     76    988  -873.912766  0.000290  0.000024
    14     71    994  -873.912779  0.000271  0.000023
    15     66    990  -873.912771  0.000288  0.000025
    16     62    992  -873.912776  0.000300  0.000027
    17     58    986  -873.912774  0.000305  0.000029
    18     55    990  -873.912791  0.000283  0.000027
    19     52    988  -873.912782  0.000313  0.000031
    20     50   1000  -873.912817  0.000322  0.000032
    21     47    987  -873.912785  0.000281  0.000029
    22     45    990  -873.912791  0.000304  0.000032
    23     43    989  -873.912793  0.000312  0.000034
    24     41    984  -873.912797  0.000295  0.000033
    25     40   1000  -873.912818  0.000289  0.000033
Fit (variance): plateau_var = 8.706513e-08 ± 5.403677e-09
Fit (error):    plateau = 0.000295 ± 0.000009
     autocorrelation length ~ 4.9 blocks
     plateau reached at block size ~ 22
Final AFQMC/pt2CCSD overlap ratio: 1.003543 ± 0.000076
Final AFQMC/pt2CCSD energy: -873.912862 ± 0.000295
Total run time: 2391.38

AFQMC Sampling Finished

