
    ________                     _____                    
    ___  __ \___  __________________(_)_____________ _    
    __  /_/ /  / / /_  __ \_  __ \_  /__  __ \_  __ `/    
    _  _, _// /_/ /_  / / /  / / /  / _  / / /  /_/ /     
    /_/ |_| \__,_/ /_/ /_//_/ /_//_/  /_/ /_/_\__, /      
                                             /____/       
    _____________________________  ___________            
    ___    |__  ____/_  __ \__   |/  /_  ____/            
    __  /| |_  /_   _  / / /_  /|_/ /_  /                 
    _  ___ |  __/   / /_/ /_  /  / / / /___               
    /_/  |_/_/      \___\_\/_/  /_/  \____/               

Hostname:     gpue02.delta.ncsa.illinois.edu
System:       Linux
Node:         gpue02.delta.ncsa.illinois.edu
Release:      5.14.0-427.91.1.el9_4.x86_64
Machine:      x86_64
Processor:    x86_64
JAX backend:  GPU
JAX devices:  [CudaDevice(id=0)]
Device kind:  NVIDIA H200
Platform:     gpu

Load system from Integral File
Maximum memory per walker:            83.33 MB
Maximum number of Cholesky per chunk: 274
Number of Cholesky chunks:            4
Number of Cholesky per chunk:         206
Number of padding Cholesky:           0

QMC System
Number of electrons: (10, 10)
Spin Multiplicity:   0
Number of orbitals:  141
Number of Chol:      824

QMC Parameters
eql_time            :                   50
n_blocks            :                 1000
n_walkers           :                  300
max_error           :                  0.0
seed                :                   17
walker_type         :                  rhf
trial               :              pt2ccsd
mix_precision       :                 True
max_memory          :                25000
dt                  :                0.005
n_exp_terms         :                    6
n_prop_steps        :                   50
save_walkers        :                False
free_projection     :                False
n_batch             :                    1
nchol_chunk         :                  206

Initalize QMC walkers by stochastic CCSD

Equilibration
inv_T        weight  killW        energy   runTime
 0.00    300.000000      0   -154.763393    266.35
 5.00    298.914841      0   -154.773098    279.72
10.00    298.570407      0   -154.772206    281.58
15.00    299.609343      0   -154.789519    283.45
20.00    298.152670      0   -154.770094    285.31
25.00    298.750950      0   -154.761675    287.18
30.00    298.791380      0   -154.808519    289.04
35.00    298.597646      0   -154.797587    290.91
40.00    298.808692      0   -154.812477    292.77
45.00    299.536664      0   -154.800498    294.63
50.00    299.107964      0   -154.776805    296.49

Sampling
blocks        weight  killW       E_Guide     error       E_Trial     error     olp_T/G     error  Walltime
    20    298.701752      0   -154.791006  0.008430   -154.787386  0.000875    1.001354  0.000190  342.39
    40    298.823945      0   -154.797011  0.009615   -154.787677  0.000671    1.001628  0.000263  376.13
    60    298.820818      0   -154.795207  0.007177   -154.787730  0.000559    1.001784  0.000198  411.27
    80    298.793230      0   -154.796343  0.005483   -154.787843  0.000520    1.001776  0.000145  446.02
   100    298.751916      0   -154.794714  0.004621   -154.787504  0.000450    1.001815  0.000107  480.70
   120    298.699461      0   -154.792950  0.003983   -154.787410  0.000421    1.001857  0.000099  515.85
   140    298.706585      0   -154.793691  0.003576   -154.787517  0.000391    1.001832  0.000087  550.68
   160    298.674721      1   -154.793621  0.003102   -154.787409  0.000360    1.001800  0.000079  585.37
   180    298.633817      1   -154.793855  0.002974   -154.787399  0.000335    1.001738  0.000083  620.09
   200    298.610145      1   -154.792495  0.002788   -154.787249  0.000312    1.001762  0.000077  654.80
   220    298.604632      1   -154.792957  0.002636   -154.787315  0.000294    1.001755  0.000070  689.51
   240    298.592306      1   -154.792273  0.002440   -154.787162  0.000280    1.001730  0.000067  725.52
   260    298.582570      2   -154.792335  0.002288   -154.787164  0.000269    1.001745  0.000064  760.42
   280    298.566691      2   -154.791853  0.002175   -154.787150  0.000259    1.001784  0.000066  794.49
   300    298.552118      2   -154.792207  0.002063   -154.787179  0.000249    1.001775  0.000062  829.50
   320    298.541240      2   -154.791782  0.001958   -154.787157  0.000236    1.001789  0.000060  865.23
   340    298.547167      2   -154.792454  0.001994   -154.787268  0.000227    1.001792  0.000056  899.98
   360    298.542639      2   -154.792356  0.001915   -154.787264  0.000218    1.001791  0.000053  934.69
   380    298.539764      2   -154.792158  0.001905   -154.787379  0.000285    1.001808  0.000052  969.41
   400    298.545123      2   -154.792175  0.001863   -154.787369  0.000276    1.001807  0.000050 1004.17
   420    298.539627      2   -154.792176  0.001801   -154.787407  0.000266    1.001778  0.000052 1039.47
   440    298.532252      2   -154.792085  0.001731   -154.787391  0.000257    1.001780  0.000052 1074.90
   460    298.522977      2   -154.791640  0.001695   -154.787456  0.000253    1.001759  0.000051 1108.91
   480    298.525455      2   -154.791628  0.001637   -154.787391  0.000245    1.001759  0.000053 1143.80
   500    298.523252      2   -154.791488  0.001585   -154.787386  0.000238    1.001758  0.000052 1179.21
   520    298.521552      2   -154.791733  0.001546   -154.787426  0.000233    1.001749  0.000050 1213.29
   540    298.520954      2   -154.791912  0.001475   -154.787397  0.000227    1.001753  0.000049 1247.98
   560    298.511206      3   -154.791515  0.001467   -154.787355  0.000222    1.001754  0.000048 1282.70
   580    298.500042      3   -154.791409  0.001436   -154.787341  0.000217    1.001749  0.000047 1317.89
   600    298.498205      3   -154.791679  0.001423   -154.787427  0.000217    1.001747  0.000046 1352.66
   620    298.492024      3   -154.791613  0.001366   -154.787396  0.000212    1.001762  0.000046 1387.12
   640    298.490393      3   -154.791701  0.001354   -154.787425  0.000212    1.001761  0.000045 1421.90
   660    298.488521      3   -154.791862  0.001321   -154.787413  0.000207    1.001758  0.000044 1456.61
   680    298.483692      3   -154.791617  0.001297   -154.787379  0.000202    1.001761  0.000043 1491.65
   700    298.474599      3   -154.791330  0.001275   -154.787347  0.000200    1.001764  0.000042 1526.37
   720    298.467098      3   -154.791261  0.001259   -154.787321  0.000196    1.001757  0.000044 1561.08
   740    298.464377      3   -154.791176  0.001236   -154.787319  0.000193    1.001760  0.000043 1595.79
   760    298.464467      3   -154.791171  0.001191   -154.787307  0.000190    1.001753  0.000043 1631.82
   780    298.464578      3   -154.791071  0.001172   -154.787278  0.000187    1.001755  0.000042 1666.39
   800    298.467044      3   -154.791218  0.001151   -154.787275  0.000184    1.001753  0.000041 1703.67
   820    298.464196      3   -154.790967  0.001161   -154.787231  0.000181    1.001756  0.000040 1739.90
   840    298.463971      3   -154.790789  0.001136   -154.787210  0.000177    1.001755  0.000039 1776.69
   860    298.464371      3   -154.790896  0.001118   -154.787235  0.000175    1.001750  0.000039 1811.69
   880    298.460172      3   -154.790840  0.001100   -154.787232  0.000173    1.001757  0.000039 1846.63
   900    298.456688      3   -154.790884  0.001069   -154.787218  0.000170    1.001757  0.000039 1881.19
   920    298.458756      3   -154.790999  0.001057   -154.787265  0.000169    1.001755  0.000038 1915.90
   940    298.461625      3   -154.791073  0.001038   -154.787287  0.000167    1.001755  0.000037 1951.22
   960    298.461704      3   -154.791000  0.001023   -154.787338  0.000167    1.001753  0.000037 1985.31
   980    298.467404      3   -154.791244  0.001006   -154.787368  0.000167    1.001752  0.000036 2020.13
  1000    298.469728      3   -154.791247  0.001012   -154.787370  0.000165    1.001745  0.000038 2054.81

Post Propagation Process
Total number of samples 1000
Raw AFQMC/HF (Guide) energy:           -154.791247 ± 0.001012
Raw Trial/Guide overlap ratio:          1.001745 ± 0.000038
Raw AFQMC/pt2CCSD energy (covariance): -154.787370 ± 0.000165
Raw AFQMC/pt2CCSD energy (dir sample): -154.787370 ± 0.000138

Remove Outliers
removing energies outside zeta > 30
Outlier energy bound [-154.890978, -154.682442]
Removed 0 outliers with energies []
Clean AFQMC/pt2CCSD overlap ratio:        1.001745 ± 0.000038
Clean AFQMC/pt2CCSD energy (covariance): -154.787370 ± 0.000165
Clean AFQMC/ptCCSD energy (dir sample):  -154.787370 ± 0.000138

Blocking Analysis
nsample = 1000, max_block_size = 25, min_nblocks = 40
   B    NB    NS  Observable     Error    dError
   1  1000  1000    1.001745  0.000015  0.000000
   2   500  1000    1.001745  0.000020  0.000001
   3   333   999    1.001745  0.000023  0.000001
   4   250  1000    1.001745  0.000025  0.000001
   5   200  1000    1.001745  0.000026  0.000001
   6   166   996    1.001744  0.000028  0.000002
   7   142   994    1.001743  0.000030  0.000002
   8   125  1000    1.001745  0.000031  0.000002
   9   111   999    1.001745  0.000030  0.000002
  10   100  1000    1.001745  0.000031  0.000002
  11    90   990    1.001743  0.000033  0.000002
  12    83   996    1.001744  0.000034  0.000003
  13    76   988    1.001743  0.000034  0.000003
  14    71   994    1.001743  0.000034  0.000003
  15    66   990    1.001743  0.000034  0.000003
  16    62   992    1.001742  0.000034  0.000003
  17    58   986    1.001745  0.000035  0.000003
  18    55   990    1.001743  0.000035  0.000003
  19    52   988    1.001743  0.000034  0.000003
  20    50  1000    1.001745  0.000033  0.000003
  21    47   987    1.001744  0.000035  0.000004
  22    45   990    1.001743  0.000037  0.000004
  23    43   989    1.001743  0.000036  0.000004
  24    41   984    1.001746  0.000033  0.000004
  25    40  1000    1.001745  0.000038  0.000004
Fit (variance): plateau_var = 1.249e-09 ± 8.580e-11
Fit (error):    plateau = 0.000035 ± 0.000001
     autocorrelation length ~ 6.1 blocks
     plateau reached at block size ~ 28
     !!!Failed to reach plateau in blocking
     Return max block error
nclean = 1000, max_block_size = 25, min_nblocks = 40
Blk_SZ   NBlk   NSmp      Energy     Error    dError
     1   1000   1000  -154.787265  0.000138  0.000003
     2    500   1000  -154.787288  0.000152  0.000005
     3    333    999  -154.787306  0.000159  0.000006
     4    250   1000  -154.787311  0.000156  0.000007
     5    200   1000  -154.787324  0.000157  0.000008
     6    166    996  -154.787331  0.000170  0.000009
     7    142    994  -154.787347  0.000163  0.000010
     8    125   1000  -154.787336  0.000161  0.000010
     9    111    999  -154.787343  0.000163  0.000011
    10    100   1000  -154.787347  0.000157  0.000011
    11     90    990  -154.787358  0.000162  0.000012
    12     83    996  -154.787355  0.000168  0.000013
    13     76    988  -154.787351  0.000156  0.000013
    14     71    994  -154.787363  0.000164  0.000014
    15     66    990  -154.787365  0.000154  0.000013
    16     62    992  -154.787374  0.000164  0.000015
    17     58    986  -154.787351  0.000155  0.000015
    18     55    990  -154.787366  0.000162  0.000016
    19     52    988  -154.787357  0.000148  0.000015
    20     50   1000  -154.787360  0.000155  0.000016
    21     47    987  -154.787352  0.000157  0.000016
    22     45    990  -154.787372  0.000140  0.000015
    23     43    989  -154.787363  0.000155  0.000017
    24     41    984  -154.787352  0.000154  0.000017
    25     40   1000  -154.787360  0.000166  0.000019
Fit (variance): plateau_var = 2.530625e-08 ± 8.472773e-10
Fit (error):    plateau = 0.000159 ± 0.000003
     autocorrelation length ~ 0.9 blocks
     plateau reached at block size ~ 4
Final AFQMC/pt2CCSD overlap ratio: 1.001745 ± 0.000038
Final AFQMC/pt2CCSD energy: -154.787370 ± 0.000159
Total run time: 2174.13

AFQMC Sampling Finished

