#INFO: **** input file is /work/hdd/bdka/yzhang65/w4_17/w4-17_all/afqmc_input/batch5/run_afqmc.py ****
import os
import sys
import re
#sys.path.insert(0, os.path.join(os.path.dirname(os.path.abspath(__file__)), '..', 'script'))
sys.path.insert(0, '/u/yzhang65/mywork/yzhang65/w4_17/w4-17_all/script')

os.environ.setdefault("XLA_PYTHON_CLIENT_ALLOCATOR", "platform")
import jax
jax.config.update("jax_enable_x64", True)

from pyscf import gto, scf, cc
from afqmc import integral, launch_afqmc
from mol_select import get_xyz_files
import truncate_basis

# ---------------------------------------------------------------------------
# Configuration
# ---------------------------------------------------------------------------
shell            = "closed"  # "closed" or "open"
symmetry         = False
select_molecules = None  # e.g. ["acetaldehyde", "benzene"], or None for all
index            = "81-100"          # e.g. "1-10", "5", "1,3,5-8", or None for all
basis            = "vtzfp"

xyz_dir      = f"../../w4_17_xyz/{shell}_shell"
results_file = f"./{shell}_afqmc_{basis}.dat"
out_dir      = f"../../result/molout/{shell}_shell"
os.makedirs(out_dir, exist_ok=True)

xyz_files = get_xyz_files(xyz_dir, select_molecules=select_molecules, index=index)

# ---------------------------------------------------------------------------
# Write results header
# ---------------------------------------------------------------------------
with open(results_file, "w") as out:
    out.write(f"{'Molecule':<16s} {'E_HF (Eh)':>20s} {'E_CCSD (Eh)':>20s} "
              f"{'E_AFQMC (Eh)':>15s} {'E_AFQMC ERR (Eh)':>15s}\n")

# ---------------------------------------------------------------------------
# Helper
# ---------------------------------------------------------------------------
_afqmc_energy_re = re.compile(
    r"Final AFQMC/pt2CCSD energy:\s*([-+]?\d*\.?\d+(?:[eE][-+]?\d+)?)"
    r"\s*(?:±|\+/-)\s*([-+]?\d*\.?\d+(?:[eE][-+]?\d+)?)"
)

def extract_afqmc_energy(filename):
    try:
        with open(filename, encoding="utf-8") as f:
            for line in f:
                m = _afqmc_energy_re.search(line)
                if m:
                    return float(m.group(1)), float(m.group(2))
    except (OSError, IOError):
        pass
    return 0, 0

# ---------------------------------------------------------------------------
# Main loop
# ---------------------------------------------------------------------------
for xyz_path in xyz_files:
    with open(xyz_path) as f:
        lines = f.readlines()

    second_line = lines[1]
    charge   = int(second_line.split("charge=")[1].split()[0])
    spin     = int(second_line.split("mult=")[1].split()[0]) - 1
    mol_name = second_line.split()[0]
    atoms    = "".join(lines[2:])

    print(f"\n{'='*60}\nRunning: {mol_name}  charge={charge}  spin={spin}\n{'='*60}")

    mol = gto.M(
        atom=atoms,
        basis=truncate_basis.get_basis(atoms, basis),
        verbose=4,
        output=os.path.join(out_dir, f"{mol_name}_{basis}.out"),
        unit="angstrom",
        symmetry=symmetry,
        charge=charge,
        spin=spin,
        max_memory=40000,
    )

    mf = scf.UHF(mol)
    mf.max_cycle = 200
    mf = mf.newton()
    mf.kernel()

    if mol_name == "h":
        with open(results_file, "a") as out:
            out.write(f"{mol_name:<16s} {mf.e_tot:>20.10f} {mf.e_tot:>20.10f} "
                      f"{mf.e_tot:>15.5f} {0.0:>15.5f}\n")
        continue

    stable = False
    for _ in range(10):
        mo_i, _, stable, _ = mf.stability(return_status=True)
        if stable:
            break
        dm = mf.make_rdm1(mo_i, mf.mo_occ)
        mf.kernel(dm0=dm)

    if not stable or not mf.converged:
        print(f"  !! SCF did not converge for {mol_name} — skipping.")
        with open(results_file, "a") as out:
            out.write(f"{mol_name:<16s} {'UNCONVERGED':>20s} {'UNCONVERGED':>20s} {'UNCONVERGED':>20s}\n")
        continue

    mycc = cc.CCSD(mf)
    mycc.set_frozen()
    mycc.kernel()

    integral.prep_integral(mycc, chol_cut=1e-5)
    options = {
        'eql_time':      50,
        'n_blocks':      1000,
        'n_walkers':     300,
        'max_error':     0.0,
        'seed':          17,
        'walker_type':   'uhf',
        'trial':         'upt2ccsd',
        'mix_precision': True,
        'max_memory':    20000, #MB
    }
    launch_afqmc.ph_afqmc(options)

    afqmc_out = os.path.join(out_dir, f"{mol_name}_afqmc_{basis}.out")
    os.system(f"mv afqmc.out {afqmc_out}")
    eqmc, eqmc_err = extract_afqmc_energy(afqmc_out)

    with open(results_file, "a") as out:
        out.write(f"{mol_name:<16s} {mf.e_tot:>20.10f} {mycc.e_tot:>20.10f} "
                  f"{eqmc:>15.5f} {eqmc_err:>15.5f}\n")

    print(f"  => E_HF({mol_name})      = {mf.e_tot:.10f} Eh")
    print(f"  => E_CCSD({mol_name})    = {mycc.e_tot:.10f} Eh")
    print(f"  => E_AFQMC({mol_name})   = {eqmc:.5f} +/- {eqmc_err:.5f} Eh")

print(f"\nAll calculations complete. Results saved to {results_file}")
#INFO: ******************** input file end ********************


System: uname_result(system='Linux', node='gpua057.delta.ncsa.illinois.edu', release='5.14.0-427.91.1.el9_4.x86_64', version='#1 SMP PREEMPT_DYNAMIC Wed Sep 17 10:08:59 EDT 2025', machine='x86_64')  Threads 16
Python 3.11.14 (main, Oct 21 2025, 18:31:21) [GCC 11.2.0]
numpy 2.3.5  scipy 1.16.3  h5py 3.15.1
Date: Sun May 24 00:43:37 2026
PySCF version 2.11.0
PySCF path  /u/yzhang65/myprojects/software/pyscf
GIT HEAD (branch master) f520f5381c0b41f716d847009817cbc64e52c0d5

[ENV] PYSCF_TMPDIR /projects/bdka/yzhang65/scratch/pyscf
[ENV] PYSCF_EXT_PATH /u/yzhang65/myprojects/software/pyscf-forge
[CONFIG] conf_file None
[INPUT] verbose = 4
[INPUT] num. atoms = 3
[INPUT] num. electrons = 26
[INPUT] charge = 0
[INPUT] spin (= nelec alpha-beta = 2S) = 0
[INPUT] symmetry False subgroup None
[INPUT] Mole.unit = angstrom
[INPUT] Symbol           X                Y                Z      unit          X                Y                Z       unit  Magmom
[INPUT]  1 F      0.000000000000   1.100771000000  -0.268941000000 AA    0.000000000000   2.080155715864  -0.508224833667 Bohr   0.0
[INPUT]  2 O      0.000000000000   0.000000000000   0.605118000000 AA    0.000000000000   0.000000000000   1.143507293045 Bohr   0.0
[INPUT]  3 F      0.000000000000  -1.100771000000  -0.268941000000 AA    0.000000000000  -2.080155715864  -0.508224833667 Bohr   0.0

nuclear repulsion = 73.6829871406671
number of shells = 27
number of NR pGTOs = 126
number of NR cGTOs = 90
basis = {'F': [[0, [19500.0, 0.000507, -0.000117], [2923.0, 0.003923, -0.000912], [664.5, 0.0202, -0.004717], [187.5, 0.07901, -0.019086], [60.62, 0.230439, -0.059655], [21.42, 0.432872, -0.14001], [7.95, 0.349964, -0.176782], [0.8815, -0.007892, 0.605043]], [0, [2.257, 1.0]], [0, [0.3041, 1.0]], [1, [43.88, 0.016665], [9.926, 0.104472], [2.93, 0.31726]], [1, [0.9132, 1.0]], [1, [0.2672, 1.0]], [2, [3.107, 1.0]], [2, [0.855, 1.0]], [3, [1.917, 1.0]]], 'O': [[0, [15330.0, 0.000508, -0.000115], [2299.0, 0.003929, -0.000895], [522.4, 0.020243, -0.004636], [147.3, 0.079181, -0.018724], [47.55, 0.230687, -0.058463], [16.76, 0.433118, -0.136463], [6.207, 0.35026, -0.17574], [0.6882, -0.008154, 0.603418]], [0, [1.752, 1.0]], [0, [0.2384, 1.0]], [1, [34.46, 0.015928], [7.749, 0.09974], [2.28, 0.310492]], [1, [0.7156, 1.0]], [1, [0.214, 1.0]], [2, [2.314, 1.0]], [2, [0.645, 1.0]], [3, [1.428, 1.0]]]}
ecp = {}
CPU time:       639.67




******** <class 'pyscf.soscf.newton_ah.SecondOrderUHF'> ********
method = SecondOrderUHF
initial guess = minao
damping factor = 0
level_shift factor = 0
DIIS = <class 'pyscf.scf.diis.CDIIS'>
diis_start_cycle = 1
diis_space = 8
diis_damp = 0
SCF conv_tol = 1e-09
SCF conv_tol_grad = None
SCF max_cycles = 200
direct_scf = True
direct_scf_tol = 1e-13
chkfile to save SCF result = /projects/bdka/yzhang65/scratch/pyscf/tmpwfbwo11w
max_memory 40000 MB (current use 1736 MB)
number electrons alpha = 13  beta = 13
******** <class 'pyscf.scf.uhf.UHF'> Newton solver flags ********
SCF tol = 1e-09
conv_tol_grad = None
max. SCF cycles = 200
direct_scf = True
direct_scf_tol = 1e-13
chkfile to save SCF result = /projects/bdka/yzhang65/scratch/pyscf/tmpwfbwo11w
max_cycle_inner = 12
max_stepsize = 0.05
ah_start_tol = 1e+09
ah_level_shift = 0
ah_conv_tol = 1e-12
ah_lindep = 1e-14
ah_start_cycle = 1
ah_max_cycle = 40
ah_grad_trust_region = 2.5
kf_interval = 4
kf_trust_region = 5
canonicalization = True
max_memory 40000 MB (current use 1736 MB)
Set conv_tol_grad to 3.16228e-05
  alpha nocc = 13  HOMO = -0.290037213805966  LUMO = -0.0323221998745403
  beta  nocc = 13  HOMO = -0.289967770001625  LUMO = -0.0400333119767644
Initial guess E= -273.436506172  |g|= 0.575181
macro= 0  E= -273.557371918553  delta_E= -0.120866  |g|= 0.0853557  3 KF 9 JK
macro= 1  E= -273.557697933463  delta_E= -0.000326015  |g|= 0.00019885  3 KF 16 JK
macro= 2  E= -273.557697937692  delta_E= -4.22932e-09  |g|= 6.31667e-05  1 KF 6 JK
macro= 3  E= -273.557697922854  delta_E= 1.4838e-08  |g|= 3.78084e-05  1 KF 6 JK
macro= 4  E= -273.557697922854  delta_E= 5.68434e-13  |g|= 5.16953e-06  1 KF 2 JK
Canonicalize SCF orbitals
macro X = 5  E=-273.557697922854  |g|= 5.16953e-06  total 10 KF 45 JK
converged SCF energy = -273.557697922854  <S^2> = 2.1408653e-11  2S+1 = 1
uhf_internal: lowest eigs of H = [-0.01439653  0.02162687  0.15887777]
<class 'pyscf.soscf.newton_ah.SecondOrderUHF'> wavefunction has an internal instability




******** <class 'pyscf.soscf.newton_ah.SecondOrderUHF'> ********
method = SecondOrderUHF
initial guess = minao
damping factor = 0
level_shift factor = 0
DIIS = <class 'pyscf.scf.diis.CDIIS'>
diis_start_cycle = 1
diis_space = 8
diis_damp = 0
SCF conv_tol = 1e-09
SCF conv_tol_grad = None
SCF max_cycles = 200
direct_scf = True
direct_scf_tol = 1e-13
chkfile to save SCF result = /projects/bdka/yzhang65/scratch/pyscf/tmpwfbwo11w
max_memory 40000 MB (current use 1744 MB)
number electrons alpha = 13  beta = 13
******** <class 'pyscf.scf.uhf.UHF'> Newton solver flags ********
SCF tol = 1e-09
conv_tol_grad = None
max. SCF cycles = 200
direct_scf = True
direct_scf_tol = 1e-13
chkfile to save SCF result = /projects/bdka/yzhang65/scratch/pyscf/tmpwfbwo11w
max_cycle_inner = 12
max_stepsize = 0.05
ah_start_tol = 1e+09
ah_level_shift = 0
ah_conv_tol = 1e-12
ah_lindep = 1e-14
ah_start_cycle = 1
ah_max_cycle = 40
ah_grad_trust_region = 2.5
kf_interval = 4
kf_trust_region = 5
canonicalization = True
max_memory 40000 MB (current use 1744 MB)
Set conv_tol_grad to 3.16228e-05
  alpha nocc = 13  HOMO = -0.547245214069905  LUMO = 0.206174218896001
  beta  nocc = 13  HOMO = -0.518079581396861  LUMO = 0.23238718354042
Initial guess E= -273.515684709082  |g|= 0.120331
macro= 0  E= -273.550391070687  delta_E= -0.0347064  |g|= 0.120331  2 KF 6 JK
macro= 1  E= -273.557272091719  delta_E= -0.00688102  |g|= 0.0123004  3 KF 10 JK
macro= 2  E= -273.557790295347  delta_E= -0.000518204  |g|= 0.00208737  3 KF 12 JK
macro= 3  E= -273.557815321038  delta_E= -2.50257e-05  |g|= 9.93223e-05  3 KF 16 JK
macro= 4  E= -273.557815325857  delta_E= -4.81816e-09  |g|= 3.41466e-05  1 KF 5 JK
macro= 5  E= -273.557815343217  delta_E= -1.73604e-08  |g|= 7.41696e-05  1 KF 5 JK
macro= 6  E= -273.557815343217  delta_E= 0  |g|= 9.24495e-06  1 KF 2 JK
Canonicalize SCF orbitals
macro X = 7  E=-273.557815343217  |g|= 9.24495e-06  total 15 KF 64 JK
converged SCF energy = -273.557815343217  <S^2> = 0.06461333  2S+1 = 1.1218081
uhf_internal: lowest eigs of H = [0.028514   0.05910605 0.16194285]
<class 'pyscf.soscf.newton_ah.SecondOrderUHF'> wavefunction is stable in the internal stability analysis

******** <class 'pyscf.cc.uccsd.UCCSD'> ********
CC2 = 0
CCSD nocc = (np.int64(10), np.int64(10)), nmo = (87, 87)
frozen orbitals 3
max_cycle = 50
direct = 0
conv_tol = 1e-07
conv_tol_normt = 1e-06
diis_space = 6
diis_start_cycle = 0
diis_start_energy_diff = 1e+09
max_memory 40000 MB (current use 1534 MB)
Init t2, MP2 energy = -0.751113072367236
Init E_corr(UCCSD) = -0.751113072391802
cycle = 1  E_corr(UCCSD) = -0.73113432652015  dE = 0.0199787459  norm(t1,t2) = 0.10599
cycle = 2  E_corr(UCCSD) = -0.75666763404454  dE = -0.0255333075  norm(t1,t2) = 0.0414849
cycle = 3  E_corr(UCCSD) = -0.755648672538666  dE = 0.00101896151  norm(t1,t2) = 0.0289943
cycle = 4  E_corr(UCCSD) = -0.760633082789839  dE = -0.00498441025  norm(t1,t2) = 0.0176177
cycle = 5  E_corr(UCCSD) = -0.76212438381589  dE = -0.00149130103  norm(t1,t2) = 0.00740704
cycle = 6  E_corr(UCCSD) = -0.76151887345386  dE = 0.000605510362  norm(t1,t2) = 0.00353326
cycle = 7  E_corr(UCCSD) = -0.761486431242161  dE = 3.24422117e-05  norm(t1,t2) = 0.00116062
cycle = 8  E_corr(UCCSD) = -0.761572870609744  dE = -8.64393676e-05  norm(t1,t2) = 0.000599683
cycle = 9  E_corr(UCCSD) = -0.761573275633843  dE = -4.05024099e-07  norm(t1,t2) = 0.000347318
cycle = 10  E_corr(UCCSD) = -0.761579249625869  dE = -5.97399203e-06  norm(t1,t2) = 0.000129772
cycle = 11  E_corr(UCCSD) = -0.761574135697873  dE = 5.113928e-06  norm(t1,t2) = 5.66289e-05
cycle = 12  E_corr(UCCSD) = -0.761572979335152  dE = 1.15636272e-06  norm(t1,t2) = 3.31368e-05
cycle = 13  E_corr(UCCSD) = -0.761573847417974  dE = -8.68082822e-07  norm(t1,t2) = 1.64973e-05
cycle = 14  E_corr(UCCSD) = -0.761573594144769  dE = 2.53273206e-07  norm(t1,t2) = 9.24875e-06
cycle = 15  E_corr(UCCSD) = -0.761573377193158  dE = 2.16951611e-07  norm(t1,t2) = 3.69061e-06
cycle = 16  E_corr(UCCSD) = -0.76157349534668  dE = -1.18153522e-07  norm(t1,t2) = 1.44033e-06
cycle = 17  E_corr(UCCSD) = -0.761573397538683  dE = 9.78079973e-08  norm(t1,t2) = 7.67167e-07
UCCSD converged
E(UCCSD) = -274.3193887407556  E_corr = -0.7615733975386827
