
    ________                     _____                    
    ___  __ \___  __________________(_)_____________ _    
    __  /_/ /  / / /_  __ \_  __ \_  /__  __ \_  __ `/    
    _  _, _// /_/ /_  / / /  / / /  / _  / / /  /_/ /     
    /_/ |_| \__,_/ /_/ /_//_/ /_//_/  /_/ /_/_\__, /      
                                             /____/       
    _____________________________  ___________            
    ___    |__  ____/_  __ \__   |/  /_  ____/            
    __  /| |_  /_   _  / / /_  /|_/ /_  /                 
    _  ___ |  __/   / /_/ /_  /  / / / /___               
    /_/  |_/_/      \___\_\/_/  /_/  \____/               

Hostname:     gpua057.delta.ncsa.illinois.edu
System:       Linux
Node:         gpua057.delta.ncsa.illinois.edu
Release:      5.14.0-427.91.1.el9_4.x86_64
Machine:      x86_64
Processor:    x86_64
JAX backend:  GPU
JAX devices:  [CudaDevice(id=0)]
Device kind:  NVIDIA A100-SXM4-40GB
Platform:     gpu

Load system from Integral File
Maximum memory per walker:            66.67 MB
Maximum number of Cholesky per chunk: 168
Number of Cholesky chunks:            5
Number of Cholesky per chunk:         140
Number of padding Cholesky:           3

QMC System
Number of electrons: (9, 9)
Spin Multiplicity:   0
Number of orbitals:  114
Number of Chol:      697

QMC Parameters
eql_time            :                   50
n_blocks            :                 1000
n_walkers           :                  300
max_error           :                  0.0
seed                :                   17
walker_type         :                  uhf
trial               :             upt2ccsd
mix_precision       :                 True
max_memory          :                20000
dt                  :                0.005
n_exp_terms         :                    6
n_prop_steps        :                   50
save_walkers        :                False
free_projection     :                False
n_batch             :                    1
nchol_chunk         :                  140

Initalize QMC walkers by stochastic CCSD

Equilibration
inv_T        weight  killW        energy   runTime
 0.00    300.000000      0   -169.609158     22.24
 5.00    298.697214      0   -169.669776     35.20
10.00    299.610177      0   -169.620404     40.99
15.00    299.047779      0   -169.661057     46.79
20.00    298.702157      0   -169.637661     52.57
25.00    298.910944      0   -169.645331     58.36
30.00    299.738577      0   -169.662781     64.14
35.00    299.839078      0   -169.620760     69.93
40.00    299.492097      0   -169.654360     75.71
45.00    299.266737      0   -169.650181     81.50
50.00    297.867053      0   -169.583800     87.28

Sampling
blocks        weight  killW       E_Guide     error       E_Trial     error     olp_T/G     error  Walltime
    20    298.972983      0   -169.644128  0.012860   -169.636971  0.001273    1.006718  0.000622  143.66
    40    298.985996      0   -169.644800  0.007869   -169.637918  0.001125    1.007067  0.000476  194.06
    60    298.975270      0   -169.646100  0.006332   -169.637739  0.000922    1.007394  0.000475  244.56
    80    299.008869      0   -169.648038  0.004693   -169.637452  0.000767    1.007330  0.000354  295.04
   100    298.933741      0   -169.648299  0.003955   -169.637485  0.000649    1.007328  0.000277  345.53
   120    298.922077      0   -169.649854  0.003325   -169.637914  0.000616    1.007079  0.000289  396.00
   140    298.873260      0   -169.648027  0.003268   -169.638244  0.000604    1.006978  0.000262  446.51
   160    298.841403      0   -169.646483  0.003271   -169.638281  0.000584    1.006938  0.000231  496.98
   180    298.814798      0   -169.646151  0.002840   -169.638160  0.000555    1.006923  0.000212  547.49
   200    298.771432      0   -169.646049  0.002637   -169.638169  0.000526    1.006989  0.000197  597.97
   220    298.761765      0   -169.646522  0.002495   -169.638134  0.000505    1.007011  0.000182  648.45
   240    298.744075      1   -169.646023  0.002312   -169.638044  0.000482    1.007015  0.000167  698.92
   260    298.748658      1   -169.646312  0.002156   -169.637995  0.000452    1.007059  0.000157  749.42
   280    298.730331      1   -169.645317  0.002037   -169.637741  0.000431    1.007096  0.000148  799.91
   300    298.712597      1   -169.644942  0.001958   -169.637766  0.000414    1.007085  0.000138  850.41
   320    298.709464      1   -169.644218  0.001916   -169.637765  0.000397    1.007123  0.000133  900.90
   340    298.701471      1   -169.644029  0.001898   -169.637763  0.000379    1.007053  0.000135  951.38
   360    298.697881      1   -169.644449  0.001811   -169.637941  0.000374    1.006980  0.000141 1001.85
   380    298.699108      1   -169.644173  0.001822   -169.637841  0.000362    1.006932  0.000138 1052.35
   400    298.689342      1   -169.643607  0.001764   -169.637723  0.000352    1.006958  0.000132 1102.84
   420    298.686785      1   -169.643426  0.001733   -169.637757  0.000357    1.006968  0.000126 1153.32
   440    298.688589      2   -169.643692  0.001674   -169.637680  0.000346    1.006970  0.000120 1203.82
   460    298.685109      3   -169.643637  0.001688   -169.637645  0.000337    1.007024  0.000122 1254.31
   480    298.681001      3   -169.643882  0.001633   -169.637738  0.000333    1.007062  0.000121 1304.80
   500    298.683188      3   -169.643988  0.001632   -169.637845  0.000336    1.007068  0.000120 1355.29
   520    298.676658      3   -169.643795  0.001585   -169.637804  0.000326    1.007083  0.000126 1405.78
   540    298.677926      3   -169.643668  0.001524   -169.637788  0.000319    1.007073  0.000123 1456.27
   560    298.673048      3   -169.643777  0.001480   -169.637813  0.000312    1.007072  0.000118 1506.76
   580    298.663634      3   -169.643647  0.001450   -169.637758  0.000306    1.007056  0.000116 1557.24
   600    298.661099      3   -169.643232  0.001440   -169.637701  0.000298    1.006986  0.000122 1607.74
   620    298.652414      3   -169.642771  0.001472   -169.637639  0.000293    1.006995  0.000119 1658.21
   640    298.650805      3   -169.642912  0.001478   -169.637640  0.000286    1.006980  0.000117 1708.74
   660    298.647952      3   -169.642488  0.001499   -169.637553  0.000280    1.006964  0.000114 1759.22
   680    298.642152      3   -169.642504  0.001468   -169.637824  0.000321    1.006961  0.000116 1809.71
   700    298.638948      4   -169.642063  0.001486   -169.637811  0.000315    1.006888  0.000128 1860.19
   720    298.634130      4   -169.641642  0.001516   -169.637747  0.000310    1.006855  0.000131 1910.69
   740    298.632077      4   -169.641565  0.001479   -169.637695  0.000304    1.006816  0.000131 1961.16
   760    298.627942      4   -169.641435  0.001458   -169.637618  0.000297    1.006850  0.000135 2011.65
   780    298.629185      4   -169.641771  0.001452   -169.637622  0.000292    1.006836  0.000132 2062.13
   800    298.625961      4   -169.641681  0.001422   -169.637619  0.000286    1.006843  0.000134 2112.63
   820    298.624578      4   -169.641810  0.001396   -169.637647  0.000287    1.006865  0.000132 2163.12
   840    298.624400      4   -169.641674  0.001368   -169.637638  0.000281    1.006875  0.000130 2213.60
   860    298.630613      4   -169.641803  0.001338   -169.637723  0.000278    1.006883  0.000127 2264.07
   880    298.627232      4   -169.641691  0.001310   -169.637704  0.000272    1.006882  0.000124 2314.55
   900    298.623621      4   -169.641762  0.001265   -169.637695  0.000268    1.006853  0.000125 2365.04
   920    298.620724      5   -169.641508  0.001269   -169.637626  0.000264    1.006829  0.000124 2415.53
   940    298.619033      5   -169.641533  0.001247   -169.637638  0.000260    1.006832  0.000123 2466.00
   960    298.623510      5   -169.641546  0.001226   -169.637634  0.000256    1.006839  0.000120 2516.50
   980    298.623138      5   -169.641430  0.001213   -169.637592  0.000252    1.006874  0.000122 2566.99
  1000    298.624557      5   -169.641662  0.001191   -169.637622  0.000249    1.006878  0.000122 2617.46

Post Propagation Process
Total number of samples 1000
Raw AFQMC/HF (Guide) energy:           -169.641662 ± 0.001191
Raw Trial/Guide overlap ratio:          1.006878 ± 0.000122
Raw AFQMC/pt2CCSD energy (covariance): -169.637622 ± 0.000249
Raw AFQMC/pt2CCSD energy (dir sample): -169.637622 ± 0.000209

Remove Outliers
removing energies outside zeta > 30
Outlier energy bound [-169.778725, -169.493930]
Removed 0 outliers with energies []
Clean AFQMC/pt2CCSD overlap ratio:        1.006878 ± 0.000122
Clean AFQMC/pt2CCSD energy (covariance): -169.637622 ± 0.000249
Clean AFQMC/ptCCSD energy (dir sample):  -169.637622 ± 0.000209

Blocking Analysis
nsample = 1000, max_block_size = 25, min_nblocks = 40
   B    NB    NS  Observable     Error    dError
   1  1000  1000    1.006879  0.000044  0.000001
   2   500  1000    1.006879  0.000057  0.000002
   3   333   999    1.006879  0.000068  0.000003
   4   250  1000    1.006878  0.000073  0.000003
   5   200  1000    1.006878  0.000082  0.000004
   6   166   996    1.006878  0.000082  0.000005
   7   142   994    1.006882  0.000089  0.000005
   8   125  1000    1.006878  0.000090  0.000006
   9   111   999    1.006879  0.000095  0.000006
  10   100  1000    1.006878  0.000097  0.000007
  11    90   990    1.006882  0.000099  0.000007
  12    83   996    1.006878  0.000101  0.000008
  13    76   988    1.006884  0.000106  0.000009
  14    71   994    1.006882  0.000105  0.000009
  15    66   990    1.006882  0.000110  0.000010
  16    62   992    1.006882  0.000110  0.000010
  17    58   986    1.006885  0.000114  0.000011
  18    55   990    1.006882  0.000113  0.000011
  19    52   988    1.006884  0.000117  0.000012
  20    50  1000    1.006878  0.000119  0.000012
  21    47   987    1.006885  0.000117  0.000012
  22    45   990    1.006882  0.000118  0.000013
  23    43   989    1.006883  0.000122  0.000013
  24    41   984    1.006880  0.000119  0.000013
  25    40  1000    1.006878  0.000120  0.000014
Fit (variance): plateau_var = 1.496e-08 ± 1.548e-09
Fit (error):    plateau = 0.000122 ± 0.000006
     autocorrelation length ~ 9.6 blocks
     plateau reached at block size ~ 45
     !!!Failed to reach plateau in blocking
     Return max block error
nclean = 1000, max_block_size = 25, min_nblocks = 40
Blk_SZ   NBlk   NSmp      Energy     Error    dError
     1   1000   1000  -169.637465  0.000209  0.000005
     2    500   1000  -169.637504  0.000242  0.000008
     3    333    999  -169.637525  0.000262  0.000010
     4    250   1000  -169.637543  0.000258  0.000012
     5    200   1000  -169.637551  0.000291  0.000015
     6    166    996  -169.637564  0.000289  0.000016
     7    142    994  -169.637562  0.000298  0.000018
     8    125   1000  -169.637568  0.000306  0.000019
     9    111    999  -169.637572  0.000310  0.000021
    10    100   1000  -169.637581  0.000287  0.000020
    11     90    990  -169.637560  0.000296  0.000022
    12     83    996  -169.637597  0.000290  0.000023
    13     76    988  -169.637563  0.000307  0.000025
    14     71    994  -169.637586  0.000299  0.000025
    15     66    990  -169.637571  0.000305  0.000027
    16     62    992  -169.637573  0.000294  0.000027
    17     58    986  -169.637563  0.000310  0.000029
    18     55    990  -169.637567  0.000303  0.000029
    19     52    988  -169.637574  0.000294  0.000029
    20     50   1000  -169.637600  0.000296  0.000030
    21     47    987  -169.637567  0.000289  0.000030
    22     45    990  -169.637579  0.000285  0.000030
    23     43    989  -169.637577  0.000253  0.000028
    24     41    984  -169.637567  0.000282  0.000032
    25     40   1000  -169.637603  0.000286  0.000032
Fit (variance): plateau_var = 8.714544e-08 ± 3.734283e-09
Fit (error):    plateau = 0.000295 ± 0.000006
     autocorrelation length ~ 2.4 blocks
     plateau reached at block size ~ 11
Final AFQMC/pt2CCSD overlap ratio: 1.006878 ± 0.000122
Final AFQMC/pt2CCSD energy: -169.637622 ± 0.000295
Total run time: 2625.93

AFQMC Sampling Finished

