
    ________                     _____                    
    ___  __ \___  __________________(_)_____________ _    
    __  /_/ /  / / /_  __ \_  __ \_  /__  __ \_  __ `/    
    _  _, _// /_/ /_  / / /  / / /  / _  / / /  /_/ /     
    /_/ |_| \__,_/ /_/ /_//_/ /_//_/  /_/ /_/_\__, /      
                                             /____/       
    _____________________________  ___________            
    ___    |__  ____/_  __ \__   |/  /_  ____/            
    __  /| |_  /_   _  / / /_  /|_/ /_  /                 
    _  ___ |  __/   / /_/ /_  /  / / / /___               
    /_/  |_/_/      \___\_\/_/  /_/  \____/               

Hostname:     gpua057.delta.ncsa.illinois.edu
System:       Linux
Node:         gpua057.delta.ncsa.illinois.edu
Release:      5.14.0-427.91.1.el9_4.x86_64
Machine:      x86_64
Processor:    x86_64
JAX backend:  GPU
JAX devices:  [CudaDevice(id=0)]
Device kind:  NVIDIA A100-SXM4-40GB
Platform:     gpu

Load system from Integral File
Maximum memory per walker:            66.67 MB
Maximum number of Cholesky per chunk: 66
Number of Cholesky chunks:            17
Number of Cholesky per chunk:         63
Number of padding Cholesky:           14

QMC System
Number of electrons: (13, 13)
Spin Multiplicity:   0
Number of orbitals:  181
Number of Chol:      1057

QMC Parameters
eql_time            :                   50
n_blocks            :                 1000
n_walkers           :                  300
max_error           :                  0.0
seed                :                   17
walker_type         :                  uhf
trial               :             upt2ccsd
mix_precision       :                 True
max_memory          :                20000
dt                  :                0.005
n_exp_terms         :                    6
n_prop_steps        :                   50
save_walkers        :                False
free_projection     :                False
n_batch             :                    1
nchol_chunk         :                   63

Initalize QMC walkers by stochastic CCSD

Equilibration
inv_T        weight  killW        energy   runTime
 0.00    300.000000      0   -229.582982     21.19
 5.00    298.485217      0   -229.648094     43.08
10.00    298.559339      0   -229.655503     59.46
15.00    298.499035      0   -229.600896     75.85
20.00    297.827532      0   -229.652971     92.24
25.00    298.970031      0   -229.644368    108.61
30.00    298.117886      0   -229.617883    124.99
35.00    297.985734      0   -229.635773    141.38
40.00    299.179658      0   -229.652822    157.76
45.00    298.292659      0   -229.608271    174.14
50.00    298.858616      0   -229.653060    190.51

Sampling
blocks        weight  killW       E_Guide     error       E_Trial     error     olp_T/G     error  Walltime
    20    298.691402      0   -229.628207  0.007403   -229.629545  0.001451    1.019409  0.000430  388.16
    40    298.652425      0   -229.631605  0.010276   -229.630027  0.001094    1.019105  0.000407  580.39
    60    298.554093      0   -229.626813  0.007962   -229.629448  0.000920    1.019098  0.000318  772.60
    80    298.475859      0   -229.629261  0.006071   -229.629606  0.000819    1.019302  0.000358  964.88
   100    298.467403      0   -229.630860  0.004930   -229.629309  0.000712    1.019091  0.000321 1157.17
   120    298.374046      0   -229.631621  0.004266   -229.629013  0.000645    1.018998  0.000273 1349.39
   140    298.324174      0   -229.629584  0.003888   -229.629081  0.000607    1.019173  0.000273 1541.70
   160    298.305874      0   -229.630484  0.003475   -229.629732  0.000723    1.019378  0.000276 1733.94
   180    298.306230      0   -229.631485  0.003254   -229.629867  0.000667    1.019426  0.000248 1926.23
   200    298.273629      0   -229.632296  0.003063   -229.629962  0.000624    1.019378  0.000233 2118.51
   220    298.238931      0   -229.631955  0.002831   -229.629972  0.000585    1.019259  0.000235 2310.74
   240    298.210220      0   -229.631021  0.002661   -229.629925  0.000552    1.019239  0.000219 2503.03
   260    298.183048      0   -229.630394  0.002522   -229.629864  0.000533    1.019329  0.000214 2695.24
   280    298.170160      0   -229.631178  0.002426   -229.629854  0.000503    1.019348  0.000201 2887.53
   300    298.163805      0   -229.631559  0.002381   -229.629989  0.000488    1.019361  0.000187 3079.73
   320    298.143256      0   -229.631506  0.002304   -229.629947  0.000465    1.019308  0.000179 3272.00
   340    298.140150      0   -229.632434  0.002296   -229.630277  0.000499    1.019262  0.000172 3464.32
   360    298.121597      0   -229.632431  0.002225   -229.630307  0.000483    1.019195  0.000169 3656.55
   380    298.118860      0   -229.632949  0.002142   -229.630211  0.000468    1.019181  0.000166 3848.83
   400    298.120375      0   -229.633394  0.002057   -229.630247  0.000453    1.019244  0.000163 4041.50
   420    298.110238      1   -229.633296  0.001959   -229.630186  0.000439    1.019227  0.000156 4233.77
   440    298.119236      3   -229.633698  0.002085   -229.630215  0.000429    1.019208  0.000150 4426.11
   460    298.117456      3   -229.633775  0.002036   -229.630237  0.000417    1.019197  0.000147 4618.39
   480    298.105775      3   -229.633659  0.001992   -229.630111  0.000403    1.019141  0.000152 4810.71
   500    298.106547      3   -229.634229  0.002016   -229.630287  0.000409    1.019094  0.000153 5002.94
   520    298.104936      3   -229.634146  0.001943   -229.630385  0.000400    1.019026  0.000156 5195.26
   540    298.097063      3   -229.633928  0.001873   -229.630294  0.000389    1.019024  0.000152 5387.51
   560    298.096518      3   -229.634336  0.001887   -229.630339  0.000380    1.019041  0.000152 5579.83
   580    298.085755      3   -229.634118  0.001815   -229.630354  0.000374    1.019051  0.000149 5772.14
   600    298.090075      3   -229.634275  0.001753   -229.630464  0.000368    1.019058  0.000146 5964.45
   620    298.101593      3   -229.635121  0.001856   -229.630476  0.000421    1.019111  0.000144 6156.72
   640    298.092031      3   -229.635031  0.001814   -229.630463  0.000411    1.019126  0.000145 6348.98
   660    298.088909      3   -229.634943  0.001732   -229.630454  0.000407    1.019123  0.000142 6541.24
   680    298.078278      4   -229.634730  0.001705   -229.630418  0.000400    1.019140  0.000140 6733.53
   700    298.069867      4   -229.634580  0.001665   -229.630418  0.000393    1.019123  0.000137 6925.79
   720    298.064898      4   -229.634632  0.001614   -229.630488  0.000393    1.019118  0.000133 7118.10
   740    298.059508      4   -229.634723  0.001568   -229.630499  0.000386    1.019093  0.000131 7310.40
   760    298.063729      4   -229.634894  0.001538   -229.630490  0.000377    1.019080  0.000130 7502.65
   780    298.061024      4   -229.634871  0.001511   -229.630619  0.000374    1.019068  0.000128 7694.97
   800    298.056010      4   -229.634981  0.001489   -229.630635  0.000368    1.019043  0.000128 7887.28
   820    298.056304      4   -229.635024  0.001456   -229.630635  0.000361    1.019001  0.000132 8079.81
   840    298.048720      4   -229.635001  0.001430   -229.630593  0.000360    1.018987  0.000134 8272.07
   860    298.043450      4   -229.634906  0.001398   -229.630546  0.000353    1.018988  0.000134 8464.40
   880    298.040186      4   -229.634888  0.001372   -229.630501  0.000347    1.019006  0.000131 8656.65
   900    298.032286      4   -229.635002  0.001363   -229.630492  0.000342    1.018998  0.000129 8848.97
   920    298.024201      4   -229.634667  0.001343   -229.630471  0.000337    1.018989  0.000129 9041.22
   940    298.023821      5   -229.634826  0.001322   -229.630479  0.000331    1.018961  0.000129 9233.51
   960    298.022237      5   -229.635025  0.001375   -229.630597  0.000352    1.018940  0.000130 9425.81
   980    298.019638      5   -229.634992  0.001351   -229.630595  0.000347    1.018955  0.000128 9618.05
  1000    298.017470      5   -229.635069  0.001325   -229.630667  0.000344    1.018921  0.000138 9810.38

Post Propagation Process
Total number of samples 1000
Raw AFQMC/HF (Guide) energy:           -229.635069 ± 0.001325
Raw Trial/Guide overlap ratio:          1.018921 ± 0.000138
Raw AFQMC/pt2CCSD energy (covariance): -229.630667 ± 0.000344
Raw AFQMC/pt2CCSD energy (dir sample): -229.630667 ± 0.000269

Remove Outliers
removing energies outside zeta > 30
Outlier energy bound [-229.819863, -229.438732]
Removed 0 outliers with energies []
Clean AFQMC/pt2CCSD overlap ratio:        1.018921 ± 0.000138
Clean AFQMC/pt2CCSD energy (covariance): -229.630667 ± 0.000344
Clean AFQMC/ptCCSD energy (dir sample):  -229.630667 ± 0.000269

Blocking Analysis
nsample = 1000, max_block_size = 25, min_nblocks = 40
   B    NB    NS  Observable     Error    dError
   1  1000  1000    1.018921  0.000043  0.000001
   2   500  1000    1.018921  0.000058  0.000002
   3   333   999    1.018925  0.000068  0.000003
   4   250  1000    1.018921  0.000076  0.000003
   5   200  1000    1.018921  0.000083  0.000004
   6   166   996    1.018932  0.000087  0.000005
   7   142   994    1.018941  0.000091  0.000005
   8   125  1000    1.018921  0.000096  0.000006
   9   111   999    1.018925  0.000097  0.000007
  10   100  1000    1.018921  0.000105  0.000007
  11    90   990    1.018949  0.000102  0.000008
  12    83   996    1.018932  0.000109  0.000009
  13    76   988    1.018952  0.000109  0.000009
  14    71   994    1.018941  0.000111  0.000009
  15    66   990    1.018949  0.000107  0.000009
  16    62   992    1.018946  0.000113  0.000010
  17    58   986    1.018954  0.000116  0.000011
  18    55   990    1.018949  0.000114  0.000011
  19    52   988    1.018952  0.000118  0.000012
  20    50  1000    1.018921  0.000121  0.000012
  21    47   987    1.018953  0.000122  0.000013
  22    45   990    1.018949  0.000121  0.000013
  23    43   989    1.018951  0.000125  0.000014
  24    41   984    1.018955  0.000124  0.000014
  25    40  1000    1.018921  0.000138  0.000016
Fit (variance): plateau_var = 1.611e-08 ± 1.641e-09
Fit (error):    plateau = 0.000127 ± 0.000006
     autocorrelation length ~ 9.6 blocks
     plateau reached at block size ~ 45
     !!!Failed to reach plateau in blocking
     Return max block error
nclean = 1000, max_block_size = 25, min_nblocks = 40
Blk_SZ   NBlk   NSmp      Energy     Error    dError
     1   1000   1000  -229.630439  0.000269  0.000006
     2    500   1000  -229.630490  0.000297  0.000009
     3    333    999  -229.630520  0.000316  0.000012
     4    250   1000  -229.630539  0.000320  0.000014
     5    200   1000  -229.630556  0.000319  0.000016
     6    166    996  -229.630598  0.000333  0.000018
     7    142    994  -229.630596  0.000331  0.000020
     8    125   1000  -229.630587  0.000323  0.000020
     9    111    999  -229.630612  0.000309  0.000021
    10    100   1000  -229.630601  0.000329  0.000023
    11     90    990  -229.630578  0.000327  0.000025
    12     83    996  -229.630653  0.000328  0.000026
    13     76    988  -229.630577  0.000325  0.000027
    14     71    994  -229.630629  0.000319  0.000027
    15     66    990  -229.630596  0.000297  0.000026
    16     62    992  -229.630645  0.000304  0.000028
    17     58    986  -229.630559  0.000296  0.000028
    18     55    990  -229.630596  0.000297  0.000029
    19     52    988  -229.630593  0.000299  0.000030
    20     50   1000  -229.630645  0.000296  0.000030
    21     47    987  -229.630594  0.000284  0.000030
    22     45    990  -229.630609  0.000295  0.000031
    23     43    989  -229.630610  0.000304  0.000033
    24     41    984  -229.630577  0.000282  0.000032
    25     40   1000  -229.630644  0.000310  0.000035
Fit (variance): plateau_var = 9.866847e-08 ± 3.268124e-09
Fit (error):    plateau = 0.000314 ± 0.000005
     autocorrelation length ~ 0.9 blocks
     plateau reached at block size ~ 4
Final AFQMC/pt2CCSD overlap ratio: 1.018921 ± 0.000138
Final AFQMC/pt2CCSD energy: -229.630667 ± 0.000314
Total run time: 9830.22

AFQMC Sampling Finished

