#INFO: **** input file is /home/sharmagroup/sharmagroup/w4_17/w4-17_all/afqmc_input/batch9/run_afqmc.py ****
import os
import sys
import re
import gc
sys.path.insert(0, os.path.join(os.path.dirname(os.path.abspath(__file__)), '..', '..', 'script'))
# sys.path.insert(0, '/u/yzhang65/mywork/yzhang65/w4_17/w4-17_all/script')

os.environ.setdefault("XLA_PYTHON_CLIENT_ALLOCATOR", "platform")
import jax
jax.config.update("jax_enable_x64", True)

from pyscf import gto, scf, cc
from afqmc import integral, launch_afqmc
from mol_select import get_xyz_files
import truncate_basis

# ---------------------------------------------------------------------------
# Configuration
# ---------------------------------------------------------------------------
shell            = "closed"  # "closed" or "open"
symmetry         = False
select_molecules = ["h2"]
#     "h2", "h2co", "h2o", "h2s", "hccf", "hcl", "hclo4", "hcn", "hcno",
#     "n2", "n2h4", "n2o", "n-butane", "n-pentane", "s2o", "s3", "s4-c2v",
#     "sf6", "si2h6", "sif4", "sih3f", "sih4", "silole", "sio", "so2", "so3",
#     "t-butadiene", "tetrahedrane", "t-hcoh", "thiophene", "t-hono", "t-n2h2",
#     "trans-c2f2cl2", "propyne", "pyrrole",
#     ]
index            = None          # e.g. "1-10", "5", "1,3,5-8", or None for all
basis            = "vtzfp"

xyz_dir      = f"../../w4_17_xyz/{shell}_shell"
results_file = f"./rest_{shell}_afqmc_{basis}.dat"
out_dir      = f"../../result/molout/{shell}_shell/tz"
os.makedirs(out_dir, exist_ok=True)

xyz_files = get_xyz_files(xyz_dir, select_molecules=select_molecules, index=index)

# ---------------------------------------------------------------------------
# Write results header
# ---------------------------------------------------------------------------
with open(results_file, "w") as out:
    out.write(f"{'Molecule':<16s} {'E_HF (Eh)':>20s} {'E_CCSD (Eh)':>20s} "
              f"{'E_AFQMC (Eh)':>15s} {'E_AFQMC ERR (Eh)':>15s}\n")

# ---------------------------------------------------------------------------
# Helper
# ---------------------------------------------------------------------------
_afqmc_energy_re = re.compile(
    r"Final AFQMC/pt2CCSD energy:\s*([-+]?\d*\.?\d+(?:[eE][-+]?\d+)?)"
    r"\s*(?:±|\+/-)\s*([-+]?\d*\.?\d+(?:[eE][-+]?\d+)?)"
)

def extract_afqmc_energy(filename):
    try:
        with open(filename, encoding="utf-8") as f:
            for line in f:
                m = _afqmc_energy_re.search(line)
                if m:
                    return float(m.group(1)), float(m.group(2))
    except (OSError, IOError):
        pass
    return 0, 0

def free_memory():
    """Release GPU + CPU memory held over from the previous molecule.

    JAX keeps every live device array and the JIT compilation cache around
    between iterations, so without this the GPU usage grows molecule to
    molecule. We drop the compilation cache, force-delete every live device
    buffer (the next molecule rebuilds everything from scratch), and run the
    Python garbage collector to release the large pyscf CPU arrays.
    """
    jax.clear_caches()
    for arr in jax.live_arrays():
        try:
            arr.delete()
        except Exception:
            pass
    gc.collect()

# ---------------------------------------------------------------------------
# Main loop
# ---------------------------------------------------------------------------
def run_molecule(xyz_path):

    qmc_walker       = "uhf" # Default. Fall to rhf if the mf is RHF
    qmc_trial        = "upt2ccsd"

    with open(xyz_path) as f:
        lines = f.readlines()

    second_line = lines[1]
    charge   = int(second_line.split("charge=")[1].split()[0])
    spin     = int(second_line.split("mult=")[1].split()[0]) - 1
    mol_name = second_line.split()[0]
    atoms    = "".join(lines[2:])

    print(f"\n{'='*60}\nRunning: {mol_name}  charge={charge}  spin={spin}\n{'='*60}")

    mol = gto.M(
        atom=atoms,
        basis=truncate_basis.get_basis(atoms, basis),
        verbose=4,
        output=os.path.join(out_dir, f"{mol_name}_{basis}.out"),
        unit="angstrom",
        symmetry=symmetry,
        charge=charge,
        spin=spin,
        max_memory=140000,
    )

    mf = scf.UHF(mol)
    mf.max_cycle = 200
    mf = mf.newton()
    mf.kernel()

    if mol_name == "h":
        with open(results_file, "a") as out:
            out.write(f"{mol_name:<16s} {mf.e_tot:>20.10f} {mf.e_tot:>20.10f} "
                      f"{mf.e_tot:>15.5f} {0.0:>15.5f}\n")
        return

    stable = False
    for _ in range(10):
        mo_i, _, stable, _ = mf.stability(return_status=True)
        if stable:
            break
        dm = mf.make_rdm1(mo_i, mf.mo_occ)
        mf.kernel(dm0=dm)

    ss, s = mf.spin_square()
    tol = 1e-6
    if abs(ss) < tol and abs(s - 1.0) < tol:
        print("Not a UHF solution. Convert to RHF")
        
        qmc_walker = "rhf"
        qmc_trial = "pt2ccsd"

        mf = mf.to_rhf()
        mf.kernel()
        stable = False
        for _ in range(10):
            mo_i, _, stable, _ = mf.stability(return_status=True)
            if stable:
                break
            dm = mf.make_rdm1(mo_i, mf.mo_occ)
            mf.kernel(dm0=dm)

    if not stable or not mf.converged:
        print(f"  !! SCF did not converge for {mol_name} — skipping.")
        with open(results_file, "a") as out:
            out.write(f"{mol_name:<16s} {'UNCONVERGED':>20s} {'UNCONVERGED':>20s} {'UNCONVERGED':>20s}\n")
        return

    mycc = cc.CCSD(mf)
    mycc.set_frozen()
    mycc.kernel()

    integral.prep_integral(mycc, chol_cut=1e-5)
    options = {
        'eql_time':      50,
        'n_blocks':      1000,
        'n_walkers':     300,
        'max_error':     0.0,
        'seed':          17,
        'walker_type':   qmc_walker,
        'trial':         qmc_trial,
        'mix_precision': True,
        'max_memory':    25000, #MB
    }
    launch_afqmc.ph_afqmc(options)

    afqmc_out = os.path.join(out_dir, f"{mol_name}_afqmc_{basis}.out")
    os.system(f"mv afqmc.out {afqmc_out}")
    eqmc, eqmc_err = extract_afqmc_energy(afqmc_out)

    with open(results_file, "a") as out:
        out.write(f"{mol_name:<16s} {mf.e_tot:>20.10f} {mycc.e_tot:>20.10f} "
                  f"{eqmc:>15.5f} {eqmc_err:>15.5f}\n")

    print(f"  => E_HF({mol_name})      = {mf.e_tot:.10f} Eh")
    print(f"  => E_CCSD({mol_name})    = {mycc.e_tot:.10f} Eh")
    print(f"  => E_AFQMC({mol_name})   = {eqmc:.5f} +/- {eqmc_err:.5f} Eh")


for xyz_path in xyz_files:
    try:
        run_molecule(xyz_path)
    except Exception as exc:
        # Don't let one molecule kill the whole batch job.
        print(f"  !! {xyz_path} failed: {exc}")
    finally:
        # Free GPU + CPU memory before starting the next molecule. The pyscf
        # objects created inside run_molecule() are already out of scope here,
        # so gc.collect() can reclaim them.
        free_memory()

print(f"\nAll calculations complete. Results saved to {results_file}")
#INFO: ******************** input file end ********************


System: uname_result(system='Linux', node='sharmagroup-rn', release='6.17.0-29-generic', version='#29~24.04.1-Ubuntu SMP PREEMPT_DYNAMIC Mon May 11 10:30:58 UTC 2', machine='x86_64')  Threads 16
Python 3.12.13 | packaged by Anaconda, Inc. | (main, Mar 19 2026, 20:20:58) [GCC 14.3.0]
numpy 2.4.4  scipy 1.17.1  h5py 3.16.0
Date: Sat May 30 13:43:02 2026
PySCF version 2.12.1
PySCF path  /home/sharmagroup/sharmagroup/pyscf
GIT ORIG_HEAD 3d1768f5e33b144b606c3d2c81c12ee54d794501
GIT HEAD (branch master) f0861da51f017364d8bbaa20b742a94f3733305f

[ENV] OLD_PYSCF_EXT_PATH 
[ENV] PYSCF_EXT_PATH /home/sharmagroup/sharmagroup/pyscf-forge
[CONFIG] conf_file None
[INPUT] verbose = 4
[INPUT] num. atoms = 2
[INPUT] num. electrons = 2
[INPUT] charge = 0
[INPUT] spin (= nelec alpha-beta = 2S) = 0
[INPUT] symmetry False subgroup None
[INPUT] Mole.unit = angstrom
[INPUT] Symbol           X                Y                Z      unit          X                Y                Z       unit  Magmom
[INPUT]  1 H      0.000000000000   0.000000000000   0.370946000000 AA    0.000000000000   0.000000000000   0.700986347003 Bohr   0.0
[INPUT]  2 H      0.000000000000   0.000000000000  -0.370946000000 AA    0.000000000000   0.000000000000  -0.700986347003 Bohr   0.0

nuclear repulsion = 0.713280653949632
number of shells = 10
number of NR pGTOs = 22
number of NR cGTOs = 18
basis = {'H': [[0, [33.87, 0.006068], [5.095, 0.045308], [1.159, 0.202822]], [0, [0.3258, 1.0]], [0, [0.1027, 1.0]], [1, [1.407, 1.0]], [1, [0.388, 1.0]]]}
ecp = {}
CPU time:         2.57




******** <class 'pyscf.soscf.newton_ah.SecondOrderUHF'> ********
method = SecondOrderUHF
initial guess = minao
damping factor = 0
level_shift factor = 0
DIIS = <class 'pyscf.scf.diis.CDIIS'>
diis_start_cycle = 1
diis_space = 8
diis_damp = 0
SCF conv_tol = 1e-09
SCF conv_tol_grad = None
SCF max_cycles = 200
direct_scf = True
direct_scf_tol = 1e-13
chkfile to save SCF result = /tmp/tmp1qezvtt0
max_memory 140000 MB (current use 227 MB)
number electrons alpha = 1  beta = 1
******** <class 'pyscf.scf.uhf.UHF'> Newton solver flags ********
SCF tol = 1e-09
conv_tol_grad = None
max. SCF cycles = 200
direct_scf = True
direct_scf_tol = 1e-13
chkfile to save SCF result = /tmp/tmp1qezvtt0
max_cycle_inner = 12
max_stepsize = 0.05
ah_start_tol = 1e+09
ah_level_shift = 0
ah_conv_tol = 1e-12
ah_lindep = 1e-14
ah_start_cycle = 1
ah_max_cycle = 40
ah_grad_trust_region = 2.5
kf_interval = 4
kf_trust_region = 5
canonicalization = True
max_memory 140000 MB (current use 227 MB)
Set conv_tol_grad to 3.16228e-05
  alpha nocc = 1  HOMO = -0.555798570825157  LUMO = 0.134430722266266
  beta  nocc = 1  HOMO = -0.554330909500238  LUMO = 0.13490686006112
Initial guess E= -1.13204061586408  |g|= 0.0309827
macro= 0  E= -1.13294431474599  delta_E= -0.000903699  |g|= 0.0309827  2 KF 5 JK
macro= 1  E= -1.13294504022422  delta_E= -7.25478e-07  |g|= 0.00116584  1 KF 4 JK
macro= 2  E= -1.13294504022423  delta_E= -3.9968e-15  |g|= 5.82639e-06  1 KF 2 JK
Canonicalize SCF orbitals
macro X = 3  E=-1.13294504022423  |g|= 5.82639e-06  total 5 KF 15 JK
converged SCF energy = -1.13294504022423  <S^2> = 9.1660013e-12  2S+1 = 1
uhf_internal: lowest eigs of H = [0.53388719 0.90815126 1.07953954]
<class 'pyscf.soscf.newton_ah.SecondOrderUHF'> wavefunction is stable in the internal stability analysis


******** <class 'pyscf.scf.hf.RHF'> ********
method = RHF
initial guess = minao
damping factor = 0
level_shift factor = 0
DIIS = <class 'pyscf.scf.diis.CDIIS'>
diis_start_cycle = 1
diis_space = 8
diis_damp = 0
SCF conv_tol = 1e-09
SCF conv_tol_grad = None
SCF max_cycles = 200
direct_scf = True
direct_scf_tol = 1e-13
chkfile to save SCF result = /tmp/tmp1qezvtt0
max_memory 140000 MB (current use 245 MB)
Set gradient conv threshold to 3.16228e-05
init E= -1.13294504021741
  HOMO = -0.594120610663754  LUMO = 0.1677037573596
cycle= 1 E= -1.13294504023805  delta_E= -2.06e-11  |g|= 1.13e-06  |ddm|= 3.99e-06
  HOMO = -0.594119941456592  LUMO = 0.167703978596072
Extra cycle  E= -1.13294504023834  delta_E= -2.85e-13  |g|= 1.42e-07  |ddm|= 5.3e-07
converged SCF energy = -1.13294504023834
rhf_internal: lowest eigs of H = [2.15907853 2.80129536 4.06351908]
<class 'pyscf.scf.hf.RHF'> wavefunction is stable in the internal stability analysis

******** <class 'pyscf.cc.ccsd.CCSD'> ********
CC2 = 0
CCSD nocc = 1, nmo = 18
frozen orbitals 0
max_cycle = 50
direct = 0
conv_tol = 1e-07
conv_tol_normt = 1e-05
diis_space = 6
diis_start_cycle = 0
diis_start_energy_diff = 1e+09
max_memory 140000 MB (current use 246 MB)
Init t2, MP2 energy = -1.16275784165773  E_corr(MP2) -0.0298128014193956
Init E_corr(CCSD) = -0.0298128014194005
cycle = 1  E_corr(CCSD) = -0.03549761095084  dE = -0.00568480953  norm(t1,t2) = 0.0225885
cycle = 2  E_corr(CCSD) = -0.0371009499943527  dE = -0.00160333904  norm(t1,t2) = 0.00756664
cycle = 3  E_corr(CCSD) = -0.0379148073180977  dE = -0.000813857324  norm(t1,t2) = 0.0028778
cycle = 4  E_corr(CCSD) = -0.03790872539782  dE = 6.08192028e-06  norm(t1,t2) = 0.000315728
cycle = 5  E_corr(CCSD) = -0.037908847452954  dE = -1.22055134e-07  norm(t1,t2) = 2.19633e-05
cycle = 6  E_corr(CCSD) = -0.037908845017915  dE = 2.43503901e-09  norm(t1,t2) = 2.68437e-06
CCSD converged
E(CCSD) = -1.170853885256254  E_corr = -0.03790884501791501
