
    ________                     _____                    
    ___  __ \___  __________________(_)_____________ _    
    __  /_/ /  / / /_  __ \_  __ \_  /__  __ \_  __ `/    
    _  _, _// /_/ /_  / / /  / / /  / _  / / /  /_/ /     
    /_/ |_| \__,_/ /_/ /_//_/ /_//_/  /_/ /_/_\__, /      
                                             /____/       
    _____________________________  ___________            
    ___    |__  ____/_  __ \__   |/  /_  ____/            
    __  /| |_  /_   _  / / /_  /|_/ /_  /                 
    _  ___ |  __/   / /_/ /_  /  / / / /___               
    /_/  |_/_/      \___\_\/_/  /_/  \____/               

Hostname:     gpue04.delta.ncsa.illinois.edu
System:       Linux
Node:         gpue04.delta.ncsa.illinois.edu
Release:      5.14.0-427.91.1.el9_4.x86_64
Machine:      x86_64
Processor:    x86_64
JAX backend:  GPU
JAX devices:  [CudaDevice(id=0)]
Device kind:  NVIDIA H200
Platform:     gpu

Load system from Integral File
Maximum memory per walker:            83.33 MB
Maximum number of Cholesky per chunk: 296
Number of Cholesky chunks:            2
Number of Cholesky per chunk:         291
Number of padding Cholesky:           1

QMC System
Number of electrons: (8, 8)
Spin Multiplicity:   0
Number of orbitals:  96
Number of Chol:      581

QMC Parameters
eql_time            :                   50
n_blocks            :                 1000
n_walkers           :                  300
max_error           :                  0.0
seed                :                   17
walker_type         :                  uhf
trial               :             upt2ccsd
mix_precision       :                 True
max_memory          :                25000
dt                  :                0.005
n_exp_terms         :                    6
n_prop_steps        :                   50
save_walkers        :                False
free_projection     :                False
n_batch             :                    1
nchol_chunk         :                  291

Initalize QMC walkers by stochastic CCSD

Equilibration
inv_T        weight  killW        energy   runTime
 0.00    300.000000      0   -168.283133     14.69
 5.00    298.465332      0   -168.241978     23.11
10.00    298.267448      0   -168.294638     25.03
15.00    298.989942      0   -168.345541     26.95
20.00    299.192899      0   -168.314623     28.88
25.00    299.964780      0   -168.338380     30.81
30.00    298.925907      0   -168.322614     32.79
35.00    299.159893      0   -168.338625     34.72
40.00    298.929282      0   -168.346937     36.64
45.00    299.675253      0   -168.346635     38.58
50.00    298.167254      0   -168.292900     40.51

Sampling
blocks        weight  killW       E_Guide     error       E_Trial     error     olp_T/G     error  Walltime
    20    299.008422      0   -168.307574  0.006980   -168.318893  0.002392    1.024087  0.000383   60.87
    40    299.166315      0   -168.323866  0.010152   -168.323964  0.002961    1.023939  0.000493   74.56
    60    299.165733      1   -168.326911  0.006717   -168.321989  0.002135    1.024850  0.000649   88.75
    80    299.071499      1   -168.324929  0.005140   -168.320931  0.001682    1.024578  0.000552  102.93
   100    298.972146      1   -168.321146  0.004787   -168.319953  0.001443    1.024427  0.000434  117.12
   120    298.952331      3   -168.322538  0.004086   -168.319776  0.001353    1.023981  0.000478  131.31
   140    298.955670      3   -168.322582  0.003749   -168.319763  0.001188    1.024077  0.000426  145.50
   160    298.941991      3   -168.323097  0.003289   -168.319188  0.001083    1.024013  0.000376  159.69
   180    298.921240      3   -168.322069  0.003092   -168.319635  0.001017    1.023862  0.000341  173.88
   200    298.913209      3   -168.324596  0.003474   -168.320001  0.000989    1.023742  0.000332  188.07
   220    298.898222      3   -168.325253  0.003265   -168.319374  0.000952    1.023732  0.000305  202.26
   240    298.873346      4   -168.326104  0.003315   -168.319362  0.000889    1.023829  0.000288  216.46
   260    298.859667      4   -168.326042  0.003090   -168.319486  0.000837    1.023874  0.000268  230.64
   280    298.852207      4   -168.326091  0.002912   -168.319365  0.000813    1.023979  0.000261  244.83
   300    298.833209      4   -168.325638  0.002733   -168.319053  0.000775    1.024122  0.000279  259.03
   320    298.833974      4   -168.325769  0.002578   -168.319130  0.000738    1.024163  0.000266  273.21
   340    298.835324      4   -168.326103  0.002492   -168.319282  0.000703    1.024076  0.000259  287.41
   360    298.825724      4   -168.326398  0.002409   -168.319456  0.000710    1.024060  0.000245  301.59
   380    298.819491      4   -168.326999  0.002371   -168.319479  0.000685    1.024269  0.000274  315.79
   400    298.807222      5   -168.326586  0.002277   -168.319326  0.000657    1.024444  0.000288  329.98
   420    298.816207      5   -168.327693  0.002371   -168.319696  0.000673    1.024548  0.000284  344.17
   440    298.810917      5   -168.328169  0.002298   -168.319836  0.000657    1.024486  0.000275  358.36
   460    298.806215      5   -168.328270  0.002301   -168.319765  0.000639    1.024422  0.000267  372.55
   480    298.804879      5   -168.328180  0.002222   -168.319646  0.000620    1.024378  0.000268  386.74
   500    298.802280      6   -168.328002  0.002141   -168.319415  0.000623    1.024359  0.000263  400.93
   520    298.795912      6   -168.328132  0.002107   -168.319413  0.000607    1.024381  0.000253  415.13
   540    298.794605      6   -168.328222  0.002043   -168.319382  0.000591    1.024420  0.000247  429.32
   560    298.788111      6   -168.327917  0.002006   -168.319405  0.000575    1.024361  0.000253  443.50
   580    298.765038      6   -168.327017  0.002037   -168.319306  0.000559    1.024309  0.000250  457.70
   600    298.761502      6   -168.326413  0.002153   -168.319310  0.000545    1.024265  0.000253  471.89
   620    298.754407      6   -168.326187  0.002107   -168.319392  0.000533    1.024253  0.000247  486.08
   640    298.751150      6   -168.326638  0.002061   -168.319365  0.000520    1.024195  0.000241  500.27
   660    298.743035      6   -168.326585  0.002018   -168.319310  0.000508    1.024161  0.000245  514.46
   680    298.745232      6   -168.326648  0.001973   -168.319356  0.000504    1.024163  0.000242  528.65
   700    298.747315      7   -168.327086  0.001974   -168.319704  0.000572    1.024190  0.000237  542.84
   720    298.745650      7   -168.327035  0.001900   -168.319747  0.000561    1.024152  0.000239  557.04
   740    298.738968      8   -168.326789  0.001873   -168.319692  0.000551    1.024156  0.000233  571.23
   760    298.736213      8   -168.326630  0.001839   -168.319641  0.000538    1.024126  0.000234  585.42
   780    298.736144      8   -168.326598  0.001769   -168.319666  0.000529    1.024112  0.000229  601.36
   800    298.732858      8   -168.326537  0.001739   -168.319542  0.000519    1.024072  0.000229  615.54
   820    298.733538      8   -168.326749  0.001714   -168.319640  0.000527    1.024044  0.000225  629.71
   840    298.730294      8   -168.326771  0.001695   -168.319679  0.000521    1.024042  0.000220  643.90
   860    298.726003      8   -168.327224  0.001706   -168.319912  0.000545    1.024036  0.000218  658.09
   880    298.718320      8   -168.327017  0.001687   -168.319918  0.000534    1.024078  0.000216  673.60
   900    298.716317      9   -168.327077  0.001647   -168.319929  0.000526    1.024047  0.000216  687.69
   920    298.718865      9   -168.327254  0.001620   -168.320089  0.000534    1.024051  0.000214  701.88
   940    298.715800     10   -168.327200  0.001589   -168.320122  0.000527    1.024072  0.000210  716.07
   960    298.711658     11   -168.327143  0.001556   -168.320043  0.000519    1.024128  0.000211  730.26
   980    298.706595     12   -168.326986  0.001527   -168.320000  0.000511    1.024133  0.000211  744.48
  1000    298.701583     12   -168.326833  0.001560   -168.320003  0.000504    1.024116  0.000206  758.65

Post Propagation Process
Total number of samples 1000
Raw AFQMC/HF (Guide) energy:           -168.326833 ± 0.001560
Raw Trial/Guide overlap ratio:          1.024116 ± 0.000206
Raw AFQMC/pt2CCSD energy (covariance): -168.320003 ± 0.000504
Raw AFQMC/pt2CCSD energy (dir sample): -168.320003 ± 0.000415

Remove Outliers
removing energies outside zeta > 30
Outlier energy bound [-168.555011, -168.080090]
Removed 0 outliers with energies []
Clean AFQMC/pt2CCSD overlap ratio:        1.024116 ± 0.000206
Clean AFQMC/pt2CCSD energy (covariance): -168.320003 ± 0.000504
Clean AFQMC/ptCCSD energy (dir sample):  -168.320003 ± 0.000415

Blocking Analysis
nsample = 1000, max_block_size = 25, min_nblocks = 40
   B    NB    NS  Observable     Error    dError
   1  1000  1000    1.024117  0.000076  0.000002
   2   500  1000    1.024116  0.000100  0.000003
   3   333   999    1.024120  0.000116  0.000004
   4   250  1000    1.024116  0.000126  0.000006
   5   200  1000    1.024116  0.000135  0.000007
   6   166   996    1.024123  0.000144  0.000008
   7   142   994    1.024123  0.000151  0.000009
   8   125  1000    1.024116  0.000154  0.000010
   9   111   999    1.024120  0.000162  0.000011
  10   100  1000    1.024116  0.000164  0.000012
  11    90   990    1.024123  0.000161  0.000012
  12    83   996    1.024122  0.000168  0.000013
  13    76   988    1.024127  0.000167  0.000014
  14    71   994    1.024123  0.000182  0.000015
  15    66   990    1.024123  0.000186  0.000016
  16    62   992    1.024125  0.000179  0.000016
  17    58   986    1.024131  0.000191  0.000018
  18    55   990    1.024123  0.000195  0.000019
  19    52   988    1.024127  0.000194  0.000019
  20    50  1000    1.024116  0.000200  0.000020
  21    47   987    1.024131  0.000203  0.000021
  22    45   990    1.024123  0.000203  0.000022
  23    43   989    1.024123  0.000198  0.000022
  24    41   984    1.024133  0.000206  0.000023
  25    40  1000    1.024116  0.000194  0.000022
Fit (variance): plateau_var = 4.048e-08 ± 3.936e-09
Fit (error):    plateau = 0.000201 ± 0.000010
     autocorrelation length ~ 8.9 blocks
     plateau reached at block size ~ 41
     !!!Failed to reach plateau in blocking
     Return max block error
nclean = 1000, max_block_size = 25, min_nblocks = 40
Blk_SZ   NBlk   NSmp      Energy     Error    dError
     1   1000   1000  -168.319697  0.000415  0.000009
     2    500   1000  -168.319765  0.000446  0.000014
     3    333    999  -168.319755  0.000466  0.000018
     4    250   1000  -168.319828  0.000498  0.000022
     5    200   1000  -168.319854  0.000471  0.000024
     6    166    996  -168.319814  0.000499  0.000027
     7    142    994  -168.319831  0.000526  0.000031
     8    125   1000  -168.319888  0.000507  0.000032
     9    111    999  -168.319850  0.000543  0.000037
    10    100   1000  -168.319904  0.000537  0.000038
    11     90    990  -168.319897  0.000512  0.000038
    12     83    996  -168.319881  0.000518  0.000040
    13     76    988  -168.319898  0.000531  0.000043
    14     71    994  -168.319893  0.000521  0.000044
    15     66    990  -168.319910  0.000531  0.000047
    16     62    992  -168.319900  0.000552  0.000050
    17     58    986  -168.319909  0.000560  0.000052
    18     55    990  -168.319921  0.000541  0.000052
    19     52    988  -168.319912  0.000577  0.000057
    20     50   1000  -168.319949  0.000546  0.000055
    21     47    987  -168.319906  0.000571  0.000060
    22     45    990  -168.319934  0.000560  0.000060
    23     43    989  -168.319937  0.000538  0.000059
    24     41    984  -168.319941  0.000529  0.000059
    25     40   1000  -168.319948  0.000573  0.000065
Fit (variance): plateau_var = 3.001725e-07 ± 1.977540e-08
Fit (error):    plateau = 0.000548 ± 0.000018
     autocorrelation length ~ 5.0 blocks
     plateau reached at block size ~ 20
Final AFQMC/pt2CCSD overlap ratio: 1.024116 ± 0.000206
Final AFQMC/pt2CCSD energy: -168.320003 ± 0.000548
Total run time: 799.69

AFQMC Sampling Finished

