#INFO: **** input file is /work/hdd/bdka/yzhang65/w4_17/w4-17_all/afqmc_input/batch6/run_afqmc.py ****
import os
import sys
import re
#sys.path.insert(0, os.path.join(os.path.dirname(os.path.abspath(__file__)), '..', 'script'))
sys.path.insert(0, '/u/yzhang65/mywork/yzhang65/w4_17/w4-17_all/script')

os.environ.setdefault("XLA_PYTHON_CLIENT_ALLOCATOR", "platform")
import jax
jax.config.update("jax_enable_x64", True)

from pyscf import gto, scf, cc
from afqmc import integral, launch_afqmc
from mol_select import get_xyz_files
import truncate_basis

# ---------------------------------------------------------------------------
# Configuration
# ---------------------------------------------------------------------------
shell            = "closed"  # "closed" or "open"
symmetry         = False
select_molecules = None  # e.g. ["acetaldehyde", "benzene"], or None for all
index            = "101-120"          # e.g. "1-10", "5", "1,3,5-8", or None for all
basis            = "vtzfp"

xyz_dir      = f"../../w4_17_xyz/{shell}_shell"
results_file = f"./{shell}_afqmc_{basis}.dat"
out_dir      = f"../../result/molout/{shell}_shell"
os.makedirs(out_dir, exist_ok=True)

xyz_files = get_xyz_files(xyz_dir, select_molecules=select_molecules, index=index)

# ---------------------------------------------------------------------------
# Write results header
# ---------------------------------------------------------------------------
with open(results_file, "w") as out:
    out.write(f"{'Molecule':<16s} {'E_HF (Eh)':>20s} {'E_CCSD (Eh)':>20s} "
              f"{'E_AFQMC (Eh)':>15s} {'E_AFQMC ERR (Eh)':>15s}\n")

# ---------------------------------------------------------------------------
# Helper
# ---------------------------------------------------------------------------
_afqmc_energy_re = re.compile(
    r"Final AFQMC/pt2CCSD energy:\s*([-+]?\d*\.?\d+(?:[eE][-+]?\d+)?)"
    r"\s*(?:±|\+/-)\s*([-+]?\d*\.?\d+(?:[eE][-+]?\d+)?)"
)

def extract_afqmc_energy(filename):
    try:
        with open(filename, encoding="utf-8") as f:
            for line in f:
                m = _afqmc_energy_re.search(line)
                if m:
                    return float(m.group(1)), float(m.group(2))
    except (OSError, IOError):
        pass
    return 0, 0

# ---------------------------------------------------------------------------
# Main loop
# ---------------------------------------------------------------------------
for xyz_path in xyz_files:
    with open(xyz_path) as f:
        lines = f.readlines()

    second_line = lines[1]
    charge   = int(second_line.split("charge=")[1].split()[0])
    spin     = int(second_line.split("mult=")[1].split()[0]) - 1
    mol_name = second_line.split()[0]
    atoms    = "".join(lines[2:])

    print(f"\n{'='*60}\nRunning: {mol_name}  charge={charge}  spin={spin}\n{'='*60}")

    mol = gto.M(
        atom=atoms,
        basis=truncate_basis.get_basis(atoms, basis),
        verbose=4,
        output=os.path.join(out_dir, f"{mol_name}_{basis}.out"),
        unit="angstrom",
        symmetry=symmetry,
        charge=charge,
        spin=spin,
        max_memory=40000,
    )

    mf = scf.UHF(mol)
    mf.max_cycle = 200
    mf = mf.newton()
    mf.kernel()

    if mol_name == "h":
        with open(results_file, "a") as out:
            out.write(f"{mol_name:<16s} {mf.e_tot:>20.10f} {mf.e_tot:>20.10f} "
                      f"{mf.e_tot:>15.5f} {0.0:>15.5f}\n")
        continue

    stable = False
    for _ in range(10):
        mo_i, _, stable, _ = mf.stability(return_status=True)
        if stable:
            break
        dm = mf.make_rdm1(mo_i, mf.mo_occ)
        mf.kernel(dm0=dm)

    if not stable or not mf.converged:
        print(f"  !! SCF did not converge for {mol_name} — skipping.")
        with open(results_file, "a") as out:
            out.write(f"{mol_name:<16s} {'UNCONVERGED':>20s} {'UNCONVERGED':>20s} {'UNCONVERGED':>20s}\n")
        continue

    mycc = cc.CCSD(mf)
    mycc.set_frozen()
    mycc.kernel()

    integral.prep_integral(mycc, chol_cut=1e-5)
    options = {
        'eql_time':      50,
        'n_blocks':      1000,
        'n_walkers':     300,
        'max_error':     0.0,
        'seed':          17,
        'walker_type':   'uhf',
        'trial':         'upt2ccsd',
        'mix_precision': True,
        'max_memory':    20000, #MB
    }
    launch_afqmc.ph_afqmc(options)

    afqmc_out = os.path.join(out_dir, f"{mol_name}_afqmc_{basis}.out")
    os.system(f"mv afqmc.out {afqmc_out}")
    eqmc, eqmc_err = extract_afqmc_energy(afqmc_out)

    with open(results_file, "a") as out:
        out.write(f"{mol_name:<16s} {mf.e_tot:>20.10f} {mycc.e_tot:>20.10f} "
                  f"{eqmc:>15.5f} {eqmc_err:>15.5f}\n")

    print(f"  => E_HF({mol_name})      = {mf.e_tot:.10f} Eh")
    print(f"  => E_CCSD({mol_name})    = {mycc.e_tot:.10f} Eh")
    print(f"  => E_AFQMC({mol_name})   = {eqmc:.5f} +/- {eqmc_err:.5f} Eh")

print(f"\nAll calculations complete. Results saved to {results_file}")
#INFO: ******************** input file end ********************


System: uname_result(system='Linux', node='gpua011.delta.ncsa.illinois.edu', release='5.14.0-427.91.1.el9_4.x86_64', version='#1 SMP PREEMPT_DYNAMIC Wed Sep 17 10:08:59 EDT 2025', machine='x86_64')  Threads 16
Python 3.11.14 (main, Oct 21 2025, 18:31:21) [GCC 11.2.0]
numpy 2.3.5  scipy 1.16.3  h5py 3.15.1
Date: Sun May 24 00:47:18 2026
PySCF version 2.11.0
PySCF path  /u/yzhang65/myprojects/software/pyscf
GIT HEAD (branch master) f520f5381c0b41f716d847009817cbc64e52c0d5

[ENV] PYSCF_TMPDIR /projects/bdka/yzhang65/scratch/pyscf
[ENV] PYSCF_EXT_PATH /u/yzhang65/myprojects/software/pyscf-forge
[CONFIG] conf_file None
[INPUT] verbose = 4
[INPUT] num. atoms = 2
[INPUT] num. electrons = 10
[INPUT] charge = 0
[INPUT] spin (= nelec alpha-beta = 2S) = 0
[INPUT] symmetry False subgroup None
[INPUT] Mole.unit = angstrom
[INPUT] Symbol           X                Y                Z      unit          X                Y                Z       unit  Magmom
[INPUT]  1 F      0.000000000000   0.000000000000   0.091577000000 AA    0.000000000000   0.000000000000   0.173055449309 Bohr   0.0
[INPUT]  2 H      0.000000000000   0.000000000000  -0.824192000000 AA    0.000000000000   0.000000000000  -1.557497154058 Bohr   0.0

nuclear repulsion = 5.20065092646727
number of shells = 14
number of NR pGTOs = 53
number of NR cGTOs = 39
basis = {'H': [[0, [33.87, 0.006068], [5.095, 0.045308], [1.159, 0.202822]], [0, [0.3258, 1.0]], [0, [0.1027, 1.0]], [1, [1.407, 1.0]], [1, [0.388, 1.0]]], 'F': [[0, [19500.0, 0.000507, -0.000117], [2923.0, 0.003923, -0.000912], [664.5, 0.0202, -0.004717], [187.5, 0.07901, -0.019086], [60.62, 0.230439, -0.059655], [21.42, 0.432872, -0.14001], [7.95, 0.349964, -0.176782], [0.8815, -0.007892, 0.605043]], [0, [2.257, 1.0]], [0, [0.3041, 1.0]], [1, [43.88, 0.016665], [9.926, 0.104472], [2.93, 0.31726]], [1, [0.9132, 1.0]], [1, [0.2672, 1.0]], [2, [3.107, 1.0]], [2, [0.855, 1.0]], [3, [1.917, 1.0]]]}
ecp = {}
CPU time:       265.36




******** <class 'pyscf.soscf.newton_ah.SecondOrderUHF'> ********
method = SecondOrderUHF
initial guess = minao
damping factor = 0
level_shift factor = 0
DIIS = <class 'pyscf.scf.diis.CDIIS'>
diis_start_cycle = 1
diis_space = 8
diis_damp = 0
SCF conv_tol = 1e-09
SCF conv_tol_grad = None
SCF max_cycles = 200
direct_scf = True
direct_scf_tol = 1e-13
chkfile to save SCF result = /projects/bdka/yzhang65/scratch/pyscf/tmph3u1gj_z
max_memory 40000 MB (current use 1055 MB)
number electrons alpha = 5  beta = 5
******** <class 'pyscf.scf.uhf.UHF'> Newton solver flags ********
SCF tol = 1e-09
conv_tol_grad = None
max. SCF cycles = 200
direct_scf = True
direct_scf_tol = 1e-13
chkfile to save SCF result = /projects/bdka/yzhang65/scratch/pyscf/tmph3u1gj_z
max_cycle_inner = 12
max_stepsize = 0.05
ah_start_tol = 1e+09
ah_level_shift = 0
ah_conv_tol = 1e-12
ah_lindep = 1e-14
ah_start_cycle = 1
ah_max_cycle = 40
ah_grad_trust_region = 2.5
kf_interval = 4
kf_trust_region = 5
canonicalization = True
max_memory 40000 MB (current use 1055 MB)
Set conv_tol_grad to 3.16228e-05
  alpha nocc = 5  HOMO = -0.642548517957512  LUMO = 0.107447596917483
  beta  nocc = 5  HOMO = -0.641663750836904  LUMO = 0.103872322826092
Initial guess E= -100.029782499813  |g|= 0.28582
macro= 0  E= -100.057670287749  delta_E= -0.0278878  |g|= 0.0155844  3 KF 9 JK
macro= 1  E= -100.057671995971  delta_E= -1.70822e-06  |g|= 0.000123787  2 KF 7 JK
macro= 2  E= -100.057671995971  delta_E= -4.26326e-14  |g|= 9.81918e-06  1 KF 2 JK
Canonicalize SCF orbitals
macro X = 3  E=-100.057671995971  |g|= 9.81918e-06  total 7 KF 22 JK
converged SCF energy = -100.057671995971  <S^2> = 1.3990231e-10  2S+1 = 1
uhf_internal: lowest eigs of H = [0.75774963 0.75775048 0.77011819]
<class 'pyscf.soscf.newton_ah.SecondOrderUHF'> wavefunction is stable in the internal stability analysis

******** <class 'pyscf.cc.uccsd.UCCSD'> ********
CC2 = 0
CCSD nocc = (np.int64(4), np.int64(4)), nmo = (38, 38)
frozen orbitals 1
max_cycle = 50
direct = 0
conv_tol = 1e-07
conv_tol_normt = 1e-06
diis_space = 6
diis_start_cycle = 0
diis_start_energy_diff = 1e+09
max_memory 40000 MB (current use 877 MB)
Init t2, MP2 energy = -0.269927674556338
Init E_corr(UCCSD) = -0.269927674573238
cycle = 1  E_corr(UCCSD) = -0.267548049866625  dE = 0.00237962471  norm(t1,t2) = 0.0348492
cycle = 2  E_corr(UCCSD) = -0.27176497082635  dE = -0.00421692096  norm(t1,t2) = 0.00853422
cycle = 3  E_corr(UCCSD) = -0.271931964880245  dE = -0.000166994054  norm(t1,t2) = 0.00329199
cycle = 4  E_corr(UCCSD) = -0.272244896830864  dE = -0.000312931951  norm(t1,t2) = 0.00108422
cycle = 5  E_corr(UCCSD) = -0.272255775919787  dE = -1.08790889e-05  norm(t1,t2) = 0.000160631
cycle = 6  E_corr(UCCSD) = -0.272245469948367  dE = 1.03059714e-05  norm(t1,t2) = 4.50297e-05
cycle = 7  E_corr(UCCSD) = -0.272246543231922  dE = -1.07328356e-06  norm(t1,t2) = 1.35288e-05
cycle = 8  E_corr(UCCSD) = -0.272246735187901  dE = -1.91955979e-07  norm(t1,t2) = 2.34528e-06
cycle = 9  E_corr(UCCSD) = -0.272246631610085  dE = 1.03577816e-07  norm(t1,t2) = 6.14819e-07
cycle = 10  E_corr(UCCSD) = -0.272246630448771  dE = 1.16131371e-09  norm(t1,t2) = 1.29757e-07
UCCSD converged
E(UCCSD) = -100.3299186264197  E_corr = -0.2722466304487711
