#INFO: **** input file is /work/hdd/bdka/yzhang65/w4_17/w4-17_all/afqmc_input/batch6/run_afqmc.py ****
import os
import sys
import re
#sys.path.insert(0, os.path.join(os.path.dirname(os.path.abspath(__file__)), '..', 'script'))
sys.path.insert(0, '/u/yzhang65/mywork/yzhang65/w4_17/w4-17_all/script')

os.environ.setdefault("XLA_PYTHON_CLIENT_ALLOCATOR", "platform")
import jax
jax.config.update("jax_enable_x64", True)

from pyscf import gto, scf, cc
from afqmc import integral, launch_afqmc
from mol_select import get_xyz_files
import truncate_basis

# ---------------------------------------------------------------------------
# Configuration
# ---------------------------------------------------------------------------
shell            = "closed"  # "closed" or "open"
symmetry         = False
select_molecules = None  # e.g. ["acetaldehyde", "benzene"], or None for all
index            = "101-120"          # e.g. "1-10", "5", "1,3,5-8", or None for all
basis            = "vtzfp"

xyz_dir      = f"../../w4_17_xyz/{shell}_shell"
results_file = f"./{shell}_afqmc_{basis}.dat"
out_dir      = f"../../result/molout/{shell}_shell"
os.makedirs(out_dir, exist_ok=True)

xyz_files = get_xyz_files(xyz_dir, select_molecules=select_molecules, index=index)

# ---------------------------------------------------------------------------
# Write results header
# ---------------------------------------------------------------------------
with open(results_file, "w") as out:
    out.write(f"{'Molecule':<16s} {'E_HF (Eh)':>20s} {'E_CCSD (Eh)':>20s} "
              f"{'E_AFQMC (Eh)':>15s} {'E_AFQMC ERR (Eh)':>15s}\n")

# ---------------------------------------------------------------------------
# Helper
# ---------------------------------------------------------------------------
_afqmc_energy_re = re.compile(
    r"Final AFQMC/pt2CCSD energy:\s*([-+]?\d*\.?\d+(?:[eE][-+]?\d+)?)"
    r"\s*(?:±|\+/-)\s*([-+]?\d*\.?\d+(?:[eE][-+]?\d+)?)"
)

def extract_afqmc_energy(filename):
    try:
        with open(filename, encoding="utf-8") as f:
            for line in f:
                m = _afqmc_energy_re.search(line)
                if m:
                    return float(m.group(1)), float(m.group(2))
    except (OSError, IOError):
        pass
    return 0, 0

# ---------------------------------------------------------------------------
# Main loop
# ---------------------------------------------------------------------------
for xyz_path in xyz_files:
    with open(xyz_path) as f:
        lines = f.readlines()

    second_line = lines[1]
    charge   = int(second_line.split("charge=")[1].split()[0])
    spin     = int(second_line.split("mult=")[1].split()[0]) - 1
    mol_name = second_line.split()[0]
    atoms    = "".join(lines[2:])

    print(f"\n{'='*60}\nRunning: {mol_name}  charge={charge}  spin={spin}\n{'='*60}")

    mol = gto.M(
        atom=atoms,
        basis=truncate_basis.get_basis(atoms, basis),
        verbose=4,
        output=os.path.join(out_dir, f"{mol_name}_{basis}.out"),
        unit="angstrom",
        symmetry=symmetry,
        charge=charge,
        spin=spin,
        max_memory=40000,
    )

    mf = scf.UHF(mol)
    mf.max_cycle = 200
    mf = mf.newton()
    mf.kernel()

    if mol_name == "h":
        with open(results_file, "a") as out:
            out.write(f"{mol_name:<16s} {mf.e_tot:>20.10f} {mf.e_tot:>20.10f} "
                      f"{mf.e_tot:>15.5f} {0.0:>15.5f}\n")
        continue

    stable = False
    for _ in range(10):
        mo_i, _, stable, _ = mf.stability(return_status=True)
        if stable:
            break
        dm = mf.make_rdm1(mo_i, mf.mo_occ)
        mf.kernel(dm0=dm)

    if not stable or not mf.converged:
        print(f"  !! SCF did not converge for {mol_name} — skipping.")
        with open(results_file, "a") as out:
            out.write(f"{mol_name:<16s} {'UNCONVERGED':>20s} {'UNCONVERGED':>20s} {'UNCONVERGED':>20s}\n")
        continue

    mycc = cc.CCSD(mf)
    mycc.set_frozen()
    mycc.kernel()

    integral.prep_integral(mycc, chol_cut=1e-5)
    options = {
        'eql_time':      50,
        'n_blocks':      1000,
        'n_walkers':     300,
        'max_error':     0.0,
        'seed':          17,
        'walker_type':   'uhf',
        'trial':         'upt2ccsd',
        'mix_precision': True,
        'max_memory':    20000, #MB
    }
    launch_afqmc.ph_afqmc(options)

    afqmc_out = os.path.join(out_dir, f"{mol_name}_afqmc_{basis}.out")
    os.system(f"mv afqmc.out {afqmc_out}")
    eqmc, eqmc_err = extract_afqmc_energy(afqmc_out)

    with open(results_file, "a") as out:
        out.write(f"{mol_name:<16s} {mf.e_tot:>20.10f} {mycc.e_tot:>20.10f} "
                  f"{eqmc:>15.5f} {eqmc_err:>15.5f}\n")

    print(f"  => E_HF({mol_name})      = {mf.e_tot:.10f} Eh")
    print(f"  => E_CCSD({mol_name})    = {mycc.e_tot:.10f} Eh")
    print(f"  => E_AFQMC({mol_name})   = {eqmc:.5f} +/- {eqmc_err:.5f} Eh")

print(f"\nAll calculations complete. Results saved to {results_file}")
#INFO: ******************** input file end ********************


System: uname_result(system='Linux', node='gpua011.delta.ncsa.illinois.edu', release='5.14.0-427.91.1.el9_4.x86_64', version='#1 SMP PREEMPT_DYNAMIC Wed Sep 17 10:08:59 EDT 2025', machine='x86_64')  Threads 16
Python 3.11.14 (main, Oct 21 2025, 18:31:21) [GCC 11.2.0]
numpy 2.3.5  scipy 1.16.3  h5py 3.15.1
Date: Sun May 24 02:56:24 2026
PySCF version 2.11.0
PySCF path  /u/yzhang65/myprojects/software/pyscf
GIT HEAD (branch master) f520f5381c0b41f716d847009817cbc64e52c0d5

[ENV] PYSCF_TMPDIR /projects/bdka/yzhang65/scratch/pyscf
[ENV] PYSCF_EXT_PATH /u/yzhang65/myprojects/software/pyscf-forge
[CONFIG] conf_file None
[INPUT] verbose = 4
[INPUT] num. atoms = 4
[INPUT] num. electrons = 34
[INPUT] charge = 0
[INPUT] spin (= nelec alpha-beta = 2S) = 0
[INPUT] symmetry False subgroup None
[INPUT] Mole.unit = angstrom
[INPUT] Symbol           X                Y                Z      unit          X                Y                Z       unit  Magmom
[INPUT]  1 H      1.549461000000   0.644167000000   0.773792000000 AA    2.928056930695   1.217299208483   1.462254957379 Bohr   0.0
[INPUT]  2 O      1.369289000000   0.318684000000  -0.119210000000 AA    2.587581195380   0.602225480281  -0.225274251309 Bohr   0.0
[INPUT]  3 Cl    -0.137557000000  -0.443711000000   0.017415000000 AA   -0.259945056517  -0.838492268457   0.032909580459 Bohr   0.0
[INPUT]  4 O     -1.270663000000   0.543681000000  -0.014522000000 AA   -2.401205066618   1.027408189130  -0.027442602781 Bohr   0.0

nuclear repulsion = 113.138472268396
number of shells = 32
number of NR pGTOs = 154
number of NR cGTOs = 103
basis = {'H': [[0, [33.87, 0.006068], [5.095, 0.045308], [1.159, 0.202822]], [0, [0.3258, 1.0]], [0, [0.1027, 1.0]], [1, [1.407, 1.0]], [1, [0.388, 1.0]]], 'Cl': [[0, [456100.0, 4.9297e-05, -1.38304e-05, 4.18546e-06], [68330.0, 0.000383029, -0.000107279, 3.24395e-05], [15550.0, 0.00200854, -0.000565083, 0.000171105], [4405.0, 0.00838558, -0.00236135, 0.000714176], [1439.0, 0.0294703, -0.00845886, 0.00256705], [520.4, 0.0878325, -0.0259638, 0.00788552], [203.1, 0.211473, -0.0686362, 0.0210867], [83.96, 0.365364, -0.141874, 0.0442264], [36.2, 0.340884, -0.199319, 0.065167], [15.83, 0.102133, -0.0195662, 0.00603012], [6.334, 0.00311675, 0.499741, -0.206495], [2.694, 0.00105751, 0.563736, -0.405871], [0.4313, 0.000156136, -0.00835091, 0.725661]], [0, [0.9768, 1.0]], [0, [0.1625, 1.0]], [1, [663.3, 0.00240448, -0.000652145], [156.8, 0.0192148, -0.00519445], [49.98, 0.0885097, -0.0246938], [18.42, 0.25602, -0.0728167], [7.24, 0.436927, -0.13403], [2.922, 0.350334, -0.0947742], [0.3818, -0.00458423, 0.564667]], [1, [1.022, 1.0]], [1, [0.1301, 1.0]], [2, [1.046, 1.0]], [2, [0.344, 1.0]], [3, [0.706, 1.0]]], 'O': [[0, [15330.0, 0.000508, -0.000115], [2299.0, 0.003929, -0.000895], [522.4, 0.020243, -0.004636], [147.3, 0.079181, -0.018724], [47.55, 0.230687, -0.058463], [16.76, 0.433118, -0.136463], [6.207, 0.35026, -0.17574], [0.6882, -0.008154, 0.603418]], [0, [1.752, 1.0]], [0, [0.2384, 1.0]], [1, [34.46, 0.015928], [7.749, 0.09974], [2.28, 0.310492]], [1, [0.7156, 1.0]], [1, [0.214, 1.0]], [2, [2.314, 1.0]], [2, [0.645, 1.0]], [3, [1.428, 1.0]]]}
ecp = {}
CPU time:       958.62




******** <class 'pyscf.soscf.newton_ah.SecondOrderUHF'> ********
method = SecondOrderUHF
initial guess = minao
damping factor = 0
level_shift factor = 0
DIIS = <class 'pyscf.scf.diis.CDIIS'>
diis_start_cycle = 1
diis_space = 8
diis_damp = 0
SCF conv_tol = 1e-09
SCF conv_tol_grad = None
SCF max_cycles = 200
direct_scf = True
direct_scf_tol = 1e-13
chkfile to save SCF result = /projects/bdka/yzhang65/scratch/pyscf/tmp4jpxo3g_
max_memory 40000 MB (current use 1357 MB)
number electrons alpha = 17  beta = 17
******** <class 'pyscf.scf.uhf.UHF'> Newton solver flags ********
SCF tol = 1e-09
conv_tol_grad = None
max. SCF cycles = 200
direct_scf = True
direct_scf_tol = 1e-13
chkfile to save SCF result = /projects/bdka/yzhang65/scratch/pyscf/tmp4jpxo3g_
max_cycle_inner = 12
max_stepsize = 0.05
ah_start_tol = 1e+09
ah_level_shift = 0
ah_conv_tol = 1e-12
ah_lindep = 1e-14
ah_start_cycle = 1
ah_max_cycle = 40
ah_grad_trust_region = 2.5
kf_interval = 4
kf_trust_region = 5
canonicalization = True
max_memory 40000 MB (current use 1357 MB)
Set conv_tol_grad to 3.16228e-05
  alpha nocc = 17  HOMO = -0.236801898482883  LUMO = -0.0171954440862409
  beta  nocc = 17  HOMO = -0.23646104164872  LUMO = -0.0199955421070043
Initial guess E= -609.546079998025  |g|= 0.542241
macro= 0  E= -609.670173830769  delta_E= -0.124094  |g|= 0.009779  4 KF 13 JK
macro= 1  E= -609.67018208429  delta_E= -8.25352e-06  |g|= 3.62429e-05  3 KF 16 JK
macro= 2  E= -609.670182084288  delta_E= 1.36424e-12  |g|= 1.03603e-05  1 KF 2 JK
Canonicalize SCF orbitals
macro X = 3  E=-609.670182084288  |g|= 1.03603e-05  total 9 KF 35 JK
converged SCF energy = -609.670182084288  <S^2> = 5.1817395e-10  2S+1 = 1
uhf_internal: lowest eigs of H = [0.08346549 0.1766704  0.25364848]
<class 'pyscf.soscf.newton_ah.SecondOrderUHF'> wavefunction is stable in the internal stability analysis

******** <class 'pyscf.cc.uccsd.UCCSD'> ********
CC2 = 0
CCSD nocc = (np.int64(10), np.int64(10)), nmo = (96, 96)
frozen orbitals 7
max_cycle = 50
direct = 0
conv_tol = 1e-07
conv_tol_normt = 1e-06
diis_space = 6
diis_start_cycle = 0
diis_start_energy_diff = 1e+09
max_memory 40000 MB (current use 1482 MB)
Init t2, MP2 energy = -0.6921787366212
Init E_corr(UCCSD) = -0.692178736657359
cycle = 1  E_corr(UCCSD) = -0.675189910735084  dE = 0.0169888259  norm(t1,t2) = 0.126143
cycle = 2  E_corr(UCCSD) = -0.700956838606463  dE = -0.0257669279  norm(t1,t2) = 0.047
cycle = 3  E_corr(UCCSD) = -0.698855335544367  dE = 0.00210150306  norm(t1,t2) = 0.0383996
cycle = 4  E_corr(UCCSD) = -0.7012279359339  dE = -0.00237260039  norm(t1,t2) = 0.0155774
cycle = 5  E_corr(UCCSD) = -0.702206445459308  dE = -0.000978509525  norm(t1,t2) = 0.00740437
cycle = 6  E_corr(UCCSD) = -0.701861755701372  dE = 0.000344689758  norm(t1,t2) = 0.00302711
cycle = 7  E_corr(UCCSD) = -0.701739589412786  dE = 0.000122166289  norm(t1,t2) = 0.000880302
cycle = 8  E_corr(UCCSD) = -0.701783377536981  dE = -4.37881242e-05  norm(t1,t2) = 0.000310685
cycle = 9  E_corr(UCCSD) = -0.701797114826092  dE = -1.37372891e-05  norm(t1,t2) = 0.000154601
cycle = 10  E_corr(UCCSD) = -0.701793725820308  dE = 3.38900578e-06  norm(t1,t2) = 6.07995e-05
cycle = 11  E_corr(UCCSD) = -0.701792823103281  dE = 9.02717027e-07  norm(t1,t2) = 3.45864e-05
cycle = 12  E_corr(UCCSD) = -0.701791956255009  dE = 8.66848272e-07  norm(t1,t2) = 2.07047e-05
cycle = 13  E_corr(UCCSD) = -0.701792483236258  dE = -5.2698125e-07  norm(t1,t2) = 1.21316e-05
cycle = 14  E_corr(UCCSD) = -0.701792584503429  dE = -1.0126717e-07  norm(t1,t2) = 7.7711e-06
cycle = 15  E_corr(UCCSD) = -0.701792380936793  dE = 2.03566635e-07  norm(t1,t2) = 2.84402e-06
cycle = 16  E_corr(UCCSD) = -0.701792332605933  dE = 4.83308604e-08  norm(t1,t2) = 1.70299e-06
cycle = 17  E_corr(UCCSD) = -0.701792322273393  dE = 1.03325399e-08  norm(t1,t2) = 7.23181e-07
UCCSD converged
E(UCCSD) = -610.3719744065617  E_corr = -0.7017923222733929
