#INFO: **** input file is /work/hdd/bdka/yzhang65/w4_17/w4-17_all/afqmc_input/batch6/run_afqmc.py ****
import os
import sys
import re
#sys.path.insert(0, os.path.join(os.path.dirname(os.path.abspath(__file__)), '..', 'script'))
sys.path.insert(0, '/u/yzhang65/mywork/yzhang65/w4_17/w4-17_all/script')

os.environ.setdefault("XLA_PYTHON_CLIENT_ALLOCATOR", "platform")
import jax
jax.config.update("jax_enable_x64", True)

from pyscf import gto, scf, cc
from afqmc import integral, launch_afqmc
from mol_select import get_xyz_files
import truncate_basis

# ---------------------------------------------------------------------------
# Configuration
# ---------------------------------------------------------------------------
shell            = "closed"  # "closed" or "open"
symmetry         = False
select_molecules = None  # e.g. ["acetaldehyde", "benzene"], or None for all
index            = "101-120"          # e.g. "1-10", "5", "1,3,5-8", or None for all
basis            = "vtzfp"

xyz_dir      = f"../../w4_17_xyz/{shell}_shell"
results_file = f"./{shell}_afqmc_{basis}.dat"
out_dir      = f"../../result/molout/{shell}_shell"
os.makedirs(out_dir, exist_ok=True)

xyz_files = get_xyz_files(xyz_dir, select_molecules=select_molecules, index=index)

# ---------------------------------------------------------------------------
# Write results header
# ---------------------------------------------------------------------------
with open(results_file, "w") as out:
    out.write(f"{'Molecule':<16s} {'E_HF (Eh)':>20s} {'E_CCSD (Eh)':>20s} "
              f"{'E_AFQMC (Eh)':>15s} {'E_AFQMC ERR (Eh)':>15s}\n")

# ---------------------------------------------------------------------------
# Helper
# ---------------------------------------------------------------------------
_afqmc_energy_re = re.compile(
    r"Final AFQMC/pt2CCSD energy:\s*([-+]?\d*\.?\d+(?:[eE][-+]?\d+)?)"
    r"\s*(?:±|\+/-)\s*([-+]?\d*\.?\d+(?:[eE][-+]?\d+)?)"
)

def extract_afqmc_energy(filename):
    try:
        with open(filename, encoding="utf-8") as f:
            for line in f:
                m = _afqmc_energy_re.search(line)
                if m:
                    return float(m.group(1)), float(m.group(2))
    except (OSError, IOError):
        pass
    return 0, 0

# ---------------------------------------------------------------------------
# Main loop
# ---------------------------------------------------------------------------
for xyz_path in xyz_files:
    with open(xyz_path) as f:
        lines = f.readlines()

    second_line = lines[1]
    charge   = int(second_line.split("charge=")[1].split()[0])
    spin     = int(second_line.split("mult=")[1].split()[0]) - 1
    mol_name = second_line.split()[0]
    atoms    = "".join(lines[2:])

    print(f"\n{'='*60}\nRunning: {mol_name}  charge={charge}  spin={spin}\n{'='*60}")

    mol = gto.M(
        atom=atoms,
        basis=truncate_basis.get_basis(atoms, basis),
        verbose=4,
        output=os.path.join(out_dir, f"{mol_name}_{basis}.out"),
        unit="angstrom",
        symmetry=symmetry,
        charge=charge,
        spin=spin,
        max_memory=40000,
    )

    mf = scf.UHF(mol)
    mf.max_cycle = 200
    mf = mf.newton()
    mf.kernel()

    if mol_name == "h":
        with open(results_file, "a") as out:
            out.write(f"{mol_name:<16s} {mf.e_tot:>20.10f} {mf.e_tot:>20.10f} "
                      f"{mf.e_tot:>15.5f} {0.0:>15.5f}\n")
        continue

    stable = False
    for _ in range(10):
        mo_i, _, stable, _ = mf.stability(return_status=True)
        if stable:
            break
        dm = mf.make_rdm1(mo_i, mf.mo_occ)
        mf.kernel(dm0=dm)

    if not stable or not mf.converged:
        print(f"  !! SCF did not converge for {mol_name} — skipping.")
        with open(results_file, "a") as out:
            out.write(f"{mol_name:<16s} {'UNCONVERGED':>20s} {'UNCONVERGED':>20s} {'UNCONVERGED':>20s}\n")
        continue

    mycc = cc.CCSD(mf)
    mycc.set_frozen()
    mycc.kernel()

    integral.prep_integral(mycc, chol_cut=1e-5)
    options = {
        'eql_time':      50,
        'n_blocks':      1000,
        'n_walkers':     300,
        'max_error':     0.0,
        'seed':          17,
        'walker_type':   'uhf',
        'trial':         'upt2ccsd',
        'mix_precision': True,
        'max_memory':    20000, #MB
    }
    launch_afqmc.ph_afqmc(options)

    afqmc_out = os.path.join(out_dir, f"{mol_name}_afqmc_{basis}.out")
    os.system(f"mv afqmc.out {afqmc_out}")
    eqmc, eqmc_err = extract_afqmc_energy(afqmc_out)

    with open(results_file, "a") as out:
        out.write(f"{mol_name:<16s} {mf.e_tot:>20.10f} {mycc.e_tot:>20.10f} "
                  f"{eqmc:>15.5f} {eqmc_err:>15.5f}\n")

    print(f"  => E_HF({mol_name})      = {mf.e_tot:.10f} Eh")
    print(f"  => E_CCSD({mol_name})    = {mycc.e_tot:.10f} Eh")
    print(f"  => E_AFQMC({mol_name})   = {eqmc:.5f} +/- {eqmc_err:.5f} Eh")

print(f"\nAll calculations complete. Results saved to {results_file}")
#INFO: ******************** input file end ********************


System: uname_result(system='Linux', node='gpua011.delta.ncsa.illinois.edu', release='5.14.0-427.91.1.el9_4.x86_64', version='#1 SMP PREEMPT_DYNAMIC Wed Sep 17 10:08:59 EDT 2025', machine='x86_64')  Threads 16
Python 3.11.14 (main, Oct 21 2025, 18:31:21) [GCC 11.2.0]
numpy 2.3.5  scipy 1.16.3  h5py 3.15.1
Date: Sun May 24 05:01:28 2026
PySCF version 2.11.0
PySCF path  /u/yzhang65/myprojects/software/pyscf
GIT HEAD (branch master) f520f5381c0b41f716d847009817cbc64e52c0d5

[ENV] PYSCF_TMPDIR /projects/bdka/yzhang65/scratch/pyscf
[ENV] PYSCF_EXT_PATH /u/yzhang65/myprojects/software/pyscf-forge
[CONFIG] conf_file None
[INPUT] verbose = 4
[INPUT] num. atoms = 3
[INPUT] num. electrons = 18
[INPUT] charge = 0
[INPUT] spin (= nelec alpha-beta = 2S) = 0
[INPUT] symmetry False subgroup None
[INPUT] Mole.unit = angstrom
[INPUT] Symbol           X                Y                Z      unit          X                Y                Z       unit  Magmom
[INPUT]  1 H     -0.904390000000   0.840938000000   0.000000000000 AA   -1.709049409795   1.589142507739   0.000000000000 Bohr   0.0
[INPUT]  2 O      0.053199000000   0.710109000000   0.000000000000 AA    0.100531540101   1.341911528589   0.000000000000 Bohr   0.0
[INPUT]  3 F      0.053199000000  -0.724645000000   0.000000000000 AA    0.100531540101  -1.369380587535   0.000000000000 Bohr   0.0

nuclear repulsion = 33.5309362598627
number of shells = 23
number of NR pGTOs = 95
number of NR cGTOs = 69
basis = {'H': [[0, [33.87, 0.006068], [5.095, 0.045308], [1.159, 0.202822]], [0, [0.3258, 1.0]], [0, [0.1027, 1.0]], [1, [1.407, 1.0]], [1, [0.388, 1.0]]], 'F': [[0, [19500.0, 0.000507, -0.000117], [2923.0, 0.003923, -0.000912], [664.5, 0.0202, -0.004717], [187.5, 0.07901, -0.019086], [60.62, 0.230439, -0.059655], [21.42, 0.432872, -0.14001], [7.95, 0.349964, -0.176782], [0.8815, -0.007892, 0.605043]], [0, [2.257, 1.0]], [0, [0.3041, 1.0]], [1, [43.88, 0.016665], [9.926, 0.104472], [2.93, 0.31726]], [1, [0.9132, 1.0]], [1, [0.2672, 1.0]], [2, [3.107, 1.0]], [2, [0.855, 1.0]], [3, [1.917, 1.0]]], 'O': [[0, [15330.0, 0.000508, -0.000115], [2299.0, 0.003929, -0.000895], [522.4, 0.020243, -0.004636], [147.3, 0.079181, -0.018724], [47.55, 0.230687, -0.058463], [16.76, 0.433118, -0.136463], [6.207, 0.35026, -0.17574], [0.6882, -0.008154, 0.603418]], [0, [1.752, 1.0]], [0, [0.2384, 1.0]], [1, [34.46, 0.015928], [7.749, 0.09974], [2.28, 0.310492]], [1, [0.7156, 1.0]], [1, [0.214, 1.0]], [2, [2.314, 1.0]], [2, [0.645, 1.0]], [3, [1.428, 1.0]]]}
ecp = {}
CPU time:      2503.30




******** <class 'pyscf.soscf.newton_ah.SecondOrderUHF'> ********
method = SecondOrderUHF
initial guess = minao
damping factor = 0
level_shift factor = 0
DIIS = <class 'pyscf.scf.diis.CDIIS'>
diis_start_cycle = 1
diis_space = 8
diis_damp = 0
SCF conv_tol = 1e-09
SCF conv_tol_grad = None
SCF max_cycles = 200
direct_scf = True
direct_scf_tol = 1e-13
chkfile to save SCF result = /projects/bdka/yzhang65/scratch/pyscf/tmpgfn5xe07
max_memory 40000 MB (current use 2053 MB)
number electrons alpha = 9  beta = 9
******** <class 'pyscf.scf.uhf.UHF'> Newton solver flags ********
SCF tol = 1e-09
conv_tol_grad = None
max. SCF cycles = 200
direct_scf = True
direct_scf_tol = 1e-13
chkfile to save SCF result = /projects/bdka/yzhang65/scratch/pyscf/tmpgfn5xe07
max_cycle_inner = 12
max_stepsize = 0.05
ah_start_tol = 1e+09
ah_level_shift = 0
ah_conv_tol = 1e-12
ah_lindep = 1e-14
ah_start_cycle = 1
ah_max_cycle = 40
ah_grad_trust_region = 2.5
kf_interval = 4
kf_trust_region = 5
canonicalization = True
max_memory 40000 MB (current use 2053 MB)
Set conv_tol_grad to 3.16228e-05
  alpha nocc = 9  HOMO = -0.374071390581784  LUMO = -0.0922889235531201
  beta  nocc = 9  HOMO = -0.372547185920306  LUMO = -0.0970244415496718
Initial guess E= -174.773885439143  |g|= 0.293464
macro= 0  E= -174.803760507232  delta_E= -0.0298751  |g|= 0.000100977  4 KF 16 JK
macro= 1  E= -174.803760507243  delta_E= -1.18234e-11  |g|= 1.3059e-05  1 KF 2 JK
Canonicalize SCF orbitals
macro X = 2  E=-174.803760507243  |g|= 1.3059e-05  total 6 KF 21 JK
converged SCF energy = -174.803760507243  <S^2> = 6.777215e-05  2S+1 = 1.0001355
uhf_internal: lowest eigs of H = [-0.00037799  0.16473551  0.35315551]
<class 'pyscf.soscf.newton_ah.SecondOrderUHF'> wavefunction has an internal instability




******** <class 'pyscf.soscf.newton_ah.SecondOrderUHF'> ********
method = SecondOrderUHF
initial guess = minao
damping factor = 0
level_shift factor = 0
DIIS = <class 'pyscf.scf.diis.CDIIS'>
diis_start_cycle = 1
diis_space = 8
diis_damp = 0
SCF conv_tol = 1e-09
SCF conv_tol_grad = None
SCF max_cycles = 200
direct_scf = True
direct_scf_tol = 1e-13
chkfile to save SCF result = /projects/bdka/yzhang65/scratch/pyscf/tmpgfn5xe07
max_memory 40000 MB (current use 2057 MB)
number electrons alpha = 9  beta = 9
******** <class 'pyscf.scf.uhf.UHF'> Newton solver flags ********
SCF tol = 1e-09
conv_tol_grad = None
max. SCF cycles = 200
direct_scf = True
direct_scf_tol = 1e-13
chkfile to save SCF result = /projects/bdka/yzhang65/scratch/pyscf/tmpgfn5xe07
max_cycle_inner = 12
max_stepsize = 0.05
ah_start_tol = 1e+09
ah_level_shift = 0
ah_conv_tol = 1e-12
ah_lindep = 1e-14
ah_start_cycle = 1
ah_max_cycle = 40
ah_grad_trust_region = 2.5
kf_interval = 4
kf_trust_region = 5
canonicalization = True
max_memory 40000 MB (current use 2057 MB)
Set conv_tol_grad to 3.16228e-05
  alpha nocc = 9  HOMO = -0.505439484561684  LUMO = 0.147679334781861
  beta  nocc = 9  HOMO = -0.482940963664903  LUMO = 0.148968423409141
Initial guess E= -174.754657290441  |g|= 0.152307
macro= 0  E= -174.791730413423  delta_E= -0.0370731  |g|= 0.152307  2 KF 6 JK
macro= 1  E= -174.802670384006  delta_E= -0.01094  |g|= 0.0166151  3 KF 9 JK
macro= 2  E= -174.803646326856  delta_E= -0.000975943  |g|= 0.00367878  3 KF 11 JK
macro= 3  E= -174.803737608322  delta_E= -9.12815e-05  |g|= 0.00216515  2 KF 9 JK
macro= 4  E= -174.803758315274  delta_E= -2.0707e-05  |g|= 0.000397058  2 KF 12 JK
macro= 5  E= -174.803758611944  delta_E= -2.9667e-07  |g|= 0.000229549  1 KF 6 JK
macro= 6  E= -174.80376028641  delta_E= -1.67447e-06  |g|= 0.000548338  2 KF 8 JK
macro= 7  E= -174.803760550553  delta_E= -2.64143e-07  |g|= 0.000176076  2 KF 14 JK
macro= 8  E= -174.803760550969  delta_E= -4.16009e-10  |g|= 2.49466e-05  1 KF 3 JK
Canonicalize SCF orbitals
macro X = 9  E=-174.803760550969  |g|= 2.49466e-05  total 19 KF 88 JK
converged SCF energy = -174.803760550969  <S^2> = 0.0017561624  2S+1 = 1.0035062
uhf_internal: lowest eigs of H = [0.00157713 0.1648549  0.35312023]
<class 'pyscf.soscf.newton_ah.SecondOrderUHF'> wavefunction is stable in the internal stability analysis

******** <class 'pyscf.cc.uccsd.UCCSD'> ********
CC2 = 0
CCSD nocc = (np.int64(7), np.int64(7)), nmo = (67, 67)
frozen orbitals 2
max_cycle = 50
direct = 0
conv_tol = 1e-07
conv_tol_normt = 1e-06
diis_space = 6
diis_start_cycle = 0
diis_start_energy_diff = 1e+09
max_memory 40000 MB (current use 2057 MB)
Init t2, MP2 energy = -0.504554919944664
Init E_corr(UCCSD) = -0.504554919986227
cycle = 1  E_corr(UCCSD) = -0.495106490784267  dE = 0.0094484292  norm(t1,t2) = 0.0725113
cycle = 2  E_corr(UCCSD) = -0.509420043834954  dE = -0.0143135531  norm(t1,t2) = 0.0243009
cycle = 3  E_corr(UCCSD) = -0.508909726116901  dE = 0.000510317718  norm(t1,t2) = 0.0119563
cycle = 4  E_corr(UCCSD) = -0.510598326707319  dE = -0.00168860059  norm(t1,t2) = 0.0055205
cycle = 5  E_corr(UCCSD) = -0.510808794018519  dE = -0.000210467311  norm(t1,t2) = 0.00179687
cycle = 6  E_corr(UCCSD) = -0.510651380387446  dE = 0.000157413631  norm(t1,t2) = 0.000963375
cycle = 7  E_corr(UCCSD) = -0.510675633887916  dE = -2.42535005e-05  norm(t1,t2) = 0.000376042
cycle = 8  E_corr(UCCSD) = -0.510685502403139  dE = -9.86851522e-06  norm(t1,t2) = 0.000144997
cycle = 9  E_corr(UCCSD) = -0.510680975871134  dE = 4.526532e-06  norm(t1,t2) = 7.11809e-05
cycle = 10  E_corr(UCCSD) = -0.510681215031524  dE = -2.3916039e-07  norm(t1,t2) = 3.88272e-05
cycle = 11  E_corr(UCCSD) = -0.510681514220622  dE = -2.99189098e-07  norm(t1,t2) = 1.88768e-05
cycle = 12  E_corr(UCCSD) = -0.510681096890531  dE = 4.17330091e-07  norm(t1,t2) = 9.60402e-06
cycle = 13  E_corr(UCCSD) = -0.510680993053082  dE = 1.03837448e-07  norm(t1,t2) = 4.25264e-06
cycle = 14  E_corr(UCCSD) = -0.510680852066101  dE = 1.40986981e-07  norm(t1,t2) = 2.11898e-06
cycle = 15  E_corr(UCCSD) = -0.510680848611083  dE = 3.45501849e-09  norm(t1,t2) = 1.122e-06
cycle = 16  E_corr(UCCSD) = -0.510680862953964  dE = -1.43428808e-08  norm(t1,t2) = 5.04258e-07
UCCSD converged
E(UCCSD) = -175.3144414139225  E_corr = -0.5106808629539636
