#INFO: **** input file is /work/hdd/bdka/yzhang65/w4_17/w4-17_all/afqmc_input/batch6/run_afqmc.py ****
import os
import sys
import re
#sys.path.insert(0, os.path.join(os.path.dirname(os.path.abspath(__file__)), '..', 'script'))
sys.path.insert(0, '/u/yzhang65/mywork/yzhang65/w4_17/w4-17_all/script')

os.environ.setdefault("XLA_PYTHON_CLIENT_ALLOCATOR", "platform")
import jax
jax.config.update("jax_enable_x64", True)

from pyscf import gto, scf, cc
from afqmc import integral, launch_afqmc
from mol_select import get_xyz_files
import truncate_basis

# ---------------------------------------------------------------------------
# Configuration
# ---------------------------------------------------------------------------
shell            = "closed"  # "closed" or "open"
symmetry         = False
select_molecules = None  # e.g. ["acetaldehyde", "benzene"], or None for all
index            = "101-120"          # e.g. "1-10", "5", "1,3,5-8", or None for all
basis            = "vtzfp"

xyz_dir      = f"../../w4_17_xyz/{shell}_shell"
results_file = f"./{shell}_afqmc_{basis}.dat"
out_dir      = f"../../result/molout/{shell}_shell"
os.makedirs(out_dir, exist_ok=True)

xyz_files = get_xyz_files(xyz_dir, select_molecules=select_molecules, index=index)

# ---------------------------------------------------------------------------
# Write results header
# ---------------------------------------------------------------------------
with open(results_file, "w") as out:
    out.write(f"{'Molecule':<16s} {'E_HF (Eh)':>20s} {'E_CCSD (Eh)':>20s} "
              f"{'E_AFQMC (Eh)':>15s} {'E_AFQMC ERR (Eh)':>15s}\n")

# ---------------------------------------------------------------------------
# Helper
# ---------------------------------------------------------------------------
_afqmc_energy_re = re.compile(
    r"Final AFQMC/pt2CCSD energy:\s*([-+]?\d*\.?\d+(?:[eE][-+]?\d+)?)"
    r"\s*(?:±|\+/-)\s*([-+]?\d*\.?\d+(?:[eE][-+]?\d+)?)"
)

def extract_afqmc_energy(filename):
    try:
        with open(filename, encoding="utf-8") as f:
            for line in f:
                m = _afqmc_energy_re.search(line)
                if m:
                    return float(m.group(1)), float(m.group(2))
    except (OSError, IOError):
        pass
    return 0, 0

# ---------------------------------------------------------------------------
# Main loop
# ---------------------------------------------------------------------------
for xyz_path in xyz_files:
    with open(xyz_path) as f:
        lines = f.readlines()

    second_line = lines[1]
    charge   = int(second_line.split("charge=")[1].split()[0])
    spin     = int(second_line.split("mult=")[1].split()[0]) - 1
    mol_name = second_line.split()[0]
    atoms    = "".join(lines[2:])

    print(f"\n{'='*60}\nRunning: {mol_name}  charge={charge}  spin={spin}\n{'='*60}")

    mol = gto.M(
        atom=atoms,
        basis=truncate_basis.get_basis(atoms, basis),
        verbose=4,
        output=os.path.join(out_dir, f"{mol_name}_{basis}.out"),
        unit="angstrom",
        symmetry=symmetry,
        charge=charge,
        spin=spin,
        max_memory=40000,
    )

    mf = scf.UHF(mol)
    mf.max_cycle = 200
    mf = mf.newton()
    mf.kernel()

    if mol_name == "h":
        with open(results_file, "a") as out:
            out.write(f"{mol_name:<16s} {mf.e_tot:>20.10f} {mf.e_tot:>20.10f} "
                      f"{mf.e_tot:>15.5f} {0.0:>15.5f}\n")
        continue

    stable = False
    for _ in range(10):
        mo_i, _, stable, _ = mf.stability(return_status=True)
        if stable:
            break
        dm = mf.make_rdm1(mo_i, mf.mo_occ)
        mf.kernel(dm0=dm)

    if not stable or not mf.converged:
        print(f"  !! SCF did not converge for {mol_name} — skipping.")
        with open(results_file, "a") as out:
            out.write(f"{mol_name:<16s} {'UNCONVERGED':>20s} {'UNCONVERGED':>20s} {'UNCONVERGED':>20s}\n")
        continue

    mycc = cc.CCSD(mf)
    mycc.set_frozen()
    mycc.kernel()

    integral.prep_integral(mycc, chol_cut=1e-5)
    options = {
        'eql_time':      50,
        'n_blocks':      1000,
        'n_walkers':     300,
        'max_error':     0.0,
        'seed':          17,
        'walker_type':   'uhf',
        'trial':         'upt2ccsd',
        'mix_precision': True,
        'max_memory':    20000, #MB
    }
    launch_afqmc.ph_afqmc(options)

    afqmc_out = os.path.join(out_dir, f"{mol_name}_afqmc_{basis}.out")
    os.system(f"mv afqmc.out {afqmc_out}")
    eqmc, eqmc_err = extract_afqmc_energy(afqmc_out)

    with open(results_file, "a") as out:
        out.write(f"{mol_name:<16s} {mf.e_tot:>20.10f} {mycc.e_tot:>20.10f} "
                  f"{eqmc:>15.5f} {eqmc_err:>15.5f}\n")

    print(f"  => E_HF({mol_name})      = {mf.e_tot:.10f} Eh")
    print(f"  => E_CCSD({mol_name})    = {mycc.e_tot:.10f} Eh")
    print(f"  => E_AFQMC({mol_name})   = {eqmc:.5f} +/- {eqmc_err:.5f} Eh")

print(f"\nAll calculations complete. Results saved to {results_file}")
#INFO: ******************** input file end ********************


System: uname_result(system='Linux', node='gpua011.delta.ncsa.illinois.edu', release='5.14.0-427.91.1.el9_4.x86_64', version='#1 SMP PREEMPT_DYNAMIC Wed Sep 17 10:08:59 EDT 2025', machine='x86_64')  Threads 16
Python 3.11.14 (main, Oct 21 2025, 18:31:21) [GCC 11.2.0]
numpy 2.3.5  scipy 1.16.3  h5py 3.15.1
Date: Sun May 24 05:54:29 2026
PySCF version 2.11.0
PySCF path  /u/yzhang65/myprojects/software/pyscf
GIT HEAD (branch master) f520f5381c0b41f716d847009817cbc64e52c0d5

[ENV] PYSCF_TMPDIR /projects/bdka/yzhang65/scratch/pyscf
[ENV] PYSCF_EXT_PATH /u/yzhang65/myprojects/software/pyscf-forge
[CONFIG] conf_file None
[INPUT] verbose = 4
[INPUT] num. atoms = 4
[INPUT] num. electrons = 18
[INPUT] charge = 0
[INPUT] spin (= nelec alpha-beta = 2S) = 0
[INPUT] symmetry False subgroup None
[INPUT] Mole.unit = angstrom
[INPUT] Symbol           X                Y                Z      unit          X                Y                Z       unit  Magmom
[INPUT]  1 H      0.788278000000   0.891936000000   0.468613000000 AA    1.489629530020   1.685514760640   0.885550228411 Bohr   0.0
[INPUT]  2 O      0.000000000000   0.726241000000  -0.058577000000 AA    0.000000000000   1.372396590430  -0.110694487199 Bohr   0.0
[INPUT]  3 O      0.000000000000  -0.726241000000  -0.058577000000 AA    0.000000000000  -1.372396590430  -0.110694487199 Bohr   0.0
[INPUT]  4 H     -0.788278000000  -0.891936000000   0.468613000000 AA   -1.489629530020  -1.685514760640   0.885550228411 Bohr   0.0

nuclear repulsion = 36.8484002516829
number of shells = 28
number of NR pGTOs = 106
number of NR cGTOs = 78
basis = {'H': [[0, [33.87, 0.006068], [5.095, 0.045308], [1.159, 0.202822]], [0, [0.3258, 1.0]], [0, [0.1027, 1.0]], [1, [1.407, 1.0]], [1, [0.388, 1.0]]], 'O': [[0, [15330.0, 0.000508, -0.000115], [2299.0, 0.003929, -0.000895], [522.4, 0.020243, -0.004636], [147.3, 0.079181, -0.018724], [47.55, 0.230687, -0.058463], [16.76, 0.433118, -0.136463], [6.207, 0.35026, -0.17574], [0.6882, -0.008154, 0.603418]], [0, [1.752, 1.0]], [0, [0.2384, 1.0]], [1, [34.46, 0.015928], [7.749, 0.09974], [2.28, 0.310492]], [1, [0.7156, 1.0]], [1, [0.214, 1.0]], [2, [2.314, 1.0]], [2, [0.645, 1.0]], [3, [1.428, 1.0]]]}
ecp = {}
CPU time:      2807.96




******** <class 'pyscf.soscf.newton_ah.SecondOrderUHF'> ********
method = SecondOrderUHF
initial guess = minao
damping factor = 0
level_shift factor = 0
DIIS = <class 'pyscf.scf.diis.CDIIS'>
diis_start_cycle = 1
diis_space = 8
diis_damp = 0
SCF conv_tol = 1e-09
SCF conv_tol_grad = None
SCF max_cycles = 200
direct_scf = True
direct_scf_tol = 1e-13
chkfile to save SCF result = /projects/bdka/yzhang65/scratch/pyscf/tmpm8cg6cg_
max_memory 40000 MB (current use 2025 MB)
number electrons alpha = 9  beta = 9
******** <class 'pyscf.scf.uhf.UHF'> Newton solver flags ********
SCF tol = 1e-09
conv_tol_grad = None
max. SCF cycles = 200
direct_scf = True
direct_scf_tol = 1e-13
chkfile to save SCF result = /projects/bdka/yzhang65/scratch/pyscf/tmpm8cg6cg_
max_cycle_inner = 12
max_stepsize = 0.05
ah_start_tol = 1e+09
ah_level_shift = 0
ah_conv_tol = 1e-12
ah_lindep = 1e-14
ah_start_cycle = 1
ah_max_cycle = 40
ah_grad_trust_region = 2.5
kf_interval = 4
kf_trust_region = 5
canonicalization = True
max_memory 40000 MB (current use 2025 MB)
Set conv_tol_grad to 3.16228e-05
  alpha nocc = 9  HOMO = -0.360216502881733  LUMO = -0.0137796488803002
  beta  nocc = 9  HOMO = -0.358624990162045  LUMO = -0.0141372623478153
Initial guess E= -150.806438074777  |g|= 0.279086
macro= 0  E= -150.835352347504  delta_E= -0.0289143  |g|= 6.3896e-05  4 KF 16 JK
macro= 1  E= -150.835352347509  delta_E= -5.40012e-12  |g|= 6.63709e-06  1 KF 2 JK
Canonicalize SCF orbitals
macro X = 2  E=-150.835352347509  |g|= 6.63709e-06  total 6 KF 21 JK
converged SCF energy = -150.835352347509  <S^2> = 1.0046364e-10  2S+1 = 1
uhf_internal: lowest eigs of H = [0.1181694  0.2931999  0.41467937]
<class 'pyscf.soscf.newton_ah.SecondOrderUHF'> wavefunction is stable in the internal stability analysis

******** <class 'pyscf.cc.uccsd.UCCSD'> ********
CC2 = 0
CCSD nocc = (np.int64(7), np.int64(7)), nmo = (76, 76)
frozen orbitals 2
max_cycle = 50
direct = 0
conv_tol = 1e-07
conv_tol_normt = 1e-06
diis_space = 6
diis_start_cycle = 0
diis_start_energy_diff = 1e+09
max_memory 40000 MB (current use 2030 MB)
Init t2, MP2 energy = -0.493344223805774
Init E_corr(UCCSD) = -0.493344223829237
cycle = 1  E_corr(UCCSD) = -0.486552403718609  dE = 0.00679182011  norm(t1,t2) = 0.0663569
cycle = 2  E_corr(UCCSD) = -0.499544480164075  dE = -0.0129920764  norm(t1,t2) = 0.0204145
cycle = 3  E_corr(UCCSD) = -0.499577197695842  dE = -3.27175318e-05  norm(t1,t2) = 0.00845422
cycle = 4  E_corr(UCCSD) = -0.50111954396162  dE = -0.00154234627  norm(t1,t2) = 0.00364265
cycle = 5  E_corr(UCCSD) = -0.501089326078772  dE = 3.02178828e-05  norm(t1,t2) = 0.000950411
cycle = 6  E_corr(UCCSD) = -0.501029741463729  dE = 5.9584615e-05  norm(t1,t2) = 0.000360279
cycle = 7  E_corr(UCCSD) = -0.501043502788285  dE = -1.37613246e-05  norm(t1,t2) = 0.000164247
cycle = 8  E_corr(UCCSD) = -0.501044621581237  dE = -1.11879295e-06  norm(t1,t2) = 5.71216e-05
cycle = 9  E_corr(UCCSD) = -0.50104278758257  dE = 1.83399867e-06  norm(t1,t2) = 3.31756e-05
cycle = 10  E_corr(UCCSD) = -0.501042758362294  dE = 2.92202759e-08  norm(t1,t2) = 1.79639e-05
cycle = 11  E_corr(UCCSD) = -0.50104273922666  dE = 1.91356341e-08  norm(t1,t2) = 5.67981e-06
cycle = 12  E_corr(UCCSD) = -0.501042743331656  dE = -4.10499645e-09  norm(t1,t2) = 1.94053e-06
cycle = 13  E_corr(UCCSD) = -0.501042702329064  dE = 4.10025927e-08  norm(t1,t2) = 7.09768e-07
UCCSD converged
E(UCCSD) = -151.3363950498382  E_corr = -0.5010427023290638
