
    ________                     _____                    
    ___  __ \___  __________________(_)_____________ _    
    __  /_/ /  / / /_  __ \_  __ \_  /__  __ \_  __ `/    
    _  _, _// /_/ /_  / / /  / / /  / _  / / /  /_/ /     
    /_/ |_| \__,_/ /_/ /_//_/ /_//_/  /_/ /_/_\__, /      
                                             /____/       
    _____________________________  ___________            
    ___    |__  ____/_  __ \__   |/  /_  ____/            
    __  /| |_  /_   _  / / /_  /|_/ /_  /                 
    _  ___ |  __/   / /_/ /_  /  / / / /___               
    /_/  |_/_/      \___\_\/_/  /_/  \____/               

Hostname:     gpua011.delta.ncsa.illinois.edu
System:       Linux
Node:         gpua011.delta.ncsa.illinois.edu
Release:      5.14.0-427.91.1.el9_4.x86_64
Machine:      x86_64
Processor:    x86_64
JAX backend:  GPU
JAX devices:  [CudaDevice(id=0)]
Device kind:  NVIDIA A100-SXM4-40GB
Platform:     gpu

Load system from Integral File
Maximum memory per walker:            66.67 MB
Maximum number of Cholesky per chunk: 378
Number of Cholesky chunks:            2
Number of Cholesky per chunk:         243
Number of padding Cholesky:           0

QMC System
Number of electrons: (7, 7)
Spin Multiplicity:   0
Number of orbitals:  76
Number of Chol:      486

QMC Parameters
eql_time            :                   50
n_blocks            :                 1000
n_walkers           :                  300
max_error           :                  0.0
seed                :                   17
walker_type         :                  uhf
trial               :             upt2ccsd
mix_precision       :                 True
max_memory          :                20000
dt                  :                0.005
n_exp_terms         :                    6
n_prop_steps        :                   50
save_walkers        :                False
free_projection     :                False
n_batch             :                    1
nchol_chunk         :                  243

Initalize QMC walkers by stochastic CCSD

Equilibration
inv_T        weight  killW        energy   runTime
 0.00    300.000000      0   -151.335349     45.79
 5.00    299.512902      0   -151.360263     55.79
10.00    299.409765      0   -151.393477     58.46
15.00    299.133374      0   -151.330436     61.13
20.00    300.025251      0   -151.355879     63.80
25.00    298.771835      0   -151.323834     66.46
30.00    300.163924      0   -151.388686     69.15
35.00    299.572608      0   -151.347103     71.82
40.00    299.346865      0   -151.340953     74.48
45.00    299.221589      0   -151.372943     77.15
50.00    299.933025      0   -151.359461     79.81

Sampling
blocks        weight  killW       E_Guide     error       E_Trial     error     olp_T/G     error  Walltime
    20    299.187208      0   -151.351963  0.006549   -151.354677  0.001360    1.002179  0.000328   97.06
    40    299.242824      0   -151.349798  0.004841   -151.354253  0.000859    1.002248  0.000203  108.35
    60    299.225816      0   -151.350558  0.003052   -151.353882  0.000636    1.002188  0.000153  119.65
    80    299.154399      0   -151.351209  0.003142   -151.353853  0.000558    1.002019  0.000154  130.98
   100    299.078148      0   -151.349900  0.002584   -151.353990  0.000475    1.001941  0.000132  142.28
   120    299.074960      0   -151.350910  0.002285   -151.354021  0.000465    1.001992  0.000119  153.57
   140    299.095824      0   -151.353507  0.002690   -151.354299  0.000434    1.001951  0.000106  164.86
   160    299.065129      0   -151.353257  0.002534   -151.354320  0.000394    1.001913  0.000098  176.15
   180    299.049318      0   -151.353608  0.002261   -151.354395  0.000372    1.001922  0.000092  187.47
   200    299.028113      0   -151.353609  0.002146   -151.354238  0.000362    1.001925  0.000082  198.76
   220    298.994621      0   -151.352121  0.002086   -151.354205  0.000340    1.001917  0.000075  210.05
   240    298.993902      0   -151.352291  0.002030   -151.354131  0.000318    1.001938  0.000070  221.34
   260    299.000594      0   -151.353502  0.002044   -151.354222  0.000304    1.001907  0.000070  232.64
   280    298.986410      0   -151.353004  0.001881   -151.354115  0.000289    1.001895  0.000065  243.94
   300    298.999115      0   -151.354136  0.002031   -151.354289  0.000291    1.001864  0.000065  255.24
   320    298.992898      0   -151.354835  0.002006   -151.354373  0.000286    1.001837  0.000064  266.54
   340    298.999512      0   -151.355828  0.002043   -151.354472  0.000277    1.001814  0.000063  277.84
   360    298.993742      0   -151.355555  0.001936   -151.354417  0.000267    1.001790  0.000061  289.13
   380    298.989771      0   -151.355282  0.001845   -151.354389  0.000256    1.001788  0.000059  300.44
   400    298.991753      0   -151.355553  0.001883   -151.354492  0.000251    1.001774  0.000057  311.75
   420    298.988217      0   -151.355661  0.001804   -151.354571  0.000243    1.001776  0.000055  323.05
   440    298.985422      0   -151.355717  0.001731   -151.354606  0.000239    1.001787  0.000055  334.34
   460    298.998858      0   -151.356285  0.001802   -151.354893  0.000280    1.001805  0.000054  345.64
   480    298.988297      0   -151.355843  0.001757   -151.354868  0.000275    1.001823  0.000055  356.93
   500    298.987932      0   -151.356269  0.001755   -151.354939  0.000278    1.001823  0.000053  368.24
   520    298.981435      0   -151.355982  0.001754   -151.354951  0.000271    1.001840  0.000052  379.54
   540    298.974077      0   -151.355555  0.001711   -151.354866  0.000266    1.001873  0.000057  390.84
   560    298.974527      0   -151.355312  0.001677   -151.354836  0.000259    1.001886  0.000059  402.15
   580    298.974790      0   -151.355088  0.001645   -151.354784  0.000252    1.001881  0.000058  413.45
   600    298.973335      0   -151.355375  0.001623   -151.354812  0.000246    1.001871  0.000060  424.74
   620    298.970588      0   -151.355114  0.001620   -151.354808  0.000240    1.001866  0.000058  436.07
   640    298.968510      0   -151.355136  0.001590   -151.354800  0.000234    1.001870  0.000057  447.36
   660    298.969856      0   -151.355538  0.001539   -151.354922  0.000245    1.001874  0.000055  458.65
   680    298.971199      0   -151.355761  0.001505   -151.355036  0.000254    1.001872  0.000054  469.95
   700    298.971965      0   -151.356049  0.001543   -151.355045  0.000254    1.001859  0.000054  481.24
   720    298.975287      0   -151.356148  0.001588   -151.355099  0.000250    1.001841  0.000055  492.55
   740    298.966144      0   -151.356041  0.001550   -151.355063  0.000245    1.001841  0.000054  503.84
   760    298.961600      0   -151.355722  0.001546   -151.355026  0.000240    1.001841  0.000054  515.14
   780    298.953095      1   -151.355268  0.001550   -151.355041  0.000235    1.001829  0.000054  526.44
   800    298.948423      1   -151.355163  0.001522   -151.355015  0.000230    1.001823  0.000053  537.74
   820    298.950271      1   -151.355460  0.001495   -151.355061  0.000229    1.001809  0.000053  549.04
   840    298.949998      1   -151.355192  0.001514   -151.355038  0.000225    1.001805  0.000054  560.34
   860    298.953970      1   -151.355478  0.001514   -151.355041  0.000222    1.001789  0.000054  571.67
   880    298.956490      1   -151.355518  0.001503   -151.355063  0.000229    1.001779  0.000055  582.96
   900    298.954997      1   -151.355615  0.001467   -151.355086  0.000228    1.001783  0.000055  594.28
   920    298.947661      1   -151.355526  0.001441   -151.355088  0.000224    1.001788  0.000054  606.38
   940    298.950882      1   -151.355525  0.001416   -151.355069  0.000220    1.001778  0.000054  617.70
   960    298.950116      1   -151.355702  0.001384   -151.355136  0.000220    1.001762  0.000058  629.00
   980    298.948232      1   -151.355659  0.001374   -151.355150  0.000217    1.001756  0.000058  640.34
  1000    298.945921      1   -151.355782  0.001354   -151.355197  0.000222    1.001744  0.000058  651.64

Post Propagation Process
Total number of samples 1000
Raw AFQMC/HF (Guide) energy:           -151.355782 ± 0.001354
Raw Trial/Guide overlap ratio:          1.001744 ± 0.000058
Raw AFQMC/pt2CCSD energy (covariance): -151.355197 ± 0.000222
Raw AFQMC/pt2CCSD energy (dir sample): -151.355197 ± 0.000189

Remove Outliers
removing energies outside zeta > 30
Outlier energy bound [-151.461014, -151.246836]
Removed 0 outliers with energies []
Clean AFQMC/pt2CCSD overlap ratio:        1.001744 ± 0.000058
Clean AFQMC/pt2CCSD energy (covariance): -151.355197 ± 0.000222
Clean AFQMC/ptCCSD energy (dir sample):  -151.355197 ± 0.000189

Blocking Analysis
nsample = 1000, max_block_size = 25, min_nblocks = 40
   B    NB    NS  Observable     Error    dError
   1  1000  1000    1.001744  0.000019  0.000000
   2   500  1000    1.001744  0.000025  0.000001
   3   333   999    1.001745  0.000028  0.000001
   4   250  1000    1.001744  0.000031  0.000001
   5   200  1000    1.001744  0.000034  0.000002
   6   166   996    1.001749  0.000035  0.000002
   7   142   994    1.001751  0.000037  0.000002
   8   125  1000    1.001744  0.000040  0.000003
   9   111   999    1.001745  0.000042  0.000003
  10   100  1000    1.001744  0.000044  0.000003
  11    90   990    1.001753  0.000044  0.000003
  12    83   996    1.001749  0.000045  0.000004
  13    76   988    1.001753  0.000045  0.000004
  14    71   994    1.001751  0.000045  0.000004
  15    66   990    1.001753  0.000050  0.000004
  16    62   992    1.001752  0.000047  0.000004
  17    58   986    1.001753  0.000049  0.000005
  18    55   990    1.001753  0.000049  0.000005
  19    52   988    1.001753  0.000051  0.000005
  20    50  1000    1.001744  0.000052  0.000005
  21    47   987    1.001753  0.000054  0.000006
  22    45   990    1.001753  0.000054  0.000006
  23    43   989    1.001753  0.000055  0.000006
  24    41   984    1.001755  0.000057  0.000006
  25    40  1000    1.001744  0.000058  0.000007
Fit (variance): plateau_var = 3.385e-09 ± 4.781e-10
Fit (error):    plateau = 0.000058 ± 0.000004
     autocorrelation length ~ 13.1 blocks
     plateau reached at block size ~ 60
     !!!Failed to reach plateau in blocking
     Return max block error
nclean = 1000, max_block_size = 25, min_nblocks = 40
Blk_SZ   NBlk   NSmp      Energy     Error    dError
     1   1000   1000  -151.355046  0.000189  0.000004
     2    500   1000  -151.355079  0.000209  0.000007
     3    333    999  -151.355055  0.000203  0.000008
     4    250   1000  -151.355108  0.000221  0.000010
     5    200   1000  -151.355125  0.000217  0.000011
     6    166    996  -151.355060  0.000202  0.000011
     7    142    994  -151.355064  0.000206  0.000012
     8    125   1000  -151.355143  0.000231  0.000015
     9    111    999  -151.355094  0.000211  0.000014
    10    100   1000  -151.355149  0.000221  0.000016
    11     90    990  -151.355076  0.000207  0.000016
    12     83    996  -151.355081  0.000190  0.000015
    13     76    988  -151.355099  0.000195  0.000016
    14     71    994  -151.355087  0.000203  0.000017
    15     66    990  -151.355088  0.000211  0.000019
    16     62    992  -151.355093  0.000216  0.000020
    17     58    986  -151.355105  0.000221  0.000021
    18     55    990  -151.355093  0.000216  0.000021
    19     52    988  -151.355106  0.000203  0.000020
    20     50   1000  -151.355171  0.000244  0.000025
    21     47    987  -151.355101  0.000225  0.000023
    22     45    990  -151.355098  0.000230  0.000025
    23     43    989  -151.355101  0.000236  0.000026
    24     41    984  -151.355112  0.000208  0.000023
    25     40   1000  -151.355176  0.000212  0.000024
Fit (variance): plateau_var = 4.441453e-08 ± 1.382231e-09
Fit (error):    plateau = 0.000211 ± 0.000003
     autocorrelation length ~ 0.5 blocks
     plateau reached at block size ~ 3
Final AFQMC/pt2CCSD overlap ratio: 1.001744 ± 0.000058
Final AFQMC/pt2CCSD energy: -151.355197 ± 0.000211
Total run time: 670.73

AFQMC Sampling Finished

