
    ________                     _____                    
    ___  __ \___  __________________(_)_____________ _    
    __  /_/ /  / / /_  __ \_  __ \_  /__  __ \_  __ `/    
    _  _, _// /_/ /_  / / /  / / /  / _  / / /  /_/ /     
    /_/ |_| \__,_/ /_/ /_//_/ /_//_/  /_/ /_/_\__, /      
                                             /____/       
    _____________________________  ___________            
    ___    |__  ____/_  __ \__   |/  /_  ____/            
    __  /| |_  /_   _  / / /_  /|_/ /_  /                 
    _  ___ |  __/   / /_/ /_  /  / / / /___               
    /_/  |_/_/      \___\_\/_/  /_/  \____/               

Hostname:     gpue04.delta.ncsa.illinois.edu
System:       Linux
Node:         gpue04.delta.ncsa.illinois.edu
Release:      5.14.0-427.91.1.el9_4.x86_64
Machine:      x86_64
Processor:    x86_64
JAX backend:  GPU
JAX devices:  [CudaDevice(id=0)]
Device kind:  NVIDIA H200
Platform:     gpu

Load system from Integral File
Maximum memory per walker:            83.33 MB
Maximum number of Cholesky per chunk: 85
Number of Cholesky chunks:            17
Number of Cholesky per chunk:         85
Number of padding Cholesky:           12

QMC System
Number of electrons: (16, 16)
Spin Multiplicity:   0
Number of orbitals:  253
Number of Chol:      1433

QMC Parameters
eql_time            :                   50
n_blocks            :                 1000
n_walkers           :                  300
max_error           :                  0.0
seed                :                   17
walker_type         :                  rhf
trial               :              pt2ccsd
mix_precision       :                 True
max_memory          :                25000
dt                  :                0.005
n_exp_terms         :                    6
n_prop_steps        :                   50
save_walkers        :                False
free_projection     :                False
n_batch             :                    1
nchol_chunk         :                   85

Initalize QMC walkers by stochastic CCSD

Equilibration
inv_T        weight  killW        energy   runTime
 0.00    300.000000      0   -197.338810     58.99
 5.00    297.859790      0   -197.359025     71.75
10.00    297.549225      0   -197.380219     79.22
15.00    299.085703      0   -197.366890     86.69
20.00    297.483810      0   -197.380611     94.17
25.00    298.467589      0   -197.398437    101.64
30.00    298.024418      0   -197.363883    109.12
35.00    297.874951      0   -197.363305    116.60
40.00    298.810768      0   -197.387273    124.07
45.00    298.560160      0   -197.371860    131.70
50.00    298.531410      0   -197.375759    139.18

Sampling
blocks        weight  killW       E_Guide     error       E_Trial     error     olp_T/G     error  Walltime
    20    297.986185      0   -197.384701  0.003333   -197.379417  0.000934    1.002082  0.000415  289.55
    40    297.949044      0   -197.388235  0.004690   -197.378376  0.000705    1.002096  0.000300  424.36
    60    297.916111      0   -197.389025  0.003264   -197.378650  0.000560    1.002052  0.000213  560.80
    80    297.794748      0   -197.385691  0.004592   -197.378550  0.000504    1.002228  0.000192  696.34
   100    297.763367      0   -197.387516  0.004102   -197.378200  0.000472    1.002270  0.000158  831.98
   120    297.744825      0   -197.389211  0.004105   -197.378077  0.000431    1.002287  0.000135  967.67
   140    297.710351      0   -197.389422  0.003520   -197.378441  0.000417    1.002247  0.000118 1103.48
   160    297.642409      0   -197.388241  0.003190   -197.378518  0.000392    1.002278  0.000106 1239.11
   180    297.618545      0   -197.387293  0.003009   -197.378249  0.000371    1.002268  0.000092 1374.86
   200    297.574144      0   -197.386657  0.002745   -197.378188  0.000352    1.002281  0.000084 1510.87
   220    297.537731      0   -197.386084  0.002651   -197.378215  0.000346    1.002294  0.000079 1646.44
   240    297.509946      0   -197.385331  0.002757   -197.378306  0.000351    1.002272  0.000075 1783.68
   260    297.492330      0   -197.385350  0.002548   -197.378410  0.000338    1.002246  0.000072 1919.55
   280    297.466877      0   -197.384801  0.002481   -197.378445  0.000326    1.002240  0.000066 2055.32
   300    297.452828      0   -197.384554  0.002427   -197.378463  0.000312    1.002251  0.000063 2191.04
   320    297.452986      0   -197.384490  0.002278   -197.378451  0.000300    1.002252  0.000060 2326.86
   340    297.450408      0   -197.384816  0.002158   -197.378432  0.000291    1.002260  0.000059 2462.63
   360    297.449996      0   -197.385100  0.002047   -197.378564  0.000285    1.002265  0.000056 2598.30
   380    297.432903      0   -197.384680  0.001965   -197.378427  0.000275    1.002264  0.000053 2733.86
   400    297.435126      0   -197.385839  0.002039   -197.378456  0.000268    1.002257  0.000052 2869.50
   420    297.433853      0   -197.385352  0.001995   -197.378428  0.000261    1.002289  0.000055 3005.40
   440    297.418932      0   -197.384768  0.001954   -197.378416  0.000256    1.002306  0.000056 3141.29
   460    297.404515      0   -197.384435  0.001887   -197.378300  0.000250    1.002320  0.000057 3276.82
   480    297.401456      0   -197.384751  0.001872   -197.378500  0.000254    1.002324  0.000055 3412.48
   500    297.395603      0   -197.384327  0.001831   -197.378410  0.000248    1.002326  0.000054 3548.51
   520    297.382300      0   -197.384103  0.001800   -197.378345  0.000244    1.002326  0.000053 3684.08
   540    297.370375      0   -197.383878  0.001722   -197.378345  0.000238    1.002325  0.000052 3819.90
   560    297.363285      0   -197.383804  0.001716   -197.378327  0.000234    1.002326  0.000050 3955.71
   580    297.356490      0   -197.383625  0.001679   -197.378308  0.000230    1.002312  0.000049 4091.48
   600    297.357158      1   -197.383819  0.001639   -197.378295  0.000226    1.002312  0.000048 4227.93
   620    297.353120      1   -197.383618  0.001592   -197.378302  0.000221    1.002315  0.000047 4363.54
   640    297.349517      1   -197.383324  0.001584   -197.378281  0.000217    1.002310  0.000046 4499.18
   660    297.348751      1   -197.383760  0.001572   -197.378362  0.000241    1.002300  0.000045 4634.79
   680    297.353017      1   -197.384303  0.001664   -197.378413  0.000240    1.002291  0.000044 4770.83
   700    297.352304      2   -197.384378  0.001652   -197.378355  0.000236    1.002286  0.000045 4906.70
   720    297.350733      2   -197.384210  0.001601   -197.378367  0.000231    1.002297  0.000046 5042.42
   740    297.355406      2   -197.384366  0.001568   -197.378407  0.000228    1.002300  0.000045 5178.88
   760    297.355343      2   -197.384545  0.001546   -197.378363  0.000233    1.002314  0.000046 5314.85
   780    297.360374      2   -197.384714  0.001513   -197.378371  0.000231    1.002313  0.000045 5450.62
   800    297.352661      2   -197.384455  0.001491   -197.378370  0.000227    1.002322  0.000044 5586.50
   820    297.354628      2   -197.384470  0.001456   -197.378386  0.000224    1.002325  0.000043 5722.04
   840    297.348621      2   -197.384449  0.001492   -197.378352  0.000221    1.002325  0.000043 5858.20
   860    297.352842      2   -197.384677  0.001492   -197.378335  0.000217    1.002331  0.000042 5994.26
   880    297.345661      2   -197.384315  0.001472   -197.378305  0.000214    1.002335  0.000042 6130.29
   900    297.345496      2   -197.384428  0.001484   -197.378311  0.000210    1.002329  0.000041 6265.73
   920    297.349090      2   -197.384540  0.001459   -197.378267  0.000208    1.002334  0.000040 6401.41
   940    297.348483      2   -197.384724  0.001433   -197.378283  0.000205    1.002330  0.000040 6537.31
   960    297.344682      2   -197.384628  0.001402   -197.378248  0.000203    1.002336  0.000039 6673.38
   980    297.343773      2   -197.384396  0.001371   -197.378267  0.000202    1.002335  0.000039 6809.25
  1000    297.349653      2   -197.384541  0.001358   -197.378249  0.000200    1.002324  0.000039 6945.41

Post Propagation Process
Total number of samples 1000
Raw AFQMC/HF (Guide) energy:           -197.384541 ± 0.001358
Raw Trial/Guide overlap ratio:          1.002324 ± 0.000039
Raw AFQMC/pt2CCSD energy (covariance): -197.378249 ± 0.000200
Raw AFQMC/pt2CCSD energy (dir sample): -197.378249 ± 0.000167

Remove Outliers
removing energies outside zeta > 30
Outlier energy bound [-197.512581, -197.242721]
Removed 0 outliers with energies []
Clean AFQMC/pt2CCSD overlap ratio:        1.002324 ± 0.000039
Clean AFQMC/pt2CCSD energy (covariance): -197.378249 ± 0.000200
Clean AFQMC/ptCCSD energy (dir sample):  -197.378249 ± 0.000167

Blocking Analysis
nsample = 1000, max_block_size = 25, min_nblocks = 40
   B    NB    NS  Observable     Error    dError
   1  1000  1000    1.002325  0.000017  0.000000
   2   500  1000    1.002325  0.000021  0.000001
   3   333   999    1.002325  0.000025  0.000001
   4   250  1000    1.002324  0.000027  0.000001
   5   200  1000    1.002324  0.000029  0.000001
   6   166   996    1.002325  0.000031  0.000002
   7   142   994    1.002326  0.000031  0.000002
   8   125  1000    1.002324  0.000033  0.000002
   9   111   999    1.002325  0.000034  0.000002
  10   100  1000    1.002324  0.000034  0.000002
  11    90   990    1.002328  0.000036  0.000003
  12    83   996    1.002325  0.000036  0.000003
  13    76   988    1.002329  0.000037  0.000003
  14    71   994    1.002326  0.000037  0.000003
  15    66   990    1.002328  0.000036  0.000003
  16    62   992    1.002328  0.000037  0.000003
  17    58   986    1.002331  0.000037  0.000003
  18    55   990    1.002328  0.000039  0.000004
  19    52   988    1.002329  0.000034  0.000003
  20    50  1000    1.002324  0.000036  0.000004
  21    47   987    1.002330  0.000038  0.000004
  22    45   990    1.002328  0.000037  0.000004
  23    43   989    1.002329  0.000038  0.000004
  24    41   984    1.002332  0.000037  0.000004
  25    40  1000    1.002324  0.000038  0.000004
Fit (variance): plateau_var = 1.426e-09 ± 9.541e-11
Fit (error):    plateau = 0.000038 ± 0.000001
     autocorrelation length ~ 5.9 blocks
     plateau reached at block size ~ 27
     !!!Failed to reach plateau in blocking
     Return max block error
nclean = 1000, max_block_size = 25, min_nblocks = 40
Blk_SZ   NBlk   NSmp      Energy     Error    dError
     1   1000   1000  -197.378102  0.000167  0.000004
     2    500   1000  -197.378131  0.000185  0.000006
     3    333    999  -197.378156  0.000202  0.000008
     4    250   1000  -197.378164  0.000194  0.000009
     5    200   1000  -197.378173  0.000198  0.000010
     6    166    996  -197.378172  0.000200  0.000011
     7    142    994  -197.378185  0.000200  0.000012
     8    125   1000  -197.378188  0.000196  0.000012
     9    111    999  -197.378203  0.000199  0.000013
    10    100   1000  -197.378201  0.000196  0.000014
    11     90    990  -197.378223  0.000196  0.000015
    12     83    996  -197.378204  0.000195  0.000015
    13     76    988  -197.378227  0.000187  0.000015
    14     71    994  -197.378208  0.000218  0.000018
    15     66    990  -197.378232  0.000188  0.000016
    16     62    992  -197.378216  0.000215  0.000019
    17     58    986  -197.378223  0.000196  0.000018
    18     55    990  -197.378235  0.000215  0.000021
    19     52    988  -197.378232  0.000185  0.000018
    20     50   1000  -197.378224  0.000205  0.000021
    21     47    987  -197.378229  0.000254  0.000026
    22     45    990  -197.378241  0.000190  0.000020
    23     43    989  -197.378233  0.000220  0.000024
    24     41    984  -197.378234  0.000231  0.000026
    25     40   1000  -197.378235  0.000208  0.000024
Fit (variance): plateau_var = 3.985381e-08 ± 1.378652e-09
Fit (error):    plateau = 0.000200 ± 0.000003
     autocorrelation length ~ 1.1 blocks
     plateau reached at block size ~ 5
Final AFQMC/pt2CCSD overlap ratio: 1.002324 ± 0.000039
Final AFQMC/pt2CCSD energy: -197.378249 ± 0.000200
Total run time: 6991.04

AFQMC Sampling Finished

