
    ________                     _____                    
    ___  __ \___  __________________(_)_____________ _    
    __  /_/ /  / / /_  __ \_  __ \_  /__  __ \_  __ `/    
    _  _, _// /_/ /_  / / /  / / /  / _  / / /  /_/ /     
    /_/ |_| \__,_/ /_/ /_//_/ /_//_/  /_/ /_/_\__, /      
                                             /____/       
    _____________________________  ___________            
    ___    |__  ____/_  __ \__   |/  /_  ____/            
    __  /| |_  /_   _  / / /_  /|_/ /_  /                 
    _  ___ |  __/   / /_/ /_  /  / / / /___               
    /_/  |_/_/      \___\_\/_/  /_/  \____/               

Hostname:     gpue04.delta.ncsa.illinois.edu
System:       Linux
Node:         gpue04.delta.ncsa.illinois.edu
Release:      5.14.0-427.91.1.el9_4.x86_64
Machine:      x86_64
Processor:    x86_64
JAX backend:  GPU
JAX devices:  [CudaDevice(id=0)]
Device kind:  NVIDIA H200
Platform:     gpu

Load system from Integral File
Maximum memory per walker:            83.33 MB
Maximum number of Cholesky per chunk: 618
Number of Cholesky chunks:            1
Number of Cholesky per chunk:         570
Number of padding Cholesky:           0

QMC System
Number of electrons: (7, 7)
Spin Multiplicity:   0
Number of orbitals:  94
Number of Chol:      570

QMC Parameters
eql_time            :                   50
n_blocks            :                 1000
n_walkers           :                  300
max_error           :                  0.0
seed                :                   17
walker_type         :                  rhf
trial               :              pt2ccsd
mix_precision       :                 True
max_memory          :                25000
dt                  :                0.005
n_exp_terms         :                    6
n_prop_steps        :                   50
save_walkers        :                False
free_projection     :                False
n_batch             :                    1
nchol_chunk         :                  570

Initalize QMC walkers by stochastic CCSD

Equilibration
inv_T        weight  killW        energy   runTime
 0.00    300.000000      0   -111.674680     14.32
 5.00    299.201060      0   -111.687154     20.49
10.00    299.605437      0   -111.701376     21.44
15.00    299.017156      0   -111.719887     22.37
20.00    299.014220      0   -111.688931     23.31
25.00    298.843226      0   -111.721530     24.25
30.00    299.711544      0   -111.683502     25.19
35.00    299.312715      0   -111.675794     26.13
40.00    299.736886      0   -111.700171     27.07
45.00    299.474716      0   -111.686649     28.01
50.00    299.165426      0   -111.677922     28.95

Sampling
blocks        weight  killW       E_Guide     error       E_Trial     error     olp_T/G     error  Walltime
    20    299.189800      0   -111.696036  0.009866   -111.691824  0.000590    1.000436  0.000099   60.50
    40    299.217633      0   -111.700033  0.006104   -111.692992  0.000606    1.000599  0.000153   89.12
    60    299.186347      0   -111.700247  0.004468   -111.693202  0.000491    1.000781  0.000165  118.01
    80    299.167400      0   -111.702754  0.003814   -111.692920  0.000426    1.000847  0.000132  146.85
   100    299.117948      0   -111.698437  0.004274   -111.692629  0.000384    1.000918  0.000107  176.07
   120    299.073097      0   -111.697230  0.003634   -111.692532  0.000358    1.000916  0.000088  204.93
   140    299.033105      0   -111.696649  0.003169   -111.692462  0.000323    1.000911  0.000079  233.86
   160    299.011127      1   -111.696088  0.002882   -111.692371  0.000302    1.000884  0.000073  262.84
   180    299.032134      1   -111.697333  0.002696   -111.692724  0.000337    1.000849  0.000066  291.80
   200    299.010375      1   -111.696325  0.002559   -111.692610  0.000309    1.000840  0.000061  320.64
   220    298.991728      1   -111.695534  0.002637   -111.692653  0.000293    1.000857  0.000057  349.34
   240    298.987296      1   -111.695796  0.002446   -111.692612  0.000274    1.000845  0.000054  378.26
   260    298.992415      1   -111.695877  0.002376   -111.692603  0.000261    1.000857  0.000050  407.08
   280    298.979622      1   -111.695460  0.002247   -111.692496  0.000248    1.000843  0.000047  435.91
   300    298.969441      1   -111.695087  0.002115   -111.692420  0.000235    1.000838  0.000045  464.97
   320    298.960202      1   -111.695001  0.001993   -111.692367  0.000227    1.000836  0.000043  493.75
   340    298.957236      1   -111.695277  0.001886   -111.692331  0.000216    1.000827  0.000041  522.57
   360    298.954775      1   -111.695676  0.001766   -111.692344  0.000209    1.000841  0.000039  551.39
   380    298.947039      1   -111.695509  0.001710   -111.692324  0.000203    1.000822  0.000039  580.37
   400    298.933730      1   -111.695330  0.001661   -111.692368  0.000198    1.000805  0.000040  610.86
   420    298.920562      1   -111.694641  0.001611   -111.692304  0.000192    1.000803  0.000038  639.55
   440    298.921173      1   -111.694581  0.001626   -111.692271  0.000188    1.000804  0.000037  668.25
   460    298.924018      1   -111.694801  0.001539   -111.692285  0.000182    1.000805  0.000036  696.98
   480    298.926919      1   -111.694970  0.001504   -111.692280  0.000179    1.000803  0.000036  725.82
   500    298.930909      1   -111.695016  0.001451   -111.692280  0.000176    1.000806  0.000036  754.66
   520    298.934177      1   -111.694974  0.001410   -111.692268  0.000171    1.000799  0.000035  783.48
   540    298.934819      1   -111.695249  0.001385   -111.692314  0.000168    1.000781  0.000036  813.01
   560    298.938510      1   -111.695325  0.001424   -111.692332  0.000166    1.000779  0.000035  841.88
   580    298.932871      1   -111.695245  0.001395   -111.692325  0.000163    1.000776  0.000034  870.71
   600    298.927773      1   -111.695114  0.001362   -111.692268  0.000159    1.000769  0.000035  899.85
   620    298.926977      1   -111.695010  0.001305   -111.692254  0.000156    1.000766  0.000034  928.70
   640    298.931741      1   -111.695465  0.001300   -111.692305  0.000154    1.000754  0.000034  957.31
   660    298.928141      1   -111.695267  0.001298   -111.692291  0.000151    1.000753  0.000034  986.18
   680    298.921324      1   -111.694884  0.001316   -111.692241  0.000148    1.000755  0.000033 1015.07
   700    298.920303      1   -111.694658  0.001302   -111.692224  0.000145    1.000757  0.000033 1043.91
   720    298.918600      1   -111.694642  0.001271   -111.692234  0.000144    1.000761  0.000033 1072.75
   740    298.917327      1   -111.694877  0.001265   -111.692247  0.000141    1.000771  0.000033 1101.77
   760    298.920332      1   -111.695118  0.001282   -111.692257  0.000139    1.000775  0.000032 1130.61
   780    298.915680      1   -111.694930  0.001262   -111.692250  0.000137    1.000779  0.000032 1159.75
   800    298.916580      1   -111.694921  0.001232   -111.692238  0.000134    1.000782  0.000032 1188.57
   820    298.913801      1   -111.694793  0.001208   -111.692230  0.000132    1.000784  0.000032 1218.44
   840    298.913246      2   -111.694864  0.001185   -111.692238  0.000131    1.000781  0.000031 1246.91
   860    298.903838      2   -111.694592  0.001177   -111.692240  0.000129    1.000780  0.000031 1275.77
   880    298.899173      2   -111.694466  0.001169   -111.692216  0.000127    1.000780  0.000030 1304.77
   900    298.901499      2   -111.694503  0.001147   -111.692200  0.000125    1.000783  0.000029 1333.61
   920    298.904711      2   -111.694685  0.001130   -111.692260  0.000125    1.000778  0.000029 1362.47
   940    298.904003      2   -111.694730  0.001130   -111.692242  0.000123    1.000775  0.000029 1391.26
   960    298.905581      2   -111.694866  0.001118   -111.692262  0.000123    1.000772  0.000030 1420.07
   980    298.904886      2   -111.694791  0.001108   -111.692254  0.000122    1.000771  0.000030 1448.87
  1000    298.905012      2   -111.694903  0.001161   -111.692253  0.000120    1.000770  0.000030 1477.68

Post Propagation Process
Total number of samples 1000
Raw AFQMC/HF (Guide) energy:           -111.694903 ± 0.001161
Raw Trial/Guide overlap ratio:          1.000770 ± 0.000030
Raw AFQMC/pt2CCSD energy (covariance): -111.692253 ± 0.000120
Raw AFQMC/pt2CCSD energy (dir sample): -111.692253 ± 0.000102

Remove Outliers
removing energies outside zeta > 30
Outlier energy bound [-111.769510, -111.613708]
Removed 0 outliers with energies []
Clean AFQMC/pt2CCSD overlap ratio:        1.000770 ± 0.000030
Clean AFQMC/pt2CCSD energy (covariance): -111.692253 ± 0.000120
Clean AFQMC/ptCCSD energy (dir sample):  -111.692253 ± 0.000102

Blocking Analysis
nsample = 1000, max_block_size = 25, min_nblocks = 40
   B    NB    NS  Observable     Error    dError
   1  1000  1000    1.000770  0.000010  0.000000
   2   500  1000    1.000770  0.000013  0.000000
   3   333   999    1.000770  0.000015  0.000001
   4   250  1000    1.000770  0.000016  0.000001
   5   200  1000    1.000770  0.000017  0.000001
   6   166   996    1.000770  0.000018  0.000001
   7   142   994    1.000770  0.000019  0.000001
   8   125  1000    1.000770  0.000020  0.000001
   9   111   999    1.000770  0.000021  0.000001
  10   100  1000    1.000770  0.000022  0.000002
  11    90   990    1.000769  0.000022  0.000002
  12    83   996    1.000770  0.000023  0.000002
  13    76   988    1.000770  0.000024  0.000002
  14    71   994    1.000770  0.000024  0.000002
  15    66   990    1.000769  0.000025  0.000002
  16    62   992    1.000769  0.000025  0.000002
  17    58   986    1.000770  0.000026  0.000002
  18    55   990    1.000769  0.000026  0.000003
  19    52   988    1.000770  0.000026  0.000003
  20    50  1000    1.000770  0.000027  0.000003
  21    47   987    1.000770  0.000027  0.000003
  22    45   990    1.000769  0.000026  0.000003
  23    43   989    1.000770  0.000028  0.000003
  24    41   984    1.000771  0.000030  0.000003
  25    40  1000    1.000770  0.000028  0.000003
Fit (variance): plateau_var = 8.851e-10 ± 1.231e-10
Fit (error):    plateau = 0.000030 ± 0.000002
     autocorrelation length ~ 13.1 blocks
     plateau reached at block size ~ 60
     !!!Failed to reach plateau in blocking
     Return max block error
nclean = 1000, max_block_size = 25, min_nblocks = 40
Blk_SZ   NBlk   NSmp      Energy     Error    dError
     1   1000   1000  -111.692162  0.000102  0.000002
     2    500   1000  -111.692182  0.000114  0.000004
     3    333    999  -111.692198  0.000120  0.000005
     4    250   1000  -111.692201  0.000127  0.000006
     5    200   1000  -111.692207  0.000125  0.000006
     6    166    996  -111.692206  0.000127  0.000007
     7    142    994  -111.692214  0.000127  0.000008
     8    125   1000  -111.692222  0.000128  0.000008
     9    111    999  -111.692224  0.000134  0.000009
    10    100   1000  -111.692224  0.000129  0.000009
    11     90    990  -111.692227  0.000124  0.000009
    12     83    996  -111.692225  0.000136  0.000011
    13     76    988  -111.692230  0.000131  0.000011
    14     71    994  -111.692227  0.000138  0.000012
    15     66    990  -111.692231  0.000141  0.000012
    16     62    992  -111.692233  0.000135  0.000012
    17     58    986  -111.692230  0.000124  0.000012
    18     55    990  -111.692233  0.000138  0.000013
    19     52    988  -111.692233  0.000128  0.000013
    20     50   1000  -111.692238  0.000139  0.000014
    21     47    987  -111.692236  0.000134  0.000014
    22     45    990  -111.692238  0.000137  0.000015
    23     43    989  -111.692237  0.000142  0.000015
    24     41    984  -111.692237  0.000126  0.000014
    25     40   1000  -111.692235  0.000141  0.000016
Fit (variance): plateau_var = 1.746785e-08 ± 7.624251e-10
Fit (error):    plateau = 0.000132 ± 0.000003
     autocorrelation length ~ 2.4 blocks
     plateau reached at block size ~ 10
Final AFQMC/pt2CCSD overlap ratio: 1.000770 ± 0.000030
Final AFQMC/pt2CCSD energy: -111.692253 ± 0.000132
Total run time: 1513.47

AFQMC Sampling Finished

