
    ________                     _____                    
    ___  __ \___  __________________(_)_____________ _    
    __  /_/ /  / / /_  __ \_  __ \_  /__  __ \_  __ `/    
    _  _, _// /_/ /_  / / /  / / /  / _  / / /  /_/ /     
    /_/ |_| \__,_/ /_/ /_//_/ /_//_/  /_/ /_/_\__, /      
                                             /____/       
    _____________________________  ___________            
    ___    |__  ____/_  __ \__   |/  /_  ____/            
    __  /| |_  /_   _  / / /_  /|_/ /_  /                 
    _  ___ |  __/   / /_/ /_  /  / / / /___               
    /_/  |_/_/      \___\_\/_/  /_/  \____/               

Hostname:     gpua021.delta.ncsa.illinois.edu
System:       Linux
Node:         gpua021.delta.ncsa.illinois.edu
Release:      5.14.0-427.91.1.el9_4.x86_64
Machine:      x86_64
Processor:    x86_64
JAX backend:  GPU
JAX devices:  [CudaDevice(id=0)]
Device kind:  NVIDIA A100-SXM4-40GB
Platform:     gpu

Load system from Integral File
Maximum memory per walker:            66.67 MB
Maximum number of Cholesky per chunk: 302
Number of Cholesky chunks:            2
Number of Cholesky per chunk:         266
Number of padding Cholesky:           1

QMC System
Number of electrons: (7, 7)
Spin Multiplicity:   0
Number of orbitals:  85
Number of Chol:      531

QMC Parameters
eql_time            :                   50
n_blocks            :                 1000
n_walkers           :                  300
max_error           :                  0.0
seed                :                   17
walker_type         :                  uhf
trial               :             upt2ccsd
mix_precision       :                 True
max_memory          :                20000
dt                  :                0.005
n_exp_terms         :                    6
n_prop_steps        :                   50
save_walkers        :                False
free_projection     :                False
n_batch             :                    1
nchol_chunk         :                  266

Initalize QMC walkers by stochastic CCSD

Equilibration
inv_T        weight  killW        energy   runTime
 0.00    300.000000      0   -131.515364     12.31
 5.00    299.478896      0   -131.513636     22.48
10.00    298.857484      0   -131.502961     25.54
15.00    299.533531      0   -131.542585     29.40
20.00    299.102319      0   -131.537925     33.26
25.00    299.685037      0   -131.530050     36.32
30.00    299.172476      0   -131.512305     40.18
35.00    299.599079      0   -131.527874     44.04
40.00    299.012416      0   -131.537000     47.11
45.00    298.680568      0   -131.507832     51.00
50.00    298.074334      0   -131.514807     54.83

Sampling
blocks        weight  killW       E_Guide     error       E_Trial     error     olp_T/G     error  Walltime
    20    299.165119      0   -131.545412  0.007479   -131.533601  0.000906    1.001224  0.000119   90.45
    40    299.213282      0   -131.541589  0.004981   -131.533396  0.000693    1.001134  0.000074  120.75
    60    299.207087      0   -131.542245  0.003530   -131.533449  0.000565    1.001166  0.000050  151.12
    80    299.119984      0   -131.537743  0.004366   -131.533207  0.000465    1.001170  0.000038  181.49
   100    299.096687      0   -131.539314  0.003725   -131.533292  0.000429    1.001158  0.000040  211.86
   120    299.082352      0   -131.538673  0.003128   -131.533260  0.000380    1.001167  0.000051  242.26
   140    299.055320      0   -131.538435  0.002741   -131.533356  0.000354    1.001152  0.000046  272.63
   160    299.063502      0   -131.539007  0.002450   -131.533436  0.000342    1.001217  0.000061  303.02
   180    299.035098      0   -131.537255  0.002351   -131.533161  0.000318    1.001274  0.000067  333.38
   200    299.002758      1   -131.536882  0.002186   -131.533256  0.000303    1.001297  0.000062  363.78
   220    299.011928      1   -131.537398  0.002304   -131.533308  0.000290    1.001289  0.000057  394.14
   240    299.003973      1   -131.537419  0.002212   -131.533394  0.000286    1.001297  0.000054  424.51
   260    298.992954      1   -131.536648  0.002242   -131.533327  0.000272    1.001289  0.000053  454.88
   280    298.986589      1   -131.536418  0.002059   -131.533431  0.000269    1.001266  0.000055  485.29
   300    298.975599      1   -131.535924  0.001949   -131.533366  0.000256    1.001267  0.000052  515.65
   320    298.968462      2   -131.535751  0.001876   -131.533358  0.000247    1.001284  0.000050  546.03
   340    298.970255      2   -131.536644  0.001928   -131.533475  0.000248    1.001269  0.000048  576.38
   360    298.978988      2   -131.537312  0.001859   -131.533542  0.000238    1.001253  0.000046  606.77
   380    298.964938      2   -131.536808  0.001804   -131.533480  0.000232    1.001282  0.000048  637.13
   400    298.965269      2   -131.536509  0.001741   -131.533415  0.000224    1.001296  0.000048  667.51
   420    298.963835      2   -131.536494  0.001720   -131.533402  0.000217    1.001282  0.000047  697.89
   440    298.957103      2   -131.536220  0.001702   -131.533394  0.000213    1.001291  0.000046  728.26
   460    298.948454      2   -131.536250  0.001662   -131.533345  0.000207    1.001299  0.000046  758.63
   480    298.942697      4   -131.536055  0.001592   -131.533336  0.000202    1.001311  0.000045  789.00
   500    298.941610      4   -131.536588  0.001625   -131.533451  0.000238    1.001310  0.000044  819.38
   520    298.935156      4   -131.536596  0.001556   -131.533415  0.000232    1.001289  0.000045  849.77
   540    298.930960      4   -131.536446  0.001518   -131.533398  0.000225    1.001272  0.000045  880.13
   560    298.932529      4   -131.536624  0.001487   -131.533518  0.000283    1.001277  0.000047  910.51
   580    298.933834      4   -131.536410  0.001439   -131.533465  0.000275    1.001273  0.000046  940.86
   600    298.923379      4   -131.535805  0.001478   -131.533415  0.000268    1.001275  0.000045  971.26
   620    298.926325      4   -131.535645  0.001464   -131.533428  0.000262    1.001281  0.000044 1001.62
   640    298.926069      4   -131.535783  0.001407   -131.533433  0.000256    1.001283  0.000045 1031.98
   660    298.929774      4   -131.535866  0.001384   -131.533446  0.000251    1.001301  0.000046 1062.35
   680    298.930268      4   -131.536266  0.001389   -131.533428  0.000248    1.001312  0.000046 1092.73
   700    298.930987      4   -131.536204  0.001359   -131.533420  0.000243    1.001310  0.000045 1123.10
   720    298.927698      4   -131.535915  0.001382   -131.533431  0.000245    1.001310  0.000045 1153.46
   740    298.925993      4   -131.535870  0.001350   -131.533431  0.000240    1.001297  0.000045 1183.83
   760    298.929359      4   -131.536003  0.001322   -131.533419  0.000234    1.001290  0.000045 1214.20
   780    298.929993      4   -131.535928  0.001295   -131.533410  0.000230    1.001296  0.000044 1244.56
   800    298.927114      4   -131.536021  0.001268   -131.533407  0.000225    1.001289  0.000043 1274.95
   820    298.920188      5   -131.535944  0.001239   -131.533386  0.000220    1.001293  0.000042 1305.31
   840    298.913010      5   -131.535665  0.001248   -131.533360  0.000216    1.001293  0.000042 1335.68
   860    298.912128      5   -131.535632  0.001248   -131.533496  0.000294    1.001290  0.000042 1366.06
   880    298.912100      5   -131.535713  0.001218   -131.533492  0.000288    1.001293  0.000041 1396.43
   900    298.911619      5   -131.535573  0.001190   -131.533476  0.000283    1.001287  0.000040 1426.79
   920    298.913158      5   -131.535586  0.001169   -131.533489  0.000277    1.001282  0.000039 1457.15
   940    298.910303      5   -131.535375  0.001169   -131.533493  0.000272    1.001286  0.000039 1487.52
   960    298.909803      5   -131.535323  0.001155   -131.533456  0.000267    1.001285  0.000038 1517.90
   980    298.909026      5   -131.535076  0.001140   -131.533413  0.000262    1.001286  0.000037 1548.25
  1000    298.906847      5   -131.534922  0.001153   -131.533406  0.000257    1.001287  0.000037 1578.62

Post Propagation Process
Total number of samples 1000
Raw AFQMC/HF (Guide) energy:           -131.534922 ± 0.001153
Raw Trial/Guide overlap ratio:          1.001287 ± 0.000037
Raw AFQMC/pt2CCSD energy (covariance): -131.533406 ± 0.000257
Raw AFQMC/pt2CCSD energy (dir sample): -131.533406 ± 0.000185

Remove Outliers
removing energies outside zeta > 30
Outlier energy bound [-131.627276, -131.437656]
Removed 1 outliers with energies [-131.657792]
Clean AFQMC/pt2CCSD overlap ratio:        1.001287 ± 0.000036
Clean AFQMC/pt2CCSD energy (covariance): -131.533281 ± 0.000189
Clean AFQMC/ptCCSD energy (dir sample):  -131.533281 ± 0.000136

Blocking Analysis
nsample = 999, max_block_size = 24, min_nblocks = 40
   B    NB    NS  Observable     Error    dError
   1   999   999    1.001288  0.000013  0.000000
   2   499   998    1.001288  0.000017  0.000001
   3   333   999    1.001288  0.000019  0.000001
   4   249   996    1.001289  0.000021  0.000001
   5   199   995    1.001289  0.000023  0.000001
   6   166   996    1.001289  0.000024  0.000001
   7   142   994    1.001290  0.000026  0.000002
   8   124   992    1.001290  0.000027  0.000002
   9   111   999    1.001287  0.000028  0.000002
  10    99   990    1.001289  0.000029  0.000002
  11    90   990    1.001289  0.000030  0.000002
  12    83   996    1.001289  0.000030  0.000002
  13    76   988    1.001288  0.000031  0.000003
  14    71   994    1.001290  0.000031  0.000003
  15    66   990    1.001289  0.000033  0.000003
  16    62   992    1.001290  0.000034  0.000003
  17    58   986    1.001288  0.000033  0.000003
  18    55   990    1.001289  0.000035  0.000003
  19    52   988    1.001288  0.000035  0.000003
  20    49   980    1.001287  0.000036  0.000004
  21    47   987    1.001288  0.000036  0.000004
  22    45   990    1.001289  0.000035  0.000004
  23    43   989    1.001289  0.000036  0.000004
  24    41   984    1.001288  0.000036  0.000004
Fit (variance): plateau_var = 1.485e-09 ± 2.032e-10
Fit (error):    plateau = 0.000039 ± 0.000003
     autocorrelation length ~ 12.2 blocks
     plateau reached at block size ~ 56
     !!!Failed to reach plateau in blocking
     Return max block error
nclean = 999, max_block_size = 24, min_nblocks = 40
Blk_SZ   NBlk   NSmp      Energy     Error    dError
     1    999    999  -131.533153  0.000137  0.000003
     2    499    998  -131.533181  0.000147  0.000005
     3    333    999  -131.533208  0.000150  0.000006
     4    249    996  -131.533203  0.000148  0.000007
     5    199    995  -131.533214  0.000152  0.000008
     6    166    996  -131.533219  0.000149  0.000008
     7    142    994  -131.533215  0.000155  0.000009
     8    124    992  -131.533225  0.000149  0.000009
     9    111    999  -131.533241  0.000156  0.000010
    10     99    990  -131.533240  0.000151  0.000011
    11     90    990  -131.533239  0.000159  0.000012
    12     83    996  -131.533240  0.000154  0.000012
    13     76    988  -131.533242  0.000151  0.000012
    14     71    994  -131.533237  0.000160  0.000013
    15     66    990  -131.533247  0.000161  0.000014
    16     62    992  -131.533243  0.000157  0.000014
    17     58    986  -131.533260  0.000158  0.000015
    18     55    990  -131.533248  0.000175  0.000017
    19     52    988  -131.533250  0.000143  0.000014
    20     49    980  -131.533266  0.000156  0.000016
    21     47    987  -131.533255  0.000159  0.000017
    22     45    990  -131.533253  0.000143  0.000015
    23     43    989  -131.533255  0.000154  0.000017
    24     41    984  -131.533262  0.000142  0.000016
Fit (variance): plateau_var = 2.337186e-08 ± 8.476357e-10
Fit (error):    plateau = 0.000153 ± 0.000003
     autocorrelation length ~ 1.2 blocks
     plateau reached at block size ~ 5
Final AFQMC/pt2CCSD overlap ratio: 1.001287 ± 0.000036
Final AFQMC/pt2CCSD energy: -131.533281 ± 0.000153
Total run time: 1588.39

AFQMC Sampling Finished

