
    ________                     _____                    
    ___  __ \___  __________________(_)_____________ _    
    __  /_/ /  / / /_  __ \_  __ \_  /__  __ \_  __ `/    
    _  _, _// /_/ /_  / / /  / / /  / _  / / /  /_/ /     
    /_/ |_| \__,_/ /_/ /_//_/ /_//_/  /_/ /_/_\__, /      
                                             /____/       
    _____________________________  ___________            
    ___    |__  ____/_  __ \__   |/  /_  ____/            
    __  /| |_  /_   _  / / /_  /|_/ /_  /                 
    _  ___ |  __/   / /_/ /_  /  / / / /___               
    /_/  |_/_/      \___\_\/_/  /_/  \____/               

Hostname:     gpua021.delta.ncsa.illinois.edu
System:       Linux
Node:         gpua021.delta.ncsa.illinois.edu
Release:      5.14.0-427.91.1.el9_4.x86_64
Machine:      x86_64
Processor:    x86_64
JAX backend:  GPU
JAX devices:  [CudaDevice(id=0)]
Device kind:  NVIDIA A100-SXM4-40GB
Platform:     gpu

Load system from Integral File
Maximum memory per walker:            66.67 MB
Maximum number of Cholesky per chunk: 288
Number of Cholesky chunks:            2
Number of Cholesky per chunk:         275
Number of padding Cholesky:           0

QMC System
Number of electrons: (8, 8)
Spin Multiplicity:   0
Number of orbitals:  87
Number of Chol:      550

QMC Parameters
eql_time            :                   50
n_blocks            :                 1000
n_walkers           :                  300
max_error           :                  0.0
seed                :                   17
walker_type         :                  uhf
trial               :             upt2ccsd
mix_precision       :                 True
max_memory          :                20000
dt                  :                0.005
n_exp_terms         :                    6
n_prop_steps        :                   50
save_walkers        :                False
free_projection     :                False
n_batch             :                    1
nchol_chunk         :                  275

Initalize QMC walkers by stochastic CCSD

Equilibration
inv_T        weight  killW        energy   runTime
 0.00    300.000000      0   -510.883795     14.75
 5.00    299.395666      0   -510.929303     25.69
10.00    299.325963      0   -510.961207     30.27
15.00    299.140772      0   -510.912951     34.85
20.00    299.033167      0   -510.898342     40.05
25.00    299.989280      0   -510.934304     44.63
30.00    299.085236      0   -510.956515     49.20
35.00    299.768450      0   -510.947496     53.77
40.00    298.922517      0   -510.921397     58.98
45.00    299.003619      0   -510.911573     63.55
50.00    299.393233      0   -510.920343     68.12

Sampling
blocks        weight  killW       E_Guide     error       E_Trial     error     olp_T/G     error  Walltime
    20    299.227754      1   -510.923478  0.014521   -510.919340  0.002003    1.009229  0.000892  114.78
    40    299.125441      1   -510.925589  0.007567   -510.921537  0.002020    1.009999  0.000554  157.39
    60    299.113574      1   -510.925953  0.006064   -510.920965  0.001670    1.009468  0.000515  200.09
    80    299.092946      2   -510.926910  0.005088   -510.921086  0.001328    1.009025  0.000481  242.78
   100    299.066459      2   -510.927505  0.004112   -510.921160  0.001205    1.009103  0.000406  285.48
   120    298.995848      2   -510.925020  0.003681   -510.920180  0.001044    1.009157  0.000338  328.17
   140    298.961554      2   -510.924085  0.003255   -510.919840  0.000924    1.008990  0.000310  370.85
   160    298.953854      2   -510.925506  0.003155   -510.920097  0.000855    1.009046  0.000273  413.55
   180    298.903507      3   -510.923754  0.003073   -510.919961  0.000795    1.009046  0.000245  456.25
   200    298.911293      3   -510.924912  0.002891   -510.920330  0.000746    1.009133  0.000234  498.95
   220    298.882415      3   -510.924255  0.002700   -510.920011  0.000689    1.009172  0.000219  541.62
   240    298.882113      3   -510.925465  0.002538   -510.920386  0.000652    1.009213  0.000206  584.33
   260    298.866176      3   -510.926167  0.002418   -510.920546  0.000653    1.009234  0.000198  627.03
   280    298.849221      3   -510.926330  0.002343   -510.920587  0.000632    1.009151  0.000200  669.71
   300    298.821819      4   -510.926125  0.002173   -510.920651  0.000606    1.009170  0.000192  712.40
   320    298.805738      4   -510.926912  0.002214   -510.920547  0.000577    1.009193  0.000181  755.11
   340    298.798018      4   -510.926419  0.002140   -510.920392  0.000563    1.009105  0.000182  797.79
   360    298.788258      4   -510.926448  0.001994   -510.920635  0.000569    1.009095  0.000172  840.49
   380    298.780866      4   -510.925720  0.001955   -510.920608  0.000548    1.009137  0.000165  883.19
   400    298.778234      5   -510.925955  0.001940   -510.920510  0.000533    1.009118  0.000158  925.90
   420    298.777200      5   -510.926458  0.001885   -510.920405  0.000520    1.009038  0.000161  968.58
   440    298.763785      5   -510.926446  0.001886   -510.920278  0.000503    1.009028  0.000154 1011.28
   460    298.754417      6   -510.926113  0.001843   -510.920149  0.000488    1.008971  0.000153 1053.99
   480    298.743599      6   -510.925755  0.001862   -510.920025  0.000478    1.008975  0.000150 1096.69
   500    298.742166      7   -510.926020  0.001816   -510.919953  0.000470    1.008941  0.000155 1139.39
   520    298.739366      7   -510.925757  0.001873   -510.919905  0.000456    1.008990  0.000165 1182.09
   540    298.739014      8   -510.925961  0.001827   -510.919871  0.000448    1.008949  0.000163 1224.77
   560    298.732609      8   -510.925914  0.001793   -510.919903  0.000437    1.008949  0.000159 1267.46
   580    298.724167      8   -510.925705  0.001760   -510.919934  0.000427    1.008956  0.000157 1310.15
   600    298.727280      8   -510.925904  0.001700   -510.919959  0.000430    1.008942  0.000151 1352.84
   620    298.717939      8   -510.925701  0.001667   -510.919905  0.000422    1.008931  0.000148 1395.52
   640    298.712850     11   -510.925513  0.001632   -510.919790  0.000416    1.008954  0.000145 1438.21
   660    298.716125     11   -510.925507  0.001610   -510.919787  0.000409    1.008958  0.000144 1480.93
   680    298.715582     11   -510.925772  0.001561   -510.919771  0.000402    1.008925  0.000155 1523.59
   700    298.716725     11   -510.925761  0.001550   -510.919769  0.000395    1.008878  0.000157 1566.28
   720    298.715883     11   -510.925555  0.001500   -510.919732  0.000387    1.008886  0.000153 1609.02
   740    298.716844     11   -510.925615  0.001477   -510.919627  0.000379    1.008846  0.000152 1651.72
   760    298.712055     11   -510.925398  0.001427   -510.919497  0.000372    1.008843  0.000149 1694.42
   780    298.704047     11   -510.925244  0.001395   -510.919511  0.000366    1.008830  0.000146 1737.11
   800    298.702033     11   -510.925215  0.001385   -510.919503  0.000374    1.008820  0.000140 1779.80
   820    298.698566     11   -510.925093  0.001348   -510.919408  0.000367    1.008847  0.000139 1822.50
   840    298.698728     12   -510.925288  0.001364   -510.919391  0.000363    1.008809  0.000143 1865.18
   860    298.697770     12   -510.925364  0.001334   -510.919413  0.000361    1.008832  0.000143 1902.74
   880    298.699188     12   -510.925584  0.001319   -510.919586  0.000385    1.008842  0.000141 1935.11
   900    298.702058     12   -510.925940  0.001316   -510.919652  0.000387    1.008854  0.000138 1967.52
   920    298.708017     12   -510.926286  0.001337   -510.919641  0.000381    1.008914  0.000143 1999.92
   940    298.708133     12   -510.926154  0.001349   -510.919590  0.000375    1.008967  0.000146 2032.31
   960    298.708314     12   -510.926156  0.001337   -510.919572  0.000374    1.008978  0.000153 2070.71
   980    298.706457     12   -510.926230  0.001313   -510.919613  0.000370    1.008966  0.000150 2113.40
  1000    298.705875     12   -510.926410  0.001373   -510.919717  0.000370    1.008982  0.000147 2156.12

Post Propagation Process
Total number of samples 1000
Raw AFQMC/HF (Guide) energy:           -510.926410 ± 0.001373
Raw Trial/Guide overlap ratio:          1.008982 ± 0.000147
Raw AFQMC/pt2CCSD energy (covariance): -510.919717 ± 0.000370
Raw AFQMC/pt2CCSD energy (dir sample): -510.919717 ± 0.000291

Remove Outliers
removing energies outside zeta > 30
Outlier energy bound [-511.116590, -510.720908]
Removed 0 outliers with energies []
Clean AFQMC/pt2CCSD overlap ratio:        1.008982 ± 0.000147
Clean AFQMC/pt2CCSD energy (covariance): -510.919717 ± 0.000370
Clean AFQMC/ptCCSD energy (dir sample):  -510.919717 ± 0.000291

Blocking Analysis
nsample = 1000, max_block_size = 25, min_nblocks = 40
   B    NB    NS  Observable     Error    dError
   1  1000  1000    1.008982  0.000053  0.000001
   2   500  1000    1.008982  0.000069  0.000002
   3   333   999    1.008982  0.000079  0.000003
   4   250  1000    1.008982  0.000090  0.000004
   5   200  1000    1.008982  0.000096  0.000005
   6   166   996    1.008983  0.000103  0.000006
   7   142   994    1.008985  0.000107  0.000006
   8   125  1000    1.008982  0.000112  0.000007
   9   111   999    1.008982  0.000115  0.000008
  10   100  1000    1.008982  0.000119  0.000008
  11    90   990    1.008983  0.000124  0.000009
  12    83   996    1.008983  0.000123  0.000010
  13    76   988    1.008984  0.000130  0.000011
  14    71   994    1.008985  0.000133  0.000011
  15    66   990    1.008983  0.000134  0.000012
  16    62   992    1.008982  0.000133  0.000012
  17    58   986    1.008980  0.000139  0.000013
  18    55   990    1.008983  0.000138  0.000013
  19    52   988    1.008984  0.000142  0.000014
  20    50  1000    1.008982  0.000139  0.000014
  21    47   987    1.008981  0.000147  0.000015
  22    45   990    1.008983  0.000134  0.000014
  23    43   989    1.008985  0.000135  0.000015
  24    41   984    1.008975  0.000135  0.000015
  25    40  1000    1.008982  0.000139  0.000016
Fit (variance): plateau_var = 2.116e-08 ± 1.998e-09
Fit (error):    plateau = 0.000145 ± 0.000007
     autocorrelation length ~ 9.0 blocks
     plateau reached at block size ~ 42
     !!!Failed to reach plateau in blocking
     Return max block error
nclean = 1000, max_block_size = 25, min_nblocks = 40
Blk_SZ   NBlk   NSmp      Energy     Error    dError
     1   1000   1000  -510.919550  0.000291  0.000007
     2    500   1000  -510.919582  0.000312  0.000010
     3    333    999  -510.919599  0.000335  0.000013
     4    250   1000  -510.919616  0.000339  0.000015
     5    200   1000  -510.919621  0.000354  0.000018
     6    166    996  -510.919628  0.000372  0.000020
     7    142    994  -510.919643  0.000355  0.000021
     8    125   1000  -510.919643  0.000366  0.000023
     9    111    999  -510.919642  0.000378  0.000025
    10    100   1000  -510.919653  0.000371  0.000026
    11     90    990  -510.919655  0.000381  0.000029
    12     83    996  -510.919655  0.000394  0.000031
    13     76    988  -510.919635  0.000364  0.000030
    14     71    994  -510.919671  0.000375  0.000032
    15     66    990  -510.919677  0.000358  0.000031
    16     62    992  -510.919668  0.000410  0.000037
    17     58    986  -510.919642  0.000380  0.000036
    18     55    990  -510.919683  0.000393  0.000038
    19     52    988  -510.919656  0.000373  0.000037
    20     50   1000  -510.919690  0.000373  0.000038
    21     47    987  -510.919654  0.000400  0.000042
    22     45    990  -510.919686  0.000387  0.000041
    23     43    989  -510.919684  0.000371  0.000041
    24     41    984  -510.919647  0.000404  0.000045
    25     40   1000  -510.919684  0.000385  0.000044
Fit (variance): plateau_var = 1.463676e-07 ± 7.947938e-09
Fit (error):    plateau = 0.000383 ± 0.000010
     autocorrelation length ~ 3.9 blocks
     plateau reached at block size ~ 16
Final AFQMC/pt2CCSD overlap ratio: 1.008982 ± 0.000147
Final AFQMC/pt2CCSD energy: -510.919717 ± 0.000383
Total run time: 2168.03

AFQMC Sampling Finished

