
    ________                     _____                    
    ___  __ \___  __________________(_)_____________ _    
    __  /_/ /  / / /_  __ \_  __ \_  /__  __ \_  __ `/    
    _  _, _// /_/ /_  / / /  / / /  / _  / / /  /_/ /     
    /_/ |_| \__,_/ /_/ /_//_/ /_//_/  /_/ /_/_\__, /      
                                             /____/       
    _____________________________  ___________            
    ___    |__  ____/_  __ \__   |/  /_  ____/            
    __  /| |_  /_   _  / / /_  /|_/ /_  /                 
    _  ___ |  __/   / /_/ /_  /  / / / /___               
    /_/  |_/_/      \___\_\/_/  /_/  \____/               

Hostname:     gpua021.delta.ncsa.illinois.edu
System:       Linux
Node:         gpua021.delta.ncsa.illinois.edu
Release:      5.14.0-427.91.1.el9_4.x86_64
Machine:      x86_64
Processor:    x86_64
JAX backend:  GPU
JAX devices:  [CudaDevice(id=0)]
Device kind:  NVIDIA A100-SXM4-40GB
Platform:     gpu

Load system from Integral File
Maximum memory per walker:            66.67 MB
Maximum number of Cholesky per chunk: 82
Number of Cholesky chunks:            12
Number of Cholesky per chunk:         82
Number of padding Cholesky:           4

QMC System
Number of electrons: (13, 13)
Spin Multiplicity:   0
Number of orbitals:  163
Number of Chol:      980

QMC Parameters
eql_time            :                   50
n_blocks            :                 1000
n_walkers           :                  300
max_error           :                  0.0
seed                :                   17
walker_type         :                  uhf
trial               :             upt2ccsd
mix_precision       :                 True
max_memory          :                20000
dt                  :                0.005
n_exp_terms         :                    6
n_prop_steps        :                   50
save_walkers        :                False
free_projection     :                False
n_batch             :                    1
nchol_chunk         :                   82

Initalize QMC walkers by stochastic CCSD

Equilibration
inv_T        weight  killW        energy   runTime
 0.00    300.000000      0   -261.581677     20.97
 5.00    298.878173      0   -261.634554     41.81
10.00    298.536357      0   -261.593530     55.99
15.00    298.877161      0   -261.651832     70.09
20.00    297.674578      0   -261.615963     84.27
25.00    299.591414      0   -261.659276     98.45
30.00    298.225830      0   -261.665753    112.54
35.00    298.738172      0   -261.638198    126.73
40.00    298.559879      0   -261.671903    140.92
45.00    298.128935      0   -261.604730    155.01
50.00    300.373288      0   -261.631496    169.18

Sampling
blocks        weight  killW       E_Guide     error       E_Trial     error     olp_T/G     error  Walltime
    20    298.752975      0   -261.640616  0.010656   -261.638033  0.002055    1.104350  0.001273  318.70
    40    298.669514      0   -261.634932  0.006097   -261.637658  0.001436    1.104361  0.000652  461.35
    60    298.582019      0   -261.638226  0.005351   -261.636319  0.002037    1.104520  0.000584  604.79
    80    298.526599      0   -261.637025  0.005166   -261.636531  0.001596    1.103950  0.000655  748.20
   100    298.507037      0   -261.639724  0.004618   -261.636929  0.001380    1.103797  0.000572  891.64
   120    298.525855      0   -261.640250  0.003954   -261.637451  0.001207    1.103600  0.000536 1035.08
   140    298.514342      0   -261.643876  0.004264   -261.638407  0.001132    1.103144  0.000643 1178.52
   160    298.499054      0   -261.644797  0.004014   -261.639288  0.001165    1.102638  0.000628 1321.92
   180    298.452421      0   -261.644506  0.003844   -261.638996  0.001071    1.102388  0.000596 1465.36
   200    298.420850      0   -261.644345  0.003549   -261.639049  0.000977    1.102125  0.000571 1608.80
   220    298.376619      0   -261.643233  0.003354   -261.639051  0.000909    1.102091  0.000524 1752.20
   240    298.340554      0   -261.642086  0.003239   -261.638814  0.000848    1.102063  0.000489 1895.65
   260    298.307056      1   -261.641600  0.003147   -261.638723  0.000793    1.102014  0.000467 2039.02
   280    298.282069      1   -261.641366  0.002891   -261.638759  0.000748    1.101985  0.000431 2184.72
   300    298.264610      1   -261.641591  0.002823   -261.639092  0.000712    1.101982  0.000409 2333.23
   320    298.253647      2   -261.642573  0.002767   -261.639215  0.000686    1.101936  0.000388 2481.64
   340    298.231314      2   -261.642290  0.002647   -261.639240  0.000658    1.101933  0.000377 2629.92
   360    298.231292      2   -261.643104  0.002503   -261.639506  0.000676    1.101832  0.000366 2778.30
   380    298.227593      2   -261.643949  0.002509   -261.639662  0.000655    1.101777  0.000355 2926.62
   400    298.211824      2   -261.643970  0.002419   -261.639806  0.000656    1.101766  0.000336 3075.10
   420    298.193896      2   -261.643319  0.002343   -261.639761  0.000633    1.101820  0.000323 3223.43
   440    298.178326      2   -261.643749  0.002405   -261.639833  0.000619    1.101797  0.000347 3371.78
   460    298.166929      2   -261.643563  0.002347   -261.639693  0.000605    1.101829  0.000338 3520.11
   480    298.170943      2   -261.644133  0.002321   -261.639846  0.000599    1.101787  0.000327 3665.60
   500    298.163575      2   -261.644288  0.002225   -261.639742  0.000582    1.101679  0.000319 3816.24
   520    298.153488      2   -261.644461  0.002142   -261.639881  0.000588    1.101583  0.000328 3967.20
   540    298.143926      4   -261.644770  0.002104   -261.639808  0.000571    1.101567  0.000320 4118.23
   560    298.137091      4   -261.644534  0.002064   -261.639907  0.000558    1.101628  0.000309 4269.26
   580    298.118960      4   -261.644131  0.002003   -261.639760  0.000544    1.101660  0.000305 4420.18
   600    298.112744      5   -261.644069  0.001961   -261.639783  0.000530    1.101599  0.000309 4571.18
   620    298.097236      5   -261.643991  0.001923   -261.639786  0.000519    1.101567  0.000302 4722.15
   640    298.091000      5   -261.643973  0.001858   -261.639762  0.000508    1.101540  0.000301 4873.12
   660    298.087002      6   -261.644332  0.001838   -261.639875  0.000499    1.101531  0.000293 5024.09
   680    298.078995      6   -261.644026  0.001943   -261.639890  0.000489    1.101631  0.000292 5175.05
   700    298.077584      6   -261.644284  0.001899   -261.639870  0.000479    1.101591  0.000286 5319.52
   720    298.076651      7   -261.644542  0.001876   -261.639957  0.000474    1.101438  0.000332 5469.17
   740    298.078800      7   -261.644812  0.001867   -261.640065  0.000468    1.101350  0.000335 5618.87
   760    298.076311      8   -261.645108  0.001831   -261.640124  0.000461    1.101412  0.000329 5768.51
   780    298.069137      8   -261.644889  0.001807   -261.640078  0.000451    1.101536  0.000336 5918.18
   800    298.063990      8   -261.644843  0.001764   -261.640096  0.000442    1.101615  0.000339 6067.87
   820    298.059742      8   -261.644861  0.001729   -261.640111  0.000435    1.101615  0.000331 6217.54
   840    298.051264      8   -261.644798  0.001693   -261.640136  0.000428    1.101643  0.000326 6367.16
   860    298.056832      8   -261.645299  0.001699   -261.640204  0.000424    1.101667  0.000325 6516.83
   880    298.048484      8   -261.645410  0.001666   -261.640288  0.000421    1.101681  0.000319 6666.51
   900    298.043374      9   -261.644938  0.001634   -261.640248  0.000413    1.101701  0.000311 6816.20
   920    298.037836     10   -261.644799  0.001680   -261.640223  0.000408    1.101748  0.000305 6965.83
   940    298.040043     10   -261.644804  0.001640   -261.640184  0.000401    1.101753  0.000301 7115.47
   960    298.043340     10   -261.644992  0.001602   -261.640291  0.000399    1.101737  0.000294 7265.13
   980    298.037132     10   -261.645031  0.001572   -261.640301  0.000394    1.101723  0.000291 7414.88
  1000    298.035419     10   -261.645155  0.001545   -261.640262  0.000389    1.101775  0.000292 7558.51

Post Propagation Process
Total number of samples 1000
Raw AFQMC/HF (Guide) energy:           -261.645155 ± 0.001545
Raw Trial/Guide overlap ratio:          1.101775 ± 0.000292
Raw AFQMC/pt2CCSD energy (covariance): -261.640262 ± 0.000389
Raw AFQMC/pt2CCSD energy (dir sample): -261.640262 ± 0.000328

Remove Outliers
removing energies outside zeta > 30
Outlier energy bound [-261.882287, -261.394586]
Removed 0 outliers with energies []
Clean AFQMC/pt2CCSD overlap ratio:        1.101775 ± 0.000292
Clean AFQMC/pt2CCSD energy (covariance): -261.640262 ± 0.000389
Clean AFQMC/ptCCSD energy (dir sample):  -261.640262 ± 0.000328

Blocking Analysis
nsample = 1000, max_block_size = 25, min_nblocks = 40
   B    NB    NS  Observable     Error    dError
   1  1000  1000    1.101776  0.000109  0.000002
   2   500  1000    1.101776  0.000144  0.000005
   3   333   999    1.101770  0.000167  0.000006
   4   250  1000    1.101776  0.000185  0.000008
   5   200  1000    1.101775  0.000198  0.000010
   6   166   996    1.101763  0.000208  0.000011
   7   142   994    1.101747  0.000217  0.000013
   8   125  1000    1.101775  0.000226  0.000014
   9   111   999    1.101770  0.000232  0.000016
  10   100  1000    1.101775  0.000234  0.000017
  11    90   990    1.101733  0.000244  0.000018
  12    83   996    1.101762  0.000239  0.000019
  13    76   988    1.101729  0.000250  0.000020
  14    71   994    1.101747  0.000260  0.000022
  15    66   990    1.101733  0.000258  0.000023
  16    62   992    1.101737  0.000263  0.000024
  17    58   986    1.101731  0.000258  0.000024
  18    55   990    1.101732  0.000280  0.000027
  19    52   988    1.101729  0.000258  0.000026
  20    50  1000    1.101775  0.000269  0.000027
  21    47   987    1.101730  0.000282  0.000029
  22    45   990    1.101732  0.000280  0.000030
  23    43   989    1.101730  0.000275  0.000030
  24    41   984    1.101728  0.000284  0.000032
  25    40  1000    1.101775  0.000292  0.000033
Fit (variance): plateau_var = 7.720e-08 ± 6.302e-09
Fit (error):    plateau = 0.000278 ± 0.000011
     autocorrelation length ~ 7.4 blocks
     plateau reached at block size ~ 34
     !!!Failed to reach plateau in blocking
     Return max block error
nclean = 1000, max_block_size = 25, min_nblocks = 40
Blk_SZ   NBlk   NSmp      Energy     Error    dError
     1   1000   1000  -261.640006  0.000328  0.000007
     2    500   1000  -261.640067  0.000361  0.000011
     3    333    999  -261.640104  0.000384  0.000015
     4    250   1000  -261.640111  0.000398  0.000018
     5    200   1000  -261.640136  0.000401  0.000020
     6    166    996  -261.640154  0.000397  0.000022
     7    142    994  -261.640158  0.000407  0.000024
     8    125   1000  -261.640170  0.000415  0.000026
     9    111    999  -261.640182  0.000416  0.000028
    10    100   1000  -261.640192  0.000390  0.000028
    11     90    990  -261.640185  0.000386  0.000029
    12     83    996  -261.640192  0.000391  0.000030
    13     76    988  -261.640200  0.000371  0.000030
    14     71    994  -261.640204  0.000410  0.000035
    15     66    990  -261.640207  0.000389  0.000034
    16     62    992  -261.640220  0.000391  0.000035
    17     58    986  -261.640196  0.000425  0.000040
    18     55    990  -261.640224  0.000394  0.000038
    19     52    988  -261.640211  0.000375  0.000037
    20     50   1000  -261.640222  0.000386  0.000039
    21     47    987  -261.640204  0.000390  0.000041
    22     45    990  -261.640216  0.000376  0.000040
    23     43    989  -261.640234  0.000373  0.000041
    24     41    984  -261.640214  0.000401  0.000045
    25     40   1000  -261.640221  0.000370  0.000042
Fit (variance): plateau_var = 1.564224e-07 ± 5.568771e-09
Fit (error):    plateau = 0.000396 ± 0.000007
     autocorrelation length ~ 1.3 blocks
     plateau reached at block size ~ 6
Final AFQMC/pt2CCSD overlap ratio: 1.101775 ± 0.000292
Final AFQMC/pt2CCSD energy: -261.640262 ± 0.000396
Total run time: 7571.27

AFQMC Sampling Finished

