
    ________                     _____                    
    ___  __ \___  __________________(_)_____________ _    
    __  /_/ /  / / /_  __ \_  __ \_  /__  __ \_  __ `/    
    _  _, _// /_/ /_  / / /  / / /  / _  / / /  /_/ /     
    /_/ |_| \__,_/ /_/ /_//_/ /_//_/  /_/ /_/_\__, /      
                                             /____/       
    _____________________________  ___________            
    ___    |__  ____/_  __ \__   |/  /_  ____/            
    __  /| |_  /_   _  / / /_  /|_/ /_  /                 
    _  ___ |  __/   / /_/ /_  /  / / / /___               
    /_/  |_/_/      \___\_\/_/  /_/  \____/               

Hostname:     gpua021.delta.ncsa.illinois.edu
System:       Linux
Node:         gpua021.delta.ncsa.illinois.edu
Release:      5.14.0-427.91.1.el9_4.x86_64
Machine:      x86_64
Processor:    x86_64
JAX backend:  GPU
JAX devices:  [CudaDevice(id=0)]
Device kind:  NVIDIA A100-SXM4-40GB
Platform:     gpu

Load system from Integral File
Maximum memory per walker:            66.67 MB
Maximum number of Cholesky per chunk: 75
Number of Cholesky chunks:            14
Number of Cholesky per chunk:         72
Number of padding Cholesky:           13

QMC System
Number of electrons: (12, 12)
Spin Multiplicity:   0
Number of orbitals:  170
Number of Chol:      995

QMC Parameters
eql_time            :                   50
n_blocks            :                 1000
n_walkers           :                  300
max_error           :                  0.0
seed                :                   17
walker_type         :                  uhf
trial               :             upt2ccsd
mix_precision       :                 True
max_memory          :                20000
dt                  :                0.005
n_exp_terms         :                    6
n_prop_steps        :                   50
save_walkers        :                False
free_projection     :                False
n_batch             :                    1
nchol_chunk         :                   72

Initalize QMC walkers by stochastic CCSD

Equilibration
inv_T        weight  killW        energy   runTime
 0.00    300.000000      0   -192.746137     21.54
 5.00    298.235643      0   -192.773882     45.81
10.00    299.178547      0   -192.802695     64.66
15.00    297.846945      0   -192.813289     83.48
20.00    298.375188      0   -192.782462    102.33
25.00    298.793489      0   -192.777590    121.16
30.00    298.428911      0   -192.757756    139.98
35.00    299.523829      0   -192.793022    158.85
40.00    298.861584      0   -192.763217    177.68
45.00    298.168041      0   -192.760677    196.51
50.00    298.214742      0   -192.807734    215.34

Sampling
blocks        weight  killW       E_Guide     error       E_Trial     error     olp_T/G     error  Walltime
    20    298.742740      0   -192.786533  0.011682   -192.778465  0.001294    1.002426  0.000298  384.01
    40    298.480339      0   -192.778252  0.009333   -192.777357  0.000769    1.002495  0.000216  547.54
    60    298.441451      0   -192.781567  0.007414   -192.778276  0.000758    1.002438  0.000163  711.15
    80    298.376071      0   -192.781741  0.005705   -192.778570  0.000648    1.002525  0.000130  874.80
   100    298.410408      0   -192.783896  0.004933   -192.778592  0.000571    1.002600  0.000122 1038.43
   120    298.377834      0   -192.787015  0.004748   -192.779806  0.000657    1.002589  0.000109 1202.07
   140    298.348582      0   -192.787279  0.004442   -192.779843  0.000585    1.002536  0.000106 1365.71
   160    298.290435      0   -192.786058  0.003817   -192.779607  0.000535    1.002617  0.000101 1529.32
   180    298.283369      0   -192.785187  0.003543   -192.779350  0.000515    1.002676  0.000100 1692.94
   200    298.237607      0   -192.782578  0.003486   -192.779174  0.000484    1.002752  0.000108 1854.14
   220    298.217190      0   -192.782430  0.003229   -192.779101  0.000456    1.002790  0.000102 2012.04
   240    298.222321      0   -192.782612  0.002905   -192.778953  0.000428    1.002788  0.000097 2170.71
   260    298.222424      0   -192.783070  0.002811   -192.778987  0.000408    1.002780  0.000093 2329.43
   280    298.201617      0   -192.782803  0.002548   -192.778829  0.000388    1.002803  0.000086 2488.15
   300    298.188246      0   -192.782923  0.002415   -192.778905  0.000374    1.002802  0.000081 2646.88
   320    298.174268      0   -192.782873  0.002298   -192.778931  0.000363    1.002800  0.000077 2805.66
   340    298.191039      0   -192.783493  0.002256   -192.778983  0.000353    1.002772  0.000074 2961.50
   360    298.185762      0   -192.783574  0.002108   -192.778975  0.000344    1.002753  0.000073 3115.61
   380    298.183140      0   -192.783289  0.002044   -192.778842  0.000332    1.002774  0.000071 3270.11
   400    298.177131      1   -192.784293  0.002068   -192.779049  0.000331    1.002748  0.000069 3424.59
   420    298.171345      1   -192.784172  0.002098   -192.779109  0.000334    1.002733  0.000067 3579.10
   440    298.149005      1   -192.783259  0.002104   -192.778924  0.000324    1.002714  0.000066 3733.55
   460    298.145792      1   -192.783372  0.002015   -192.779008  0.000314    1.002698  0.000065 3888.06
   480    298.166082      1   -192.784967  0.002404   -192.779307  0.000386    1.002709  0.000062 4042.53
   500    298.154739      1   -192.784816  0.002362   -192.779169  0.000376    1.002728  0.000061 4197.03
   520    298.155916      1   -192.785094  0.002368   -192.779221  0.000367    1.002742  0.000063 4351.58
   540    298.152678      1   -192.784970  0.002310   -192.779252  0.000358    1.002765  0.000063 4506.04
   560    298.143342      2   -192.784960  0.002261   -192.779255  0.000350    1.002791  0.000065 4660.51
   580    298.143056      2   -192.785252  0.002206   -192.779396  0.000358    1.002802  0.000064 4815.00
   600    298.135997      2   -192.785155  0.002172   -192.779343  0.000349    1.002799  0.000062 4969.50
   620    298.129673      2   -192.784898  0.002110   -192.779269  0.000339    1.002801  0.000060 5124.02
   640    298.118716      2   -192.784443  0.002074   -192.779194  0.000331    1.002818  0.000060 5278.51
   660    298.117597      2   -192.784554  0.002051   -192.779215  0.000323    1.002819  0.000058 5432.99
   680    298.111355      2   -192.784349  0.001991   -192.779204  0.000321    1.002829  0.000058 5587.50
   700    298.104683      2   -192.784357  0.001953   -192.779212  0.000313    1.002851  0.000059 5741.97
   720    298.106010      2   -192.784472  0.001887   -192.779193  0.000307    1.002833  0.000063 5896.44
   740    298.096000      2   -192.784129  0.001862   -192.779123  0.000300    1.002839  0.000062 6050.91
   760    298.095654      2   -192.784327  0.001818   -192.779150  0.000294    1.002845  0.000061 6205.40
   780    298.094971      2   -192.784095  0.001781   -192.779142  0.000289    1.002845  0.000060 6359.92
   800    298.089439      2   -192.783905  0.001742   -192.779092  0.000283    1.002848  0.000061 6514.41
   820    298.082431      2   -192.783920  0.001704   -192.779114  0.000279    1.002842  0.000059 6668.86
   840    298.082257      2   -192.783986  0.001814   -192.779059  0.000274    1.002842  0.000058 6823.37
   860    298.086764      2   -192.784120  0.001814   -192.779080  0.000269    1.002851  0.000057 6979.67
   880    298.084069      2   -192.784149  0.001773   -192.779114  0.000266    1.002849  0.000056 7133.67
   900    298.076495      2   -192.783809  0.001731   -192.779103  0.000260    1.002859  0.000056 7287.67
   920    298.070426      2   -192.783351  0.001725   -192.779076  0.000257    1.002860  0.000055 7441.69
   940    298.074824      2   -192.783439  0.001735   -192.779126  0.000255    1.002855  0.000054 7595.72
   960    298.074921      2   -192.783409  0.001703   -192.779117  0.000252    1.002858  0.000053 7749.76
   980    298.079388      2   -192.783780  0.001668   -192.779124  0.000248    1.002849  0.000052 7903.87
  1000    298.078089      2   -192.783887  0.001635   -192.779099  0.000244    1.002842  0.000052 8057.98

Post Propagation Process
Total number of samples 1000
Raw AFQMC/HF (Guide) energy:           -192.783887 ± 0.001635
Raw Trial/Guide overlap ratio:          1.002842 ± 0.000052
Raw AFQMC/pt2CCSD energy (covariance): -192.779099 ± 0.000244
Raw AFQMC/pt2CCSD energy (dir sample): -192.779099 ± 0.000186

Remove Outliers
removing energies outside zeta > 30
Outlier energy bound [-192.916880, -192.638543]
Removed 0 outliers with energies []
Clean AFQMC/pt2CCSD overlap ratio:        1.002842 ± 0.000052
Clean AFQMC/pt2CCSD energy (covariance): -192.779099 ± 0.000244
Clean AFQMC/ptCCSD energy (dir sample):  -192.779099 ± 0.000186

Blocking Analysis
nsample = 1000, max_block_size = 25, min_nblocks = 40
   B    NB    NS  Observable     Error    dError
   1  1000  1000    1.002842  0.000020  0.000000
   2   500  1000    1.002842  0.000026  0.000001
   3   333   999    1.002841  0.000030  0.000001
   4   250  1000    1.002842  0.000034  0.000002
   5   200  1000    1.002842  0.000036  0.000002
   6   166   996    1.002842  0.000038  0.000002
   7   142   994    1.002843  0.000041  0.000002
   8   125  1000    1.002842  0.000040  0.000003
   9   111   999    1.002841  0.000043  0.000003
  10   100  1000    1.002842  0.000044  0.000003
  11    90   990    1.002844  0.000044  0.000003
  12    83   996    1.002842  0.000045  0.000003
  13    76   988    1.002844  0.000047  0.000004
  14    71   994    1.002843  0.000047  0.000004
  15    66   990    1.002844  0.000046  0.000004
  16    62   992    1.002844  0.000046  0.000004
  17    58   986    1.002846  0.000046  0.000004
  18    55   990    1.002844  0.000050  0.000005
  19    52   988    1.002844  0.000052  0.000005
  20    50  1000    1.002842  0.000052  0.000005
  21    47   987    1.002845  0.000048  0.000005
  22    45   990    1.002844  0.000050  0.000005
  23    43   989    1.002844  0.000046  0.000005
  24    41   984    1.002848  0.000052  0.000006
  25    40  1000    1.002842  0.000052  0.000006
Fit (variance): plateau_var = 2.557e-09 ± 2.093e-10
Fit (error):    plateau = 0.000051 ± 0.000002
     autocorrelation length ~ 7.5 blocks
     plateau reached at block size ~ 35
     !!!Failed to reach plateau in blocking
     Return max block error
nclean = 1000, max_block_size = 25, min_nblocks = 40
Blk_SZ   NBlk   NSmp      Energy     Error    dError
     1   1000   1000  -192.778863  0.000186  0.000004
     2    500   1000  -192.778905  0.000221  0.000007
     3    333    999  -192.778948  0.000234  0.000009
     4    250   1000  -192.778964  0.000252  0.000011
     5    200   1000  -192.778980  0.000254  0.000013
     6    166    996  -192.778991  0.000259  0.000014
     7    142    994  -192.778996  0.000268  0.000016
     8    125   1000  -192.779013  0.000262  0.000017
     9    111    999  -192.779025  0.000259  0.000017
    10    100   1000  -192.779016  0.000293  0.000021
    11     90    990  -192.779033  0.000269  0.000020
    12     83    996  -192.779032  0.000273  0.000021
    13     76    988  -192.779035  0.000285  0.000023
    14     71    994  -192.779041  0.000252  0.000021
    15     66    990  -192.779052  0.000286  0.000025
    16     62    992  -192.779052  0.000274  0.000025
    17     58    986  -192.779052  0.000238  0.000022
    18     55    990  -192.779059  0.000270  0.000026
    19     52    988  -192.779055  0.000276  0.000027
    20     50   1000  -192.779056  0.000308  0.000031
    21     47    987  -192.779047  0.000311  0.000032
    22     45    990  -192.779062  0.000291  0.000031
    23     43    989  -192.779064  0.000272  0.000030
    24     41    984  -192.779072  0.000275  0.000031
    25     40   1000  -192.779067  0.000252  0.000029
Fit (variance): plateau_var = 7.334208e-08 ± 3.157956e-09
Fit (error):    plateau = 0.000271 ± 0.000006
     autocorrelation length ~ 2.4 blocks
     plateau reached at block size ~ 11
Final AFQMC/pt2CCSD overlap ratio: 1.002842 ± 0.000052
Final AFQMC/pt2CCSD energy: -192.779099 ± 0.000271
Total run time: 8067.31

AFQMC Sampling Finished

