#INFO: **** input file is /work/hdd/bdka/yzhang65/w4_17/w4-17_all/afqmc_input/batch7/run_afqmc.py ****
import os
import sys
import re
#sys.path.insert(0, os.path.join(os.path.dirname(os.path.abspath(__file__)), '..', 'script'))
sys.path.insert(0, '/u/yzhang65/mywork/yzhang65/w4_17/w4-17_all/script')

os.environ.setdefault("XLA_PYTHON_CLIENT_ALLOCATOR", "platform")
import jax
jax.config.update("jax_enable_x64", True)

from pyscf import gto, scf, cc
from afqmc import integral, launch_afqmc
from mol_select import get_xyz_files
import truncate_basis

# ---------------------------------------------------------------------------
# Configuration
# ---------------------------------------------------------------------------
shell            = "closed"  # "closed" or "open"
symmetry         = False
select_molecules = None  # e.g. ["acetaldehyde", "benzene"], or None for all
index            = "121-140"          # e.g. "1-10", "5", "1,3,5-8", or None for all
basis            = "vtzfp"

xyz_dir      = f"../../w4_17_xyz/{shell}_shell"
results_file = f"./{shell}_afqmc_{basis}.dat"
out_dir      = f"../../result/molout/{shell}_shell"
os.makedirs(out_dir, exist_ok=True)

xyz_files = get_xyz_files(xyz_dir, select_molecules=select_molecules, index=index)

# ---------------------------------------------------------------------------
# Write results header
# ---------------------------------------------------------------------------
with open(results_file, "w") as out:
    out.write(f"{'Molecule':<16s} {'E_HF (Eh)':>20s} {'E_CCSD (Eh)':>20s} "
              f"{'E_AFQMC (Eh)':>15s} {'E_AFQMC ERR (Eh)':>15s}\n")

# ---------------------------------------------------------------------------
# Helper
# ---------------------------------------------------------------------------
_afqmc_energy_re = re.compile(
    r"Final AFQMC/pt2CCSD energy:\s*([-+]?\d*\.?\d+(?:[eE][-+]?\d+)?)"
    r"\s*(?:±|\+/-)\s*([-+]?\d*\.?\d+(?:[eE][-+]?\d+)?)"
)

def extract_afqmc_energy(filename):
    try:
        with open(filename, encoding="utf-8") as f:
            for line in f:
                m = _afqmc_energy_re.search(line)
                if m:
                    return float(m.group(1)), float(m.group(2))
    except (OSError, IOError):
        pass
    return 0, 0

# ---------------------------------------------------------------------------
# Main loop
# ---------------------------------------------------------------------------
for xyz_path in xyz_files:
    with open(xyz_path) as f:
        lines = f.readlines()

    second_line = lines[1]
    charge   = int(second_line.split("charge=")[1].split()[0])
    spin     = int(second_line.split("mult=")[1].split()[0]) - 1
    mol_name = second_line.split()[0]
    atoms    = "".join(lines[2:])

    print(f"\n{'='*60}\nRunning: {mol_name}  charge={charge}  spin={spin}\n{'='*60}")

    mol = gto.M(
        atom=atoms,
        basis=truncate_basis.get_basis(atoms, basis),
        verbose=4,
        output=os.path.join(out_dir, f"{mol_name}_{basis}.out"),
        unit="angstrom",
        symmetry=symmetry,
        charge=charge,
        spin=spin,
        max_memory=40000,
    )

    mf = scf.UHF(mol)
    mf.max_cycle = 200
    mf = mf.newton()
    mf.kernel()

    if mol_name == "h":
        with open(results_file, "a") as out:
            out.write(f"{mol_name:<16s} {mf.e_tot:>20.10f} {mf.e_tot:>20.10f} "
                      f"{mf.e_tot:>15.5f} {0.0:>15.5f}\n")
        continue

    stable = False
    for _ in range(10):
        mo_i, _, stable, _ = mf.stability(return_status=True)
        if stable:
            break
        dm = mf.make_rdm1(mo_i, mf.mo_occ)
        mf.kernel(dm0=dm)

    if not stable or not mf.converged:
        print(f"  !! SCF did not converge for {mol_name} — skipping.")
        with open(results_file, "a") as out:
            out.write(f"{mol_name:<16s} {'UNCONVERGED':>20s} {'UNCONVERGED':>20s} {'UNCONVERGED':>20s}\n")
        continue

    mycc = cc.CCSD(mf)
    mycc.set_frozen()
    mycc.kernel()

    integral.prep_integral(mycc, chol_cut=1e-5)
    options = {
        'eql_time':      50,
        'n_blocks':      1000,
        'n_walkers':     300,
        'max_error':     0.0,
        'seed':          17,
        'walker_type':   'uhf',
        'trial':         'upt2ccsd',
        'mix_precision': True,
        'max_memory':    20000, #MB
    }
    launch_afqmc.ph_afqmc(options)

    afqmc_out = os.path.join(out_dir, f"{mol_name}_afqmc_{basis}.out")
    os.system(f"mv afqmc.out {afqmc_out}")
    eqmc, eqmc_err = extract_afqmc_energy(afqmc_out)

    with open(results_file, "a") as out:
        out.write(f"{mol_name:<16s} {mf.e_tot:>20.10f} {mycc.e_tot:>20.10f} "
                  f"{eqmc:>15.5f} {eqmc_err:>15.5f}\n")

    print(f"  => E_HF({mol_name})      = {mf.e_tot:.10f} Eh")
    print(f"  => E_CCSD({mol_name})    = {mycc.e_tot:.10f} Eh")
    print(f"  => E_AFQMC({mol_name})   = {eqmc:.5f} +/- {eqmc_err:.5f} Eh")

print(f"\nAll calculations complete. Results saved to {results_file}")
#INFO: ******************** input file end ********************


System: uname_result(system='Linux', node='gpua021.delta.ncsa.illinois.edu', release='5.14.0-427.91.1.el9_4.x86_64', version='#1 SMP PREEMPT_DYNAMIC Wed Sep 17 10:08:59 EDT 2025', machine='x86_64')  Threads 16
Python 3.11.14 (main, Oct 21 2025, 18:31:21) [GCC 11.2.0]
numpy 2.3.5  scipy 1.16.3  h5py 3.15.1
Date: Sun May 24 08:04:02 2026
PySCF version 2.11.0
PySCF path  /u/yzhang65/myprojects/software/pyscf
GIT HEAD (branch master) f520f5381c0b41f716d847009817cbc64e52c0d5

[ENV] PYSCF_TMPDIR /projects/bdka/yzhang65/scratch/pyscf
[ENV] PYSCF_EXT_PATH /u/yzhang65/myprojects/software/pyscf-forge
[CONFIG] conf_file None
[INPUT] verbose = 4
[INPUT] num. atoms = 10
[INPUT] num. electrons = 32
[INPUT] charge = 0
[INPUT] spin (= nelec alpha-beta = 2S) = 0
[INPUT] symmetry False subgroup None
[INPUT] Mole.unit = angstrom
[INPUT] Symbol           X                Y                Z      unit          X                Y                Z       unit  Magmom
[INPUT]  1 C     -0.027081970300  -0.064786406000   1.035133648400 AA   -0.051177506781  -0.122428563935   1.956119097798 Bohr   0.0
[INPUT]  2 C     -0.027305556700   1.074045402000   0.000000000000 AA   -0.051600023842   2.029651655128   0.000000000000 Bohr   0.0
[INPUT]  3 C     -0.027081970300  -0.064786406000  -1.035133648400 AA   -0.051177506781  -0.122428563935  -1.956119097798 Bohr   0.0
[INPUT]  4 H      0.816158094900  -0.092142453100   1.726644238400 AA    1.542315273708  -0.174124000805   3.262884725134 Bohr   0.0
[INPUT]  5 H     -0.959319252200  -0.181097474100   1.592614988900 AA   -1.812850652681  -0.342224627900   3.009606150898 Bohr   0.0
[INPUT]  6 H      0.876027861400   1.679337478900   0.000000000000 AA    1.655452735534   3.173487905839   0.000000000000 Bohr   0.0
[INPUT]  7 H     -0.902110330300   1.719497724500   0.000000000000 AA   -1.704741458408   3.249379771118   0.000000000000 Bohr   0.0
[INPUT]  8 H      0.816158094900  -0.092142453100  -1.726644238400 AA    1.542315273708  -0.174124000805  -3.262884725134 Bohr   0.0
[INPUT]  9 H     -0.959319252200  -0.181097474100  -1.592614988900 AA   -1.812850652681  -0.342224627900  -3.009606150898 Bohr   0.0
[INPUT] 10 O      0.098341280800  -1.065541939200   0.000000000000 AA    0.185838087451  -2.013582439326   0.000000000000 Bohr   0.0

nuclear repulsion = 128.265112478733
number of shells = 66
number of NR pGTOs = 234
number of NR cGTOs = 174
basis = {'C': [[0, [8236.0, 0.000531, -0.000113], [1235.0, 0.004108, -0.000878], [280.8, 0.021087, -0.00454], [79.27, 0.081853, -0.018133], [25.59, 0.234817, -0.05576], [8.997, 0.434401, -0.126895], [3.319, 0.346129, -0.170352], [0.3643, -0.008983, 0.598684]], [0, [0.9059, 1.0]], [0, [0.1285, 1.0]], [1, [18.71, 0.014031], [4.133, 0.086866], [1.2, 0.290216]], [1, [0.3827, 1.0]], [1, [0.1209, 1.0]], [2, [1.097, 1.0]], [2, [0.318, 1.0]], [3, [0.761, 1.0]]], 'O': [[0, [15330.0, 0.000508, -0.000115], [2299.0, 0.003929, -0.000895], [522.4, 0.020243, -0.004636], [147.3, 0.079181, -0.018724], [47.55, 0.230687, -0.058463], [16.76, 0.433118, -0.136463], [6.207, 0.35026, -0.17574], [0.6882, -0.008154, 0.603418]], [0, [1.752, 1.0]], [0, [0.2384, 1.0]], [1, [34.46, 0.015928], [7.749, 0.09974], [2.28, 0.310492]], [1, [0.7156, 1.0]], [1, [0.214, 1.0]], [2, [2.314, 1.0]], [2, [0.645, 1.0]], [3, [1.428, 1.0]]], 'H': [[0, [33.87, 0.006068], [5.095, 0.045308], [1.159, 0.202822]], [0, [0.3258, 1.0]], [0, [0.1027, 1.0]], [1, [1.407, 1.0]], [1, [0.388, 1.0]]]}
ecp = {}
CPU time:      7681.29




******** <class 'pyscf.soscf.newton_ah.SecondOrderUHF'> ********
method = SecondOrderUHF
initial guess = minao
damping factor = 0
level_shift factor = 0
DIIS = <class 'pyscf.scf.diis.CDIIS'>
diis_start_cycle = 1
diis_space = 8
diis_damp = 0
SCF conv_tol = 1e-09
SCF conv_tol_grad = None
SCF max_cycles = 200
direct_scf = True
direct_scf_tol = 1e-13
chkfile to save SCF result = /projects/bdka/yzhang65/scratch/pyscf/tmp17iehadz
max_memory 40000 MB (current use 4451 MB)
number electrons alpha = 16  beta = 16
******** <class 'pyscf.scf.uhf.UHF'> Newton solver flags ********
SCF tol = 1e-09
conv_tol_grad = None
max. SCF cycles = 200
direct_scf = True
direct_scf_tol = 1e-13
chkfile to save SCF result = /projects/bdka/yzhang65/scratch/pyscf/tmp17iehadz
max_cycle_inner = 12
max_stepsize = 0.05
ah_start_tol = 1e+09
ah_level_shift = 0
ah_conv_tol = 1e-12
ah_lindep = 1e-14
ah_start_cycle = 1
ah_max_cycle = 40
ah_grad_trust_region = 2.5
kf_interval = 4
kf_trust_region = 5
canonicalization = True
max_memory 40000 MB (current use 4451 MB)
Set conv_tol_grad to 3.16228e-05
  alpha nocc = 16  HOMO = -0.321440624671781  LUMO = 0.0855996247379082
  beta  nocc = 16  HOMO = -0.324104113745587  LUMO = 0.0884960787833448
Initial guess E= -191.879281810423  |g|= 0.467465
macro= 0  E= -191.978795447846  delta_E= -0.0995136  |g|= 0.000635726  5 KF 17 JK
macro= 1  E= -191.978795487753  delta_E= -3.99071e-08  |g|= 2.55606e-05  2 KF 6 JK
macro= 2  E= -191.978795487752  delta_E= 1.13687e-12  |g|= 9.21411e-06  1 KF 2 JK
Canonicalize SCF orbitals
macro X = 3  E=-191.978795487752  |g|= 9.21411e-06  total 9 KF 29 JK
converged SCF energy = -191.978795487752  <S^2> = 3.0967762e-10  2S+1 = 1
uhf_internal: lowest eigs of H = [0.47962264 0.54858384 0.57735545]
<class 'pyscf.soscf.newton_ah.SecondOrderUHF'> wavefunction is stable in the internal stability analysis

******** <class 'pyscf.cc.uccsd.UCCSD'> ********
CC2 = 0
CCSD nocc = (np.int64(12), np.int64(12)), nmo = (170, 170)
frozen orbitals 4
max_cycle = 50
direct = 0
conv_tol = 1e-07
conv_tol_normt = 1e-06
diis_space = 6
diis_start_cycle = 0
diis_start_energy_diff = 1e+09
max_memory 40000 MB (current use 3688 MB)
Init t2, MP2 energy = -0.735821541968614
Init E_corr(UCCSD) = -0.735821542002302
cycle = 1  E_corr(UCCSD) = -0.746906397279201  dE = -0.0110848553  norm(t1,t2) = 0.0882956
cycle = 2  E_corr(UCCSD) = -0.765299244671198  dE = -0.0183928474  norm(t1,t2) = 0.0249699
cycle = 3  E_corr(UCCSD) = -0.766299870276076  dE = -0.0010006256  norm(t1,t2) = 0.0115124
cycle = 4  E_corr(UCCSD) = -0.768361321342496  dE = -0.00206145107  norm(t1,t2) = 0.00434655
cycle = 5  E_corr(UCCSD) = -0.768506237996168  dE = -0.000144916654  norm(t1,t2) = 0.00122824
cycle = 6  E_corr(UCCSD) = -0.768406143263011  dE = 0.000100094733  norm(t1,t2) = 0.000489454
cycle = 7  E_corr(UCCSD) = -0.768397590735317  dE = 8.55252769e-06  norm(t1,t2) = 0.000176412
cycle = 8  E_corr(UCCSD) = -0.768408137451329  dE = -1.0546716e-05  norm(t1,t2) = 6.65766e-05
cycle = 9  E_corr(UCCSD) = -0.768407212390965  dE = 9.25060364e-07  norm(t1,t2) = 2.51225e-05
cycle = 10  E_corr(UCCSD) = -0.768407569192669  dE = -3.56801704e-07  norm(t1,t2) = 6.86205e-06
cycle = 11  E_corr(UCCSD) = -0.768407582569697  dE = -1.33770278e-08  norm(t1,t2) = 2.75922e-06
cycle = 12  E_corr(UCCSD) = -0.768407538257792  dE = 4.43119044e-08  norm(t1,t2) = 1.02989e-06
cycle = 13  E_corr(UCCSD) = -0.768407566011636  dE = -2.7753844e-08  norm(t1,t2) = 4.1558e-07
UCCSD converged
E(UCCSD) = -192.7472030537634  E_corr = -0.7684075660116364
