
    ________                     _____                    
    ___  __ \___  __________________(_)_____________ _    
    __  /_/ /  / / /_  __ \_  __ \_  /__  __ \_  __ `/    
    _  _, _// /_/ /_  / / /  / / /  / _  / / /  /_/ /     
    /_/ |_| \__,_/ /_/ /_//_/ /_//_/  /_/ /_/_\__, /      
                                             /____/       
    _____________________________  ___________            
    ___    |__  ____/_  __ \__   |/  /_  ____/            
    __  /| |_  /_   _  / / /_  /|_/ /_  /                 
    _  ___ |  __/   / /_/ /_  /  / / / /___               
    /_/  |_/_/      \___\_\/_/  /_/  \____/               

Hostname:     gpua021.delta.ncsa.illinois.edu
System:       Linux
Node:         gpua021.delta.ncsa.illinois.edu
Release:      5.14.0-427.91.1.el9_4.x86_64
Machine:      x86_64
Processor:    x86_64
JAX backend:  GPU
JAX devices:  [CudaDevice(id=0)]
Device kind:  NVIDIA A100-SXM4-40GB
Platform:     gpu

Load system from Integral File
Maximum memory per walker:            66.67 MB
Maximum number of Cholesky per chunk: 162
Number of Cholesky chunks:            5
Number of Cholesky per chunk:         153
Number of padding Cholesky:           0

QMC System
Number of electrons: (13, 13)
Spin Multiplicity:   0
Number of orbitals:  116
Number of Chol:      765

QMC Parameters
eql_time            :                   50
n_blocks            :                 1000
n_walkers           :                  300
max_error           :                  0.0
seed                :                   17
walker_type         :                  uhf
trial               :             upt2ccsd
mix_precision       :                 True
max_memory          :                20000
dt                  :                0.005
n_exp_terms         :                    6
n_prop_steps        :                   50
save_walkers        :                False
free_projection     :                False
n_batch             :                    1
nchol_chunk         :                  153

Initalize QMC walkers by stochastic CCSD

Equilibration
inv_T        weight  killW        energy   runTime
 0.00    300.000000      0   -640.193451     15.45
 5.00    298.590400      0   -640.210308     30.83
10.00    297.512212      0   -640.203144     40.56
15.00    298.694669      0   -640.210726     50.29
20.00    298.463660      0   -640.209775     60.02
25.00    299.965771      0   -640.250745     69.76
30.00    298.950657      0   -640.232017     79.49
35.00    299.719046      0   -640.207337     89.22
40.00    298.276319      0   -640.208474     98.95
45.00    298.198597      0   -640.172960    108.69
50.00    300.493391      0   -640.213234    118.42

Sampling
blocks        weight  killW       E_Guide     error       E_Trial     error     olp_T/G     error  Walltime
    20    298.880079      0   -640.233503  0.013002   -640.225919  0.001516    1.006229  0.000257  183.39
    40    298.717047      0   -640.224845  0.009348   -640.224233  0.000992    1.005992  0.000230  242.44
    60    298.712199      0   -640.225532  0.006027   -640.224054  0.000844    1.005703  0.000283  301.79
    80    298.763378      0   -640.229668  0.005795   -640.225210  0.000876    1.005540  0.000278  361.15
   100    298.733880      0   -640.228472  0.004660   -640.225613  0.000814    1.005711  0.000255  420.22
   120    298.724546      0   -640.227136  0.004088   -640.225633  0.000756    1.005845  0.000229  479.29
   140    298.684818      0   -640.226026  0.003612   -640.225070  0.000678    1.005974  0.000217  538.54
   160    298.691366      0   -640.227127  0.003789   -640.225039  0.000626    1.005800  0.000235  597.79
   180    298.671373      0   -640.224930  0.004166   -640.224880  0.000576    1.005950  0.000236  657.01
   200    298.671542      0   -640.225612  0.003785   -640.224665  0.000537    1.005929  0.000220  716.24
   220    298.700991      0   -640.227774  0.003754   -640.224711  0.000527    1.005953  0.000202  775.50
   240    298.684725      1   -640.228516  0.003477   -640.224833  0.000523    1.006004  0.000190  834.75
   260    298.672955      1   -640.228749  0.003249   -640.224730  0.000493    1.006039  0.000176  893.98
   280    298.676763      1   -640.229123  0.003050   -640.224587  0.000465    1.006117  0.000172  953.22
   300    298.672238      1   -640.229034  0.002850   -640.224593  0.000444    1.006118  0.000161 1012.47
   320    298.667454      1   -640.229889  0.002783   -640.224691  0.000431    1.006154  0.000156 1071.72
   340    298.665464      1   -640.230509  0.002725   -640.224736  0.000412    1.006143  0.000150 1130.95
   360    298.654655      1   -640.230483  0.002573   -640.224645  0.000398    1.006114  0.000144 1190.20
   380    298.654359      1   -640.230463  0.002441   -640.224797  0.000387    1.006112  0.000137 1249.47
   400    298.643444      1   -640.230417  0.002423   -640.224884  0.000384    1.006137  0.000132 1308.74
   420    298.625928      1   -640.230311  0.002308   -640.224765  0.000373    1.006146  0.000126 1367.98
   440    298.620677      1   -640.230685  0.002219   -640.224779  0.000362    1.006095  0.000125 1427.23
   460    298.615247      1   -640.230084  0.002185   -640.224734  0.000350    1.006065  0.000124 1486.48
   480    298.605402      1   -640.230354  0.002132   -640.224838  0.000344    1.006099  0.000121 1545.72
   500    298.601981      1   -640.230008  0.002066   -640.224817  0.000336    1.006104  0.000119 1604.95
   520    298.595793      1   -640.230086  0.001987   -640.224802  0.000330    1.006071  0.000118 1664.20
   540    298.600806      1   -640.230293  0.001920   -640.224692  0.000323    1.006070  0.000113 1723.45
   560    298.594339      1   -640.229798  0.001951   -640.224682  0.000315    1.006081  0.000116 1782.68
   580    298.589814      1   -640.229690  0.001904   -640.224734  0.000312    1.006110  0.000115 1841.93
   600    298.590299      1   -640.229701  0.001896   -640.224748  0.000307    1.006087  0.000118 1901.18
   620    298.580513      1   -640.229900  0.001841   -640.224814  0.000304    1.006066  0.000117 1960.42
   640    298.574835      1   -640.229973  0.001814   -640.224865  0.000298    1.006072  0.000114 2019.46
   660    298.575769      1   -640.230004  0.001759   -640.224786  0.000291    1.006074  0.000109 2081.45
   680    298.565643      1   -640.229961  0.001733   -640.224723  0.000287    1.006115  0.000111 2146.45
   700    298.561520      2   -640.229851  0.001675   -640.224696  0.000283    1.006138  0.000111 2211.43
   720    298.561158      2   -640.229909  0.001639   -640.224690  0.000279    1.006102  0.000115 2276.40
   740    298.555723      2   -640.229779  0.001610   -640.224621  0.000275    1.006092  0.000112 2341.39
   760    298.559988      2   -640.229652  0.001557   -640.224628  0.000270    1.006096  0.000110 2406.36
   780    298.553271      2   -640.229366  0.001537   -640.224642  0.000265    1.006094  0.000107 2471.35
   800    298.551143      2   -640.229215  0.001512   -640.224666  0.000263    1.006091  0.000107 2536.32
   820    298.551355      2   -640.229111  0.001488   -640.224613  0.000259    1.006112  0.000106 2601.31
   840    298.547139      2   -640.229497  0.001488   -640.224664  0.000258    1.006094  0.000105 2666.29
   860    298.547061      2   -640.229348  0.001462   -640.224638  0.000254    1.006091  0.000103 2731.27
   880    298.533741      2   -640.229062  0.001468   -640.224645  0.000251    1.006104  0.000101 2796.24
   900    298.524832      2   -640.229041  0.001439   -640.224636  0.000246    1.006083  0.000101 2861.22
   920    298.518258      2   -640.228896  0.001418   -640.224606  0.000243    1.006069  0.000100 2926.21
   940    298.515110      2   -640.229014  0.001414   -640.224665  0.000240    1.006054  0.000099 2991.22
   960    298.515161      2   -640.228892  0.001393   -640.224667  0.000238    1.006061  0.000097 3056.20
   980    298.521864      2   -640.229025  0.001358   -640.224624  0.000236    1.006075  0.000096 3121.20
  1000    298.520020      2   -640.228937  0.001341   -640.224608  0.000234    1.006069  0.000094 3186.18

Post Propagation Process
Total number of samples 1000
Raw AFQMC/HF (Guide) energy:           -640.228937 ± 0.001341
Raw Trial/Guide overlap ratio:          1.006069 ± 0.000094
Raw AFQMC/pt2CCSD energy (covariance): -640.224608 ± 0.000234
Raw AFQMC/pt2CCSD energy (dir sample): -640.224608 ± 0.000195

Remove Outliers
removing energies outside zeta > 30
Outlier energy bound [-640.387935, -640.059439]
Removed 0 outliers with energies []
Clean AFQMC/pt2CCSD overlap ratio:        1.006069 ± 0.000094
Clean AFQMC/pt2CCSD energy (covariance): -640.224608 ± 0.000234
Clean AFQMC/ptCCSD energy (dir sample):  -640.224608 ± 0.000195

Blocking Analysis
nsample = 1000, max_block_size = 25, min_nblocks = 40
   B    NB    NS  Observable     Error    dError
   1  1000  1000    1.006069  0.000036  0.000001
   2   500  1000    1.006069  0.000048  0.000002
   3   333   999    1.006070  0.000056  0.000002
   4   250  1000    1.006069  0.000061  0.000003
   5   200  1000    1.006069  0.000066  0.000003
   6   166   996    1.006069  0.000070  0.000004
   7   142   994    1.006072  0.000074  0.000004
   8   125  1000    1.006069  0.000075  0.000005
   9   111   999    1.006070  0.000078  0.000005
  10   100  1000    1.006069  0.000080  0.000006
  11    90   990    1.006077  0.000080  0.000006
  12    83   996    1.006069  0.000086  0.000007
  13    76   988    1.006080  0.000083  0.000007
  14    71   994    1.006072  0.000085  0.000007
  15    66   990    1.006077  0.000089  0.000008
  16    62   992    1.006075  0.000088  0.000008
  17    58   986    1.006078  0.000084  0.000008
  18    55   990    1.006077  0.000093  0.000009
  19    52   988    1.006080  0.000090  0.000009
  20    50  1000    1.006069  0.000094  0.000010
  21    47   987    1.006079  0.000088  0.000009
  22    45   990    1.006077  0.000091  0.000010
  23    43   989    1.006079  0.000094  0.000010
  24    41   984    1.006078  0.000087  0.000010
  25    40  1000    1.006069  0.000087  0.000010
Fit (variance): plateau_var = 8.414e-09 ± 6.356e-10
Fit (error):    plateau = 0.000092 ± 0.000003
     autocorrelation length ~ 6.9 blocks
     plateau reached at block size ~ 32
     !!!Failed to reach plateau in blocking
     Return max block error
nclean = 1000, max_block_size = 25, min_nblocks = 40
Blk_SZ   NBlk   NSmp      Energy     Error    dError
     1   1000   1000  -640.224446  0.000195  0.000004
     2    500   1000  -640.224494  0.000215  0.000007
     3    333    999  -640.224509  0.000216  0.000008
     4    250   1000  -640.224538  0.000219  0.000010
     5    200   1000  -640.224539  0.000224  0.000011
     6    166    996  -640.224542  0.000226  0.000012
     7    142    994  -640.224569  0.000216  0.000013
     8    125   1000  -640.224564  0.000228  0.000014
     9    111    999  -640.224568  0.000230  0.000015
    10    100   1000  -640.224570  0.000224  0.000016
    11     90    990  -640.224580  0.000231  0.000017
    12     83    996  -640.224575  0.000242  0.000019
    13     76    988  -640.224581  0.000234  0.000019
    14     71    994  -640.224588  0.000235  0.000020
    15     66    990  -640.224588  0.000224  0.000020
    16     62    992  -640.224584  0.000229  0.000021
    17     58    986  -640.224599  0.000229  0.000021
    18     55    990  -640.224592  0.000240  0.000023
    19     52    988  -640.224591  0.000246  0.000024
    20     50   1000  -640.224593  0.000242  0.000024
    21     47    987  -640.224597  0.000238  0.000025
    22     45    990  -640.224601  0.000252  0.000027
    23     43    989  -640.224600  0.000258  0.000028
    24     41    984  -640.224613  0.000239  0.000027
    25     40   1000  -640.224598  0.000249  0.000028
Fit (variance): plateau_var = 5.497338e-08 ± 2.792996e-09
Fit (error):    plateau = 0.000234 ± 0.000006
     autocorrelation length ~ 3.3 blocks
     plateau reached at block size ~ 13
Final AFQMC/pt2CCSD overlap ratio: 1.006069 ± 0.000094
Final AFQMC/pt2CCSD energy: -640.224608 ± 0.000234
Total run time: 3202.36

AFQMC Sampling Finished

