#INFO: **** input file is /work/hdd/bdka/yzhang65/w4_17/w4-17_all/afqmc_input/batch7/run_afqmc.py ****
import os
import sys
import re
#sys.path.insert(0, os.path.join(os.path.dirname(os.path.abspath(__file__)), '..', 'script'))
sys.path.insert(0, '/u/yzhang65/mywork/yzhang65/w4_17/w4-17_all/script')

os.environ.setdefault("XLA_PYTHON_CLIENT_ALLOCATOR", "platform")
import jax
jax.config.update("jax_enable_x64", True)

from pyscf import gto, scf, cc
from afqmc import integral, launch_afqmc
from mol_select import get_xyz_files
import truncate_basis

# ---------------------------------------------------------------------------
# Configuration
# ---------------------------------------------------------------------------
shell            = "closed"  # "closed" or "open"
symmetry         = False
select_molecules = None  # e.g. ["acetaldehyde", "benzene"], or None for all
index            = "121-140"          # e.g. "1-10", "5", "1,3,5-8", or None for all
basis            = "vtzfp"

xyz_dir      = f"../../w4_17_xyz/{shell}_shell"
results_file = f"./{shell}_afqmc_{basis}.dat"
out_dir      = f"../../result/molout/{shell}_shell"
os.makedirs(out_dir, exist_ok=True)

xyz_files = get_xyz_files(xyz_dir, select_molecules=select_molecules, index=index)

# ---------------------------------------------------------------------------
# Write results header
# ---------------------------------------------------------------------------
with open(results_file, "w") as out:
    out.write(f"{'Molecule':<16s} {'E_HF (Eh)':>20s} {'E_CCSD (Eh)':>20s} "
              f"{'E_AFQMC (Eh)':>15s} {'E_AFQMC ERR (Eh)':>15s}\n")

# ---------------------------------------------------------------------------
# Helper
# ---------------------------------------------------------------------------
_afqmc_energy_re = re.compile(
    r"Final AFQMC/pt2CCSD energy:\s*([-+]?\d*\.?\d+(?:[eE][-+]?\d+)?)"
    r"\s*(?:±|\+/-)\s*([-+]?\d*\.?\d+(?:[eE][-+]?\d+)?)"
)

def extract_afqmc_energy(filename):
    try:
        with open(filename, encoding="utf-8") as f:
            for line in f:
                m = _afqmc_energy_re.search(line)
                if m:
                    return float(m.group(1)), float(m.group(2))
    except (OSError, IOError):
        pass
    return 0, 0

# ---------------------------------------------------------------------------
# Main loop
# ---------------------------------------------------------------------------
for xyz_path in xyz_files:
    with open(xyz_path) as f:
        lines = f.readlines()

    second_line = lines[1]
    charge   = int(second_line.split("charge=")[1].split()[0])
    spin     = int(second_line.split("mult=")[1].split()[0]) - 1
    mol_name = second_line.split()[0]
    atoms    = "".join(lines[2:])

    print(f"\n{'='*60}\nRunning: {mol_name}  charge={charge}  spin={spin}\n{'='*60}")

    mol = gto.M(
        atom=atoms,
        basis=truncate_basis.get_basis(atoms, basis),
        verbose=4,
        output=os.path.join(out_dir, f"{mol_name}_{basis}.out"),
        unit="angstrom",
        symmetry=symmetry,
        charge=charge,
        spin=spin,
        max_memory=40000,
    )

    mf = scf.UHF(mol)
    mf.max_cycle = 200
    mf = mf.newton()
    mf.kernel()

    if mol_name == "h":
        with open(results_file, "a") as out:
            out.write(f"{mol_name:<16s} {mf.e_tot:>20.10f} {mf.e_tot:>20.10f} "
                      f"{mf.e_tot:>15.5f} {0.0:>15.5f}\n")
        continue

    stable = False
    for _ in range(10):
        mo_i, _, stable, _ = mf.stability(return_status=True)
        if stable:
            break
        dm = mf.make_rdm1(mo_i, mf.mo_occ)
        mf.kernel(dm0=dm)

    if not stable or not mf.converged:
        print(f"  !! SCF did not converge for {mol_name} — skipping.")
        with open(results_file, "a") as out:
            out.write(f"{mol_name:<16s} {'UNCONVERGED':>20s} {'UNCONVERGED':>20s} {'UNCONVERGED':>20s}\n")
        continue

    mycc = cc.CCSD(mf)
    mycc.set_frozen()
    mycc.kernel()

    integral.prep_integral(mycc, chol_cut=1e-5)
    options = {
        'eql_time':      50,
        'n_blocks':      1000,
        'n_walkers':     300,
        'max_error':     0.0,
        'seed':          17,
        'walker_type':   'uhf',
        'trial':         'upt2ccsd',
        'mix_precision': True,
        'max_memory':    20000, #MB
    }
    launch_afqmc.ph_afqmc(options)

    afqmc_out = os.path.join(out_dir, f"{mol_name}_afqmc_{basis}.out")
    os.system(f"mv afqmc.out {afqmc_out}")
    eqmc, eqmc_err = extract_afqmc_energy(afqmc_out)

    with open(results_file, "a") as out:
        out.write(f"{mol_name:<16s} {mf.e_tot:>20.10f} {mycc.e_tot:>20.10f} "
                  f"{eqmc:>15.5f} {eqmc_err:>15.5f}\n")

    print(f"  => E_HF({mol_name})      = {mf.e_tot:.10f} Eh")
    print(f"  => E_CCSD({mol_name})    = {mycc.e_tot:.10f} Eh")
    print(f"  => E_AFQMC({mol_name})   = {eqmc:.5f} +/- {eqmc_err:.5f} Eh")

print(f"\nAll calculations complete. Results saved to {results_file}")
#INFO: ******************** input file end ********************


System: uname_result(system='Linux', node='gpua021.delta.ncsa.illinois.edu', release='5.14.0-427.91.1.el9_4.x86_64', version='#1 SMP PREEMPT_DYNAMIC Wed Sep 17 10:08:59 EDT 2025', machine='x86_64')  Threads 16
Python 3.11.14 (main, Oct 21 2025, 18:31:21) [GCC 11.2.0]
numpy 2.3.5  scipy 1.16.3  h5py 3.15.1
Date: Sun May 24 20:03:59 2026
PySCF version 2.11.0
PySCF path  /u/yzhang65/myprojects/software/pyscf
GIT HEAD (branch master) f520f5381c0b41f716d847009817cbc64e52c0d5

[ENV] PYSCF_TMPDIR /projects/bdka/yzhang65/scratch/pyscf
[ENV] PYSCF_EXT_PATH /u/yzhang65/myprojects/software/pyscf-forge
[CONFIG] conf_file None
[INPUT] verbose = 4
[INPUT] num. atoms = 7
[INPUT] num. electrons = 22
[INPUT] charge = 0
[INPUT] spin (= nelec alpha-beta = 2S) = 0
[INPUT] symmetry False subgroup None
[INPUT] Mole.unit = angstrom
[INPUT] Symbol           X                Y                Z      unit          X                Y                Z       unit  Magmom
[INPUT]  1 H     -0.000008000000   2.489332000000   0.000000000000 AA   -0.000015117809   4.704155713116   0.000000000000 Bohr   0.0
[INPUT]  2 H     -1.020250000000  -1.628447000000   0.000000000000 AA   -1.927993078588  -3.077318838370   0.000000000000 Bohr   0.0
[INPUT]  3 H      0.510119000000  -1.628426000000   0.883542000000 AA    0.963985200937  -3.077279154121   1.669652399550 Bohr   0.0
[INPUT]  4 H      0.510119000000  -1.628426000000  -0.883542000000 AA    0.963985200937  -3.077279154121  -1.669652399550 Bohr   0.0
[INPUT]  5 C     -0.000004000000   1.426421000000   0.000000000000 AA   -0.000007558904   2.695545028328   0.000000000000 Bohr   0.0
[INPUT]  6 C      0.000000000000   0.218281000000   0.000000000000 AA    0.000000000000   0.412491308196   0.000000000000 Bohr   0.0
[INPUT]  7 C      0.000008000000  -1.245375000000   0.000000000000 AA    0.000015117809  -2.353417672380   0.000000000000 Bohr   0.0

nuclear repulsion = 58.634803929503
number of shells = 47
number of NR pGTOs = 170
number of NR cGTOs = 126
basis = {'C': [[0, [8236.0, 0.000531, -0.000113], [1235.0, 0.004108, -0.000878], [280.8, 0.021087, -0.00454], [79.27, 0.081853, -0.018133], [25.59, 0.234817, -0.05576], [8.997, 0.434401, -0.126895], [3.319, 0.346129, -0.170352], [0.3643, -0.008983, 0.598684]], [0, [0.9059, 1.0]], [0, [0.1285, 1.0]], [1, [18.71, 0.014031], [4.133, 0.086866], [1.2, 0.290216]], [1, [0.3827, 1.0]], [1, [0.1209, 1.0]], [2, [1.097, 1.0]], [2, [0.318, 1.0]], [3, [0.761, 1.0]]], 'H': [[0, [33.87, 0.006068], [5.095, 0.045308], [1.159, 0.202822]], [0, [0.3258, 1.0]], [0, [0.1027, 1.0]], [1, [1.407, 1.0]], [1, [0.388, 1.0]]]}
ecp = {}
CPU time:     16352.61




******** <class 'pyscf.soscf.newton_ah.SecondOrderUHF'> ********
method = SecondOrderUHF
initial guess = minao
damping factor = 0
level_shift factor = 0
DIIS = <class 'pyscf.scf.diis.CDIIS'>
diis_start_cycle = 1
diis_space = 8
diis_damp = 0
SCF conv_tol = 1e-09
SCF conv_tol_grad = None
SCF max_cycles = 200
direct_scf = True
direct_scf_tol = 1e-13
chkfile to save SCF result = /projects/bdka/yzhang65/scratch/pyscf/tmpt3f10v3w
max_memory 40000 MB (current use 4168 MB)
number electrons alpha = 11  beta = 11
******** <class 'pyscf.scf.uhf.UHF'> Newton solver flags ********
SCF tol = 1e-09
conv_tol_grad = None
max. SCF cycles = 200
direct_scf = True
direct_scf_tol = 1e-13
chkfile to save SCF result = /projects/bdka/yzhang65/scratch/pyscf/tmpt3f10v3w
max_cycle_inner = 12
max_stepsize = 0.05
ah_start_tol = 1e+09
ah_level_shift = 0
ah_conv_tol = 1e-12
ah_lindep = 1e-14
ah_start_cycle = 1
ah_max_cycle = 40
ah_grad_trust_region = 2.5
kf_interval = 4
kf_trust_region = 5
canonicalization = True
max_memory 40000 MB (current use 4168 MB)
Set conv_tol_grad to 3.16228e-05
  alpha nocc = 11  HOMO = -0.0999845961159572  LUMO = 0.179276155186511
  beta  nocc = 11  HOMO = -0.13508192131798  LUMO = 0.178134368898215
Initial guess E= -115.847463779068  |g|= 0.284197
macro= 0  E= -115.907307317748  delta_E= -0.0598435  |g|= 0.00215812  4 KF 15 JK
macro= 1  E= -115.907308063715  delta_E= -7.45967e-07  |g|= 8.51642e-05  2 KF 11 JK
macro= 2  E= -115.907308063715  delta_E= 3.41061e-13  |g|= 7.78341e-06  1 KF 2 JK
Canonicalize SCF orbitals
macro X = 3  E=-115.907308063715  |g|= 7.78341e-06  total 8 KF 32 JK
converged SCF energy = -115.907308063715  <S^2> = 1.10008e-10  2S+1 = 1
uhf_internal: lowest eigs of H = [0.0554007  0.19246334 0.19247209]
<class 'pyscf.soscf.newton_ah.SecondOrderUHF'> wavefunction is stable in the internal stability analysis

******** <class 'pyscf.cc.uccsd.UCCSD'> ********
CC2 = 0
CCSD nocc = (np.int64(8), np.int64(8)), nmo = (123, 123)
frozen orbitals 3
max_cycle = 50
direct = 0
conv_tol = 1e-07
conv_tol_normt = 1e-06
diis_space = 6
diis_start_cycle = 0
diis_start_energy_diff = 1e+09
max_memory 40000 MB (current use 3590 MB)
Init t2, MP2 energy = -0.476660064501836
Init E_corr(UCCSD) = -0.476660064524423
cycle = 1  E_corr(UCCSD) = -0.482371999666044  dE = -0.00571193514  norm(t1,t2) = 0.0839026
cycle = 2  E_corr(UCCSD) = -0.496527854719691  dE = -0.0141558551  norm(t1,t2) = 0.0255145
cycle = 3  E_corr(UCCSD) = -0.497247670775493  dE = -0.000719816056  norm(t1,t2) = 0.0114972
cycle = 4  E_corr(UCCSD) = -0.499279833971311  dE = -0.0020321632  norm(t1,t2) = 0.00527692
cycle = 5  E_corr(UCCSD) = -0.499223287180407  dE = 5.65467909e-05  norm(t1,t2) = 0.00123233
cycle = 6  E_corr(UCCSD) = -0.499166714709553  dE = 5.65724709e-05  norm(t1,t2) = 0.000356843
cycle = 7  E_corr(UCCSD) = -0.499178265513842  dE = -1.15508043e-05  norm(t1,t2) = 8.61205e-05
cycle = 8  E_corr(UCCSD) = -0.499180196377198  dE = -1.93086336e-06  norm(t1,t2) = 1.8853e-05
cycle = 9  E_corr(UCCSD) = -0.499179891262475  dE = 3.05114723e-07  norm(t1,t2) = 6.03658e-06
cycle = 10  E_corr(UCCSD) = -0.499179865122946  dE = 2.61395293e-08  norm(t1,t2) = 1.91988e-06
cycle = 11  E_corr(UCCSD) = -0.49917984876253  dE = 1.6360416e-08  norm(t1,t2) = 4.87006e-07
UCCSD converged
E(UCCSD) = -116.4064879124771  E_corr = -0.4991798487625299
