
    ________                     _____                    
    ___  __ \___  __________________(_)_____________ _    
    __  /_/ /  / / /_  __ \_  __ \_  /__  __ \_  __ `/    
    _  _, _// /_/ /_  / / /  / / /  / _  / / /  /_/ /     
    /_/ |_| \__,_/ /_/ /_//_/ /_//_/  /_/ /_/_\__, /      
                                             /____/       
    _____________________________  ___________            
    ___    |__  ____/_  __ \__   |/  /_  ____/            
    __  /| |_  /_   _  / / /_  /|_/ /_  /                 
    _  ___ |  __/   / /_/ /_  /  / / / /___               
    /_/  |_/_/      \___\_\/_/  /_/  \____/               

Hostname:     gpua021.delta.ncsa.illinois.edu
System:       Linux
Node:         gpua021.delta.ncsa.illinois.edu
Release:      5.14.0-427.91.1.el9_4.x86_64
Machine:      x86_64
Processor:    x86_64
JAX backend:  GPU
JAX devices:  [CudaDevice(id=0)]
Device kind:  NVIDIA A100-SXM4-40GB
Platform:     gpu

Load system from Integral File
Maximum memory per walker:            66.67 MB
Maximum number of Cholesky per chunk: 109
Number of Cholesky chunks:            8
Number of Cholesky per chunk:         102
Number of padding Cholesky:           1

QMC System
Number of electrons: (9, 9)
Spin Multiplicity:   0
Number of orbitals:  141
Number of Chol:      815

QMC Parameters
eql_time            :                   50
n_blocks            :                 1000
n_walkers           :                  300
max_error           :                  0.0
seed                :                   17
walker_type         :                  uhf
trial               :             upt2ccsd
mix_precision       :                 True
max_memory          :                20000
dt                  :                0.005
n_exp_terms         :                    6
n_prop_steps        :                   50
save_walkers        :                False
free_projection     :                False
n_batch             :                    1
nchol_chunk         :                  102

Initalize QMC walkers by stochastic CCSD

Equilibration
inv_T        weight  killW        energy   runTime
 0.00    300.000000      0   -117.650343     58.24
 5.00    298.625593      0   -117.672427     74.27
10.00    298.711746      0   -117.693606     82.86
15.00    298.093308      0   -117.653508     91.42
20.00    299.207643      0   -117.694929     99.97
25.00    298.697351      0   -117.661690    108.53
30.00    298.381704      0   -117.671153    117.08
35.00    299.010995      0   -117.695134    125.64
40.00    299.181094      0   -117.696839    134.20
45.00    299.092715      0   -117.663359    142.77
50.00    298.617268      0   -117.681404    151.33

Sampling
blocks        weight  killW       E_Guide     error       E_Trial     error     olp_T/G     error  Walltime
    20    298.513031      0   -117.669253  0.003817   -117.676301  0.000939    1.001859  0.000094  240.77
    40    298.707744      1   -117.676747  0.006127   -117.676515  0.000825    1.001963  0.000133  324.33
    60    298.668274      2   -117.678347  0.004113   -117.676909  0.000782    1.001934  0.000107  408.02
    80    298.674128      2   -117.681294  0.004056   -117.677061  0.000727    1.001883  0.000093  491.70
   100    298.620302      2   -117.679933  0.003039   -117.676566  0.000660    1.001916  0.000082  575.38
   120    298.617974      2   -117.679149  0.002664   -117.676067  0.000568    1.002015  0.000097  659.07
   140    298.615092      2   -117.678363  0.002303   -117.675579  0.000505    1.002129  0.000114  742.77
   160    298.570802      2   -117.677393  0.002176   -117.675307  0.000457    1.002177  0.000105  826.46
   180    298.579761      2   -117.678631  0.002223   -117.675680  0.000573    1.002194  0.000096  911.46
   200    298.554152      2   -117.677635  0.002067   -117.675396  0.000524    1.002203  0.000087  995.14
   220    298.537286      2   -117.677391  0.002074   -117.675344  0.000481    1.002229  0.000081 1079.12
   240    298.508970      2   -117.677069  0.001971   -117.675357  0.000449    1.002234  0.000079 1162.82
   260    298.487157      2   -117.676224  0.001918   -117.675556  0.000452    1.002225  0.000073 1246.51
   280    298.473265      2   -117.675805  0.001814   -117.675488  0.000424    1.002234  0.000068 1330.19
   300    298.458452      2   -117.675285  0.001744   -117.675377  0.000399    1.002238  0.000065 1413.88
   320    298.460295      2   -117.675146  0.001647   -117.675317  0.000381    1.002237  0.000061 1497.57
   340    298.456590      2   -117.674977  0.001636   -117.675238  0.000361    1.002240  0.000057 1581.25
   360    298.448404      2   -117.675001  0.001521   -117.675208  0.000346    1.002270  0.000058 1664.94
   380    298.446453      2   -117.674495  0.001487   -117.675201  0.000334    1.002267  0.000058 1748.63
   400    298.435481      2   -117.673933  0.001464   -117.675191  0.000320    1.002252  0.000056 1832.29
   420    298.441599      2   -117.674163  0.001405   -117.675107  0.000310    1.002238  0.000055 1915.99
   440    298.439873      2   -117.674075  0.001459   -117.675047  0.000298    1.002219  0.000055 1999.91
   460    298.439847      2   -117.674121  0.001425   -117.675021  0.000287    1.002227  0.000054 2083.30
   480    298.433424      2   -117.673914  0.001362   -117.674961  0.000277    1.002234  0.000053 2166.94
   500    298.431884      2   -117.674086  0.001319   -117.674940  0.000269    1.002249  0.000053 2250.61
   520    298.442064      2   -117.674535  0.001340   -117.674981  0.000261    1.002251  0.000051 2334.24
   540    298.440607      2   -117.674666  0.001336   -117.674949  0.000255    1.002238  0.000051 2417.90
   560    298.447404      2   -117.675256  0.001355   -117.674995  0.000248    1.002224  0.000053 2501.57
   580    298.450548      3   -117.675415  0.001319   -117.675023  0.000242    1.002219  0.000052 2585.20
   600    298.449294      3   -117.675533  0.001328   -117.675011  0.000236    1.002229  0.000050 2668.85
   620    298.448926      3   -117.675925  0.001303   -117.675056  0.000231    1.002224  0.000049 2752.52
   640    298.447236      3   -117.675945  0.001427   -117.675032  0.000225    1.002225  0.000050 2836.14
   660    298.449832      3   -117.676077  0.001399   -117.674998  0.000221    1.002240  0.000051 2919.79
   680    298.449798      3   -117.675986  0.001367   -117.674950  0.000216    1.002233  0.000050 3003.45
   700    298.451502      3   -117.676461  0.001389   -117.675221  0.000370    1.002230  0.000049 3087.08
   720    298.449082      3   -117.676628  0.001392   -117.675144  0.000362    1.002247  0.000052 3170.74
   740    298.454161      3   -117.676791  0.001386   -117.675132  0.000353    1.002259  0.000052 3254.40
   760    298.453892      3   -117.676773  0.001362   -117.675138  0.000345    1.002266  0.000051 3338.05
   780    298.453653      3   -117.676839  0.001335   -117.675153  0.000337    1.002269  0.000051 3421.72
   800    298.448138      3   -117.676609  0.001302   -117.675099  0.000330    1.002262  0.000049 3505.37
   820    298.446234      3   -117.676676  0.001276   -117.675075  0.000322    1.002246  0.000051 3589.01
   840    298.441384      3   -117.676418  0.001312   -117.675012  0.000316    1.002242  0.000051 3672.68
   860    298.437307      3   -117.676219  0.001312   -117.674989  0.000309    1.002246  0.000050 3756.33
   880    298.436915      3   -117.676408  0.001301   -117.675084  0.000313    1.002253  0.000050 3841.20
   900    298.436500      3   -117.676440  0.001287   -117.675109  0.000309    1.002266  0.000050 3929.62
   920    298.435766      3   -117.676256  0.001256   -117.675084  0.000302    1.002267  0.000051 4012.61
   940    298.437741      3   -117.676517  0.001228   -117.675119  0.000298    1.002263  0.000049 4096.27
   960    298.439025      3   -117.676731  0.001213   -117.675120  0.000292    1.002256  0.000050 4179.93
   980    298.439226      3   -117.676876  0.001198   -117.675156  0.000287    1.002247  0.000050 4263.55
  1000    298.440130      3   -117.676903  0.001181   -117.675146  0.000282    1.002248  0.000049 4347.20

Post Propagation Process
Total number of samples 1000
Raw AFQMC/HF (Guide) energy:           -117.676903 ± 0.001181
Raw Trial/Guide overlap ratio:          1.002248 ± 0.000049
Raw AFQMC/pt2CCSD energy (covariance): -117.675146 ± 0.000282
Raw AFQMC/pt2CCSD energy (dir sample): -117.675146 ± 0.000199

Remove Outliers
removing energies outside zeta > 30
Outlier energy bound [-117.774773, -117.573610]
Removed 1 outliers with energies [-117.79412606]
Clean AFQMC/pt2CCSD overlap ratio:        1.002249 ± 0.000049
Clean AFQMC/pt2CCSD energy (covariance): -117.674966 ± 0.000186
Clean AFQMC/ptCCSD energy (dir sample):  -117.674966 ± 0.000159

Blocking Analysis
nsample = 999, max_block_size = 24, min_nblocks = 40
   B    NB    NS  Observable     Error    dError
   1   999   999    1.002249  0.000017  0.000000
   2   499   998    1.002249  0.000023  0.000001
   3   333   999    1.002249  0.000026  0.000001
   4   249   996    1.002249  0.000030  0.000001
   5   199   995    1.002249  0.000031  0.000002
   6   166   996    1.002249  0.000034  0.000002
   7   142   994    1.002249  0.000035  0.000002
   8   124   992    1.002250  0.000037  0.000002
   9   111   999    1.002249  0.000038  0.000003
  10    99   990    1.002250  0.000038  0.000003
  11    90   990    1.002250  0.000041  0.000003
  12    83   996    1.002249  0.000042  0.000003
  13    76   988    1.002249  0.000041  0.000003
  14    71   994    1.002249  0.000042  0.000004
  15    66   990    1.002250  0.000043  0.000004
  16    62   992    1.002250  0.000043  0.000004
  17    58   986    1.002247  0.000044  0.000004
  18    55   990    1.002250  0.000047  0.000004
  19    52   988    1.002249  0.000045  0.000004
  20    49   980    1.002248  0.000044  0.000005
  21    47   987    1.002248  0.000046  0.000005
  22    45   990    1.002250  0.000047  0.000005
  23    43   989    1.002250  0.000046  0.000005
  24    41   984    1.002247  0.000049  0.000005
Fit (variance): plateau_var = 2.290e-09 ± 2.302e-10
Fit (error):    plateau = 0.000048 ± 0.000002
     autocorrelation length ~ 9.0 blocks
     plateau reached at block size ~ 42
     !!!Failed to reach plateau in blocking
     Return max block error
nclean = 999, max_block_size = 24, min_nblocks = 40
Blk_SZ   NBlk   NSmp      Energy     Error    dError
     1    999    999  -117.674845  0.000159  0.000004
     2    499    998  -117.674872  0.000172  0.000005
     3    333    999  -117.674887  0.000187  0.000007
     4    249    996  -117.674902  0.000183  0.000008
     5    199    995  -117.674914  0.000203  0.000010
     6    166    996  -117.674917  0.000199  0.000011
     7    142    994  -117.674925  0.000198  0.000012
     8    124    992  -117.674923  0.000207  0.000013
     9    111    999  -117.674919  0.000207  0.000014
    10     99    990  -117.674937  0.000213  0.000015
    11     90    990  -117.674941  0.000216  0.000016
    12     83    996  -117.674934  0.000223  0.000017
    13     76    988  -117.674943  0.000218  0.000018
    14     71    994  -117.674947  0.000208  0.000018
    15     66    990  -117.674950  0.000226  0.000020
    16     62    992  -117.674938  0.000222  0.000020
    17     58    986  -117.674942  0.000230  0.000022
    18     55    990  -117.674953  0.000226  0.000022
    19     52    988  -117.674954  0.000216  0.000021
    20     49    980  -117.674950  0.000231  0.000024
    21     47    987  -117.674952  0.000231  0.000024
    22     45    990  -117.674963  0.000219  0.000023
    23     43    989  -117.674958  0.000215  0.000023
    24     41    984  -117.674954  0.000234  0.000026
Fit (variance): plateau_var = 5.073712e-08 ± 3.841416e-09
Fit (error):    plateau = 0.000225 ± 0.000009
     autocorrelation length ~ 5.8 blocks
     plateau reached at block size ~ 24
Final AFQMC/pt2CCSD overlap ratio: 1.002249 ± 0.000049
Final AFQMC/pt2CCSD energy: -117.674966 ± 0.000225
Total run time: 4378.20

AFQMC Sampling Finished

