
    ________                     _____                    
    ___  __ \___  __________________(_)_____________ _    
    __  /_/ /  / / /_  __ \_  __ \_  /__  __ \_  __ `/    
    _  _, _// /_/ /_  / / /  / / /  / _  / / /  /_/ /     
    /_/ |_| \__,_/ /_/ /_//_/ /_//_/  /_/ /_/_\__, /      
                                             /____/       
    _____________________________  ___________            
    ___    |__  ____/_  __ \__   |/  /_  ____/            
    __  /| |_  /_   _  / / /_  /|_/ /_  /                 
    _  ___ |  __/   / /_/ /_  /  / / / /___               
    /_/  |_/_/      \___\_\/_/  /_/  \____/               

Hostname:     gpua021.delta.ncsa.illinois.edu
System:       Linux
Node:         gpua021.delta.ncsa.illinois.edu
Release:      5.14.0-427.91.1.el9_4.x86_64
Machine:      x86_64
Processor:    x86_64
JAX backend:  GPU
JAX devices:  [CudaDevice(id=0)]
Device kind:  NVIDIA A100-SXM4-40GB
Platform:     gpu

Load system from Integral File
Maximum memory per walker:            66.67 MB
Maximum number of Cholesky per chunk: 86
Number of Cholesky chunks:            11
Number of Cholesky per chunk:         82
Number of padding Cholesky:           0

QMC System
Number of electrons: (10, 10)
Spin Multiplicity:   0
Number of orbitals:  159
Number of Chol:      902

QMC Parameters
eql_time            :                   50
n_blocks            :                 1000
n_walkers           :                  300
max_error           :                  0.0
seed                :                   17
walker_type         :                  uhf
trial               :             upt2ccsd
mix_precision       :                 True
max_memory          :                20000
dt                  :                0.005
n_exp_terms         :                    6
n_prop_steps        :                   50
save_walkers        :                False
free_projection     :                False
n_batch             :                    1
nchol_chunk         :                   82

Initalize QMC walkers by stochastic CCSD

Equilibration
inv_T        weight  killW        energy   runTime
 0.00    300.000000      0   -118.880587     17.07
 5.00    298.627532      0   -118.896540     34.01
10.00    298.107144      0   -118.914563     45.20
15.00    298.474395      0   -118.886410     56.38
20.00    298.318424      0   -118.912332     67.56
25.00    298.485750      0   -118.906572     78.75
30.00    298.618689      0   -118.917950     89.95
35.00    298.743133      0   -118.930425    101.14
40.00    298.601991      0   -118.927513    112.32
45.00    298.770778      0   -118.922028    123.50
50.00    299.459092      0   -118.915492    134.69

Sampling
blocks        weight  killW       E_Guide     error       E_Trial     error     olp_T/G     error  Walltime
    20    298.576693      0   -118.918829  0.010309   -118.906137  0.001279    1.001768  0.000144  257.28
    40    298.562943      0   -118.914555  0.006352   -118.905296  0.000741    1.001714  0.000089  374.77
    60    298.527729      0   -118.908365  0.005449   -118.904617  0.000565    1.001675  0.000059  492.40
    80    298.505199      0   -118.908548  0.004384   -118.904982  0.000490    1.001554  0.000093  609.96
   100    298.492548      0   -118.909051  0.003396   -118.904918  0.000456    1.001516  0.000079  727.59
   120    298.476337      0   -118.907365  0.003116   -118.904679  0.000405    1.001468  0.000075  845.17
   140    298.452363      0   -118.907633  0.002795   -118.904514  0.000361    1.001411  0.000074  962.80
   160    298.432113      0   -118.907053  0.002475   -118.904291  0.000332    1.001401  0.000070 1080.40
   180    298.443846      0   -118.907727  0.002333   -118.904392  0.000309    1.001404  0.000059 1198.04
   200    298.433056      0   -118.907775  0.002139   -118.904189  0.000290    1.001425  0.000055 1315.65
   220    298.437250      0   -118.908287  0.001960   -118.904512  0.000377    1.001438  0.000053 1433.29
   240    298.431197      0   -118.908874  0.001832   -118.904486  0.000353    1.001424  0.000049 1558.04
   260    298.406558      0   -118.908486  0.001750   -118.904365  0.000332    1.001420  0.000047 1677.56
   280    298.403609      0   -118.909078  0.001772   -118.904351  0.000321    1.001420  0.000042 1795.10
   300    298.391233      0   -118.908685  0.001675   -118.904302  0.000304    1.001402  0.000044 1914.84
   320    298.372745      0   -118.908120  0.001671   -118.904190  0.000290    1.001405  0.000042 2036.21
   340    298.361745      0   -118.907938  0.001583   -118.904184  0.000276    1.001385  0.000043 2153.79
   360    298.349081      0   -118.906987  0.001635   -118.904097  0.000264    1.001386  0.000040 2274.18
   380    298.359788      0   -118.907680  0.001665   -118.904163  0.000254    1.001392  0.000039 2391.72
   400    298.350744      0   -118.907682  0.001581   -118.904149  0.000244    1.001394  0.000038 2509.89
   420    298.337831      0   -118.907070  0.001568   -118.904091  0.000236    1.001393  0.000037 2629.73
   440    298.338741      0   -118.907068  0.001505   -118.904085  0.000227    1.001387  0.000037 2747.24
   460    298.333554      1   -118.906692  0.001528   -118.904014  0.000220    1.001374  0.000036 2865.30
   480    298.322951      1   -118.906573  0.001468   -118.903973  0.000213    1.001375  0.000037 2988.15
   500    298.313090      1   -118.906601  0.001410   -118.903903  0.000208    1.001380  0.000037 3108.27
   520    298.309270      1   -118.906279  0.001382   -118.903877  0.000201    1.001366  0.000036 3226.65
   540    298.308849      2   -118.906566  0.001378   -118.903881  0.000200    1.001370  0.000034 3344.21
   560    298.310384      2   -118.906783  0.001343   -118.903866  0.000224    1.001378  0.000034 3461.82
   580    298.300910      2   -118.906561  0.001325   -118.903848  0.000218    1.001372  0.000033 3579.48
   600    298.301825      3   -118.906858  0.001297   -118.903835  0.000212    1.001372  0.000033 3697.14
   620    298.300603      3   -118.906639  0.001280   -118.903797  0.000207    1.001367  0.000032 3814.78
   640    298.299252      3   -118.906782  0.001249   -118.903832  0.000202    1.001360  0.000032 3932.44
   660    298.300173      3   -118.906982  0.001226   -118.903915  0.000200    1.001361  0.000030 4050.09
   680    298.303974      3   -118.907053  0.001249   -118.903948  0.000196    1.001362  0.000030 4167.76
   700    298.307011      3   -118.907187  0.001228   -118.903988  0.000194    1.001368  0.000030 4285.44
   720    298.309932      3   -118.907338  0.001238   -118.904006  0.000189    1.001366  0.000029 4403.12
   740    298.310270      3   -118.907271  0.001208   -118.903971  0.000186    1.001362  0.000029 4520.77
   760    298.306509      3   -118.906989  0.001194   -118.903965  0.000183    1.001357  0.000029 4638.46
   780    298.301787      3   -118.906754  0.001204   -118.903933  0.000179    1.001350  0.000029 4756.10
   800    298.301589      3   -118.906847  0.001189   -118.903944  0.000176    1.001349  0.000029 4873.83
   820    298.297101      3   -118.906713  0.001174   -118.903923  0.000172    1.001355  0.000029 4991.46
   840    298.296763      3   -118.906661  0.001153   -118.903871  0.000169    1.001355  0.000028 5109.17
   860    298.291318      3   -118.906411  0.001129   -118.903842  0.000166    1.001362  0.000029 5226.83
   880    298.288152      3   -118.906369  0.001139   -118.903822  0.000163    1.001366  0.000028 5344.52
   900    298.288674      3   -118.906107  0.001118   -118.903807  0.000160    1.001372  0.000028 5462.19
   920    298.286274      3   -118.906057  0.001097   -118.903806  0.000158    1.001369  0.000027 5579.92
   940    298.287403      3   -118.905887  0.001082   -118.903786  0.000155    1.001362  0.000028 5697.55
   960    298.286542      3   -118.905955  0.001104   -118.903779  0.000153    1.001356  0.000028 5815.23
   980    298.282489      3   -118.905752  0.001104   -118.903747  0.000151    1.001341  0.000031 5932.89
  1000    298.280653      3   -118.905474  0.001108   -118.903713  0.000148    1.001340  0.000032 6050.48

Post Propagation Process
Total number of samples 1000
Raw AFQMC/HF (Guide) energy:           -118.905474 ± 0.001108
Raw Trial/Guide overlap ratio:          1.001340 ± 0.000032
Raw AFQMC/pt2CCSD energy (covariance): -118.903713 ± 0.000148
Raw AFQMC/pt2CCSD energy (dir sample): -118.903713 ± 0.000118

Remove Outliers
removing energies outside zeta > 30
Outlier energy bound [-118.986774, -118.819797]
Removed 0 outliers with energies []
Clean AFQMC/pt2CCSD overlap ratio:        1.001340 ± 0.000032
Clean AFQMC/pt2CCSD energy (covariance): -118.903713 ± 0.000148
Clean AFQMC/ptCCSD energy (dir sample):  -118.903713 ± 0.000118

Blocking Analysis
nsample = 1000, max_block_size = 25, min_nblocks = 40
   B    NB    NS  Observable     Error    dError
   1  1000  1000    1.001340  0.000012  0.000000
   2   500  1000    1.001340  0.000015  0.000000
   3   333   999    1.001340  0.000018  0.000001
   4   250  1000    1.001340  0.000020  0.000001
   5   200  1000    1.001340  0.000021  0.000001
   6   166   996    1.001341  0.000022  0.000001
   7   142   994    1.001340  0.000022  0.000001
   8   125  1000    1.001340  0.000024  0.000001
   9   111   999    1.001340  0.000024  0.000002
  10   100  1000    1.001340  0.000025  0.000002
  11    90   990    1.001340  0.000026  0.000002
  12    83   996    1.001341  0.000026  0.000002
  13    76   988    1.001340  0.000026  0.000002
  14    71   994    1.001340  0.000027  0.000002
  15    66   990    1.001340  0.000027  0.000002
  16    62   992    1.001340  0.000027  0.000002
  17    58   986    1.001340  0.000029  0.000003
  18    55   990    1.001340  0.000029  0.000003
  19    52   988    1.001340  0.000029  0.000003
  20    50  1000    1.001340  0.000030  0.000003
  21    47   987    1.001340  0.000030  0.000003
  22    45   990    1.001340  0.000028  0.000003
  23    43   989    1.001340  0.000030  0.000003
  24    41   984    1.001339  0.000032  0.000004
  25    40  1000    1.001340  0.000032  0.000004
Fit (variance): plateau_var = 9.093e-10 ± 8.621e-11
Fit (error):    plateau = 0.000030 ± 0.000001
     autocorrelation length ~ 8.6 blocks
     plateau reached at block size ~ 39
     !!!Failed to reach plateau in blocking
     Return max block error
nclean = 1000, max_block_size = 25, min_nblocks = 40
Blk_SZ   NBlk   NSmp      Energy     Error    dError
     1   1000   1000  -118.903616  0.000118  0.000003
     2    500   1000  -118.903635  0.000128  0.000004
     3    333    999  -118.903645  0.000135  0.000005
     4    250   1000  -118.903657  0.000141  0.000006
     5    200   1000  -118.903664  0.000144  0.000007
     6    166    996  -118.903668  0.000147  0.000008
     7    142    994  -118.903680  0.000147  0.000009
     8    125   1000  -118.903675  0.000156  0.000010
     9    111    999  -118.903673  0.000156  0.000011
    10    100   1000  -118.903678  0.000148  0.000010
    11     90    990  -118.903694  0.000158  0.000012
    12     83    996  -118.903685  0.000169  0.000013
    13     76    988  -118.903702  0.000157  0.000013
    14     71    994  -118.903697  0.000150  0.000013
    15     66    990  -118.903701  0.000171  0.000015
    16     62    992  -118.903699  0.000171  0.000016
    17     58    986  -118.903709  0.000188  0.000018
    18     55    990  -118.903699  0.000184  0.000018
    19     52    988  -118.903710  0.000157  0.000016
    20     50   1000  -118.903692  0.000178  0.000018
    21     47    987  -118.903711  0.000171  0.000018
    22     45    990  -118.903708  0.000187  0.000020
    23     43    989  -118.903711  0.000176  0.000019
    24     41    984  -118.903714  0.000185  0.000021
    25     40   1000  -118.903697  0.000168  0.000019
Fit (variance): plateau_var = 3.086926e-08 ± 3.330219e-09
Fit (error):    plateau = 0.000176 ± 0.000009
     autocorrelation length ~ 8.4 blocks
     plateau reached at block size ~ 35
     !!!Failed to reach plateau in blocking
     Return max block error
Final AFQMC/pt2CCSD overlap ratio: 1.001340 ± 0.000032
Final AFQMC/pt2CCSD energy: -118.903713 ± 0.000188
Total run time: 6087.32

AFQMC Sampling Finished

