#INFO: **** input file is /work/hdd/bdka/yzhang65/w4_17/w4-17_all/afqmc_input/batch9/run_afqmc.py ****
import os
import sys
import re
import gc
sys.path.insert(0, os.path.join(os.path.dirname(os.path.abspath(__file__)), '..', '..', 'script'))
# sys.path.insert(0, '/u/yzhang65/mywork/yzhang65/w4_17/w4-17_all/script')

os.environ.setdefault("XLA_PYTHON_CLIENT_ALLOCATOR", "platform")
import jax
jax.config.update("jax_enable_x64", True)

from pyscf import gto, scf, cc
from afqmc import integral, launch_afqmc
from mol_select import get_xyz_files
import truncate_basis

# ---------------------------------------------------------------------------
# Configuration
# ---------------------------------------------------------------------------
shell            = "closed"  # "closed" or "open"
symmetry         = False
select_molecules = [
     "h2", "h2co", "h2o", "h2s", "hccf", "hcl", "hclo4", "hcn", "hcno",
     "n2", "n2h4", "n2o", "n-butane", "n-pentane", "s2o", "s3", "s4-c2v",
     "sf6", "si2h6", "sif4", "sih3f", "sih4", "silole", "sio", "so2", "so3",
     "t-butadiene", "tetrahedrane", "t-hcoh", "thiophene", "t-hono", "t-n2h2",
     "trans-c2f2cl2", "propyne", "pyrrole",
     ]
index            = None          # e.g. "1-10", "5", "1,3,5-8", or None for all
basis            = "vtzfp"

xyz_dir      = f"../../w4_17_xyz/{shell}_shell"
results_file = f"./rest_{shell}_afqmc_{basis}.dat"
out_dir      = f"../../result/molout/{shell}_shell/tz"
os.makedirs(out_dir, exist_ok=True)

xyz_files = get_xyz_files(xyz_dir, select_molecules=select_molecules, index=index)

# ---------------------------------------------------------------------------
# Write results header
# ---------------------------------------------------------------------------
with open(results_file, "w") as out:
    out.write(f"{'Molecule':<16s} {'E_HF (Eh)':>20s} {'E_CCSD (Eh)':>20s} "
              f"{'E_AFQMC (Eh)':>15s} {'E_AFQMC ERR (Eh)':>15s}\n")

# ---------------------------------------------------------------------------
# Helper
# ---------------------------------------------------------------------------
_afqmc_energy_re = re.compile(
    r"Final AFQMC/pt2CCSD energy:\s*([-+]?\d*\.?\d+(?:[eE][-+]?\d+)?)"
    r"\s*(?:±|\+/-)\s*([-+]?\d*\.?\d+(?:[eE][-+]?\d+)?)"
)

def extract_afqmc_energy(filename):
    try:
        with open(filename, encoding="utf-8") as f:
            for line in f:
                m = _afqmc_energy_re.search(line)
                if m:
                    return float(m.group(1)), float(m.group(2))
    except (OSError, IOError):
        pass
    return 0, 0

def free_memory():
    """Release GPU + CPU memory held over from the previous molecule.

    JAX keeps every live device array and the JIT compilation cache around
    between iterations, so without this the GPU usage grows molecule to
    molecule. We drop the compilation cache, force-delete every live device
    buffer (the next molecule rebuilds everything from scratch), and run the
    Python garbage collector to release the large pyscf CPU arrays.
    """
    jax.clear_caches()
    for arr in jax.live_arrays():
        try:
            arr.delete()
        except Exception:
            pass
    gc.collect()

# ---------------------------------------------------------------------------
# Main loop
# ---------------------------------------------------------------------------
def run_molecule(xyz_path):

    qmc_walker       = "uhf" # Default. Fall to rhf if the mf is RHF
    qmc_trial        = "upt2ccsd"

    with open(xyz_path) as f:
        lines = f.readlines()

    second_line = lines[1]
    charge   = int(second_line.split("charge=")[1].split()[0])
    spin     = int(second_line.split("mult=")[1].split()[0]) - 1
    mol_name = second_line.split()[0]
    atoms    = "".join(lines[2:])

    print(f"\n{'='*60}\nRunning: {mol_name}  charge={charge}  spin={spin}\n{'='*60}")

    mol = gto.M(
        atom=atoms,
        basis=truncate_basis.get_basis(atoms, basis),
        verbose=4,
        output=os.path.join(out_dir, f"{mol_name}_{basis}.out"),
        unit="angstrom",
        symmetry=symmetry,
        charge=charge,
        spin=spin,
        max_memory=140000,
    )

    mf = scf.UHF(mol)
    mf.max_cycle = 200
    mf = mf.newton()
    mf.kernel()

    if mol_name == "h":
        with open(results_file, "a") as out:
            out.write(f"{mol_name:<16s} {mf.e_tot:>20.10f} {mf.e_tot:>20.10f} "
                      f"{mf.e_tot:>15.5f} {0.0:>15.5f}\n")
        return

    stable = False
    for _ in range(10):
        mo_i, _, stable, _ = mf.stability(return_status=True)
        if stable:
            break
        dm = mf.make_rdm1(mo_i, mf.mo_occ)
        mf.kernel(dm0=dm)

    ss, s = mf.spin_square()
    tol = 1e-6
    if abs(ss) < tol and abs(s - 1.0) < tol:
        print("Not a UHF solution. Convert to RHF")
        
        qmc_walker = "rhf"
        qmc_trial = "pt2ccsd"

        mf = mf.to_rhf()
        mf.kernel()
        stable = False
        for _ in range(10):
            mo_i, _, stable, _ = mf.stability(return_status=True)
            if stable:
                break
            dm = mf.make_rdm1(mo_i, mf.mo_occ)
            mf.kernel(dm0=dm)

    if not stable or not mf.converged:
        print(f"  !! SCF did not converge for {mol_name} — skipping.")
        with open(results_file, "a") as out:
            out.write(f"{mol_name:<16s} {'UNCONVERGED':>20s} {'UNCONVERGED':>20s} {'UNCONVERGED':>20s}\n")
        return

    mycc = cc.CCSD(mf)
    mycc.set_frozen()
    mycc.kernel()

    integral.prep_integral(mycc, chol_cut=1e-5)
    options = {
        'eql_time':      50,
        'n_blocks':      1000,
        'n_walkers':     300,
        'max_error':     0.0,
        'seed':          17,
        'walker_type':   qmc_walker,
        'trial':         qmc_trial,
        'mix_precision': True,
        'max_memory':    25000, #MB
    }
    launch_afqmc.ph_afqmc(options)

    afqmc_out = os.path.join(out_dir, f"{mol_name}_afqmc_{basis}.out")
    os.system(f"mv afqmc.out {afqmc_out}")
    eqmc, eqmc_err = extract_afqmc_energy(afqmc_out)

    with open(results_file, "a") as out:
        out.write(f"{mol_name:<16s} {mf.e_tot:>20.10f} {mycc.e_tot:>20.10f} "
                  f"{eqmc:>15.5f} {eqmc_err:>15.5f}\n")

    print(f"  => E_HF({mol_name})      = {mf.e_tot:.10f} Eh")
    print(f"  => E_CCSD({mol_name})    = {mycc.e_tot:.10f} Eh")
    print(f"  => E_AFQMC({mol_name})   = {eqmc:.5f} +/- {eqmc_err:.5f} Eh")


for xyz_path in xyz_files:
    try:
        run_molecule(xyz_path)
    except Exception as exc:
        # Don't let one molecule kill the whole batch job.
        print(f"  !! {xyz_path} failed: {exc}")
    finally:
        # Free GPU + CPU memory before starting the next molecule. The pyscf
        # objects created inside run_molecule() are already out of scope here,
        # so gc.collect() can reclaim them.
        free_memory()

print(f"\nAll calculations complete. Results saved to {results_file}")
#INFO: ******************** input file end ********************


System: uname_result(system='Linux', node='gpue04.delta.ncsa.illinois.edu', release='5.14.0-427.91.1.el9_4.x86_64', version='#1 SMP PREEMPT_DYNAMIC Wed Sep 17 10:08:59 EDT 2025', machine='x86_64')  Threads 12
Python 3.11.14 (main, Oct 21 2025, 18:31:21) [GCC 11.2.0]
numpy 2.3.5  scipy 1.16.3  h5py 3.15.1
Date: Fri May 29 23:39:35 2026
PySCF version 2.11.0
PySCF path  /u/yzhang65/myprojects/software/pyscf
GIT HEAD (branch master) f520f5381c0b41f716d847009817cbc64e52c0d5

[ENV] PYSCF_TMPDIR /projects/bdka/yzhang65/scratch/pyscf
[ENV] PYSCF_EXT_PATH /u/yzhang65/myprojects/software/pyscf-forge
[CONFIG] conf_file None
[INPUT] verbose = 4
[INPUT] num. atoms = 3
[INPUT] num. electrons = 40
[INPUT] charge = 0
[INPUT] spin (= nelec alpha-beta = 2S) = 0
[INPUT] symmetry False subgroup None
[INPUT] Mole.unit = angstrom
[INPUT] Symbol           X                Y                Z      unit          X                Y                Z       unit  Magmom
[INPUT]  1 S     -0.726771000000  -1.075032000000   0.000000000000 AA   -1.373398145276  -2.031516055143   0.000000000000 Bohr   0.0
[INPUT]  2 S      0.000000000000   0.671244000000   0.000000000000 AA    0.000000000000   1.268467322758   0.000000000000 Bohr   0.0
[INPUT]  3 O      1.453541000000   0.807576000000   0.000000000000 AA    2.746794400826   1.526097464772   0.000000000000 Bohr   0.0

nuclear repulsion = 141.531103441405
number of shells = 27
number of NR pGTOs = 160
number of NR cGTOs = 98
basis = {'O': [[0, [15330.0, 0.000508, -0.000115], [2299.0, 0.003929, -0.000895], [522.4, 0.020243, -0.004636], [147.3, 0.079181, -0.018724], [47.55, 0.230687, -0.058463], [16.76, 0.433118, -0.136463], [6.207, 0.35026, -0.17574], [0.6882, -0.008154, 0.603418]], [0, [1.752, 1.0]], [0, [0.2384, 1.0]], [1, [34.46, 0.015928], [7.749, 0.09974], [2.28, 0.310492]], [1, [0.7156, 1.0]], [1, [0.214, 1.0]], [2, [2.314, 1.0]], [2, [0.645, 1.0]], [3, [1.428, 1.0]]], 'S': [[0, [374100.0, 5.4214e-05, -1.49837e-05, 4.35066e-06], [56050.0, 0.000420855, -0.000116198, 3.3714e-05], [12760.0, 0.00220698, -0.000611583, 0.000177674], [3615.0, 0.00919258, -0.0025537, 0.000741116], [1183.0, 0.0321123, -0.00908708, 0.00264591], [428.8, 0.0946683, -0.0277045, 0.00807487], [167.8, 0.22363, -0.072002, 0.0212276], [69.47, 0.374393, -0.146439, 0.0438323], [29.84, 0.329108, -0.19515, 0.0612716], [12.72, 0.0847038, 0.00819193, -0.0036151], [5.244, 0.000440851, 0.516601, -0.20451], [2.219, 0.00164827, 0.542178, -0.381871], [0.349, 0.000301306, -0.00918072, 0.714147]], [0, [0.7767, 1.0]], [0, [0.1322, 1.0]], [1, [574.4, 0.00242264, -0.000620102], [135.8, 0.0192796, -0.00493882], [43.19, 0.0885401, -0.0232647], [15.87, 0.254654, -0.0685195], [6.208, 0.433984, -0.123896], [2.483, 0.354953, -0.0969499], [0.3229, -0.00502977, 0.569394]], [1, [0.8688, 1.0]], [1, [0.1098, 1.0]], [2, [0.269, 1.0]], [2, [0.819, 1.0]], [3, [0.557, 1.0]]]}
ecp = {}
CPU time:      4366.84




******** <class 'pyscf.soscf.newton_ah.SecondOrderUHF'> ********
method = SecondOrderUHF
initial guess = minao
damping factor = 0
level_shift factor = 0
DIIS = <class 'pyscf.scf.diis.CDIIS'>
diis_start_cycle = 1
diis_space = 8
diis_damp = 0
SCF conv_tol = 1e-09
SCF conv_tol_grad = None
SCF max_cycles = 200
direct_scf = True
direct_scf_tol = 1e-13
chkfile to save SCF result = /projects/bdka/yzhang65/scratch/pyscf/tmpff_2pten
max_memory 140000 MB (current use 3844 MB)
number electrons alpha = 20  beta = 20
******** <class 'pyscf.scf.uhf.UHF'> Newton solver flags ********
SCF tol = 1e-09
conv_tol_grad = None
max. SCF cycles = 200
direct_scf = True
direct_scf_tol = 1e-13
chkfile to save SCF result = /projects/bdka/yzhang65/scratch/pyscf/tmpff_2pten
max_cycle_inner = 12
max_stepsize = 0.05
ah_start_tol = 1e+09
ah_level_shift = 0
ah_conv_tol = 1e-12
ah_lindep = 1e-14
ah_start_cycle = 1
ah_max_cycle = 40
ah_grad_trust_region = 2.5
kf_interval = 4
kf_trust_region = 5
canonicalization = True
max_memory 140000 MB (current use 3844 MB)
Set conv_tol_grad to 3.16228e-05
  alpha nocc = 20  HOMO = -0.232679520120246  LUMO = -0.0812923688516452
  beta  nocc = 20  HOMO = -0.2362443290187  LUMO = -0.0817479825033864
Initial guess E= -869.797691305782  |g|= 0.522345
macro= 0  E= -869.930675783919  delta_E= -0.132984  |g|= 0.0679133  3 KF 9 JK
macro= 1  E= -869.930853319907  delta_E= -0.000177536  |g|= 0.000106643  3 KF 17 JK
macro= 2  E= -869.930853319909  delta_E= -1.7053e-12  |g|= 6.72355e-06  1 KF 2 JK
Canonicalize SCF orbitals
macro X = 3  E=-869.930853319909  |g|= 6.72355e-06  total 8 KF 32 JK
converged SCF energy = -869.930853319909  <S^2> = 8.8036245e-11  2S+1 = 1
uhf_internal: lowest eigs of H = [-0.11642229  0.02307267  0.09985512]
<class 'pyscf.soscf.newton_ah.SecondOrderUHF'> wavefunction has an internal instability




******** <class 'pyscf.soscf.newton_ah.SecondOrderUHF'> ********
method = SecondOrderUHF
initial guess = minao
damping factor = 0
level_shift factor = 0
DIIS = <class 'pyscf.scf.diis.CDIIS'>
diis_start_cycle = 1
diis_space = 8
diis_damp = 0
SCF conv_tol = 1e-09
SCF conv_tol_grad = None
SCF max_cycles = 200
direct_scf = True
direct_scf_tol = 1e-13
chkfile to save SCF result = /projects/bdka/yzhang65/scratch/pyscf/tmpff_2pten
max_memory 140000 MB (current use 3942 MB)
number electrons alpha = 20  beta = 20
******** <class 'pyscf.scf.uhf.UHF'> Newton solver flags ********
SCF tol = 1e-09
conv_tol_grad = None
max. SCF cycles = 200
direct_scf = True
direct_scf_tol = 1e-13
chkfile to save SCF result = /projects/bdka/yzhang65/scratch/pyscf/tmpff_2pten
max_cycle_inner = 12
max_stepsize = 0.05
ah_start_tol = 1e+09
ah_level_shift = 0
ah_conv_tol = 1e-12
ah_lindep = 1e-14
ah_start_cycle = 1
ah_max_cycle = 40
ah_grad_trust_region = 2.5
kf_interval = 4
kf_trust_region = 5
canonicalization = True
max_memory 140000 MB (current use 3942 MB)
Set conv_tol_grad to 3.16228e-05
  alpha nocc = 20  HOMO = -0.414959079069062  LUMO = 0.0576129881855843
  beta  nocc = 20  HOMO = -0.407200240163445  LUMO = 0.00451801410607638
Initial guess E= -869.93355282881  |g|= 0.0710851
macro= 0  E= -869.942288630932  delta_E= -0.0087358  |g|= 0.00951654  3 KF 10 JK
macro= 1  E= -869.942342192144  delta_E= -5.35612e-05  |g|= 3.6895e-05  3 KF 14 JK
macro= 2  E= -869.942342192142  delta_E= 2.04636e-12  |g|= 6.55558e-06  1 KF 2 JK
Canonicalize SCF orbitals
macro X = 3  E=-869.942342192142  |g|= 6.55558e-06  total 8 KF 30 JK
converged SCF energy = -869.942342192142  <S^2> = 0.62448037  2S+1 = 1.8702731
uhf_internal: lowest eigs of H = [0.07742853 0.12244603 0.14878112]
<class 'pyscf.soscf.newton_ah.SecondOrderUHF'> wavefunction is stable in the internal stability analysis

******** <class 'pyscf.cc.uccsd.UCCSD'> ********
CC2 = 0
CCSD nocc = (np.int64(9), np.int64(9)), nmo = (87, 87)
frozen orbitals 11
max_cycle = 50
direct = 0
conv_tol = 1e-07
conv_tol_normt = 1e-06
diis_space = 6
diis_start_cycle = 0
diis_start_energy_diff = 1e+09
max_memory 140000 MB (current use 3942 MB)
Init t2, MP2 energy = -0.55050771728625
Init E_corr(UCCSD) = -0.550507717300476
cycle = 1  E_corr(UCCSD) = -0.553343037508354  dE = -0.00283532021  norm(t1,t2) = 0.137689
cycle = 2  E_corr(UCCSD) = -0.575157979623761  dE = -0.0218149421  norm(t1,t2) = 0.0558183
cycle = 3  E_corr(UCCSD) = -0.575445981386596  dE = -0.000288001763  norm(t1,t2) = 0.0534341
cycle = 4  E_corr(UCCSD) = -0.585951626633058  dE = -0.0105056452  norm(t1,t2) = 0.0413945
cycle = 5  E_corr(UCCSD) = -0.588827850595782  dE = -0.00287622396  norm(t1,t2) = 0.0230741
cycle = 6  E_corr(UCCSD) = -0.588941445671635  dE = -0.000113595076  norm(t1,t2) = 0.012177
cycle = 7  E_corr(UCCSD) = -0.589679497783333  dE = -0.000738052112  norm(t1,t2) = 0.0046348
cycle = 8  E_corr(UCCSD) = -0.589819803924806  dE = -0.000140306141  norm(t1,t2) = 0.00220195
cycle = 9  E_corr(UCCSD) = -0.589910254405536  dE = -9.04504807e-05  norm(t1,t2) = 0.000884944
cycle = 10  E_corr(UCCSD) = -0.589910726581039  dE = -4.72175503e-07  norm(t1,t2) = 0.000345909
cycle = 11  E_corr(UCCSD) = -0.589903262803796  dE = 7.46377724e-06  norm(t1,t2) = 0.000128559
cycle = 12  E_corr(UCCSD) = -0.589898727594318  dE = 4.53520948e-06  norm(t1,t2) = 7.11477e-05
cycle = 13  E_corr(UCCSD) = -0.589899180118064  dE = -4.52523745e-07  norm(t1,t2) = 3.14869e-05
cycle = 14  E_corr(UCCSD) = -0.589898787498888  dE = 3.92619176e-07  norm(t1,t2) = 2.13303e-05
cycle = 15  E_corr(UCCSD) = -0.589899467364775  dE = -6.79865887e-07  norm(t1,t2) = 1.19787e-05
cycle = 16  E_corr(UCCSD) = -0.589900553468054  dE = -1.08610328e-06  norm(t1,t2) = 7.12612e-06
cycle = 17  E_corr(UCCSD) = -0.589900844562548  dE = -2.91094494e-07  norm(t1,t2) = 3.97089e-06
cycle = 18  E_corr(UCCSD) = -0.589901451277539  dE = -6.06714991e-07  norm(t1,t2) = 2.26283e-06
cycle = 19  E_corr(UCCSD) = -0.589901510175152  dE = -5.88976128e-08  norm(t1,t2) = 9.56287e-07
UCCSD converged
E(UCCSD) = -870.5322437023169  E_corr = -0.5899015101751521
