
    ________                     _____                    
    ___  __ \___  __________________(_)_____________ _    
    __  /_/ /  / / /_  __ \_  __ \_  /__  __ \_  __ `/    
    _  _, _// /_/ /_  / / /  / / /  / _  / / /  /_/ /     
    /_/ |_| \__,_/ /_/ /_//_/ /_//_/  /_/ /_/_\__, /      
                                             /____/       
    _____________________________  ___________            
    ___    |__  ____/_  __ \__   |/  /_  ____/            
    __  /| |_  /_   _  / / /_  /|_/ /_  /                 
    _  ___ |  __/   / /_/ /_  /  / / / /___               
    /_/  |_/_/      \___\_\/_/  /_/  \____/               

Hostname:     gpue04.delta.ncsa.illinois.edu
System:       Linux
Node:         gpue04.delta.ncsa.illinois.edu
Release:      5.14.0-427.91.1.el9_4.x86_64
Machine:      x86_64
Processor:    x86_64
JAX backend:  GPU
JAX devices:  [CudaDevice(id=0)]
Device kind:  NVIDIA H200
Platform:     gpu

Load system from Integral File
Maximum memory per walker:            83.33 MB
Maximum number of Cholesky per chunk: 360
Number of Cholesky chunks:            2
Number of Cholesky per chunk:         282
Number of padding Cholesky:           1

QMC System
Number of electrons: (9, 9)
Spin Multiplicity:   0
Number of orbitals:  87
Number of Chol:      563

QMC Parameters
eql_time            :                   50
n_blocks            :                 1000
n_walkers           :                  300
max_error           :                  0.0
seed                :                   17
walker_type         :                  uhf
trial               :             upt2ccsd
mix_precision       :                 True
max_memory          :                25000
dt                  :                0.005
n_exp_terms         :                    6
n_prop_steps        :                   50
save_walkers        :                False
free_projection     :                False
n_batch             :                    1
nchol_chunk         :                  282

Initalize QMC walkers by stochastic CCSD

Equilibration
inv_T        weight  killW        energy   runTime
 0.00    300.000000      0   -547.931704     11.24
 5.00    299.702071      0   -547.998529     18.68
10.00    299.571514      0   -547.987063     20.49
15.00    298.980717      0   -547.994775     22.30
20.00    299.634895      0   -548.001686     24.11
25.00    298.571730      0   -547.954875     25.92
30.00    299.357942      0   -547.992892     27.74
35.00    299.963432      0   -547.993904     29.56
40.00    298.928837      0   -547.936647     31.37
45.00    299.132847      0   -547.969047     33.18
50.00    300.647469      0   -548.037549     35.00

Sampling
blocks        weight  killW       E_Guide     error       E_Trial     error     olp_T/G     error  Walltime
    20    299.382534      0   -547.998539  0.006606   -547.975507  0.003385    1.021955  0.000611   51.35
    40    299.204583      0   -547.986647  0.009277   -547.973872  0.002019    1.020808  0.000808   62.57
    60    299.122953      0   -547.982729  0.006596   -547.972252  0.001498    1.020663  0.000558   73.88
    80    299.088496      0   -547.984339  0.004996   -547.972431  0.001286    1.020358  0.000498   85.18
   100    299.042183      0   -547.983843  0.004227   -547.972549  0.001133    1.020072  0.000451   96.49
   120    298.981727      0   -547.984877  0.003930   -547.972789  0.001071    1.019854  0.000405  107.79
   140    298.933789      0   -547.983642  0.003513   -547.972442  0.000976    1.019994  0.000381  119.10
   160    298.920376      0   -547.984827  0.003428   -547.972798  0.000977    1.020168  0.000353  130.40
   180    298.890176      0   -547.985675  0.003154   -547.972682  0.000901    1.020441  0.000365  141.71
   200    298.840178      1   -547.984407  0.003015   -547.972493  0.000931    1.020515  0.000332  153.02
   220    298.818905      1   -547.984993  0.002827   -547.972550  0.000875    1.020449  0.000305  164.34
   240    298.816491      1   -547.985590  0.002738   -547.972408  0.000842    1.020322  0.000292  175.63
   260    298.792701      2   -547.985347  0.002547   -547.972160  0.000798    1.020404  0.000278  186.94
   280    298.763916      2   -547.984510  0.002474   -547.971976  0.000752    1.020327  0.000266  198.25
   300    298.753243      2   -547.984772  0.002453   -547.972012  0.000715    1.020173  0.000274  209.54
   320    298.745292      2   -547.985060  0.002406   -547.972070  0.000719    1.020318  0.000275  220.85
   340    298.727090      2   -547.984823  0.002315   -547.972160  0.000706    1.020509  0.000302  232.15
   360    298.703097      2   -547.984081  0.002224   -547.972091  0.000677    1.020440  0.000289  243.45
   380    298.678751      2   -547.983646  0.002148   -547.972117  0.000650    1.020326  0.000285  254.76
   400    298.666903      2   -547.983832  0.002058   -547.972254  0.000626    1.020239  0.000279  266.06
   420    298.657995      2   -547.984260  0.002015   -547.972247  0.000610    1.020177  0.000269  277.37
   440    298.648434      2   -547.983847  0.001968   -547.972148  0.000590    1.020182  0.000259  288.68
   460    298.637203      2   -547.983964  0.001913   -547.972174  0.000581    1.020140  0.000254  299.98
   480    298.644266      3   -547.983964  0.001926   -547.971725  0.000671    1.020064  0.000271  311.28
   500    298.637570      3   -547.983725  0.001852   -547.971774  0.000653    1.020048  0.000264  322.59
   520    298.629110      3   -547.983565  0.001809   -547.971575  0.000639    1.020086  0.000256  333.90
   540    298.622363      4   -547.983226  0.001835   -547.971613  0.000627    1.020100  0.000252  345.20
   560    298.615049      4   -547.982700  0.001827   -547.971581  0.000618    1.020110  0.000250  356.50
   580    298.612257      4   -547.982506  0.001793   -547.971377  0.000604    1.020233  0.000257  367.80
   600    298.612965      5   -547.982201  0.001752   -547.971300  0.000588    1.020263  0.000268  379.11
   620    298.605302      5   -547.981717  0.001722   -547.971278  0.000572    1.020298  0.000263  390.41
   640    298.605884      7   -547.981554  0.001667   -547.971239  0.000557    1.020293  0.000259  401.72
   660    298.604804      7   -547.981741  0.001630   -547.971254  0.000547    1.020275  0.000253  413.02
   680    298.599634      7   -547.981414  0.001610   -547.971277  0.000535    1.020305  0.000247  424.32
   700    298.593050      7   -547.980725  0.001611   -547.971228  0.000523    1.020299  0.000241  435.63
   720    298.591335      7   -547.980547  0.001608   -547.971228  0.000514    1.020259  0.000232  446.93
   740    298.597315      7   -547.981427  0.001744   -547.971584  0.000539    1.020184  0.000234  458.23
   760    298.590956      7   -547.981285  0.001702   -547.971484  0.000528    1.020207  0.000230  469.54
   780    298.581931      7   -547.981092  0.001685   -547.971450  0.000516    1.020161  0.000225  480.85
   800    298.581539      7   -547.981005  0.001658   -547.971365  0.000517    1.020121  0.000236  492.15
   820    298.579523      7   -547.980848  0.001641   -547.971191  0.000508    1.020140  0.000231  503.45
   840    298.577859      7   -547.980884  0.001656   -547.971174  0.000498    1.020150  0.000226  514.76
   860    298.581869      7   -547.981111  0.001634   -547.971277  0.000490    1.020143  0.000224  526.06
   880    298.581919      7   -547.981458  0.001706   -547.971245  0.000502    1.020134  0.000222  537.37
   900    298.585360      7   -547.981553  0.001706   -547.971296  0.000494    1.020167  0.000222  548.68
   920    298.588196      8   -547.981844  0.001667   -547.971349  0.000493    1.020126  0.000219  559.98
   940    298.587108      9   -547.981670  0.001643   -547.971320  0.000484    1.020112  0.000218  571.29
   960    298.586931      9   -547.981720  0.001667   -547.971373  0.000479    1.020142  0.000216  582.59
   980    298.584853     10   -547.981677  0.001667   -547.971420  0.000475    1.020198  0.000216  594.03
  1000    298.584642     10   -547.981657  0.001626   -547.971339  0.000470    1.020209  0.000218  607.66

Post Propagation Process
Total number of samples 1000
Raw AFQMC/HF (Guide) energy:           -547.981657 ± 0.001626
Raw Trial/Guide overlap ratio:          1.020209 ± 0.000218
Raw AFQMC/pt2CCSD energy (covariance): -547.971339 ± 0.000470
Raw AFQMC/pt2CCSD energy (dir sample): -547.971339 ± 0.000382

Remove Outliers
removing energies outside zeta > 30
Outlier energy bound [-548.196870, -547.741557]
Removed 0 outliers with energies []
Clean AFQMC/pt2CCSD overlap ratio:        1.020209 ± 0.000218
Clean AFQMC/pt2CCSD energy (covariance): -547.971339 ± 0.000470
Clean AFQMC/ptCCSD energy (dir sample):  -547.971339 ± 0.000382

Blocking Analysis
nsample = 1000, max_block_size = 25, min_nblocks = 40
   B    NB    NS  Observable     Error    dError
   1  1000  1000    1.020210  0.000078  0.000002
   2   500  1000    1.020210  0.000103  0.000003
   3   333   999    1.020207  0.000120  0.000005
   4   250  1000    1.020209  0.000133  0.000006
   5   200  1000    1.020209  0.000143  0.000007
   6   166   996    1.020210  0.000156  0.000009
   7   142   994    1.020216  0.000159  0.000009
   8   125  1000    1.020209  0.000165  0.000010
   9   111   999    1.020207  0.000169  0.000011
  10   100  1000    1.020209  0.000175  0.000012
  11    90   990    1.020214  0.000185  0.000014
  12    83   996    1.020209  0.000191  0.000015
  13    76   988    1.020208  0.000184  0.000015
  14    71   994    1.020216  0.000188  0.000016
  15    66   990    1.020214  0.000196  0.000017
  16    62   992    1.020216  0.000193  0.000017
  17    58   986    1.020203  0.000199  0.000019
  18    55   990    1.020214  0.000206  0.000020
  19    52   988    1.020208  0.000195  0.000019
  20    50  1000    1.020209  0.000206  0.000021
  21    47   987    1.020206  0.000208  0.000022
  22    45   990    1.020214  0.000216  0.000023
  23    43   989    1.020211  0.000206  0.000022
  24    41   984    1.020200  0.000218  0.000024
  25    40  1000    1.020209  0.000213  0.000024
Fit (variance): plateau_var = 4.616e-08 ± 4.353e-09
Fit (error):    plateau = 0.000215 ± 0.000010
     autocorrelation length ~ 8.8 blocks
     plateau reached at block size ~ 41
     !!!Failed to reach plateau in blocking
     Return max block error
nclean = 1000, max_block_size = 25, min_nblocks = 40
Blk_SZ   NBlk   NSmp      Energy     Error    dError
     1   1000   1000  -547.971028  0.000383  0.000009
     2    500   1000  -547.971089  0.000434  0.000014
     3    333    999  -547.971145  0.000452  0.000018
     4    250   1000  -547.971159  0.000453  0.000020
     5    200   1000  -547.971176  0.000457  0.000023
     6    166    996  -547.971222  0.000481  0.000026
     7    142    994  -547.971266  0.000440  0.000026
     8    125   1000  -547.971210  0.000469  0.000030
     9    111    999  -547.971253  0.000487  0.000033
    10    100   1000  -547.971243  0.000494  0.000035
    11     90    990  -547.971291  0.000435  0.000033
    12     83    996  -547.971289  0.000506  0.000039
    13     76    988  -547.971328  0.000500  0.000041
    14     71    994  -547.971340  0.000466  0.000039
    15     66    990  -547.971321  0.000438  0.000038
    16     62    992  -547.971316  0.000447  0.000040
    17     58    986  -547.971337  0.000501  0.000047
    18     55    990  -547.971327  0.000480  0.000046
    19     52    988  -547.971347  0.000535  0.000053
    20     50   1000  -547.971294  0.000475  0.000048
    21     47    987  -547.971342  0.000417  0.000044
    22     45    990  -547.971335  0.000459  0.000049
    23     43    989  -547.971352  0.000441  0.000048
    24     41    984  -547.971368  0.000561  0.000063
    25     40   1000  -547.971292  0.000457  0.000052
Fit (variance): plateau_var = 2.167075e-07 ± 7.656859e-09
Fit (error):    plateau = 0.000466 ± 0.000008
     autocorrelation length ~ 1.2 blocks
     plateau reached at block size ~ 6
Final AFQMC/pt2CCSD overlap ratio: 1.020209 ± 0.000218
Final AFQMC/pt2CCSD energy: -547.971339 ± 0.000466
Total run time: 647.49

AFQMC Sampling Finished

