
    ________                     _____                    
    ___  __ \___  __________________(_)_____________ _    
    __  /_/ /  / / /_  __ \_  __ \_  /__  __ \_  __ `/    
    _  _, _// /_/ /_  / / /  / / /  / _  / / /  /_/ /     
    /_/ |_| \__,_/ /_/ /_//_/ /_//_/  /_/ /_/_\__, /      
                                             /____/       
    _____________________________  ___________            
    ___    |__  ____/_  __ \__   |/  /_  ____/            
    __  /| |_  /_   _  / / /_  /|_/ /_  /                 
    _  ___ |  __/   / /_/ /_  /  / / / /___               
    /_/  |_/_/      \___\_\/_/  /_/  \____/               

Hostname:     gpue04.delta.ncsa.illinois.edu
System:       Linux
Node:         gpue04.delta.ncsa.illinois.edu
Release:      5.14.0-427.91.1.el9_4.x86_64
Machine:      x86_64
Processor:    x86_64
JAX backend:  GPU
JAX devices:  [CudaDevice(id=0)]
Device kind:  NVIDIA H200
Platform:     gpu

Load system from Integral File
Maximum memory per walker:            83.33 MB
Maximum number of Cholesky per chunk: 94
Number of Cholesky chunks:            11
Number of Cholesky per chunk:         91
Number of padding Cholesky:           6

QMC System
Number of electrons: (11, 11)
Spin Multiplicity:   0
Number of orbitals:  170
Number of Chol:      995

QMC Parameters
eql_time            :                   50
n_blocks            :                 1000
n_walkers           :                  300
max_error           :                  0.0
seed                :                   17
walker_type         :                  uhf
trial               :             upt2ccsd
mix_precision       :                 True
max_memory          :                25000
dt                  :                0.005
n_exp_terms         :                    6
n_prop_steps        :                   50
save_walkers        :                False
free_projection     :                False
n_batch             :                    1
nchol_chunk         :                   91

Initalize QMC walkers by stochastic CCSD

Equilibration
inv_T        weight  killW        energy   runTime
 0.00    300.000000      0   -155.652547     67.41
 5.00    298.093053      0   -155.695985     79.74
10.00    298.589460      0   -155.651142     85.71
15.00    298.750856      0   -155.715508     91.68
20.00    299.410844      0   -155.730029     97.64
25.00    298.800046      0   -155.693084    103.61
30.00    298.212777      0   -155.658869    109.58
35.00    298.721468      0   -155.695306    115.55
40.00    299.136562      0   -155.695786    121.51
45.00    298.323422      0   -155.695793    127.48
50.00    298.499695      0   -155.667533    133.45

Sampling
blocks        weight  killW       E_Guide     error       E_Trial     error     olp_T/G     error  Walltime
    20    298.694391      1   -155.695267  0.014242   -155.690427  0.001493    1.084132  0.000815  193.87
    40    298.658396      1   -155.698728  0.009270   -155.689333  0.000854    1.083683  0.000827  248.18
    60    298.631186      2   -155.700997  0.006853   -155.689382  0.000658    1.082562  0.000948  302.50
    80    298.548898      2   -155.699308  0.005869   -155.689607  0.000647    1.082557  0.000752  356.83
   100    298.523399      2   -155.699399  0.004540   -155.689779  0.000570    1.082204  0.000653  411.17
   120    298.452498      3   -155.699861  0.003823   -155.689892  0.000555    1.081570  0.000758  465.58
   140    298.390930      3   -155.698548  0.003310   -155.689525  0.000506    1.081868  0.000683  519.94
   160    298.339687      3   -155.698672  0.002965   -155.689536  0.000487    1.082041  0.000610  574.35
   180    298.303833      5   -155.697434  0.002686   -155.689692  0.000464    1.082326  0.000577  630.96
   200    298.269837      6   -155.696417  0.002559   -155.689365  0.000452    1.082436  0.000524  685.33
   220    298.241476      6   -155.696015  0.002390   -155.689232  0.000435    1.082483  0.000478  739.73
   240    298.248704      6   -155.696298  0.002218   -155.689196  0.000409    1.082647  0.000454  794.09
   260    298.247048      7   -155.696209  0.002216   -155.689373  0.000404    1.082663  0.000433  848.43
   280    298.220329      7   -155.695488  0.002065   -155.689374  0.000389    1.082657  0.000404  902.76
   300    298.211478      7   -155.695344  0.002004   -155.689230  0.000374    1.082689  0.000391  957.11
   320    298.193411      7   -155.694891  0.001978   -155.689212  0.000368    1.082612  0.000373 1011.42
   340    298.179725      7   -155.694769  0.001885   -155.689218  0.000353    1.082451  0.000370 1065.77
   360    298.168514      7   -155.694351  0.001781   -155.689062  0.000343    1.082345  0.000355 1120.14
   380    298.164244      7   -155.693941  0.001761   -155.689122  0.000338    1.082447  0.000347 1174.45
   400    298.162194      7   -155.694590  0.001717   -155.689207  0.000330    1.082336  0.000339 1228.94
   420    298.158067      7   -155.694358  0.001688   -155.689204  0.000322    1.082320  0.000330 1283.56
   440    298.152091      7   -155.694295  0.001619   -155.689308  0.000323    1.082259  0.000337 1337.77
   460    298.138362      7   -155.693571  0.001612   -155.689160  0.000313    1.082297  0.000329 1392.13
   480    298.143178      8   -155.693995  0.001689   -155.689409  0.000329    1.082293  0.000340 1446.52
   500    298.132741      8   -155.693379  0.001750   -155.689415  0.000323    1.082223  0.000343 1500.88
   520    298.143669      8   -155.694066  0.001793   -155.689517  0.000317    1.081851  0.000446 1555.21
   540    298.137290      8   -155.694027  0.001755   -155.689438  0.000310    1.081599  0.000487 1609.55
   560    298.131324      8   -155.694144  0.001685   -155.689486  0.000304    1.081600  0.000490 1663.87
   580    298.133935      8   -155.694297  0.001660   -155.689439  0.000298    1.081660  0.000480 1718.46
   600    298.127977      8   -155.694367  0.001597   -155.689615  0.000304    1.081592  0.000474 1772.79
   620    298.130042      9   -155.694686  0.001560   -155.689658  0.000298    1.081555  0.000466 1827.33
   640    298.123309      9   -155.694448  0.001516   -155.689691  0.000304    1.081666  0.000462 1881.70
   660    298.116086      9   -155.694380  0.001483   -155.689668  0.000297    1.081811  0.000463 1936.38
   680    298.114871      9   -155.694461  0.001447   -155.689628  0.000291    1.081867  0.000469 1990.71
   700    298.116009      9   -155.694795  0.001431   -155.689688  0.000285    1.081879  0.000458 2045.06
   720    298.114634      9   -155.694595  0.001401   -155.689638  0.000280    1.081914  0.000463 2099.43
   740    298.108267      9   -155.694523  0.001380   -155.689601  0.000275    1.081966  0.000454 2153.78
   760    298.099108      9   -155.694491  0.001339   -155.689575  0.000270    1.082005  0.000445 2208.14
   780    298.097054      9   -155.694252  0.001324   -155.689531  0.000266    1.081996  0.000435 2262.49
   800    298.097872      9   -155.694185  0.001288   -155.689516  0.000261    1.081980  0.000425 2316.83
   820    298.095733      9   -155.693930  0.001273   -155.689447  0.000257    1.082057  0.000416 2371.39
   840    298.096695      9   -155.694025  0.001239   -155.689474  0.000254    1.082003  0.000444 2425.92
   860    298.090988      9   -155.693731  0.001236   -155.689434  0.000250    1.082137  0.000444 2480.29
   880    298.092352      9   -155.693809  0.001204   -155.689421  0.000245    1.082172  0.000455 2534.66
   900    298.089984      9   -155.693829  0.001185   -155.689385  0.000243    1.082214  0.000445 2589.28
   920    298.095268      9   -155.694058  0.001173   -155.689368  0.000240    1.082213  0.000437 2643.54
   940    298.093858      9   -155.693932  0.001154   -155.689347  0.000236    1.082234  0.000427 2697.88
   960    298.091009      9   -155.693788  0.001135   -155.689315  0.000234    1.082305  0.000418 2752.26
   980    298.087020     10   -155.693619  0.001126   -155.689264  0.000231    1.082380  0.000417 2806.64
  1000    298.088022     10   -155.693856  0.001109   -155.689264  0.000228    1.082363  0.000412 2861.02

Post Propagation Process
Total number of samples 1000
Raw AFQMC/HF (Guide) energy:           -155.693856 ± 0.001109
Raw Trial/Guide overlap ratio:          1.082363 ± 0.000412
Raw AFQMC/pt2CCSD energy (covariance): -155.689264 ± 0.000228
Raw AFQMC/pt2CCSD energy (dir sample): -155.689264 ± 0.000187

Remove Outliers
removing energies outside zeta > 30
Outlier energy bound [-155.831441, -155.545409]
Removed 0 outliers with energies []
Clean AFQMC/pt2CCSD overlap ratio:        1.082363 ± 0.000412
Clean AFQMC/pt2CCSD energy (covariance): -155.689264 ± 0.000228
Clean AFQMC/ptCCSD energy (dir sample):  -155.689264 ± 0.000187

Blocking Analysis
nsample = 1000, max_block_size = 25, min_nblocks = 40
   B    NB    NS  Observable     Error    dError
   1  1000  1000    1.082365  0.000124  0.000003
   2   500  1000    1.082365  0.000166  0.000005
   3   333   999    1.082364  0.000197  0.000008
   4   250  1000    1.082365  0.000222  0.000010
   5   200  1000    1.082364  0.000240  0.000012
   6   166   996    1.082362  0.000256  0.000014
   7   142   994    1.082368  0.000269  0.000016
   8   125  1000    1.082364  0.000281  0.000018
   9   111   999    1.082364  0.000294  0.000020
  10   100  1000    1.082364  0.000302  0.000021
  11    90   990    1.082378  0.000316  0.000024
  12    83   996    1.082362  0.000326  0.000025
  13    76   988    1.082382  0.000328  0.000027
  14    71   994    1.082368  0.000347  0.000029
  15    66   990    1.082378  0.000354  0.000031
  16    62   992    1.082374  0.000348  0.000032
  17    58   986    1.082382  0.000362  0.000034
  18    55   990    1.082378  0.000372  0.000036
  19    52   988    1.082382  0.000369  0.000037
  20    50  1000    1.082364  0.000369  0.000037
  21    47   987    1.082382  0.000412  0.000043
  22    45   990    1.082378  0.000395  0.000042
  23    43   989    1.082379  0.000392  0.000043
  24    41   984    1.082380  0.000411  0.000046
  25    40  1000    1.082364  0.000399  0.000045
Fit (variance): plateau_var = 1.896e-07 ± 2.889e-08
Fit (error):    plateau = 0.000435 ± 0.000033
     autocorrelation length ~ 14.6 blocks
     plateau reached at block size ~ 67
     !!!Failed to reach plateau in blocking
     Return max block error
nclean = 1000, max_block_size = 25, min_nblocks = 40
Blk_SZ   NBlk   NSmp      Energy     Error    dError
     1   1000   1000  -155.689086  0.000187  0.000004
     2    500   1000  -155.689121  0.000214  0.000007
     3    333    999  -155.689139  0.000225  0.000009
     4    250   1000  -155.689148  0.000238  0.000011
     5    200   1000  -155.689164  0.000248  0.000012
     6    166    996  -155.689183  0.000250  0.000014
     7    142    994  -155.689191  0.000257  0.000015
     8    125   1000  -155.689183  0.000258  0.000016
     9    111    999  -155.689193  0.000245  0.000017
    10    100   1000  -155.689202  0.000274  0.000019
    11     90    990  -155.689222  0.000255  0.000019
    12     83    996  -155.689215  0.000248  0.000019
    13     76    988  -155.689226  0.000258  0.000021
    14     71    994  -155.689222  0.000260  0.000022
    15     66    990  -155.689241  0.000251  0.000022
    16     62    992  -155.689242  0.000258  0.000023
    17     58    986  -155.689244  0.000261  0.000024
    18     55    990  -155.689238  0.000272  0.000026
    19     52    988  -155.689247  0.000250  0.000025
    20     50   1000  -155.689229  0.000270  0.000027
    21     47    987  -155.689231  0.000282  0.000029
    22     45    990  -155.689247  0.000274  0.000029
    23     43    989  -155.689249  0.000274  0.000030
    24     41    984  -155.689244  0.000251  0.000028
    25     40   1000  -155.689240  0.000226  0.000026
Fit (variance): plateau_var = 6.663581e-08 ± 2.915172e-09
Fit (error):    plateau = 0.000258 ± 0.000006
     autocorrelation length ~ 2.5 blocks
     plateau reached at block size ~ 11
Final AFQMC/pt2CCSD overlap ratio: 1.082363 ± 0.000412
Final AFQMC/pt2CCSD energy: -155.689264 ± 0.000258
Total run time: 2890.22

AFQMC Sampling Finished

