
    ________                     _____                    
    ___  __ \___  __________________(_)_____________ _    
    __  /_/ /  / / /_  __ \_  __ \_  /__  __ \_  __ `/    
    _  _, _// /_/ /_  / / /  / / /  / _  / / /  /_/ /     
    /_/ |_| \__,_/ /_/ /_//_/ /_//_/  /_/ /_/_\__, /      
                                             /____/       
    _____________________________  ___________            
    ___    |__  ____/_  __ \__   |/  /_  ____/            
    __  /| |_  /_   _  / / /_  /|_/ /_  /                 
    _  ___ |  __/   / /_/ /_  /  / / / /___               
    /_/  |_/_/      \___\_\/_/  /_/  \____/               

Hostname:     gpue04.delta.ncsa.illinois.edu
System:       Linux
Node:         gpue04.delta.ncsa.illinois.edu
Release:      5.14.0-427.91.1.el9_4.x86_64
Machine:      x86_64
Processor:    x86_64
JAX backend:  GPU
JAX devices:  [CudaDevice(id=0)]
Device kind:  NVIDIA H200
Platform:     gpu

Load system from Integral File
Maximum memory per walker:            83.33 MB
Maximum number of Cholesky per chunk: 472
Number of Cholesky chunks:            2
Number of Cholesky per chunk:         237
Number of padding Cholesky:           1

QMC System
Number of electrons: (6, 6)
Spin Multiplicity:   0
Number of orbitals:  76
Number of Chol:      473

QMC Parameters
eql_time            :                   50
n_blocks            :                 1000
n_walkers           :                  300
max_error           :                  0.0
seed                :                   17
walker_type         :                  uhf
trial               :             upt2ccsd
mix_precision       :                 True
max_memory          :                25000
dt                  :                0.005
n_exp_terms         :                    6
n_prop_steps        :                   50
save_walkers        :                False
free_projection     :                False
n_batch             :                    1
nchol_chunk         :                  237

Initalize QMC walkers by stochastic CCSD

Equilibration
inv_T        weight  killW        energy   runTime
 0.00    300.000000      0   -114.229766     45.47
 5.00    299.396194      0   -114.235123     52.38
10.00    300.249329      0   -114.281121     53.85
15.00    299.087019      0   -114.245747     55.31
20.00    299.460654      0   -114.275395     56.77
25.00    298.864840      0   -114.235403     58.25
30.00    299.968938      0   -114.277593     59.71
35.00    299.786264      1   -114.266807     61.17
40.00    300.342203      0   -114.262640     62.64
45.00    299.367424      0   -114.242036     64.10
50.00    298.920811      0   -114.231968     65.56

Sampling
blocks        weight  killW       E_Guide     error       E_Trial     error     olp_T/G     error  Walltime
    20    299.097948      1   -114.257892  0.012096   -114.249693  0.001911    1.072542  0.000981   77.01
    40    299.007809      2   -114.249250  0.007137   -114.249534  0.001090    1.072692  0.000916   84.15
    60    299.072936      2   -114.253433  0.006813   -114.249709  0.000916    1.072100  0.000706   91.40
    80    299.051894      3   -114.252760  0.005076   -114.249538  0.000754    1.071895  0.000555   98.65
   100    299.055238      4   -114.254876  0.004357   -114.249757  0.000653    1.071736  0.000546  105.90
   120    299.044328      4   -114.255112  0.003691   -114.250113  0.000574    1.071783  0.000585  113.15
   140    299.023282      4   -114.253807  0.003267   -114.249969  0.000528    1.072253  0.000670  120.40
   160    299.013732      5   -114.255640  0.003188   -114.250215  0.000548    1.072338  0.000600  127.65
   180    298.994466      6   -114.255736  0.002835   -114.249748  0.000576    1.072995  0.000712  134.90
   200    298.977593      7   -114.255420  0.002708   -114.249634  0.000533    1.072844  0.000664  142.14
   220    298.952108      9   -114.254997  0.002476   -114.249736  0.000494    1.072560  0.000639  149.40
   240    298.940988      9   -114.254976  0.002270   -114.249806  0.000476    1.072332  0.000636  156.65
   260    298.940525     11   -114.255562  0.002253   -114.249788  0.000455    1.072591  0.000616  163.90
   280    298.931308     12   -114.255002  0.002139   -114.249621  0.000432    1.072449  0.000587  171.15
   300    298.916236     13   -114.254251  0.002097   -114.249569  0.000412    1.072387  0.000556  178.40
   320    298.908746     13   -114.253920  0.001984   -114.249574  0.000405    1.072518  0.000554  185.65
   340    298.907044     14   -114.253953  0.001881   -114.249541  0.000395    1.072455  0.000523  192.90
   360    298.906546     16   -114.254811  0.001912   -114.249640  0.000386    1.072393  0.000496  200.15
   380    298.897598     17   -114.254555  0.001820   -114.249438  0.000403    1.072570  0.000486  207.40
   400    298.898508     17   -114.254330  0.001758   -114.249420  0.000387    1.072787  0.000486  214.65
   420    298.901926     18   -114.254278  0.001679   -114.249462  0.000388    1.072942  0.000475  221.90
   440    298.897304     19   -114.253974  0.001640   -114.249357  0.000372    1.073059  0.000461  229.14
   460    298.896863     21   -114.253940  0.001592   -114.249319  0.000358    1.073306  0.000478  236.39
   480    298.892373     21   -114.254042  0.001527   -114.249268  0.000344    1.073434  0.000471  243.65
   500    298.889720     22   -114.254162  0.001468   -114.249255  0.000334    1.073675  0.000486  250.89
   520    298.878818     22   -114.253843  0.001437   -114.249219  0.000325    1.073743  0.000492  258.14
   540    298.871224     23   -114.253822  0.001403   -114.249195  0.000314    1.073841  0.000493  265.39
   560    298.875566     24   -114.253902  0.001347   -114.249186  0.000307    1.073813  0.000484  272.64
   580    298.871834     25   -114.254261  0.001360   -114.249401  0.000313    1.073895  0.000476  279.89
   600    298.869039     25   -114.254331  0.001313   -114.249360  0.000306    1.074025  0.000475  287.14
   620    298.868077     25   -114.254140  0.001286   -114.249328  0.000299    1.074069  0.000459  294.39
   640    298.865507     25   -114.254040  0.001249   -114.249299  0.000293    1.074081  0.000471  301.64
   660    298.860227     25   -114.253801  0.001237   -114.249229  0.000287    1.074216  0.000475  308.89
   680    298.855056     25   -114.253732  0.001197   -114.249296  0.000290    1.074197  0.000463  316.14
   700    298.849192     27   -114.253751  0.001170   -114.249362  0.000287    1.074249  0.000453  323.39
   720    298.854375     27   -114.253909  0.001142   -114.249328  0.000281    1.074307  0.000463  330.64
   740    298.852602     28   -114.253774  0.001123   -114.249300  0.000274    1.074289  0.000451  337.89
   760    298.846369     28   -114.253618  0.001093   -114.249274  0.000269    1.074339  0.000441  345.14
   780    298.845653     29   -114.253524  0.001071   -114.249256  0.000263    1.074402  0.000443  352.39
   800    298.845157     30   -114.253334  0.001055   -114.249243  0.000258    1.074442  0.000433  359.64
   820    298.844908     30   -114.253275  0.001029   -114.249254  0.000252    1.074479  0.000426  366.89
   840    298.843887     31   -114.253193  0.001053   -114.249245  0.000248    1.074535  0.000418  374.14
   860    298.839454     32   -114.253017  0.001038   -114.249213  0.000244    1.074504  0.000417  381.39
   880    298.833152     33   -114.253093  0.001028   -114.249225  0.000240    1.074444  0.000409  388.64
   900    298.831693     33   -114.253101  0.001008   -114.249233  0.000236    1.074404  0.000409  395.89
   920    298.830035     34   -114.252975  0.000995   -114.249249  0.000232    1.074359  0.000401  403.14
   940    298.827528     35   -114.253025  0.000973   -114.249236  0.000229    1.074267  0.000397  410.39
   960    298.826015     37   -114.253122  0.000971   -114.249230  0.000225    1.074326  0.000416  417.64
   980    298.828432     37   -114.253023  0.000971   -114.249200  0.000222    1.074394  0.000416  424.89
  1000    298.830938     38   -114.253207  0.000954   -114.249268  0.000233    1.074421  0.000415  432.14

Post Propagation Process
Total number of samples 1000
Raw AFQMC/HF (Guide) energy:           -114.253207 ± 0.000954
Raw Trial/Guide overlap ratio:          1.074421 ± 0.000415
Raw AFQMC/pt2CCSD energy (covariance): -114.249268 ± 0.000233
Raw AFQMC/pt2CCSD energy (dir sample): -114.249268 ± 0.000182

Remove Outliers
removing energies outside zeta > 30
Outlier energy bound [-114.356139, -114.140140]
Removed 0 outliers with energies []
Clean AFQMC/pt2CCSD overlap ratio:        1.074421 ± 0.000415
Clean AFQMC/pt2CCSD energy (covariance): -114.249268 ± 0.000233
Clean AFQMC/ptCCSD energy (dir sample):  -114.249268 ± 0.000182

Blocking Analysis
nsample = 1000, max_block_size = 25, min_nblocks = 40
   B    NB    NS  Observable     Error    dError
   1  1000  1000    1.074421  0.000134  0.000003
   2   500  1000    1.074421  0.000178  0.000006
   3   333   999    1.074423  0.000210  0.000008
   4   250  1000    1.074421  0.000234  0.000010
   5   200  1000    1.074421  0.000255  0.000013
   6   166   996    1.074414  0.000272  0.000015
   7   142   994    1.074405  0.000285  0.000017
   8   125  1000    1.074421  0.000302  0.000019
   9   111   999    1.074423  0.000305  0.000021
  10   100  1000    1.074421  0.000318  0.000023
  11    90   990    1.074410  0.000334  0.000025
  12    83   996    1.074413  0.000338  0.000026
  13    76   988    1.074412  0.000344  0.000028
  14    71   994    1.074405  0.000353  0.000030
  15    66   990    1.074410  0.000351  0.000031
  16    62   992    1.074399  0.000367  0.000033
  17    58   986    1.074416  0.000367  0.000034
  18    55   990    1.074410  0.000383  0.000037
  19    52   988    1.074412  0.000382  0.000038
  20    50  1000    1.074421  0.000371  0.000037
  21    47   987    1.074414  0.000396  0.000041
  22    45   990    1.074410  0.000399  0.000043
  23    43   989    1.074410  0.000399  0.000044
  24    41   984    1.074412  0.000415  0.000046
  25    40  1000    1.074421  0.000381  0.000043
Fit (variance): plateau_var = 1.750e-07 ± 2.060e-08
Fit (error):    plateau = 0.000418 ± 0.000025
     autocorrelation length ~ 11.3 blocks
     plateau reached at block size ~ 53
     !!!Failed to reach plateau in blocking
     Return max block error
nclean = 1000, max_block_size = 25, min_nblocks = 40
Blk_SZ   NBlk   NSmp      Energy     Error    dError
     1   1000   1000  -114.249171  0.000182  0.000004
     2    500   1000  -114.249196  0.000196  0.000006
     3    333    999  -114.249203  0.000203  0.000008
     4    250   1000  -114.249217  0.000208  0.000009
     5    200   1000  -114.249221  0.000215  0.000011
     6    166    996  -114.249211  0.000205  0.000011
     7    142    994  -114.249215  0.000213  0.000013
     8    125   1000  -114.249232  0.000218  0.000014
     9    111    999  -114.249237  0.000217  0.000015
    10    100   1000  -114.249236  0.000237  0.000017
    11     90    990  -114.249170  0.000187  0.000014
    12     83    996  -114.249231  0.000218  0.000017
    13     76    988  -114.249174  0.000199  0.000016
    14     71    994  -114.249233  0.000202  0.000017
    15     66    990  -114.249179  0.000211  0.000019
    16     62    992  -114.249238  0.000235  0.000021
    17     58    986  -114.249182  0.000216  0.000020
    18     55    990  -114.249178  0.000218  0.000021
    19     52    988  -114.249185  0.000196  0.000019
    20     50   1000  -114.249253  0.000236  0.000024
    21     47    987  -114.249181  0.000203  0.000021
    22     45    990  -114.249183  0.000189  0.000020
    23     43    989  -114.249183  0.000210  0.000023
    24     41    984  -114.249183  0.000237  0.000026
    25     40   1000  -114.249255  0.000206  0.000023
Fit (variance): plateau_var = 4.421066e-08 ± 1.641301e-09
Fit (error):    plateau = 0.000210 ± 0.000004
     autocorrelation length ~ 1.5 blocks
     plateau reached at block size ~ 6
Final AFQMC/pt2CCSD overlap ratio: 1.074421 ± 0.000415
Final AFQMC/pt2CCSD energy: -114.249268 ± 0.000210
Total run time: 439.80

AFQMC Sampling Finished

