
    ________                     _____                    
    ___  __ \___  __________________(_)_____________ _    
    __  /_/ /  / / /_  __ \_  __ \_  /__  __ \_  __ `/    
    _  _, _// /_/ /_  / / /  / / /  / _  / / /  /_/ /     
    /_/ |_| \__,_/ /_/ /_//_/ /_//_/  /_/ /_/_\__, /      
                                             /____/       
    _____________________________  ___________            
    ___    |__  ____/_  __ \__   |/  /_  ____/            
    __  /| |_  /_   _  / / /_  /|_/ /_  /                 
    _  ___ |  __/   / /_/ /_  /  / / / /___               
    /_/  |_/_/      \___\_\/_/  /_/  \____/               

Hostname:     gpue04.delta.ncsa.illinois.edu
System:       Linux
Node:         gpue04.delta.ncsa.illinois.edu
Release:      5.14.0-427.91.1.el9_4.x86_64
Machine:      x86_64
Processor:    x86_64
JAX backend:  GPU
JAX devices:  [CudaDevice(id=0)]
Device kind:  NVIDIA H200
Platform:     gpu

Load system from Integral File
Maximum memory per walker:            83.33 MB
Maximum number of Cholesky per chunk: 296
Number of Cholesky chunks:            3
Number of Cholesky per chunk:         204
Number of padding Cholesky:           0

QMC System
Number of electrons: (9, 9)
Spin Multiplicity:   0
Number of orbitals:  96
Number of Chol:      612

QMC Parameters
eql_time            :                   50
n_blocks            :                 1000
n_walkers           :                  300
max_error           :                  0.0
seed                :                   17
walker_type         :                  uhf
trial               :             upt2ccsd
mix_precision       :                 True
max_memory          :                25000
dt                  :                0.005
n_exp_terms         :                    6
n_prop_steps        :                   50
save_walkers        :                False
free_projection     :                False
n_batch             :                    1
nchol_chunk         :                  204

Initalize QMC walkers by stochastic CCSD

Equilibration
inv_T        weight  killW        energy   runTime
 0.00    300.000000      0   -205.396687     10.41
 5.00    300.071463      0   -205.448586     18.13
10.00    298.326279      0   -205.425570     20.14
15.00    298.779898      0   -205.403330     22.16
20.00    298.713726      0   -205.477080     24.18
25.00    299.017991      0   -205.400185     26.20
30.00    299.199973      0   -205.431575     28.21
35.00    298.182983      0   -205.448737     30.23
40.00    299.734979      0   -205.480214     32.25
45.00    299.399038      0   -205.452698     34.27
50.00    300.341209      0   -205.505190     36.29

Sampling
blocks        weight  killW       E_Guide     error       E_Trial     error     olp_T/G     error  Walltime
    20    299.075331      0   -205.436574  0.007699   -205.431553  0.002657    1.039256  0.000994   51.48
    40    299.045830      0   -205.440464  0.007637   -205.431226  0.001651    1.036287  0.001810   61.39
    60    298.983861      1   -205.439058  0.005307   -205.430411  0.001239    1.036404  0.001192   71.38
    80    298.992551      1   -205.442067  0.004240   -205.431591  0.001046    1.037517  0.001136   81.38
   100    298.956398      1   -205.442553  0.004661   -205.432024  0.000985    1.038079  0.001004   91.36
   120    298.924869      2   -205.442986  0.003909   -205.431339  0.000937    1.038456  0.000868  101.35
   140    298.910093      2   -205.442864  0.003467   -205.431530  0.000870    1.038218  0.000759  111.33
   160    298.892295      4   -205.444257  0.003325   -205.432086  0.000878    1.037498  0.000824  121.32
   180    298.836895      4   -205.443337  0.002994   -205.432182  0.000830    1.037738  0.000751  131.31
   200    298.780917      7   -205.442523  0.003113   -205.432079  0.000777    1.037882  0.000689  141.29
   220    298.777050      8   -205.443082  0.002971   -205.432092  0.000744    1.037893  0.000658  151.29
   240    298.742595      8   -205.442290  0.002712   -205.432271  0.000716    1.037918  0.000603  161.27
   260    298.711234     13   -205.443483  0.002700   -205.432481  0.000702    1.037765  0.000576  171.26
   280    298.693074     13   -205.444285  0.002693   -205.433112  0.000972    1.037861  0.000539  181.24
   300    298.678375     13   -205.443682  0.002593   -205.432794  0.000926    1.037933  0.000505  191.22
   320    298.660412     13   -205.442685  0.002500   -205.432820  0.000901    1.038084  0.000485  201.20
   340    298.657522     13   -205.443769  0.002496   -205.432905  0.000864    1.038138  0.000469  211.19
   360    298.655509     15   -205.443881  0.002431   -205.432947  0.000835    1.038052  0.000447  221.19
   380    298.649598     15   -205.443290  0.002368   -205.432720  0.000801    1.038167  0.000433  231.17
   400    298.634572     15   -205.443589  0.002259   -205.432865  0.000775    1.038350  0.000435  241.16
   420    298.618948     17   -205.443375  0.002206   -205.432822  0.000748    1.038372  0.000416  251.15
   440    298.602453     17   -205.442761  0.002122   -205.432774  0.000722    1.038538  0.000440  261.13
   460    298.594832     17   -205.442857  0.002053   -205.432705  0.000699    1.038561  0.000429  271.11
   480    298.581567     18   -205.442837  0.002164   -205.432890  0.000688    1.038648  0.000433  281.10
   500    298.571389     20   -205.443242  0.002119   -205.433046  0.000670    1.038693  0.000422  291.09
   520    298.561109     21   -205.442816  0.002022   -205.432976  0.000653    1.038775  0.000415  301.08
   540    298.551876     22   -205.442463  0.001968   -205.432954  0.000632    1.038744  0.000405  311.06
   560    298.545054     24   -205.442211  0.001936   -205.432919  0.000616    1.038732  0.000388  321.05
   580    298.538749     26   -205.442246  0.001861   -205.432865  0.000597    1.038680  0.000380  331.03
   600    298.536877     27   -205.441944  0.001814   -205.432733  0.000582    1.038643  0.000369  341.01
   620    298.529153     27   -205.441916  0.001778   -205.432753  0.000568    1.038552  0.000370  351.00
   640    298.522411     28   -205.441449  0.001803   -205.432632  0.000553    1.038592  0.000361  360.99
   660    298.523655     28   -205.441145  0.001832   -205.432637  0.000540    1.038550  0.000352  370.97
   680    298.523307     30   -205.441330  0.001803   -205.432631  0.000528    1.038438  0.000355  380.95
   700    298.521823     30   -205.441251  0.001769   -205.432672  0.000519    1.038414  0.000356  390.92
   720    298.515441     30   -205.440705  0.001755   -205.432599  0.000506    1.038541  0.000378  400.92
   740    298.513862     30   -205.441031  0.001747   -205.432577  0.000497    1.038534  0.000369  410.90
   760    298.507343     30   -205.440390  0.001759   -205.432511  0.000487    1.038524  0.000368  420.89
   780    298.506492     30   -205.440347  0.001723   -205.432578  0.000483    1.038527  0.000359  430.87
   800    298.507925     30   -205.440141  0.001682   -205.432557  0.000474    1.038478  0.000351  440.85
   820    298.503910     31   -205.439892  0.001655   -205.432530  0.000466    1.038448  0.000354  450.83
   840    298.506400     31   -205.440236  0.001625   -205.432647  0.000462    1.038469  0.000351  460.81
   860    298.504590     31   -205.440237  0.001625   -205.432608  0.000453    1.038418  0.000348  470.80
   880    298.500285     31   -205.440380  0.001576   -205.432640  0.000446    1.038358  0.000371  480.78
   900    298.499045     32   -205.440167  0.001566   -205.432533  0.000438    1.038359  0.000371  490.77
   920    298.501391     33   -205.439878  0.001553   -205.432421  0.000431    1.038343  0.000362  500.75
   940    298.498130     34   -205.439794  0.001531   -205.432458  0.000428    1.038303  0.000354  510.73
   960    298.498429     35   -205.439854  0.001482   -205.432427  0.000426    1.038294  0.000349  520.71
   980    298.500887     37   -205.439668  0.001464   -205.432388  0.000419    1.038248  0.000341  530.70
  1000    298.499542     37   -205.439642  0.001468   -205.432482  0.000416    1.038217  0.000335  540.69

Post Propagation Process
Total number of samples 1000
Raw AFQMC/HF (Guide) energy:           -205.439642 ± 0.001468
Raw Trial/Guide overlap ratio:          1.038217 ± 0.000335
Raw AFQMC/pt2CCSD energy (covariance): -205.432482 ± 0.000416
Raw AFQMC/pt2CCSD energy (dir sample): -205.432482 ± 0.000343

Remove Outliers
removing energies outside zeta > 30
Outlier energy bound [-205.644942, -205.216353]
Removed 0 outliers with energies []
Clean AFQMC/pt2CCSD overlap ratio:        1.038217 ± 0.000335
Clean AFQMC/pt2CCSD energy (covariance): -205.432482 ± 0.000416
Clean AFQMC/ptCCSD energy (dir sample):  -205.432482 ± 0.000343

Blocking Analysis
nsample = 1000, max_block_size = 25, min_nblocks = 40
   B    NB    NS  Observable     Error    dError
   1  1000  1000    1.038219  0.000109  0.000002
   2   500  1000    1.038219  0.000146  0.000005
   3   333   999    1.038220  0.000173  0.000007
   4   250  1000    1.038218  0.000193  0.000009
   5   200  1000    1.038218  0.000209  0.000010
   6   166   996    1.038229  0.000224  0.000012
   7   142   994    1.038232  0.000234  0.000014
   8   125  1000    1.038218  0.000241  0.000015
   9   111   999    1.038219  0.000252  0.000017
  10   100  1000    1.038218  0.000262  0.000019
  11    90   990    1.038259  0.000275  0.000021
  12    83   996    1.038229  0.000279  0.000022
  13    76   988    1.038269  0.000287  0.000023
  14    71   994    1.038231  0.000279  0.000024
  15    66   990    1.038259  0.000278  0.000024
  16    62   992    1.038243  0.000297  0.000027
  17    58   986    1.038266  0.000292  0.000027
  18    55   990    1.038259  0.000307  0.000030
  19    52   988    1.038268  0.000305  0.000030
  20    50  1000    1.038218  0.000297  0.000030
  21    47   987    1.038268  0.000296  0.000031
  22    45   990    1.038259  0.000335  0.000036
  23    43   989    1.038267  0.000317  0.000035
  24    41   984    1.038260  0.000326  0.000036
  25    40  1000    1.038218  0.000295  0.000033
Fit (variance): plateau_var = 1.043e-07 ± 1.019e-08
Fit (error):    plateau = 0.000323 ± 0.000016
     autocorrelation length ~ 9.4 blocks
     plateau reached at block size ~ 44
     !!!Failed to reach plateau in blocking
     Return max block error
nclean = 1000, max_block_size = 25, min_nblocks = 40
Blk_SZ   NBlk   NSmp      Energy     Error    dError
     1   1000   1000  -205.432242  0.000344  0.000008
     2    500   1000  -205.432296  0.000365  0.000012
     3    333    999  -205.432320  0.000382  0.000015
     4    250   1000  -205.432349  0.000377  0.000017
     5    200   1000  -205.432365  0.000404  0.000020
     6    166    996  -205.432320  0.000390  0.000021
     7    142    994  -205.432330  0.000406  0.000024
     8    125   1000  -205.432402  0.000400  0.000025
     9    111    999  -205.432403  0.000394  0.000027
    10    100   1000  -205.432419  0.000401  0.000029
    11     90    990  -205.432345  0.000387  0.000029
    12     83    996  -205.432362  0.000384  0.000030
    13     76    988  -205.432302  0.000408  0.000033
    14     71    994  -205.432371  0.000396  0.000033
    15     66    990  -205.432362  0.000403  0.000035
    16     62    992  -205.432349  0.000388  0.000035
    17     58    986  -205.432310  0.000393  0.000037
    18     55    990  -205.432359  0.000400  0.000038
    19     52    988  -205.432323  0.000402  0.000040
    20     50   1000  -205.432445  0.000404  0.000041
    21     47    987  -205.432326  0.000397  0.000041
    22     45    990  -205.432369  0.000384  0.000041
    23     43    989  -205.432326  0.000382  0.000042
    24     41    984  -205.432337  0.000415  0.000046
    25     40   1000  -205.432455  0.000372  0.000042
Fit (variance): plateau_var = 1.568156e-07 ± 6.163705e-09
Fit (error):    plateau = 0.000396 ± 0.000008
     autocorrelation length ~ 1.8 blocks
     plateau reached at block size ~ 7
Final AFQMC/pt2CCSD overlap ratio: 1.038217 ± 0.000335
Final AFQMC/pt2CCSD energy: -205.432482 ± 0.000396
Total run time: 548.31

AFQMC Sampling Finished

