
    ________                     _____                    
    ___  __ \___  __________________(_)_____________ _    
    __  /_/ /  / / /_  __ \_  __ \_  /__  __ \_  __ `/    
    _  _, _// /_/ /_  / / /  / / /  / _  / / /  /_/ /     
    /_/ |_| \__,_/ /_/ /_//_/ /_//_/  /_/ /_/_\__, /      
                                             /____/       
    _____________________________  ___________            
    ___    |__  ____/_  __ \__   |/  /_  ____/            
    __  /| |_  /_   _  / / /_  /|_/ /_  /                 
    _  ___ |  __/   / /_/ /_  /  / / / /___               
    /_/  |_/_/      \___\_\/_/  /_/  \____/               

Hostname:     gpue04.delta.ncsa.illinois.edu
System:       Linux
Node:         gpue04.delta.ncsa.illinois.edu
Release:      5.14.0-427.91.1.el9_4.x86_64
Machine:      x86_64
Processor:    x86_64
JAX backend:  GPU
JAX devices:  [CudaDevice(id=0)]
Device kind:  NVIDIA H200
Platform:     gpu

Load system from Integral File
Maximum memory per walker:            83.33 MB
Maximum number of Cholesky per chunk: 83
Number of Cholesky chunks:            13
Number of Cholesky per chunk:         82
Number of padding Cholesky:           1

QMC System
Number of electrons: (13, 13)
Spin Multiplicity:   0
Number of orbitals:  181
Number of Chol:      1065

QMC Parameters
eql_time            :                   50
n_blocks            :                 1000
n_walkers           :                  300
max_error           :                  0.0
seed                :                   17
walker_type         :                  uhf
trial               :             upt2ccsd
mix_precision       :                 True
max_memory          :                25000
dt                  :                0.005
n_exp_terms         :                    6
n_prop_steps        :                   50
save_walkers        :                False
free_projection     :                False
n_batch             :                    1
nchol_chunk         :                   82

Initalize QMC walkers by stochastic CCSD

Equilibration
inv_T        weight  killW        energy   runTime
 0.00    300.000000      0   -552.208046     50.88
 5.00    299.354993      0   -552.381583     63.97
10.00    299.002671      0   -552.272020     70.99
15.00    299.007756      0   -552.219829     78.01
20.00    298.656411      0   -552.294784     85.04
25.00    298.737613      0   -552.266702     92.06
30.00    298.413849      0   -552.210299     99.08
35.00    299.011607      0   -552.268015    106.10
40.00    299.050773      0   -552.264278    113.13
45.00    298.517630      0   -552.289478    120.15
50.00    298.966504      0   -552.261606    127.18

Sampling
blocks        weight  killW       E_Guide     error       E_Trial     error     olp_T/G     error  Walltime
    20    298.539345      0   -552.253542  0.003618   -552.258117  0.001336    1.035293  0.000407  206.36
    40    298.386173      1   -552.254391  0.004202   -552.257174  0.000921    1.035172  0.000253  281.08
    60    298.333141      2   -552.251936  0.003894   -552.256455  0.000807    1.035121  0.000172  355.81
    80    298.283422      2   -552.252801  0.003477   -552.256348  0.000705    1.034864  0.000216  430.55
   100    298.286855      2   -552.251171  0.003159   -552.256554  0.000691    1.035088  0.000238  505.42
   120    298.304831      3   -552.254946  0.003615   -552.256889  0.000610    1.034746  0.000308  580.14
   140    298.278548      3   -552.255580  0.003289   -552.257228  0.000622    1.034802  0.000283  655.82
   160    298.265954      3   -552.255991  0.002926   -552.257321  0.000580    1.034941  0.000266  730.54
   180    298.231463      3   -552.256415  0.002647   -552.257083  0.000539    1.035153  0.000281  805.39
   200    298.208847      3   -552.257051  0.002435   -552.257417  0.000515    1.035159  0.000274  880.10
   220    298.192159      3   -552.257373  0.002317   -552.257489  0.000495    1.035191  0.000262  954.85
   240    298.208053      3   -552.258387  0.002230   -552.257641  0.000469    1.035303  0.000252 1029.58
   260    298.188427      3   -552.258793  0.002081   -552.257777  0.000452    1.035267  0.000237 1104.36
   280    298.191176      4   -552.259586  0.002011   -552.257846  0.000434    1.035202  0.000225 1179.25
   300    298.175421      4   -552.260076  0.001912   -552.258191  0.000442    1.035250  0.000213 1254.22
   320    298.152114      4   -552.259723  0.001921   -552.258003  0.000431    1.035271  0.000200 1329.15
   340    298.148583      4   -552.259970  0.001817   -552.257958  0.000414    1.035258  0.000190 1403.87
   360    298.136056      4   -552.260265  0.001708   -552.257970  0.000402    1.035319  0.000186 1478.58
   380    298.132201      4   -552.261032  0.001737   -552.258087  0.000413    1.035268  0.000180 1553.22
   400    298.106416      4   -552.260551  0.001708   -552.257936  0.000399    1.035350  0.000180 1627.97
   420    298.104707      4   -552.260856  0.001666   -552.257755  0.000388    1.035405  0.000176 1703.00
   440    298.105559      6   -552.261502  0.001665   -552.257851  0.000378    1.035417  0.000169 1777.76
   460    298.101388      6   -552.261830  0.001745   -552.257940  0.000375    1.035449  0.000165 1852.74
   480    298.092842      7   -552.261780  0.001699   -552.257865  0.000365    1.035420  0.000175 1927.43
   500    298.092214      7   -552.262264  0.001714   -552.258041  0.000369    1.035437  0.000171 2002.33
   520    298.079950      7   -552.262669  0.001695   -552.258022  0.000357    1.035493  0.000170 2076.98
   540    298.071046      7   -552.262820  0.001630   -552.257997  0.000351    1.035437  0.000169 2151.70
   560    298.055499      8   -552.262173  0.001829   -552.257882  0.000343    1.035454  0.000170 2226.42
   580    298.047892      9   -552.261585  0.001805   -552.257794  0.000336    1.035444  0.000166 2301.07
   600    298.044305      9   -552.261882  0.001773   -552.257877  0.000328    1.035431  0.000162 2375.83
   620    298.035965     10   -552.261651  0.001703   -552.257950  0.000322    1.035446  0.000155 2450.92
   640    298.022826     10   -552.261630  0.001706   -552.257930  0.000314    1.035466  0.000153 2525.79
   660    298.015853     10   -552.261535  0.001645   -552.257928  0.000312    1.035466  0.000149 2600.52
   680    298.015688     10   -552.261726  0.001614   -552.257890  0.000307    1.035477  0.000149 2675.49
   700    298.014968     10   -552.261778  0.001559   -552.257874  0.000302    1.035452  0.000147 2750.27
   720    298.003868     10   -552.261772  0.001543   -552.257893  0.000299    1.035451  0.000148 2825.05
   740    298.003001     11   -552.261827  0.001513   -552.257834  0.000293    1.035469  0.000145 2899.80
   760    297.998614     11   -552.262001  0.001476   -552.257935  0.000293    1.035461  0.000142 2974.56
   780    297.994237     11   -552.261952  0.001442   -552.257869  0.000288    1.035437  0.000140 3049.43
   800    297.990463     11   -552.261914  0.001412   -552.257886  0.000283    1.035412  0.000138 3124.20
   820    297.991204     11   -552.261866  0.001381   -552.257853  0.000277    1.035411  0.000136 3199.28
   840    297.984831     11   -552.261857  0.001358   -552.257900  0.000277    1.035406  0.000145 3274.01
   860    297.984075     11   -552.261910  0.001358   -552.257965  0.000274    1.035407  0.000145 3348.89
   880    297.983117     11   -552.262353  0.001325   -552.258001  0.000270    1.035382  0.000142 3423.61
   900    297.981645     12   -552.262738  0.001384   -552.257985  0.000267    1.035345  0.000141 3498.26
   920    297.975168     12   -552.262643  0.001411   -552.257953  0.000263    1.035338  0.000143 3572.98
   940    297.975219     12   -552.262581  0.001383   -552.257930  0.000260    1.035343  0.000139 3647.96
   960    297.974696     12   -552.262634  0.001356   -552.257917  0.000256    1.035369  0.000137 3722.71
   980    297.975622     12   -552.262681  0.001327   -552.257970  0.000256    1.035366  0.000135 3797.45
  1000    297.971161     12   -552.262494  0.001316   -552.257911  0.000253    1.035362  0.000133 3872.34

Post Propagation Process
Total number of samples 1000
Raw AFQMC/HF (Guide) energy:           -552.262494 ± 0.001316
Raw Trial/Guide overlap ratio:          1.035362 ± 0.000133
Raw AFQMC/pt2CCSD energy (covariance): -552.257911 ± 0.000253
Raw AFQMC/pt2CCSD energy (dir sample): -552.257911 ± 0.000211

Remove Outliers
removing energies outside zeta > 30
Outlier energy bound [-552.432359, -552.081334]
Removed 0 outliers with energies []
Clean AFQMC/pt2CCSD overlap ratio:        1.035362 ± 0.000133
Clean AFQMC/pt2CCSD energy (covariance): -552.257911 ± 0.000253
Clean AFQMC/ptCCSD energy (dir sample):  -552.257911 ± 0.000211

Blocking Analysis
nsample = 1000, max_block_size = 25, min_nblocks = 40
   B    NB    NS  Observable     Error    dError
   1  1000  1000    1.035362  0.000043  0.000001
   2   500  1000    1.035362  0.000057  0.000002
   3   333   999    1.035363  0.000067  0.000003
   4   250  1000    1.035362  0.000075  0.000003
   5   200  1000    1.035362  0.000080  0.000004
   6   166   996    1.035361  0.000086  0.000005
   7   142   994    1.035363  0.000091  0.000005
   8   125  1000    1.035362  0.000095  0.000006
   9   111   999    1.035363  0.000099  0.000007
  10   100  1000    1.035362  0.000101  0.000007
  11    90   990    1.035363  0.000103  0.000008
  12    83   996    1.035361  0.000111  0.000009
  13    76   988    1.035365  0.000110  0.000009
  14    71   994    1.035362  0.000113  0.000010
  15    66   990    1.035363  0.000109  0.000010
  16    62   992    1.035362  0.000117  0.000011
  17    58   986    1.035365  0.000117  0.000011
  18    55   990    1.035363  0.000123  0.000012
  19    52   988    1.035365  0.000120  0.000012
  20    50  1000    1.035362  0.000118  0.000012
  21    47   987    1.035366  0.000133  0.000014
  22    45   990    1.035363  0.000110  0.000012
  23    43   989    1.035364  0.000114  0.000012
  24    41   984    1.035364  0.000132  0.000015
  25    40  1000    1.035362  0.000124  0.000014
Fit (variance): plateau_var = 1.649e-08 ± 1.772e-09
Fit (error):    plateau = 0.000128 ± 0.000007
     autocorrelation length ~ 10.3 blocks
     plateau reached at block size ~ 48
     !!!Failed to reach plateau in blocking
     Return max block error
nclean = 1000, max_block_size = 25, min_nblocks = 40
Blk_SZ   NBlk   NSmp      Energy     Error    dError
     1   1000   1000  -552.257717  0.000211  0.000005
     2    500   1000  -552.257753  0.000247  0.000008
     3    333    999  -552.257789  0.000264  0.000010
     4    250   1000  -552.257796  0.000285  0.000013
     5    200   1000  -552.257811  0.000287  0.000014
     6    166    996  -552.257833  0.000283  0.000016
     7    142    994  -552.257861  0.000292  0.000017
     8    125   1000  -552.257830  0.000315  0.000020
     9    111    999  -552.257849  0.000293  0.000020
    10    100   1000  -552.257848  0.000288  0.000021
    11     90    990  -552.257900  0.000298  0.000022
    12     83    996  -552.257877  0.000297  0.000023
    13     76    988  -552.257919  0.000275  0.000022
    14     71    994  -552.257891  0.000313  0.000026
    15     66    990  -552.257918  0.000288  0.000025
    16     62    992  -552.257912  0.000338  0.000031
    17     58    986  -552.257913  0.000326  0.000030
    18     55    990  -552.257914  0.000311  0.000030
    19     52    988  -552.257925  0.000313  0.000031
    20     50   1000  -552.257875  0.000299  0.000030
    21     47    987  -552.257917  0.000271  0.000028
    22     45    990  -552.257928  0.000332  0.000035
    23     43    989  -552.257929  0.000305  0.000033
    24     41    984  -552.257939  0.000279  0.000031
    25     40   1000  -552.257875  0.000310  0.000035
Fit (variance): plateau_var = 8.935733e-08 ± 3.733074e-09
Fit (error):    plateau = 0.000299 ± 0.000006
     autocorrelation length ~ 2.2 blocks
     plateau reached at block size ~ 10
Final AFQMC/pt2CCSD overlap ratio: 1.035362 ± 0.000133
Final AFQMC/pt2CCSD energy: -552.257911 ± 0.000299
Total run time: 3904.17

AFQMC Sampling Finished

