#INFO: **** input file is /work/hdd/bdka/yzhang65/w4_17/w4-17_all/afqmc_input/run_afqmc.py ****
import os
os.environ.setdefault("XLA_PYTHON_CLIENT_ALLOCATOR", "platform")

import jax
jax.config.update("jax_enable_x64", True)

import glob
import numpy as np
from pyscf import gto, scf, cc
from afqmc import prep, launch_afqmc
import re

def extract_afqmc_energy(filename):
    """Extract the final AFQMC/pt2CCSD energy and its uncertainty from an afqmc.out file.
    
    Returns (0, 0) if the value cannot be found or the file cannot be read.
    """
    pattern = re.compile(
        r"Final AFQMC/pt2CCSD energy:\s*"
        r"([-+]?\d*\.?\d+(?:[eE][-+]?\d+)?)"   # energy
        r"\s*(?:±|\+/-)\s*"
        r"([-+]?\d*\.?\d+(?:[eE][-+]?\d+)?)"   # error
    )
    try:
        with open(filename, "r", encoding="utf-8") as f:
            for line in f:
                m = pattern.search(line)
                if m:
                    return float(m.group(1)), float(m.group(2))
    except (OSError, IOError):
        pass
    return 0, 0

# basis = "ccpvdz"
xyz_dir = "../w4_17_xyz/closed_shell"
results_file = f"./closed_shell_uhf_vdzsd.dat"
out_dir = "../result/molout/closed_shell"
os.makedirs(out_dir, exist_ok=True)

# Set to a list of molecule names to run only those, e.g. ["acetaldehyde", "benzene"]
# Set to None to run all molecules in xyz_dir
select_molecules = None
symmetry = False

def vdzsd(elem):
    if elem in ('H', 'He'):
        raw_basis = gto.basis.load('ccpvdz', elem)
        return [b for b in raw_basis if b[0] != 1]
    else:
        return gto.basis.load('ccpvdz', elem)

def get_vdzsd_basis(atoms):
    elems = {line.split()[0] for line in atoms.strip().splitlines() if line.strip()}
    basis_dict = {el: vdzsd(el) for el in elems}
    return basis_dict

all_xyz = sorted(glob.glob(os.path.join(xyz_dir, "*.xyz")))
if select_molecules is not None:
    select_set = set(select_molecules)
    xyz_files = [p for p in all_xyz if os.path.splitext(os.path.basename(p))[0] in select_set]
    missing = select_set - {os.path.splitext(os.path.basename(p))[0] for p in xyz_files}
    if missing:
        print(f"Warning: no .xyz file found for: {', '.join(sorted(missing))} in {xyz_dir}")
else:
    xyz_files = all_xyz

with open(results_file, "w") as out:
    out.write(f"{'Molecule':<16s} {'Charge':>6s} {'2S':>6s} {'frozen':>6s} "
              f"{'E_HF (Eh)':>20s} {'E_CCSD (Eh)':>20s} {'E_CCSD(T) (Eh)':>20s} "
              f"{'E_AFQMC (Eh)':>20s} {'E_AFQMC ERR (Eh)':>20s} \n")
    out.write("-" * 100 + "\n")

for xyz_path in xyz_files:
    with open(xyz_path, "r") as f:
        lines = f.readlines()

    # Parse charge and multiplicity from second line: "name charge=X mult=Y"
    second_line = lines[1]
    charge = int(second_line.split("charge=")[1].split()[0])
    mult   = int(second_line.split("mult=")[1].split()[0])
    spin   = mult - 1   # PySCF spin input is 2S = mult - 1
    mol_name = second_line.split()[0]

    # Coordinates only (skip the atom count and comment lines)
    atoms = "".join(lines[2:])
    basis_dict = get_vdzsd_basis(atoms)

    print(f"\n{'='*60}")
    print(f"Running: {mol_name}  charge={charge}  spin={spin}")
    print(f"{'='*60}")

    mol = gto.M(
        atom=atoms,
        basis=basis_dict,
        verbose=4,
        output=os.path.join(out_dir, f"{mol_name}_vdzsd.out"),
        unit="angstrom",
        symmetry=symmetry,
        charge=charge,
        spin=spin,
        max_memory=40000,
    )

    mf = scf.UHF(mol)
    mf.max_cycle = 200
    mf = mf.newton()
    mf.kernel()

    # Stability check loop — at most 10 attempts
    max_stability_cycles = 10
    stable = False
    for stability_iter in range(max_stability_cycles):
        mo_i, _, stable, _ = mf.stability(return_status=True)
        if stable:
            break
        dm = mf.make_rdm1(mo_i, mf.mo_occ)
        mf.kernel(dm0=dm)

    if not stable or not mf.converged:
        print(f"  !! SCF did not converge for {mol_name} — skipping.")
        with open(results_file, "a") as out:
            out.write(f"{mol_name:<16s} {charge:>6d} {spin:>6d} {'N/A':>6s} "
                      f"{'UNCONVERGED':>20s} {'UNCONVERGED':>20s} {'UNCONVERGED':>20s}\n")
        continue

    energy = mf.e_tot

    mycc = cc.CCSD(mf)
    mycc.set_frozen()
    mycc.kernel()
    e_ccsd = mycc.e_tot
    et = mycc.ccsd_t()
    e_ccsdt = e_ccsd + et
    frozen = mycc.frozen

    prep.prep_afqmc(mycc, chol_cut=1e-5)
    options = {'n_eql': 120,
               'n_blocks': 1000,
               'n_walkers': 300,
               'dt':0.005,
               'max_error': 0.0,
               #'nchol_chunk': 200,
               'seed': 17,
               'walker_type': 'uhf',
               'trial': 'uccsd_pt2',
               'free_projection': False,
               'use_gpu': True,
               }
    launch_afqmc.run_afqmc(options)
    afqmc_file = os.path.join(out_dir, f'{mol_name}_afqmc_vdzsd.out')
    os.system(f"mv afqmc.out {afqmc_file}")
    eqmc, eqmc_err = extract_afqmc_energy(f"{afqmc_file}")

    with open(results_file, "a") as out:
        out.write(f"{mol_name:<16s} {charge:>6d} {spin:>6d} {frozen:>6d} "
                  f"{energy:>20.10f} {e_ccsd:>20.10f} {e_ccsdt:>20.10f}"
                  f"{eqmc:>20.10f} {eqmc_err:>20.10f} \n")

    print(f"  => E_HF({mol_name})      = {energy:.10f} Eh")
    print(f"  => E_CCSD({mol_name})    = {e_ccsd:.10f} Eh")
    print(f"  => E_CCSD(T)({mol_name}) = {e_ccsdt:.10f} Eh")
    print(f"  => E_AFQMC({mol_name})   = {eqmc:.10f} +/- {eqmc_err:.10f} Eh")

print(f"\nAll calculations complete. Results saved to {results_file}")
#INFO: ******************** input file end ********************


System: uname_result(system='Linux', node='gpua016.delta.ncsa.illinois.edu', release='5.14.0-427.91.1.el9_4.x86_64', version='#1 SMP PREEMPT_DYNAMIC Wed Sep 17 10:08:59 EDT 2025', machine='x86_64')  Threads 16
Python 3.11.14 (main, Oct 21 2025, 18:31:21) [GCC 11.2.0]
numpy 2.3.5  scipy 1.16.3  h5py 3.15.1
Date: Sat May 16 18:31:38 2026
PySCF version 2.11.0
PySCF path  /u/yzhang65/myprojects/software/pyscf
GIT HEAD (branch master) f520f5381c0b41f716d847009817cbc64e52c0d5

[ENV] PYSCF_TMPDIR /projects/bdka/yzhang65/scratch/pyscf
[ENV] PYSCF_EXT_PATH /u/yzhang65/myprojects/software/pyscf-forge
[CONFIG] conf_file None
[INPUT] verbose = 4
[INPUT] num. atoms = 4
[INPUT] num. electrons = 40
[INPUT] charge = 0
[INPUT] spin (= nelec alpha-beta = 2S) = 0
[INPUT] symmetry False subgroup None
[INPUT] Mole.unit = angstrom
[INPUT] Symbol           X                Y                Z      unit          X                Y                Z       unit  Magmom
[INPUT]  1 Al     0.000000000000   0.000000000000   0.000000000000 AA    0.000000000000   0.000000000000   0.000000000000 Bohr   0.0
[INPUT]  2 F      0.000000000000   1.631766000000   0.000000000000 AA    0.000000000000   3.083590839377   0.000000000000 Bohr   0.0
[INPUT]  3 F      1.413150000000  -0.815883000000   0.000000000000 AA    2.670466472929  -1.541795419689   0.000000000000 Bohr   0.0
[INPUT]  4 F     -1.413150000000  -0.815883000000   0.000000000000 AA   -2.670466472929  -1.541795419689   0.000000000000 Bohr   0.0

nuclear repulsion = 159.32602009753
number of shells = 20
number of NR pGTOs = 119
number of NR cGTOs = 60
basis = {'Al': [[0, [64150.0, 0.00029025, -7.58048e-05, 1.75078e-05], [9617.0, 0.00225064, -0.000581791, 0.000134208], [2189.0, 0.0116459, -0.00308113, 0.000712442], [620.5, 0.0467377, -0.0123112, 0.0028433], [202.7, 0.146299, -0.0419781, 0.00976842], [73.15, 0.330283, -0.103371, 0.024185], [28.55, 0.415861, -0.196308, 0.0474993], [11.77, 0.189253, -0.0830002, 0.0203621], [3.3, 0.0115889, 0.54104, -0.158788], [1.173, -0.00128385, 0.578796, -0.311694], [0.1752, 0.000425883, 0.0288147, 0.620147]], [0, [0.06473, 1.0]], [1, [258.8, 0.00406847, -0.000748053], [60.89, 0.0306815, -0.00545796], [19.14, 0.129149, -0.0245371], [6.881, 0.320831, -0.0582138], [2.574, 0.453815, -0.0983756], [0.9572, 0.275066, -0.0260064], [0.2099, 0.0190807, 0.46402]], [1, [0.05986, 1.0]], [2, [0.189, 1.0]]], 'F': [[0, [14710.0, 0.000721, -0.000165], [2207.0, 0.005553, -0.001308], [502.8, 0.028267, -0.006495], [142.6, 0.106444, -0.026691], [46.47, 0.286814, -0.07369], [16.7, 0.448641, -0.170776], [6.356, 0.264761, -0.112327], [1.316, 0.015333, 0.562814]], [0, [0.3897, 1.0]], [1, [22.67, 0.044878], [4.977, 0.235718], [1.347, 0.508521]], [1, [0.3471, 1.0]], [2, [1.64, 1.0]]]}
ecp = {}
CPU time:       291.85




******** <class 'pyscf.soscf.newton_ah.SecondOrderUHF'> ********
method = SecondOrderUHF
initial guess = minao
damping factor = 0
level_shift factor = 0
DIIS = <class 'pyscf.scf.diis.CDIIS'>
diis_start_cycle = 1
diis_space = 8
diis_damp = 0
SCF conv_tol = 1e-09
SCF conv_tol_grad = None
SCF max_cycles = 200
direct_scf = True
direct_scf_tol = 1e-13
chkfile to save SCF result = /projects/bdka/yzhang65/scratch/pyscf/tmpgj65jvnw
max_memory 40000 MB (current use 1224 MB)
number electrons alpha = 20  beta = 20
******** <class 'pyscf.scf.uhf.UHF'> Newton solver flags ********
SCF tol = 1e-09
conv_tol_grad = None
max. SCF cycles = 200
direct_scf = True
direct_scf_tol = 1e-13
chkfile to save SCF result = /projects/bdka/yzhang65/scratch/pyscf/tmpgj65jvnw
max_cycle_inner = 12
max_stepsize = 0.05
ah_start_tol = 1e+09
ah_level_shift = 0
ah_conv_tol = 1e-12
ah_lindep = 1e-14
ah_start_cycle = 1
ah_max_cycle = 40
ah_grad_trust_region = 2.5
kf_interval = 4
kf_trust_region = 5
canonicalization = True
max_memory 40000 MB (current use 1224 MB)
Set conv_tol_grad to 3.16228e-05
  alpha nocc = 20  HOMO = -0.736551667972737  LUMO = -0.12055618928728
  beta  nocc = 20  HOMO = -0.722417432821447  LUMO = -0.121613363748886
Initial guess E= -540.32700352453  |g|= 0.604295
macro= 0  E= -540.453792121814  delta_E= -0.126789  |g|= 0.604295  2 KF 5 JK
macro= 1  E= -540.454926435313  delta_E= -0.00113431  |g|= 4.46971e-05  3 KF 11 JK
macro= 2  E= -540.454926435314  delta_E= -1.13687e-12  |g|= 3.5817e-06  1 KF 2 JK
Canonicalize SCF orbitals
macro X = 3  E=-540.454926435314  |g|= 3.5817e-06  total 7 KF 22 JK
converged SCF energy = -540.454926435314  <S^2> = 1.3656631e-11  2S+1 = 1
uhf_internal: lowest eigs of H = [0.71552826 0.71562144 0.73096834]
<class 'pyscf.soscf.newton_ah.SecondOrderUHF'> wavefunction is stable in the internal stability analysis

******** <class 'pyscf.cc.uccsd.UCCSD'> ********
CC2 = 0
CCSD nocc = (np.int64(12), np.int64(12)), nmo = (52, 52)
frozen orbitals 8
max_cycle = 50
direct = 0
conv_tol = 1e-07
conv_tol_normt = 1e-06
diis_space = 6
diis_start_cycle = 0
diis_start_energy_diff = 1e+09
max_memory 40000 MB (current use 1224 MB)
Init t2, MP2 energy = -0.621978601225116
Init E_corr(UCCSD) = -0.621978601228516
cycle = 1  E_corr(UCCSD) = -0.609909204985934  dE = 0.0120693962  norm(t1,t2) = 0.095748
cycle = 2  E_corr(UCCSD) = -0.623232005519561  dE = -0.0133228005  norm(t1,t2) = 0.0268581
cycle = 3  E_corr(UCCSD) = -0.622831617747643  dE = 0.000400387772  norm(t1,t2) = 0.0167266
cycle = 4  E_corr(UCCSD) = -0.624602344915562  dE = -0.00177072717  norm(t1,t2) = 0.00602516
cycle = 5  E_corr(UCCSD) = -0.624604664276635  dE = -2.31936107e-06  norm(t1,t2) = 0.000956521
cycle = 6  E_corr(UCCSD) = -0.624530401346281  dE = 7.42629304e-05  norm(t1,t2) = 0.000340192
cycle = 7  E_corr(UCCSD) = -0.624526981954315  dE = 3.41939197e-06  norm(t1,t2) = 7.02977e-05
cycle = 8  E_corr(UCCSD) = -0.624528206350086  dE = -1.22439577e-06  norm(t1,t2) = 2.35993e-05
cycle = 9  E_corr(UCCSD) = -0.624529451319614  dE = -1.24496953e-06  norm(t1,t2) = 8.36746e-06
cycle = 10  E_corr(UCCSD) = -0.624529373818724  dE = 7.75008909e-08  norm(t1,t2) = 2.05857e-06
cycle = 11  E_corr(UCCSD) = -0.624529339142043  dE = 3.46766807e-08  norm(t1,t2) = 7.05937e-07
UCCSD converged
E(UCCSD) = -541.0794557744564  E_corr = -0.6245293391420428
UCCSD(T) correction = -0.00883770613644171
