------------------------------------------- AFQMC Sampling Started -------------------------------------------
Hostname: gpua016.delta.ncsa.illinois.edu
System Type: Linux
Machine Type: x86_64
Processor: x86_64
Using GPU.
System: Linux
Node Name: gpua016.delta.ncsa.illinois.edu
Release: 5.14.0-427.91.1.el9_4.x86_64
Version: #1 SMP PREEMPT_DYNAMIC Wed Sep 17 10:08:59 EDT 2025
Machine: x86_64
Processor: x86_64
Decomposing Unrestricted T2 amplitudes
Throw 0 vectors in T2 deomposition
SVD cutoff = 1.00e-08 | error = 1.56e-15
number of T2 decomposition vectors 576
norb: 41
nelec: (9, 9)
n_eql: 120
n_blocks: 1000
n_walkers: 300
dt: 0.005
max_error: 0.0
seed: 17
walker_type: uhf
trial: uccsd_pt2
free_projection: False
use_gpu: True
n_exp_terms: 6
n_prop_steps: 50
save_walkers: False
n_batch: 1
nchol_chunk: 100
mix_precision: True
initial AFQMC/pt2CCSD Energy is -224.723927
Propagating with 300 walkers
----------------------------------------------- Equilibration ------------------------------------------------
inv_T        weight  killW        energy   runTime
 0.00    300.000000      0   -224.263238     12.13
 3.00    306.371570      0   -224.732465     19.21
 6.00    307.195835      0   -224.742367     20.12
 9.00    306.739516      0   -224.755079     21.03
12.00    307.456676      0   -224.751033     21.94
15.00    307.031575      0   -224.718060     22.85
18.00    306.564159      0   -224.717537     23.76
21.00    307.126128      0   -224.743967     24.66
24.00    306.048188      0   -224.733295     25.57
27.00    306.377918      0   -224.711879     26.48
30.00    306.548969      0   -224.777697     27.39
---------------------------------------------- Sampling Blocks -----------------------------------------------
blocks        weight  killW       E_Guide     error       E_Trial     error     olp_T/G     error  Walltime
    20    306.847254      0   -224.740434  0.010220   -224.731800  0.000798    1.004760  0.000525   36.65
    40    305.967202      0   -224.739423  0.005532   -224.731681  0.000587    1.004849  0.000311   39.58
    60    305.322342      0   -224.737073  0.004307   -224.731784  0.000491    1.005058  0.000279   42.52
    80    304.743459      0   -224.734737  0.003588   -224.731778  0.000403    1.005169  0.000217   45.45
   100    304.274024      0   -224.733253  0.002973   -224.731945  0.000361    1.004999  0.000210   48.38
   120    303.822245      0   -224.732080  0.002661   -224.731957  0.000332    1.005008  0.000179   51.32
   140    303.449488      0   -224.731667  0.002416   -224.732273  0.000322    1.005113  0.000170   54.26
   160    303.170252      0   -224.734083  0.002893   -224.732973  0.000483    1.005014  0.000163   57.19
   180    302.907488      0   -224.735561  0.002926   -224.732983  0.000439    1.004987  0.000151   60.12
   200    302.650632      0   -224.735418  0.002614   -224.732930  0.000405    1.004903  0.000147   63.06
   220    302.440739      1   -224.735958  0.002445   -224.733073  0.000382    1.004855  0.000138   66.00
   240    302.229478      1   -224.735615  0.002253   -224.732981  0.000359    1.004900  0.000145   68.96
   260    302.075591      1   -224.736548  0.002210   -224.732988  0.000340    1.004921  0.000138   71.90
   280    301.910986      1   -224.736310  0.002028   -224.732943  0.000323    1.004930  0.000130   74.83
   300    301.769912      1   -224.735832  0.001955   -224.732817  0.000313    1.004960  0.000124   77.76
   320    301.635325      1   -224.735560  0.001855   -224.732928  0.000300    1.004942  0.000119   80.70
   340    301.522348      1   -224.735878  0.001772   -224.732949  0.000285    1.004908  0.000116   83.63
   360    301.420472      1   -224.736104  0.001679   -224.732955  0.000275    1.004899  0.000110   86.57
   380    301.326315      1   -224.736426  0.001623   -224.732977  0.000264    1.004846  0.000112   89.51
   400    301.235426      1   -224.736129  0.001536   -224.732931  0.000258    1.004857  0.000107   92.45
   420    301.147664      1   -224.735744  0.001566   -224.732905  0.000249    1.004914  0.000111   95.39
   440    301.077923      1   -224.735942  0.001528   -224.732932  0.000241    1.004891  0.000109   98.33
   460    301.007859      1   -224.736096  0.001470   -224.732929  0.000233    1.004861  0.000107  101.26
   480    300.939544      1   -224.735956  0.001432   -224.732797  0.000244    1.004866  0.000111  104.19
   500    300.871977      1   -224.735364  0.001412   -224.732813  0.000242    1.004865  0.000109  107.12
   520    300.806745      1   -224.734815  0.001545   -224.732790  0.000243    1.004851  0.000106  110.07
   540    300.751960      1   -224.734512  0.001535   -224.732774  0.000236    1.004830  0.000104  113.01
   560    300.709178      1   -224.734437  0.001464   -224.732784  0.000230    1.004848  0.000102  115.95
   580    300.668777      2   -224.734568  0.001451   -224.732813  0.000233    1.004837  0.000099  118.89
   600    300.628369      2   -224.734400  0.001416   -224.732797  0.000226    1.004858  0.000097  121.82
   620    300.590760      2   -224.734649  0.001394   -224.732871  0.000222    1.004840  0.000096  124.77
   640    300.558923      2   -224.734691  0.001442   -224.732849  0.000218    1.004876  0.000097  127.75
   660    300.528730      2   -224.734782  0.001407   -224.732890  0.000214    1.004893  0.000096  130.68
   680    300.500221      2   -224.735057  0.001464   -224.733044  0.000236    1.004901  0.000094  133.62
   700    300.471424      2   -224.734689  0.001458   -224.733038  0.000230    1.004912  0.000092  136.56
   720    300.437642      2   -224.734913  0.001408   -224.733059  0.000226    1.004881  0.000091  139.51
   740    300.408738      2   -224.734521  0.001430   -224.733040  0.000221    1.004901  0.000090  142.44
   760    300.379906      2   -224.734662  0.001424   -224.733051  0.000215    1.004929  0.000091  145.38
   780    300.356554      2   -224.734950  0.001395   -224.733083  0.000212    1.004914  0.000091  148.31
   800    300.335705      2   -224.735101  0.001357   -224.733074  0.000208    1.004927  0.000094  151.27
   820    300.319332      2   -224.735313  0.001338   -224.733103  0.000205    1.004909  0.000094  154.20
   840    300.306429      2   -224.735687  0.001314   -224.733174  0.000203    1.004898  0.000092  157.14
   860    300.287060      2   -224.735659  0.001333   -224.733179  0.000199    1.004897  0.000090  160.07
   880    300.270264      2   -224.735574  0.001287   -224.733202  0.000195    1.004882  0.000089  163.01
   900    300.251102      2   -224.735632  0.001264   -224.733200  0.000192    1.004882  0.000087  165.96
   920    300.231387      2   -224.735560  0.001242   -224.733177  0.000188    1.004914  0.000093  168.89
   940    300.216978      2   -224.735626  0.001225   -224.733173  0.000185    1.004905  0.000093  171.84
   960    300.199928      2   -224.735544  0.001277   -224.733172  0.000183    1.004861  0.000098  174.77
   980    300.181282      2   -224.735495  0.001277   -224.733157  0.000183    1.004847  0.000101  177.71
  1000    300.162413      2   -224.735388  0.001246   -224.733081  0.000186    1.004900  0.000114  180.65
---------------------------------------------- Post Propagation ----------------------------------------------
Total number of samples 1000
Raw AFQMC/HF (Guide) energy:           -224.735388 ± 0.001246
Raw Trial/Guide overlap ratio:          1.004900 ± 0.000114
Raw AFQMC/pt2CCSD energy (covariance): -224.733081 ± 0.000186
Raw AFQMC/pt2CCSD energy (dir sample): -224.733081 ± 0.000152
--------------------------------------------- Clean Obeservation ---------------------------------------------
removing energies outside zeta > 30
Outlier energy bound [-224.827787, -224.636774]
Removed 0 outliers with energies []
Clean AFQMC/pt2CCSD overlap ratio:        1.004900 ± 0.000114
Clean AFQMC/pt2CCSD energy (covariance): -224.733081 ± 0.000186
Clean AFQMC/ptCCSD energy (dir sample):  -224.733081 ± 0.000152
--------------------------------------------- Blocking Analysis ----------------------------------------------
nsample = 1000, max_block_size = 25, min_nblocks = 40
   B    NB    NS  Observable     Error    dError
   1  1000  1000    1.004900  0.000039  0.000001
   2   500  1000    1.004900  0.000052  0.000002
   3   333   999    1.004897  0.000060  0.000002
   4   250  1000    1.004900  0.000067  0.000003
   5   200  1000    1.004900  0.000071  0.000004
   6   166   996    1.004889  0.000075  0.000004
   7   142   994    1.004882  0.000077  0.000005
   8   125  1000    1.004900  0.000079  0.000005
   9   111   999    1.004897  0.000085  0.000006
  10   100  1000    1.004900  0.000088  0.000006
  11    90   990    1.004873  0.000085  0.000006
  12    83   996    1.004889  0.000094  0.000007
  13    76   988    1.004868  0.000087  0.000007
  14    71   994    1.004881  0.000093  0.000008
  15    66   990    1.004873  0.000093  0.000008
  16    62   992    1.004877  0.000093  0.000008
  17    58   986    1.004863  0.000091  0.000009
  18    55   990    1.004873  0.000090  0.000009
  19    52   988    1.004869  0.000088  0.000009
  20    50  1000    1.004900  0.000109  0.000011
  21    47   987    1.004865  0.000095  0.000010
  22    45   990    1.004873  0.000094  0.000010
  23    43   989    1.004871  0.000101  0.000011
  24    41   984    1.004855  0.000087  0.000010
  25    40  1000    1.004900  0.000114  0.000013
Fit (variance): plateau_var = 9.252e-09 ± 6.652e-10
Fit (error):    plateau = 0.000096 ± 0.000003
     autocorrelation length ~ 6.4 blocks
     plateau reached at block size ~ 30
     !!!Failed to reach plateau in blocking
     Return max block error
nclean = 1000, max_block_size = 25, min_nblocks = 40
Blk_SZ   NBlk   NSmp      Energy     Error    dError
     1   1000   1000  -224.732971  0.000152  0.000003
     2    500   1000  -224.733005  0.000167  0.000005
     3    333    999  -224.733023  0.000179  0.000007
     4    250   1000  -224.733032  0.000183  0.000008
     5    200   1000  -224.733039  0.000195  0.000010
     6    166    996  -224.733050  0.000193  0.000011
     7    142    994  -224.733058  0.000201  0.000012
     8    125   1000  -224.733049  0.000195  0.000012
     9    111    999  -224.733059  0.000202  0.000014
    10    100   1000  -224.733058  0.000210  0.000015
    11     90    990  -224.733072  0.000199  0.000015
    12     83    996  -224.733069  0.000210  0.000016
    13     76    988  -224.733072  0.000204  0.000017
    14     71    994  -224.733076  0.000211  0.000018
    15     66    990  -224.733076  0.000222  0.000019
    16     62    992  -224.733071  0.000222  0.000020
    17     58    986  -224.733081  0.000221  0.000021
    18     55    990  -224.733078  0.000228  0.000022
    19     52    988  -224.733079  0.000226  0.000022
    20     50   1000  -224.733068  0.000221  0.000022
    21     47    987  -224.733080  0.000232  0.000024
    22     45    990  -224.733083  0.000215  0.000023
    23     43    989  -224.733081  0.000250  0.000027
    24     41    984  -224.733101  0.000240  0.000027
    25     40   1000  -224.733069  0.000246  0.000028
Fit (variance): plateau_var = 5.183619e-08 ± 4.752568e-09
Fit (error):    plateau = 0.000228 ± 0.000010
     autocorrelation length ~ 7.2 blocks
     plateau reached at block size ~ 30
     !!!Failed to reach plateau in blocking
     Return max block error
Final AFQMC/pt2CCSD overlap ratio: 1.004900 ± 0.000114
Final AFQMC/pt2CCSD energy: -224.733081 ± 0.000250
Total run time: 190.02
------------------------------------------ AFQMC Sampling Finished -------------------------------------------
