------------------------------------------- AFQMC Sampling Started -------------------------------------------
Hostname: gpua016.delta.ncsa.illinois.edu
System Type: Linux
Machine Type: x86_64
Processor: x86_64
Using GPU.
System: Linux
Node Name: gpua016.delta.ncsa.illinois.edu
Release: 5.14.0-427.91.1.el9_4.x86_64
Version: #1 SMP PREEMPT_DYNAMIC Wed Sep 17 10:08:59 EDT 2025
Machine: x86_64
Processor: x86_64
Decomposing Unrestricted T2 amplitudes
Throw 0 vectors in T2 deomposition
SVD cutoff = 1.00e-08 | error = 1.11e-15
number of T2 decomposition vectors 288
norb: 30
nelec: (6, 6)
n_eql: 120
n_blocks: 1000
n_walkers: 300
dt: 0.005
max_error: 0.0
seed: 17
walker_type: uhf
trial: uccsd_pt2
free_projection: False
use_gpu: True
n_exp_terms: 6
n_prop_steps: 50
save_walkers: False
n_batch: 1
nchol_chunk: 100
mix_precision: True
initial AFQMC/pt2CCSD Energy is -110.322250
Propagating with 300 walkers
----------------------------------------------- Equilibration ------------------------------------------------
inv_T        weight  killW        energy   runTime
 0.00    300.000000      0   -109.987617     11.06
 3.00    304.639849      0   -110.330237     17.34
 6.00    304.564333      0   -110.347236     17.96
 9.00    305.159601      0   -110.348177     18.58
12.00    304.479201      0   -110.342964     19.20
15.00    304.135656      0   -110.308747     19.82
18.00    305.116741      0   -110.358755     20.43
21.00    305.091094      0   -110.353494     21.05
24.00    304.483848      0   -110.335733     21.67
27.00    304.550859      0   -110.333134     22.29
30.00    304.703777      0   -110.302477     22.91
---------------------------------------------- Sampling Blocks -----------------------------------------------
blocks        weight  killW       E_Guide     error       E_Trial     error     olp_T/G     error  Walltime
    20    304.725218      0   -110.343005  0.007207   -110.336063  0.000942    1.047987  0.000704   30.24
    40    304.147814      0   -110.342834  0.004263   -110.335207  0.000706    1.048370  0.000580   31.76
    60    303.678184      0   -110.340243  0.003560   -110.334857  0.000572    1.048563  0.000405   33.33
    80    303.204633      1   -110.339017  0.002943   -110.335187  0.000627    1.049124  0.000485   34.85
   100    302.849372      1   -110.337144  0.003094   -110.335226  0.000550    1.049290  0.000414   36.38
   120    302.527611      1   -110.336820  0.002691   -110.334836  0.000516    1.049477  0.000378   37.90
   140    302.270820      1   -110.336897  0.002461   -110.334753  0.000462    1.049533  0.000326   39.42
   160    302.031724      1   -110.336952  0.002201   -110.334832  0.000427    1.049570  0.000316   40.94
   180    301.833069      1   -110.336984  0.001949   -110.334816  0.000392    1.049471  0.000292   42.46
   200    301.636958      1   -110.336057  0.001998   -110.334778  0.000362    1.049579  0.000293   43.98
   220    301.479442      1   -110.336433  0.001857   -110.334773  0.000338    1.049304  0.000327   45.51
   240    301.337478      1   -110.336304  0.001798   -110.334655  0.000320    1.049181  0.000313   47.02
   260    301.174899      2   -110.336277  0.001676   -110.334595  0.000305    1.049178  0.000291   48.55
   280    301.074036      3   -110.336884  0.001616   -110.334615  0.000293    1.049164  0.000279   50.07
   300    300.970605      3   -110.336330  0.001651   -110.334627  0.000286    1.049286  0.000274   51.59
   320    300.884285      4   -110.336497  0.001559   -110.334597  0.000278    1.049180  0.000268   53.10
   340    300.810200      4   -110.336722  0.001489   -110.334539  0.000266    1.049061  0.000274   54.63
   360    300.740837      4   -110.336182  0.001440   -110.334431  0.000258    1.049143  0.000265   56.16
   380    300.665608      5   -110.335535  0.001465   -110.334303  0.000248    1.049273  0.000267   57.68
   400    300.600541      5   -110.335195  0.001423   -110.334320  0.000246    1.049345  0.000259   59.20
   420    300.546599      5   -110.335541  0.001369   -110.334316  0.000240    1.049316  0.000247   60.72
   440    300.499566      5   -110.335634  0.001328   -110.334342  0.000233    1.049326  0.000236   62.24
   460    300.449603      5   -110.335752  0.001296   -110.334428  0.000231    1.049254  0.000233   63.76
   480    300.403120      5   -110.335982  0.001303   -110.334508  0.000227    1.049182  0.000248   65.29
   500    300.361605      5   -110.336065  0.001265   -110.334529  0.000227    1.049175  0.000242   66.81
   520    300.326036      5   -110.336083  0.001282   -110.334506  0.000221    1.049183  0.000232   68.33
   540    300.294444      5   -110.336353  0.001252   -110.334509  0.000216    1.049184  0.000222   69.85
   560    300.257732      5   -110.336160  0.001256   -110.334480  0.000210    1.049216  0.000219   71.38
   580    300.229984      5   -110.336411  0.001233   -110.334494  0.000209    1.049203  0.000214   72.89
   600    300.201266      6   -110.336315  0.001184   -110.334489  0.000205    1.049206  0.000213   74.41
   620    300.170810      6   -110.336094  0.001193   -110.334424  0.000201    1.049201  0.000208   75.93
   640    300.150905      6   -110.336214  0.001147   -110.334495  0.000204    1.049163  0.000215   77.45
   660    300.127343      6   -110.336346  0.001133   -110.334579  0.000206    1.049151  0.000210   78.97
   680    300.106831      6   -110.336647  0.001113   -110.334620  0.000204    1.049057  0.000224   80.48
   700    300.085601      7   -110.336685  0.001099   -110.334607  0.000201    1.048965  0.000225   82.01
   720    300.069196      7   -110.336656  0.001059   -110.334559  0.000197    1.048957  0.000221   83.53
   740    300.049948      7   -110.336404  0.001083   -110.334543  0.000194    1.048997  0.000221   85.06
   760    300.033139      7   -110.336419  0.001078   -110.334530  0.000190    1.048992  0.000217   86.58
   780    300.016016      7   -110.336234  0.001067   -110.334520  0.000187    1.049019  0.000214   88.11
   800    300.000502      7   -110.336132  0.001060   -110.334547  0.000185    1.049010  0.000212   89.63
   820    299.984899      8   -110.336017  0.001029   -110.334613  0.000188    1.049014  0.000207   91.15
   840    299.968314     11   -110.336180  0.001038   -110.334616  0.000185    1.048957  0.000213   92.67
   860    299.947686     11   -110.335879  0.001037   -110.334584  0.000182    1.048968  0.000213   94.23
   880    299.935486     11   -110.335846  0.001039   -110.334580  0.000179    1.048967  0.000208   95.75
   900    299.921252     11   -110.335859  0.001014   -110.334533  0.000177    1.048940  0.000203   97.27
   920    299.905998     11   -110.335891  0.000992   -110.334547  0.000177    1.048881  0.000206   98.80
   940    299.895447     13   -110.335984  0.000972   -110.334551  0.000175    1.048875  0.000204  100.33
   960    299.885393     13   -110.335860  0.000951   -110.334546  0.000173    1.048875  0.000205  101.85
   980    299.874681     13   -110.335865  0.000948   -110.334548  0.000171    1.048901  0.000205  103.37
  1000    299.864189     13   -110.335819  0.000939   -110.334566  0.000169    1.048917  0.000204  104.90
---------------------------------------------- Post Propagation ----------------------------------------------
Total number of samples 1000
Raw AFQMC/HF (Guide) energy:           -110.335819 ± 0.000939
Raw Trial/Guide overlap ratio:          1.048917 ± 0.000204
Raw AFQMC/pt2CCSD energy (covariance): -110.334566 ± 0.000169
Raw AFQMC/pt2CCSD energy (dir sample): -110.334566 ± 0.000148
--------------------------------------------- Clean Obeservation ---------------------------------------------
removing energies outside zeta > 30
Outlier energy bound [-110.430914, -110.236031]
Removed 0 outliers with energies []
Clean AFQMC/pt2CCSD overlap ratio:        1.048917 ± 0.000204
Clean AFQMC/pt2CCSD energy (covariance): -110.334566 ± 0.000169
Clean AFQMC/ptCCSD energy (dir sample):  -110.334566 ± 0.000148
--------------------------------------------- Blocking Analysis ----------------------------------------------
nsample = 1000, max_block_size = 25, min_nblocks = 40
   B    NB    NS  Observable     Error    dError
   1  1000  1000    1.048917  0.000073  0.000002
   2   500  1000    1.048917  0.000095  0.000003
   3   333   999    1.048915  0.000110  0.000004
   4   250  1000    1.048917  0.000123  0.000006
   5   200  1000    1.048917  0.000132  0.000007
   6   166   996    1.048919  0.000140  0.000008
   7   142   994    1.048920  0.000146  0.000009
   8   125  1000    1.048916  0.000155  0.000010
   9   111   999    1.048915  0.000158  0.000011
  10   100  1000    1.048916  0.000164  0.000012
  11    90   990    1.048920  0.000163  0.000012
  12    83   996    1.048919  0.000172  0.000013
  13    76   988    1.048915  0.000176  0.000014
  14    71   994    1.048920  0.000178  0.000015
  15    66   990    1.048920  0.000185  0.000016
  16    62   992    1.048920  0.000190  0.000017
  17    58   986    1.048911  0.000184  0.000017
  18    55   990    1.048920  0.000190  0.000018
  19    52   988    1.048915  0.000194  0.000019
  20    50  1000    1.048916  0.000188  0.000019
  21    47   987    1.048913  0.000192  0.000020
  22    45   990    1.048920  0.000190  0.000020
  23    43   989    1.048917  0.000192  0.000021
  24    41   984    1.048908  0.000203  0.000023
  25    40  1000    1.048916  0.000204  0.000023
Fit (variance): plateau_var = 4.188e-08 ± 4.405e-09
Fit (error):    plateau = 0.000205 ± 0.000011
     autocorrelation length ~ 9.9 blocks
     plateau reached at block size ~ 46
     !!!Failed to reach plateau in blocking
     Return max block error
nclean = 1000, max_block_size = 25, min_nblocks = 40
Blk_SZ   NBlk   NSmp      Energy     Error    dError
     1   1000   1000  -110.334434  0.000148  0.000003
     2    500   1000  -110.334465  0.000162  0.000005
     3    333    999  -110.334489  0.000163  0.000006
     4    250   1000  -110.334492  0.000167  0.000007
     5    200   1000  -110.334502  0.000170  0.000009
     6    166    996  -110.334508  0.000166  0.000009
     7    142    994  -110.334521  0.000174  0.000010
     8    125   1000  -110.334521  0.000165  0.000010
     9    111    999  -110.334526  0.000178  0.000012
    10    100   1000  -110.334526  0.000169  0.000012
    11     90    990  -110.334518  0.000180  0.000013
    12     83    996  -110.334523  0.000167  0.000013
    13     76    988  -110.334517  0.000183  0.000015
    14     71    994  -110.334541  0.000180  0.000015
    15     66    990  -110.334522  0.000188  0.000017
    16     62    992  -110.334542  0.000174  0.000016
    17     58    986  -110.334528  0.000186  0.000017
    18     55    990  -110.334528  0.000196  0.000019
    19     52    988  -110.334528  0.000188  0.000019
    20     50   1000  -110.334544  0.000169  0.000017
    21     47    987  -110.334524  0.000206  0.000021
    22     45    990  -110.334533  0.000202  0.000022
    23     43    989  -110.334536  0.000189  0.000021
    24     41    984  -110.334529  0.000188  0.000021
    25     40   1000  -110.334549  0.000181  0.000020
Fit (variance): plateau_var = 3.359564e-08 ± 2.513421e-09
Fit (error):    plateau = 0.000183 ± 0.000007
     autocorrelation length ~ 5.6 blocks
     plateau reached at block size ~ 21
Final AFQMC/pt2CCSD overlap ratio: 1.048917 ± 0.000204
Final AFQMC/pt2CCSD energy: -110.334566 ± 0.000183
Total run time: 114.13
------------------------------------------ AFQMC Sampling Finished -------------------------------------------
