#INFO: **** input file is /projects/yizh8382/projects/w4_17/w4-17_all/pyscf_input/run_pyscf_vdzsd.py ****
import os
import glob
import numpy as np
from pyscf import gto, scf, cc

# basis = "ccpvdz"
xyz_dir = "../w4_17_xyz/closed_shell"
results_file = f"../result/closed_shell_rhf_sym_vdzsd.dat"
out_dir = "../result/molout/closed_shell"
os.makedirs(out_dir, exist_ok=True)

# Set to a list of molecule names to run only those, e.g. ["acetaldehyde", "benzene"]
# Set to None to run all molecules in xyz_dir
select_molecules = None
symmetry = True

def vdzsd(elem):
    if elem in ('H', 'He'):
        raw_basis = gto.basis.load('ccpvdz', elem)
        return [b for b in raw_basis if b[0] != 1]
    else:
        return gto.basis.load('ccpvdz', elem)

def get_vdzsd_basis(atoms):
    elems = {line.split()[0] for line in atoms.strip().splitlines() if line.strip()}
    basis_dict = {el: vdzsd(el) for el in elems}
    return basis_dict

all_xyz = sorted(glob.glob(os.path.join(xyz_dir, "*.xyz")))
if select_molecules is not None:
    select_set = set(select_molecules)
    xyz_files = [p for p in all_xyz if os.path.splitext(os.path.basename(p))[0] in select_set]
    missing = select_set - {os.path.splitext(os.path.basename(p))[0] for p in xyz_files}
    if missing:
        print(f"Warning: no .xyz file found for: {', '.join(sorted(missing))} in {xyz_dir}")
else:
    xyz_files = all_xyz

with open(results_file, "w") as out:
    out.write(f"{'Molecule':<16s} {'Charge':>6s} {'2S':>6s} {'frozen':>6s} "
              f"{'E_RHF (Eh)':>20s} {'E_CCSD (Eh)':>20s} {'E_CCSD(T) (Eh)':>20s}\n")
    out.write("-" * 100 + "\n")

for xyz_path in xyz_files:
    with open(xyz_path, "r") as f:
        lines = f.readlines()

    # Parse charge and multiplicity from second line: "name charge=X mult=Y"
    second_line = lines[1]
    charge = int(second_line.split("charge=")[1].split()[0])
    mult   = int(second_line.split("mult=")[1].split()[0])
    spin   = mult - 1   # PySCF spin input is 2S = mult - 1
    mol_name = second_line.split()[0]

    # Coordinates only (skip the atom count and comment lines)
    atoms = "".join(lines[2:])
    basis_dict = get_vdzsd_basis(atoms)

    print(f"\n{'='*60}")
    print(f"Running: {mol_name}  charge={charge}  spin={spin}")
    print(f"{'='*60}")
    
    mol = gto.M(
        atom=atoms,
        basis=basis_dict,
        verbose=4,
        output=os.path.join(out_dir, f"{mol_name}_sym_vdzsd.out"),
        unit="angstrom",
        symmetry=symmetry,
        charge=charge,
        spin=spin,
        max_memory=40000,
    )

    mf = scf.RHF(mol)
    mf.max_cycle = 200
    mf = mf.newton()
    mf.kernel()

    # Stability check loop — at most 10 attempts
    max_stability_cycles = 10
    stable = False
    for stability_iter in range(max_stability_cycles):
        mo_i, _, stable, _ = mf.stability(return_status=True)
        if stable:
            break
        dm = mf.make_rdm1(mo_i, mf.mo_occ)
        mf.kernel(dm0=dm)

    if not stable or not mf.converged:
        print(f"  !! SCF did not converge for {mol_name} — skipping.")
        with open(results_file, "a") as out:
            out.write(f"{mol_name:<16s} {charge:>6d} {spin:>6d} {'N/A':>6s} "
                      f"{'UNCONVERGED':>20s} {'UNCONVERGED':>20s} {'UNCONVERGED':>20s}\n")
        continue

    energy = mf.e_tot

    mycc = cc.CCSD(mf)
    mycc.set_frozen()
    mycc.kernel()
    e_ccsd = mycc.e_tot
    et = mycc.ccsd_t()
    e_ccsdt = e_ccsd + et
    frozen = mycc.frozen

    with open(results_file, "a") as out:
        out.write(f"{mol_name:<16s} {charge:>6d} {spin:>6d} {frozen:>6d} "
                  f"{energy:>20.10f} {e_ccsd:>20.10f} {e_ccsdt:>20.10f}\n")

    print(f"  => E_RHF({mol_name})     = {energy:.10f} Eh")
    print(f"  => E_CCSD({mol_name})    = {e_ccsd:.10f} Eh")
    print(f"  => E_CCSD(T)({mol_name}) = {e_ccsdt:.10f} Eh")

print(f"\nAll calculations complete. Results saved to {results_file}")
#INFO: ******************** input file end ********************


System: uname_result(system='Linux', node='bnode0309.rc.int.colorado.edu', release='4.18.0-477.27.1.el8_8.x86_64', version='#1 SMP Thu Aug 31 10:29:22 EDT 2023', machine='x86_64')  Threads 28
Python 3.10.2 | packaged by conda-forge | (main, Mar  8 2022, 15:52:01) [GCC 9.4.0]
numpy 2.0.2  scipy 1.14.1  h5py 3.12.1
Date: Thu May 14 09:54:10 2026
PySCF version 2.9.0
PySCF path  /projects/yizh8382/tools/lno_pyscf_gcc
GIT HEAD (branch master) 142756584ed3963728cc1f6823286f4605811a6c

[ENV] PYSCF_TMPDIR /scratch/alpine/yizh8382/pyscf
[ENV] PYSCF_EXT_PATH /home/yizh8382/tools/pyscf-forge
[CONFIG] conf_file None
[INPUT] verbose = 4
[INPUT] num. atoms = 8
[INPUT] num. electrons = 26
[INPUT] charge = 0
[INPUT] spin (= nelec alpha-beta = 2S) = 0
[INPUT] symmetry True subgroup None
[INPUT] Mole.unit = angstrom
[INPUT] Symbol           X                Y                Z      unit          X                Y                Z       unit  Magmom
[INPUT]  1 F      1.223684000000  -0.102770000000   0.000000000000 AA    2.312427623012  -0.194207153822   0.000000000000 Bohr   0.0
[INPUT]  2 C      0.000000000000   0.558143000000   0.000000000000 AA    0.000000000000   1.054737408343   0.000000000000 Bohr   0.0
[INPUT]  3 C     -1.122802000000  -0.450951000000   0.000000000000 AA   -2.121788272114  -0.852173885599   0.000000000000 Bohr   0.0
[INPUT]  4 H     -2.084290000000   0.065246000000   0.000000000000 AA   -3.938737264170   0.123297070723   0.000000000000 Bohr   0.0
[INPUT]  5 H     -0.028060000000   1.191265000000   0.887974000000 AA   -0.053025715055   2.251164591780   1.678027665735 Bohr   0.0
[INPUT]  6 H     -0.028060000000   1.191265000000  -0.887974000000 AA   -0.053025715055   2.251164591780  -1.678027665735 Bohr   0.0
[INPUT]  7 H     -1.067967000000  -1.082997000000   0.885745000000 AA   -2.018165140073  -2.046567723726   1.673815466203 Bohr   0.0
[INPUT]  8 H     -1.067967000000  -1.082997000000  -0.885745000000 AA   -2.018165140073  -2.046567723726  -1.673815466203 Bohr   0.0

nuclear repulsion = 79.3110075244268
point group symmetry = Cs
symmetry origin: [-6.83214169e-17  2.90727096e-07  0.00000000e+00]
symmetry axis x: [-0.1959734   0.98060921  0.        ]
symmetry axis y: [0.98060921 0.1959734  0.        ]
symmetry axis z: [0. 0. 1.]
num. orbitals of irrep A' = 36
num. orbitals of irrep A" = 16
number of shells = 25
number of NR pGTOs = 98
number of NR cGTOs = 52
basis = {'C': [[0, [6665.0, 0.000692, -0.000146], [1000.0, 0.005329, -0.001154], [228.0, 0.027077, -0.005725], [64.71, 0.101718, -0.023312], [21.06, 0.27474, -0.063955], [7.495, 0.448564, -0.149981], [2.797, 0.285074, -0.127262], [0.5215, 0.015204, 0.544529]], [0, [0.1596, 1.0]], [1, [9.439, 0.038109], [2.002, 0.20948], [0.5456, 0.508557]], [1, [0.1517, 1.0]], [2, [0.55, 1.0]]], 'H': [[0, [13.01, 0.019685], [1.962, 0.137977], [0.4446, 0.478148]], [0, [0.122, 1.0]]], 'F': [[0, [14710.0, 0.000721, -0.000165], [2207.0, 0.005553, -0.001308], [502.8, 0.028267, -0.006495], [142.6, 0.106444, -0.026691], [46.47, 0.286814, -0.07369], [16.7, 0.448641, -0.170776], [6.356, 0.264761, -0.112327], [1.316, 0.015333, 0.562814]], [0, [0.3897, 1.0]], [1, [22.67, 0.044878], [4.977, 0.235718], [1.347, 0.508521]], [1, [0.3471, 1.0]], [2, [1.64, 1.0]]]}
ecp = {}
CPU time:      4390.21
Freeze 0 electrons in irreps []
    26 free electrons in irreps A' A"




******** <class 'pyscf.soscf.newton_ah.SecondOrderSymAdaptedRHF'> ********
method = SecondOrderSymAdaptedRHF
initial guess = minao
damping factor = 0
level_shift factor = 0
DIIS = <class 'pyscf.scf.diis.CDIIS'>
diis_start_cycle = 1
diis_space = 8
diis_damp = 0
SCF conv_tol = 1e-09
SCF conv_tol_grad = None
SCF max_cycles = 200
direct_scf = True
direct_scf_tol = 1e-13
chkfile to save SCF result = /scratch/alpine/yizh8382/pyscf/tmpw61omvs2
max_memory 40000 MB (current use 1531 MB)
******** <class 'pyscf.scf.hf_symm.SymAdaptedRHF'> Newton solver flags ********
SCF tol = 1e-09
conv_tol_grad = None
max. SCF cycles = 200
direct_scf = True
direct_scf_tol = 1e-13
chkfile to save SCF result = /scratch/alpine/yizh8382/pyscf/tmpw61omvs2
max_cycle_inner = 12
max_stepsize = 0.05
ah_start_tol = 1e+09
ah_level_shift = 0
ah_conv_tol = 1e-12
ah_lindep = 1e-14
ah_start_cycle = 1
ah_max_cycle = 40
ah_grad_trust_region = 2.5
kf_interval = 4
kf_trust_region = 5
canonicalization = True
max_memory 40000 MB (current use 1531 MB)
Set conv_tol_grad to 3.16228e-05
Initial guess from minao.
HOMO (A") = -0.363813624938434  LUMO (A') = 0.137797940705873
Initial guess E= -178.009662235686  |g|= 0.519051
macro= 0  E= -178.073363372637  delta_E= -0.0637011  |g|= 0.00441109  4 KF 13 JK
macro= 1  E= -178.073363595222  delta_E= -2.22585e-07  |g|= 6.54054e-05  2 KF 7 JK
macro= 2  E= -178.073363595222  delta_E= 3.41061e-13  |g|= 4.44561e-06  1 KF 2 JK
Canonicalize SCF orbitals
macro X = 3  E=-178.073363595222  |g|= 4.44561e-06  total 8 KF 26 JK
converged SCF energy = -178.073363595222
rhf_internal: lowest eigs of H = [1.80754537 1.86359048 1.94148349]
<class 'pyscf.soscf.newton_ah.SecondOrderSymAdaptedRHF'> wavefunction is stable in the internal stability analysis

******** <class 'pyscf.cc.ccsd.CCSD'> ********
CC2 = 0
CCSD nocc = 10, nmo = 49
frozen orbitals 3
max_cycle = 50
direct = 0
conv_tol = 1e-07
conv_tol_normt = 1e-05
diis_space = 6
diis_start_cycle = 0
diis_start_energy_diff = 1e+09
max_memory 40000 MB (current use 1531 MB)
Init t2, MP2 energy = -178.515917017283  E_corr(MP2) -0.442553422061736
Init E_corr(CCSD) = -0.442553422065787
cycle = 1  E_corr(CCSD) = -0.461023280072791  dE = -0.018469858  norm(t1,t2) = 0.0497397
cycle = 2  E_corr(CCSD) = -0.471935405860793  dE = -0.0109121258  norm(t1,t2) = 0.0148532
cycle = 3  E_corr(CCSD) = -0.473838838589326  dE = -0.00190343273  norm(t1,t2) = 0.00645078
cycle = 4  E_corr(CCSD) = -0.475332279968417  dE = -0.00149344138  norm(t1,t2) = 0.00226038
cycle = 5  E_corr(CCSD) = -0.475331246746937  dE = 1.03322148e-06  norm(t1,t2) = 0.000473931
cycle = 6  E_corr(CCSD) = -0.475304571879234  dE = 2.66748677e-05  norm(t1,t2) = 0.000154754
cycle = 7  E_corr(CCSD) = -0.475303219290408  dE = 1.35258883e-06  norm(t1,t2) = 3.83516e-05
cycle = 8  E_corr(CCSD) = -0.475304420495611  dE = -1.2012052e-06  norm(t1,t2) = 1.38102e-05
cycle = 9  E_corr(CCSD) = -0.475304432134882  dE = -1.16392707e-08  norm(t1,t2) = 5.41719e-06
CCSD converged
E(CCSD) = -178.5486680273566  E_corr = -0.4753044321348818
CCSD(T) correction = -0.00951757096500268
