#INFO: **** input file is /projects/yizh8382/projects/w4_17/w4-17_all/pyscf_input/run_pyscf_vdzsd.py ****
import os
import glob
import numpy as np
from pyscf import gto, scf, cc

# basis = "ccpvdz"
xyz_dir = "../w4_17_xyz/closed_shell"
results_file = f"../result/closed_shell_rhf_sym_vdzsd.dat"
out_dir = "../result/molout/closed_shell"
os.makedirs(out_dir, exist_ok=True)

# Set to a list of molecule names to run only those, e.g. ["acetaldehyde", "benzene"]
# Set to None to run all molecules in xyz_dir
select_molecules = None
symmetry = True

def vdzsd(elem):
    if elem in ('H', 'He'):
        raw_basis = gto.basis.load('ccpvdz', elem)
        return [b for b in raw_basis if b[0] != 1]
    else:
        return gto.basis.load('ccpvdz', elem)

def get_vdzsd_basis(atoms):
    elems = {line.split()[0] for line in atoms.strip().splitlines() if line.strip()}
    basis_dict = {el: vdzsd(el) for el in elems}
    return basis_dict

all_xyz = sorted(glob.glob(os.path.join(xyz_dir, "*.xyz")))
if select_molecules is not None:
    select_set = set(select_molecules)
    xyz_files = [p for p in all_xyz if os.path.splitext(os.path.basename(p))[0] in select_set]
    missing = select_set - {os.path.splitext(os.path.basename(p))[0] for p in xyz_files}
    if missing:
        print(f"Warning: no .xyz file found for: {', '.join(sorted(missing))} in {xyz_dir}")
else:
    xyz_files = all_xyz

with open(results_file, "w") as out:
    out.write(f"{'Molecule':<16s} {'Charge':>6s} {'2S':>6s} {'frozen':>6s} "
              f"{'E_RHF (Eh)':>20s} {'E_CCSD (Eh)':>20s} {'E_CCSD(T) (Eh)':>20s}\n")
    out.write("-" * 100 + "\n")

for xyz_path in xyz_files:
    with open(xyz_path, "r") as f:
        lines = f.readlines()

    # Parse charge and multiplicity from second line: "name charge=X mult=Y"
    second_line = lines[1]
    charge = int(second_line.split("charge=")[1].split()[0])
    mult   = int(second_line.split("mult=")[1].split()[0])
    spin   = mult - 1   # PySCF spin input is 2S = mult - 1
    mol_name = second_line.split()[0]

    # Coordinates only (skip the atom count and comment lines)
    atoms = "".join(lines[2:])
    basis_dict = get_vdzsd_basis(atoms)

    print(f"\n{'='*60}")
    print(f"Running: {mol_name}  charge={charge}  spin={spin}")
    print(f"{'='*60}")
    
    mol = gto.M(
        atom=atoms,
        basis=basis_dict,
        verbose=4,
        output=os.path.join(out_dir, f"{mol_name}_sym_vdzsd.out"),
        unit="angstrom",
        symmetry=symmetry,
        charge=charge,
        spin=spin,
        max_memory=40000,
    )

    mf = scf.RHF(mol)
    mf.max_cycle = 200
    mf = mf.newton()
    mf.kernel()

    # Stability check loop — at most 10 attempts
    max_stability_cycles = 10
    stable = False
    for stability_iter in range(max_stability_cycles):
        mo_i, _, stable, _ = mf.stability(return_status=True)
        if stable:
            break
        dm = mf.make_rdm1(mo_i, mf.mo_occ)
        mf.kernel(dm0=dm)

    if not stable or not mf.converged:
        print(f"  !! SCF did not converge for {mol_name} — skipping.")
        with open(results_file, "a") as out:
            out.write(f"{mol_name:<16s} {charge:>6d} {spin:>6d} {'N/A':>6s} "
                      f"{'UNCONVERGED':>20s} {'UNCONVERGED':>20s} {'UNCONVERGED':>20s}\n")
        continue

    energy = mf.e_tot

    mycc = cc.CCSD(mf)
    mycc.set_frozen()
    mycc.kernel()
    e_ccsd = mycc.e_tot
    et = mycc.ccsd_t()
    e_ccsdt = e_ccsd + et
    frozen = mycc.frozen

    with open(results_file, "a") as out:
        out.write(f"{mol_name:<16s} {charge:>6d} {spin:>6d} {frozen:>6d} "
                  f"{energy:>20.10f} {e_ccsd:>20.10f} {e_ccsdt:>20.10f}\n")

    print(f"  => E_RHF({mol_name})     = {energy:.10f} Eh")
    print(f"  => E_CCSD({mol_name})    = {e_ccsd:.10f} Eh")
    print(f"  => E_CCSD(T)({mol_name}) = {e_ccsdt:.10f} Eh")

print(f"\nAll calculations complete. Results saved to {results_file}")
#INFO: ******************** input file end ********************


System: uname_result(system='Linux', node='bnode0309.rc.int.colorado.edu', release='4.18.0-477.27.1.el8_8.x86_64', version='#1 SMP Thu Aug 31 10:29:22 EDT 2023', machine='x86_64')  Threads 28
Python 3.10.2 | packaged by conda-forge | (main, Mar  8 2022, 15:52:01) [GCC 9.4.0]
numpy 2.0.2  scipy 1.14.1  h5py 3.12.1
Date: Thu May 14 09:54:14 2026
PySCF version 2.9.0
PySCF path  /projects/yizh8382/tools/lno_pyscf_gcc
GIT HEAD (branch master) 142756584ed3963728cc1f6823286f4605811a6c

[ENV] PYSCF_TMPDIR /scratch/alpine/yizh8382/pyscf
[ENV] PYSCF_EXT_PATH /home/yizh8382/tools/pyscf-forge
[CONFIG] conf_file None
[INPUT] verbose = 4
[INPUT] num. atoms = 8
[INPUT] num. electrons = 18
[INPUT] charge = 0
[INPUT] spin (= nelec alpha-beta = 2S) = 0
[INPUT] symmetry True subgroup None
[INPUT] Mole.unit = angstrom
[INPUT] Symbol           X                Y                Z      unit          X                Y                Z       unit  Magmom
[INPUT]  1 C      0.000000000000   0.000000000000   0.763258000000 AA    0.000000000000   0.000000000000   1.442348582383 Bohr   0.0
[INPUT]  2 C      0.000000000000   0.000000000000  -0.763258000000 AA    0.000000000000   0.000000000000  -1.442348582383 Bohr   0.0
[INPUT]  3 H      0.000000000000   1.016928000000   1.157843000000 AA    0.000000000000   1.921715408402   2.188006165245 Bohr   0.0
[INPUT]  4 H     -0.880686000000  -0.508464000000   1.157843000000 AA   -1.664255341739  -0.960857704201   2.188006165245 Bohr   0.0
[INPUT]  5 H      0.880686000000  -0.508464000000   1.157843000000 AA    1.664255341739  -0.960857704201   2.188006165245 Bohr   0.0
[INPUT]  6 H      0.000000000000  -1.016928000000  -1.157843000000 AA    0.000000000000  -1.921715408402  -2.188006165245 Bohr   0.0
[INPUT]  7 H     -0.880686000000   0.508464000000  -1.157843000000 AA   -1.664255341739   0.960857704201  -2.188006165245 Bohr   0.0
[INPUT]  8 H      0.880686000000   0.508464000000  -1.157843000000 AA    1.664255341739   0.960857704201  -2.188006165245 Bohr   0.0

nuclear repulsion = 42.2815820693107
point group symmetry = C2h
symmetry origin: [0. 0. 0.]
symmetry axis x: [0. 0. 1.]
symmetry axis y: [0. 1. 0.]
symmetry axis z: [1. 0. 0.]
num. orbitals of irrep Ag = 14
num. orbitals of irrep Bg = 6
num. orbitals of irrep Au = 6
num. orbitals of irrep Bu = 14
number of shells = 22
number of NR pGTOs = 76
number of NR cGTOs = 40
basis = {'C': [[0, [6665.0, 0.000692, -0.000146], [1000.0, 0.005329, -0.001154], [228.0, 0.027077, -0.005725], [64.71, 0.101718, -0.023312], [21.06, 0.27474, -0.063955], [7.495, 0.448564, -0.149981], [2.797, 0.285074, -0.127262], [0.5215, 0.015204, 0.544529]], [0, [0.1596, 1.0]], [1, [9.439, 0.038109], [2.002, 0.20948], [0.5456, 0.508557]], [1, [0.1517, 1.0]], [2, [0.55, 1.0]]], 'H': [[0, [13.01, 0.019685], [1.962, 0.137977], [0.4446, 0.478148]], [0, [0.122, 1.0]]]}
ecp = {}
CPU time:      4478.66
Freeze 0 electrons in irreps []
    18 free electrons in irreps Ag Bg Au Bu




******** <class 'pyscf.soscf.newton_ah.SecondOrderSymAdaptedRHF'> ********
method = SecondOrderSymAdaptedRHF
initial guess = minao
damping factor = 0
level_shift factor = 0
DIIS = <class 'pyscf.scf.diis.CDIIS'>
diis_start_cycle = 1
diis_space = 8
diis_damp = 0
SCF conv_tol = 1e-09
SCF conv_tol_grad = None
SCF max_cycles = 200
direct_scf = True
direct_scf_tol = 1e-13
chkfile to save SCF result = /scratch/alpine/yizh8382/pyscf/tmpbh02z7te
max_memory 40000 MB (current use 1531 MB)
******** <class 'pyscf.scf.hf_symm.SymAdaptedRHF'> Newton solver flags ********
SCF tol = 1e-09
conv_tol_grad = None
max. SCF cycles = 200
direct_scf = True
direct_scf_tol = 1e-13
chkfile to save SCF result = /scratch/alpine/yizh8382/pyscf/tmpbh02z7te
max_cycle_inner = 12
max_stepsize = 0.05
ah_start_tol = 1e+09
ah_level_shift = 0
ah_conv_tol = 1e-12
ah_lindep = 1e-14
ah_start_cycle = 1
ah_max_cycle = 40
ah_grad_trust_region = 2.5
kf_interval = 4
kf_trust_region = 5
canonicalization = True
max_memory 40000 MB (current use 1531 MB)
Set conv_tol_grad to 3.16228e-05
Initial guess from minao.
HOMO (Ag) = -0.385712865117042  LUMO (Ag) = 0.124588825854363
Initial guess E= -79.197977550332  |g|= 0.212795
macro= 0  E= -79.2158051593856  delta_E= -0.0178276  |g|= 7.1582e-05  3 KF 11 JK
macro= 1  E= -79.2158051593861  delta_E= -5.68434e-13  |g|= 4.3837e-06  1 KF 2 JK
Canonicalize SCF orbitals
macro X = 2  E=-79.2158051593861  |g|= 4.3837e-06  total 5 KF 16 JK
converged SCF energy = -79.2158051593861
rhf_internal: lowest eigs of H = [1.73266755 1.84340695 2.08587234]
<class 'pyscf.soscf.newton_ah.SecondOrderSymAdaptedRHF'> wavefunction is stable in the internal stability analysis

******** <class 'pyscf.cc.ccsd.CCSD'> ********
CC2 = 0
CCSD nocc = 7, nmo = 38
frozen orbitals 2
max_cycle = 50
direct = 0
conv_tol = 1e-07
conv_tol_normt = 1e-05
diis_space = 6
diis_start_cycle = 0
diis_start_energy_diff = 1e+09
max_memory 40000 MB (current use 1531 MB)
Init t2, MP2 energy = -79.4781625641202  E_corr(MP2) -0.262357404734115
Init E_corr(CCSD) = -0.262357404739481
cycle = 1  E_corr(CCSD) = -0.286080578962852  dE = -0.0237231742  norm(t1,t2) = 0.0414101
cycle = 2  E_corr(CCSD) = -0.293550471445408  dE = -0.00746989248  norm(t1,t2) = 0.0130258
cycle = 3  E_corr(CCSD) = -0.296784105291115  dE = -0.00323363385  norm(t1,t2) = 0.00497341
cycle = 4  E_corr(CCSD) = -0.296895726307925  dE = -0.000111621017  norm(t1,t2) = 0.000778339
cycle = 5  E_corr(CCSD) = -0.29686650651448  dE = 2.92197934e-05  norm(t1,t2) = 0.000209902
cycle = 6  E_corr(CCSD) = -0.296871762455231  dE = -5.25594075e-06  norm(t1,t2) = 4.78431e-05
cycle = 7  E_corr(CCSD) = -0.29687237240684  dE = -6.09951609e-07  norm(t1,t2) = 1.01717e-05
cycle = 8  E_corr(CCSD) = -0.296872329285345  dE = 4.31214952e-08  norm(t1,t2) = 2.45488e-06
CCSD converged
E(CCSD) = -79.51267748867147  E_corr = -0.2968723292853449
CCSD(T) correction = -0.00626327756640921
