------------------------------------------- AFQMC Sampling Started -------------------------------------------
Hostname: gpua016.delta.ncsa.illinois.edu
System Type: Linux
Machine Type: x86_64
Processor: x86_64
Using GPU.
System: Linux
Node Name: gpua016.delta.ncsa.illinois.edu
Release: 5.14.0-427.91.1.el9_4.x86_64
Version: #1 SMP PREEMPT_DYNAMIC Wed Sep 17 10:08:59 EDT 2025
Machine: x86_64
Processor: x86_64
Decomposing Unrestricted T2 amplitudes
Throw 0 vectors in T2 deomposition
SVD cutoff = 1.00e-08 | error = 8.88e-16
number of T2 decomposition vectors 250
norb: 30
nelec: (5, 5)
n_eql: 120
n_blocks: 1000
n_walkers: 300
dt: 0.005
max_error: 0.0
seed: 17
walker_type: uhf
trial: uccsd_pt2
free_projection: False
use_gpu: True
n_exp_terms: 6
n_prop_steps: 50
save_walkers: False
n_batch: 1
nchol_chunk: 100
mix_precision: True
initial AFQMC/pt2CCSD Energy is -77.014878
Propagating with 300 walkers
----------------------------------------------- Equilibration ------------------------------------------------
inv_T        weight  killW        energy   runTime
 0.00    300.000000      0    -76.766305     11.06
 3.00    303.045106      0    -77.021883     17.48
 6.00    303.571103      0    -77.011312     18.07
 9.00    303.439718      0    -77.049485     18.74
12.00    303.287646      0    -77.036226     19.35
15.00    302.587664      0    -77.016830     19.95
18.00    302.897138      0    -77.015734     20.54
21.00    303.417914      0    -77.029422     21.14
24.00    303.182026      0    -77.005311     21.74
27.00    302.746393      0    -77.019422     22.33
30.00    302.921952      0    -77.033522     22.93
---------------------------------------------- Sampling Blocks -----------------------------------------------
blocks        weight  killW       E_Guide     error       E_Trial     error     olp_T/G     error  Walltime
    20    303.111367      1    -77.023794  0.008987    -77.025030  0.001365    1.032167  0.000829   30.22
    40    302.803528      1    -77.028462  0.005545    -77.025057  0.000827    1.032156  0.000513   31.69
    60    302.468556      2    -77.028832  0.003579    -77.025073  0.000598    1.035170  0.001952   33.17
    80    302.141911      3    -77.028870  0.002871    -77.024708  0.000495    1.036889  0.001820   34.64
   100    301.851339      4    -77.027394  0.002551    -77.024558  0.000413    1.036778  0.001439   36.12
   120    301.640906      4    -77.027075  0.002245    -77.024467  0.000364    1.036986  0.001204   37.60
   140    301.427510      5    -77.025808  0.002119    -77.024459  0.000326    1.037511  0.001087   39.08
   160    301.239823      6    -77.024975  0.001945    -77.024438  0.000297    1.037555  0.000968   40.56
   180    301.079104      6    -77.024201  0.001811    -77.024373  0.000273    1.037830  0.000879   42.03
   200    300.961047      7    -77.024906  0.001714    -77.024422  0.000273    1.037993  0.000803   43.51
   220    300.850368      7    -77.025162  0.001580    -77.024392  0.000254    1.038272  0.000756   44.99
   240    300.746503      8    -77.024845  0.001515    -77.024450  0.000242    1.038656  0.000741   46.47
   260    300.652822      8    -77.025222  0.001410    -77.024452  0.000232    1.038963  0.000715   47.94
   280    300.575310      8    -77.025998  0.001432    -77.024603  0.000290    1.039067  0.000667   49.42
   300    300.488261      8    -77.025793  0.001350    -77.024540  0.000276    1.039363  0.000661   50.89
   320    300.430000      8    -77.026480  0.001423    -77.024525  0.000276    1.039443  0.000624   52.37
   340    300.359981      8    -77.025910  0.001418    -77.024456  0.000263    1.039569  0.000593   53.85
   360    300.302349      9    -77.026006  0.001334    -77.024562  0.000267    1.039660  0.000566   55.32
   380    300.247457      9    -77.026156  0.001276    -77.024491  0.000256    1.039730  0.000540   56.79
   400    300.195950      9    -77.026002  0.001222    -77.024538  0.000245    1.039906  0.000527   58.27
   420    300.148801     10    -77.025656  0.001182    -77.024497  0.000234    1.040135  0.000527   59.75
   440    300.110029     10    -77.025884  0.001162    -77.024468  0.000226    1.040229  0.000515   61.22
   460    300.075259     10    -77.025946  0.001133    -77.024458  0.000217    1.040333  0.000507   62.70
   480    300.041007     10    -77.025918  0.001103    -77.024432  0.000210    1.040395  0.000501   64.18
   500    300.007154     10    -77.025888  0.001066    -77.024421  0.000203    1.040462  0.000489   65.66
   520    299.975111     11    -77.025607  0.001061    -77.024383  0.000196    1.040626  0.000498   67.13
   540    299.947672     11    -77.025655  0.001018    -77.024372  0.000191    1.040625  0.000486   68.60
   560    299.921526     11    -77.025573  0.000991    -77.024312  0.000186    1.040699  0.000483   70.07
   580    299.893141     11    -77.025425  0.000974    -77.024309  0.000181    1.040763  0.000474   71.55
   600    299.865407     12    -77.025201  0.001061    -77.024271  0.000176    1.040810  0.000463   73.03
   620    299.837264     13    -77.024820  0.001103    -77.024261  0.000171    1.040831  0.000448   74.50
   640    299.818820     14    -77.024781  0.001081    -77.024289  0.000169    1.040861  0.000446   75.98
   660    299.802888     14    -77.024823  0.001035    -77.024305  0.000166    1.040870  0.000435   77.46
   680    299.779659     14    -77.024529  0.001044    -77.024282  0.000163    1.040908  0.000425   78.97
   700    299.765355     15    -77.024703  0.001022    -77.024335  0.000162    1.040940  0.000417   80.44
   720    299.776088     15    -77.026192  0.001855    -77.023965  0.000268    1.041009  0.000420   81.91
   740    299.763299     15    -77.026221  0.001812    -77.023990  0.000262    1.041008  0.000409   83.39
   760    299.747133     15    -77.025997  0.001781    -77.023999  0.000255    1.041015  0.000414   84.87
   780    299.736634     15    -77.026082  0.001741    -77.023982  0.000249    1.041060  0.000405   86.35
   800    299.724391     15    -77.026022  0.001667    -77.023985  0.000244    1.041087  0.000419   87.83
   820    299.713273     15    -77.026047  0.001632    -77.024020  0.000238    1.041094  0.000409   89.31
   840    299.701965     15    -77.026109  0.001628    -77.024027  0.000234    1.041011  0.000408   90.79
   860    299.692487     16    -77.026221  0.001628    -77.024021  0.000230    1.040989  0.000406   92.28
   880    299.685041     16    -77.026348  0.001592    -77.024050  0.000226    1.040902  0.000399   93.75
   900    299.673538     16    -77.026274  0.001561    -77.024075  0.000222    1.040885  0.000397   95.23
   920    299.662400     17    -77.026353  0.001527    -77.024126  0.000218    1.040786  0.000395   96.70
   940    299.653040     18    -77.026347  0.001493    -77.024112  0.000214    1.040681  0.000400   98.18
   960    299.644336     18    -77.026278  0.001461    -77.024115  0.000210    1.040698  0.000401   99.66
   980    299.636909     19    -77.026223  0.001435    -77.024112  0.000206    1.040716  0.000401  101.14
  1000    299.631502     19    -77.026389  0.001406    -77.024139  0.000203    1.040710  0.000391  102.62
---------------------------------------------- Post Propagation ----------------------------------------------
Total number of samples 1000
Raw AFQMC/HF (Guide) energy:           -77.026389 ± 0.001406
Raw Trial/Guide overlap ratio:          1.040710 ± 0.000391
Raw AFQMC/pt2CCSD energy (covariance): -77.024139 ± 0.000203
Raw AFQMC/pt2CCSD energy (dir sample): -77.024139 ± 0.000338
--------------------------------------------- Clean Obeservation ---------------------------------------------
removing energies outside zeta > 30
Outlier energy bound [-77.091308, -76.956286]
Removed 2 outliers with energies [-76.83192032 -76.77083754]
Clean AFQMC/pt2CCSD overlap ratio:        1.040725 ± 0.000394
Clean AFQMC/pt2CCSD energy (covariance): -77.024342 ± 0.000135
Clean AFQMC/ptCCSD energy (dir sample):  -77.024342 ± 0.000116
--------------------------------------------- Blocking Analysis ----------------------------------------------
nsample = 998, max_block_size = 24, min_nblocks = 40
   B    NB    NS  Observable     Error    dError
   1   998   998    1.040730  0.000103  0.000002
   2   499   998    1.040730  0.000140  0.000004
   3   332   996    1.040732  0.000168  0.000007
   4   249   996    1.040732  0.000190  0.000009
   5   199   995    1.040730  0.000210  0.000011
   6   166   996    1.040732  0.000227  0.000012
   7   142   994    1.040729  0.000240  0.000014
   8   124   992    1.040728  0.000257  0.000016
   9   110   990    1.040726  0.000266  0.000018
  10    99   990    1.040726  0.000285  0.000020
  11    90   990    1.040726  0.000290  0.000022
  12    83   996    1.040731  0.000300  0.000023
  13    76   988    1.040724  0.000313  0.000026
  14    71   994    1.040729  0.000322  0.000027
  15    66   990    1.040726  0.000328  0.000029
  16    62   992    1.040728  0.000338  0.000031
  17    58   986    1.040726  0.000341  0.000032
  18    55   990    1.040726  0.000351  0.000034
  19    52   988    1.040724  0.000363  0.000036
  20    49   980    1.040734  0.000386  0.000039
  21    47   987    1.040725  0.000381  0.000040
  22    45   990    1.040726  0.000377  0.000040
  23    43   989    1.040725  0.000375  0.000041
  24    41   984    1.040728  0.000394  0.000044
Fit (variance): plateau_var = 2.566e-07 ± 7.596e-08
Fit (error):    plateau = 0.000507 ± 0.000075
     autocorrelation length ~ 27.3 blocks
     plateau reached at block size ~ 126
     !!!Failed to reach plateau in blocking
     Return max block error
nclean = 998, max_block_size = 24, min_nblocks = 40
Blk_SZ   NBlk   NSmp      Energy     Error    dError
     1    998    998  -77.024225  0.000116  0.000003
     2    499    998  -77.024243  0.000133  0.000004
     3    332    996  -77.024254  0.000141  0.000005
     4    249    996  -77.024265  0.000138  0.000006
     5    199    995  -77.024277  0.000143  0.000007
     6    166    996  -77.024275  0.000146  0.000008
     7    142    994  -77.024283  0.000155  0.000009
     8    124    992  -77.024280  0.000130  0.000008
     9    110    990  -77.024276  0.000151  0.000010
    10     99    990  -77.024277  0.000149  0.000011
    11     90    990  -77.024285  0.000132  0.000010
    12     83    996  -77.024296  0.000139  0.000011
    13     76    988  -77.024287  0.000149  0.000012
    14     71    994  -77.024307  0.000154  0.000013
    15     66    990  -77.024290  0.000117  0.000010
    16     62    992  -77.024299  0.000123  0.000011
    17     58    986  -77.024290  0.000138  0.000013
    18     55    990  -77.024293  0.000149  0.000014
    19     52    988  -77.024301  0.000129  0.000013
    20     49    980  -77.024293  0.000146  0.000015
    21     47    987  -77.024298  0.000136  0.000014
    22     45    990  -77.024298  0.000115  0.000012
    23     43    989  -77.024302  0.000113  0.000012
    24     41    984  -77.024303  0.000130  0.000015
Fit (variance): plateau_var = 1.872412e-08 ± 5.936619e-10
Fit (error):    plateau = 0.000137 ± 0.000002
     autocorrelation length ~ 0.5 blocks
     plateau reached at block size ~ 3
Final AFQMC/pt2CCSD overlap ratio: 1.040725 ± 0.000394
Final AFQMC/pt2CCSD energy: -77.024342 ± 0.000137
Total run time: 111.67
------------------------------------------ AFQMC Sampling Finished -------------------------------------------
