#INFO: **** input file is /work/hdd/bdka/yzhang65/w4_17/w4-17_all/afqmc_input/run_afqmc.py ****
import os
os.environ.setdefault("XLA_PYTHON_CLIENT_ALLOCATOR", "platform")

import jax
jax.config.update("jax_enable_x64", True)

import glob
import numpy as np
from pyscf import gto, scf, cc
from afqmc import prep, launch_afqmc
import re

def extract_afqmc_energy(filename):
    """Extract the final AFQMC/pt2CCSD energy and its uncertainty from an afqmc.out file.
    
    Returns (0, 0) if the value cannot be found or the file cannot be read.
    """
    pattern = re.compile(
        r"Final AFQMC/pt2CCSD energy:\s*"
        r"([-+]?\d*\.?\d+(?:[eE][-+]?\d+)?)"   # energy
        r"\s*(?:±|\+/-)\s*"
        r"([-+]?\d*\.?\d+(?:[eE][-+]?\d+)?)"   # error
    )
    try:
        with open(filename, "r", encoding="utf-8") as f:
            for line in f:
                m = pattern.search(line)
                if m:
                    return float(m.group(1)), float(m.group(2))
    except (OSError, IOError):
        pass
    return 0, 0

# basis = "ccpvdz"
xyz_dir = "../w4_17_xyz/closed_shell"
results_file = f"./closed_shell_uhf_vdzsd.dat"
out_dir = "../result/molout/closed_shell"
os.makedirs(out_dir, exist_ok=True)

# Set to a list of molecule names to run only those, e.g. ["acetaldehyde", "benzene"]
# Set to None to run all molecules in xyz_dir
select_molecules = None
symmetry = False

def vdzsd(elem):
    if elem in ('H', 'He'):
        raw_basis = gto.basis.load('ccpvdz', elem)
        return [b for b in raw_basis if b[0] != 1]
    else:
        return gto.basis.load('ccpvdz', elem)

def get_vdzsd_basis(atoms):
    elems = {line.split()[0] for line in atoms.strip().splitlines() if line.strip()}
    basis_dict = {el: vdzsd(el) for el in elems}
    return basis_dict

all_xyz = sorted(glob.glob(os.path.join(xyz_dir, "*.xyz")))
if select_molecules is not None:
    select_set = set(select_molecules)
    xyz_files = [p for p in all_xyz if os.path.splitext(os.path.basename(p))[0] in select_set]
    missing = select_set - {os.path.splitext(os.path.basename(p))[0] for p in xyz_files}
    if missing:
        print(f"Warning: no .xyz file found for: {', '.join(sorted(missing))} in {xyz_dir}")
else:
    xyz_files = all_xyz

with open(results_file, "w") as out:
    out.write(f"{'Molecule':<16s} {'Charge':>6s} {'2S':>6s} {'frozen':>6s} "
              f"{'E_HF (Eh)':>20s} {'E_CCSD (Eh)':>20s} {'E_CCSD(T) (Eh)':>20s} "
              f"{'E_AFQMC (Eh)':>20s} {'E_AFQMC ERR (Eh)':>20s} \n")
    out.write("-" * 100 + "\n")

for xyz_path in xyz_files:
    with open(xyz_path, "r") as f:
        lines = f.readlines()

    # Parse charge and multiplicity from second line: "name charge=X mult=Y"
    second_line = lines[1]
    charge = int(second_line.split("charge=")[1].split()[0])
    mult   = int(second_line.split("mult=")[1].split()[0])
    spin   = mult - 1   # PySCF spin input is 2S = mult - 1
    mol_name = second_line.split()[0]

    # Coordinates only (skip the atom count and comment lines)
    atoms = "".join(lines[2:])
    basis_dict = get_vdzsd_basis(atoms)

    print(f"\n{'='*60}")
    print(f"Running: {mol_name}  charge={charge}  spin={spin}")
    print(f"{'='*60}")

    mol = gto.M(
        atom=atoms,
        basis=basis_dict,
        verbose=4,
        output=os.path.join(out_dir, f"{mol_name}_vdzsd.out"),
        unit="angstrom",
        symmetry=symmetry,
        charge=charge,
        spin=spin,
        max_memory=40000,
    )

    mf = scf.UHF(mol)
    mf.max_cycle = 200
    mf = mf.newton()
    mf.kernel()

    # Stability check loop — at most 10 attempts
    max_stability_cycles = 10
    stable = False
    for stability_iter in range(max_stability_cycles):
        mo_i, _, stable, _ = mf.stability(return_status=True)
        if stable:
            break
        dm = mf.make_rdm1(mo_i, mf.mo_occ)
        mf.kernel(dm0=dm)

    if not stable or not mf.converged:
        print(f"  !! SCF did not converge for {mol_name} — skipping.")
        with open(results_file, "a") as out:
            out.write(f"{mol_name:<16s} {charge:>6d} {spin:>6d} {'N/A':>6s} "
                      f"{'UNCONVERGED':>20s} {'UNCONVERGED':>20s} {'UNCONVERGED':>20s}\n")
        continue

    energy = mf.e_tot

    mycc = cc.CCSD(mf)
    mycc.set_frozen()
    mycc.kernel()
    e_ccsd = mycc.e_tot
    et = mycc.ccsd_t()
    e_ccsdt = e_ccsd + et
    frozen = mycc.frozen

    prep.prep_afqmc(mycc, chol_cut=1e-5)
    options = {'n_eql': 120,
               'n_blocks': 1000,
               'n_walkers': 300,
               'dt':0.005,
               'max_error': 0.0,
               #'nchol_chunk': 200,
               'seed': 17,
               'walker_type': 'uhf',
               'trial': 'uccsd_pt2',
               'free_projection': False,
               'use_gpu': True,
               }
    launch_afqmc.run_afqmc(options)
    afqmc_file = os.path.join(out_dir, f'{mol_name}_afqmc_vdzsd.out')
    os.system(f"mv afqmc.out {afqmc_file}")
    eqmc, eqmc_err = extract_afqmc_energy(f"{afqmc_file}")

    with open(results_file, "a") as out:
        out.write(f"{mol_name:<16s} {charge:>6d} {spin:>6d} {frozen:>6d} "
                  f"{energy:>20.10f} {e_ccsd:>20.10f} {e_ccsdt:>20.10f}"
                  f"{eqmc:>20.10f} {eqmc_err:>20.10f} \n")

    print(f"  => E_HF({mol_name})      = {energy:.10f} Eh")
    print(f"  => E_CCSD({mol_name})    = {e_ccsd:.10f} Eh")
    print(f"  => E_CCSD(T)({mol_name}) = {e_ccsdt:.10f} Eh")
    print(f"  => E_AFQMC({mol_name})   = {eqmc:.10f} +/- {eqmc_err:.10f} Eh")

print(f"\nAll calculations complete. Results saved to {results_file}")
#INFO: ******************** input file end ********************


System: uname_result(system='Linux', node='gpua016.delta.ncsa.illinois.edu', release='5.14.0-427.91.1.el9_4.x86_64', version='#1 SMP PREEMPT_DYNAMIC Wed Sep 17 10:08:59 EDT 2025', machine='x86_64')  Threads 16
Python 3.11.14 (main, Oct 21 2025, 18:31:21) [GCC 11.2.0]
numpy 2.3.5  scipy 1.16.3  h5py 3.15.1
Date: Sun May 17 00:51:45 2026
PySCF version 2.11.0
PySCF path  /u/yzhang65/myprojects/software/pyscf
GIT HEAD (branch master) f520f5381c0b41f716d847009817cbc64e52c0d5

[ENV] PYSCF_TMPDIR /projects/bdka/yzhang65/scratch/pyscf
[ENV] PYSCF_EXT_PATH /u/yzhang65/myprojects/software/pyscf-forge
[CONFIG] conf_file None
[INPUT] verbose = 4
[INPUT] num. atoms = 8
[INPUT] num. electrons = 28
[INPUT] charge = 0
[INPUT] spin (= nelec alpha-beta = 2S) = 0
[INPUT] symmetry False subgroup None
[INPUT] Mole.unit = angstrom
[INPUT] Symbol           X                Y                Z      unit          X                Y                Z       unit  Magmom
[INPUT]  1 C      0.672077362700  -0.784575719300   0.000000000000 AA    1.270042150023  -1.482633233461   0.000000000000 Bohr   0.0
[INPUT]  2 C      0.672077362700   0.784575719300   0.000000000000 AA    1.270042150023   1.482633233461   0.000000000000 Bohr   0.0
[INPUT]  3 C     -0.672077362700   0.784575719300   0.000000000000 AA   -1.270042150023   1.482633233461   0.000000000000 Bohr   0.0
[INPUT]  4 C     -0.672077362700  -0.784575719300   0.000000000000 AA   -1.270042150023  -1.482633233461   0.000000000000 Bohr   0.0
[INPUT]  5 H     -1.435623235900   1.547177272100   0.000000000000 AA   -2.712934733913   2.923741310421   0.000000000000 Bohr   0.0
[INPUT]  6 H     -1.435623235900  -1.547177272100   0.000000000000 AA   -2.712934733913  -2.923741310421   0.000000000000 Bohr   0.0
[INPUT]  7 H      1.435623235900  -1.547177272100   0.000000000000 AA    2.712934733913  -2.923741310421   0.000000000000 Bohr   0.0
[INPUT]  8 H      1.435623235900   1.547177272100   0.000000000000 AA    2.712934733913   2.923741310421   0.000000000000 Bohr   0.0

nuclear repulsion = 98.6801533399056
number of shells = 28
number of NR pGTOs = 120
number of NR cGTOs = 64
basis = {'C': [[0, [6665.0, 0.000692, -0.000146], [1000.0, 0.005329, -0.001154], [228.0, 0.027077, -0.005725], [64.71, 0.101718, -0.023312], [21.06, 0.27474, -0.063955], [7.495, 0.448564, -0.149981], [2.797, 0.285074, -0.127262], [0.5215, 0.015204, 0.544529]], [0, [0.1596, 1.0]], [1, [9.439, 0.038109], [2.002, 0.20948], [0.5456, 0.508557]], [1, [0.1517, 1.0]], [2, [0.55, 1.0]]], 'H': [[0, [13.01, 0.019685], [1.962, 0.137977], [0.4446, 0.478148]], [0, [0.122, 1.0]]]}
ecp = {}
CPU time:      9441.47




******** <class 'pyscf.soscf.newton_ah.SecondOrderUHF'> ********
method = SecondOrderUHF
initial guess = minao
damping factor = 0
level_shift factor = 0
DIIS = <class 'pyscf.scf.diis.CDIIS'>
diis_start_cycle = 1
diis_space = 8
diis_damp = 0
SCF conv_tol = 1e-09
SCF conv_tol_grad = None
SCF max_cycles = 200
direct_scf = True
direct_scf_tol = 1e-13
chkfile to save SCF result = /projects/bdka/yzhang65/scratch/pyscf/tmp6rfdgbah
max_memory 40000 MB (current use 2568 MB)
number electrons alpha = 14  beta = 14
******** <class 'pyscf.scf.uhf.UHF'> Newton solver flags ********
SCF tol = 1e-09
conv_tol_grad = None
max. SCF cycles = 200
direct_scf = True
direct_scf_tol = 1e-13
chkfile to save SCF result = /projects/bdka/yzhang65/scratch/pyscf/tmp6rfdgbah
max_cycle_inner = 12
max_stepsize = 0.05
ah_start_tol = 1e+09
ah_level_shift = 0
ah_conv_tol = 1e-12
ah_lindep = 1e-14
ah_start_cycle = 1
ah_max_cycle = 40
ah_grad_trust_region = 2.5
kf_interval = 4
kf_trust_region = 5
canonicalization = True
max_memory 40000 MB (current use 2568 MB)
Set conv_tol_grad to 3.16228e-05
  alpha nocc = 14  HOMO = 0.0534227024045176  LUMO = 0.153042894711629
  beta  nocc = 14  HOMO = 0.0373802066950701  LUMO = 0.140176694821613
Initial guess E= -153.541245244465  |g|= 0.366609
macro= 0  E= -153.64072831835  delta_E= -0.0994831  |g|= 0.366609  2 KF 5 JK
macro= 1  E= -153.641346578384  delta_E= -0.00061826  |g|= 0.000823585  2 KF 8 JK
macro= 2  E= -153.641346578384  delta_E= -4.26326e-13  |g|= 8.35395e-06  1 KF 2 JK
Canonicalize SCF orbitals
macro X = 3  E=-153.641346578384  |g|= 8.35395e-06  total 6 KF 19 JK
converged SCF energy = -153.641346578384  <S^2> = 1.4373924e-10  2S+1 = 1
uhf_internal: lowest eigs of H = [-0.17503266 -0.02367709  0.20574021]
<class 'pyscf.soscf.newton_ah.SecondOrderUHF'> wavefunction has an internal instability




******** <class 'pyscf.soscf.newton_ah.SecondOrderUHF'> ********
method = SecondOrderUHF
initial guess = minao
damping factor = 0
level_shift factor = 0
DIIS = <class 'pyscf.scf.diis.CDIIS'>
diis_start_cycle = 1
diis_space = 8
diis_damp = 0
SCF conv_tol = 1e-09
SCF conv_tol_grad = None
SCF max_cycles = 200
direct_scf = True
direct_scf_tol = 1e-13
chkfile to save SCF result = /projects/bdka/yzhang65/scratch/pyscf/tmp6rfdgbah
max_memory 40000 MB (current use 2568 MB)
number electrons alpha = 14  beta = 14
******** <class 'pyscf.scf.uhf.UHF'> Newton solver flags ********
SCF tol = 1e-09
conv_tol_grad = None
max. SCF cycles = 200
direct_scf = True
direct_scf_tol = 1e-13
chkfile to save SCF result = /projects/bdka/yzhang65/scratch/pyscf/tmp6rfdgbah
max_cycle_inner = 12
max_stepsize = 0.05
ah_start_tol = 1e+09
ah_level_shift = 0
ah_conv_tol = 1e-12
ah_lindep = 1e-14
ah_start_cycle = 1
ah_max_cycle = 40
ah_grad_trust_region = 2.5
kf_interval = 4
kf_trust_region = 5
canonicalization = True
max_memory 40000 MB (current use 2568 MB)
Set conv_tol_grad to 3.16228e-05
  alpha nocc = 14  HOMO = -0.338335487523568  LUMO = 0.148510670937623
  beta  nocc = 14  HOMO = -0.33829199166902  LUMO = 0.148492429496237
Initial guess E= -153.667672803142  |g|= 0.0276111
macro= 0  E= -153.669829832477  delta_E= -0.00215703  |g|= 0.000634481  3 KF 12 JK
macro= 1  E= -153.669829892184  delta_E= -5.97068e-08  |g|= 1.42902e-05  2 KF 7 JK
macro= 2  E= -153.669829892183  delta_E= 2.84217e-13  |g|= 8.63735e-06  1 KF 2 JK
Canonicalize SCF orbitals
macro X = 3  E=-153.669829892183  |g|= 8.63735e-06  total 7 KF 25 JK
converged SCF energy = -153.669829892183  <S^2> = 0.98904651  2S+1 = 2.2262493
uhf_internal: lowest eigs of H = [0.27740322 0.34010197 0.34631853]
<class 'pyscf.soscf.newton_ah.SecondOrderUHF'> wavefunction is stable in the internal stability analysis

******** <class 'pyscf.cc.uccsd.UCCSD'> ********
CC2 = 0
CCSD nocc = (np.int64(10), np.int64(10)), nmo = (60, 60)
frozen orbitals 4
max_cycle = 50
direct = 0
conv_tol = 1e-07
conv_tol_normt = 1e-06
diis_space = 6
diis_start_cycle = 0
diis_start_energy_diff = 1e+09
max_memory 40000 MB (current use 2568 MB)
Init t2, MP2 energy = -0.441033594348143
Init E_corr(UCCSD) = -0.441033594381685
cycle = 1  E_corr(UCCSD) = -0.468066521607835  dE = -0.0270329272  norm(t1,t2) = 0.104179
cycle = 2  E_corr(UCCSD) = -0.482767683886631  dE = -0.0147011623  norm(t1,t2) = 0.052514
cycle = 3  E_corr(UCCSD) = -0.492644508290182  dE = -0.0098768244  norm(t1,t2) = 0.0428668
cycle = 4  E_corr(UCCSD) = -0.498126744607796  dE = -0.00548223632  norm(t1,t2) = 0.0310058
cycle = 5  E_corr(UCCSD) = -0.501117871849943  dE = -0.00299112724  norm(t1,t2) = 0.0231569
cycle = 6  E_corr(UCCSD) = -0.504313118429528  dE = -0.00319524658  norm(t1,t2) = 0.0111821
cycle = 7  E_corr(UCCSD) = -0.504248306544488  dE = 6.4811885e-05  norm(t1,t2) = 0.00277146
cycle = 8  E_corr(UCCSD) = -0.504384643633301  dE = -0.000136337089  norm(t1,t2) = 0.0011818
cycle = 9  E_corr(UCCSD) = -0.504384281901358  dE = 3.61731943e-07  norm(t1,t2) = 0.000591273
cycle = 10  E_corr(UCCSD) = -0.504341393802062  dE = 4.28880993e-05  norm(t1,t2) = 0.000258125
cycle = 11  E_corr(UCCSD) = -0.504348607161589  dE = -7.21335953e-06  norm(t1,t2) = 0.000136206
cycle = 12  E_corr(UCCSD) = -0.504343883205828  dE = 4.72395576e-06  norm(t1,t2) = 4.255e-05
cycle = 13  E_corr(UCCSD) = -0.504343401032994  dE = 4.82172834e-07  norm(t1,t2) = 1.60713e-05
cycle = 14  E_corr(UCCSD) = -0.504343075936533  dE = 3.25096461e-07  norm(t1,t2) = 5.9961e-06
cycle = 15  E_corr(UCCSD) = -0.504343573159368  dE = -4.97222835e-07  norm(t1,t2) = 2.83618e-06
cycle = 16  E_corr(UCCSD) = -0.504343946816306  dE = -3.73656938e-07  norm(t1,t2) = 1.56283e-06
cycle = 17  E_corr(UCCSD) = -0.504344110311427  dE = -1.63495121e-07  norm(t1,t2) = 7.61406e-07
cycle = 18  E_corr(UCCSD) = -0.504344203508412  dE = -9.31969855e-08  norm(t1,t2) = 3.59365e-07
UCCSD converged
E(UCCSD) = -154.1741740956917  E_corr = -0.5043442035084125
UCCSD(T) correction = -0.0211184593878928
