------------------------------------------- AFQMC Sampling Started -------------------------------------------
Hostname: gpua016.delta.ncsa.illinois.edu
System Type: Linux
Machine Type: x86_64
Processor: x86_64
Using GPU.
System: Linux
Node Name: gpua016.delta.ncsa.illinois.edu
Release: 5.14.0-427.91.1.el9_4.x86_64
Version: #1 SMP PREEMPT_DYNAMIC Wed Sep 17 10:08:59 EDT 2025
Machine: x86_64
Processor: x86_64
Decomposing Unrestricted T2 amplitudes
Throw 1 vectors in T2 deomposition
SVD cutoff = 1.00e-08 | error = 3.42e-09
number of T2 decomposition vectors 1539
norb: 69
nelec: (14, 14)
n_eql: 120
n_blocks: 1000
n_walkers: 300
dt: 0.005
max_error: 0.0
seed: 17
walker_type: uhf
trial: uccsd_pt2
free_projection: False
use_gpu: True
n_exp_terms: 6
n_prop_steps: 50
save_walkers: False
n_batch: 1
nchol_chunk: 100
mix_precision: True
initial AFQMC/pt2CCSD Energy is -302.291590
Propagating with 300 walkers
----------------------------------------------- Equilibration ------------------------------------------------
inv_T        weight  killW        energy   runTime
 0.00    300.000000      0   -301.489085     13.01
 3.00    311.582988      0   -302.313042     20.69
 6.00    312.110279      0   -302.308213     22.54
 9.00    311.681846      0   -302.317793     24.39
12.00    313.615786      0   -302.343903     26.25
15.00    311.604066      0   -302.321735     28.10
18.00    313.241514      0   -302.439189     29.95
21.00    312.977496      0   -302.347418     31.80
24.00    311.068641      0   -302.332504     33.65
27.00    311.695183      0   -302.324167     35.50
30.00    311.172302      0   -302.322133     37.35
---------------------------------------------- Sampling Blocks -----------------------------------------------
blocks        weight  killW       E_Guide     error       E_Trial     error     olp_T/G     error  Walltime
    20    311.900687      0   -302.334404  0.005437   -302.321378  0.001712    1.009116  0.000678   54.79
    40    310.468030      0   -302.329603  0.006825   -302.320168  0.001349    1.008436  0.000630   65.65
    60    309.269772      0   -302.328107  0.005680   -302.319533  0.001086    1.008594  0.000430   76.47
    80    308.259049      0   -302.327790  0.004285   -302.320780  0.001173    1.008888  0.000364   87.30
   100    307.447096      0   -302.328638  0.003778   -302.320537  0.000990    1.008955  0.000296   98.13
   120    306.733193      0   -302.328668  0.003653   -302.321256  0.000936    1.008702  0.000315  108.94
   140    306.137648      0   -302.331542  0.003579   -302.321230  0.000835    1.008683  0.000272  119.77
   160    305.553995      0   -302.329425  0.003588   -302.320661  0.000754    1.008792  0.000250  130.61
   180    305.070355      0   -302.330030  0.003277   -302.320805  0.000704    1.008782  0.000225  141.44
   200    304.607695      0   -302.328243  0.003251   -302.320577  0.000662    1.008811  0.000205  152.28
   220    304.231091      0   -302.328748  0.003169   -302.320360  0.000619    1.008895  0.000195  163.11
   240    303.873260      0   -302.328419  0.002876   -302.319945  0.000594    1.009026  0.000201  173.95
   260    303.541350      1   -302.327739  0.002754   -302.319723  0.000575    1.009030  0.000196  184.79
   280    303.267490      1   -302.327595  0.002526   -302.319798  0.000553    1.008956  0.000189  195.62
   300    303.020023      1   -302.328000  0.002466   -302.319755  0.000538    1.008872  0.000187  206.45
   320    302.794109      1   -302.327833  0.002325   -302.319790  0.000513    1.008949  0.000193  217.27
   340    302.580499      1   -302.327455  0.002260   -302.319795  0.000492    1.009026  0.000195  228.10
   360    302.391747      1   -302.327372  0.002280   -302.319920  0.000485    1.009022  0.000181  238.93
   380    302.222644      1   -302.327678  0.002184   -302.319924  0.000469    1.008998  0.000174  249.79
   400    302.068875      1   -302.327898  0.002153   -302.320027  0.000473    1.008935  0.000173  260.62
   420    301.943637      1   -302.328617  0.002101   -302.320066  0.000458    1.009028  0.000174  271.44
   440    301.820309      1   -302.328907  0.002065   -302.320110  0.000445    1.009048  0.000174  282.27
   460    301.700644      1   -302.328769  0.002016   -302.320067  0.000429    1.009015  0.000173  293.10
   480    301.591597      1   -302.328988  0.001990   -302.320126  0.000417    1.008981  0.000167  303.94
   500    301.492597      1   -302.329080  0.001941   -302.320070  0.000407    1.009045  0.000164  314.77
   520    301.394250      1   -302.329070  0.001904   -302.320360  0.000522    1.009116  0.000168  325.60
   540    301.304560      1   -302.328939  0.001860   -302.320299  0.000507    1.009207  0.000175  336.43
   560    301.214907      1   -302.328578  0.001833   -302.320204  0.000493    1.009246  0.000184  347.26
   580    301.131167      1   -302.328539  0.001812   -302.320211  0.000480    1.009293  0.000182  358.08
   600    301.061758      1   -302.328749  0.001769   -302.320204  0.000467    1.009257  0.000178  368.91
   620    300.995452      1   -302.328831  0.001778   -302.320239  0.000457    1.009234  0.000173  379.74
   640    300.941358      1   -302.329585  0.001724   -302.320291  0.000447    1.009224  0.000177  390.56
   660    300.881979      1   -302.329413  0.001689   -302.320265  0.000437    1.009233  0.000174  401.38
   680    300.828731      1   -302.329836  0.001653   -302.320379  0.000430    1.009244  0.000172  412.21
   700    300.771124      1   -302.329265  0.001701   -302.320291  0.000421    1.009237  0.000168  423.09
   720    300.716020      2   -302.328915  0.001666   -302.320293  0.000411    1.009251  0.000167  433.92
   740    300.660988      2   -302.328727  0.001646   -302.320306  0.000405    1.009213  0.000168  444.75
   760    300.619177      2   -302.328911  0.001604   -302.320403  0.000419    1.009219  0.000165  455.59
   780    300.573982      2   -302.328573  0.001591   -302.320447  0.000410    1.009190  0.000162  466.41
   800    300.532401      2   -302.328754  0.001552   -302.320422  0.000402    1.009187  0.000162  477.23
   820    300.495298      2   -302.328734  0.001522   -302.320466  0.000404    1.009190  0.000158  488.10
   840    300.454133      2   -302.328512  0.001486   -302.320400  0.000396    1.009195  0.000157  498.92
   860    300.415519      2   -302.328316  0.001475   -302.320319  0.000391    1.009217  0.000157  509.74
   880    300.380049      2   -302.328188  0.001449   -302.320229  0.000384    1.009211  0.000155  520.58
   900    300.351277      2   -302.328563  0.001440   -302.320302  0.000383    1.009206  0.000152  531.40
   920    300.326532      3   -302.328789  0.001472   -302.320389  0.000379    1.009217  0.000148  542.24
   940    300.297948      3   -302.328766  0.001442   -302.320350  0.000373    1.009229  0.000146  553.07
   960    300.267539      3   -302.328648  0.001435   -302.320350  0.000367    1.009239  0.000143  563.90
   980    300.242185      3   -302.328578  0.001424   -302.320319  0.000361    1.009245  0.000140  574.72
  1000    300.214196      3   -302.328484  0.001423   -302.320307  0.000354    1.009230  0.000140  585.54
---------------------------------------------- Post Propagation ----------------------------------------------
Total number of samples 1000
Raw AFQMC/HF (Guide) energy:           -302.328484 ± 0.001423
Raw Trial/Guide overlap ratio:          1.009230 ± 0.000140
Raw AFQMC/pt2CCSD energy (covariance): -302.320307 ± 0.000354
Raw AFQMC/pt2CCSD energy (dir sample): -302.320307 ± 0.000310
--------------------------------------------- Clean Obeservation ---------------------------------------------
removing energies outside zeta > 30
Outlier energy bound [-302.514133, -302.123575]
Removed 0 outliers with energies []
Clean AFQMC/pt2CCSD overlap ratio:        1.009230 ± 0.000140
Clean AFQMC/pt2CCSD energy (covariance): -302.320307 ± 0.000354
Clean AFQMC/ptCCSD energy (dir sample):  -302.320307 ± 0.000310
--------------------------------------------- Blocking Analysis ----------------------------------------------
nsample = 1000, max_block_size = 25, min_nblocks = 40
   B    NB    NS  Observable     Error    dError
   1  1000  1000    1.009232  0.000047  0.000001
   2   500  1000    1.009232  0.000062  0.000002
   3   333   999    1.009232  0.000073  0.000003
   4   250  1000    1.009232  0.000081  0.000004
   5   200  1000    1.009232  0.000088  0.000004
   6   166   996    1.009236  0.000094  0.000005
   7   142   994    1.009243  0.000096  0.000006
   8   125  1000    1.009232  0.000102  0.000006
   9   111   999    1.009231  0.000107  0.000007
  10   100  1000    1.009232  0.000110  0.000008
  11    90   990    1.009252  0.000112  0.000008
  12    83   996    1.009236  0.000112  0.000009
  13    76   988    1.009253  0.000116  0.000010
  14    71   994    1.009243  0.000119  0.000010
  15    66   990    1.009252  0.000120  0.000010
  16    62   992    1.009246  0.000127  0.000011
  17    58   986    1.009251  0.000130  0.000012
  18    55   990    1.009252  0.000132  0.000013
  19    52   988    1.009253  0.000128  0.000013
  20    50  1000    1.009232  0.000133  0.000013
  21    47   987    1.009252  0.000138  0.000014
  22    45   990    1.009252  0.000135  0.000014
  23    43   989    1.009253  0.000137  0.000015
  24    41   984    1.009249  0.000131  0.000015
  25    40  1000    1.009231  0.000140  0.000016
Fit (variance): plateau_var = 2.026e-08 ± 2.379e-09
Fit (error):    plateau = 0.000142 ± 0.000008
     autocorrelation length ~ 11.1 blocks
     plateau reached at block size ~ 51
     !!!Failed to reach plateau in blocking
     Return max block error
nclean = 1000, max_block_size = 25, min_nblocks = 40
Blk_SZ   NBlk   NSmp      Energy     Error    dError
     1   1000   1000  -302.320067  0.000310  0.000007
     2    500   1000  -302.320133  0.000337  0.000011
     3    333    999  -302.320177  0.000347  0.000013
     4    250   1000  -302.320190  0.000371  0.000017
     5    200   1000  -302.320208  0.000374  0.000019
     6    166    996  -302.320232  0.000368  0.000020
     7    142    994  -302.320247  0.000353  0.000021
     8    125   1000  -302.320233  0.000368  0.000023
     9    111    999  -302.320252  0.000367  0.000025
    10    100   1000  -302.320253  0.000362  0.000026
    11     90    990  -302.320275  0.000378  0.000028
    12     83    996  -302.320277  0.000379  0.000030
    13     76    988  -302.320258  0.000345  0.000028
    14     71    994  -302.320283  0.000362  0.000031
    15     66    990  -302.320284  0.000395  0.000035
    16     62    992  -302.320286  0.000380  0.000034
    17     58    986  -302.320273  0.000377  0.000035
    18     55    990  -302.320295  0.000380  0.000037
    19     52    988  -302.320277  0.000345  0.000034
    20     50   1000  -302.320283  0.000351  0.000035
    21     47    987  -302.320281  0.000378  0.000039
    22     45    990  -302.320294  0.000364  0.000039
    23     43    989  -302.320285  0.000355  0.000039
    24     41    984  -302.320279  0.000340  0.000038
    25     40   1000  -302.320285  0.000346  0.000039
Fit (variance): plateau_var = 1.337889e-07 ± 4.933706e-09
Fit (error):    plateau = 0.000366 ± 0.000007
     autocorrelation length ~ 1.5 blocks
     plateau reached at block size ~ 6
Final AFQMC/pt2CCSD overlap ratio: 1.009230 ± 0.000140
Final AFQMC/pt2CCSD energy: -302.320307 ± 0.000366
Total run time: 594.92
------------------------------------------ AFQMC Sampling Finished -------------------------------------------
