------------------------------------------- AFQMC Sampling Started -------------------------------------------
Hostname: gpua016.delta.ncsa.illinois.edu
System Type: Linux
Machine Type: x86_64
Processor: x86_64
Using GPU.
System: Linux
Node Name: gpua016.delta.ncsa.illinois.edu
Release: 5.14.0-427.91.1.el9_4.x86_64
Version: #1 SMP PREEMPT_DYNAMIC Wed Sep 17 10:08:59 EDT 2025
Machine: x86_64
Processor: x86_64
Decomposing Unrestricted T2 amplitudes
Throw 0 vectors in T2 deomposition
SVD cutoff = 1.00e-08 | error = 3.91e-15
number of T2 decomposition vectors 1152
norb: 60
nelec: (12, 12)
n_eql: 120
n_blocks: 1000
n_walkers: 300
dt: 0.005
max_error: 0.0
seed: 17
walker_type: uhf
trial: uccsd_pt2
free_projection: False
use_gpu: True
n_exp_terms: 6
n_prop_steps: 50
save_walkers: False
n_batch: 1
nchol_chunk: 100
mix_precision: True
initial AFQMC/pt2CCSD Energy is -873.640624
Propagating with 300 walkers
----------------------------------------------- Equilibration ------------------------------------------------
inv_T        weight  killW        energy   runTime
 0.00    300.000000      0   -873.082942     11.83
 3.00    307.999203      0   -873.644159     18.75
 6.00    308.054162      0   -873.659457     20.18
 9.00    307.462874      0   -873.657890     21.61
12.00    308.477771      0   -873.680210     23.04
15.00    307.988238      0   -873.658777     24.47
18.00    307.880503      0   -873.623279     25.91
21.00    308.345617      0   -873.679427     27.34
24.00    308.121572      0   -873.684880     28.77
27.00    307.774632      0   -873.662469     30.20
30.00    307.482227      0   -873.646546     31.64
---------------------------------------------- Sampling Blocks -----------------------------------------------
blocks        weight  killW       E_Guide     error       E_Trial     error     olp_T/G     error  Walltime
    20    307.977403      0   -873.683939  0.013245   -873.663323  0.001902    1.002218  0.000220   45.19
    40    307.020938      1   -873.677583  0.007916   -873.663878  0.001585    1.002367  0.000179   52.82
    60    306.182913      1   -873.674612  0.005841   -873.662822  0.001123    1.002529  0.000181   60.46
    80    305.485205      1   -873.673014  0.004213   -873.662302  0.000882    1.002558  0.000134   68.09
   100    304.871446      1   -873.669815  0.003922   -873.661921  0.000732    1.002574  0.000107   75.78
   120    304.347435      1   -873.667279  0.003557   -873.661531  0.000645    1.002708  0.000126   83.41
   140    303.894859      1   -873.666309  0.003311   -873.661316  0.000574    1.002716  0.000109   91.05
   160    303.511062      1   -873.666993  0.002973   -873.661738  0.000576    1.002666  0.000105   98.68
   180    303.165237      1   -873.667447  0.002659   -873.661603  0.000523    1.002669  0.000092  106.32
   200    302.866267      1   -873.666938  0.002603   -873.661511  0.000481    1.002648  0.000085  113.95
   220    302.587705      1   -873.666419  0.002449   -873.661396  0.000443    1.002680  0.000080  121.58
   240    302.353231      1   -873.666372  0.002243   -873.661518  0.000417    1.002701  0.000076  129.22
   260    302.135833      2   -873.665953  0.002167   -873.661454  0.000392    1.002725  0.000078  136.87
   280    301.966932      2   -873.666674  0.002087   -873.661619  0.000386    1.002732  0.000073  144.51
   300    301.782330      2   -873.666069  0.002001   -873.661450  0.000367    1.002766  0.000072  152.15
   320    301.621856      2   -873.666027  0.001876   -873.661297  0.000352    1.002775  0.000068  159.78
   340    301.476054      2   -873.665728  0.001788   -873.661309  0.000339    1.002782  0.000066  167.42
   360    301.343285      2   -873.665487  0.001721   -873.661319  0.000322    1.002778  0.000062  175.05
   380    301.225755      2   -873.665296  0.001638   -873.661338  0.000315    1.002779  0.000061  182.69
   400    301.127088      2   -873.665340  0.001603   -873.661362  0.000303    1.002794  0.000059  190.33
   420    301.031182      2   -873.665451  0.001556   -873.661457  0.000296    1.002799  0.000057  198.03
   440    300.947084      3   -873.665958  0.001613   -873.661468  0.000289    1.002796  0.000055  205.66
   460    300.861716      3   -873.665775  0.001576   -873.661473  0.000279    1.002770  0.000056  213.29
   480    300.784131      3   -873.665495  0.001513   -873.661443  0.000270    1.002767  0.000057  220.92
   500    300.708624      3   -873.665236  0.001465   -873.661393  0.000263    1.002753  0.000056  228.56
   520    300.638017      3   -873.665182  0.001404   -873.661339  0.000256    1.002755  0.000054  236.20
   540    300.569365      3   -873.664908  0.001389   -873.661290  0.000249    1.002761  0.000053  243.83
   560    300.513424      3   -873.664857  0.001387   -873.661225  0.000243    1.002741  0.000053  251.47
   580    300.461066      3   -873.664629  0.001361   -873.661145  0.000236    1.002748  0.000052  259.14
   600    300.407080      3   -873.664201  0.001366   -873.661149  0.000231    1.002737  0.000051  266.77
   620    300.363764      3   -873.664042  0.001314   -873.661071  0.000225    1.002729  0.000051  274.41
   640    300.321985      3   -873.664001  0.001321   -873.661123  0.000224    1.002735  0.000051  282.05
   660    300.285248      3   -873.663958  0.001287   -873.661088  0.000218    1.002756  0.000052  289.69
   680    300.247291      3   -873.664006  0.001266   -873.661077  0.000213    1.002767  0.000054  297.33
   700    300.214659      3   -873.663829  0.001230   -873.660990  0.000210    1.002774  0.000053  304.97
   720    300.185366      3   -873.664225  0.001236   -873.661007  0.000205    1.002759  0.000053  312.61
   740    300.146225      3   -873.663768  0.001216   -873.660923  0.000202    1.002774  0.000053  320.25
   760    300.117151      3   -873.663785  0.001248   -873.660968  0.000200    1.002768  0.000052  327.89
   780    300.084845      3   -873.663592  0.001221   -873.660963  0.000197    1.002775  0.000051  335.53
   800    300.057268      3   -873.663519  0.001183   -873.660973  0.000194    1.002774  0.000051  343.17
   820    300.036842      3   -873.663860  0.001172   -873.660994  0.000192    1.002757  0.000052  350.81
   840    300.008115      3   -873.663719  0.001209   -873.661008  0.000188    1.002754  0.000051  358.44
   860    299.986435      3   -873.663895  0.001199   -873.660996  0.000186    1.002744  0.000051  366.07
   880    299.968315      3   -873.664057  0.001180   -873.661071  0.000188    1.002734  0.000051  373.74
   900    299.947348      3   -873.664177  0.001166   -873.661054  0.000185    1.002732  0.000051  381.37
   920    299.932555      3   -873.664504  0.001200   -873.661065  0.000182    1.002726  0.000049  389.01
   940    299.915333      3   -873.664483  0.001167   -873.661068  0.000179    1.002727  0.000049  396.65
   960    299.895167      3   -873.664420  0.001179   -873.661031  0.000177    1.002733  0.000048  404.29
   980    299.873553      3   -873.664303  0.001171   -873.661067  0.000174    1.002720  0.000048  411.92
  1000    299.853181      3   -873.664066  0.001193   -873.661050  0.000172    1.002732  0.000049  419.56
---------------------------------------------- Post Propagation ----------------------------------------------
Total number of samples 1000
Raw AFQMC/HF (Guide) energy:           -873.664066 ± 0.001193
Raw Trial/Guide overlap ratio:          1.002732 ± 0.000049
Raw AFQMC/pt2CCSD energy (covariance): -873.661050 ± 0.000172
Raw AFQMC/pt2CCSD energy (dir sample): -873.661050 ± 0.000149
--------------------------------------------- Clean Obeservation ---------------------------------------------
removing energies outside zeta > 30
Outlier energy bound [-873.773717, -873.546548]
Removed 0 outliers with energies []
Clean AFQMC/pt2CCSD overlap ratio:        1.002732 ± 0.000049
Clean AFQMC/pt2CCSD energy (covariance): -873.661050 ± 0.000172
Clean AFQMC/ptCCSD energy (dir sample):  -873.661050 ± 0.000149
--------------------------------------------- Blocking Analysis ----------------------------------------------
nsample = 1000, max_block_size = 25, min_nblocks = 40
   B    NB    NS  Observable     Error    dError
   1  1000  1000    1.002732  0.000018  0.000000
   2   500  1000    1.002732  0.000024  0.000001
   3   333   999    1.002733  0.000028  0.000001
   4   250  1000    1.002732  0.000030  0.000001
   5   200  1000    1.002732  0.000033  0.000002
   6   166   996    1.002731  0.000035  0.000002
   7   142   994    1.002727  0.000035  0.000002
   8   125  1000    1.002732  0.000037  0.000002
   9   111   999    1.002733  0.000039  0.000003
  10   100  1000    1.002732  0.000040  0.000003
  11    90   990    1.002723  0.000040  0.000003
  12    83   996    1.002731  0.000043  0.000003
  13    76   988    1.002722  0.000041  0.000003
  14    71   994    1.002727  0.000043  0.000004
  15    66   990    1.002723  0.000043  0.000004
  16    62   992    1.002725  0.000044  0.000004
  17    58   986    1.002721  0.000045  0.000004
  18    55   990    1.002723  0.000043  0.000004
  19    52   988    1.002722  0.000044  0.000004
  20    50  1000    1.002732  0.000049  0.000005
  21    47   987    1.002722  0.000046  0.000005
  22    45   990    1.002723  0.000046  0.000005
  23    43   989    1.002722  0.000043  0.000005
  24    41   984    1.002720  0.000048  0.000005
  25    40  1000    1.002732  0.000046  0.000005
Fit (variance): plateau_var = 2.156e-09 ± 1.790e-10
Fit (error):    plateau = 0.000046 ± 0.000002
     autocorrelation length ~ 7.6 blocks
     plateau reached at block size ~ 35
     !!!Failed to reach plateau in blocking
     Return max block error
nclean = 1000, max_block_size = 25, min_nblocks = 40
Blk_SZ   NBlk   NSmp      Energy     Error    dError
     1   1000   1000  -873.660897  0.000150  0.000003
     2    500   1000  -873.660930  0.000167  0.000005
     3    333    999  -873.660939  0.000180  0.000007
     4    250   1000  -873.660960  0.000184  0.000008
     5    200   1000  -873.660967  0.000199  0.000010
     6    166    996  -873.660958  0.000201  0.000011
     7    142    994  -873.660971  0.000198  0.000012
     8    125   1000  -873.660987  0.000191  0.000012
     9    111    999  -873.660991  0.000188  0.000013
    10    100   1000  -873.660996  0.000198  0.000014
    11     90    990  -873.660999  0.000191  0.000014
    12     83    996  -873.660991  0.000195  0.000015
    13     76    988  -873.661016  0.000200  0.000016
    14     71    994  -873.660996  0.000229  0.000019
    15     66    990  -873.661014  0.000212  0.000019
    16     62    992  -873.661026  0.000216  0.000020
    17     58    986  -873.661015  0.000207  0.000019
    18     55    990  -873.661023  0.000202  0.000019
    19     52    988  -873.661027  0.000209  0.000021
    20     50   1000  -873.661022  0.000225  0.000023
    21     47    987  -873.661022  0.000212  0.000022
    22     45    990  -873.661033  0.000203  0.000022
    23     43    989  -873.661035  0.000224  0.000024
    24     41    984  -873.661029  0.000229  0.000026
    25     40   1000  -873.661022  0.000218  0.000025
Fit (variance): plateau_var = 4.255328e-08 ± 2.125196e-09
Fit (error):    plateau = 0.000206 ± 0.000005
     autocorrelation length ~ 3.3 blocks
     plateau reached at block size ~ 14
Final AFQMC/pt2CCSD overlap ratio: 1.002732 ± 0.000049
Final AFQMC/pt2CCSD energy: -873.661050 ± 0.000206
Total run time: 428.96
------------------------------------------ AFQMC Sampling Finished -------------------------------------------
