------------------------------------------- AFQMC Sampling Started -------------------------------------------
Hostname: gpua016.delta.ncsa.illinois.edu
System Type: Linux
Machine Type: x86_64
Processor: x86_64
Using GPU.
System: Linux
Node Name: gpua016.delta.ncsa.illinois.edu
Release: 5.14.0-427.91.1.el9_4.x86_64
Version: #1 SMP PREEMPT_DYNAMIC Wed Sep 17 10:08:59 EDT 2025
Machine: x86_64
Processor: x86_64
Decomposing Unrestricted T2 amplitudes
Throw 0 vectors in T2 deomposition
SVD cutoff = 1.00e-08 | error = 1.76e-15
number of T2 decomposition vectors 1014
norb: 52
nelec: (13, 13)
n_eql: 120
n_blocks: 1000
n_walkers: 300
dt: 0.005
max_error: 0.0
seed: 17
walker_type: uhf
trial: uccsd_pt2
free_projection: False
use_gpu: True
n_exp_terms: 6
n_prop_steps: 50
save_walkers: False
n_batch: 1
nchol_chunk: 100
mix_precision: True
initial AFQMC/pt2CCSD Energy is -349.019886
Propagating with 300 walkers
----------------------------------------------- Equilibration ------------------------------------------------
inv_T        weight  killW        energy   runTime
 0.00    300.000000      0   -348.259080     12.05
 3.00    310.347124      0   -348.993385     18.85
 6.00    310.920776      0   -349.025673     20.11
 9.00    310.493909      0   -349.016754     21.36
12.00    309.590684      1   -349.030482     22.61
15.00    310.180453      0   -349.056238     23.87
18.00    310.268441      1   -349.088741     25.12
21.00    309.524649      1   -349.072493     26.38
24.00    310.342420      0   -349.072836     27.63
27.00    311.020877      1   -349.034118     28.89
30.00    310.525508      0   -349.077268     30.14
---------------------------------------------- Sampling Blocks -----------------------------------------------
blocks        weight  killW       E_Guide     error       E_Trial     error     olp_T/G     error  Walltime
    20    310.254050      3   -349.054542  0.005474   -349.062489  0.002942    1.273699  0.006682   42.70
    40    309.113926      8   -349.053697  0.005166   -349.063104  0.002388    1.279046  0.004730   48.01
    60    308.055057     11   -349.054039  0.005157   -349.060661  0.001799    1.279389  0.003194   53.38
    80    307.111233     13   -349.054919  0.004658   -349.061241  0.001521    1.276962  0.003319   58.69
   100    306.285594     16   -349.053758  0.003632   -349.061173  0.001361    1.279165  0.003073   64.00
   120    305.658341     21   -349.055995  0.003676   -349.061549  0.001187    1.278381  0.002602   69.30
   140    305.067784     22   -349.057110  0.003708   -349.062057  0.001076    1.278697  0.002292   74.62
   160    304.557905     24   -349.058538  0.003730   -349.061630  0.001041    1.278806  0.002037   79.92
   180    304.071585     25   -349.056587  0.003478   -349.061105  0.000954    1.280232  0.002063   85.23
   200    303.678009     26   -349.056446  0.003333   -349.061102  0.000887    1.281109  0.002002   90.54
   220    303.354363     29   -349.057174  0.003125   -349.061248  0.000835    1.281528  0.001845   95.85
   240    302.991881     31   -349.057513  0.003147   -349.061325  0.000792    1.282209  0.001822  101.15
   260    302.697251     32   -349.057388  0.002919   -349.061192  0.000759    1.282785  0.001746  106.46
   280    302.450224     34   -349.058094  0.002664   -349.060982  0.000729    1.282800  0.001624  111.83
   300    302.239904     36   -349.058314  0.002545   -349.060776  0.000705    1.282316  0.001569  117.13
   320    302.034624     38   -349.058360  0.002435   -349.060817  0.000682    1.281554  0.001581  122.45
   340    301.855474     38   -349.058573  0.002318   -349.060939  0.000665    1.281540  0.001495  127.76
   360    301.665241     42   -349.058720  0.002144   -349.060734  0.000645    1.282282  0.001517  133.06
   380    301.498639     45   -349.057444  0.002195   -349.060631  0.000624    1.282900  0.001501  138.37
   400    301.344750     49   -349.057759  0.002100   -349.060662  0.000603    1.282959  0.001425  143.68
   420    301.217137     55   -349.057806  0.002014   -349.060684  0.000586    1.283486  0.001428  148.99
   440    301.100928     57   -349.058401  0.001961   -349.060732  0.000572    1.283801  0.001445  154.30
   460    300.985983     62   -349.058194  0.001916   -349.060632  0.000555    1.283914  0.001425  159.60
   480    300.890608     64   -349.059095  0.001915   -349.060467  0.000543    1.283741  0.001430  164.91
   500    300.790514     68   -349.059144  0.001848   -349.060485  0.000533    1.283525  0.001398  170.22
   520    300.705880     72   -349.059524  0.001882   -349.060456  0.000521    1.283373  0.001348  175.56
   540    300.636449     72   -349.060256  0.001988   -349.060436  0.000508    1.283583  0.001302  180.86
   560    300.557361     78   -349.060478  0.001929   -349.060351  0.000499    1.283479  0.001296  186.16
   580    300.476036     82   -349.060428  0.001900   -349.060409  0.000491    1.283913  0.001293  191.47
   600    300.404755     86   -349.060220  0.001853   -349.060230  0.000484    1.284408  0.001348  196.77
   620    300.345768     87   -349.060128  0.001851   -349.060256  0.000474    1.284524  0.001316  202.08
   640    300.287407     89   -349.060253  0.001856   -349.060318  0.000465    1.284376  0.001287  207.39
   660    300.229687     91   -349.059623  0.001820   -349.060186  0.000457    1.284743  0.001291  212.69
   680    300.179804     97   -349.059544  0.001802   -349.060170  0.000451    1.284546  0.001268  218.00
   700    300.134817    103   -349.059638  0.001758   -349.060161  0.000446    1.284613  0.001259  223.31
   720    300.079718    105   -349.059426  0.001716   -349.059995  0.000442    1.284805  0.001223  228.61
   740    300.028733    111   -349.059457  0.001680   -349.059918  0.000435    1.285165  0.001229  233.93
   760    299.989394    113   -349.059934  0.001814   -349.059921  0.000429    1.285133  0.001205  239.23
   780    299.957431    119   -349.060289  0.001807   -349.059824  0.000430    1.285182  0.001186  244.53
   800    299.916107    124   -349.060185  0.001764   -349.059841  0.000429    1.285322  0.001196  249.84
   820    299.880220    130   -349.060362  0.001725   -349.059828  0.000425    1.285492  0.001179  255.16
   840    299.836808    135   -349.060023  0.001702   -349.059796  0.000419    1.285940  0.001236  260.47
   860    299.806172    136   -349.060085  0.001664   -349.059777  0.000413    1.285828  0.001212  265.78
   880    299.775470    138   -349.060047  0.001638   -349.059695  0.000508    1.285784  0.001185  271.09
   900    299.745611    141   -349.060110  0.001605   -349.059831  0.000509    1.285677  0.001163  276.40
   920    299.716405    146   -349.060176  0.001572   -349.059909  0.000501    1.285548  0.001145  281.71
   940    299.690028    149   -349.060014  0.001540   -349.059800  0.000492    1.285500  0.001122  287.02
   960    299.664446    149   -349.059748  0.001510   -349.059762  0.000485    1.285485  0.001176  292.35
   980    299.639990    155   -349.059868  0.001527   -349.059743  0.000477    1.285838  0.001176  297.66
  1000    299.614300    157   -349.059886  0.001497   -349.059862  0.000473    1.285853  0.001201  302.97
---------------------------------------------- Post Propagation ----------------------------------------------
Total number of samples 1000
Raw AFQMC/HF (Guide) energy:           -349.059886 ± 0.001497
Raw Trial/Guide overlap ratio:          1.285853 ± 0.001201
Raw AFQMC/pt2CCSD energy (covariance): -349.059862 ± 0.000473
Raw AFQMC/pt2CCSD energy (dir sample): -349.059862 ± 0.000361
--------------------------------------------- Clean Obeservation ---------------------------------------------
removing energies outside zeta > 30
Outlier energy bound [-349.337148, -348.781088]
Removed 0 outliers with energies []
Clean AFQMC/pt2CCSD overlap ratio:        1.285853 ± 0.001201
Clean AFQMC/pt2CCSD energy (covariance): -349.059862 ± 0.000473
Clean AFQMC/ptCCSD energy (dir sample):  -349.059862 ± 0.000361
--------------------------------------------- Blocking Analysis ----------------------------------------------
nsample = 1000, max_block_size = 25, min_nblocks = 40
   B    NB    NS  Observable     Error    dError
   1  1000  1000    1.285882  0.000412  0.000009
   2   500  1000    1.285881  0.000535  0.000017
   3   333   999    1.285867  0.000629  0.000024
   4   250  1000    1.285879  0.000692  0.000031
   5   200  1000    1.285879  0.000751  0.000038
   6   166   996    1.285827  0.000789  0.000043
   7   142   994    1.285809  0.000828  0.000049
   8   125  1000    1.285879  0.000876  0.000056
   9   111   999    1.285866  0.000894  0.000060
  10   100  1000    1.285879  0.000921  0.000065
  11    90   990    1.285830  0.000945  0.000071
  12    83   996    1.285827  0.000990  0.000077
  13    76   988    1.285858  0.001010  0.000082
  14    71   994    1.285809  0.001037  0.000088
  15    66   990    1.285830  0.001060  0.000093
  16    62   992    1.285827  0.001046  0.000095
  17    58   986    1.285865  0.001051  0.000098
  18    55   990    1.285829  0.001046  0.000101
  19    52   988    1.285856  0.001089  0.000108
  20    50  1000    1.285878  0.001109  0.000112
  21    47   987    1.285861  0.001066  0.000111
  22    45   990    1.285829  0.001020  0.000109
  23    43   989    1.285841  0.001043  0.000114
  24    41   984    1.285867  0.001201  0.000134
  25    40  1000    1.285877  0.001115  0.000126
Fit (variance): plateau_var = 1.309e-06 ± 1.299e-07
Fit (error):    plateau = 0.001144 ± 0.000057
     autocorrelation length ~ 9.5 blocks
     plateau reached at block size ~ 44
     !!!Failed to reach plateau in blocking
     Return max block error
nclean = 1000, max_block_size = 25, min_nblocks = 40
Blk_SZ   NBlk   NSmp      Energy     Error    dError
     1   1000   1000  -349.059497  0.000361  0.000008
     2    500   1000  -349.059603  0.000372  0.000012
     3    333    999  -349.059643  0.000385  0.000015
     4    250   1000  -349.059684  0.000411  0.000018
     5    200   1000  -349.059704  0.000412  0.000021
     6    166    996  -349.059712  0.000408  0.000022
     7    142    994  -349.059698  0.000427  0.000025
     8    125   1000  -349.059744  0.000411  0.000026
     9    111    999  -349.059763  0.000411  0.000028
    10    100   1000  -349.059762  0.000417  0.000030
    11     90    990  -349.059681  0.000406  0.000030
    12     83    996  -349.059759  0.000390  0.000030
    13     76    988  -349.059677  0.000392  0.000032
    14     71    994  -349.059739  0.000416  0.000035
    15     66    990  -349.059702  0.000365  0.000032
    16     62    992  -349.059714  0.000385  0.000035
    17     58    986  -349.059687  0.000376  0.000035
    18     55    990  -349.059725  0.000353  0.000034
    19     52    988  -349.059699  0.000329  0.000033
    20     50   1000  -349.059815  0.000411  0.000042
    21     47    987  -349.059712  0.000367  0.000038
    22     45    990  -349.059731  0.000376  0.000040
    23     43    989  -349.059721  0.000355  0.000039
    24     41    984  -349.059716  0.000333  0.000037
    25     40   1000  -349.059834  0.000363  0.000041
Fit (variance): plateau_var = 1.524664e-07 ± 5.286714e-09
Fit (error):    plateau = 0.000390 ± 0.000007
     autocorrelation length ~ 1.1 blocks
     plateau reached at block size ~ 4
Final AFQMC/pt2CCSD overlap ratio: 1.285853 ± 0.001201
Final AFQMC/pt2CCSD energy: -349.059862 ± 0.000390
Total run time: 312.32
------------------------------------------ AFQMC Sampling Finished -------------------------------------------
