------------------------------------------- AFQMC Sampling Started -------------------------------------------
Hostname: gpua016.delta.ncsa.illinois.edu
System Type: Linux
Machine Type: x86_64
Processor: x86_64
Using GPU.
System: Linux
Node Name: gpua016.delta.ncsa.illinois.edu
Release: 5.14.0-427.91.1.el9_4.x86_64
Version: #1 SMP PREEMPT_DYNAMIC Wed Sep 17 10:08:59 EDT 2025
Machine: x86_64
Processor: x86_64
Decomposing Unrestricted T2 amplitudes
Throw 0 vectors in T2 deomposition
SVD cutoff = 1.00e-08 | error = 1.98e-15
number of T2 decomposition vectors 576
norb: 41
nelec: (9, 9)
n_eql: 120
n_blocks: 1000
n_walkers: 300
dt: 0.005
max_error: 0.0
seed: 17
walker_type: uhf
trial: uccsd_pt2
free_projection: False
use_gpu: True
n_exp_terms: 6
n_prop_steps: 50
save_walkers: False
n_batch: 1
nchol_chunk: 100
mix_precision: True
initial AFQMC/pt2CCSD Energy is -213.258936
Propagating with 300 walkers
----------------------------------------------- Equilibration ------------------------------------------------
inv_T        weight  killW        energy   runTime
 0.00    300.000000      0   -212.758664     12.12
 3.00    306.903272      0   -213.235538     19.09
 6.00    307.842179      0   -213.269335     20.01
 9.00    307.336148      0   -213.261547     20.93
12.00    306.730324      0   -213.277689     21.85
15.00    307.070235      0   -213.285712     22.77
18.00    307.342792      0   -213.311661     23.70
21.00    307.209803      0   -213.262345     24.62
24.00    306.826730      0   -213.266264     25.54
27.00    307.691202      0   -213.260243     26.46
30.00    307.731868      0   -213.278723     27.38
---------------------------------------------- Sampling Blocks -----------------------------------------------
blocks        weight  killW       E_Guide     error       E_Trial     error     olp_T/G     error  Walltime
    20    306.997295      0   -213.269981  0.010476   -213.272877  0.001170    1.005824  0.000752   36.68
    40    306.262173      0   -213.269304  0.006430   -213.273396  0.000985    1.006351  0.000529   39.66
    60    305.577167      0   -213.271338  0.006280   -213.272854  0.000735    1.006537  0.000365   42.66
    80    304.926575      1   -213.268169  0.005065   -213.272863  0.000687    1.006770  0.000330   45.62
   100    304.502376      1   -213.270186  0.004357   -213.272654  0.000606    1.006732  0.000266   48.59
   120    304.050328      1   -213.270564  0.003609   -213.272298  0.000543    1.006678  0.000226   51.56
   140    303.679515      1   -213.272984  0.003547   -213.272376  0.000498    1.006446  0.000249   54.52
   160    303.360642      1   -213.275617  0.003679   -213.272460  0.000477    1.006424  0.000225   57.49
   180    303.054196      1   -213.275829  0.003302   -213.272397  0.000439    1.006474  0.000209   60.46
   200    302.812755      1   -213.277152  0.003102   -213.272602  0.000419    1.006403  0.000199   63.42
   220    302.576054      1   -213.277397  0.002823   -213.272693  0.000398    1.006441  0.000183   66.39
   240    302.384608      1   -213.278821  0.002857   -213.272933  0.000390    1.006421  0.000170   69.36
   260    302.195048      1   -213.279375  0.002671   -213.273063  0.000397    1.006361  0.000165   72.33
   280    302.021920      1   -213.279170  0.002494   -213.272964  0.000377    1.006382  0.000151   75.30
   300    301.857778      1   -213.278622  0.002361   -213.272987  0.000365    1.006343  0.000147   78.27
   320    301.727170      1   -213.278839  0.002232   -213.272965  0.000348    1.006316  0.000140   81.23
   340    301.585238      2   -213.277619  0.002267   -213.272996  0.000339    1.006338  0.000133   84.19
   360    301.471682      2   -213.277610  0.002152   -213.272931  0.000333    1.006374  0.000128   87.16
   380    301.367580      2   -213.277717  0.002091   -213.272922  0.000328    1.006409  0.000131   90.12
   400    301.268438      2   -213.277434  0.002006   -213.272887  0.000316    1.006375  0.000128   93.09
   420    301.178766      2   -213.277152  0.001958   -213.272873  0.000305    1.006416  0.000126   96.05
   440    301.093073      2   -213.277026  0.001899   -213.272943  0.000296    1.006420  0.000125   99.02
   460    301.030293      2   -213.278024  0.001910   -213.273147  0.000307    1.006391  0.000126  102.04
   480    300.959137      2   -213.277728  0.001855   -213.273086  0.000298    1.006442  0.000123  105.00
   500    300.894996      2   -213.277559  0.001810   -213.273100  0.000294    1.006458  0.000122  107.97
   520    300.835277      2   -213.277318  0.001774   -213.273067  0.000288    1.006486  0.000122  110.93
   540    300.774877      2   -213.277133  0.001736   -213.273117  0.000284    1.006474  0.000117  113.90
   560    300.719635      2   -213.276661  0.001708   -213.273140  0.000277    1.006423  0.000118  116.86
   580    300.673453      3   -213.277107  0.001686   -213.273270  0.000274    1.006382  0.000117  119.83
   600    300.629009      3   -213.276930  0.001635   -213.273261  0.000269    1.006352  0.000119  122.79
   620    300.591381      3   -213.277326  0.001629   -213.273317  0.000269    1.006363  0.000116  125.76
   640    300.551077      3   -213.277022  0.001610   -213.273275  0.000264    1.006365  0.000116  128.72
   660    300.515204      3   -213.276977  0.001571   -213.273230  0.000259    1.006359  0.000112  131.69
   680    300.467435      3   -213.276391  0.001762   -213.273171  0.000253    1.006353  0.000109  134.65
   700    300.434652      3   -213.276337  0.001718   -213.273130  0.000247    1.006349  0.000107  137.62
   720    300.404421      3   -213.276294  0.001677   -213.273124  0.000242    1.006348  0.000108  140.58
   740    300.380153      3   -213.276214  0.001644   -213.273082  0.000237    1.006339  0.000106  143.54
   760    300.356681      3   -213.276788  0.001606   -213.273174  0.000236    1.006344  0.000104  146.51
   780    300.330614      4   -213.276992  0.001662   -213.273221  0.000234    1.006345  0.000104  149.47
   800    300.308971      4   -213.277310  0.001654   -213.273286  0.000244    1.006322  0.000102  152.44
   820    300.285899      4   -213.277502  0.001624   -213.273343  0.000245    1.006298  0.000102  155.40
   840    300.260445      4   -213.277448  0.001586   -213.273393  0.000245    1.006261  0.000107  158.36
   860    300.234934      4   -213.277248  0.001562   -213.273363  0.000240    1.006231  0.000108  161.40
   880    300.214903      4   -213.277398  0.001540   -213.273339  0.000236    1.006228  0.000111  164.37
   900    300.196873      4   -213.277444  0.001526   -213.273336  0.000233    1.006207  0.000111  167.35
   920    300.179072      4   -213.277457  0.001504   -213.273310  0.000229    1.006204  0.000109  170.32
   940    300.160941      4   -213.277218  0.001504   -213.273250  0.000225    1.006209  0.000107  173.29
   960    300.145159      4   -213.277542  0.001487   -213.273268  0.000223    1.006236  0.000110  176.25
   980    300.129997      4   -213.277777  0.001557   -213.273287  0.000228    1.006233  0.000110  179.21
  1000    300.109849      4   -213.277477  0.001521   -213.273299  0.000225    1.006214  0.000107  182.17
---------------------------------------------- Post Propagation ----------------------------------------------
Total number of samples 1000
Raw AFQMC/HF (Guide) energy:           -213.277477 ± 0.001521
Raw Trial/Guide overlap ratio:          1.006214 ± 0.000107
Raw AFQMC/pt2CCSD energy (covariance): -213.273299 ± 0.000225
Raw AFQMC/pt2CCSD energy (dir sample): -213.273299 ± 0.000187
--------------------------------------------- Clean Obeservation ---------------------------------------------
removing energies outside zeta > 30
Outlier energy bound [-213.395171, -213.148721]
Removed 0 outliers with energies []
Clean AFQMC/pt2CCSD overlap ratio:        1.006214 ± 0.000107
Clean AFQMC/pt2CCSD energy (covariance): -213.273299 ± 0.000225
Clean AFQMC/ptCCSD energy (dir sample):  -213.273299 ± 0.000187
--------------------------------------------- Blocking Analysis ----------------------------------------------
nsample = 1000, max_block_size = 25, min_nblocks = 40
   B    NB    NS  Observable     Error    dError
   1  1000  1000    1.006213  0.000041  0.000001
   2   500  1000    1.006213  0.000054  0.000002
   3   333   999    1.006214  0.000062  0.000002
   4   250  1000    1.006213  0.000069  0.000003
   5   200  1000    1.006213  0.000073  0.000004
   6   166   996    1.006220  0.000078  0.000004
   7   142   994    1.006224  0.000080  0.000005
   8   125  1000    1.006213  0.000087  0.000006
   9   111   999    1.006214  0.000088  0.000006
  10   100  1000    1.006213  0.000088  0.000006
  11    90   990    1.006225  0.000092  0.000007
  12    83   996    1.006220  0.000094  0.000007
  13    76   988    1.006227  0.000094  0.000008
  14    71   994    1.006224  0.000092  0.000008
  15    66   990    1.006225  0.000096  0.000008
  16    62   992    1.006224  0.000099  0.000009
  17    58   986    1.006232  0.000098  0.000009
  18    55   990    1.006225  0.000100  0.000010
  19    52   988    1.006227  0.000100  0.000010
  20    50  1000    1.006213  0.000100  0.000010
  21    47   987    1.006230  0.000100  0.000010
  22    45   990    1.006225  0.000104  0.000011
  23    43   989    1.006225  0.000100  0.000011
  24    41   984    1.006231  0.000107  0.000012
  25    40  1000    1.006213  0.000101  0.000011
Fit (variance): plateau_var = 1.060e-08 ± 8.302e-10
Fit (error):    plateau = 0.000103 ± 0.000004
     autocorrelation length ~ 7.2 blocks
     plateau reached at block size ~ 33
     !!!Failed to reach plateau in blocking
     Return max block error
nclean = 1000, max_block_size = 25, min_nblocks = 40
Blk_SZ   NBlk   NSmp      Energy     Error    dError
     1   1000   1000  -213.273104  0.000187  0.000004
     2    500   1000  -213.273147  0.000202  0.000006
     3    333    999  -213.273177  0.000206  0.000008
     4    250   1000  -213.273186  0.000221  0.000010
     5    200   1000  -213.273209  0.000216  0.000011
     6    166    996  -213.273230  0.000218  0.000012
     7    142    994  -213.273240  0.000207  0.000012
     8    125   1000  -213.273225  0.000214  0.000014
     9    111    999  -213.273244  0.000203  0.000014
    10    100   1000  -213.273241  0.000218  0.000015
    11     90    990  -213.273266  0.000223  0.000017
    12     83    996  -213.273256  0.000222  0.000017
    13     76    988  -213.273263  0.000216  0.000018
    14     71    994  -213.273268  0.000217  0.000018
    15     66    990  -213.273279  0.000217  0.000019
    16     62    992  -213.273272  0.000210  0.000019
    17     58    986  -213.273245  0.000221  0.000021
    18     55    990  -213.273284  0.000215  0.000021
    19     52    988  -213.273275  0.000205  0.000020
    20     50   1000  -213.273263  0.000228  0.000023
    21     47    987  -213.273262  0.000206  0.000022
    22     45    990  -213.273283  0.000248  0.000026
    23     43    989  -213.273280  0.000240  0.000026
    24     41    984  -213.273258  0.000224  0.000025
    25     40   1000  -213.273273  0.000204  0.000023
Fit (variance): plateau_var = 4.659175e-08 ± 1.698661e-09
Fit (error):    plateau = 0.000216 ± 0.000004
     autocorrelation length ~ 1.4 blocks
     plateau reached at block size ~ 6
Final AFQMC/pt2CCSD overlap ratio: 1.006214 ± 0.000107
Final AFQMC/pt2CCSD energy: -213.273299 ± 0.000216
Total run time: 191.46
------------------------------------------ AFQMC Sampling Finished -------------------------------------------
