#INFO: **** input file is /work/hdd/bdka/yzhang65/w4_17/w4-17_all/afqmc_input/run_afqmc.py ****
import os
os.environ.setdefault("XLA_PYTHON_CLIENT_ALLOCATOR", "platform")

import jax
jax.config.update("jax_enable_x64", True)

import glob
import numpy as np
from pyscf import gto, scf, cc
from afqmc import prep, launch_afqmc
import re

def extract_afqmc_energy(filename):
    """Extract the final AFQMC/pt2CCSD energy and its uncertainty from an afqmc.out file.
    
    Returns (0, 0) if the value cannot be found or the file cannot be read.
    """
    pattern = re.compile(
        r"Final AFQMC/pt2CCSD energy:\s*"
        r"([-+]?\d*\.?\d+(?:[eE][-+]?\d+)?)"   # energy
        r"\s*(?:±|\+/-)\s*"
        r"([-+]?\d*\.?\d+(?:[eE][-+]?\d+)?)"   # error
    )
    try:
        with open(filename, "r", encoding="utf-8") as f:
            for line in f:
                m = pattern.search(line)
                if m:
                    return float(m.group(1)), float(m.group(2))
    except (OSError, IOError):
        pass
    return 0, 0

# basis = "ccpvdz"
xyz_dir = "../w4_17_xyz/closed_shell"
results_file = f"./closed_shell_uhf_vdzsd.dat"
out_dir = "../result/molout/closed_shell"
os.makedirs(out_dir, exist_ok=True)

# Set to a list of molecule names to run only those, e.g. ["acetaldehyde", "benzene"]
# Set to None to run all molecules in xyz_dir
select_molecules = None
symmetry = False

def vdzsd(elem):
    if elem in ('H', 'He'):
        raw_basis = gto.basis.load('ccpvdz', elem)
        return [b for b in raw_basis if b[0] != 1]
    else:
        return gto.basis.load('ccpvdz', elem)

def get_vdzsd_basis(atoms):
    elems = {line.split()[0] for line in atoms.strip().splitlines() if line.strip()}
    basis_dict = {el: vdzsd(el) for el in elems}
    return basis_dict

all_xyz = sorted(glob.glob(os.path.join(xyz_dir, "*.xyz")))
if select_molecules is not None:
    select_set = set(select_molecules)
    xyz_files = [p for p in all_xyz if os.path.splitext(os.path.basename(p))[0] in select_set]
    missing = select_set - {os.path.splitext(os.path.basename(p))[0] for p in xyz_files}
    if missing:
        print(f"Warning: no .xyz file found for: {', '.join(sorted(missing))} in {xyz_dir}")
else:
    xyz_files = all_xyz

with open(results_file, "w") as out:
    out.write(f"{'Molecule':<16s} {'Charge':>6s} {'2S':>6s} {'frozen':>6s} "
              f"{'E_HF (Eh)':>20s} {'E_CCSD (Eh)':>20s} {'E_CCSD(T) (Eh)':>20s} "
              f"{'E_AFQMC (Eh)':>20s} {'E_AFQMC ERR (Eh)':>20s} \n")
    out.write("-" * 100 + "\n")

for xyz_path in xyz_files:
    with open(xyz_path, "r") as f:
        lines = f.readlines()

    # Parse charge and multiplicity from second line: "name charge=X mult=Y"
    second_line = lines[1]
    charge = int(second_line.split("charge=")[1].split()[0])
    mult   = int(second_line.split("mult=")[1].split()[0])
    spin   = mult - 1   # PySCF spin input is 2S = mult - 1
    mol_name = second_line.split()[0]

    # Coordinates only (skip the atom count and comment lines)
    atoms = "".join(lines[2:])
    basis_dict = get_vdzsd_basis(atoms)

    print(f"\n{'='*60}")
    print(f"Running: {mol_name}  charge={charge}  spin={spin}")
    print(f"{'='*60}")

    mol = gto.M(
        atom=atoms,
        basis=basis_dict,
        verbose=4,
        output=os.path.join(out_dir, f"{mol_name}_vdzsd.out"),
        unit="angstrom",
        symmetry=symmetry,
        charge=charge,
        spin=spin,
        max_memory=40000,
    )

    mf = scf.UHF(mol)
    mf.max_cycle = 200
    mf = mf.newton()
    mf.kernel()

    # Stability check loop — at most 10 attempts
    max_stability_cycles = 10
    stable = False
    for stability_iter in range(max_stability_cycles):
        mo_i, _, stable, _ = mf.stability(return_status=True)
        if stable:
            break
        dm = mf.make_rdm1(mo_i, mf.mo_occ)
        mf.kernel(dm0=dm)

    if not stable or not mf.converged:
        print(f"  !! SCF did not converge for {mol_name} — skipping.")
        with open(results_file, "a") as out:
            out.write(f"{mol_name:<16s} {charge:>6d} {spin:>6d} {'N/A':>6s} "
                      f"{'UNCONVERGED':>20s} {'UNCONVERGED':>20s} {'UNCONVERGED':>20s}\n")
        continue

    energy = mf.e_tot

    mycc = cc.CCSD(mf)
    mycc.set_frozen()
    mycc.kernel()
    e_ccsd = mycc.e_tot
    et = mycc.ccsd_t()
    e_ccsdt = e_ccsd + et
    frozen = mycc.frozen

    prep.prep_afqmc(mycc, chol_cut=1e-5)
    options = {'n_eql': 120,
               'n_blocks': 1000,
               'n_walkers': 300,
               'dt':0.005,
               'max_error': 0.0,
               #'nchol_chunk': 200,
               'seed': 17,
               'walker_type': 'uhf',
               'trial': 'uccsd_pt2',
               'free_projection': False,
               'use_gpu': True,
               }
    launch_afqmc.run_afqmc(options)
    afqmc_file = os.path.join(out_dir, f'{mol_name}_afqmc_vdzsd.out')
    os.system(f"mv afqmc.out {afqmc_file}")
    eqmc, eqmc_err = extract_afqmc_energy(f"{afqmc_file}")

    with open(results_file, "a") as out:
        out.write(f"{mol_name:<16s} {charge:>6d} {spin:>6d} {frozen:>6d} "
                  f"{energy:>20.10f} {e_ccsd:>20.10f} {e_ccsdt:>20.10f}"
                  f"{eqmc:>20.10f} {eqmc_err:>20.10f} \n")

    print(f"  => E_HF({mol_name})      = {energy:.10f} Eh")
    print(f"  => E_CCSD({mol_name})    = {e_ccsd:.10f} Eh")
    print(f"  => E_CCSD(T)({mol_name}) = {e_ccsdt:.10f} Eh")
    print(f"  => E_AFQMC({mol_name})   = {eqmc:.10f} +/- {eqmc_err:.10f} Eh")

print(f"\nAll calculations complete. Results saved to {results_file}")
#INFO: ******************** input file end ********************


System: uname_result(system='Linux', node='gpua016.delta.ncsa.illinois.edu', release='5.14.0-427.91.1.el9_4.x86_64', version='#1 SMP PREEMPT_DYNAMIC Wed Sep 17 10:08:59 EDT 2025', machine='x86_64')  Threads 16
Python 3.11.14 (main, Oct 21 2025, 18:31:21) [GCC 11.2.0]
numpy 2.3.5  scipy 1.16.3  h5py 3.15.1
Date: Sun May 17 04:04:19 2026
PySCF version 2.11.0
PySCF path  /u/yzhang65/myprojects/software/pyscf
GIT HEAD (branch master) f520f5381c0b41f716d847009817cbc64e52c0d5

[ENV] PYSCF_TMPDIR /projects/bdka/yzhang65/scratch/pyscf
[ENV] PYSCF_EXT_PATH /u/yzhang65/myprojects/software/pyscf-forge
[CONFIG] conf_file None
[INPUT] verbose = 4
[INPUT] num. atoms = 3
[INPUT] num. electrons = 18
[INPUT] charge = 0
[INPUT] spin (= nelec alpha-beta = 2S) = 0
[INPUT] symmetry False subgroup None
[INPUT] Mole.unit = angstrom
[INPUT] Symbol           X                Y                Z      unit          X                Y                Z       unit  Magmom
[INPUT]  1 H     -0.904390000000   0.840938000000   0.000000000000 AA   -1.709049409795   1.589142507739   0.000000000000 Bohr   0.0
[INPUT]  2 O      0.053199000000   0.710109000000   0.000000000000 AA    0.100531540101   1.341911528589   0.000000000000 Bohr   0.0
[INPUT]  3 F      0.053199000000  -0.724645000000   0.000000000000 AA    0.100531540101  -1.369380587535   0.000000000000 Bohr   0.0

nuclear repulsion = 33.5309362598627
number of shells = 12
number of NR pGTOs = 56
number of NR cGTOs = 30
basis = {'F': [[0, [14710.0, 0.000721, -0.000165], [2207.0, 0.005553, -0.001308], [502.8, 0.028267, -0.006495], [142.6, 0.106444, -0.026691], [46.47, 0.286814, -0.07369], [16.7, 0.448641, -0.170776], [6.356, 0.264761, -0.112327], [1.316, 0.015333, 0.562814]], [0, [0.3897, 1.0]], [1, [22.67, 0.044878], [4.977, 0.235718], [1.347, 0.508521]], [1, [0.3471, 1.0]], [2, [1.64, 1.0]]], 'O': [[0, [11720.0, 0.00071, -0.00016], [1759.0, 0.00547, -0.001263], [400.8, 0.027837, -0.006267], [113.7, 0.1048, -0.025716], [37.03, 0.283062, -0.070924], [13.27, 0.448719, -0.165411], [5.025, 0.270952, -0.116955], [1.013, 0.015458, 0.557368]], [0, [0.3023, 1.0]], [1, [17.7, 0.043018], [3.854, 0.228913], [1.046, 0.508728]], [1, [0.2753, 1.0]], [2, [1.185, 1.0]]], 'H': [[0, [13.01, 0.019685], [1.962, 0.137977], [0.4446, 0.478148]], [0, [0.122, 1.0]]]}
ecp = {}
CPU time:     12552.93




******** <class 'pyscf.soscf.newton_ah.SecondOrderUHF'> ********
method = SecondOrderUHF
initial guess = minao
damping factor = 0
level_shift factor = 0
DIIS = <class 'pyscf.scf.diis.CDIIS'>
diis_start_cycle = 1
diis_space = 8
diis_damp = 0
SCF conv_tol = 1e-09
SCF conv_tol_grad = None
SCF max_cycles = 200
direct_scf = True
direct_scf_tol = 1e-13
chkfile to save SCF result = /projects/bdka/yzhang65/scratch/pyscf/tmpz0i4tt5r
max_memory 40000 MB (current use 3158 MB)
number electrons alpha = 9  beta = 9
******** <class 'pyscf.scf.uhf.UHF'> Newton solver flags ********
SCF tol = 1e-09
conv_tol_grad = None
max. SCF cycles = 200
direct_scf = True
direct_scf_tol = 1e-13
chkfile to save SCF result = /projects/bdka/yzhang65/scratch/pyscf/tmpz0i4tt5r
max_cycle_inner = 12
max_stepsize = 0.05
ah_start_tol = 1e+09
ah_level_shift = 0
ah_conv_tol = 1e-12
ah_lindep = 1e-14
ah_start_cycle = 1
ah_max_cycle = 40
ah_grad_trust_region = 2.5
kf_interval = 4
kf_trust_region = 5
canonicalization = True
max_memory 40000 MB (current use 3158 MB)
Set conv_tol_grad to 3.16228e-05
  alpha nocc = 9  HOMO = -0.409651029561447  LUMO = -0.12964522060617
  beta  nocc = 9  HOMO = -0.407670162047318  LUMO = -0.127900341842658
Initial guess E= -174.708044979074  |g|= 0.253982
macro= 0  E= -174.733134398712  delta_E= -0.0250894  |g|= 7.48654e-05  4 KF 20 JK
macro= 1  E= -174.733134402013  delta_E= -3.3005e-09  |g|= 2.17224e-05  1 KF 5 JK
macro= 2  E= -174.7331343563  delta_E= 4.57125e-08  |g|= 6.05435e-05  1 KF 7 JK
macro= 3  E= -174.733134356301  delta_E= -8.52651e-14  |g|= 7.89838e-06  1 KF 2 JK
Canonicalize SCF orbitals
macro X = 4  E=-174.733134356301  |g|= 7.89838e-06  total 8 KF 39 JK
converged SCF energy = -174.733134356301  <S^2> = 1.0208669e-09  2S+1 = 1
uhf_internal: lowest eigs of H = [-0.00611759  0.16557672  0.3605137 ]
<class 'pyscf.soscf.newton_ah.SecondOrderUHF'> wavefunction has an internal instability




******** <class 'pyscf.soscf.newton_ah.SecondOrderUHF'> ********
method = SecondOrderUHF
initial guess = minao
damping factor = 0
level_shift factor = 0
DIIS = <class 'pyscf.scf.diis.CDIIS'>
diis_start_cycle = 1
diis_space = 8
diis_damp = 0
SCF conv_tol = 1e-09
SCF conv_tol_grad = None
SCF max_cycles = 200
direct_scf = True
direct_scf_tol = 1e-13
chkfile to save SCF result = /projects/bdka/yzhang65/scratch/pyscf/tmpz0i4tt5r
max_memory 40000 MB (current use 3158 MB)
number electrons alpha = 9  beta = 9
******** <class 'pyscf.scf.uhf.UHF'> Newton solver flags ********
SCF tol = 1e-09
conv_tol_grad = None
max. SCF cycles = 200
direct_scf = True
direct_scf_tol = 1e-13
chkfile to save SCF result = /projects/bdka/yzhang65/scratch/pyscf/tmpz0i4tt5r
max_cycle_inner = 12
max_stepsize = 0.05
ah_start_tol = 1e+09
ah_level_shift = 0
ah_conv_tol = 1e-12
ah_lindep = 1e-14
ah_start_cycle = 1
ah_max_cycle = 40
ah_grad_trust_region = 2.5
kf_interval = 4
kf_trust_region = 5
canonicalization = True
max_memory 40000 MB (current use 3158 MB)
Set conv_tol_grad to 3.16228e-05
  alpha nocc = 9  HOMO = -0.503135411844051  LUMO = 0.182582545423084
  beta  nocc = 9  HOMO = -0.480093671074324  LUMO = 0.185992010657648
Initial guess E= -174.68479865457  |g|= 0.145225
macro= 0  E= -174.722405753369  delta_E= -0.0376071  |g|= 0.145225  2 KF 6 JK
macro= 1  E= -174.732235231022  delta_E= -0.00982948  |g|= 0.014806  3 KF 9 JK
macro= 2  E= -174.733069031881  delta_E= -0.000833801  |g|= 0.00304482  3 KF 11 JK
macro= 3  E= -174.733135843971  delta_E= -6.68121e-05  |g|= 0.00184865  2 KF 9 JK
macro= 4  E= -174.733145480171  delta_E= -9.6362e-06  |g|= 0.000712221  2 KF 9 JK
macro= 5  E= -174.733146343011  delta_E= -8.62839e-07  |g|= 4.24149e-05  2 KF 12 JK
macro= 6  E= -174.733146344378  delta_E= -1.36708e-09  |g|= 1.46067e-05  1 KF 3 JK
macro= 7  E= -174.733146344378  delta_E= -8.52651e-14  |g|= 1.02548e-05  1 KF 2 JK
Canonicalize SCF orbitals
macro X = 8  E=-174.733146344378  |g|= 1.02548e-05  total 17 KF 70 JK
converged SCF energy = -174.733146344378  <S^2> = 0.015603827  2S+1 = 1.0307353
uhf_internal: lowest eigs of H = [0.01218549 0.16667073 0.35937505]
<class 'pyscf.soscf.newton_ah.SecondOrderUHF'> wavefunction is stable in the internal stability analysis

******** <class 'pyscf.cc.uccsd.UCCSD'> ********
CC2 = 0
CCSD nocc = (np.int64(7), np.int64(7)), nmo = (28, 28)
frozen orbitals 2
max_cycle = 50
direct = 0
conv_tol = 1e-07
conv_tol_normt = 1e-06
diis_space = 6
diis_start_cycle = 0
diis_start_energy_diff = 1e+09
max_memory 40000 MB (current use 3158 MB)
Init t2, MP2 energy = -0.378661012114051
Init E_corr(UCCSD) = -0.378661012157536
cycle = 1  E_corr(UCCSD) = -0.378455305988115  dE = 0.000205706169  norm(t1,t2) = 0.0672545
cycle = 2  E_corr(UCCSD) = -0.388859662423184  dE = -0.0104043564  norm(t1,t2) = 0.0251304
cycle = 3  E_corr(UCCSD) = -0.390031013500147  dE = -0.00117135108  norm(t1,t2) = 0.0144954
cycle = 4  E_corr(UCCSD) = -0.392360533079277  dE = -0.00232951958  norm(t1,t2) = 0.00825955
cycle = 5  E_corr(UCCSD) = -0.392318869160942  dE = 4.16639183e-05  norm(t1,t2) = 0.00350761
cycle = 6  E_corr(UCCSD) = -0.392187636018873  dE = 0.000131233142  norm(t1,t2) = 0.001233
cycle = 7  E_corr(UCCSD) = -0.392257393314936  dE = -6.97572961e-05  norm(t1,t2) = 0.000503617
cycle = 8  E_corr(UCCSD) = -0.39225791451815  dE = -5.21203214e-07  norm(t1,t2) = 0.000229322
cycle = 9  E_corr(UCCSD) = -0.392253797853973  dE = 4.11666418e-06  norm(t1,t2) = 0.00013386
cycle = 10  E_corr(UCCSD) = -0.392254741511166  dE = -9.43657193e-07  norm(t1,t2) = 5.08649e-05
cycle = 11  E_corr(UCCSD) = -0.392255197580436  dE = -4.5606927e-07  norm(t1,t2) = 2.38273e-05
cycle = 12  E_corr(UCCSD) = -0.392255078955301  dE = 1.18625135e-07  norm(t1,t2) = 1.15283e-05
cycle = 13  E_corr(UCCSD) = -0.392254759019365  dE = 3.19935936e-07  norm(t1,t2) = 5.16281e-06
cycle = 14  E_corr(UCCSD) = -0.392254602513233  dE = 1.56506132e-07  norm(t1,t2) = 2.21304e-06
cycle = 15  E_corr(UCCSD) = -0.392254576207423  dE = 2.63058103e-08  norm(t1,t2) = 1.09922e-06
cycle = 16  E_corr(UCCSD) = -0.392254582031809  dE = -5.82438664e-09  norm(t1,t2) = 4.52764e-07
UCCSD converged
E(UCCSD) = -175.1254009264096  E_corr = -0.3922545820318093
UCCSD(T) correction = -0.00821008356530936
