------------------------------------------- AFQMC Sampling Started -------------------------------------------
Hostname: gpua016.delta.ncsa.illinois.edu
System Type: Linux
Machine Type: x86_64
Processor: x86_64
Using GPU.
System: Linux
Node Name: gpua016.delta.ncsa.illinois.edu
Release: 5.14.0-427.91.1.el9_4.x86_64
Version: #1 SMP PREEMPT_DYNAMIC Wed Sep 17 10:08:59 EDT 2025
Machine: x86_64
Processor: x86_64
Decomposing Unrestricted T2 amplitudes
Throw 0 vectors in T2 deomposition
SVD cutoff = 1.00e-08 | error = 2.34e-15
number of T2 decomposition vectors 322
norb: 30
nelec: (7, 7)
n_eql: 120
n_blocks: 1000
n_walkers: 300
dt: 0.005
max_error: 0.0
seed: 17
walker_type: uhf
trial: uccsd_pt2
free_projection: False
use_gpu: True
n_exp_terms: 6
n_prop_steps: 50
save_walkers: False
n_batch: 1
nchol_chunk: 100
mix_precision: True
initial AFQMC/pt2CCSD Energy is -151.149885
Propagating with 300 walkers
----------------------------------------------- Equilibration ------------------------------------------------
inv_T        weight  killW        energy   runTime
 0.00    300.000000      0   -150.762189     11.71
 3.00    306.218748      0   -151.195845     18.22
 6.00    305.786101      0   -151.158859     18.86
 9.00    305.383928      0   -151.196864     19.50
12.00    305.552169      0   -151.185971     20.14
15.00    306.077069      0   -151.212128     20.78
18.00    304.945846      0   -151.126971     21.42
21.00    305.084733      0   -151.146220     22.06
24.00    305.196286      0   -151.157217     22.70
27.00    305.490804      0   -151.188747     23.34
30.00    304.759860      0   -151.135716     23.98
---------------------------------------------- Sampling Blocks -----------------------------------------------
blocks        weight  killW       E_Guide     error       E_Trial     error     olp_T/G     error  Walltime
    20    305.222668      0   -151.151836  0.006894   -151.157861  0.000861    1.001670  0.000214   31.85
    40    304.702357      0   -151.151728  0.006372   -151.157996  0.000690    1.001607  0.000150   33.62
    60    304.277927      0   -151.158717  0.007644   -151.158791  0.000639    1.001494  0.000190   35.41
    80    303.833028      0   -151.160143  0.005437   -151.159164  0.000588    1.001495  0.000139   37.18
   100    303.447162      0   -151.159315  0.004613   -151.159037  0.000498    1.001446  0.000118   38.95
   120    303.100159      0   -151.158223  0.003898   -151.158877  0.000450    1.001436  0.000099   40.72
   140    302.801121      0   -151.159673  0.003472   -151.159142  0.000505    1.001365  0.000097   42.49
   160    302.518203      0   -151.158617  0.003293   -151.159067  0.000453    1.001350  0.000086   44.26
   180    302.265139      0   -151.158142  0.003094   -151.158952  0.000410    1.001396  0.000083   46.04
   200    302.047408      0   -151.157422  0.002855   -151.158842  0.000382    1.001404  0.000077   47.81
   220    301.850015      0   -151.156257  0.002783   -151.158668  0.000353    1.001422  0.000071   49.58
   240    301.696515      1   -151.157701  0.002639   -151.158879  0.000345    1.001429  0.000065   51.35
   260    301.571304      1   -151.158407  0.002500   -151.158787  0.000322    1.001458  0.000064   53.13
   280    301.429766      1   -151.158027  0.002397   -151.158690  0.000304    1.001467  0.000063   54.90
   300    301.311681      1   -151.158249  0.002433   -151.159023  0.000385    1.001475  0.000060   56.67
   320    301.219780      1   -151.159389  0.002422   -151.159104  0.000375    1.001453  0.000058   58.45
   340    301.125556      1   -151.159270  0.002300   -151.159055  0.000356    1.001445  0.000056   60.22
   360    301.037367      1   -151.159639  0.002178   -151.159012  0.000338    1.001426  0.000055   62.00
   380    300.948971      1   -151.159331  0.002103   -151.158956  0.000322    1.001432  0.000052   63.77
   400    300.873658      1   -151.159448  0.002022   -151.158964  0.000310    1.001446  0.000051   65.55
   420    300.809033      1   -151.159807  0.001955   -151.158948  0.000298    1.001442  0.000049   67.32
   440    300.750147      1   -151.159874  0.001854   -151.158855  0.000287    1.001436  0.000047   69.10
   460    300.693897      1   -151.159863  0.001786   -151.158905  0.000281    1.001430  0.000046   70.87
   480    300.640012      1   -151.159952  0.001842   -151.158913  0.000272    1.001430  0.000044   72.65
   500    300.590171      1   -151.159796  0.001796   -151.158953  0.000269    1.001442  0.000043   75.66
   520    300.545770      1   -151.159958  0.001777   -151.159031  0.000272    1.001446  0.000043   77.43
   540    300.497819      1   -151.159579  0.001743   -151.159024  0.000265    1.001457  0.000042   79.21
   560    300.450587      2   -151.159434  0.001704   -151.159016  0.000257    1.001463  0.000041   80.98
   580    300.422546      2   -151.159710  0.001634   -151.159037  0.000250    1.001463  0.000040   82.75
   600    300.386307      2   -151.159730  0.001575   -151.158985  0.000244    1.001477  0.000040   84.52
   620    300.354185      2   -151.159737  0.001546   -151.159016  0.000241    1.001480  0.000039   86.30
   640    300.317240      2   -151.159296  0.001547   -151.158987  0.000235    1.001483  0.000039   88.07
   660    300.295878      3   -151.159699  0.001541   -151.159018  0.000230    1.001475  0.000039   89.88
   680    300.273082      3   -151.159732  0.001521   -151.158992  0.000226    1.001477  0.000039   91.67
   700    300.244584      3   -151.159481  0.001496   -151.158938  0.000221    1.001461  0.000040   93.45
   720    300.221393      3   -151.159247  0.001460   -151.158910  0.000216    1.001453  0.000039   95.22
   740    300.201507      3   -151.159239  0.001436   -151.158854  0.000211    1.001454  0.000039   97.00
   760    300.177381      3   -151.159375  0.001403   -151.158831  0.000207    1.001452  0.000038   98.77
   780    300.154189      3   -151.159135  0.001380   -151.158782  0.000202    1.001451  0.000037  100.54
   800    300.131882      3   -151.158896  0.001374   -151.158754  0.000199    1.001451  0.000036  102.32
   820    300.112435      4   -151.158973  0.001344   -151.158721  0.000196    1.001437  0.000037  104.09
   840    300.093494      4   -151.158989  0.001321   -151.158713  0.000193    1.001426  0.000038  105.87
   860    300.074772      5   -151.158919  0.001303   -151.158704  0.000189    1.001426  0.000038  107.64
   880    300.060173      5   -151.158903  0.001278   -151.158694  0.000186    1.001424  0.000037  109.42
   900    300.043626      5   -151.158828  0.001245   -151.158701  0.000183    1.001429  0.000037  111.20
   920    300.030708      5   -151.158843  0.001228   -151.158703  0.000180    1.001421  0.000036  112.98
   940    300.018283      5   -151.158876  0.001197   -151.158677  0.000176    1.001421  0.000036  114.75
   960    300.005563      5   -151.158730  0.001172   -151.158697  0.000174    1.001415  0.000036  116.53
   980    299.994888      5   -151.158795  0.001158   -151.158673  0.000171    1.001413  0.000036  118.30
  1000    299.980717      5   -151.158602  0.001148   -151.158676  0.000168    1.001411  0.000035  120.08
---------------------------------------------- Post Propagation ----------------------------------------------
Total number of samples 1000
Raw AFQMC/HF (Guide) energy:           -151.158602 ± 0.001148
Raw Trial/Guide overlap ratio:          1.001411 ± 0.000035
Raw AFQMC/pt2CCSD energy (covariance): -151.158676 ± 0.000168
Raw AFQMC/pt2CCSD energy (dir sample): -151.158676 ± 0.000150
--------------------------------------------- Clean Obeservation ---------------------------------------------
removing energies outside zeta > 30
Outlier energy bound [-151.246478, -151.068864]
Removed 0 outliers with energies []
Clean AFQMC/pt2CCSD overlap ratio:        1.001411 ± 0.000035
Clean AFQMC/pt2CCSD energy (covariance): -151.158676 ± 0.000168
Clean AFQMC/ptCCSD energy (dir sample):  -151.158676 ± 0.000150
--------------------------------------------- Blocking Analysis ----------------------------------------------
nsample = 1000, max_block_size = 25, min_nblocks = 40
   B    NB    NS  Observable     Error    dError
   1  1000  1000    1.001412  0.000014  0.000000
   2   500  1000    1.001412  0.000018  0.000001
   3   333   999    1.001412  0.000021  0.000001
   4   250  1000    1.001412  0.000023  0.000001
   5   200  1000    1.001411  0.000025  0.000001
   6   166   996    1.001412  0.000026  0.000001
   7   142   994    1.001412  0.000028  0.000002
   8   125  1000    1.001411  0.000029  0.000002
   9   111   999    1.001412  0.000028  0.000002
  10   100  1000    1.001411  0.000031  0.000002
  11    90   990    1.001412  0.000030  0.000002
  12    83   996    1.001412  0.000030  0.000002
  13    76   988    1.001412  0.000032  0.000003
  14    71   994    1.001412  0.000032  0.000003
  15    66   990    1.001412  0.000031  0.000003
  16    62   992    1.001412  0.000034  0.000003
  17    58   986    1.001411  0.000034  0.000003
  18    55   990    1.001412  0.000032  0.000003
  19    52   988    1.001412  0.000032  0.000003
  20    50  1000    1.001411  0.000034  0.000003
  21    47   987    1.001412  0.000033  0.000003
  22    45   990    1.001412  0.000032  0.000003
  23    43   989    1.001412  0.000033  0.000004
  24    41   984    1.001411  0.000035  0.000004
  25    40  1000    1.001411  0.000034  0.000004
Fit (variance): plateau_var = 1.134e-09 ± 8.281e-11
Fit (error):    plateau = 0.000034 ± 0.000001
     autocorrelation length ~ 6.5 blocks
     plateau reached at block size ~ 30
     !!!Failed to reach plateau in blocking
     Return max block error
nclean = 1000, max_block_size = 25, min_nblocks = 40
Blk_SZ   NBlk   NSmp      Energy     Error    dError
     1   1000   1000  -151.158516  0.000150  0.000003
     2    500   1000  -151.158562  0.000161  0.000005
     3    333    999  -151.158575  0.000167  0.000006
     4    250   1000  -151.158600  0.000171  0.000008
     5    200   1000  -151.158612  0.000176  0.000009
     6    166    996  -151.158613  0.000170  0.000009
     7    142    994  -151.158616  0.000177  0.000011
     8    125   1000  -151.158630  0.000182  0.000012
     9    111    999  -151.158628  0.000182  0.000012
    10    100   1000  -151.158639  0.000186  0.000013
    11     90    990  -151.158636  0.000183  0.000014
    12     83    996  -151.158632  0.000190  0.000015
    13     76    988  -151.158646  0.000194  0.000016
    14     71    994  -151.158639  0.000186  0.000016
    15     66    990  -151.158652  0.000186  0.000016
    16     62    992  -151.158644  0.000217  0.000020
    17     58    986  -151.158657  0.000181  0.000017
    18     55    990  -151.158649  0.000183  0.000018
    19     52    988  -151.158659  0.000187  0.000019
    20     50   1000  -151.158658  0.000189  0.000019
    21     47    987  -151.158656  0.000171  0.000018
    22     45    990  -151.158656  0.000194  0.000021
    23     43    989  -151.158661  0.000182  0.000020
    24     41    984  -151.158665  0.000194  0.000022
    25     40   1000  -151.158666  0.000188  0.000021
Fit (variance): plateau_var = 3.501034e-08 ± 1.928756e-09
Fit (error):    plateau = 0.000187 ± 0.000005
     autocorrelation length ~ 3.9 blocks
     plateau reached at block size ~ 15
Final AFQMC/pt2CCSD overlap ratio: 1.001411 ± 0.000035
Final AFQMC/pt2CCSD energy: -151.158676 ± 0.000187
Total run time: 129.45
------------------------------------------ AFQMC Sampling Finished -------------------------------------------
