------------------------------------------- AFQMC Sampling Started -------------------------------------------
Hostname: gpua016.delta.ncsa.illinois.edu
System Type: Linux
Machine Type: x86_64
Processor: x86_64
Using GPU.
System: Linux
Node Name: gpua016.delta.ncsa.illinois.edu
Release: 5.14.0-427.91.1.el9_4.x86_64
Version: #1 SMP PREEMPT_DYNAMIC Wed Sep 17 10:08:59 EDT 2025
Machine: x86_64
Processor: x86_64
Decomposing Unrestricted T2 amplitudes
Throw 0 vectors in T2 deomposition
SVD cutoff = 1.00e-08 | error = 6.18e-15
number of T2 decomposition vectors 2336
norb: 89
nelec: (16, 16)
n_eql: 120
n_blocks: 1000
n_walkers: 300
dt: 0.005
max_error: 0.0
seed: 17
walker_type: uhf
trial: uccsd_pt2
free_projection: False
use_gpu: True
n_exp_terms: 6
n_prop_steps: 50
save_walkers: False
n_batch: 1
nchol_chunk: 100
mix_precision: True
initial AFQMC/pt2CCSD Energy is -197.032688
Propagating with 300 walkers
----------------------------------------------- Equilibration ------------------------------------------------
inv_T        weight  killW        energy   runTime
 0.00    300.000000      0   -196.310797     13.10
 3.00    311.155804      0   -197.034135     21.47
 6.00    310.390944      0   -197.066227     24.16
 9.00    309.598822      0   -197.049531     26.86
12.00    310.124925      0   -197.083184     29.56
15.00    310.010321      0   -197.061246     32.25
18.00    309.858765      0   -197.031981     34.95
21.00    309.450019      0   -197.038050     37.65
24.00    310.009194      0   -197.049659     40.34
27.00    310.333843      0   -197.080779     43.04
30.00    309.969393      0   -197.030010     45.74
---------------------------------------------- Sampling Blocks -----------------------------------------------
blocks        weight  killW       E_Guide     error       E_Trial     error     olp_T/G     error  Walltime
    20    310.204089      0   -197.057512  0.009796   -197.053160  0.000850    1.002233  0.000168   72.19
    40    309.048491      0   -197.063039  0.006487   -197.052987  0.000927    1.002283  0.000150   92.71
    60    308.037681      0   -197.062339  0.004768   -197.052998  0.000716    1.002487  0.000187  113.23
    80    307.235621      0   -197.064227  0.003804   -197.052800  0.000617    1.002449  0.000146  133.78
   100    306.504407      0   -197.064304  0.003236   -197.052778  0.000532    1.002486  0.000111  154.30
   120    305.843777      0   -197.063405  0.002770   -197.052730  0.000525    1.002458  0.000094  174.83
   140    305.245173      0   -197.061525  0.002627   -197.052805  0.000471    1.002471  0.000088  195.36
   160    304.715438      0   -197.060055  0.002753   -197.052956  0.000434    1.002471  0.000077  215.89
   180    304.246601      0   -197.058624  0.002497   -197.053004  0.000402    1.002486  0.000071  236.42
   200    303.857626      0   -197.059075  0.002450   -197.053095  0.000375    1.002461  0.000067  257.00
   220    303.499140      0   -197.058888  0.002250   -197.053137  0.000360    1.002440  0.000063  277.52
   240    303.219246      0   -197.058992  0.002243   -197.053215  0.000340    1.002431  0.000058  298.06
   260    302.945608      0   -197.058617  0.002145   -197.053344  0.000325    1.002435  0.000055  318.61
   280    302.691771      0   -197.058601  0.001935   -197.053321  0.000314    1.002444  0.000053  339.15
   300    302.470824      0   -197.059146  0.001832   -197.053328  0.000305    1.002458  0.000051  359.68
   320    302.277057      0   -197.059298  0.001765   -197.053266  0.000294    1.002473  0.000049  380.22
   340    302.081957      1   -197.059423  0.001679   -197.053334  0.000284    1.002472  0.000047  400.75
   360    301.911047      1   -197.058963  0.001611   -197.053444  0.000283    1.002471  0.000044  421.28
   380    301.762575      1   -197.058994  0.001559   -197.053380  0.000274    1.002477  0.000042  441.86
   400    301.629017      1   -197.059125  0.001480   -197.053369  0.000269    1.002483  0.000040  462.39
   420    301.506690      1   -197.058878  0.001500   -197.053415  0.000261    1.002483  0.000039  482.92
   440    301.396371      1   -197.059645  0.001624   -197.053503  0.000254    1.002485  0.000041  503.45
   460    301.287026      1   -197.059481  0.001600   -197.053501  0.000248    1.002505  0.000043  523.98
   480    301.185306      1   -197.058832  0.001575   -197.053450  0.000240    1.002509  0.000041  544.51
   500    301.102728      1   -197.059292  0.001672   -197.053474  0.000233    1.002502  0.000041  565.06
   520    301.012827      1   -197.059072  0.001609   -197.053434  0.000227    1.002509  0.000041  585.59
   540    300.934813      1   -197.059424  0.001614   -197.053491  0.000222    1.002514  0.000040  606.13
   560    300.867090      1   -197.059371  0.001582   -197.053458  0.000217    1.002526  0.000040  626.67
   580    300.799068      1   -197.059521  0.001524   -197.053486  0.000216    1.002517  0.000040  647.19
   600    300.734089      1   -197.059389  0.001483   -197.053412  0.000211    1.002514  0.000039  667.72
   620    300.675765      1   -197.059515  0.001451   -197.053433  0.000208    1.002516  0.000038  688.29
   640    300.611936      1   -197.059024  0.001435   -197.053429  0.000204    1.002533  0.000039  708.82
   660    300.559015      2   -197.059001  0.001387   -197.053415  0.000202    1.002523  0.000039  729.34
   680    300.508488      2   -197.059187  0.001366   -197.053388  0.000199    1.002511  0.000039  749.89
   700    300.455745      2   -197.059038  0.001323   -197.053379  0.000195    1.002512  0.000038  770.41
   720    300.405154      2   -197.058554  0.001350   -197.053372  0.000193    1.002509  0.000037  790.95
   740    300.355899      2   -197.058180  0.001356   -197.053369  0.000190    1.002515  0.000037  811.47
   760    300.315274      2   -197.058130  0.001335   -197.053359  0.000188    1.002514  0.000036  831.99
   780    300.281388      2   -197.058388  0.001345   -197.053406  0.000185    1.002515  0.000035  852.52
   800    300.247294      2   -197.058446  0.001326   -197.053354  0.000182    1.002515  0.000034  873.05
   820    300.217126      2   -197.058521  0.001311   -197.053337  0.000180    1.002513  0.000034  893.58
   840    300.185563      2   -197.058562  0.001356   -197.053326  0.000179    1.002505  0.000034  914.14
   860    300.153174      2   -197.058420  0.001356   -197.053333  0.000177    1.002507  0.000033  934.66
   880    300.124055      2   -197.058521  0.001327   -197.053356  0.000175    1.002506  0.000033  955.20
   900    300.101638      2   -197.058887  0.001297   -197.053393  0.000173    1.002504  0.000033  975.76
   920    300.072093      2   -197.058738  0.001321   -197.053360  0.000171    1.002497  0.000032  996.28
   940    300.043639      2   -197.058567  0.001308   -197.053333  0.000169    1.002493  0.000033 1016.80
   960    300.015090      2   -197.058459  0.001283   -197.053298  0.000167    1.002496  0.000032 1037.33
   980    299.994863      2   -197.058822  0.001256   -197.053361  0.000177    1.002500  0.000032 1057.85
  1000    299.972542      2   -197.058876  0.001286   -197.053324  0.000175    1.002503  0.000031 1078.36
---------------------------------------------- Post Propagation ----------------------------------------------
Total number of samples 1000
Raw AFQMC/HF (Guide) energy:           -197.058876 ± 0.001286
Raw Trial/Guide overlap ratio:          1.002503 ± 0.000031
Raw AFQMC/pt2CCSD energy (covariance): -197.053324 ± 0.000175
Raw AFQMC/pt2CCSD energy (dir sample): -197.053324 ± 0.000148
--------------------------------------------- Clean Obeservation ---------------------------------------------
removing energies outside zeta > 30
Outlier energy bound [-197.169638, -196.935356]
Removed 0 outliers with energies []
Clean AFQMC/pt2CCSD overlap ratio:        1.002503 ± 0.000031
Clean AFQMC/pt2CCSD energy (covariance): -197.053324 ± 0.000175
Clean AFQMC/ptCCSD energy (dir sample):  -197.053324 ± 0.000148
--------------------------------------------- Blocking Analysis ----------------------------------------------
nsample = 1000, max_block_size = 25, min_nblocks = 40
   B    NB    NS  Observable     Error    dError
   1  1000  1000    1.002504  0.000013  0.000000
   2   500  1000    1.002504  0.000017  0.000001
   3   333   999    1.002504  0.000020  0.000001
   4   250  1000    1.002504  0.000022  0.000001
   5   200  1000    1.002504  0.000024  0.000001
   6   166   996    1.002504  0.000024  0.000001
   7   142   994    1.002505  0.000025  0.000001
   8   125  1000    1.002504  0.000025  0.000002
   9   111   999    1.002504  0.000027  0.000002
  10   100  1000    1.002504  0.000027  0.000002
  11    90   990    1.002504  0.000029  0.000002
  12    83   996    1.002504  0.000029  0.000002
  13    76   988    1.002503  0.000030  0.000002
  14    71   994    1.002505  0.000028  0.000002
  15    66   990    1.002504  0.000028  0.000002
  16    62   992    1.002505  0.000029  0.000003
  17    58   986    1.002502  0.000028  0.000003
  18    55   990    1.002504  0.000030  0.000003
  19    52   988    1.002503  0.000030  0.000003
  20    50  1000    1.002504  0.000029  0.000003
  21    47   987    1.002503  0.000030  0.000003
  22    45   990    1.002504  0.000031  0.000003
  23    43   989    1.002504  0.000030  0.000003
  24    41   984    1.002502  0.000030  0.000003
  25    40  1000    1.002504  0.000030  0.000003
Fit (variance): plateau_var = 8.901e-10 ± 5.753e-11
Fit (error):    plateau = 0.000030 ± 0.000001
     autocorrelation length ~ 5.5 blocks
     plateau reached at block size ~ 26
     !!!Failed to reach plateau in blocking
     Return max block error
nclean = 1000, max_block_size = 25, min_nblocks = 40
Blk_SZ   NBlk   NSmp      Energy     Error    dError
     1   1000   1000  -197.053172  0.000148  0.000003
     2    500   1000  -197.053203  0.000162  0.000005
     3    333    999  -197.053226  0.000175  0.000007
     4    250   1000  -197.053231  0.000171  0.000008
     5    200   1000  -197.053244  0.000183  0.000009
     6    166    996  -197.053260  0.000184  0.000010
     7    142    994  -197.053278  0.000177  0.000011
     8    125   1000  -197.053271  0.000177  0.000011
     9    111    999  -197.053268  0.000184  0.000012
    10    100   1000  -197.053277  0.000179  0.000013
    11     90    990  -197.053299  0.000165  0.000012
    12     83    996  -197.053295  0.000179  0.000014
    13     76    988  -197.053312  0.000191  0.000016
    14     71    994  -197.053307  0.000161  0.000014
    15     66    990  -197.053312  0.000188  0.000017
    16     62    992  -197.053315  0.000167  0.000015
    17     58    986  -197.053318  0.000187  0.000018
    18     55    990  -197.053318  0.000196  0.000019
    19     52    988  -197.053324  0.000173  0.000017
    20     50   1000  -197.053298  0.000159  0.000016
    21     47    987  -197.053323  0.000167  0.000017
    22     45    990  -197.053318  0.000164  0.000017
    23     43    989  -197.053319  0.000144  0.000016
    24     41    984  -197.053341  0.000149  0.000017
    25     40   1000  -197.053302  0.000190  0.000021
Fit (variance): plateau_var = 3.030660e-08 ± 1.045620e-09
Fit (error):    plateau = 0.000174 ± 0.000003
     autocorrelation length ~ 1.1 blocks
     plateau reached at block size ~ 5
Final AFQMC/pt2CCSD overlap ratio: 1.002503 ± 0.000031
Final AFQMC/pt2CCSD energy: -197.053324 ± 0.000174
Total run time: 1087.98
------------------------------------------ AFQMC Sampling Finished -------------------------------------------
