------------------------------------------- AFQMC Sampling Started -------------------------------------------
Hostname: gpua016.delta.ncsa.illinois.edu
System Type: Linux
Machine Type: x86_64
Processor: x86_64
Using GPU.
System: Linux
Node Name: gpua016.delta.ncsa.illinois.edu
Release: 5.14.0-427.91.1.el9_4.x86_64
Version: #1 SMP PREEMPT_DYNAMIC Wed Sep 17 10:08:59 EDT 2025
Machine: x86_64
Processor: x86_64
Decomposing Unrestricted T2 amplitudes
Throw 0 vectors in T2 deomposition
SVD cutoff = 1.00e-08 | error = 1.28e-15
number of T2 decomposition vectors 210
norb: 26
nelec: (5, 5)
n_eql: 120
n_blocks: 1000
n_walkers: 300
dt: 0.005
max_error: 0.0
seed: 17
walker_type: uhf
trial: uccsd_pt2
free_projection: False
use_gpu: True
n_exp_terms: 6
n_prop_steps: 50
save_walkers: False
n_batch: 1
nchol_chunk: 100
mix_precision: True
initial AFQMC/pt2CCSD Energy is -109.263587
Propagating with 300 walkers
----------------------------------------------- Equilibration ------------------------------------------------
inv_T        weight  killW        energy   runTime
 0.00    300.000000      0   -108.953751     18.88
 3.00    304.161538      0   -109.253611     25.67
 6.00    304.363765      0   -109.249383     26.24
 9.00    304.912369      0   -109.315014     26.81
12.00    304.204796      0   -109.264222     27.38
15.00    304.846288      0   -109.329006     27.95
18.00    304.189854      0   -109.252416     28.52
21.00    304.333020      0   -109.282482     29.10
24.00    304.555687      0   -109.298207     29.67
27.00    304.593101      0   -109.313148     30.24
30.00    303.624232      0   -109.260011     30.81
---------------------------------------------- Sampling Blocks -----------------------------------------------
blocks        weight  killW       E_Guide     error       E_Trial     error     olp_T/G     error  Walltime
    20    304.210705      0   -109.257733  0.003352   -109.272958  0.000792    1.001530  0.000047   37.90
    40    303.817644      0   -109.268248  0.006205   -109.275206  0.000874    1.001499  0.000064   39.23
    60    303.422464      0   -109.269468  0.004821   -109.274766  0.000665    1.001427  0.000075   40.58
    80    303.031002      0   -109.269833  0.003873   -109.274949  0.000559    1.001400  0.000072   41.92
   100    302.739302      0   -109.271353  0.003288   -109.275119  0.000508    1.001420  0.000062   43.26
   120    302.478398      0   -109.272327  0.003028   -109.275081  0.000449    1.001411  0.000054   44.61
   140    302.247471      0   -109.273383  0.002690   -109.275496  0.000462    1.001419  0.000049   45.95
   160    302.049888      0   -109.275174  0.002757   -109.275739  0.000437    1.001396  0.000048   47.29
   180    301.868159      0   -109.275033  0.002428   -109.275395  0.000404    1.001385  0.000043   48.63
   200    301.691113      0   -109.274576  0.002253   -109.275322  0.000372    1.001394  0.000039   49.98
   220    301.531277      0   -109.274499  0.002255   -109.275507  0.000397    1.001397  0.000036   51.32
   240    301.395533      0   -109.275022  0.002097   -109.275901  0.000620    1.001393  0.000033   52.66
   260    301.286353      0   -109.275240  0.001953   -109.275932  0.000584    1.001393  0.000031   54.00
   280    301.183657      0   -109.276506  0.001969   -109.276064  0.000554    1.001379  0.000030   55.33
   300    301.081410      0   -109.276860  0.001923   -109.276063  0.000525    1.001391  0.000031   56.72
   320    301.008691      1   -109.277221  0.001863   -109.276052  0.000520    1.001404  0.000032   58.06
   340    300.937626      1   -109.277593  0.001780   -109.276032  0.000495    1.001402  0.000031   59.41
   360    300.853161      1   -109.276941  0.001697   -109.275891  0.000472    1.001404  0.000029   60.75
   380    300.779010      2   -109.276842  0.001620   -109.275789  0.000449    1.001410  0.000028   62.09
   400    300.720212      3   -109.277284  0.001594   -109.275738  0.000435    1.001402  0.000028   63.44
   420    300.668836      3   -109.278064  0.001690   -109.275881  0.000502    1.001391  0.000028   64.79
   440    300.613052      3   -109.277998  0.001653   -109.275867  0.000486    1.001394  0.000027   66.13
   460    300.558323      4   -109.277798  0.001586   -109.275866  0.000467    1.001403  0.000027   67.47
   480    300.507632      4   -109.277398  0.001581   -109.275755  0.000449    1.001406  0.000027   68.81
   500    300.467903      4   -109.277620  0.001527   -109.275787  0.000436    1.001404  0.000026   70.14
   520    300.428683      4   -109.277292  0.001492   -109.275711  0.000420    1.001408  0.000025   71.48
   540    300.394113      4   -109.277262  0.001440   -109.275681  0.000406    1.001399  0.000026   72.82
   560    300.366187      4   -109.277873  0.001587   -109.275982  0.000418    1.001396  0.000026   74.16
   580    300.336289      4   -109.277914  0.001553   -109.275976  0.000407    1.001408  0.000027   75.50
   600    300.305829      4   -109.277732  0.001518   -109.275936  0.000395    1.001418  0.000028   76.84
   620    300.278254      6   -109.278170  0.001476   -109.276171  0.000395    1.001419  0.000027   78.18
   640    300.260254      6   -109.278596  0.001536   -109.276126  0.000384    1.001420  0.000026   79.51
   660    300.239452      6   -109.278476  0.001476   -109.276121  0.000375    1.001417  0.000026   80.85
   680    300.210680      6   -109.278316  0.001464   -109.276099  0.000366    1.001420  0.000026   82.19
   700    300.189475      6   -109.278603  0.001443   -109.276241  0.000364    1.001417  0.000025   83.53
   720    300.162867      6   -109.278111  0.001478   -109.276187  0.000355    1.001423  0.000025   84.87
   740    300.140102      6   -109.277804  0.001468   -109.276153  0.000346    1.001427  0.000025   86.21
   760    300.118865      6   -109.277580  0.001446   -109.276141  0.000339    1.001431  0.000024   87.55
   780    300.105580      6   -109.277574  0.001412   -109.276145  0.000334    1.001433  0.000024   88.89
   800    300.086150      7   -109.277473  0.001388   -109.276070  0.000327    1.001433  0.000023   90.24
   820    300.073865      7   -109.277723  0.001377   -109.276067  0.000320    1.001429  0.000023   91.57
   840    300.063310      7   -109.277927  0.001383   -109.276082  0.000317    1.001432  0.000022   92.91
   860    300.045709      7   -109.277618  0.001383   -109.276047  0.000310    1.001433  0.000022   94.24
   880    300.032162      7   -109.277528  0.001387   -109.276047  0.000309    1.001434  0.000022   95.58
   900    300.023056      7   -109.277904  0.001359   -109.276092  0.000304    1.001436  0.000021   96.91
   920    300.013189      7   -109.278105  0.001380   -109.276090  0.000298    1.001436  0.000021   98.25
   940    300.000778      7   -109.277915  0.001376   -109.276037  0.000293    1.001437  0.000020   99.58
   960    299.987254      7   -109.277835  0.001409   -109.276026  0.000288    1.001438  0.000020  100.93
   980    299.973672      7   -109.277640  0.001409   -109.276008  0.000283    1.001441  0.000019  102.27
  1000    299.961592      7   -109.277581  0.001394   -109.275972  0.000278    1.001443  0.000019  103.60
---------------------------------------------- Post Propagation ----------------------------------------------
Total number of samples 1000
Raw AFQMC/HF (Guide) energy:           -109.277581 ± 0.001394
Raw Trial/Guide overlap ratio:          1.001443 ± 0.000019
Raw AFQMC/pt2CCSD energy (covariance): -109.275972 ± 0.000278
Raw AFQMC/pt2CCSD energy (dir sample): -109.275972 ± 0.000229
--------------------------------------------- Clean Obeservation ---------------------------------------------
removing energies outside zeta > 30
Outlier energy bound [-109.395641, -109.153364]
Removed 0 outliers with energies []
Clean AFQMC/pt2CCSD overlap ratio:        1.001443 ± 0.000019
Clean AFQMC/pt2CCSD energy (covariance): -109.275972 ± 0.000278
Clean AFQMC/ptCCSD energy (dir sample):  -109.275972 ± 0.000229
--------------------------------------------- Blocking Analysis ----------------------------------------------
nsample = 1000, max_block_size = 25, min_nblocks = 40
   B    NB    NS  Observable     Error    dError
   1  1000  1000    1.001443  0.000012  0.000000
   2   500  1000    1.001443  0.000014  0.000000
   3   333   999    1.001443  0.000016  0.000001
   4   250  1000    1.001443  0.000016  0.000001
   5   200  1000    1.001443  0.000017  0.000001
   6   166   996    1.001442  0.000017  0.000001
   7   142   994    1.001441  0.000018  0.000001
   8   125  1000    1.001443  0.000017  0.000001
   9   111   999    1.001443  0.000017  0.000001
  10   100  1000    1.001443  0.000018  0.000001
  11    90   990    1.001441  0.000017  0.000001
  12    83   996    1.001442  0.000017  0.000001
  13    76   988    1.001440  0.000018  0.000001
  14    71   994    1.001441  0.000019  0.000002
  15    66   990    1.001441  0.000018  0.000002
  16    62   992    1.001441  0.000019  0.000002
  17    58   986    1.001441  0.000017  0.000002
  18    55   990    1.001441  0.000019  0.000002
  19    52   988    1.001440  0.000018  0.000002
  20    50  1000    1.001443  0.000019  0.000002
  21    47   987    1.001440  0.000018  0.000002
  22    45   990    1.001441  0.000017  0.000002
  23    43   989    1.001441  0.000019  0.000002
  24    41   984    1.001441  0.000019  0.000002
  25    40  1000    1.001443  0.000019  0.000002
Fit (variance): plateau_var = 3.240e-10 ± 1.403e-11
Fit (error):    plateau = 0.000018 ± 0.000000
     autocorrelation length ~ 2.5 blocks
     plateau reached at block size ~ 11
nclean = 1000, max_block_size = 25, min_nblocks = 40
Blk_SZ   NBlk   NSmp      Energy     Error    dError
     1   1000   1000  -109.275798  0.000229  0.000005
     2    500   1000  -109.275839  0.000242  0.000008
     3    333    999  -109.275855  0.000276  0.000011
     4    250   1000  -109.275881  0.000256  0.000011
     5    200   1000  -109.275886  0.000290  0.000015
     6    166    996  -109.275895  0.000286  0.000016
     7    142    994  -109.275904  0.000285  0.000017
     8    125   1000  -109.275913  0.000276  0.000017
     9    111    999  -109.275916  0.000283  0.000019
    10    100   1000  -109.275920  0.000316  0.000022
    11     90    990  -109.275944  0.000306  0.000023
    12     83    996  -109.275927  0.000286  0.000022
    13     76    988  -109.275955  0.000289  0.000024
    14     71    994  -109.275933  0.000300  0.000025
    15     66    990  -109.275957  0.000289  0.000025
    16     62    992  -109.275942  0.000311  0.000028
    17     58    986  -109.275963  0.000297  0.000028
    18     55    990  -109.275957  0.000306  0.000029
    19     52    988  -109.275960  0.000299  0.000030
    20     50   1000  -109.275938  0.000330  0.000033
    21     47    987  -109.275963  0.000305  0.000032
    22     45    990  -109.275962  0.000286  0.000031
    23     43    989  -109.275968  0.000332  0.000036
    24     41    984  -109.275963  0.000317  0.000035
    25     40   1000  -109.275944  0.000314  0.000036
Fit (variance): plateau_var = 9.208194e-08 ± 5.468741e-09
Fit (error):    plateau = 0.000303 ± 0.000009
     autocorrelation length ~ 4.4 blocks
     plateau reached at block size ~ 18
Final AFQMC/pt2CCSD overlap ratio: 1.001443 ± 0.000018
Final AFQMC/pt2CCSD energy: -109.275972 ± 0.000303
Total run time: 113.03
------------------------------------------ AFQMC Sampling Finished -------------------------------------------
