------------------------------------------- AFQMC Sampling Started -------------------------------------------
Hostname: gpua016.delta.ncsa.illinois.edu
System Type: Linux
Machine Type: x86_64
Processor: x86_64
Using GPU.
System: Linux
Node Name: gpua016.delta.ncsa.illinois.edu
Release: 5.14.0-427.91.1.el9_4.x86_64
Version: #1 SMP PREEMPT_DYNAMIC Wed Sep 17 10:08:59 EDT 2025
Machine: x86_64
Processor: x86_64
Decomposing Unrestricted T2 amplitudes
Throw 0 vectors in T2 deomposition
SVD cutoff = 1.00e-08 | error = 2.79e-15
number of T2 decomposition vectors 496
norb: 39
nelec: (8, 8)
n_eql: 120
n_blocks: 1000
n_walkers: 300
dt: 0.005
max_error: 0.0
seed: 17
walker_type: uhf
trial: uccsd_pt2
free_projection: False
use_gpu: True
n_exp_terms: 6
n_prop_steps: 50
save_walkers: False
n_batch: 1
nchol_chunk: 100
mix_precision: True
initial AFQMC/pt2CCSD Energy is -184.208946
Propagating with 300 walkers
----------------------------------------------- Equilibration ------------------------------------------------
inv_T        weight  killW        energy   runTime
 0.00    300.000000      0   -183.695409     12.09
 3.00    307.940203      0   -184.271485     18.85
 6.00    308.495255      0   -184.292686     19.73
 9.00    306.845525      0   -184.241993     20.58
12.00    307.326270      0   -184.245207     21.43
15.00    307.502594      0   -184.284153     22.27
18.00    308.450750      0   -184.273227     23.12
21.00    307.798156      0   -184.289274     23.96
24.00    306.619092      0   -184.213614     24.80
27.00    307.825748      0   -184.243717     25.65
30.00    307.346357      0   -184.238056     26.49
---------------------------------------------- Sampling Blocks -----------------------------------------------
blocks        weight  killW       E_Guide     error       E_Trial     error     olp_T/G     error  Walltime
    20    307.553153      0   -184.240452  0.006188   -184.232756  0.003157    1.010713  0.001048   35.23
    40    306.655993      0   -184.244374  0.008427   -184.233455  0.002310    1.011113  0.000552   37.90
    60    306.102072      0   -184.253723  0.009662   -184.234416  0.001836    1.010771  0.000519   40.57
    80    305.383559      2   -184.251694  0.007157   -184.234200  0.001598    1.010990  0.000462   43.24
   100    304.811516      3   -184.250908  0.005504   -184.233926  0.001389    1.010835  0.000414   45.92
   120    304.338031      3   -184.250775  0.004716   -184.233719  0.001196    1.010934  0.000366   48.59
   140    303.863144      3   -184.248375  0.004384   -184.232876  0.001087    1.011006  0.000314   51.26
   160    303.476407      3   -184.246253  0.003934   -184.233425  0.001069    1.010877  0.000297   53.93
   180    303.167858      3   -184.246859  0.003593   -184.234216  0.001053    1.010647  0.000291   56.61
   200    302.876351      3   -184.246506  0.003309   -184.233899  0.001044    1.010571  0.000288   59.30
   220    302.639545      3   -184.248813  0.003357   -184.233852  0.001035    1.010506  0.000289   61.97
   240    302.391505      4   -184.247476  0.003278   -184.233634  0.000972    1.010552  0.000283   64.64
   260    302.185996      4   -184.246838  0.003217   -184.233552  0.000911    1.010458  0.000270   67.31
   280    302.003212      4   -184.246563  0.002956   -184.233391  0.000864    1.010532  0.000252   69.99
   300    301.835012      4   -184.245550  0.002880   -184.233199  0.000817    1.010673  0.000259   72.67
   320    301.669673      4   -184.244432  0.002863   -184.232886  0.000782    1.010834  0.000264   75.34
   340    301.524973      5   -184.244187  0.002726   -184.232919  0.000750    1.010879  0.000254   78.03
   360    301.422157      5   -184.245117  0.002650   -184.233348  0.000780    1.010829  0.000240   80.74
   380    301.302876      5   -184.244001  0.002604   -184.233285  0.000754    1.010821  0.000229   83.41
   400    301.199556      6   -184.244040  0.002600   -184.233175  0.000731    1.010852  0.000219   86.08
   420    301.109197      6   -184.244423  0.002521   -184.233144  0.000708    1.010832  0.000212   88.76
   440    301.015786      6   -184.243782  0.002526   -184.233200  0.000698    1.010726  0.000230   91.44
   460    300.934397      6   -184.243647  0.002386   -184.233434  0.000711    1.010708  0.000225   94.11
   480    300.852478      6   -184.242977  0.002364   -184.233418  0.000688    1.010640  0.000222   96.78
   500    300.778723      6   -184.242232  0.002313   -184.233253  0.000664    1.010667  0.000214   99.45
   520    300.726223      6   -184.242938  0.002261   -184.233085  0.000671    1.010594  0.000207  102.12
   540    300.668523      6   -184.242656  0.002293   -184.232980  0.000650    1.010578  0.000202  104.79
   560    300.608453      6   -184.242029  0.002255   -184.232836  0.000630    1.010541  0.000200  107.47
   580    300.553843      6   -184.241978  0.002300   -184.232945  0.000623    1.010533  0.000196  110.14
   600    300.510695      7   -184.242367  0.002249   -184.232741  0.000610    1.010505  0.000193  112.82
   620    300.474486      8   -184.242999  0.002302   -184.232848  0.000598    1.010509  0.000187  115.50
   640    300.449446      8   -184.244421  0.002521   -184.233575  0.000796    1.010600  0.000205  118.17
   660    300.406089      8   -184.244050  0.002478   -184.233482  0.000773    1.010632  0.000201  120.85
   680    300.368575     10   -184.243850  0.002457   -184.233438  0.000755    1.010634  0.000199  123.52
   700    300.336806     10   -184.243656  0.002400   -184.233406  0.000737    1.010551  0.000203  126.20
   720    300.305431     10   -184.243825  0.002357   -184.233346  0.000720    1.010587  0.000203  128.87
   740    300.276286     10   -184.243983  0.002306   -184.233336  0.000703    1.010602  0.000199  131.55
   760    300.235573     10   -184.243341  0.002431   -184.233353  0.000689    1.010592  0.000197  134.22
   780    300.202533     10   -184.242713  0.002464   -184.233384  0.000676    1.010603  0.000193  136.90
   800    300.174360     10   -184.242398  0.002417   -184.233393  0.000663    1.010606  0.000192  139.64
   820    300.145686     10   -184.241893  0.002399   -184.233331  0.000649    1.010669  0.000198  142.35
   840    300.122752     11   -184.242035  0.002356   -184.233415  0.000641    1.010671  0.000193  145.03
   860    300.101118     12   -184.242072  0.002356   -184.233446  0.000632    1.010656  0.000193  147.70
   880    300.075084     12   -184.241807  0.002299   -184.233274  0.000620    1.010663  0.000189  150.37
   900    300.050684     12   -184.241513  0.002269   -184.233285  0.000608    1.010660  0.000184  153.05
   920    300.030890     12   -184.241542  0.002224   -184.233256  0.000597    1.010655  0.000180  155.72
   940    300.010765     12   -184.241329  0.002197   -184.233207  0.000586    1.010618  0.000179  158.40
   960    299.996252     12   -184.241369  0.002150   -184.233255  0.000583    1.010610  0.000185  161.08
   980    299.982064     12   -184.241548  0.002101   -184.233337  0.000578    1.010622  0.000185  163.75
  1000    299.965397     13   -184.241585  0.002089   -184.233510  0.000575    1.010597  0.000181  166.43
---------------------------------------------- Post Propagation ----------------------------------------------
Total number of samples 1000
Raw AFQMC/HF (Guide) energy:           -184.241585 ± 0.002089
Raw Trial/Guide overlap ratio:          1.010597 ± 0.000181
Raw AFQMC/pt2CCSD energy (covariance): -184.233510 ± 0.000575
Raw AFQMC/pt2CCSD energy (dir sample): -184.233510 ± 0.000465
--------------------------------------------- Clean Obeservation ---------------------------------------------
removing energies outside zeta > 30
Outlier energy bound [-184.486318, -183.975350]
Removed 0 outliers with energies []
Clean AFQMC/pt2CCSD overlap ratio:        1.010597 ± 0.000181
Clean AFQMC/pt2CCSD energy (covariance): -184.233510 ± 0.000575
Clean AFQMC/ptCCSD energy (dir sample):  -184.233510 ± 0.000465
--------------------------------------------- Blocking Analysis ----------------------------------------------
nsample = 1000, max_block_size = 25, min_nblocks = 40
   B    NB    NS  Observable     Error    dError
   1  1000  1000    1.010597  0.000068  0.000002
   2   500  1000    1.010597  0.000089  0.000003
   3   333   999    1.010597  0.000102  0.000004
   4   250  1000    1.010597  0.000113  0.000005
   5   200  1000    1.010597  0.000124  0.000006
   6   166   996    1.010604  0.000128  0.000007
   7   142   994    1.010612  0.000134  0.000008
   8   125  1000    1.010597  0.000138  0.000009
   9   111   999    1.010597  0.000142  0.000010
  10   100  1000    1.010597  0.000143  0.000010
  11    90   990    1.010616  0.000150  0.000011
  12    83   996    1.010603  0.000147  0.000012
  13    76   988    1.010618  0.000158  0.000013
  14    71   994    1.010612  0.000155  0.000013
  15    66   990    1.010616  0.000158  0.000014
  16    62   992    1.010613  0.000162  0.000015
  17    58   986    1.010624  0.000157  0.000015
  18    55   990    1.010616  0.000160  0.000015
  19    52   988    1.010618  0.000169  0.000017
  20    50  1000    1.010597  0.000168  0.000017
  21    47   987    1.010622  0.000176  0.000018
  22    45   990    1.010616  0.000169  0.000018
  23    43   989    1.010618  0.000173  0.000019
  24    41   984    1.010623  0.000181  0.000020
  25    40  1000    1.010597  0.000178  0.000020
Fit (variance): plateau_var = 2.960e-08 ± 2.512e-09
Fit (error):    plateau = 0.000172 ± 0.000007
     autocorrelation length ~ 7.7 blocks
     plateau reached at block size ~ 36
     !!!Failed to reach plateau in blocking
     Return max block error
nclean = 1000, max_block_size = 25, min_nblocks = 40
Blk_SZ   NBlk   NSmp      Energy     Error    dError
     1   1000   1000  -184.233106  0.000465  0.000010
     2    500   1000  -184.233174  0.000548  0.000017
     3    333    999  -184.233177  0.000562  0.000022
     4    250   1000  -184.233249  0.000567  0.000025
     5    200   1000  -184.233274  0.000514  0.000026
     6    166    996  -184.233174  0.000556  0.000031
     7    142    994  -184.233160  0.000589  0.000035
     8    125   1000  -184.233327  0.000561  0.000036
     9    111    999  -184.233282  0.000596  0.000040
    10    100   1000  -184.233347  0.000597  0.000042
    11     90    990  -184.233223  0.000595  0.000045
    12     83    996  -184.233239  0.000640  0.000050
    13     76    988  -184.233225  0.000645  0.000053
    14     71    994  -184.233228  0.000614  0.000052
    15     66    990  -184.233243  0.000591  0.000052
    16     62    992  -184.233235  0.000598  0.000054
    17     58    986  -184.233267  0.000588  0.000055
    18     55    990  -184.233243  0.000561  0.000054
    19     52    988  -184.233247  0.000635  0.000063
    20     50   1000  -184.233402  0.000653  0.000066
    21     47    987  -184.233256  0.000592  0.000062
    22     45    990  -184.233264  0.000647  0.000069
    23     43    989  -184.233266  0.000644  0.000070
    24     41    984  -184.233273  0.000615  0.000069
    25     40   1000  -184.233425  0.000602  0.000068
Fit (variance): plateau_var = 3.421783e-07 ± 1.289071e-08
Fit (error):    plateau = 0.000585 ± 0.000011
     autocorrelation length ~ 1.4 blocks
     plateau reached at block size ~ 7
Final AFQMC/pt2CCSD overlap ratio: 1.010597 ± 0.000181
Final AFQMC/pt2CCSD energy: -184.233510 ± 0.000585
Total run time: 175.77
------------------------------------------ AFQMC Sampling Finished -------------------------------------------
