#INFO: **** input file is /work/hdd/bdka/yzhang65/w4_17/w4-17_all/afqmc_input/run_afqmc.py ****
import os
os.environ.setdefault("XLA_PYTHON_CLIENT_ALLOCATOR", "platform")

import jax
jax.config.update("jax_enable_x64", True)

import glob
import numpy as np
from pyscf import gto, scf, cc
from afqmc import prep, launch_afqmc
import re

def extract_afqmc_energy(filename):
    """Extract the final AFQMC/pt2CCSD energy and its uncertainty from an afqmc.out file.
    
    Returns (0, 0) if the value cannot be found or the file cannot be read.
    """
    pattern = re.compile(
        r"Final AFQMC/pt2CCSD energy:\s*"
        r"([-+]?\d*\.?\d+(?:[eE][-+]?\d+)?)"   # energy
        r"\s*(?:±|\+/-)\s*"
        r"([-+]?\d*\.?\d+(?:[eE][-+]?\d+)?)"   # error
    )
    try:
        with open(filename, "r", encoding="utf-8") as f:
            for line in f:
                m = pattern.search(line)
                if m:
                    return float(m.group(1)), float(m.group(2))
    except (OSError, IOError):
        pass
    return 0, 0

# basis = "ccpvdz"
xyz_dir = "../w4_17_xyz/closed_shell"
results_file = f"./closed_shell_uhf_vdzsd.dat"
out_dir = "../result/molout/closed_shell"
os.makedirs(out_dir, exist_ok=True)

# Set to a list of molecule names to run only those, e.g. ["acetaldehyde", "benzene"]
# Set to None to run all molecules in xyz_dir
select_molecules = None
symmetry = False

def vdzsd(elem):
    if elem in ('H', 'He'):
        raw_basis = gto.basis.load('ccpvdz', elem)
        return [b for b in raw_basis if b[0] != 1]
    else:
        return gto.basis.load('ccpvdz', elem)

def get_vdzsd_basis(atoms):
    elems = {line.split()[0] for line in atoms.strip().splitlines() if line.strip()}
    basis_dict = {el: vdzsd(el) for el in elems}
    return basis_dict

all_xyz = sorted(glob.glob(os.path.join(xyz_dir, "*.xyz")))
if select_molecules is not None:
    select_set = set(select_molecules)
    xyz_files = [p for p in all_xyz if os.path.splitext(os.path.basename(p))[0] in select_set]
    missing = select_set - {os.path.splitext(os.path.basename(p))[0] for p in xyz_files}
    if missing:
        print(f"Warning: no .xyz file found for: {', '.join(sorted(missing))} in {xyz_dir}")
else:
    xyz_files = all_xyz

with open(results_file, "w") as out:
    out.write(f"{'Molecule':<16s} {'Charge':>6s} {'2S':>6s} {'frozen':>6s} "
              f"{'E_HF (Eh)':>20s} {'E_CCSD (Eh)':>20s} {'E_CCSD(T) (Eh)':>20s} "
              f"{'E_AFQMC (Eh)':>20s} {'E_AFQMC ERR (Eh)':>20s} \n")
    out.write("-" * 100 + "\n")

for xyz_path in xyz_files:
    with open(xyz_path, "r") as f:
        lines = f.readlines()

    # Parse charge and multiplicity from second line: "name charge=X mult=Y"
    second_line = lines[1]
    charge = int(second_line.split("charge=")[1].split()[0])
    mult   = int(second_line.split("mult=")[1].split()[0])
    spin   = mult - 1   # PySCF spin input is 2S = mult - 1
    mol_name = second_line.split()[0]

    # Coordinates only (skip the atom count and comment lines)
    atoms = "".join(lines[2:])
    basis_dict = get_vdzsd_basis(atoms)

    print(f"\n{'='*60}")
    print(f"Running: {mol_name}  charge={charge}  spin={spin}")
    print(f"{'='*60}")

    mol = gto.M(
        atom=atoms,
        basis=basis_dict,
        verbose=4,
        output=os.path.join(out_dir, f"{mol_name}_vdzsd.out"),
        unit="angstrom",
        symmetry=symmetry,
        charge=charge,
        spin=spin,
        max_memory=40000,
    )

    mf = scf.UHF(mol)
    mf.max_cycle = 200
    mf = mf.newton()
    mf.kernel()

    # Stability check loop — at most 10 attempts
    max_stability_cycles = 10
    stable = False
    for stability_iter in range(max_stability_cycles):
        mo_i, _, stable, _ = mf.stability(return_status=True)
        if stable:
            break
        dm = mf.make_rdm1(mo_i, mf.mo_occ)
        mf.kernel(dm0=dm)

    if not stable or not mf.converged:
        print(f"  !! SCF did not converge for {mol_name} — skipping.")
        with open(results_file, "a") as out:
            out.write(f"{mol_name:<16s} {charge:>6d} {spin:>6d} {'N/A':>6s} "
                      f"{'UNCONVERGED':>20s} {'UNCONVERGED':>20s} {'UNCONVERGED':>20s}\n")
        continue

    energy = mf.e_tot

    mycc = cc.CCSD(mf)
    mycc.set_frozen()
    mycc.kernel()
    e_ccsd = mycc.e_tot
    et = mycc.ccsd_t()
    e_ccsdt = e_ccsd + et
    frozen = mycc.frozen

    prep.prep_afqmc(mycc, chol_cut=1e-5)
    options = {'n_eql': 120,
               'n_blocks': 1000,
               'n_walkers': 300,
               'dt':0.005,
               'max_error': 0.0,
               #'nchol_chunk': 200,
               'seed': 17,
               'walker_type': 'uhf',
               'trial': 'uccsd_pt2',
               'free_projection': False,
               'use_gpu': True,
               }
    launch_afqmc.run_afqmc(options)
    afqmc_file = os.path.join(out_dir, f'{mol_name}_afqmc_vdzsd.out')
    os.system(f"mv afqmc.out {afqmc_file}")
    eqmc, eqmc_err = extract_afqmc_energy(f"{afqmc_file}")

    with open(results_file, "a") as out:
        out.write(f"{mol_name:<16s} {charge:>6d} {spin:>6d} {frozen:>6d} "
                  f"{energy:>20.10f} {e_ccsd:>20.10f} {e_ccsdt:>20.10f}"
                  f"{eqmc:>20.10f} {eqmc_err:>20.10f} \n")

    print(f"  => E_HF({mol_name})      = {energy:.10f} Eh")
    print(f"  => E_CCSD({mol_name})    = {e_ccsd:.10f} Eh")
    print(f"  => E_CCSD(T)({mol_name}) = {e_ccsdt:.10f} Eh")
    print(f"  => E_AFQMC({mol_name})   = {eqmc:.10f} +/- {eqmc_err:.10f} Eh")

print(f"\nAll calculations complete. Results saved to {results_file}")
#INFO: ******************** input file end ********************


System: uname_result(system='Linux', node='gpua016.delta.ncsa.illinois.edu', release='5.14.0-427.91.1.el9_4.x86_64', version='#1 SMP PREEMPT_DYNAMIC Wed Sep 17 10:08:59 EDT 2025', machine='x86_64')  Threads 16
Python 3.11.14 (main, Oct 21 2025, 18:31:21) [GCC 11.2.0]
numpy 2.3.5  scipy 1.16.3  h5py 3.15.1
Date: Sun May 17 05:22:34 2026
PySCF version 2.11.0
PySCF path  /u/yzhang65/myprojects/software/pyscf
GIT HEAD (branch master) f520f5381c0b41f716d847009817cbc64e52c0d5

[ENV] PYSCF_TMPDIR /projects/bdka/yzhang65/scratch/pyscf
[ENV] PYSCF_EXT_PATH /u/yzhang65/myprojects/software/pyscf-forge
[CONFIG] conf_file None
[INPUT] verbose = 4
[INPUT] num. atoms = 3
[INPUT] num. electrons = 24
[INPUT] charge = 0
[INPUT] spin (= nelec alpha-beta = 2S) = 0
[INPUT] symmetry False subgroup None
[INPUT] Mole.unit = angstrom
[INPUT] Symbol           X                Y                Z      unit          X                Y                Z       unit  Magmom
[INPUT]  1 O      0.000000000000   0.000000000000   0.441224000000 AA    0.000000000000   0.000000000000   0.833792519585 Bohr   0.0
[INPUT]  2 O      0.000000000000   1.082525000000  -0.220612000000 AA    0.000000000000   2.045675772995  -0.416896259793 Bohr   0.0
[INPUT]  3 O      0.000000000000  -1.082525000000  -0.220612000000 AA    0.000000000000  -2.045675772995  -0.416896259793 Bohr   0.0

nuclear repulsion = 69.0270301631236
number of shells = 15
number of NR pGTOs = 78
number of NR cGTOs = 42
basis = {'O': [[0, [11720.0, 0.00071, -0.00016], [1759.0, 0.00547, -0.001263], [400.8, 0.027837, -0.006267], [113.7, 0.1048, -0.025716], [37.03, 0.283062, -0.070924], [13.27, 0.448719, -0.165411], [5.025, 0.270952, -0.116955], [1.013, 0.015458, 0.557368]], [0, [0.3023, 1.0]], [1, [17.7, 0.043018], [3.854, 0.228913], [1.046, 0.508728]], [1, [0.2753, 1.0]], [2, [1.185, 1.0]]]}
ecp = {}
CPU time:     14309.25




******** <class 'pyscf.soscf.newton_ah.SecondOrderUHF'> ********
method = SecondOrderUHF
initial guess = minao
damping factor = 0
level_shift factor = 0
DIIS = <class 'pyscf.scf.diis.CDIIS'>
diis_start_cycle = 1
diis_space = 8
diis_damp = 0
SCF conv_tol = 1e-09
SCF conv_tol_grad = None
SCF max_cycles = 200
direct_scf = True
direct_scf_tol = 1e-13
chkfile to save SCF result = /projects/bdka/yzhang65/scratch/pyscf/tmp8ua0x_ry
max_memory 40000 MB (current use 3676 MB)
number electrons alpha = 12  beta = 12
******** <class 'pyscf.scf.uhf.UHF'> Newton solver flags ********
SCF tol = 1e-09
conv_tol_grad = None
max. SCF cycles = 200
direct_scf = True
direct_scf_tol = 1e-13
chkfile to save SCF result = /projects/bdka/yzhang65/scratch/pyscf/tmp8ua0x_ry
max_cycle_inner = 12
max_stepsize = 0.05
ah_start_tol = 1e+09
ah_level_shift = 0
ah_conv_tol = 1e-12
ah_lindep = 1e-14
ah_start_cycle = 1
ah_max_cycle = 40
ah_grad_trust_region = 2.5
kf_interval = 4
kf_trust_region = 5
canonicalization = True
max_memory 40000 MB (current use 3676 MB)
Set conv_tol_grad to 3.16228e-05
  alpha nocc = 12  HOMO = -0.331328591061766  LUMO = -0.170950898256896
  beta  nocc = 12  HOMO = -0.32965393673362  LUMO = -0.168467177337796
Initial guess E= -224.089003278904  |g|= 0.689549
macro= 0  E= -224.266036142236  delta_E= -0.177033  |g|= 0.0706693  3 KF 9 JK
macro= 1  E= -224.266737058592  delta_E= -0.000700916  |g|= 1.93927e-05  4 KF 16 JK
macro= 2  E= -224.266737058593  delta_E= -5.68434e-14  |g|= 8.81216e-06  1 KF 2 JK
Canonicalize SCF orbitals
macro X = 3  E=-224.266737058593  |g|= 8.81216e-06  total 9 KF 31 JK
converged SCF energy = -224.266737058593  <S^2> = 5.8928862e-11  2S+1 = 1
uhf_internal: lowest eigs of H = [-0.4341392  -0.03249842  0.02270172]
<class 'pyscf.soscf.newton_ah.SecondOrderUHF'> wavefunction has an internal instability




******** <class 'pyscf.soscf.newton_ah.SecondOrderUHF'> ********
method = SecondOrderUHF
initial guess = minao
damping factor = 0
level_shift factor = 0
DIIS = <class 'pyscf.scf.diis.CDIIS'>
diis_start_cycle = 1
diis_space = 8
diis_damp = 0
SCF conv_tol = 1e-09
SCF conv_tol_grad = None
SCF max_cycles = 200
direct_scf = True
direct_scf_tol = 1e-13
chkfile to save SCF result = /projects/bdka/yzhang65/scratch/pyscf/tmp8ua0x_ry
max_memory 40000 MB (current use 3676 MB)
number electrons alpha = 12  beta = 12
******** <class 'pyscf.scf.uhf.UHF'> Newton solver flags ********
SCF tol = 1e-09
conv_tol_grad = None
max. SCF cycles = 200
direct_scf = True
direct_scf_tol = 1e-13
chkfile to save SCF result = /projects/bdka/yzhang65/scratch/pyscf/tmp8ua0x_ry
max_cycle_inner = 12
max_stepsize = 0.05
ah_start_tol = 1e+09
ah_level_shift = 0
ah_conv_tol = 1e-12
ah_lindep = 1e-14
ah_start_cycle = 1
ah_max_cycle = 40
ah_grad_trust_region = 2.5
kf_interval = 4
kf_trust_region = 5
canonicalization = True
max_memory 40000 MB (current use 3676 MB)
Set conv_tol_grad to 3.16228e-05
  alpha nocc = 12  HOMO = -0.521211411808306  LUMO = 0.0895432783959676
  beta  nocc = 12  HOMO = -0.521255500556341  LUMO = 0.0895250321989154
Initial guess E= -224.341471529002  |g|= 0.114243
macro= 0  E= -224.353555951208  delta_E= -0.0120844  |g|= 0.000706244  4 KF 14 JK
macro= 1  E= -224.35355598233  delta_E= -3.11225e-08  |g|= 3.86286e-05  2 KF 6 JK
macro= 2  E= -224.35355598233  delta_E= 0  |g|= 1.14915e-05  1 KF 2 JK
Canonicalize SCF orbitals
macro X = 3  E=-224.35355598233  |g|= 1.14915e-05  total 8 KF 26 JK
converged SCF energy = -224.35355598233  <S^2> = 0.92820286  2S+1 = 2.1709011
uhf_internal: lowest eigs of H = [0.07111248 0.08045413 0.38245673]
<class 'pyscf.soscf.newton_ah.SecondOrderUHF'> wavefunction is stable in the internal stability analysis

******** <class 'pyscf.cc.uccsd.UCCSD'> ********
CC2 = 0
CCSD nocc = (np.int64(9), np.int64(9)), nmo = (39, 39)
frozen orbitals 3
max_cycle = 50
direct = 0
conv_tol = 1e-07
conv_tol_normt = 1e-06
diis_space = 6
diis_start_cycle = 0
diis_start_energy_diff = 1e+09
max_memory 40000 MB (current use 3676 MB)
Init t2, MP2 energy = -0.487719666836491
Init E_corr(UCCSD) = -0.487719666878273
cycle = 1  E_corr(UCCSD) = -0.489861848177872  dE = -0.0021421813  norm(t1,t2) = 0.123316
cycle = 2  E_corr(UCCSD) = -0.508487507016966  dE = -0.0186256588  norm(t1,t2) = 0.0463927
cycle = 3  E_corr(UCCSD) = -0.509584141151312  dE = -0.00109663413  norm(t1,t2) = 0.0456852
cycle = 4  E_corr(UCCSD) = -0.52165699427196  dE = -0.0120728531  norm(t1,t2) = 0.0371533
cycle = 5  E_corr(UCCSD) = -0.522343109949791  dE = -0.000686115678  norm(t1,t2) = 0.0185072
cycle = 6  E_corr(UCCSD) = -0.523308805530096  dE = -0.00096569558  norm(t1,t2) = 0.0133695
cycle = 7  E_corr(UCCSD) = -0.525812325740522  dE = -0.00250352021  norm(t1,t2) = 0.00897243
cycle = 8  E_corr(UCCSD) = -0.526137881175059  dE = -0.000325555435  norm(t1,t2) = 0.00367864
cycle = 9  E_corr(UCCSD) = -0.526278035795134  dE = -0.00014015462  norm(t1,t2) = 0.00205759
cycle = 10  E_corr(UCCSD) = -0.52630968859554  dE = -3.16528004e-05  norm(t1,t2) = 0.000949745
cycle = 11  E_corr(UCCSD) = -0.526320459662499  dE = -1.0771067e-05  norm(t1,t2) = 0.000302641
cycle = 12  E_corr(UCCSD) = -0.526334000280244  dE = -1.35406177e-05  norm(t1,t2) = 0.000116845
cycle = 13  E_corr(UCCSD) = -0.526329749533967  dE = 4.25074628e-06  norm(t1,t2) = 5.58784e-05
cycle = 14  E_corr(UCCSD) = -0.52632382687646  dE = 5.92265751e-06  norm(t1,t2) = 3.07997e-05
cycle = 15  E_corr(UCCSD) = -0.526320173245469  dE = 3.65363099e-06  norm(t1,t2) = 2.22985e-05
cycle = 16  E_corr(UCCSD) = -0.526317877909925  dE = 2.29533554e-06  norm(t1,t2) = 1.26781e-05
cycle = 17  E_corr(UCCSD) = -0.526316817387036  dE = 1.06052289e-06  norm(t1,t2) = 8.24411e-06
cycle = 18  E_corr(UCCSD) = -0.526316291414839  dE = 5.25972197e-07  norm(t1,t2) = 4.62497e-06
cycle = 19  E_corr(UCCSD) = -0.526315695405285  dE = 5.96009553e-07  norm(t1,t2) = 2.12215e-06
cycle = 20  E_corr(UCCSD) = -0.526315571250789  dE = 1.24154497e-07  norm(t1,t2) = 8.68442e-07
cycle = 21  E_corr(UCCSD) = -0.52631555891977  dE = 1.23310191e-08  norm(t1,t2) = 4.29187e-07
UCCSD converged
E(UCCSD) = -224.8798715412503  E_corr = -0.5263155589197696
UCCSD(T) correction = -0.0209733846679129
