------------------------------------------- AFQMC Sampling Started -------------------------------------------
Hostname: gpua016.delta.ncsa.illinois.edu
System Type: Linux
Machine Type: x86_64
Processor: x86_64
Using GPU.
System: Linux
Node Name: gpua016.delta.ncsa.illinois.edu
Release: 5.14.0-427.91.1.el9_4.x86_64
Version: #1 SMP PREEMPT_DYNAMIC Wed Sep 17 10:08:59 EDT 2025
Machine: x86_64
Processor: x86_64
Decomposing Unrestricted T2 amplitudes
Throw 0 vectors in T2 deomposition
SVD cutoff = 1.00e-08 | error = 1.54e-15
number of T2 decomposition vectors 210
norb: 26
nelec: (5, 5)
n_eql: 120
n_blocks: 1000
n_walkers: 300
dt: 0.005
max_error: 0.0
seed: 17
walker_type: uhf
trial: uccsd_pt2
free_projection: False
use_gpu: True
n_exp_terms: 6
n_prop_steps: 50
save_walkers: False
n_batch: 1
nchol_chunk: 100
mix_precision: True
initial AFQMC/pt2CCSD Energy is -681.708856
Propagating with 300 walkers
----------------------------------------------- Equilibration ------------------------------------------------
inv_T        weight  killW        energy   runTime
 0.00    300.000000      0   -681.474053     11.12
 3.00    303.081697      0   -681.705965     17.56
 6.00    303.578476      0   -681.715717     18.15
 9.00    302.802746      0   -681.700291     18.73
12.00    302.844324      0   -681.700896     19.31
15.00    302.961996      0   -681.713517     19.90
18.00    303.199194      0   -681.718978     20.48
21.00    303.325094      0   -681.729910     21.06
24.00    303.574784      0   -681.731369     21.65
27.00    303.122603      0   -681.717510     22.23
30.00    303.604762      0   -681.743521     22.82
---------------------------------------------- Sampling Blocks -----------------------------------------------
blocks        weight  killW       E_Guide     error       E_Trial     error     olp_T/G     error  Walltime
    20    303.317325      0   -681.728371  0.004029   -681.725820  0.000988    1.152027  0.002880   30.09
    40    302.855151      0   -681.726355  0.003327   -681.726004  0.000722    1.154206  0.002929   31.60
    60    302.519394      0   -681.726287  0.002349   -681.725929  0.000548    1.157087  0.002675   33.11
    80    302.249951      0   -681.727383  0.002124   -681.726463  0.000576    1.157898  0.002089   34.62
   100    301.965428      1   -681.725787  0.001961   -681.726122  0.000487    1.158637  0.001720   36.14
   120    301.760576      1   -681.726201  0.001614   -681.726366  0.000446    1.158595  0.001436   37.65
   140    301.543640      1   -681.725484  0.001525   -681.725955  0.000411    1.159529  0.001385   39.16
   160    301.376245      1   -681.725656  0.001367   -681.725885  0.000388    1.159556  0.001222   40.68
   180    301.210572      2   -681.724631  0.001413   -681.726023  0.000380    1.159841  0.001105   42.19
   200    301.077930      2   -681.724755  0.001256   -681.726259  0.000432    1.160211  0.001032   43.70
   220    300.955989      3   -681.724635  0.001204   -681.726029  0.000401    1.160572  0.000987   45.21
   240    300.854130      3   -681.724536  0.001136   -681.725977  0.000371    1.161032  0.000967   46.72
   260    300.773601      3   -681.724711  0.001092   -681.725868  0.000347    1.161121  0.000908   48.24
   280    300.700142      3   -681.725417  0.001206   -681.726097  0.000345    1.160952  0.000862   49.76
   300    300.623852      4   -681.725579  0.001168   -681.725985  0.000325    1.160958  0.000804   51.27
   320    300.565248      4   -681.726019  0.001145   -681.725956  0.000310    1.160787  0.000762   52.78
   340    300.498809      4   -681.725845  0.001083   -681.725830  0.000298    1.161148  0.000760   54.31
   360    300.441131      4   -681.725905  0.001043   -681.725777  0.000288    1.161146  0.000717   55.82
   380    300.383268      4   -681.725385  0.001073   -681.725796  0.000277    1.161141  0.000709   57.33
   400    300.336856      5   -681.725254  0.001052   -681.725730  0.000265    1.160795  0.000755   58.84
   420    300.299661      6   -681.725523  0.001039   -681.725711  0.000258    1.160748  0.000726   60.35
   440    300.260760      6   -681.725375  0.001081   -681.725707  0.000251    1.160803  0.000765   61.87
   460    300.225537      7   -681.725265  0.001065   -681.725669  0.000243    1.160966  0.000755   63.38
   480    300.193792      8   -681.725540  0.001034   -681.725625  0.000235    1.160943  0.000721   64.89
   500    300.159760      9   -681.725397  0.000990   -681.725663  0.000228    1.160912  0.000692   66.41
   520    300.135084     10   -681.725624  0.000963   -681.725640  0.000252    1.160898  0.000690   67.93
   540    300.108249     12   -681.725808  0.000946   -681.725661  0.000245    1.160948  0.000674   69.44
   560    300.088269     12   -681.726163  0.000949   -681.725693  0.000239    1.160763  0.000654   70.96
   580    300.066990     13   -681.726124  0.000934   -681.725654  0.000233    1.160748  0.000641   72.61
   600    300.042438     13   -681.725853  0.000935   -681.725643  0.000228    1.160857  0.000620   74.13
   620    300.025829     13   -681.726158  0.000935   -681.725666  0.000226    1.160780  0.000607   75.65
   640    300.010736     13   -681.726296  0.000940   -681.725631  0.000220    1.160497  0.000643   77.16
   660    299.996977     14   -681.726603  0.000947   -681.725845  0.000241    1.160251  0.000686   78.67
   680    299.978141     14   -681.726407  0.000999   -681.725860  0.000236    1.160321  0.000719   80.19
   700    299.959080     14   -681.726230  0.000983   -681.725800  0.000232    1.160542  0.000727   81.70
   720    299.940549     15   -681.726079  0.000987   -681.725780  0.000226    1.160610  0.000712   83.21
   740    299.924754     17   -681.725970  0.000966   -681.725770  0.000222    1.160703  0.000699   84.72
   760    299.909159     17   -681.725916  0.000946   -681.725779  0.000218    1.160913  0.000704   86.23
   780    299.896683     17   -681.725972  0.000930   -681.725806  0.000215    1.161017  0.000693   87.75
   800    299.882432     17   -681.725878  0.000926   -681.725762  0.000210    1.161109  0.000682   89.26
   820    299.871009     18   -681.725997  0.000908   -681.725753  0.000206    1.161137  0.000667   90.78
   840    299.861165     19   -681.726074  0.000888   -681.725698  0.000203    1.161185  0.000658   92.29
   860    299.845143     19   -681.725706  0.000878   -681.725663  0.000199    1.161329  0.000651   93.80
   880    299.836489     19   -681.725759  0.000919   -681.725654  0.000196    1.161423  0.000647   95.31
   900    299.826941     19   -681.725775  0.000898   -681.725658  0.000193    1.161402  0.000647   96.83
   920    299.814922     19   -681.725594  0.000878   -681.725615  0.000190    1.161532  0.000642   98.35
   940    299.804990     19   -681.725612  0.000860   -681.725605  0.000187    1.161624  0.000642   99.86
   960    299.797685     19   -681.725582  0.000841   -681.725576  0.000183    1.161784  0.000636  101.38
   980    299.787570     19   -681.725309  0.000839   -681.725569  0.000181    1.161874  0.000643  102.91
  1000    299.778441     20   -681.725138  0.000912   -681.725566  0.000178    1.161986  0.000644  104.42
---------------------------------------------- Post Propagation ----------------------------------------------
Total number of samples 1000
Raw AFQMC/HF (Guide) energy:           -681.725138 ± 0.000912
Raw Trial/Guide overlap ratio:          1.161986 ± 0.000644
Raw AFQMC/pt2CCSD energy (covariance): -681.725566 ± 0.000178
Raw AFQMC/pt2CCSD energy (dir sample): -681.725566 ± 0.000143
--------------------------------------------- Clean Obeservation ---------------------------------------------
removing energies outside zeta > 30
Outlier energy bound [-681.814924, -681.634676]
Removed 0 outliers with energies []
Clean AFQMC/pt2CCSD overlap ratio:        1.161986 ± 0.000644
Clean AFQMC/pt2CCSD energy (covariance): -681.725566 ± 0.000178
Clean AFQMC/ptCCSD energy (dir sample):  -681.725566 ± 0.000143
--------------------------------------------- Blocking Analysis ----------------------------------------------
nsample = 1000, max_block_size = 25, min_nblocks = 40
   B    NB    NS  Observable     Error    dError
   1  1000  1000    1.161992  0.000200  0.000004
   2   500  1000    1.161991  0.000272  0.000009
   3   333   999    1.161990  0.000324  0.000013
   4   250  1000    1.161991  0.000363  0.000016
   5   200  1000    1.161991  0.000395  0.000020
   6   166   996    1.161977  0.000426  0.000023
   7   142   994    1.161974  0.000450  0.000027
   8   125  1000    1.161991  0.000472  0.000030
   9   111   999    1.161990  0.000480  0.000032
  10   100  1000    1.161991  0.000503  0.000036
  11    90   990    1.161959  0.000538  0.000040
  12    83   996    1.161977  0.000534  0.000042
  13    76   988    1.161954  0.000559  0.000046
  14    71   994    1.161973  0.000560  0.000047
  15    66   990    1.161959  0.000578  0.000051
  16    62   992    1.161961  0.000568  0.000051
  17    58   986    1.161939  0.000620  0.000058
  18    55   990    1.161959  0.000619  0.000060
  19    52   988    1.161954  0.000597  0.000059
  20    50  1000    1.161990  0.000596  0.000060
  21    47   987    1.161945  0.000623  0.000065
  22    45   990    1.161959  0.000632  0.000067
  23    43   989    1.161957  0.000644  0.000070
  24    41   984    1.161919  0.000632  0.000071
  25    40  1000    1.161990  0.000642  0.000073
Fit (variance): plateau_var = 4.724e-07 ± 6.076e-08
Fit (error):    plateau = 0.000687 ± 0.000044
     autocorrelation length ~ 12.6 blocks
     plateau reached at block size ~ 59
     !!!Failed to reach plateau in blocking
     Return max block error
nclean = 1000, max_block_size = 25, min_nblocks = 40
Blk_SZ   NBlk   NSmp      Energy     Error    dError
     1   1000   1000  -681.725428  0.000143  0.000003
     2    500   1000  -681.725448  0.000169  0.000005
     3    333    999  -681.725459  0.000187  0.000007
     4    250   1000  -681.725468  0.000202  0.000009
     5    200   1000  -681.725478  0.000211  0.000011
     6    166    996  -681.725493  0.000212  0.000012
     7    142    994  -681.725495  0.000211  0.000013
     8    125   1000  -681.725498  0.000221  0.000014
     9    111    999  -681.725507  0.000217  0.000015
    10    100   1000  -681.725503  0.000224  0.000016
    11     90    990  -681.725511  0.000222  0.000017
    12     83    996  -681.725521  0.000226  0.000018
    13     76    988  -681.725512  0.000224  0.000018
    14     71    994  -681.725528  0.000221  0.000019
    15     66    990  -681.725526  0.000220  0.000019
    16     62    992  -681.725531  0.000229  0.000021
    17     58    986  -681.725517  0.000234  0.000022
    18     55    990  -681.725526  0.000219  0.000021
    19     52    988  -681.725527  0.000199  0.000020
    20     50   1000  -681.725526  0.000228  0.000023
    21     47    987  -681.725522  0.000236  0.000025
    22     45    990  -681.725536  0.000249  0.000027
    23     43    989  -681.725531  0.000203  0.000022
    24     41    984  -681.725538  0.000223  0.000025
    25     40   1000  -681.725537  0.000247  0.000028
Fit (variance): plateau_var = 5.000471e-08 ± 2.278645e-09
Fit (error):    plateau = 0.000224 ± 0.000005
     autocorrelation length ~ 2.9 blocks
     plateau reached at block size ~ 13
Final AFQMC/pt2CCSD overlap ratio: 1.161986 ± 0.000644
Final AFQMC/pt2CCSD energy: -681.725566 ± 0.000224
Total run time: 113.83
------------------------------------------ AFQMC Sampling Finished -------------------------------------------
