------------------------------------------- AFQMC Sampling Started -------------------------------------------
Hostname: gpua016.delta.ncsa.illinois.edu
System Type: Linux
Machine Type: x86_64
Processor: x86_64
Using GPU.
System: Linux
Node Name: gpua016.delta.ncsa.illinois.edu
Release: 5.14.0-427.91.1.el9_4.x86_64
Version: #1 SMP PREEMPT_DYNAMIC Wed Sep 17 10:08:59 EDT 2025
Machine: x86_64
Processor: x86_64
Decomposing Unrestricted T2 amplitudes
Throw 0 vectors in T2 deomposition
SVD cutoff = 1.00e-08 | error = 2.62e-15
number of T2 decomposition vectors 1014
norb: 52
nelec: (13, 13)
n_eql: 120
n_blocks: 1000
n_walkers: 300
dt: 0.005
max_error: 0.0
seed: 17
walker_type: uhf
trial: uccsd_pt2
free_projection: False
use_gpu: True
n_exp_terms: 6
n_prop_steps: 50
save_walkers: False
n_batch: 1
nchol_chunk: 100
mix_precision: True
initial AFQMC/pt2CCSD Energy is -639.817907
Propagating with 300 walkers
----------------------------------------------- Equilibration ------------------------------------------------
inv_T        weight  killW        energy   runTime
 0.00    300.000000      0   -639.137977     12.03
 3.00    310.079594      0   -639.815962     18.95
 6.00    309.976785      0   -639.829125     20.23
 9.00    309.862302      0   -639.810438     21.51
12.00    311.119155      0   -639.832780     22.79
15.00    309.408230      0   -639.758695     24.07
18.00    309.612237      0   -639.843940     25.35
21.00    309.555151      0   -639.814279     26.63
24.00    310.734332      0   -639.850089     27.91
27.00    309.577283      0   -639.811990     29.19
30.00    308.412203      0   -639.833018     30.47
---------------------------------------------- Sampling Blocks -----------------------------------------------
blocks        weight  killW       E_Guide     error       E_Trial     error     olp_T/G     error  Walltime
    20    309.759533      0   -639.823316  0.007771   -639.831819  0.000920    1.005204  0.000339   42.07
    40    308.809451      1   -639.838503  0.011857   -639.832878  0.000897    1.005062  0.000182   47.43
    60    307.854826      1   -639.835726  0.007671   -639.831527  0.000745    1.005456  0.000292   52.78
    80    307.105891      1   -639.839194  0.006220   -639.832891  0.001262    1.005490  0.000232   58.14
   100    306.362191      1   -639.836824  0.005787   -639.832770  0.001039    1.005644  0.000195   63.49
   120    305.722512      1   -639.836315  0.004802   -639.832560  0.000887    1.005584  0.000172   68.84
   140    305.140867      1   -639.835628  0.004164   -639.832359  0.000770    1.005521  0.000162   74.20
   160    304.722678      2   -639.838430  0.004450   -639.833052  0.000868    1.005543  0.000147   79.56
   180    304.327451      3   -639.838303  0.004106   -639.832917  0.000783    1.005638  0.000146   84.91
   200    303.963818      3   -639.838960  0.003714   -639.832884  0.000718    1.005736  0.000161   90.27
   220    303.628961      3   -639.837742  0.003475   -639.832555  0.000664    1.005759  0.000152   95.69
   240    303.346170      3   -639.837604  0.003188   -639.832333  0.000614    1.005789  0.000141  101.04
   260    303.089930      3   -639.837589  0.003079   -639.832269  0.000585    1.005794  0.000139  106.40
   280    302.864207      3   -639.837398  0.002863   -639.832234  0.000548    1.005767  0.000132  111.76
   300    302.644397      3   -639.836901  0.002839   -639.832315  0.000526    1.005743  0.000127  117.11
   320    302.471294      3   -639.837496  0.002695   -639.832378  0.000500    1.005671  0.000130  122.46
   340    302.308918      3   -639.837582  0.002534   -639.832559  0.000490    1.005627  0.000132  127.82
   360    302.155818      3   -639.838214  0.002450   -639.832605  0.000473    1.005627  0.000127  133.18
   380    302.013201      3   -639.837480  0.002376   -639.832488  0.000452    1.005654  0.000124  138.52
   400    301.892421      3   -639.838020  0.002341   -639.832560  0.000434    1.005641  0.000119  143.88
   420    301.768822      3   -639.837729  0.002242   -639.832537  0.000416    1.005591  0.000119  149.22
   440    301.664715      3   -639.838102  0.002161   -639.832485  0.000400    1.005558  0.000116  154.61
   460    301.560375      3   -639.837786  0.002078   -639.832395  0.000386    1.005584  0.000114  159.97
   480    301.464981      3   -639.838179  0.002013   -639.832794  0.000491    1.005573  0.000111  165.31
   500    301.385249      3   -639.838636  0.001968   -639.832791  0.000473    1.005577  0.000108  170.66
   520    301.305288      3   -639.838611  0.001906   -639.832813  0.000458    1.005579  0.000107  176.02
   540    301.227428      3   -639.838384  0.001841   -639.832793  0.000443    1.005529  0.000112  181.37
   560    301.149270      3   -639.837728  0.001839   -639.832736  0.000430    1.005506  0.000120  186.72
   580    301.076986      4   -639.837527  0.001782   -639.832695  0.000418    1.005548  0.000120  192.08
   600    301.016948      4   -639.837547  0.001775   -639.832678  0.000408    1.005566  0.000119  197.43
   620    300.959050      4   -639.837596  0.001731   -639.832672  0.000396    1.005564  0.000115  202.78
   640    300.899562      4   -639.837245  0.001704   -639.832635  0.000388    1.005559  0.000115  208.14
   660    300.847693      4   -639.836858  0.001681   -639.832593  0.000378    1.005567  0.000113  213.50
   680    300.803730      4   -639.837331  0.001751   -639.832577  0.000369    1.005558  0.000110  218.89
   700    300.757226      4   -639.837141  0.001709   -639.832610  0.000362    1.005560  0.000108  224.25
   720    300.723013      4   -639.837472  0.001689   -639.832606  0.000354    1.005574  0.000103  229.60
   740    300.685963      4   -639.837591  0.001659   -639.832611  0.000346    1.005555  0.000102  234.95
   760    300.648475      4   -639.837532  0.001640   -639.832593  0.000338    1.005542  0.000101  240.30
   780    300.614876      4   -639.837457  0.001615   -639.832549  0.000330    1.005542  0.000099  245.65
   800    300.582695      4   -639.837562  0.001588   -639.832576  0.000328    1.005541  0.000095  251.01
   820    300.547700      4   -639.837600  0.001570   -639.832584  0.000321    1.005548  0.000094  256.37
   840    300.512926      4   -639.837467  0.001538   -639.832548  0.000315    1.005548  0.000103  261.72
   860    300.482401      4   -639.837443  0.001513   -639.832516  0.000309    1.005539  0.000103  267.08
   880    300.448933      4   -639.837198  0.001495   -639.832519  0.000303    1.005519  0.000101  272.43
   900    300.416317      4   -639.836753  0.001511   -639.832502  0.000297    1.005513  0.000101  277.82
   920    300.391446      4   -639.836665  0.001531   -639.832465  0.000293    1.005511  0.000099  283.17
   940    300.364444      4   -639.836502  0.001498   -639.832420  0.000288    1.005522  0.000096  288.53
   960    300.347306      4   -639.836828  0.001463   -639.832407  0.000282    1.005511  0.000095  293.89
   980    300.328394      4   -639.836918  0.001450   -639.832448  0.000279    1.005502  0.000094  299.25
  1000    300.303451      4   -639.836871  0.001420   -639.832466  0.000285    1.005498  0.000094  304.60
---------------------------------------------- Post Propagation ----------------------------------------------
Total number of samples 1000
Raw AFQMC/HF (Guide) energy:           -639.836871 ± 0.001420
Raw Trial/Guide overlap ratio:          1.005498 ± 0.000094
Raw AFQMC/pt2CCSD energy (covariance): -639.832466 ± 0.000285
Raw AFQMC/pt2CCSD energy (dir sample): -639.832466 ± 0.000244
--------------------------------------------- Clean Obeservation ---------------------------------------------
removing energies outside zeta > 30
Outlier energy bound [-639.957111, -639.705435]
Removed 1 outliers with energies [-639.97762436]
Clean AFQMC/pt2CCSD overlap ratio:        1.005498 ± 0.000094
Clean AFQMC/pt2CCSD energy (covariance): -639.832320 ± 0.000243
Clean AFQMC/ptCCSD energy (dir sample):  -639.832320 ± 0.000196
--------------------------------------------- Blocking Analysis ----------------------------------------------
nsample = 999, max_block_size = 24, min_nblocks = 40
   B    NB    NS  Observable     Error    dError
   1   999   999    1.005498  0.000034  0.000001
   2   499   998    1.005500  0.000044  0.000001
   3   333   999    1.005498  0.000052  0.000002
   4   249   996    1.005501  0.000057  0.000003
   5   199   995    1.005500  0.000062  0.000003
   6   166   996    1.005501  0.000065  0.000004
   7   142   994    1.005499  0.000069  0.000004
   8   124   992    1.005496  0.000072  0.000005
   9   111   999    1.005498  0.000071  0.000005
  10    99   990    1.005493  0.000073  0.000005
  11    90   990    1.005493  0.000075  0.000006
  12    83   996    1.005501  0.000077  0.000006
  13    76   988    1.005490  0.000080  0.000007
  14    71   994    1.005499  0.000078  0.000007
  15    66   990    1.005493  0.000080  0.000007
  16    62   992    1.005496  0.000082  0.000007
  17    58   986    1.005488  0.000083  0.000008
  18    55   990    1.005493  0.000076  0.000007
  19    52   988    1.005490  0.000082  0.000008
  20    49   980    1.005499  0.000080  0.000008
  21    47   987    1.005489  0.000094  0.000010
  22    45   990    1.005493  0.000089  0.000009
  23    43   989    1.005491  0.000090  0.000010
  24    41   984    1.005490  0.000086  0.000010
Fit (variance): plateau_var = 7.279e-09 ± 5.817e-10
Fit (error):    plateau = 0.000085 ± 0.000003
     autocorrelation length ~ 6.9 blocks
     plateau reached at block size ~ 32
     !!!Failed to reach plateau in blocking
     Return max block error
nclean = 999, max_block_size = 24, min_nblocks = 40
Blk_SZ   NBlk   NSmp      Energy     Error    dError
     1    999    999  -639.832159  0.000196  0.000004
     2    499    998  -639.832208  0.000213  0.000007
     3    333    999  -639.832227  0.000228  0.000009
     4    249    996  -639.832219  0.000230  0.000010
     5    199    995  -639.832229  0.000234  0.000012
     6    166    996  -639.832231  0.000235  0.000013
     7    142    994  -639.832244  0.000241  0.000014
     8    124    992  -639.832257  0.000239  0.000015
     9    111    999  -639.832277  0.000233  0.000016
    10     99    990  -639.832266  0.000245  0.000017
    11     90    990  -639.832272  0.000254  0.000019
    12     83    996  -639.832264  0.000237  0.000019
    13     76    988  -639.832275  0.000249  0.000020
    14     71    994  -639.832267  0.000263  0.000022
    15     66    990  -639.832277  0.000240  0.000021
    16     62    992  -639.832278  0.000255  0.000023
    17     58    986  -639.832277  0.000260  0.000024
    18     55    990  -639.832279  0.000238  0.000023
    19     52    988  -639.832280  0.000251  0.000025
    20     49    980  -639.832275  0.000247  0.000025
    21     47    987  -639.832285  0.000261  0.000027
    22     45    990  -639.832286  0.000271  0.000029
    23     43    989  -639.832289  0.000249  0.000027
    24     41    984  -639.832291  0.000233  0.000026
Fit (variance): plateau_var = 6.083650e-08 ± 2.898187e-09
Fit (error):    plateau = 0.000247 ± 0.000006
     autocorrelation length ~ 2.8 blocks
     plateau reached at block size ~ 12
Final AFQMC/pt2CCSD overlap ratio: 1.005498 ± 0.000094
Final AFQMC/pt2CCSD energy: -639.832320 ± 0.000247
Total run time: 313.70
------------------------------------------ AFQMC Sampling Finished -------------------------------------------
