------------------------------------------- AFQMC Sampling Started -------------------------------------------
Hostname: gpua016.delta.ncsa.illinois.edu
System Type: Linux
Machine Type: x86_64
Processor: x86_64
Using GPU.
System: Linux
Node Name: gpua016.delta.ncsa.illinois.edu
Release: 5.14.0-427.91.1.el9_4.x86_64
Version: #1 SMP PREEMPT_DYNAMIC Wed Sep 17 10:08:59 EDT 2025
Machine: x86_64
Processor: x86_64
Decomposing Unrestricted T2 amplitudes
Throw 0 vectors in T2 deomposition
SVD cutoff = 1.00e-08 | error = 1.54e-15
number of T2 decomposition vectors 540
norb: 39
nelec: (9, 9)
n_eql: 120
n_blocks: 1000
n_walkers: 300
dt: 0.005
max_error: 0.0
seed: 17
walker_type: uhf
trial: uccsd_pt2
free_projection: False
use_gpu: True
n_exp_terms: 6
n_prop_steps: 50
save_walkers: False
n_batch: 1
nchol_chunk: 100
mix_precision: True
initial AFQMC/pt2CCSD Energy is -870.319763
Propagating with 300 walkers
----------------------------------------------- Equilibration ------------------------------------------------
inv_T        weight  killW        energy   runTime
 0.00    300.000000      0   -869.860846     19.51
 3.00    306.744518      0   -870.332376     27.04
 6.00    306.173927      0   -870.314874     27.93
 9.00    306.307045      0   -870.323328     28.83
12.00    306.741287      0   -870.337589     29.72
15.00    306.112172      0   -870.335095     30.61
18.00    305.601939      0   -870.294674     31.51
21.00    306.692540      0   -870.377962     32.40
24.00    306.938438      0   -870.360409     33.29
27.00    306.585962      0   -870.363748     34.19
30.00    305.674586      0   -870.327166     35.08
---------------------------------------------- Sampling Blocks -----------------------------------------------
blocks        weight  killW       E_Guide     error       E_Trial     error     olp_T/G     error  Walltime
    20    306.342099      2   -870.338053  0.003747   -870.344577  0.001194    1.150738  0.002278   44.82
    40    305.573206      3   -870.334549  0.004433   -870.344782  0.000837    1.155658  0.003275   48.07
    60    305.004995      3   -870.337872  0.004127   -870.345399  0.000732    1.157664  0.003134   51.29
    80    304.452260      4   -870.337656  0.003163   -870.345132  0.000605    1.162124  0.003610   54.49
   100    304.000578      4   -870.338646  0.002670   -870.344988  0.000540    1.164454  0.003325   57.68
   120    303.578707      6   -870.339561  0.002291   -870.345017  0.000498    1.164779  0.002761   60.87
   140    303.236775      8   -870.340700  0.002325   -870.345157  0.000483    1.164990  0.002358   64.06
   160    302.933155      9   -870.342582  0.002426   -870.345325  0.000461    1.164826  0.002059   67.25
   180    302.636543     10   -870.342733  0.002220   -870.345537  0.000434    1.165196  0.001844   70.45
   200    302.388508     10   -870.342879  0.001988   -870.345631  0.000408    1.166438  0.001869   73.64
   220    302.174125     10   -870.343008  0.001818   -870.345642  0.000383    1.166835  0.001739   76.83
   240    301.984430     11   -870.343767  0.001751   -870.345689  0.000378    1.166892  0.001591   80.02
   260    301.791088     12   -870.343105  0.001790   -870.345721  0.000356    1.166958  0.001468   83.22
   280    301.634064     14   -870.343537  0.001771   -870.345925  0.000349    1.167025  0.001373   86.40
   300    301.494134     15   -870.344076  0.001684   -870.346075  0.000352    1.167155  0.001295   89.59
   320    301.350424     20   -870.344015  0.001590   -870.346150  0.000340    1.167738  0.001282   92.79
   340    301.241067     20   -870.344134  0.001533   -870.345996  0.000331    1.168003  0.001222   95.98
   360    301.125302     20   -870.343949  0.001449   -870.345939  0.000321    1.167979  0.001154   99.18
   380    301.027988     21   -870.343988  0.001386   -870.345950  0.000313    1.167571  0.001144  102.38
   400    300.930876     21   -870.343633  0.001351   -870.345876  0.000304    1.167373  0.001096  105.58
   420    300.841932     24   -870.343803  0.001296   -870.345894  0.000297    1.167555  0.001061  108.82
   440    300.775161     25   -870.344453  0.001352   -870.346133  0.000304    1.167309  0.001061  112.01
   460    300.707373     27   -870.344536  0.001301   -870.346205  0.000299    1.167036  0.001051  115.21
   480    300.644953     27   -870.345123  0.001322   -870.346403  0.000365    1.167097  0.001078  118.41
   500    300.575508     29   -870.344831  0.001277   -870.346331  0.000355    1.167503  0.001068  121.59
   520    300.519559     29   -870.344738  0.001371   -870.346475  0.000348    1.167564  0.001068  124.78
   540    300.467612     33   -870.344769  0.001341   -870.346518  0.000339    1.167491  0.001056  127.98
   560    300.425392     33   -870.344946  0.001291   -870.346461  0.000329    1.167907  0.001070  131.18
   580    300.376650     34   -870.344971  0.001265   -870.346515  0.000325    1.168008  0.001047  134.37
   600    300.336579     34   -870.344919  0.001217   -870.346426  0.000317    1.168189  0.001057  137.55
   620    300.297247     34   -870.344816  0.001211   -870.346459  0.000312    1.168382  0.001046  140.74
   640    300.250431     36   -870.344486  0.001210   -870.346354  0.000306    1.168491  0.001028  143.94
   660    300.215882     36   -870.344312  0.001186   -870.346303  0.000300    1.168559  0.001004  147.14
   680    300.181643     37   -870.344320  0.001157   -870.346259  0.000293    1.168774  0.000998  150.33
   700    300.153428     37   -870.344605  0.001206   -870.346354  0.000295    1.168893  0.000980  153.53
   720    300.120701     37   -870.344523  0.001171   -870.346241  0.000290    1.169046  0.001003  156.73
   740    300.093795     38   -870.344175  0.001187   -870.346156  0.000283    1.169245  0.001000  159.92
   760    300.062922     41   -870.344003  0.001169   -870.346072  0.000278    1.169477  0.000996  163.11
   780    300.044205     41   -870.344338  0.001156   -870.346099  0.000275    1.169497  0.000975  166.31
   800    300.025235     42   -870.344510  0.001141   -870.346187  0.000273    1.169301  0.000972  169.57
   820    300.008025     43   -870.344694  0.001115   -870.346236  0.000270    1.169320  0.000948  172.76
   840    299.989947     46   -870.345220  0.001265   -870.346342  0.000270    1.169229  0.000930  175.94
   860    299.961745     46   -870.345040  0.001265   -870.346275  0.000266    1.169379  0.000930  179.13
   880    299.938534     48   -870.344855  0.001252   -870.346242  0.000262    1.169495  0.000927  182.33
   900    299.919758     49   -870.344724  0.001228   -870.346254  0.000259    1.169406  0.000927  185.52
   920    299.901447     52   -870.344905  0.001266   -870.346215  0.000255    1.169384  0.000908  188.71
   940    299.883376     52   -870.344697  0.001266   -870.346136  0.000251    1.169530  0.000905  191.91
   960    299.870395     52   -870.344996  0.001256   -870.346374  0.000292    1.169459  0.000912  195.10
   980    299.855797     52   -870.345141  0.001261   -870.346422  0.000287    1.169441  0.000912  198.29
  1000    299.837160     54   -870.345131  0.001246   -870.346384  0.000282    1.169475  0.000890  201.48
---------------------------------------------- Post Propagation ----------------------------------------------
Total number of samples 1000
Raw AFQMC/HF (Guide) energy:           -870.345131 ± 0.001246
Raw Trial/Guide overlap ratio:          1.169475 ± 0.000890
Raw AFQMC/pt2CCSD energy (covariance): -870.346384 ± 0.000282
Raw AFQMC/pt2CCSD energy (dir sample): -870.346384 ± 0.000254
--------------------------------------------- Clean Obeservation ---------------------------------------------
removing energies outside zeta > 30
Outlier energy bound [-870.494777, -870.195183]
Removed 0 outliers with energies []
Clean AFQMC/pt2CCSD overlap ratio:        1.169475 ± 0.000890
Clean AFQMC/pt2CCSD energy (covariance): -870.346384 ± 0.000282
Clean AFQMC/ptCCSD energy (dir sample):  -870.346384 ± 0.000254
--------------------------------------------- Blocking Analysis ----------------------------------------------
nsample = 1000, max_block_size = 25, min_nblocks = 40
   B    NB    NS  Observable     Error    dError
   1  1000  1000    1.169490  0.000257  0.000006
   2   500  1000    1.169490  0.000346  0.000011
   3   333   999    1.169487  0.000407  0.000016
   4   250  1000    1.169490  0.000462  0.000021
   5   200  1000    1.169490  0.000504  0.000025
   6   166   996    1.169484  0.000546  0.000030
   7   142   994    1.169472  0.000570  0.000034
   8   125  1000    1.169489  0.000602  0.000038
   9   111   999    1.169487  0.000618  0.000042
  10   100  1000    1.169489  0.000651  0.000046
  11    90   990    1.169460  0.000661  0.000050
  12    83   996    1.169484  0.000703  0.000055
  13    76   988    1.169464  0.000720  0.000059
  14    71   994    1.169472  0.000713  0.000060
  15    66   990    1.169460  0.000749  0.000066
  16    62   992    1.169465  0.000769  0.000070
  17    58   986    1.169461  0.000785  0.000073
  18    55   990    1.169460  0.000806  0.000078
  19    52   988    1.169464  0.000810  0.000080
  20    50  1000    1.169489  0.000816  0.000082
  21    47   987    1.169459  0.000820  0.000085
  22    45   990    1.169460  0.000836  0.000089
  23    43   989    1.169465  0.000855  0.000093
  24    41   984    1.169455  0.000890  0.000099
  25    40  1000    1.169489  0.000878  0.000099
Fit (variance): plateau_var = 9.524e-07 ± 1.665e-07
Fit (error):    plateau = 0.000976 ± 0.000085
     autocorrelation length ~ 16.9 blocks
     plateau reached at block size ~ 78
     !!!Failed to reach plateau in blocking
     Return max block error
nclean = 1000, max_block_size = 25, min_nblocks = 40
Blk_SZ   NBlk   NSmp      Energy     Error    dError
     1   1000   1000  -870.346214  0.000254  0.000006
     2    500   1000  -870.346255  0.000287  0.000009
     3    333    999  -870.346274  0.000306  0.000012
     4    250   1000  -870.346285  0.000344  0.000015
     5    200   1000  -870.346303  0.000357  0.000018
     6    166    996  -870.346326  0.000336  0.000018
     7    142    994  -870.346329  0.000373  0.000022
     8    125   1000  -870.346323  0.000376  0.000024
     9    111    999  -870.346323  0.000348  0.000023
    10    100   1000  -870.346333  0.000382  0.000027
    11     90    990  -870.346363  0.000392  0.000029
    12     83    996  -870.346352  0.000368  0.000029
    13     76    988  -870.346350  0.000390  0.000032
    14     71    994  -870.346366  0.000393  0.000033
    15     66    990  -870.346373  0.000381  0.000033
    16     62    992  -870.346370  0.000389  0.000035
    17     58    986  -870.346355  0.000409  0.000038
    18     55    990  -870.346383  0.000361  0.000035
    19     52    988  -870.346367  0.000402  0.000040
    20     50   1000  -870.346354  0.000390  0.000039
    21     47    987  -870.346356  0.000417  0.000043
    22     45    990  -870.346380  0.000400  0.000043
    23     43    989  -870.346369  0.000422  0.000046
    24     41    984  -870.346375  0.000400  0.000045
    25     40   1000  -870.346358  0.000445  0.000050
Fit (variance): plateau_var = 1.573447e-07 ± 9.685623e-09
Fit (error):    plateau = 0.000397 ± 0.000012
     autocorrelation length ~ 4.8 blocks
     plateau reached at block size ~ 21
Final AFQMC/pt2CCSD overlap ratio: 1.169475 ± 0.000890
Final AFQMC/pt2CCSD energy: -870.346384 ± 0.000397
Total run time: 210.89
------------------------------------------ AFQMC Sampling Finished -------------------------------------------
