------------------------------------------- AFQMC Sampling Started -------------------------------------------
Hostname: gpua016.delta.ncsa.illinois.edu
System Type: Linux
Machine Type: x86_64
Processor: x86_64
Using GPU.
System: Linux
Node Name: gpua016.delta.ncsa.illinois.edu
Release: 5.14.0-427.91.1.el9_4.x86_64
Version: #1 SMP PREEMPT_DYNAMIC Wed Sep 17 10:08:59 EDT 2025
Machine: x86_64
Processor: x86_64
Decomposing Unrestricted T2 amplitudes
Throw 0 vectors in T2 deomposition
SVD cutoff = 1.00e-08 | error = 1.89e-15
number of T2 decomposition vectors 434
norb: 38
nelec: (7, 7)
n_eql: 120
n_blocks: 1000
n_walkers: 300
dt: 0.005
max_error: 0.0
seed: 17
walker_type: uhf
trial: uccsd_pt2
free_projection: False
use_gpu: True
n_exp_terms: 6
n_prop_steps: 50
save_walkers: False
n_batch: 1
nchol_chunk: 100
mix_precision: True
initial AFQMC/pt2CCSD Energy is -581.536826
Propagating with 300 walkers
----------------------------------------------- Equilibration ------------------------------------------------
inv_T        weight  killW        energy   runTime
 0.00    300.000000      0   -581.326371     12.51
 3.00    302.255683      0   -581.541466     19.30
 6.00    302.914219      0   -581.560479     20.13
 9.00    302.653477      0   -581.548484     20.97
12.00    302.838399      0   -581.557019     21.80
15.00    302.599138      0   -581.537225     22.64
18.00    302.696004      0   -581.564884     23.47
21.00    302.606660      0   -581.551928     24.31
24.00    302.053322      0   -581.533547     25.14
27.00    302.817757      0   -581.535585     25.98
30.00    302.545178      0   -581.556007     26.81
---------------------------------------------- Sampling Blocks -----------------------------------------------
blocks        weight  killW       E_Guide     error       E_Trial     error     olp_T/G     error  Walltime
    20    302.634414      0   -581.545927  0.002202   -581.543283  0.000254    1.006668  0.000283   35.51
    40    302.316215      0   -581.546516  0.002728   -581.543446  0.000204    1.006434  0.000218   38.08
    60    302.023149      0   -581.546776  0.003141   -581.543621  0.000197    1.006418  0.000142   40.66
    80    301.739862      0   -581.544846  0.002653   -581.543578  0.000159    1.006454  0.000116   43.23
   100    301.517568      0   -581.545073  0.002179   -581.543473  0.000138    1.006276  0.000152   45.80
   120    301.330846      0   -581.544914  0.001818   -581.543474  0.000122    1.006272  0.000158   48.38
   140    301.162837      0   -581.544825  0.001559   -581.543390  0.000111    1.006316  0.000140   50.94
   160    301.025096      0   -581.545129  0.001387   -581.543425  0.000104    1.006322  0.000131   53.51
   180    300.894784      0   -581.545042  0.001261   -581.543406  0.000096    1.006137  0.000179   56.08
   200    300.778268      0   -581.544824  0.001150   -581.543447  0.000092    1.006061  0.000170   58.65
   220    300.679279      0   -581.544948  0.001072   -581.543467  0.000094    1.006100  0.000158   61.22
   240    300.594821      0   -581.545250  0.001003   -581.543456  0.000088    1.006180  0.000166   63.79
   260    300.517615      0   -581.545116  0.000929   -581.543514  0.000086    1.006131  0.000155   66.36
   280    300.450370      0   -581.545379  0.000884   -581.543566  0.000085    1.006152  0.000145   68.93
   300    300.381142      0   -581.545391  0.000826   -581.543562  0.000080    1.006221  0.000149   71.50
   320    300.324694      0   -581.545774  0.000824   -581.543540  0.000078    1.006239  0.000142   74.10
   340    300.273018      0   -581.545862  0.000779   -581.543533  0.000075    1.006272  0.000138   76.70
   360    300.220802      0   -581.545881  0.000765   -581.543540  0.000072    1.006285  0.000130   79.26
   380    300.172637      0   -581.545647  0.000749   -581.543547  0.000070    1.006261  0.000125   81.83
   400    300.130138      0   -581.545679  0.000712   -581.543575  0.000069    1.006223  0.000122   84.40
   420    300.095956      0   -581.545742  0.000687   -581.543571  0.000067    1.006202  0.000121   86.98
   440    300.060535      0   -581.545588  0.000665   -581.543574  0.000065    1.006190  0.000118   89.55
   460    300.030505      0   -581.545666  0.000648   -581.543605  0.000069    1.006198  0.000114   92.12
   480    299.999778      0   -581.545604  0.000634   -581.543598  0.000067    1.006219  0.000120   94.69
   500    299.970867      0   -581.545427  0.000623   -581.543592  0.000065    1.006224  0.000117   97.26
   520    299.945712      0   -581.545416  0.000617   -581.543577  0.000063    1.006236  0.000114   99.85
   540    299.925119      0   -581.545569  0.000604   -581.543572  0.000063    1.006259  0.000115  102.42
   560    299.905051      0   -581.545651  0.000590   -581.543584  0.000061    1.006241  0.000111  104.99
   580    299.882509      0   -581.545574  0.000577   -581.543604  0.000061    1.006222  0.000110  107.55
   600    299.860160      0   -581.545316  0.000587   -581.543593  0.000060    1.006240  0.000110  110.12
   620    299.839790      0   -581.545097  0.000613   -581.543587  0.000059    1.006240  0.000107  112.68
   640    299.822065      0   -581.544934  0.000609   -581.543567  0.000058    1.006254  0.000105  115.25
   660    299.806377      0   -581.544932  0.000594   -581.543554  0.000057    1.006275  0.000103  117.82
   680    299.789446      0   -581.544992  0.000605   -581.543551  0.000055    1.006283  0.000101  120.38
   700    299.775955      0   -581.545057  0.000592   -581.543548  0.000054    1.006277  0.000099  122.96
   720    299.762760      0   -581.545133  0.000585   -581.543540  0.000053    1.006252  0.000103  125.52
   740    299.751725      0   -581.545053  0.000571   -581.543544  0.000052    1.006252  0.000101  128.09
   760    299.738336      0   -581.544964  0.000574   -581.543549  0.000051    1.006218  0.000103  130.65
   780    299.725876      0   -581.544810  0.000563   -581.543529  0.000051    1.006202  0.000102  133.23
   800    299.715400      0   -581.544764  0.000554   -581.543523  0.000050    1.006170  0.000104  135.85
   820    299.705755      0   -581.544835  0.000544   -581.543533  0.000049    1.006169  0.000102  138.42
   840    299.698091      0   -581.544861  0.000540   -581.543539  0.000049    1.006165  0.000104  141.00
   860    299.687924      0   -581.544711  0.000541   -581.543522  0.000048    1.006189  0.000104  143.60
   880    299.679106      0   -581.544744  0.000548   -581.543532  0.000048    1.006176  0.000104  146.17
   900    299.671923      0   -581.544850  0.000545   -581.543535  0.000047    1.006152  0.000102  148.74
   920    299.662881      0   -581.544832  0.000538   -581.543540  0.000046    1.006132  0.000104  151.31
   940    299.657093      0   -581.544810  0.000529   -581.543534  0.000046    1.006130  0.000104  153.88
   960    299.651146      0   -581.544846  0.000520   -581.543543  0.000045    1.006115  0.000101  156.45
   980    299.643196      0   -581.544792  0.000513   -581.543543  0.000045    1.006105  0.000100  159.01
  1000    299.638263      0   -581.544841  0.000532   -581.543541  0.000044    1.006104  0.000098  161.58
---------------------------------------------- Post Propagation ----------------------------------------------
Total number of samples 1000
Raw AFQMC/HF (Guide) energy:           -581.544841 ± 0.000532
Raw Trial/Guide overlap ratio:          1.006104 ± 0.000098
Raw AFQMC/pt2CCSD energy (covariance): -581.543541 ± 0.000044
Raw AFQMC/pt2CCSD energy (dir sample): -581.543541 ± 0.000035
--------------------------------------------- Clean Obeservation ---------------------------------------------
removing energies outside zeta > 30
Outlier energy bound [-581.571917, -581.514844]
Removed 0 outliers with energies []
Clean AFQMC/pt2CCSD overlap ratio:        1.006104 ± 0.000098
Clean AFQMC/pt2CCSD energy (covariance): -581.543541 ± 0.000044
Clean AFQMC/ptCCSD energy (dir sample):  -581.543541 ± 0.000035
--------------------------------------------- Blocking Analysis ----------------------------------------------
nsample = 1000, max_block_size = 25, min_nblocks = 40
   B    NB    NS  Observable     Error    dError
   1  1000  1000    1.006104  0.000032  0.000001
   2   500  1000    1.006104  0.000043  0.000001
   3   333   999    1.006105  0.000051  0.000002
   4   250  1000    1.006104  0.000057  0.000003
   5   200  1000    1.006104  0.000063  0.000003
   6   166   996    1.006105  0.000066  0.000004
   7   142   994    1.006107  0.000070  0.000004
   8   125  1000    1.006104  0.000074  0.000005
   9   111   999    1.006105  0.000077  0.000005
  10   100  1000    1.006104  0.000078  0.000006
  11    90   990    1.006104  0.000080  0.000006
  12    83   996    1.006105  0.000083  0.000006
  13    76   988    1.006102  0.000084  0.000007
  14    71   994    1.006107  0.000085  0.000007
  15    66   990    1.006104  0.000088  0.000008
  16    62   992    1.006106  0.000085  0.000008
  17    58   986    1.006102  0.000091  0.000008
  18    55   990    1.006104  0.000090  0.000009
  19    52   988    1.006102  0.000093  0.000009
  20    50  1000    1.006104  0.000087  0.000009
  21    47   987    1.006101  0.000098  0.000010
  22    45   990    1.006104  0.000089  0.000009
  23    43   989    1.006103  0.000098  0.000011
  24    41   984    1.006103  0.000098  0.000011
  25    40  1000    1.006104  0.000089  0.000010
Fit (variance): plateau_var = 9.475e-09 ± 9.390e-10
Fit (error):    plateau = 0.000097 ± 0.000005
     autocorrelation length ~ 9.6 blocks
     plateau reached at block size ~ 45
     !!!Failed to reach plateau in blocking
     Return max block error
nclean = 1000, max_block_size = 25, min_nblocks = 40
Blk_SZ   NBlk   NSmp      Energy     Error    dError
     1   1000   1000  -581.543517  0.000035  0.000001
     2    500   1000  -581.543521  0.000042  0.000001
     3    333    999  -581.543525  0.000047  0.000002
     4    250   1000  -581.543525  0.000049  0.000002
     5    200   1000  -581.543526  0.000049  0.000002
     6    166    996  -581.543532  0.000051  0.000003
     7    142    994  -581.543533  0.000052  0.000003
     8    125   1000  -581.543530  0.000052  0.000003
     9    111    999  -581.543533  0.000053  0.000004
    10    100   1000  -581.543531  0.000050  0.000004
    11     90    990  -581.543538  0.000048  0.000004
    12     83    996  -581.543537  0.000052  0.000004
    13     76    988  -581.543538  0.000054  0.000004
    14     71    994  -581.543538  0.000056  0.000005
    15     66    990  -581.543540  0.000055  0.000005
    16     62    992  -581.543538  0.000053  0.000005
    17     58    986  -581.543539  0.000059  0.000005
    18     55    990  -581.543540  0.000052  0.000005
    19     52    988  -581.543541  0.000057  0.000006
    20     50   1000  -581.543536  0.000052  0.000005
    21     47    987  -581.543542  0.000058  0.000006
    22     45    990  -581.543541  0.000055  0.000006
    23     43    989  -581.543540  0.000059  0.000006
    24     41    984  -581.543539  0.000054  0.000006
    25     40   1000  -581.543535  0.000049  0.000006
Fit (variance): plateau_var = 2.801840e-09 ± 1.182549e-10
Fit (error):    plateau = 0.000053 ± 0.000001
     autocorrelation length ~ 2.3 blocks
     plateau reached at block size ~ 11
Final AFQMC/pt2CCSD overlap ratio: 1.006104 ± 0.000098
Final AFQMC/pt2CCSD energy: -581.543541 ± 0.000053
Total run time: 170.92
------------------------------------------ AFQMC Sampling Finished -------------------------------------------
