#INFO: **** input file is /work/hdd/bdka/yzhang65/w4_17/w4-17_all/afqmc_input/run_afqmc.py ****
import os
os.environ.setdefault("XLA_PYTHON_CLIENT_ALLOCATOR", "platform")

import jax
jax.config.update("jax_enable_x64", True)

import glob
import numpy as np
from pyscf import gto, scf, cc
from afqmc import prep, launch_afqmc
import re

def extract_afqmc_energy(filename):
    """Extract the final AFQMC/pt2CCSD energy and its uncertainty from an afqmc.out file.
    
    Returns (0, 0) if the value cannot be found or the file cannot be read.
    """
    pattern = re.compile(
        r"Final AFQMC/pt2CCSD energy:\s*"
        r"([-+]?\d*\.?\d+(?:[eE][-+]?\d+)?)"   # energy
        r"\s*(?:±|\+/-)\s*"
        r"([-+]?\d*\.?\d+(?:[eE][-+]?\d+)?)"   # error
    )
    try:
        with open(filename, "r", encoding="utf-8") as f:
            for line in f:
                m = pattern.search(line)
                if m:
                    return float(m.group(1)), float(m.group(2))
    except (OSError, IOError):
        pass
    return 0, 0

# basis = "ccpvdz"
xyz_dir = "../w4_17_xyz/closed_shell"
results_file = f"./closed_shell_uhf_vdzsd.dat"
out_dir = "../result/molout/closed_shell"
os.makedirs(out_dir, exist_ok=True)

# Set to a list of molecule names to run only those, e.g. ["acetaldehyde", "benzene"]
# Set to None to run all molecules in xyz_dir
select_molecules = None
symmetry = False

def vdzsd(elem):
    if elem in ('H', 'He'):
        raw_basis = gto.basis.load('ccpvdz', elem)
        return [b for b in raw_basis if b[0] != 1]
    else:
        return gto.basis.load('ccpvdz', elem)

def get_vdzsd_basis(atoms):
    elems = {line.split()[0] for line in atoms.strip().splitlines() if line.strip()}
    basis_dict = {el: vdzsd(el) for el in elems}
    return basis_dict

all_xyz = sorted(glob.glob(os.path.join(xyz_dir, "*.xyz")))
if select_molecules is not None:
    select_set = set(select_molecules)
    xyz_files = [p for p in all_xyz if os.path.splitext(os.path.basename(p))[0] in select_set]
    missing = select_set - {os.path.splitext(os.path.basename(p))[0] for p in xyz_files}
    if missing:
        print(f"Warning: no .xyz file found for: {', '.join(sorted(missing))} in {xyz_dir}")
else:
    xyz_files = all_xyz

with open(results_file, "w") as out:
    out.write(f"{'Molecule':<16s} {'Charge':>6s} {'2S':>6s} {'frozen':>6s} "
              f"{'E_HF (Eh)':>20s} {'E_CCSD (Eh)':>20s} {'E_CCSD(T) (Eh)':>20s} "
              f"{'E_AFQMC (Eh)':>20s} {'E_AFQMC ERR (Eh)':>20s} \n")
    out.write("-" * 100 + "\n")

for xyz_path in xyz_files:
    with open(xyz_path, "r") as f:
        lines = f.readlines()

    # Parse charge and multiplicity from second line: "name charge=X mult=Y"
    second_line = lines[1]
    charge = int(second_line.split("charge=")[1].split()[0])
    mult   = int(second_line.split("mult=")[1].split()[0])
    spin   = mult - 1   # PySCF spin input is 2S = mult - 1
    mol_name = second_line.split()[0]

    # Coordinates only (skip the atom count and comment lines)
    atoms = "".join(lines[2:])
    basis_dict = get_vdzsd_basis(atoms)

    print(f"\n{'='*60}")
    print(f"Running: {mol_name}  charge={charge}  spin={spin}")
    print(f"{'='*60}")

    mol = gto.M(
        atom=atoms,
        basis=basis_dict,
        verbose=4,
        output=os.path.join(out_dir, f"{mol_name}_vdzsd.out"),
        unit="angstrom",
        symmetry=symmetry,
        charge=charge,
        spin=spin,
        max_memory=40000,
    )

    mf = scf.UHF(mol)
    mf.max_cycle = 200
    mf = mf.newton()
    mf.kernel()

    # Stability check loop — at most 10 attempts
    max_stability_cycles = 10
    stable = False
    for stability_iter in range(max_stability_cycles):
        mo_i, _, stable, _ = mf.stability(return_status=True)
        if stable:
            break
        dm = mf.make_rdm1(mo_i, mf.mo_occ)
        mf.kernel(dm0=dm)

    if not stable or not mf.converged:
        print(f"  !! SCF did not converge for {mol_name} — skipping.")
        with open(results_file, "a") as out:
            out.write(f"{mol_name:<16s} {charge:>6d} {spin:>6d} {'N/A':>6s} "
                      f"{'UNCONVERGED':>20s} {'UNCONVERGED':>20s} {'UNCONVERGED':>20s}\n")
        continue

    energy = mf.e_tot

    mycc = cc.CCSD(mf)
    mycc.set_frozen()
    mycc.kernel()
    e_ccsd = mycc.e_tot
    et = mycc.ccsd_t()
    e_ccsdt = e_ccsd + et
    frozen = mycc.frozen

    prep.prep_afqmc(mycc, chol_cut=1e-5)
    options = {'n_eql': 120,
               'n_blocks': 1000,
               'n_walkers': 300,
               'dt':0.005,
               'max_error': 0.0,
               #'nchol_chunk': 200,
               'seed': 17,
               'walker_type': 'uhf',
               'trial': 'uccsd_pt2',
               'free_projection': False,
               'use_gpu': True,
               }
    launch_afqmc.run_afqmc(options)
    afqmc_file = os.path.join(out_dir, f'{mol_name}_afqmc_vdzsd.out')
    os.system(f"mv afqmc.out {afqmc_file}")
    eqmc, eqmc_err = extract_afqmc_energy(f"{afqmc_file}")

    with open(results_file, "a") as out:
        out.write(f"{mol_name:<16s} {charge:>6d} {spin:>6d} {frozen:>6d} "
                  f"{energy:>20.10f} {e_ccsd:>20.10f} {e_ccsdt:>20.10f}"
                  f"{eqmc:>20.10f} {eqmc_err:>20.10f} \n")

    print(f"  => E_HF({mol_name})      = {energy:.10f} Eh")
    print(f"  => E_CCSD({mol_name})    = {e_ccsd:.10f} Eh")
    print(f"  => E_CCSD(T)({mol_name}) = {e_ccsdt:.10f} Eh")
    print(f"  => E_AFQMC({mol_name})   = {eqmc:.10f} +/- {eqmc_err:.10f} Eh")

print(f"\nAll calculations complete. Results saved to {results_file}")
#INFO: ******************** input file end ********************


System: uname_result(system='Linux', node='gpua016.delta.ncsa.illinois.edu', release='5.14.0-427.91.1.el9_4.x86_64', version='#1 SMP PREEMPT_DYNAMIC Wed Sep 17 10:08:59 EDT 2025', machine='x86_64')  Threads 16
Python 3.11.14 (main, Oct 21 2025, 18:31:21) [GCC 11.2.0]
numpy 2.3.5  scipy 1.16.3  h5py 3.15.1
Date: Sun May 17 07:32:38 2026
PySCF version 2.11.0
PySCF path  /u/yzhang65/myprojects/software/pyscf
GIT HEAD (branch master) f520f5381c0b41f716d847009817cbc64e52c0d5

[ENV] PYSCF_TMPDIR /projects/bdka/yzhang65/scratch/pyscf
[ENV] PYSCF_EXT_PATH /u/yzhang65/myprojects/software/pyscf-forge
[CONFIG] conf_file None
[INPUT] verbose = 4
[INPUT] num. atoms = 5
[INPUT] num. electrons = 50
[INPUT] charge = 0
[INPUT] spin (= nelec alpha-beta = 2S) = 0
[INPUT] symmetry False subgroup None
[INPUT] Mole.unit = angstrom
[INPUT] Symbol           X                Y                Z      unit          X                Y                Z       unit  Magmom
[INPUT]  1 F      0.900915000000   0.900915000000   0.900915000000 AA    1.702482611513   1.702482611513   1.702482611513 Bohr   0.0
[INPUT]  2 Si     0.000000000000   0.000000000000   0.000000000000 AA    0.000000000000   0.000000000000   0.000000000000 Bohr   0.0
[INPUT]  3 F     -0.900915000000  -0.900915000000   0.900915000000 AA   -1.702482611513  -1.702482611513   1.702482611513 Bohr   0.0
[INPUT]  4 F     -0.900915000000   0.900915000000  -0.900915000000 AA   -1.702482611513   1.702482611513  -1.702482611513 Bohr   0.0
[INPUT]  5 F      0.900915000000  -0.900915000000  -0.900915000000 AA    1.702482611513  -1.702482611513  -1.702482611513 Bohr   0.0

nuclear repulsion = 271.8450575473
number of shells = 25
number of NR pGTOs = 145
number of NR cGTOs = 74
basis = {'Si': [[0, [78860.0, 0.000270443, -7.23177e-05, 1.85113e-05], [11820.0, 0.00209717, -0.000555116, 0.000142236], [2692.0, 0.0108506, -0.00293805, 0.000752185], [763.4, 0.0436754, -0.0117687, 0.00302279], [249.6, 0.137653, -0.0402907, 0.0103677], [90.28, 0.316644, -0.100609, 0.0262563], [35.29, 0.418581, -0.196528, 0.0523989], [14.51, 0.210212, -0.102382, 0.0290959], [4.053, 0.0144952, 0.52719, -0.178003], [1.482, -0.0020359, 0.593251, -0.346874], [0.2517, 0.000624186, 0.0332652, 0.62302]], [0, [0.09243, 1.0]], [1, [315.9, 0.00392656, -0.000858302], [74.42, 0.0298811, -0.00630328], [23.48, 0.127212, -0.0288255], [8.488, 0.320943, -0.069456], [3.217, 0.455429, -0.119493], [1.229, 0.268563, -0.0199581], [0.2964, 0.0188336, 0.510268]], [1, [0.08768, 1.0]], [2, [0.275, 1.0]]], 'F': [[0, [14710.0, 0.000721, -0.000165], [2207.0, 0.005553, -0.001308], [502.8, 0.028267, -0.006495], [142.6, 0.106444, -0.026691], [46.47, 0.286814, -0.07369], [16.7, 0.448641, -0.170776], [6.356, 0.264761, -0.112327], [1.316, 0.015333, 0.562814]], [0, [0.3897, 1.0]], [1, [22.67, 0.044878], [4.977, 0.235718], [1.347, 0.508521]], [1, [0.3471, 1.0]], [2, [1.64, 1.0]]]}
ecp = {}
CPU time:     16913.65




******** <class 'pyscf.soscf.newton_ah.SecondOrderUHF'> ********
method = SecondOrderUHF
initial guess = minao
damping factor = 0
level_shift factor = 0
DIIS = <class 'pyscf.scf.diis.CDIIS'>
diis_start_cycle = 1
diis_space = 8
diis_damp = 0
SCF conv_tol = 1e-09
SCF conv_tol_grad = None
SCF max_cycles = 200
direct_scf = True
direct_scf_tol = 1e-13
chkfile to save SCF result = /projects/bdka/yzhang65/scratch/pyscf/tmp4_vm1f2e
max_memory 40000 MB (current use 4558 MB)
number electrons alpha = 25  beta = 25
******** <class 'pyscf.scf.uhf.UHF'> Newton solver flags ********
SCF tol = 1e-09
conv_tol_grad = None
max. SCF cycles = 200
direct_scf = True
direct_scf_tol = 1e-13
chkfile to save SCF result = /projects/bdka/yzhang65/scratch/pyscf/tmp4_vm1f2e
max_cycle_inner = 12
max_stepsize = 0.05
ah_start_tol = 1e+09
ah_level_shift = 0
ah_conv_tol = 1e-12
ah_lindep = 1e-14
ah_start_cycle = 1
ah_max_cycle = 40
ah_grad_trust_region = 2.5
kf_interval = 4
kf_trust_region = 5
canonicalization = True
max_memory 40000 MB (current use 4558 MB)
Set conv_tol_grad to 3.16228e-05
  alpha nocc = 25  HOMO = -0.717124911815965  LUMO = 0.0100247758945161
  beta  nocc = 25  HOMO = -0.710062890615277  LUMO = 0.00870410717468553
Initial guess E= -686.812218549257  |g|= 0.594803
macro= 0  E= -686.933299099102  delta_E= -0.121081  |g|= 0.594803  2 KF 5 JK
macro= 1  E= -686.934037699909  delta_E= -0.000738601  |g|= 3.62687e-05  3 KF 10 JK
macro= 2  E= -686.934037699901  delta_E= 8.6402e-12  |g|= 8.11696e-06  1 KF 2 JK
Canonicalize SCF orbitals
macro X = 3  E=-686.934037699901  |g|= 8.11696e-06  total 7 KF 21 JK
converged SCF energy = -686.934037699901  <S^2> = 5.0427218e-11  2S+1 = 1
uhf_internal: lowest eigs of H = [0.89906446 0.89914409 0.90705561]
<class 'pyscf.soscf.newton_ah.SecondOrderUHF'> wavefunction is stable in the internal stability analysis

******** <class 'pyscf.cc.uccsd.UCCSD'> ********
CC2 = 0
CCSD nocc = (np.int64(16), np.int64(16)), nmo = (65, 65)
frozen orbitals 9
max_cycle = 50
direct = 0
conv_tol = 1e-07
conv_tol_normt = 1e-06
diis_space = 6
diis_start_cycle = 0
diis_start_energy_diff = 1e+09
max_memory 40000 MB (current use 3911 MB)
Init t2, MP2 energy = -0.833560373158229
Init E_corr(UCCSD) = -0.833560373177523
cycle = 1  E_corr(UCCSD) = -0.821089262454783  dE = 0.0124711107  norm(t1,t2) = 0.0940687
cycle = 2  E_corr(UCCSD) = -0.836983365338832  dE = -0.0158941029  norm(t1,t2) = 0.0243927
cycle = 3  E_corr(UCCSD) = -0.836835189294445  dE = 0.000148176044  norm(t1,t2) = 0.0130786
cycle = 4  E_corr(UCCSD) = -0.838781869773436  dE = -0.00194668048  norm(t1,t2) = 0.00452068
cycle = 5  E_corr(UCCSD) = -0.838751930672544  dE = 2.99391009e-05  norm(t1,t2) = 0.000606115
cycle = 6  E_corr(UCCSD) = -0.838699382688179  dE = 5.25479844e-05  norm(t1,t2) = 0.000207775
cycle = 7  E_corr(UCCSD) = -0.838699305091391  dE = 7.75967883e-08  norm(t1,t2) = 4.20136e-05
cycle = 8  E_corr(UCCSD) = -0.838700357578868  dE = -1.05248748e-06  norm(t1,t2) = 1.15281e-05
cycle = 9  E_corr(UCCSD) = -0.838700782257133  dE = -4.24678266e-07  norm(t1,t2) = 4.14183e-06
cycle = 10  E_corr(UCCSD) = -0.838700743791738  dE = 3.84653952e-08  norm(t1,t2) = 9.45079e-07
UCCSD converged
E(UCCSD) = -687.7727384436924  E_corr = -0.838700743791738
UCCSD(T) correction = -0.0124661898838783
