------------------------------------------- AFQMC Sampling Started -------------------------------------------
Hostname: gpua016.delta.ncsa.illinois.edu
System Type: Linux
Machine Type: x86_64
Processor: x86_64
Using GPU.
System: Linux
Node Name: gpua016.delta.ncsa.illinois.edu
Release: 5.14.0-427.91.1.el9_4.x86_64
Version: #1 SMP PREEMPT_DYNAMIC Wed Sep 17 10:08:59 EDT 2025
Machine: x86_64
Processor: x86_64
Decomposing Unrestricted T2 amplitudes
Throw 0 vectors in T2 deomposition
SVD cutoff = 1.00e-08 | error = 1.42e-15
number of T2 decomposition vectors 540
norb: 39
nelec: (9, 9)
n_eql: 120
n_blocks: 1000
n_walkers: 300
dt: 0.005
max_error: 0.0
seed: 17
walker_type: uhf
trial: uccsd_pt2
free_projection: False
use_gpu: True
n_exp_terms: 6
n_prop_steps: 50
save_walkers: False
n_batch: 1
nchol_chunk: 100
mix_precision: True
initial AFQMC/pt2CCSD Energy is -547.694247
Propagating with 300 walkers
----------------------------------------------- Equilibration ------------------------------------------------
inv_T        weight  killW        energy   runTime
 0.00    300.000000      0   -547.179791     12.49
 3.00    306.988778      0   -547.702996     19.56
 6.00    307.475654      0   -547.713831     20.45
 9.00    306.589061      0   -547.681069     21.33
12.00    307.564924      0   -547.710055     22.21
15.00    307.884658      0   -547.737970     23.09
18.00    307.769379      0   -547.733323     23.97
21.00    307.251707      0   -547.746864     24.86
24.00    307.356133      0   -547.745391     25.74
27.00    307.378252      0   -547.713843     26.62
30.00    306.591867      0   -547.692888     27.50
---------------------------------------------- Sampling Blocks -----------------------------------------------
blocks        weight  killW       E_Guide     error       E_Trial     error     olp_T/G     error  Walltime
    20    307.120269      1   -547.696163  0.008717   -547.714348  0.002190    1.048470  0.000608   36.78
    40    306.509263      2   -547.712324  0.012618   -547.715179  0.001326    1.047970  0.001087   39.55
    60    305.765369      3   -547.715650  0.008032   -547.715925  0.001378    1.047878  0.000688   42.33
    80    305.149416      5   -547.717321  0.007471   -547.716379  0.001217    1.048630  0.000742   45.10
   100    304.613403      6   -547.717659  0.006012   -547.716177  0.001082    1.048175  0.000673   47.86
   120    304.125045      7   -547.716306  0.005418   -547.716169  0.000937    1.047626  0.000699   50.63
   140    303.746130      8   -547.718275  0.004810   -547.716327  0.000866    1.047494  0.000620   53.40
   160    303.387589      8   -547.718860  0.004525   -547.716327  0.000802    1.047440  0.000549   56.17
   180    303.065909      8   -547.719111  0.004009   -547.716213  0.000740    1.047558  0.000494   58.93
   200    302.804126      8   -547.719725  0.003643   -547.716387  0.000709    1.047533  0.000473   61.70
   220    302.520717      8   -547.717447  0.003659   -547.716155  0.000659    1.047650  0.000443   64.47
   240    302.298651      8   -547.717033  0.003369   -547.715995  0.000625    1.047749  0.000413   67.23
   260    302.108260      8   -547.717983  0.003194   -547.716130  0.000596    1.047758  0.000384   70.00
   280    301.919499      9   -547.718682  0.003000   -547.716081  0.000566    1.047634  0.000375   72.77
   300    301.789321      9   -547.720096  0.002988   -547.716416  0.000553    1.047319  0.000415   75.58
   320    301.638652      9   -547.720003  0.002822   -547.716470  0.000529    1.047338  0.000390   78.35
   340    301.508375      9   -547.720043  0.002676   -547.716485  0.000514    1.047438  0.000376   81.12
   360    301.377603      9   -547.719397  0.002623   -547.716390  0.000493    1.047413  0.000356   83.88
   380    301.274518      9   -547.719664  0.002496   -547.716349  0.000477    1.047366  0.000339   86.66
   400    301.173399      9   -547.719568  0.002454   -547.716464  0.000465    1.047433  0.000325   89.42
   420    301.101036      9   -547.720336  0.002426   -547.716702  0.000455    1.047376  0.000312   92.19
   440    301.017463      9   -547.720034  0.002330   -547.716654  0.000438    1.047395  0.000305   94.96
   460    300.947525     10   -547.719636  0.002245   -547.716567  0.000423    1.047447  0.000298   97.74
   480    300.868276     10   -547.719063  0.002195   -547.716392  0.000411    1.047549  0.000305  100.50
   500    300.795237     12   -547.718611  0.002141   -547.716307  0.000399    1.047566  0.000303  103.27
   520    300.735470     12   -547.718752  0.002063   -547.716323  0.000390    1.047476  0.000302  106.03
   540    300.668977     12   -547.718418  0.002057   -547.716310  0.000381    1.047453  0.000296  108.79
   560    300.615589     13   -547.718233  0.002086   -547.716275  0.000370    1.047471  0.000286  111.56
   580    300.567650     13   -547.718622  0.002048   -547.716343  0.000364    1.047386  0.000281  114.32
   600    300.515971     14   -547.718227  0.002000   -547.716265  0.000365    1.047437  0.000276  117.08
   620    300.480066     14   -547.718494  0.001992   -547.716375  0.000363    1.047389  0.000270  119.85
   640    300.444977     14   -547.718883  0.001978   -547.716440  0.000373    1.047445  0.000297  122.62
   660    300.409271     14   -547.718919  0.001894   -547.716304  0.000364    1.047522  0.000301  125.39
   680    300.367579     15   -547.718677  0.002036   -547.716220  0.000356    1.047544  0.000294  128.16
   700    300.330643     15   -547.718510  0.001990   -547.716209  0.000351    1.047525  0.000290  130.92
   720    300.298270     16   -547.718393  0.001943   -547.716187  0.000345    1.047549  0.000279  133.68
   740    300.272116     16   -547.718678  0.001903   -547.716177  0.000342    1.047557  0.000273  136.46
   760    300.236919     16   -547.718103  0.001862   -547.716118  0.000335    1.047585  0.000275  139.23
   780    300.222650     16   -547.718651  0.001850   -547.716154  0.000330    1.047610  0.000270  141.99
   800    300.197602     16   -547.718596  0.001832   -547.716193  0.000324    1.047615  0.000263  144.76
   820    300.179839     16   -547.719186  0.001846   -547.716209  0.000322    1.047579  0.000260  147.53
   840    300.160013     17   -547.719740  0.001886   -547.716333  0.000327    1.047556  0.000257  150.30
   860    300.135156     17   -547.719656  0.001848   -547.716397  0.000325    1.047565  0.000257  153.06
   880    300.112901     17   -547.719857  0.001838   -547.716440  0.000321    1.047544  0.000251  155.83
   900    300.091936     17   -547.719896  0.001803   -547.716442  0.000317    1.047583  0.000245  158.60
   920    300.076064     17   -547.719934  0.001736   -547.716419  0.000313    1.047615  0.000242  161.37
   940    300.059137     17   -547.720039  0.001722   -547.716413  0.000311    1.047609  0.000238  164.13
   960    300.034245     17   -547.719667  0.001736   -547.716374  0.000307    1.047696  0.000245  166.89
   980    300.013604     18   -547.719345  0.001715   -547.716341  0.000303    1.047693  0.000245  169.66
  1000    299.994168     19   -547.719305  0.001692   -547.716381  0.000305    1.047695  0.000239  172.42
---------------------------------------------- Post Propagation ----------------------------------------------
Total number of samples 1000
Raw AFQMC/HF (Guide) energy:           -547.719305 ± 0.001692
Raw Trial/Guide overlap ratio:          1.047695 ± 0.000239
Raw AFQMC/pt2CCSD energy (covariance): -547.716381 ± 0.000305
Raw AFQMC/pt2CCSD energy (dir sample): -547.716381 ± 0.000254
--------------------------------------------- Clean Obeservation ---------------------------------------------
removing energies outside zeta > 30
Outlier energy bound [-547.897195, -547.532190]
Removed 0 outliers with energies []
Clean AFQMC/pt2CCSD overlap ratio:        1.047695 ± 0.000239
Clean AFQMC/pt2CCSD energy (covariance): -547.716381 ± 0.000305
Clean AFQMC/ptCCSD energy (dir sample):  -547.716381 ± 0.000254
--------------------------------------------- Blocking Analysis ----------------------------------------------
nsample = 1000, max_block_size = 25, min_nblocks = 40
   B    NB    NS  Observable     Error    dError
   1  1000  1000    1.047696  0.000087  0.000002
   2   500  1000    1.047696  0.000114  0.000004
   3   333   999    1.047694  0.000134  0.000005
   4   250  1000    1.047696  0.000148  0.000007
   5   200  1000    1.047696  0.000158  0.000008
   6   166   996    1.047687  0.000169  0.000009
   7   142   994    1.047685  0.000176  0.000010
   8   125  1000    1.047696  0.000184  0.000012
   9   111   999    1.047693  0.000191  0.000013
  10   100  1000    1.047696  0.000202  0.000014
  11    90   990    1.047678  0.000205  0.000015
  12    83   996    1.047687  0.000210  0.000016
  13    76   988    1.047681  0.000215  0.000018
  14    71   994    1.047685  0.000216  0.000018
  15    66   990    1.047678  0.000215  0.000019
  16    62   992    1.047683  0.000226  0.000020
  17    58   986    1.047683  0.000234  0.000022
  18    55   990    1.047678  0.000230  0.000022
  19    52   988    1.047681  0.000238  0.000024
  20    50  1000    1.047695  0.000222  0.000022
  21    47   987    1.047682  0.000235  0.000025
  22    45   990    1.047678  0.000222  0.000024
  23    43   989    1.047677  0.000235  0.000026
  24    41   984    1.047686  0.000239  0.000027
  25    40  1000    1.047696  0.000234  0.000026
Fit (variance): plateau_var = 5.984e-08 ± 5.922e-09
Fit (error):    plateau = 0.000245 ± 0.000012
     autocorrelation length ~ 9.4 blocks
     plateau reached at block size ~ 44
     !!!Failed to reach plateau in blocking
     Return max block error
nclean = 1000, max_block_size = 25, min_nblocks = 40
Blk_SZ   NBlk   NSmp      Energy     Error    dError
     1   1000   1000  -547.716112  0.000254  0.000006
     2    500   1000  -547.716166  0.000270  0.000009
     3    333    999  -547.716176  0.000283  0.000011
     4    250   1000  -547.716219  0.000293  0.000013
     5    200   1000  -547.716238  0.000309  0.000016
     6    166    996  -547.716237  0.000292  0.000016
     7    142    994  -547.716265  0.000306  0.000018
     8    125   1000  -547.716271  0.000295  0.000019
     9    111    999  -547.716267  0.000296  0.000020
    10    100   1000  -547.716272  0.000306  0.000022
    11     90    990  -547.716290  0.000303  0.000023
    12     83    996  -547.716283  0.000301  0.000023
    13     76    988  -547.716289  0.000306  0.000025
    14     71    994  -547.716296  0.000326  0.000028
    15     66    990  -547.716309  0.000318  0.000028
    16     62    992  -547.716308  0.000300  0.000027
    17     58    986  -547.716293  0.000329  0.000031
    18     55    990  -547.716318  0.000297  0.000029
    19     52    988  -547.716292  0.000314  0.000031
    20     50   1000  -547.716315  0.000298  0.000030
    21     47    987  -547.716310  0.000294  0.000031
    22     45    990  -547.716328  0.000308  0.000033
    23     43    989  -547.716321  0.000309  0.000034
    24     41    984  -547.716324  0.000316  0.000035
    25     40   1000  -547.716334  0.000311  0.000035
Fit (variance): plateau_var = 9.405576e-08 ± 4.200937e-09
Fit (error):    plateau = 0.000307 ± 0.000007
     autocorrelation length ~ 2.6 blocks
     plateau reached at block size ~ 10
Final AFQMC/pt2CCSD overlap ratio: 1.047695 ± 0.000239
Final AFQMC/pt2CCSD energy: -547.716381 ± 0.000307
Total run time: 181.79
------------------------------------------ AFQMC Sampling Finished -------------------------------------------
