------------------------------------------- AFQMC Sampling Started -------------------------------------------
Hostname: gpua099.delta.ncsa.illinois.edu
System Type: Linux
Machine Type: x86_64
Processor: x86_64
Using GPU.
System: Linux
Node Name: gpua099.delta.ncsa.illinois.edu
Release: 5.14.0-427.91.1.el9_4.x86_64
Version: #1 SMP PREEMPT_DYNAMIC Wed Sep 17 10:08:59 EDT 2025
Machine: x86_64
Processor: x86_64
Decomposing Unrestricted T2 amplitudes
Throw 0 vectors in T2 deomposition
SVD cutoff = 1.00e-08 | error = 1.65e-15
number of T2 decomposition vectors 211
norb: 28
nelec: (5, 4)
n_eql: 120
n_blocks: 1000
n_walkers: 300
dt: 0.005
max_error: 0.0
seed: 17
walker_type: uhf
trial: uccsd_pt2
free_projection: False
use_gpu: True
n_exp_terms: 6
n_prop_steps: 50
save_walkers: False
n_batch: 1
nchol_chunk: 100
mix_precision: True
initial AFQMC/pt2CCSD Energy is -76.380401
Propagating with 300 walkers
----------------------------------------------- Equilibration ------------------------------------------------
inv_T        weight  killW        energy   runTime
 0.00    300.000000      0    -76.153437     11.86
 3.00    303.110955      0    -76.378355     18.63
 6.00    303.062839      0    -76.364674     19.19
 9.00    303.028593      0    -76.393287     19.74
12.00    303.016679      0    -76.393498     20.30
15.00    302.640469      0    -76.370773     20.85
18.00    303.072404      0    -76.375432     21.41
21.00    302.857834      0    -76.400112     21.97
24.00    303.207701      0    -76.399033     22.52
27.00    302.747879      0    -76.392192     23.08
30.00    302.889776      0    -76.402726     23.63
---------------------------------------------- Sampling Blocks -----------------------------------------------
blocks        weight  killW       E_Guide     error       E_Trial     error     olp_T/G     error  Walltime
    20    302.555906      6    -76.388544  0.006277    -76.392752  0.001381   -1.071848  0.002019   30.90
    40    302.299375      7    -76.387997  0.005331    -76.392127  0.000875   -1.071890  0.001190   32.23
    60    301.990065     10    -76.387050  0.003746    -76.391225  0.000714   -1.073428  0.001244   33.56
    80    301.662339     16    -76.387844  0.003043    -76.392646  0.000926   -1.072243  0.001189   34.89
   100    301.445932     21    -76.389036  0.002801    -76.392270  0.000800   -1.072556  0.001021   36.23
   120    301.253531     23    -76.390498  0.002599    -76.391965  0.000723   -1.073230  0.001009   37.55
   140    301.107781     24    -76.391621  0.002348    -76.391818  0.000628   -1.074010  0.001038   38.89
   160    300.961537     27    -76.391595  0.002108    -76.391964  0.000624   -1.074584  0.000978   40.23
   180    300.832186     30    -76.392244  0.001981    -76.392250  0.000591   -1.074929  0.000905   41.57
   200    300.706223     33    -76.392604  0.001823    -76.392151  0.000548   -1.074982  0.000821   42.90
   220    300.593696     38    -76.392884  0.001709    -76.392100  0.000518   -1.074828  0.000761   44.23
   240    300.497196     42    -76.393274  0.001544    -76.392272  0.000499   -1.074769  0.000703   45.56
   260    300.390826     47    -76.392309  0.001628    -76.392090  0.000465   -1.075084  0.000710   46.96
   280    300.305627     51    -76.392207  0.001493    -76.391902  0.000479   -1.075239  0.000677   48.29
   300    300.232962     51    -76.392507  0.001461    -76.391805  0.000449   -1.075114  0.000648   49.63
   320    300.167863     54    -76.392282  0.001437    -76.391702  0.000424   -1.075236  0.000617   50.95
   340    300.114566     57    -76.392764  0.001386    -76.391717  0.000405   -1.075353  0.000591   52.28
   360    300.058566     60    -76.392524  0.001313    -76.391657  0.000385   -1.075522  0.000566   53.60
   380    300.014541     64    -76.392727  0.001257    -76.391735  0.000371   -1.075503  0.000538   54.93
   400    299.971366     70    -76.392951  0.001244    -76.391743  0.000357   -1.075669  0.000537   56.26
   420    299.938250     77    -76.393134  0.001197    -76.391678  0.000342   -1.075881  0.000544   57.59
   440    299.904573     79    -76.393268  0.001205    -76.391794  0.000348   -1.075751  0.000529   58.91
   460    299.873459     80    -76.393289  0.001181    -76.391750  0.000337   -1.075598  0.000528   60.24
   480    299.839779     83    -76.393402  0.001176    -76.391697  0.000325   -1.075646  0.000521   61.57
   500    299.803397     86    -76.393100  0.001163    -76.391669  0.000314   -1.075750  0.000512   62.90
   520    299.779279     87    -76.393315  0.001118    -76.391690  0.000306   -1.075920  0.000521   64.23
   540    299.753574     88    -76.393336  0.001082    -76.391624  0.000301   -1.075867  0.000509   65.56
   560    299.725403     90    -76.393352  0.001100    -76.391636  0.000295   -1.075875  0.000493   66.89
   580    299.702398     97    -76.393559  0.001082    -76.391646  0.000289   -1.075907  0.000483   68.22
   600    299.683664     99    -76.393593  0.001062    -76.391594  0.000280   -1.075850  0.000471   69.55
   620    299.658777    100    -76.393441  0.001016    -76.391503  0.000273   -1.075714  0.000481   70.88
   640    299.631118    105    -76.392792  0.001094    -76.391406  0.000266   -1.075891  0.000494   72.20
   660    299.614428    106    -76.392708  0.001098    -76.391340  0.000259   -1.075906  0.000483   73.54
   680    299.598555    109    -76.392961  0.001119    -76.391312  0.000253   -1.075879  0.000477   74.86
   700    299.579467    113    -76.392785  0.001095    -76.391290  0.000247   -1.075901  0.000466   76.19
   720    299.564949    114    -76.392543  0.001111    -76.391245  0.000241   -1.075884  0.000446   77.52
   740    299.549006    119    -76.392505  0.001089    -76.391206  0.000236   -1.075878  0.000437   78.85
   760    299.537083    124    -76.392393  0.001064    -76.391221  0.000231   -1.075921  0.000435   80.17
   780    299.525580    124    -76.392236  0.001055    -76.391206  0.000226   -1.075820  0.000433   81.50
   800    299.513574    129    -76.392227  0.001013    -76.391167  0.000222   -1.075728  0.000443   82.83
   820    299.501538    132    -76.392361  0.000994    -76.391169  0.000219   -1.075686  0.000434   84.16
   840    299.489405    134    -76.392403  0.000984    -76.391220  0.000221   -1.075619  0.000434   85.49
   860    299.480782    137    -76.392210  0.000977    -76.391199  0.000217   -1.075652  0.000434   86.81
   880    299.468209    141    -76.392068  0.000973    -76.391171  0.000213   -1.075625  0.000437   88.14
   900    299.460804    142    -76.392005  0.000973    -76.391170  0.000209   -1.075622  0.000437   89.47
   920    299.453793    144    -76.392053  0.000951    -76.391165  0.000206   -1.075644  0.000426   90.79
   940    299.447484    146    -76.392031  0.000942    -76.391204  0.000202   -1.075600  0.000417   92.13
   960    299.437870    150    -76.391940  0.000921    -76.391207  0.000199   -1.075540  0.000412   93.45
   980    299.429714    153    -76.392057  0.000902    -76.391198  0.000195   -1.075464  0.000411   94.78
  1000    299.421915    154    -76.392082  0.000889    -76.391220  0.000194   -1.075500  0.000403   96.10
---------------------------------------------- Post Propagation ----------------------------------------------
Total number of samples 1000
Raw AFQMC/HF (Guide) energy:           -76.392082 ± 0.000889
Raw Trial/Guide overlap ratio:          -1.075500 ± 0.000403
Raw AFQMC/pt2CCSD energy (covariance): -76.391220 ± 0.000194
Raw AFQMC/pt2CCSD energy (dir sample): -76.391220 ± 0.000161
--------------------------------------------- Clean Obeservation ---------------------------------------------
removing energies outside zeta > 30
Outlier energy bound [-76.476864, -76.303716]
Removed 0 outliers with energies []
Clean AFQMC/pt2CCSD overlap ratio:        -1.075500 ± 0.000403
Clean AFQMC/pt2CCSD energy (covariance): -76.391220 ± 0.000194
Clean AFQMC/ptCCSD energy (dir sample):  -76.391220 ± 0.000161
--------------------------------------------- Blocking Analysis ----------------------------------------------
nsample = 1000, max_block_size = 25, min_nblocks = 40
   B    NB    NS  Observable     Error    dError
   1  1000  1000   -1.075502  0.000139  0.000003
   2   500  1000   -1.075502  0.000181  0.000006
   3   333   999   -1.075501  0.000211  0.000008
   4   250  1000   -1.075502  0.000230  0.000010
   5   200  1000   -1.075502  0.000252  0.000013
   6   166   996   -1.075489  0.000269  0.000015
   7   142   994   -1.075482  0.000275  0.000016
   8   125  1000   -1.075502  0.000297  0.000019
   9   111   999   -1.075501  0.000315  0.000021
  10   100  1000   -1.075502  0.000316  0.000022
  11    90   990   -1.075475  0.000331  0.000025
  12    83   996   -1.075489  0.000332  0.000026
  13    76   988   -1.075472  0.000344  0.000028
  14    71   994   -1.075482  0.000346  0.000029
  15    66   990   -1.075475  0.000349  0.000031
  16    62   992   -1.075480  0.000365  0.000033
  17    58   986   -1.075472  0.000356  0.000033
  18    55   990   -1.075475  0.000363  0.000035
  19    52   988   -1.075471  0.000369  0.000037
  20    50  1000   -1.075502  0.000378  0.000038
  21    47   987   -1.075473  0.000388  0.000040
  22    45   990   -1.075475  0.000403  0.000043
  23    43   989   -1.075473  0.000396  0.000043
  24    41   984   -1.075468  0.000384  0.000043
  25    40  1000   -1.075502  0.000392  0.000044
Fit (variance): plateau_var = 1.714e-07 ± 2.088e-08
Fit (error):    plateau = 0.000414 ± 0.000025
     autocorrelation length ~ 11.6 blocks
     plateau reached at block size ~ 54
     !!!Failed to reach plateau in blocking
     Return max block error
nclean = 1000, max_block_size = 25, min_nblocks = 40
Blk_SZ   NBlk   NSmp      Energy     Error    dError
     1   1000   1000  -76.391137  0.000161  0.000004
     2    500   1000  -76.391153  0.000188  0.000006
     3    333    999  -76.391170  0.000184  0.000007
     4    250   1000  -76.391175  0.000195  0.000009
     5    200   1000  -76.391177  0.000198  0.000010
     6    166    996  -76.391193  0.000202  0.000011
     7    142    994  -76.391194  0.000200  0.000012
     8    125   1000  -76.391186  0.000201  0.000013
     9    111    999  -76.391196  0.000201  0.000014
    10    100   1000  -76.391190  0.000207  0.000015
    11     90    990  -76.391196  0.000203  0.000015
    12     83    996  -76.391203  0.000201  0.000016
    13     76    988  -76.391201  0.000209  0.000017
    14     71    994  -76.391204  0.000211  0.000018
    15     66    990  -76.391203  0.000215  0.000019
    16     62    992  -76.391204  0.000201  0.000018
    17     58    986  -76.391207  0.000211  0.000020
    18     55    990  -76.391208  0.000221  0.000021
    19     52    988  -76.391209  0.000215  0.000021
    20     50   1000  -76.391204  0.000231  0.000023
    21     47    987  -76.391217  0.000216  0.000023
    22     45    990  -76.391209  0.000227  0.000024
    23     43    989  -76.391209  0.000223  0.000024
    24     41    984  -76.391186  0.000214  0.000024
    25     40   1000  -76.391205  0.000206  0.000023
Fit (variance): plateau_var = 4.355353e-08 ± 1.955878e-09
Fit (error):    plateau = 0.000209 ± 0.000005
     autocorrelation length ~ 2.5 blocks
     plateau reached at block size ~ 11
Final AFQMC/pt2CCSD overlap ratio: -1.075500 ± 0.000403
Final AFQMC/pt2CCSD energy: -76.391220 ± 0.000209
Total run time: 104.65
------------------------------------------ AFQMC Sampling Finished -------------------------------------------
