------------------------------------------- AFQMC Sampling Started -------------------------------------------
Hostname: gpua099.delta.ncsa.illinois.edu
System Type: Linux
Machine Type: x86_64
Processor: x86_64
Using GPU.
System: Linux
Node Name: gpua099.delta.ncsa.illinois.edu
Release: 5.14.0-427.91.1.el9_4.x86_64
Version: #1 SMP PREEMPT_DYNAMIC Wed Sep 17 10:08:59 EDT 2025
Machine: x86_64
Processor: x86_64
Decomposing Unrestricted T2 amplitudes
Throw 0 vectors in T2 deomposition
SVD cutoff = 1.00e-08 | error = 3.26e-15
number of T2 decomposition vectors 987
norb: 52
nelec: (13, 12)
n_eql: 120
n_blocks: 1000
n_walkers: 300
dt: 0.005
max_error: 0.0
seed: 17
walker_type: uhf
trial: uccsd_pt2
free_projection: False
use_gpu: True
n_exp_terms: 6
n_prop_steps: 50
save_walkers: False
n_batch: 1
nchol_chunk: 100
mix_precision: True
initial AFQMC/pt2CCSD Energy is -684.388597
Propagating with 300 walkers
----------------------------------------------- Equilibration ------------------------------------------------
inv_T        weight  killW        energy   runTime
 0.00    300.000000      0   -683.674316     13.30
 3.00    312.037151      0   -684.436218     20.78
 6.00    311.013097      0   -684.429896     23.13
 9.00    310.837155      0   -684.423821     24.38
12.00    310.492969      1   -684.435425     25.63
15.00    310.332423      0   -684.428617     27.97
18.00    311.122565      0   -684.490931     29.21
21.00    311.334883      0   -684.435429     30.45
24.00    309.900973      0   -684.395824     31.69
27.00    309.844605      0   -684.397773     32.93
30.00    309.618330      0   -684.367176     34.17
---------------------------------------------- Sampling Blocks -----------------------------------------------
blocks        weight  killW       E_Guide     error       E_Trial     error     olp_T/G     error  Walltime
    20    310.443590      3   -684.429381  0.004226   -684.419142  0.002011   -1.020137  0.000818   45.86
    40    309.278303      4   -684.430467  0.009217   -684.418576  0.001548   -1.021356  0.001189   51.10
    60    308.158217      7   -684.427881  0.006525   -684.417188  0.001270   -1.021574  0.000826   56.33
    80    307.234275      9   -684.426024  0.004838   -684.417350  0.001056   -1.021304  0.000629   61.57
   100    306.428574     11   -684.422662  0.005254   -684.418037  0.000979   -1.020952  0.000533   66.81
   120    305.734998     15   -684.421732  0.004370   -684.418792  0.001003   -1.020577  0.000550   72.04
   140    305.164644     18   -684.422269  0.004838   -684.419040  0.000974   -1.021071  0.000627   77.28
   160    304.625463     19   -684.420220  0.004684   -684.418719  0.000873   -1.021116  0.000582   82.52
   180    304.159570     28   -684.420214  0.004191   -684.418458  0.000799   -1.020867  0.000545   87.76
   200    303.753329     30   -684.420639  0.003795   -684.418611  0.000745   -1.020812  0.000492   92.99
   220    303.387430     34   -684.419467  0.003710   -684.418819  0.000734   -1.020803  0.000447   98.22
   240    303.048425     36   -684.417468  0.003673   -684.418689  0.000707   -1.020834  0.000410  103.49
   260    302.786726     37   -684.416928  0.003406   -684.418305  0.000673   -1.020907  0.000381  108.74
   280    302.538472     38   -684.415747  0.003269   -684.418012  0.000639   -1.020830  0.000359  113.97
   300    302.296469     38   -684.414342  0.003204   -684.417926  0.000605   -1.020773  0.000346  119.20
   320    302.114433     42   -684.414750  0.003158   -684.417985  0.000580   -1.020666  0.000341  124.44
   340    301.934270     45   -684.414831  0.003054   -684.418071  0.000564   -1.020586  0.000325  129.67
   360    301.766572     49   -684.415048  0.002887   -684.418068  0.000540   -1.020637  0.000309  134.91
   380    301.616763     52   -684.415337  0.002742   -684.418208  0.000531   -1.020606  0.000294  140.14
   400    301.472475     54   -684.415571  0.002618   -684.418136  0.000519   -1.020602  0.000281  145.37
   420    301.351166     55   -684.414787  0.002570   -684.417938  0.000507   -1.020499  0.000279  150.61
   440    301.242806     59   -684.415427  0.002494   -684.418079  0.000504   -1.020376  0.000291  155.95
   460    301.153803     61   -684.416189  0.002452   -684.418126  0.000493   -1.020358  0.000284  161.21
   480    301.056414     61   -684.416236  0.002369   -684.418092  0.000478   -1.020303  0.000277  166.48
   500    300.963479     65   -684.415848  0.002317   -684.418046  0.000465   -1.020349  0.000275  171.71
   520    300.878596     69   -684.415860  0.002229   -684.417954  0.000454   -1.020259  0.000275  176.94
   540    300.807436     71   -684.416940  0.002288   -684.418304  0.000452   -1.020193  0.000272  182.18
   560    300.741767     74   -684.417242  0.002236   -684.418181  0.000443   -1.020229  0.000261  187.41
   580    300.675807     78   -684.417104  0.002172   -684.418094  0.000435   -1.020195  0.000256  192.64
   600    300.616039     79   -684.417117  0.002104   -684.418160  0.000432   -1.020216  0.000259  197.88
   620    300.559597     81   -684.416639  0.002073   -684.417960  0.000424   -1.020229  0.000254  203.11
   640    300.502391     82   -684.416046  0.002145   -684.417899  0.000413   -1.020262  0.000248  208.35
   660    300.466279     83   -684.416310  0.002098   -684.417904  0.000404   -1.020285  0.000239  213.59
   680    300.408359     89   -684.416055  0.002057   -684.417840  0.000397   -1.020433  0.000268  218.83
   700    300.368856     94   -684.416329  0.002013   -684.417814  0.000389   -1.020463  0.000265  224.06
   720    300.322551     96   -684.416245  0.001934   -684.417786  0.000382   -1.020413  0.000273  229.33
   740    300.282085     99   -684.416301  0.001889   -684.417766  0.000379   -1.020343  0.000274  234.58
   760    300.234753    103   -684.416181  0.001914   -684.417795  0.000383   -1.020312  0.000270  239.81
   780    300.200029    106   -684.415959  0.001897   -684.417678  0.000377   -1.020379  0.000271  245.07
   800    300.161604    107   -684.415617  0.001862   -684.417590  0.000370   -1.020384  0.000265  250.30
   820    300.135726    109   -684.415705  0.001831   -684.417551  0.000363   -1.020372  0.000260  255.54
   840    300.103244    109   -684.415764  0.001799   -684.417596  0.000358   -1.020438  0.000260  260.77
   860    300.068011    112   -684.415559  0.001781   -684.417565  0.000352   -1.020445  0.000260  266.01
   880    300.036973    113   -684.415413  0.001806   -684.417554  0.000348   -1.020452  0.000254  271.25
   900    300.011680    116   -684.415655  0.001806   -684.417522  0.000343   -1.020370  0.000254  276.48
   920    299.984180    116   -684.415291  0.001768   -684.417446  0.000338   -1.020373  0.000255  281.72
   940    299.962625    120   -684.415240  0.001758   -684.417444  0.000333   -1.020365  0.000249  286.98
   960    299.933200    121   -684.415006  0.001724   -684.417398  0.000328   -1.020371  0.000247  292.21
   980    299.907194    123   -684.414849  0.001690   -684.417450  0.000324   -1.020333  0.000247  297.45
  1000    299.885647    127   -684.414815  0.001658   -684.417448  0.000319   -1.020354  0.000251  302.68
---------------------------------------------- Post Propagation ----------------------------------------------
Total number of samples 1000
Raw AFQMC/HF (Guide) energy:           -684.414815 ± 0.001658
Raw Trial/Guide overlap ratio:          -1.020354 ± 0.000251
Raw AFQMC/pt2CCSD energy (covariance): -684.417448 ± 0.000319
Raw AFQMC/pt2CCSD energy (dir sample): -684.417448 ± 0.000266
--------------------------------------------- Clean Obeservation ---------------------------------------------
removing energies outside zeta > 30
Outlier energy bound [-684.620698, -684.211382]
Removed 0 outliers with energies []
Clean AFQMC/pt2CCSD overlap ratio:        -1.020354 ± 0.000251
Clean AFQMC/pt2CCSD energy (covariance): -684.417448 ± 0.000319
Clean AFQMC/ptCCSD energy (dir sample):  -684.417448 ± 0.000266
--------------------------------------------- Blocking Analysis ----------------------------------------------
nsample = 1000, max_block_size = 25, min_nblocks = 40
   B    NB    NS  Observable     Error    dError
   1  1000  1000   -1.020353  0.000080  0.000002
   2   500  1000   -1.020353  0.000107  0.000003
   3   333   999   -1.020350  0.000125  0.000005
   4   250  1000   -1.020353  0.000140  0.000006
   5   200  1000   -1.020353  0.000152  0.000008
   6   166   996   -1.020344  0.000162  0.000009
   7   142   994   -1.020344  0.000170  0.000010
   8   125  1000   -1.020353  0.000180  0.000011
   9   111   999   -1.020350  0.000184  0.000012
  10   100  1000   -1.020352  0.000195  0.000014
  11    90   990   -1.020344  0.000200  0.000015
  12    83   996   -1.020344  0.000206  0.000016
  13    76   988   -1.020339  0.000209  0.000017
  14    71   994   -1.020344  0.000216  0.000018
  15    66   990   -1.020343  0.000217  0.000019
  16    62   992   -1.020346  0.000215  0.000019
  17    58   986   -1.020333  0.000216  0.000020
  18    55   990   -1.020343  0.000230  0.000022
  19    52   988   -1.020339  0.000234  0.000023
  20    50  1000   -1.020352  0.000233  0.000024
  21    47   987   -1.020336  0.000235  0.000025
  22    45   990   -1.020344  0.000231  0.000025
  23    43   989   -1.020342  0.000226  0.000025
  24    41   984   -1.020333  0.000244  0.000027
  25    40  1000   -1.020352  0.000251  0.000028
Fit (variance): plateau_var = 6.471e-08 ± 7.897e-09
Fit (error):    plateau = 0.000254 ± 0.000016
     autocorrelation length ~ 11.8 blocks
     plateau reached at block size ~ 55
     !!!Failed to reach plateau in blocking
     Return max block error
nclean = 1000, max_block_size = 25, min_nblocks = 40
Blk_SZ   NBlk   NSmp      Energy     Error    dError
     1   1000   1000  -684.417176  0.000266  0.000006
     2    500   1000  -684.417230  0.000306  0.000010
     3    333    999  -684.417267  0.000330  0.000013
     4    250   1000  -684.417286  0.000336  0.000015
     5    200   1000  -684.417315  0.000346  0.000017
     6    166    996  -684.417313  0.000355  0.000020
     7    142    994  -684.417341  0.000372  0.000022
     8    125   1000  -684.417350  0.000385  0.000024
     9    111    999  -684.417374  0.000394  0.000027
    10    100   1000  -684.417363  0.000384  0.000027
    11     90    990  -684.417357  0.000417  0.000031
    12     83    996  -684.417370  0.000378  0.000030
    13     76    988  -684.417366  0.000401  0.000033
    14     71    994  -684.417386  0.000424  0.000036
    15     66    990  -684.417374  0.000390  0.000034
    16     62    992  -684.417382  0.000414  0.000038
    17     58    986  -684.417388  0.000389  0.000036
    18     55    990  -684.417384  0.000429  0.000041
    19     52    988  -684.417387  0.000403  0.000040
    20     50   1000  -684.417409  0.000391  0.000040
    21     47    987  -684.417401  0.000417  0.000043
    22     45    990  -684.417385  0.000426  0.000045
    23     43    989  -684.417392  0.000385  0.000042
    24     41    984  -684.417408  0.000346  0.000039
    25     40   1000  -684.417409  0.000420  0.000048
Fit (variance): plateau_var = 1.602523e-07 ± 8.952833e-09
Fit (error):    plateau = 0.000400 ± 0.000011
     autocorrelation length ~ 4.2 blocks
     plateau reached at block size ~ 18
Final AFQMC/pt2CCSD overlap ratio: -1.020354 ± 0.000251
Final AFQMC/pt2CCSD energy: -684.417448 ± 0.000400
Total run time: 311.04
------------------------------------------ AFQMC Sampling Finished -------------------------------------------
