------------------------------------------- AFQMC Sampling Started -------------------------------------------
Hostname: gpua099.delta.ncsa.illinois.edu
System Type: Linux
Machine Type: x86_64
Processor: x86_64
Using GPU.
System: Linux
Node Name: gpua099.delta.ncsa.illinois.edu
Release: 5.14.0-427.91.1.el9_4.x86_64
Version: #1 SMP PREEMPT_DYNAMIC Wed Sep 17 10:08:59 EDT 2025
Machine: x86_64
Processor: x86_64
Decomposing Unrestricted T2 amplitudes
Throw 0 vectors in T2 deomposition
SVD cutoff = 1.00e-08 | error = 2.06e-15
number of T2 decomposition vectors 560
norb: 39
nelec: (10, 9)
n_eql: 120
n_blocks: 1000
n_walkers: 300
dt: 0.005
max_error: 0.0
seed: 17
walker_type: uhf
trial: uccsd_pt2
free_projection: False
use_gpu: True
n_exp_terms: 6
n_prop_steps: 50
save_walkers: False
n_batch: 1
nchol_chunk: 100
mix_precision: True
initial AFQMC/pt2CCSD Energy is -609.558983
Propagating with 300 walkers
----------------------------------------------- Equilibration ------------------------------------------------
inv_T        weight  killW        energy   runTime
 0.00    300.000000      0   -609.064087     13.27
 3.00    306.540003      0   -609.583322     21.00
 6.00    307.174774      0   -609.553065     21.89
 9.00    306.215750      0   -609.568056     22.78
12.00    306.317307      1   -609.550683     23.67
15.00    307.004844      0   -609.595051     24.55
18.00    306.740547      0   -609.596967     25.44
21.00    307.176819      0   -609.597497     26.32
24.00    306.535956      0   -609.557836     27.21
27.00    306.805592      0   -609.517400     28.09
30.00    307.112356      0   -609.600439     29.00
---------------------------------------------- Sampling Blocks -----------------------------------------------
blocks        weight  killW       E_Guide     error       E_Trial     error     olp_T/G     error  Walltime
    20    306.743328      3   -609.579341  0.006944   -609.583200  0.001545   -1.115844  0.001533   38.46
    40    305.909281      5   -609.577582  0.003504   -609.583867  0.001945   -1.122963  0.004245   41.25
    60    305.197726      7   -609.575666  0.003050   -609.583484  0.001389   -1.124777  0.002986   44.03
    80    304.599495     11   -609.573998  0.002501   -609.582865  0.001100   -1.127474  0.002844   46.81
   100    304.115438     15   -609.575351  0.003087   -609.582254  0.000913   -1.130552  0.003083   49.58
   120    303.677106     17   -609.576924  0.002927   -609.582741  0.000946   -1.131159  0.002596   52.36
   140    303.307540     20   -609.578480  0.002758   -609.582842  0.000844   -1.131278  0.002219   55.13
   160    302.964113     21   -609.578969  0.002538   -609.582930  0.000770   -1.131040  0.001961   57.91
   180    302.626633     27   -609.577990  0.002406   -609.583027  0.000706   -1.130619  0.001765   60.68
   200    302.364898     33   -609.578116  0.002205   -609.582943  0.000646   -1.130486  0.001615   63.47
   220    302.128538     34   -609.578508  0.002062   -609.582757  0.000602   -1.131043  0.001576   66.24
   240    301.925190     39   -609.579894  0.002108   -609.582968  0.000571   -1.131536  0.001542   69.02
   260    301.717819     42   -609.579476  0.002028   -609.583147  0.000555   -1.132282  0.001537   71.80
   280    301.531805     48   -609.579477  0.001928   -609.583422  0.000529   -1.132908  0.001495   74.57
   300    301.370470     55   -609.579750  0.001863   -609.583803  0.000963   -1.134005  0.001626   77.34
   320    301.230044     61   -609.579983  0.001807   -609.583857  0.000909   -1.135234  0.001748   80.11
   340    301.095848     68   -609.580501  0.001796   -609.583866  0.000862   -1.135959  0.001721   82.89
   360    300.986681     72   -609.580567  0.001721   -609.583817  0.000820   -1.136881  0.001749   85.67
   380    300.878705     76   -609.580528  0.001673   -609.583934  0.000791   -1.136866  0.001670   88.43
   400    300.782953     77   -609.580613  0.001607   -609.583911  0.000764   -1.137469  0.001642   91.25
   420    300.710926     81   -609.581551  0.001705   -609.584093  0.000735   -1.138364  0.001700   94.02
   440    300.627755     85   -609.582148  0.001681   -609.584179  0.000703   -1.139544  0.001885   96.79
   460    300.551831     88   -609.582243  0.001656   -609.584275  0.000680   -1.140667  0.001929   99.57
   480    300.475993     92   -609.582139  0.001631   -609.584336  0.000655   -1.140982  0.002012  102.34
   500    300.407306     93   -609.582313  0.001615   -609.584435  0.000637   -1.140952  0.001963  105.11
   520    300.344106     95   -609.581927  0.001606   -609.584365  0.000615   -1.140927  0.001933  107.89
   540    300.286954     97   -609.581875  0.001567   -609.584335  0.000595   -1.141177  0.001887  110.66
   560    300.233808     99   -609.582094  0.001510   -609.584252  0.000576   -1.141242  0.001884  113.44
   580    300.179522    104   -609.581798  0.001491   -609.584204  0.000558   -1.141538  0.001851  116.21
   600    300.138842    105   -609.581824  0.001464   -609.584126  0.000542   -1.141858  0.001868  118.98
   620    300.096581    110   -609.581986  0.001444   -609.584105  0.000526   -1.141761  0.001823  121.75
   640    300.057296    114   -609.581825  0.001410   -609.583987  0.000512   -1.141633  0.001781  124.53
   660    300.024009    115   -609.581838  0.001372   -609.583899  0.000499   -1.141484  0.001750  127.30
   680    299.983606    121   -609.581932  0.001401   -609.583945  0.000487   -1.141333  0.001715  130.08
   700    299.956441    121   -609.582096  0.001373   -609.583950  0.000474   -1.141642  0.001706  132.86
   720    299.921393    124   -609.581975  0.001340   -609.583934  0.000463   -1.141783  0.001711  135.63
   740    299.892833    126   -609.581976  0.001319   -609.583874  0.000452   -1.142144  0.001695  138.40
   760    299.865532    131   -609.582161  0.001302   -609.583949  0.000442   -1.142742  0.001771  141.17
   780    299.839450    134   -609.582261  0.001275   -609.583946  0.000433   -1.142904  0.001735  143.95
   800    299.811253    138   -609.582141  0.001234   -609.584013  0.000425   -1.143099  0.001737  146.73
   820    299.785731    140   -609.581918  0.001217   -609.584054  0.000417   -1.143103  0.001694  149.55
   840    299.768013    141   -609.581871  0.001215   -609.584058  0.000409   -1.143035  0.001710  152.33
   860    299.745889    142   -609.581805  0.001215   -609.584028  0.000401   -1.142871  0.001710  155.10
   880    299.724792    143   -609.581890  0.001186   -609.583979  0.000394   -1.142862  0.001678  157.87
   900    299.702794    150   -609.582185  0.001177   -609.583957  0.000387   -1.142855  0.001663  160.65
   920    299.690330    154   -609.582427  0.001188   -609.583950  0.000380   -1.142643  0.001652  163.42
   940    299.674905    157   -609.582476  0.001188   -609.583974  0.000374   -1.142660  0.001652  166.19
   960    299.659623    161   -609.582891  0.001198   -609.584072  0.000372   -1.142751  0.001612  168.97
   980    299.634952    164   -609.582713  0.001198   -609.584002  0.000366   -1.143138  0.001602  171.74
  1000    299.620566    168   -609.582776  0.001198   -609.583979  0.000360   -1.143219  0.001622  174.52
---------------------------------------------- Post Propagation ----------------------------------------------
Total number of samples 1000
Raw AFQMC/HF (Guide) energy:           -609.582776 ± 0.001198
Raw Trial/Guide overlap ratio:          -1.143219 ± 0.001622
Raw AFQMC/pt2CCSD energy (covariance): -609.583979 ± 0.000360
Raw AFQMC/pt2CCSD energy (dir sample): -609.583979 ± 0.000255
--------------------------------------------- Clean Obeservation ---------------------------------------------
removing energies outside zeta > 30
Outlier energy bound [-609.753527, -609.412353]
Removed 0 outliers with energies []
Clean AFQMC/pt2CCSD overlap ratio:        -1.143219 ± 0.001622
Clean AFQMC/pt2CCSD energy (covariance): -609.583979 ± 0.000360
Clean AFQMC/ptCCSD energy (dir sample):  -609.583979 ± 0.000255
--------------------------------------------- Blocking Analysis ----------------------------------------------
nsample = 1000, max_block_size = 25, min_nblocks = 40
   B    NB    NS  Observable     Error    dError
   1  1000  1000   -1.143254  0.000416  0.000009
   2   500  1000   -1.143253  0.000567  0.000018
   3   333   999   -1.143241  0.000675  0.000026
   4   250  1000   -1.143253  0.000765  0.000034
   5   200  1000   -1.143253  0.000844  0.000042
   6   166   996   -1.143230  0.000916  0.000050
   7   142   994   -1.143245  0.000973  0.000058
   8   125  1000   -1.143253  0.001029  0.000065
   9   111   999   -1.143241  0.001075  0.000072
  10   100  1000   -1.143253  0.001129  0.000080
  11    90   990   -1.143248  0.001172  0.000088
  12    83   996   -1.143230  0.001214  0.000095
  13    76   988   -1.143223  0.001257  0.000103
  14    71   994   -1.143245  0.001277  0.000108
  15    66   990   -1.143248  0.001359  0.000119
  16    62   992   -1.143251  0.001361  0.000123
  17    58   986   -1.143229  0.001411  0.000132
  18    55   990   -1.143249  0.001446  0.000139
  19    52   988   -1.143224  0.001452  0.000144
  20    50  1000   -1.143253  0.001463  0.000148
  21    47   987   -1.143228  0.001521  0.000159
  22    45   990   -1.143249  0.001538  0.000164
  23    43   989   -1.143236  0.001585  0.000173
  24    41   984   -1.143219  0.001622  0.000181
  25    40  1000   -1.143253  0.001600  0.000181
Fit (variance): plateau_var = 4.523e-06 ± 1.420e-06
Fit (error):    plateau = 0.002127 ± 0.000334
     autocorrelation length ~ 30.3 blocks
     plateau reached at block size ~ 140
     !!!Failed to reach plateau in blocking
     Return max block error
nclean = 1000, max_block_size = 25, min_nblocks = 40
Blk_SZ   NBlk   NSmp      Energy     Error    dError
     1   1000   1000  -609.583793  0.000255  0.000006
     2    500   1000  -609.583840  0.000272  0.000009
     3    333    999  -609.583866  0.000280  0.000011
     4    250   1000  -609.583889  0.000283  0.000013
     5    200   1000  -609.583900  0.000295  0.000015
     6    166    996  -609.583915  0.000303  0.000017
     7    142    994  -609.583925  0.000308  0.000018
     8    125   1000  -609.583921  0.000294  0.000019
     9    111    999  -609.583930  0.000313  0.000021
    10    100   1000  -609.583934  0.000294  0.000021
    11     90    990  -609.583960  0.000315  0.000024
    12     83    996  -609.583940  0.000315  0.000025
    13     76    988  -609.583955  0.000340  0.000028
    14     71    994  -609.583959  0.000325  0.000027
    15     66    990  -609.583971  0.000348  0.000031
    16     62    992  -609.583958  0.000331  0.000030
    17     58    986  -609.583955  0.000335  0.000031
    18     55    990  -609.583975  0.000336  0.000032
    19     52    988  -609.583964  0.000331  0.000033
    20     50   1000  -609.583954  0.000301  0.000030
    21     47    987  -609.583968  0.000325  0.000034
    22     45    990  -609.583982  0.000313  0.000033
    23     43    989  -609.583988  0.000321  0.000035
    24     41    984  -609.583970  0.000349  0.000039
    25     40   1000  -609.583957  0.000326  0.000037
Fit (variance): plateau_var = 1.080654e-07 ± 8.433038e-09
Fit (error):    plateau = 0.000329 ± 0.000013
     autocorrelation length ~ 6.1 blocks
     plateau reached at block size ~ 24
Final AFQMC/pt2CCSD overlap ratio: -1.143219 ± 0.001622
Final AFQMC/pt2CCSD energy: -609.583979 ± 0.000329
Total run time: 182.77
------------------------------------------ AFQMC Sampling Finished -------------------------------------------
