------------------------------------------- AFQMC Sampling Started -------------------------------------------
Hostname: gpua099.delta.ncsa.illinois.edu
System Type: Linux
Machine Type: x86_64
Processor: x86_64
Using GPU.
System: Linux
Node Name: gpua099.delta.ncsa.illinois.edu
Release: 5.14.0-427.91.1.el9_4.x86_64
Version: #1 SMP PREEMPT_DYNAMIC Wed Sep 17 10:08:59 EDT 2025
Machine: x86_64
Processor: x86_64
Decomposing Unrestricted T2 amplitudes
Throw 0 vectors in T2 deomposition
SVD cutoff = 1.00e-08 | error = 1.29e-15
number of T2 decomposition vectors 269
norb: 30
nelec: (6, 5)
n_eql: 120
n_blocks: 1000
n_walkers: 300
dt: 0.005
max_error: 0.0
seed: 17
walker_type: uhf
trial: uccsd_pt2
free_projection: False
use_gpu: True
n_exp_terms: 6
n_prop_steps: 50
save_walkers: False
n_batch: 1
nchol_chunk: 100
mix_precision: True
initial AFQMC/pt2CCSD Energy is -93.704608
Propagating with 300 walkers
----------------------------------------------- Equilibration ------------------------------------------------
inv_T        weight  killW        energy   runTime
 0.00    300.000000      0    -93.433833     12.02
 3.00    303.675571      0    -93.702640     18.89
 6.00    304.016209      0    -93.724740     19.48
 9.00    303.356262      0    -93.707026     20.08
12.00    303.629070      0    -93.700638     20.67
15.00    303.965429      0    -93.715485     21.27
18.00    303.807868      0    -93.729138     21.87
21.00    304.071936      0    -93.740280     22.47
24.00    304.122612      0    -93.719297     23.06
27.00    303.482256      0    -93.712072     23.66
30.00    303.639678      0    -93.717542     24.25
---------------------------------------------- Sampling Blocks -----------------------------------------------
blocks        weight  killW       E_Guide     error       E_Trial     error     olp_T/G     error  Walltime
    20    303.729853      1    -93.713259  0.005490    -93.713696  0.000691   -1.031447  0.001050   31.88
    40    303.288574      2    -93.712606  0.003241    -93.714169  0.000446   -1.030508  0.000942   33.35
    60    302.954451      3    -93.716178  0.003287    -93.714572  0.000401   -1.030466  0.000650   34.82
    80    302.601439      3    -93.714067  0.002625    -93.714375  0.000329   -1.031337  0.000723   36.28
   100    302.299343      3    -93.712947  0.002202    -93.714264  0.000281   -1.031156  0.000666   37.75
   120    302.073468      4    -93.714049  0.002015    -93.714356  0.000296   -1.030530  0.000699   39.22
   140    301.857561      4    -93.714171  0.001833    -93.714537  0.000288   -1.030546  0.000634   40.68
   160    301.673792      5    -93.715125  0.002045    -93.714504  0.000264   -1.030701  0.000564   42.17
   180    301.514333      5    -93.715312  0.001820    -93.714480  0.000246   -1.030865  0.000508   43.63
   200    301.369473      6    -93.715260  0.001660    -93.714556  0.000233   -1.030935  0.000466   45.10
   220    301.236125      7    -93.715361  0.001628    -93.714636  0.000223   -1.030846  0.000436   46.57
   240    301.118053      7    -93.715509  0.001529    -93.714631  0.000208   -1.030949  0.000408   48.04
   260    301.009332      7    -93.715056  0.001602    -93.714614  0.000202   -1.031307  0.000441   49.51
   280    300.922399      7    -93.715644  0.001492    -93.714576  0.000194   -1.031354  0.000415   50.97
   300    300.834094      9    -93.715322  0.001431    -93.714555  0.000185   -1.031369  0.000392   52.45
   320    300.758389      9    -93.715348  0.001350    -93.714540  0.000193   -1.031417  0.000379   53.91
   340    300.684835      9    -93.715332  0.001278    -93.714511  0.000185   -1.031428  0.000358   55.38
   360    300.619334     11    -93.715268  0.001186    -93.714510  0.000177   -1.031422  0.000336   56.85
   380    300.556429     11    -93.715145  0.001153    -93.714621  0.000186   -1.031314  0.000335   58.32
   400    300.500445     12    -93.714855  0.001122    -93.714562  0.000179   -1.031349  0.000325   59.78
   420    300.451745     13    -93.714975  0.001090    -93.714605  0.000174   -1.031363  0.000312   61.24
   440    300.409253     14    -93.715152  0.001079    -93.714592  0.000168   -1.031413  0.000308   62.70
   460    300.365697     14    -93.715167  0.001028    -93.714641  0.000164   -1.031419  0.000301   64.17
   480    300.327463     15    -93.715295  0.000988    -93.714685  0.000161   -1.031370  0.000288   65.63
   500    300.294163     16    -93.715582  0.000977    -93.714725  0.000158   -1.031300  0.000284   67.10
   520    300.266917     16    -93.715755  0.000962    -93.714714  0.000159   -1.031213  0.000289   68.56
   540    300.235571     16    -93.715537  0.000945    -93.714730  0.000155   -1.031226  0.000282   70.03
   560    300.207043     19    -93.715456  0.000924    -93.714701  0.000152   -1.031213  0.000270   71.49
   580    300.182597     19    -93.715756  0.000962    -93.714752  0.000149   -1.031216  0.000264   72.95
   600    300.155358     19    -93.715560  0.000946    -93.714745  0.000145   -1.031210  0.000264   74.42
   620    300.131281     19    -93.715424  0.000943    -93.714725  0.000142   -1.031312  0.000271   75.88
   640    300.111293     22    -93.715271  0.000921    -93.714715  0.000139   -1.031347  0.000269   77.35
   660    300.094963     22    -93.715433  0.000896    -93.714707  0.000136   -1.031341  0.000262   78.81
   680    300.073838     22    -93.715491  0.000885    -93.714658  0.000134   -1.031329  0.000257   80.27
   700    300.059007     22    -93.715605  0.000877    -93.714739  0.000137   -1.031254  0.000256   81.74
   720    300.043693     22    -93.715688  0.000847    -93.714727  0.000134   -1.031186  0.000273   83.20
   740    300.030263     23    -93.715899  0.000837    -93.714711  0.000131   -1.031210  0.000267   84.67
   760    300.017177     23    -93.715864  0.000831    -93.714680  0.000129   -1.031246  0.000262   86.13
   780    300.011146     23    -93.716308  0.000901    -93.714752  0.000131   -1.031224  0.000257   87.60
   800    299.999271     25    -93.716486  0.000906    -93.714797  0.000133   -1.031181  0.000261   89.07
   820    299.986322     26    -93.716525  0.000884    -93.714781  0.000130   -1.031209  0.000256   90.53
   840    299.974181     26    -93.716418  0.000864    -93.714769  0.000128   -1.031260  0.000258   92.00
   860    299.964344     26    -93.716478  0.000845    -93.714781  0.000126   -1.031236  0.000255   93.46
   880    299.956747     27    -93.716711  0.000845    -93.714791  0.000125   -1.031258  0.000251   94.93
   900    299.946956     28    -93.716872  0.000845    -93.714808  0.000123   -1.031282  0.000248   96.39
   920    299.936354     29    -93.716911  0.000840    -93.714794  0.000122   -1.031373  0.000252   97.86
   940    299.926778     30    -93.716887  0.000821    -93.714800  0.000120   -1.031378  0.000254   99.32
   960    299.914715     30    -93.716874  0.000804    -93.714827  0.000119   -1.031374  0.000253  100.79
   980    299.904539     30    -93.716722  0.000805    -93.714805  0.000117   -1.031356  0.000253  102.29
  1000    299.897388     30    -93.716763  0.000789    -93.714802  0.000116   -1.031358  0.000248  103.76
---------------------------------------------- Post Propagation ----------------------------------------------
Total number of samples 1000
Raw AFQMC/HF (Guide) energy:           -93.716763 ± 0.000789
Raw Trial/Guide overlap ratio:          -1.031358 ± 0.000248
Raw AFQMC/pt2CCSD energy (covariance): -93.714802 ± 0.000116
Raw AFQMC/pt2CCSD energy (dir sample): -93.714802 ± 0.000095
--------------------------------------------- Clean Obeservation ---------------------------------------------
removing energies outside zeta > 30
Outlier energy bound [-93.782807, -93.645695]
Removed 0 outliers with energies []
Clean AFQMC/pt2CCSD overlap ratio:        -1.031358 ± 0.000248
Clean AFQMC/pt2CCSD energy (covariance): -93.714802 ± 0.000116
Clean AFQMC/ptCCSD energy (dir sample):  -93.714802 ± 0.000095
--------------------------------------------- Blocking Analysis ----------------------------------------------
nsample = 1000, max_block_size = 25, min_nblocks = 40
   B    NB    NS  Observable     Error    dError
   1  1000  1000   -1.031360  0.000082  0.000002
   2   500  1000   -1.031360  0.000109  0.000003
   3   333   999   -1.031360  0.000130  0.000005
   4   250  1000   -1.031359  0.000143  0.000006
   5   200  1000   -1.031359  0.000155  0.000008
   6   166   996   -1.031364  0.000167  0.000009
   7   142   994   -1.031360  0.000175  0.000010
   8   125  1000   -1.031359  0.000178  0.000011
   9   111   999   -1.031360  0.000192  0.000013
  10   100  1000   -1.031359  0.000192  0.000014
  11    90   990   -1.031355  0.000195  0.000015
  12    83   996   -1.031364  0.000204  0.000016
  13    76   988   -1.031353  0.000205  0.000017
  14    71   994   -1.031360  0.000209  0.000018
  15    66   990   -1.031355  0.000216  0.000019
  16    62   992   -1.031355  0.000217  0.000020
  17    58   986   -1.031350  0.000214  0.000020
  18    55   990   -1.031355  0.000235  0.000023
  19    52   988   -1.031353  0.000214  0.000021
  20    50  1000   -1.031359  0.000224  0.000023
  21    47   987   -1.031351  0.000224  0.000023
  22    45   990   -1.031355  0.000239  0.000025
  23    43   989   -1.031354  0.000234  0.000026
  24    41   984   -1.031348  0.000248  0.000028
  25    40  1000   -1.031359  0.000233  0.000026
Fit (variance): plateau_var = 5.787e-08 ± 5.832e-09
Fit (error):    plateau = 0.000241 ± 0.000012
     autocorrelation length ~ 9.6 blocks
     plateau reached at block size ~ 44
     !!!Failed to reach plateau in blocking
     Return max block error
nclean = 1000, max_block_size = 25, min_nblocks = 40
Blk_SZ   NBlk   NSmp      Energy     Error    dError
     1   1000   1000  -93.714728  0.000095  0.000002
     2    500   1000  -93.714739  0.000106  0.000003
     3    333    999  -93.714745  0.000119  0.000005
     4    250   1000  -93.714755  0.000118  0.000005
     5    200   1000  -93.714762  0.000121  0.000006
     6    166    996  -93.714761  0.000131  0.000007
     7    142    994  -93.714764  0.000124  0.000007
     8    125   1000  -93.714772  0.000123  0.000008
     9    111    999  -93.714772  0.000130  0.000009
    10    100   1000  -93.714776  0.000128  0.000009
    11     90    990  -93.714772  0.000125  0.000009
    12     83    996  -93.714781  0.000136  0.000011
    13     76    988  -93.714777  0.000128  0.000010
    14     71    994  -93.714782  0.000139  0.000012
    15     66    990  -93.714777  0.000118  0.000010
    16     62    992  -93.714781  0.000130  0.000012
    17     58    986  -93.714787  0.000129  0.000012
    18     55    990  -93.714782  0.000146  0.000014
    19     52    988  -93.714784  0.000156  0.000015
    20     50   1000  -93.714788  0.000137  0.000014
    21     47    987  -93.714789  0.000115  0.000012
    22     45    990  -93.714782  0.000134  0.000014
    23     43    989  -93.714788  0.000126  0.000014
    24     41    984  -93.714796  0.000134  0.000015
    25     40   1000  -93.714789  0.000133  0.000015
Fit (variance): plateau_var = 1.683168e-08 ± 7.466126e-10
Fit (error):    plateau = 0.000130 ± 0.000003
     autocorrelation length ~ 2.6 blocks
     plateau reached at block size ~ 11
Final AFQMC/pt2CCSD overlap ratio: -1.031358 ± 0.000248
Final AFQMC/pt2CCSD energy: -93.714802 ± 0.000130
Total run time: 112.06
------------------------------------------ AFQMC Sampling Finished -------------------------------------------
