------------------------------------------- AFQMC Sampling Started -------------------------------------------
Hostname: gpua099.delta.ncsa.illinois.edu
System Type: Linux
Machine Type: x86_64
Processor: x86_64
Using GPU.
System: Linux
Node Name: gpua099.delta.ncsa.illinois.edu
Release: 5.14.0-427.91.1.el9_4.x86_64
Version: #1 SMP PREEMPT_DYNAMIC Wed Sep 17 10:08:59 EDT 2025
Machine: x86_64
Processor: x86_64
Decomposing Unrestricted T2 amplitudes
Throw 0 vectors in T2 deomposition
SVD cutoff = 1.00e-08 | error = 1.37e-15
number of T2 decomposition vectors 247
norb: 28
nelec: (6, 5)
n_eql: 120
n_blocks: 1000
n_walkers: 300
dt: 0.005
max_error: 0.0
seed: 17
walker_type: uhf
trial: uccsd_pt2
free_projection: False
use_gpu: True
n_exp_terms: 6
n_prop_steps: 50
save_walkers: False
n_batch: 1
nchol_chunk: 100
mix_precision: True
initial AFQMC/pt2CCSD Energy is -109.739906
Propagating with 300 walkers
----------------------------------------------- Equilibration ------------------------------------------------
inv_T        weight  killW        energy   runTime
 0.00    300.000000      0   -109.432075     11.75
 3.00    303.706474      0   -109.705290     18.62
 6.00    304.159908      0   -109.772461     19.20
 9.00    303.873034      0   -109.736804     19.77
12.00    304.435559      0   -109.765372     20.35
15.00    304.830291      0   -109.758565     20.93
18.00    304.108853      0   -109.769913     21.51
21.00    304.473519      0   -109.787232     22.09
24.00    304.603134      0   -109.759469     22.67
27.00    304.400847      0   -109.760172     23.24
30.00    304.564001      0   -109.759871     23.82
---------------------------------------------- Sampling Blocks -----------------------------------------------
blocks        weight  killW       E_Guide     error       E_Trial     error     olp_T/G     error  Walltime
    20    304.208917      0   -109.748961  0.006693   -109.750447  0.001118   -1.032497  0.000585   31.37
    40    303.804818      1   -109.753291  0.004028   -109.750883  0.000775   -1.031465  0.000736   32.79
    60    303.414196      2   -109.753525  0.002753   -109.750786  0.000568   -1.031648  0.000505   34.18
    80    303.012209      2   -109.752998  0.002443   -109.750926  0.000494   -1.031242  0.000546   35.57
   100    302.677378      3   -109.750965  0.002587   -109.750990  0.000419   -1.031871  0.000584   36.95
   120    302.386462      3   -109.750466  0.002111   -109.750894  0.000370   -1.032356  0.000610   38.34
   140    302.137564      5   -109.750272  0.002057   -109.750804  0.000340   -1.032758  0.000603   39.73
   160    301.931714      5   -109.752077  0.002256   -109.750871  0.000337   -1.032677  0.000544   41.12
   180    301.725504      7   -109.751453  0.002178   -109.751007  0.000344   -1.032542  0.000496   42.51
   200    301.530009      7   -109.750458  0.002065   -109.751088  0.000357   -1.032428  0.000467   43.89
   220    301.388091      7   -109.750634  0.002000   -109.750978  0.000339   -1.032467  0.000429   45.28
   240    301.252926      8   -109.750425  0.002110   -109.751055  0.000338   -1.032936  0.000501   46.67
   260    301.149680      9   -109.751343  0.002030   -109.751113  0.000322   -1.032953  0.000470   48.05
   280    301.052341      9   -109.751975  0.001987   -109.751189  0.000307   -1.032807  0.000444   49.44
   300    300.959942      9   -109.752150  0.001947   -109.751131  0.000294   -1.032931  0.000432   50.83
   320    300.866777     11   -109.751821  0.001869   -109.751179  0.000281   -1.032920  0.000409   52.21
   340    300.790690     12   -109.752045  0.001770   -109.751196  0.000274   -1.032778  0.000398   53.60
   360    300.716128     13   -109.752077  0.001653   -109.751236  0.000267   -1.032774  0.000378   54.98
   380    300.656589     13   -109.752116  0.001596   -109.751221  0.000257   -1.032653  0.000368   56.37
   400    300.595173     13   -109.751880  0.001548   -109.751178  0.000248   -1.032694  0.000351   57.77
   420    300.540549     13   -109.751366  0.001531   -109.751129  0.000240   -1.032734  0.000340   59.16
   440    300.493055     13   -109.751369  0.001493   -109.751166  0.000236   -1.032840  0.000351   60.55
   460    300.438992     14   -109.751060  0.001456   -109.751090  0.000230   -1.032837  0.000343   61.95
   480    300.398333     14   -109.751341  0.001422   -109.751094  0.000222   -1.032761  0.000334   63.33
   500    300.365276     15   -109.751656  0.001408   -109.751044  0.000218   -1.032739  0.000327   64.72
   520    300.332413     15   -109.751842  0.001377   -109.751057  0.000222   -1.032702  0.000331   66.10
   540    300.305558     17   -109.752232  0.001341   -109.751111  0.000219   -1.032598  0.000328   67.49
   560    300.279146     18   -109.752560  0.001379   -109.751369  0.000329   -1.032558  0.000318   68.89
   580    300.243850     20   -109.752366  0.001352   -109.751333  0.000320   -1.032565  0.000311   70.28
   600    300.216434     21   -109.752539  0.001403   -109.751379  0.000315   -1.032541  0.000299   71.67
   620    300.186504     21   -109.752320  0.001379   -109.751390  0.000307   -1.032609  0.000295   73.06
   640    300.167891     25   -109.752682  0.001375   -109.751456  0.000301   -1.032571  0.000298   74.45
   660    300.143984     26   -109.752655  0.001316   -109.751460  0.000294   -1.032602  0.000292   75.84
   680    300.121066     26   -109.752539  0.001295   -109.751392  0.000286   -1.032692  0.000292   77.23
   700    300.099054     26   -109.752550  0.001267   -109.751456  0.000283   -1.032718  0.000290   78.62
   720    300.076487     27   -109.752420  0.001220   -109.751472  0.000280   -1.032705  0.000277   80.00
   740    300.062103     27   -109.752404  0.001196   -109.751466  0.000274   -1.032727  0.000271   81.39
   760    300.045972     28   -109.752548  0.001172   -109.751477  0.000269   -1.032706  0.000266   82.79
   780    300.031899     28   -109.752670  0.001139   -109.751457  0.000263   -1.032702  0.000260   84.17
   800    300.016204     28   -109.752856  0.001128   -109.751510  0.000259   -1.032695  0.000271   85.58
   820    299.996576     28   -109.752465  0.001126   -109.751457  0.000253   -1.032713  0.000265   86.97
   840    299.980997     28   -109.752242  0.001121   -109.751439  0.000248   -1.032556  0.000303   88.35
   860    299.964284     28   -109.751990  0.001141   -109.751406  0.000243   -1.032519  0.000298   89.74
   880    299.948357     29   -109.751881  0.001121   -109.751399  0.000239   -1.032532  0.000292   91.13
   900    299.934453     29   -109.751680  0.001113   -109.751387  0.000234   -1.032627  0.000300   92.53
   920    299.919396     30   -109.751711  0.001101   -109.751370  0.000230   -1.032749  0.000318   93.93
   940    299.909631     30   -109.751791  0.001101   -109.751374  0.000228   -1.032870  0.000334   95.31
   960    299.901247     31   -109.751918  0.001078   -109.751379  0.000224   -1.032894  0.000348   96.70
   980    299.892389     32   -109.752104  0.001055   -109.751372  0.000221   -1.032897  0.000348   98.09
  1000    299.881250     32   -109.752052  0.001071   -109.751381  0.000218   -1.032946  0.000341   99.48
---------------------------------------------- Post Propagation ----------------------------------------------
Total number of samples 1000
Raw AFQMC/HF (Guide) energy:           -109.752052 ± 0.001071
Raw Trial/Guide overlap ratio:          -1.032946 ± 0.000341
Raw AFQMC/pt2CCSD energy (covariance): -109.751381 ± 0.000218
Raw AFQMC/pt2CCSD energy (dir sample): -109.751381 ± 0.000194
--------------------------------------------- Clean Obeservation ---------------------------------------------
removing energies outside zeta > 30
Outlier energy bound [-109.852139, -109.648361]
Removed 1 outliers with energies [-109.8891676]
Clean AFQMC/pt2CCSD overlap ratio:        -1.032953 ± 0.000340
Clean AFQMC/pt2CCSD energy (covariance): -109.751243 ± 0.000167
Clean AFQMC/ptCCSD energy (dir sample):  -109.751243 ± 0.000136
--------------------------------------------- Blocking Analysis ----------------------------------------------
nsample = 999, max_block_size = 24, min_nblocks = 40
   B    NB    NS  Observable     Error    dError
   1   999   999   -1.032955  0.000098  0.000002
   2   499   998   -1.032958  0.000131  0.000004
   3   333   999   -1.032954  0.000154  0.000006
   4   249   996   -1.032955  0.000171  0.000008
   5   199   995   -1.032955  0.000187  0.000009
   6   166   996   -1.032955  0.000201  0.000011
   7   142   994   -1.032952  0.000216  0.000013
   8   124   992   -1.032953  0.000223  0.000014
   9   111   999   -1.032954  0.000233  0.000016
  10    99   990   -1.032950  0.000244  0.000017
  11    90   990   -1.032950  0.000252  0.000019
  12    83   996   -1.032954  0.000258  0.000020
  13    76   988   -1.032944  0.000271  0.000022
  14    71   994   -1.032952  0.000264  0.000022
  15    66   990   -1.032950  0.000275  0.000024
  16    62   992   -1.032953  0.000290  0.000026
  17    58   986   -1.032940  0.000291  0.000027
  18    55   990   -1.032950  0.000292  0.000028
  19    52   988   -1.032943  0.000303  0.000030
  20    49   980   -1.032910  0.000315  0.000032
  21    47   987   -1.032943  0.000311  0.000032
  22    45   990   -1.032950  0.000320  0.000034
  23    43   989   -1.032948  0.000299  0.000033
  24    41   984   -1.032934  0.000340  0.000038
Fit (variance): plateau_var = 1.318e-07 ± 2.449e-08
Fit (error):    plateau = 0.000363 ± 0.000034
     autocorrelation length ~ 16.9 blocks
     plateau reached at block size ~ 78
     !!!Failed to reach plateau in blocking
     Return max block error
nclean = 999, max_block_size = 24, min_nblocks = 40
Blk_SZ   NBlk   NSmp      Energy     Error    dError
     1    999    999  -109.751120  0.000137  0.000003
     2    499    998  -109.751149  0.000148  0.000005
     3    333    999  -109.751158  0.000154  0.000006
     4    249    996  -109.751180  0.000160  0.000007
     5    199    995  -109.751188  0.000153  0.000008
     6    166    996  -109.751186  0.000165  0.000009
     7    142    994  -109.751197  0.000160  0.000010
     8    124    992  -109.751202  0.000163  0.000010
     9    111    999  -109.751198  0.000163  0.000011
    10     99    990  -109.751216  0.000153  0.000011
    11     90    990  -109.751214  0.000163  0.000012
    12     83    996  -109.751213  0.000157  0.000012
    13     76    988  -109.751222  0.000150  0.000012
    14     71    994  -109.751217  0.000142  0.000012
    15     66    990  -109.751221  0.000155  0.000014
    16     62    992  -109.751217  0.000158  0.000014
    17     58    986  -109.751228  0.000167  0.000016
    18     55    990  -109.751226  0.000154  0.000015
    19     52    988  -109.751227  0.000170  0.000017
    20     49    980  -109.751208  0.000152  0.000016
    21     47    987  -109.751228  0.000146  0.000015
    22     45    990  -109.751234  0.000162  0.000017
    23     43    989  -109.751229  0.000145  0.000016
    24     41    984  -109.751215  0.000129  0.000014
Fit (variance): plateau_var = 2.427716e-08 ± 8.307982e-10
Fit (error):    plateau = 0.000156 ± 0.000003
     autocorrelation length ~ 1.0 blocks
     plateau reached at block size ~ 5
Final AFQMC/pt2CCSD overlap ratio: -1.032953 ± 0.000340
Final AFQMC/pt2CCSD energy: -109.751243 ± 0.000156
Total run time: 107.49
------------------------------------------ AFQMC Sampling Finished -------------------------------------------
