------------------------------------------- AFQMC Sampling Started -------------------------------------------
Hostname: gpua099.delta.ncsa.illinois.edu
System Type: Linux
Machine Type: x86_64
Processor: x86_64
Using GPU.
System: Linux
Node Name: gpua099.delta.ncsa.illinois.edu
Release: 5.14.0-427.91.1.el9_4.x86_64
Version: #1 SMP PREEMPT_DYNAMIC Wed Sep 17 10:08:59 EDT 2025
Machine: x86_64
Processor: x86_64
Decomposing Unrestricted T2 amplitudes
Throw 0 vectors in T2 deomposition
SVD cutoff = 1.00e-08 | error = 1.30e-15
number of T2 decomposition vectors 253
norb: 26
nelec: (7, 6)
n_eql: 120
n_blocks: 1000
n_walkers: 300
dt: 0.005
max_error: 0.0
seed: 17
walker_type: uhf
trial: uccsd_pt2
free_projection: False
use_gpu: True
n_exp_terms: 6
n_prop_steps: 50
save_walkers: False
n_batch: 1
nchol_chunk: 100
mix_precision: True
initial AFQMC/pt2CCSD Energy is -174.489974
Propagating with 300 walkers
----------------------------------------------- Equilibration ------------------------------------------------
inv_T        weight  killW        energy   runTime
 0.00    300.000000      0   -174.134630     12.01
 3.00    304.145857      0   -174.501813     19.06
 6.00    305.245959      0   -174.509307     19.64
 9.00    304.784813      0   -174.501818     20.22
12.00    304.171313      0   -174.458938     20.81
15.00    304.744446      1   -174.508462     21.39
18.00    304.893573      1   -174.505829     21.97
21.00    303.634193      0   -174.464428     22.55
24.00    303.624327      0   -174.471879     23.14
27.00    303.531904      0   -174.464639     23.72
30.00    304.047099      0   -174.509650     24.30
---------------------------------------------- Sampling Blocks -----------------------------------------------
blocks        weight  killW       E_Guide     error       E_Trial     error     olp_T/G     error  Walltime
    20    304.196876      9   -174.497712  0.004592   -174.479791  0.046945   -1.025676  0.002537   31.92
    40    303.761173     13   -174.502060  0.005791   -174.488992  0.023502   -1.025871  0.001761   33.27
    60    303.284798     18   -174.501522  0.003816   -174.492210  0.015674   -1.026112  0.001250   34.61
    80    302.842183     22   -174.501826  0.004171   -174.493961  0.011764   -1.025951  0.001034   35.96
   100    302.570354     25   -174.507270  0.004995   -174.495718  0.009434   -1.026081  0.000828   37.31
   120    302.247017     28   -174.504658  0.004429   -174.495666  0.007850   -1.027799  0.001427   38.66
   140    301.957475     29   -174.502808  0.003978   -174.495864  0.006724   -1.028598  0.001333   40.01
   160    301.668500     36   -174.501925  0.003520   -174.495879  0.005886   -1.028248  0.001221   41.35
   180    301.449300     45   -174.502440  0.003207   -174.496404  0.005237   -1.028139  0.001089   42.70
   200    301.248431     54   -174.502926  0.002943   -174.496595  0.004714   -1.028594  0.001033   44.04
   220    301.071872     61   -174.502095  0.002975   -174.496792  0.004287   -1.028728  0.000941   45.39
   240    300.927027     64   -174.502039  0.002741   -174.497060  0.003932   -1.028951  0.000880   46.74
   260    300.807758     70   -174.502565  0.002598   -174.497084  0.003629   -1.029629  0.000958   48.08
   280    300.689886     73   -174.503394  0.002482   -174.497145  0.003371   -1.030081  0.000992   49.44
   300    300.574908     76   -174.503162  0.002321   -174.497252  0.003148   -1.029808  0.000945   50.78
   320    300.476516     77   -174.502823  0.002197   -174.497366  0.002954   -1.029391  0.000938   52.13
   340    300.389183     81   -174.502487  0.002099   -174.497435  0.002782   -1.029491  0.000887   53.48
   360    300.305768     82   -174.502336  0.002002   -174.497392  0.002628   -1.029625  0.000843   54.83
   380    300.225182     85   -174.501710  0.001954   -174.497385  0.002489   -1.030112  0.000872   56.17
   400    300.140562     88   -174.501413  0.001869   -174.497390  0.002365   -1.030252  0.000834   57.52
   420    300.078042     90   -174.501580  0.001784   -174.497414  0.002252   -1.030346  0.000798   58.90
   440    300.013776     90   -174.501321  0.001713   -174.497513  0.002152   -1.030190  0.000809   60.24
   460    299.961013     97   -174.501528  0.001720   -174.497545  0.002059   -1.030220  0.000789   61.59
   480    299.909646    102   -174.501254  0.001659   -174.497618  0.001975   -1.030179  0.000754   62.95
   500    299.866203    105   -174.501853  0.001652   -174.497866  0.001901   -1.030050  0.000729   64.30
   520    299.827102    109   -174.501845  0.001591   -174.497864  0.001828   -1.030015  0.000729   65.65
   540    299.789362    117   -174.501908  0.001560   -174.497874  0.001765   -1.029978  0.000711   67.00
   560    299.754268    120   -174.502232  0.001620   -174.498069  0.001704   -1.029923  0.000716   68.34
   580    299.719172    125   -174.502511  0.001604   -174.498119  0.001646   -1.030043  0.000703   69.69
   600    299.683120    129   -174.502479  0.001570   -174.498139  0.001593   -1.030033  0.000688   71.04
   620    299.656191    132   -174.502457  0.001502   -174.498197  0.001542   -1.030251  0.000674   72.39
   640    299.634101    134   -174.502137  0.001491   -174.498157  0.001494   -1.030281  0.000665   73.74
   660    299.616502    137   -174.502058  0.001438   -174.498221  0.001450   -1.030157  0.000653   75.09
   680    299.588108    137   -174.501914  0.001408   -174.498245  0.001408   -1.030161  0.000643   76.45
   700    299.563964    139   -174.501879  0.001354   -174.498240  0.001369   -1.030217  0.000629   77.79
   720    299.539137    142   -174.501883  0.001327   -174.498323  0.001334   -1.030008  0.000662   79.14
   740    299.523406    146   -174.501913  0.001302   -174.498439  0.001303   -1.029943  0.000648   80.49
   760    299.503423    152   -174.501648  0.001266   -174.498410  0.001269   -1.029934  0.000651   81.84
   780    299.490501    154   -174.501776  0.001250   -174.498436  0.001237   -1.029830  0.000642   83.18
   800    299.468646    161   -174.501679  0.001218   -174.498437  0.001207   -1.029940  0.000634   84.53
   820    299.451830    167   -174.501712  0.001203   -174.498504  0.001178   -1.030053  0.000627   85.88
   840    299.441732    169   -174.501766  0.001172   -174.498501  0.001151   -1.030123  0.000624   87.23
   860    299.420318    174   -174.501603  0.001159   -174.498449  0.001124   -1.030159  0.000610   88.58
   880    299.404760    177   -174.501558  0.001151   -174.498427  0.001099   -1.030207  0.000597   89.93
   900    299.387809    185   -174.501630  0.001118   -174.498414  0.001075   -1.030262  0.000588   91.27
   920    299.375767    190   -174.501674  0.001102   -174.498402  0.001052   -1.030356  0.000611   92.63
   940    299.363343    191   -174.501525  0.001071   -174.498353  0.001030   -1.030418  0.000611   93.98
   960    299.343603    194   -174.501351  0.001104   -174.498406  0.001010   -1.030340  0.000599   95.33
   980    299.331528    204   -174.501447  0.001083   -174.498421  0.000991   -1.030456  0.000585   96.68
  1000    299.320842    213   -174.501418  0.001068   -174.498427  0.000971   -1.030496  0.000602   98.02
---------------------------------------------- Post Propagation ----------------------------------------------
Total number of samples 1000
Raw AFQMC/HF (Guide) energy:           -174.501418 ± 0.001068
Raw Trial/Guide overlap ratio:          -1.030496 ± 0.000602
Raw AFQMC/pt2CCSD energy (covariance): -174.498427 ± 0.000971
Raw AFQMC/pt2CCSD energy (dir sample): -174.498427 ± 0.000425
--------------------------------------------- Clean Obeservation ---------------------------------------------
removing energies outside zeta > 30
Outlier energy bound [-174.621780, -174.373702]
Removed 1 outliers with energies [-174.12441149]
Clean AFQMC/pt2CCSD overlap ratio:        -1.030501 ± 0.000573
Clean AFQMC/pt2CCSD energy (covariance): -174.498805 ± 0.000259
Clean AFQMC/ptCCSD energy (dir sample):  -174.498805 ± 0.000201
--------------------------------------------- Blocking Analysis ----------------------------------------------
nsample = 999, max_block_size = 24, min_nblocks = 40
   B    NB    NS  Observable     Error    dError
   1   999   999   -1.030506  0.000187  0.000004
   2   499   998   -1.030499  0.000246  0.000008
   3   333   999   -1.030506  0.000288  0.000011
   4   249   996   -1.030499  0.000323  0.000015
   5   199   995   -1.030500  0.000349  0.000018
   6   166   996   -1.030498  0.000370  0.000020
   7   142   994   -1.030495  0.000394  0.000023
   8   124   992   -1.030488  0.000410  0.000026
   9   111   999   -1.030505  0.000422  0.000028
  10    99   990   -1.030485  0.000439  0.000031
  11    90   990   -1.030485  0.000463  0.000035
  12    83   996   -1.030498  0.000463  0.000036
  13    76   988   -1.030484  0.000486  0.000040
  14    71   994   -1.030495  0.000494  0.000042
  15    66   990   -1.030485  0.000494  0.000043
  16    62   992   -1.030488  0.000523  0.000047
  17    58   986   -1.030480  0.000516  0.000048
  18    55   990   -1.030485  0.000539  0.000052
  19    52   988   -1.030484  0.000551  0.000055
  20    49   980   -1.030469  0.000556  0.000057
  21    47   987   -1.030484  0.000536  0.000056
  22    45   990   -1.030485  0.000529  0.000056
  23    43   989   -1.030485  0.000573  0.000063
  24    41   984   -1.030464  0.000573  0.000064
Fit (variance): plateau_var = 3.729e-07 ± 5.519e-08
Fit (error):    plateau = 0.000611 ± 0.000045
     autocorrelation length ~ 13.5 blocks
     plateau reached at block size ~ 62
     !!!Failed to reach plateau in blocking
     Return max block error
nclean = 999, max_block_size = 24, min_nblocks = 40
Blk_SZ   NBlk   NSmp      Energy     Error    dError
     1    999    999  -174.498680  0.000201  0.000005
     2    499    998  -174.498719  0.000214  0.000007
     3    333    999  -174.498724  0.000233  0.000009
     4    249    996  -174.498750  0.000223  0.000010
     5    199    995  -174.498750  0.000234  0.000012
     6    166    996  -174.498766  0.000251  0.000014
     7    142    994  -174.498758  0.000255  0.000015
     8    124    992  -174.498762  0.000249  0.000016
     9    111    999  -174.498768  0.000252  0.000017
    10     99    990  -174.498769  0.000255  0.000018
    11     90    990  -174.498777  0.000250  0.000019
    12     83    996  -174.498788  0.000251  0.000020
    13     76    988  -174.498778  0.000246  0.000020
    14     71    994  -174.498771  0.000271  0.000023
    15     66    990  -174.498784  0.000252  0.000022
    16     62    992  -174.498787  0.000274  0.000025
    17     58    986  -174.498786  0.000264  0.000025
    18     55    990  -174.498789  0.000273  0.000026
    19     52    988  -174.498782  0.000274  0.000027
    20     49    980  -174.498793  0.000266  0.000027
    21     47    987  -174.498785  0.000273  0.000028
    22     45    990  -174.498796  0.000261  0.000028
    23     43    989  -174.498793  0.000287  0.000031
    24     41    984  -174.498796  0.000282  0.000032
Fit (variance): plateau_var = 7.229449e-08 ± 5.715447e-09
Fit (error):    plateau = 0.000269 ± 0.000011
     autocorrelation length ~ 5.9 blocks
     plateau reached at block size ~ 24
Final AFQMC/pt2CCSD overlap ratio: -1.030501 ± 0.000573
Final AFQMC/pt2CCSD energy: -174.498805 ± 0.000269
Total run time: 106.01
------------------------------------------ AFQMC Sampling Finished -------------------------------------------
