#INFO: **** input file is /work/hdd/bdka/yzhang65/w4_17/w4-17_all/afqmc_input/run_afqmc.py ****
import os
os.environ.setdefault("XLA_PYTHON_CLIENT_ALLOCATOR", "platform")

import jax
jax.config.update("jax_enable_x64", True)

import glob
import numpy as np
from pyscf import gto, scf, cc
from afqmc import prep, launch_afqmc
import re

def extract_afqmc_energy(filename):
    """Extract the final AFQMC/pt2CCSD energy and its uncertainty from an afqmc.out file.
    
    Returns (0, 0) if the value cannot be found or the file cannot be read.
    """
    pattern = re.compile(
        r"Final AFQMC/pt2CCSD energy:\s*"
        r"([-+]?\d*\.?\d+(?:[eE][-+]?\d+)?)"   # energy
        r"\s*(?:±|\+/-)\s*"
        r"([-+]?\d*\.?\d+(?:[eE][-+]?\d+)?)"   # error
    )
    try:
        with open(filename, "r", encoding="utf-8") as f:
            for line in f:
                m = pattern.search(line)
                if m:
                    return float(m.group(1)), float(m.group(2))
    except (OSError, IOError):
        pass
    return 0, 0

# basis = "ccpvdz"
xyz_dir = "../w4_17_xyz/open_shell"
results_file = f"./open_shell_uhf_vdzsd.dat"
out_dir = "../result/molout/open_shell"
os.makedirs(out_dir, exist_ok=True)

# Set to a list of molecule names to run only those, e.g. ["acetaldehyde", "benzene"]
# Set to None to run all molecules in xyz_dir
select_molecules = None
symmetry = False

def vdzsd(elem):
    if elem in ('H', 'He'):
        raw_basis = gto.basis.load('ccpvdz', elem)
        return [b for b in raw_basis if b[0] != 1]
    else:
        return gto.basis.load('ccpvdz', elem)

def get_vdzsd_basis(atoms):
    elems = {line.split()[0] for line in atoms.strip().splitlines() if line.strip()}
    basis_dict = {el: vdzsd(el) for el in elems}
    return basis_dict

all_xyz = sorted(glob.glob(os.path.join(xyz_dir, "*.xyz")))
if select_molecules is not None:
    select_set = set(select_molecules)
    xyz_files = [p for p in all_xyz if os.path.splitext(os.path.basename(p))[0] in select_set]
    missing = select_set - {os.path.splitext(os.path.basename(p))[0] for p in xyz_files}
    if missing:
        print(f"Warning: no .xyz file found for: {', '.join(sorted(missing))} in {xyz_dir}")
else:
    xyz_files = all_xyz

with open(results_file, "w") as out:
    out.write(f"{'Molecule':<16s} {'Charge':>6s} {'2S':>6s} {'frozen':>6s} "
              f"{'E_HF (Eh)':>20s} {'E_CCSD (Eh)':>20s} {'E_CCSD(T) (Eh)':>20s} "
              f"{'E_AFQMC (Eh)':>15s} {'E_AFQMC ERR (Eh)':>15s} \n")
    #out.write("-" * 100 + "\n")

for xyz_path in xyz_files:
    with open(xyz_path, "r") as f:
        lines = f.readlines()

    # Parse charge and multiplicity from second line: "name charge=X mult=Y"
    second_line = lines[1]
    charge = int(second_line.split("charge=")[1].split()[0])
    mult   = int(second_line.split("mult=")[1].split()[0])
    spin   = mult - 1   # PySCF spin input is 2S = mult - 1
    mol_name = second_line.split()[0]

    # Coordinates only (skip the atom count and comment lines)
    atoms = "".join(lines[2:])
    basis_dict = get_vdzsd_basis(atoms)

    print(f"\n{'='*60}")
    print(f"Running: {mol_name}  charge={charge}  spin={spin}")
    print(f"{'='*60}")

    mol = gto.M(
        atom=atoms,
        basis=basis_dict,
        verbose=4,
        output=os.path.join(out_dir, f"{mol_name}_vdzsd.out"),
        unit="angstrom",
        symmetry=symmetry,
        charge=charge,
        spin=spin,
        max_memory=40000,
    )

    mf = scf.UHF(mol)
    mf.max_cycle = 200
    mf = mf.newton()
    mf.kernel()

    # Stability check loop — at most 10 attempts
    max_stability_cycles = 10
    stable = False
    for stability_iter in range(max_stability_cycles):
        mo_i, _, stable, _ = mf.stability(return_status=True)
        if stable:
            break
        dm = mf.make_rdm1(mo_i, mf.mo_occ)
        mf.kernel(dm0=dm)

    if not stable or not mf.converged:
        print(f"  !! SCF did not converge for {mol_name} — skipping.")
        with open(results_file, "a") as out:
            out.write(f"{mol_name:<16s} {charge:>6d} {spin:>6d} {'N/A':>6s} "
                      f"{'UNCONVERGED':>20s} {'UNCONVERGED':>20s} {'UNCONVERGED':>20s}\n")
        continue

    energy = mf.e_tot

    mycc = cc.CCSD(mf)
    mycc.set_frozen()
    mycc.kernel()
    e_ccsd = mycc.e_tot
    et = mycc.ccsd_t()
    e_ccsdt = e_ccsd + et
    frozen = mycc.frozen

    prep.prep_afqmc(mycc, chol_cut=1e-5)
    options = {'n_eql': 120,
               'n_blocks': 1000,
               'n_walkers': 300,
               'dt':0.005,
               'max_error': 0.0,
               #'nchol_chunk': 200,
               'seed': 17,
               'walker_type': 'uhf',
               'trial': 'uccsd_pt2',
               'free_projection': False,
               'use_gpu': True,
               }
    launch_afqmc.run_afqmc(options)
    afqmc_file = os.path.join(out_dir, f'{mol_name}_afqmc_vdzsd.out')
    os.system(f"mv afqmc.out {afqmc_file}")
    eqmc, eqmc_err = extract_afqmc_energy(f"{afqmc_file}")

    with open(results_file, "a") as out:
        out.write(f"{mol_name:<16s} {charge:>6d} {spin:>6d} {frozen:>6d} "
                  f"{energy:>20.10f} {e_ccsd:>20.10f} {e_ccsdt:>20.10f}"
                  f"{eqmc:>15.5f} {eqmc_err:>15.5f} \n")

    print(f"  => E_HF({mol_name})      = {energy:.10f} Eh")
    print(f"  => E_CCSD({mol_name})    = {e_ccsd:.10f} Eh")
    print(f"  => E_CCSD(T)({mol_name}) = {e_ccsdt:.10f} Eh")
    print(f"  => E_AFQMC({mol_name})   = {eqmc:.5f} +/- {eqmc_err:.5f} Eh")

print(f"\nAll calculations complete. Results saved to {results_file}")
#INFO: ******************** input file end ********************


System: uname_result(system='Linux', node='gpua099.delta.ncsa.illinois.edu', release='5.14.0-427.91.1.el9_4.x86_64', version='#1 SMP PREEMPT_DYNAMIC Wed Sep 17 10:08:59 EDT 2025', machine='x86_64')  Threads 16
Python 3.11.14 (main, Oct 21 2025, 18:31:21) [GCC 11.2.0]
numpy 2.3.5  scipy 1.16.3  h5py 3.15.1
Date: Sun May 17 11:16:05 2026
PySCF version 2.11.0
PySCF path  /u/yzhang65/myprojects/software/pyscf
GIT HEAD (branch master) f520f5381c0b41f716d847009817cbc64e52c0d5

[ENV] PYSCF_TMPDIR /projects/bdka/yzhang65/scratch/pyscf
[ENV] PYSCF_EXT_PATH /u/yzhang65/myprojects/software/pyscf-forge
[CONFIG] conf_file None
[INPUT] verbose = 4
[INPUT] num. atoms = 2
[INPUT] num. electrons = 23
[INPUT] charge = 0
[INPUT] spin (= nelec alpha-beta = 2S) = 1
[INPUT] symmetry False subgroup None
[INPUT] Mole.unit = angstrom
[INPUT] Symbol           X                Y                Z      unit          X                Y                Z       unit  Magmom
[INPUT]  1 F      0.000000000000   0.000000000000  -0.978618000000 AA    0.000000000000   0.000000000000  -1.849320000570 Bohr   0.0
[INPUT]  2 Si     0.000000000000   0.000000000000   0.629112000000 AA    0.000000000000   0.000000000000   1.188849381677 Bohr   0.0

nuclear repulsion = 41.4723421071449
number of shells = 10
number of NR pGTOs = 67
number of NR cGTOs = 32
basis = {'Si': [[0, [78860.0, 0.000270443, -7.23177e-05, 1.85113e-05], [11820.0, 0.00209717, -0.000555116, 0.000142236], [2692.0, 0.0108506, -0.00293805, 0.000752185], [763.4, 0.0436754, -0.0117687, 0.00302279], [249.6, 0.137653, -0.0402907, 0.0103677], [90.28, 0.316644, -0.100609, 0.0262563], [35.29, 0.418581, -0.196528, 0.0523989], [14.51, 0.210212, -0.102382, 0.0290959], [4.053, 0.0144952, 0.52719, -0.178003], [1.482, -0.0020359, 0.593251, -0.346874], [0.2517, 0.000624186, 0.0332652, 0.62302]], [0, [0.09243, 1.0]], [1, [315.9, 0.00392656, -0.000858302], [74.42, 0.0298811, -0.00630328], [23.48, 0.127212, -0.0288255], [8.488, 0.320943, -0.069456], [3.217, 0.455429, -0.119493], [1.229, 0.268563, -0.0199581], [0.2964, 0.0188336, 0.510268]], [1, [0.08768, 1.0]], [2, [0.275, 1.0]]], 'F': [[0, [14710.0, 0.000721, -0.000165], [2207.0, 0.005553, -0.001308], [502.8, 0.028267, -0.006495], [142.6, 0.106444, -0.026691], [46.47, 0.286814, -0.07369], [16.7, 0.448641, -0.170776], [6.356, 0.264761, -0.112327], [1.316, 0.015333, 0.562814]], [0, [0.3897, 1.0]], [1, [22.67, 0.044878], [4.977, 0.235718], [1.347, 0.508521]], [1, [0.3471, 1.0]], [2, [1.64, 1.0]]]}
ecp = {}
CPU time:       830.59




******** <class 'pyscf.soscf.newton_ah.SecondOrderUHF'> ********
method = SecondOrderUHF
initial guess = minao
damping factor = 0
level_shift factor = 0
DIIS = <class 'pyscf.scf.diis.CDIIS'>
diis_start_cycle = 1
diis_space = 8
diis_damp = 0
SCF conv_tol = 1e-09
SCF conv_tol_grad = None
SCF max_cycles = 200
direct_scf = True
direct_scf_tol = 1e-13
chkfile to save SCF result = /projects/bdka/yzhang65/scratch/pyscf/tmpqk6ekm0t
max_memory 40000 MB (current use 1410 MB)
number electrons alpha = 12  beta = 11
******** <class 'pyscf.scf.uhf.UHF'> Newton solver flags ********
SCF tol = 1e-09
conv_tol_grad = None
max. SCF cycles = 200
direct_scf = True
direct_scf_tol = 1e-13
chkfile to save SCF result = /projects/bdka/yzhang65/scratch/pyscf/tmpqk6ekm0t
max_cycle_inner = 12
max_stepsize = 0.05
ah_start_tol = 1e+09
ah_level_shift = 0
ah_conv_tol = 1e-12
ah_lindep = 1e-14
ah_start_cycle = 1
ah_max_cycle = 40
ah_grad_trust_region = 2.5
kf_interval = 4
kf_trust_region = 5
canonicalization = True
max_memory 40000 MB (current use 1410 MB)
Set conv_tol_grad to 3.16228e-05

WARN: alpha nocc = 12  HOMO -0.0319336488236605 >= LUMO -0.0319336488236601

  beta  nocc = 11  HOMO = -0.394283362525864  LUMO = -0.0319336488236605

WARN: system HOMO -0.0319336488236605 >= system LUMO -0.0319336488236605

Initial guess E= -388.305699664747  |g|= 0.333189
macro= 0  E= -388.358672547376  delta_E= -0.0529729  |g|= 0.029797  3 KF 9 JK
macro= 1  E= -388.358717802863  delta_E= -4.52555e-05  |g|= 2.51482e-05  3 KF 10 JK
macro= 2  E= -388.358717802863  delta_E= 1.7053e-13  |g|= 8.41135e-06  1 KF 2 JK
Canonicalize SCF orbitals
macro X = 3  E=-388.358717802863  |g|= 8.41135e-06  total 8 KF 25 JK
converged SCF energy = -388.358717802863  <S^2> = 0.76922024  2S+1 = 2.0191288
uhf_internal: lowest eigs of H = [4.72088505e-07 9.31566471e-02 2.68761667e-01]
<class 'pyscf.soscf.newton_ah.SecondOrderUHF'> wavefunction is stable in the internal stability analysis

******** <class 'pyscf.cc.uccsd.UCCSD'> ********
CC2 = 0
CCSD nocc = (np.int64(6), np.int64(5)), nmo = (26, 26)
frozen orbitals 6
max_cycle = 50
direct = 0
conv_tol = 1e-07
conv_tol_normt = 1e-06
diis_space = 6
diis_start_cycle = 0
diis_start_energy_diff = 1e+09
max_memory 40000 MB (current use 1410 MB)
Init t2, MP2 energy = -0.247088522379879
Init E_corr(UCCSD) = -0.247088522395771
cycle = 1  E_corr(UCCSD) = -0.251829087329569  dE = -0.00474056493  norm(t1,t2) = 0.0849293
cycle = 2  E_corr(UCCSD) = -0.260623067657449  dE = -0.00879398033  norm(t1,t2) = 0.0309468
cycle = 3  E_corr(UCCSD) = -0.26131760375631  dE = -0.000694536099  norm(t1,t2) = 0.0192088
cycle = 4  E_corr(UCCSD) = -0.263655568203718  dE = -0.00233796445  norm(t1,t2) = 0.00885002
cycle = 5  E_corr(UCCSD) = -0.263590262625124  dE = 6.53055786e-05  norm(t1,t2) = 0.00194601
cycle = 6  E_corr(UCCSD) = -0.263532108895105  dE = 5.815373e-05  norm(t1,t2) = 0.000747044
cycle = 7  E_corr(UCCSD) = -0.263542509178594  dE = -1.04002835e-05  norm(t1,t2) = 0.000272824
cycle = 8  E_corr(UCCSD) = -0.263544309130433  dE = -1.79995184e-06  norm(t1,t2) = 9.23345e-05
cycle = 9  E_corr(UCCSD) = -0.263544267568705  dE = 4.15617281e-08  norm(t1,t2) = 3.6991e-05
cycle = 10  E_corr(UCCSD) = -0.263543887089974  dE = 3.80478731e-07  norm(t1,t2) = 1.49511e-05
cycle = 11  E_corr(UCCSD) = -0.263544037210553  dE = -1.50120579e-07  norm(t1,t2) = 4.16431e-06
cycle = 12  E_corr(UCCSD) = -0.263544086740968  dE = -4.95304144e-08  norm(t1,t2) = 1.49925e-06
cycle = 13  E_corr(UCCSD) = -0.263544067414211  dE = 1.93267563e-08  norm(t1,t2) = 5.7611e-07
UCCSD converged
E(UCCSD) = -388.6222618702769  E_corr = -0.2635440674142113
UCCSD(T) correction = -0.00519118174387272
