------------------------------------------- AFQMC Sampling Started -------------------------------------------
Hostname: gpua099.delta.ncsa.illinois.edu
System Type: Linux
Machine Type: x86_64
Processor: x86_64
Using GPU.
System: Linux
Node Name: gpua099.delta.ncsa.illinois.edu
Release: 5.14.0-427.91.1.el9_4.x86_64
Version: #1 SMP PREEMPT_DYNAMIC Wed Sep 17 10:08:59 EDT 2025
Machine: x86_64
Processor: x86_64
Decomposing Unrestricted T2 amplitudes
Throw 0 vectors in T2 deomposition
SVD cutoff = 1.00e-08 | error = 2.88e-15
number of T2 decomposition vectors 688
norb: 49
nelec: (9, 8)
n_eql: 120
n_blocks: 1000
n_walkers: 300
dt: 0.005
max_error: 0.0
seed: 17
walker_type: uhf
trial: uccsd_pt2
free_projection: False
use_gpu: True
n_exp_terms: 6
n_prop_steps: 50
save_walkers: False
n_batch: 1
nchol_chunk: 100
mix_precision: True
initial AFQMC/pt2CCSD Energy is -116.848466
Propagating with 300 walkers
----------------------------------------------- Equilibration ------------------------------------------------
inv_T        weight  killW        energy   runTime
 0.00    300.000000      0   -116.461815     20.80
 3.00    305.741601      0   -116.846109     29.30
 6.00    305.513478      0   -116.847090     30.28
 9.00    305.160904      0   -116.872616     31.27
12.00    305.586719      0   -116.867499     32.25
15.00    305.175084      0   -116.845571     33.24
18.00    305.102445      0   -116.862822     34.22
21.00    305.194612      0   -116.851629     35.20
24.00    305.394484      0   -116.867694     36.19
27.00    305.489006      0   -116.879420     37.17
30.00    304.791408      0   -116.858913     38.16
---------------------------------------------- Sampling Blocks -----------------------------------------------
blocks        weight  killW       E_Guide     error       E_Trial     error     olp_T/G     error  Walltime
    20    305.380771      0   -116.868287  0.005621   -116.863121  0.001051   -1.022095  0.000215   49.65
    40    304.762951      0   -116.867624  0.003281   -116.862364  0.000588   -1.021331  0.000863   54.02
    60    304.279983      1   -116.867872  0.003267   -116.862341  0.000423   -1.020645  0.000718   58.38
    80    303.830214      1   -116.865780  0.004176   -116.862057  0.000362   -1.020725  0.000645   62.74
   100    303.418335      1   -116.865896  0.003201   -116.862154  0.000335   -1.020499  0.000506   67.11
   120    303.047998      1   -116.865012  0.002799   -116.862104  0.000292   -1.020577  0.000428   71.49
   140    302.733299      1   -116.864366  0.002526   -116.862202  0.000270   -1.020511  0.000370   75.85
   160    302.454499      1   -116.863186  0.002313   -116.862218  0.000260   -1.020509  0.000335   80.21
   180    302.218124      1   -116.862747  0.002023   -116.862243  0.000247   -1.020516  0.000293   84.57
   200    302.006853      1   -116.863058  0.001840   -116.862305  0.000236   -1.020618  0.000281   88.94
   220    301.828691      1   -116.863426  0.001712   -116.862328  0.000231   -1.020471  0.000283   93.31
   240    301.672452      2   -116.864171  0.001620   -116.862400  0.000221   -1.020039  0.000395   97.67
   260    301.526709      2   -116.864068  0.001543   -116.862447  0.000217   -1.019853  0.000392  102.03
   280    301.403058      2   -116.864656  0.001452   -116.862486  0.000213   -1.019802  0.000362  106.39
   300    301.288319      2   -116.864623  0.001381   -116.862517  0.000204   -1.019640  0.000362  110.75
   320    301.186327      3   -116.865000  0.001297   -116.862491  0.000198   -1.019640  0.000339  115.12
   340    301.094387      4   -116.864991  0.001242   -116.864957  0.003206   -1.019475  0.000339  119.48
   360    301.005227      4   -116.864873  0.001164   -116.864820  0.003028   -1.019483  0.000320  123.84
   380    300.915037      4   -116.864184  0.001181   -116.864624  0.002869   -1.019561  0.000313  128.23
   400    300.838425      4   -116.863936  0.001150   -116.864468  0.002726   -1.019591  0.000301  132.59
   420    300.774642      4   -116.864208  0.001165   -116.864384  0.002596   -1.019469  0.000299  136.95
   440    300.718929      4   -116.864188  0.001186   -116.864307  0.002479   -1.019438  0.000303  141.31
   460    300.666946      4   -116.864546  0.001160   -116.864265  0.002371   -1.019356  0.000298  145.67
   480    300.612274      4   -116.864396  0.001122   -116.864208  0.002273   -1.019397  0.000288  150.03
   500    300.563820      4   -116.864467  0.001076   -116.864115  0.002182   -1.019431  0.000281  154.40
   520    300.516182      4   -116.864322  0.001101   -116.864065  0.002098   -1.019501  0.000287  158.76
   540    300.475244      4   -116.864226  0.001074   -116.863952  0.002021   -1.019546  0.000282  163.12
   560    300.432139      4   -116.864121  0.001033   -116.863849  0.001949   -1.019554  0.000269  167.48
   580    300.391447      4   -116.864060  0.001009   -116.863763  0.001882   -1.019539  0.000263  171.86
   600    300.358358      5   -116.864002  0.000985   -116.863746  0.001819   -1.019448  0.000268  176.22
   620    300.322601      6   -116.863558  0.001025   -116.863674  0.001760   -1.019508  0.000265  180.59
   640    300.292021      6   -116.863625  0.001064   -116.863658  0.001706   -1.019588  0.000273  184.95
   660    300.262722      6   -116.863414  0.001041   -116.863619  0.001654   -1.019605  0.000266  189.36
   680    300.231416      6   -116.863340  0.001033   -116.863566  0.001605   -1.019651  0.000265  193.73
   700    300.208035      6   -116.863470  0.001033   -116.863532  0.001560   -1.019620  0.000260  198.09
   720    300.180132      8   -116.863331  0.001039   -116.863532  0.001517   -1.019602  0.000254  202.45
   740    300.159754      8   -116.863435  0.001016   -116.863599  0.001476   -1.019599  0.000249  206.82
   760    300.137126      8   -116.863225  0.001011   -116.863553  0.001438   -1.019605  0.000252  211.18
   780    300.117310      8   -116.863087  0.001021   -116.863497  0.001401   -1.019620  0.000247  215.55
   800    300.099191      9   -116.862994  0.000985   -116.863438  0.001366   -1.019695  0.000256  219.92
   820    300.077287      9   -116.862786  0.000992   -116.863392  0.001333   -1.019680  0.000250  224.28
   840    300.057816      9   -116.862628  0.000972   -116.863357  0.001301   -1.019661  0.000245  228.64
   860    300.038326      9   -116.862482  0.000968   -116.863317  0.001271   -1.019651  0.000239  233.01
   880    300.021423      9   -116.862409  0.000963   -116.863296  0.001242   -1.019672  0.000235  237.37
   900    300.002978      9   -116.862332  0.000946   -116.863274  0.001214   -1.019710  0.000234  241.73
   920    299.990398      9   -116.862443  0.000924   -116.863289  0.001188   -1.019714  0.000240  246.10
   940    299.976639      9   -116.862406  0.000909   -116.863261  0.001163   -1.019739  0.000240  250.49
   960    299.964670      9   -116.862683  0.000911   -116.863239  0.001139   -1.019725  0.000235  254.85
   980    299.951446      9   -116.862631  0.000903   -116.863235  0.001116   -1.019707  0.000230  259.21
  1000    299.935551     10   -116.862453  0.000893   -116.863190  0.001093   -1.019705  0.000225  263.57
---------------------------------------------- Post Propagation ----------------------------------------------
Total number of samples 1000
Raw AFQMC/HF (Guide) energy:           -116.862453 ± 0.000893
Raw Trial/Guide overlap ratio:          -1.019705 ± 0.000225
Raw AFQMC/pt2CCSD energy (covariance): -116.863190 ± 0.001093
Raw AFQMC/pt2CCSD energy (dir sample): -116.863190 ± 0.000806
--------------------------------------------- Clean Obeservation ---------------------------------------------
removing energies outside zeta > 30
Outlier energy bound [-116.932725, -116.790992]
Removed 1 outliers with energies [-117.66309597]
Clean AFQMC/pt2CCSD overlap ratio:        -1.019710 ± 0.000223
Clean AFQMC/pt2CCSD energy (covariance): -116.862393 ± 0.000109
Clean AFQMC/ptCCSD energy (dir sample):  -116.862393 ± 0.000093
--------------------------------------------- Blocking Analysis ----------------------------------------------
nsample = 999, max_block_size = 24, min_nblocks = 40
   B    NB    NS  Observable     Error    dError
   1   999   999   -1.019709  0.000067  0.000001
   2   499   998   -1.019711  0.000089  0.000003
   3   333   999   -1.019709  0.000107  0.000004
   4   249   996   -1.019713  0.000119  0.000005
   5   199   995   -1.019713  0.000131  0.000007
   6   166   996   -1.019713  0.000138  0.000008
   7   142   994   -1.019714  0.000147  0.000009
   8   124   992   -1.019713  0.000154  0.000010
   9   111   999   -1.019709  0.000160  0.000011
  10    99   990   -1.019713  0.000168  0.000012
  11    90   990   -1.019713  0.000175  0.000013
  12    83   996   -1.019713  0.000181  0.000014
  13    76   988   -1.019715  0.000188  0.000015
  14    71   994   -1.019714  0.000184  0.000016
  15    66   990   -1.019713  0.000189  0.000017
  16    62   992   -1.019712  0.000194  0.000018
  17    58   986   -1.019715  0.000199  0.000019
  18    55   990   -1.019713  0.000193  0.000019
  19    52   988   -1.019715  0.000208  0.000021
  20    49   980   -1.019713  0.000215  0.000022
  21    47   987   -1.019715  0.000207  0.000022
  22    45   990   -1.019713  0.000210  0.000022
  23    43   989   -1.019714  0.000223  0.000024
  24    41   984   -1.019713  0.000220  0.000025
Fit (variance): plateau_var = 5.727e-08 ± 9.172e-09
Fit (error):    plateau = 0.000239 ± 0.000019
     autocorrelation length ~ 14.8 blocks
     plateau reached at block size ~ 68
     !!!Failed to reach plateau in blocking
     Return max block error
nclean = 999, max_block_size = 24, min_nblocks = 40
Blk_SZ   NBlk   NSmp      Energy     Error    dError
     1    999    999  -116.862312  0.000093  0.000002
     2    499    998  -116.862328  0.000108  0.000003
     3    333    999  -116.862336  0.000119  0.000005
     4    249    996  -116.862348  0.000123  0.000006
     5    199    995  -116.862355  0.000129  0.000006
     6    166    996  -116.862357  0.000129  0.000007
     7    142    994  -116.862365  0.000132  0.000008
     8    124    992  -116.862373  0.000135  0.000009
     9    111    999  -116.862362  0.000132  0.000009
    10     99    990  -116.862381  0.000138  0.000010
    11     90    990  -116.862385  0.000135  0.000010
    12     83    996  -116.862371  0.000130  0.000010
    13     76    988  -116.862390  0.000138  0.000011
    14     71    994  -116.862381  0.000133  0.000011
    15     66    990  -116.862392  0.000136  0.000012
    16     62    992  -116.862385  0.000141  0.000013
    17     58    986  -116.862396  0.000144  0.000014
    18     55    990  -116.862394  0.000144  0.000014
    19     52    988  -116.862401  0.000136  0.000013
    20     49    980  -116.862399  0.000137  0.000014
    21     47    987  -116.862401  0.000143  0.000015
    22     45    990  -116.862396  0.000140  0.000015
    23     43    989  -116.862398  0.000146  0.000016
    24     41    984  -116.862403  0.000134  0.000015
Fit (variance): plateau_var = 1.892018e-08 ± 8.890599e-10
Fit (error):    plateau = 0.000138 ± 0.000003
     autocorrelation length ~ 2.9 blocks
     plateau reached at block size ~ 13
Final AFQMC/pt2CCSD overlap ratio: -1.019710 ± 0.000223
Final AFQMC/pt2CCSD energy: -116.862393 ± 0.000138
Total run time: 271.76
------------------------------------------ AFQMC Sampling Finished -------------------------------------------
