------------------------------------------- AFQMC Sampling Started -------------------------------------------
Hostname: gpua099.delta.ncsa.illinois.edu
System Type: Linux
Machine Type: x86_64
Processor: x86_64
Using GPU.
System: Linux
Node Name: gpua099.delta.ncsa.illinois.edu
Release: 5.14.0-427.91.1.el9_4.x86_64
Version: #1 SMP PREEMPT_DYNAMIC Wed Sep 17 10:08:59 EDT 2025
Machine: x86_64
Processor: x86_64
Decomposing Unrestricted T2 amplitudes
Throw 0 vectors in T2 deomposition
SVD cutoff = 1.00e-08 | error = 1.12e-15
number of T2 decomposition vectors 136
norb: 26
nelec: (4, 2)
n_eql: 120
n_blocks: 1000
n_walkers: 300
dt: 0.005
max_error: 0.0
seed: 17
walker_type: uhf
trial: uccsd_pt2
free_projection: False
use_gpu: True
n_exp_terms: 6
n_prop_steps: 50
save_walkers: False
n_batch: 1
nchol_chunk: 100
mix_precision: True
initial AFQMC/pt2CCSD Energy is -49.257617
Propagating with 300 walkers
----------------------------------------------- Equilibration ------------------------------------------------
inv_T        weight  killW        energy   runTime
 0.00    300.000000      0    -49.143409     12.28
 3.00    301.264815      0    -49.250125     18.40
 6.00    301.069724      0    -49.245531     18.88
 9.00    301.055576      0    -49.241152     19.36
12.00    301.162947      0    -49.255341     19.85
15.00    301.137601      0    -49.245646     20.33
18.00    300.912907      0    -49.243847     20.81
21.00    300.776903      0    -49.262996     21.30
24.00    300.867114      0    -49.251641     21.78
27.00    300.693159      0    -49.251439     22.26
30.00    300.538305      0    -49.253983     22.74
---------------------------------------------- Sampling Blocks -----------------------------------------------
blocks        weight  killW       E_Guide     error       E_Trial     error     olp_T/G     error  Walltime
    20    300.759528      3    -49.261973  0.002301    -49.270316  0.000875    1.123607  0.003302   29.25
    40    300.596861      4    -49.261365  0.001466    -49.270472  0.000535    1.124846  0.002121   30.42
    60    300.413796      9    -49.261198  0.001221    -49.270508  0.000408    1.126118  0.001889   31.57
    80    300.286295     12    -49.261008  0.000983    -49.270183  0.000343    1.130168  0.002955   32.74
   100    300.163224     16    -49.261149  0.000780    -49.270021  0.000320    1.134002  0.003496   33.90
   120    300.081530     21    -49.261757  0.000793    -49.270089  0.000300    1.135822  0.003157   35.06
   140    299.991690     24    -49.262230  0.000940    -49.270565  0.000300    1.138983  0.003453   36.22
   160    299.921401     26    -49.261818  0.000944    -49.270442  0.000271    1.140750  0.003299   37.38
   180    299.840862     30    -49.261743  0.000843    -49.270479  0.000269    1.140234  0.002934   38.55
   200    299.762782     33    -49.261717  0.000765    -49.270604  0.000256    1.141951  0.002912   39.71
   220    299.715104     37    -49.261740  0.000753    -49.270794  0.000246    1.144002  0.003013   40.87
   240    299.652924     41    -49.262264  0.000780    -49.270802  0.000230    1.144839  0.002826   42.03
   260    299.611516     43    -49.262998  0.000887    -49.270939  0.000243    1.146638  0.002906   43.19
   280    299.574560     44    -49.263033  0.000860    -49.271108  0.000236    1.149147  0.003210   44.36
   300    299.538826     48    -49.263008  0.000804    -49.271183  0.000226    1.150479  0.003140   45.52
   320    299.509096     49    -49.263271  0.000775    -49.271313  0.000216    1.151570  0.003038   46.68
   340    299.492096     51    -49.263647  0.000777    -49.271226  0.000252    1.152740  0.002973   47.84
   360    299.459994     55    -49.263813  0.000743    -49.271410  0.000247    1.153643  0.002876   49.01
   380    299.422526     59    -49.263787  0.000704    -49.271413  0.000241    1.153985  0.002734   50.17
   400    299.396603     65    -49.263629  0.000699    -49.271492  0.000232    1.154095  0.002600   51.33
   420    299.371921     70    -49.264222  0.000799    -49.271460  0.000225    1.154847  0.002531   52.49
   440    299.349765     71    -49.264252  0.000869    -49.271471  0.000218    1.155343  0.002560   53.66
   460    299.335124     76    -49.264123  0.000848    -49.271433  0.000213    1.155372  0.002497   54.83
   480    299.314162     77    -49.263883  0.000842    -49.271435  0.000206    1.155272  0.002447   55.99
   500    299.293767     83    -49.263837  0.000811    -49.271494  0.000200    1.155496  0.002395   57.15
   520    299.284129     87    -49.264177  0.000798    -49.271552  0.000203    1.155877  0.002379   58.31
   540    299.268435     87    -49.264147  0.000770    -49.271609  0.000200    1.156177  0.002353   59.47
   560    299.248917     91    -49.264061  0.000768    -49.271613  0.000195    1.155698  0.002340   60.63
   580    299.226730     99    -49.263940  0.000766    -49.271646  0.000190    1.155558  0.002283   61.79
   600    299.215260    102    -49.263904  0.000748    -49.271689  0.000185    1.155314  0.002244   62.95
   620    299.204498    106    -49.264130  0.000735    -49.271722  0.000181    1.155234  0.002179   64.11
   640    299.195899    109    -49.264286  0.000722    -49.271677  0.000178    1.155011  0.002174   65.28
   660    299.185869    110    -49.264280  0.000701    -49.271659  0.000175    1.154754  0.002133   66.44
   680    299.172285    117    -49.264102  0.000722    -49.271604  0.000172    1.154617  0.002120   67.61
   700    299.162669    120    -49.264028  0.000707    -49.271569  0.000168    1.154912  0.002083   68.77
   720    299.151786    128    -49.264019  0.000698    -49.271542  0.000165    1.154873  0.002091   69.93
   740    299.146700    133    -49.264162  0.000698    -49.271625  0.000165    1.155142  0.002051   71.09
   760    299.139261    137    -49.264251  0.000711    -49.271622  0.000162    1.155542  0.002070   72.25
   780    299.134039    139    -49.264200  0.000696    -49.271651  0.000159    1.156041  0.002076   73.41
   800    299.127781    142    -49.264170  0.000680    -49.271637  0.000156    1.156377  0.002107   74.58
   820    299.121573    144    -49.264062  0.000670    -49.271692  0.000230    1.156674  0.002076   75.74
   840    299.111586    151    -49.264130  0.000657    -49.271718  0.000225    1.157036  0.002058   76.90
   860    299.106914    158    -49.264049  0.000645    -49.271735  0.000221    1.157223  0.002051   78.06
   880    299.101209    164    -49.264123  0.000700    -49.271777  0.000217    1.157309  0.002050   79.23
   900    299.097116    172    -49.264357  0.000700    -49.271716  0.000303    1.157572  0.002050   80.39
   920    299.093863    178    -49.264398  0.000726    -49.271712  0.000296    1.157703  0.002026   81.55
   940    299.093505    180    -49.264581  0.000710    -49.271759  0.000290    1.158103  0.002026   82.71
   960    299.093922    183    -49.264677  0.000713    -49.271799  0.000285    1.158474  0.002024   83.88
   980    299.090166    185    -49.264726  0.000703    -49.271791  0.000280    1.158603  0.002023   85.06
  1000    299.086242    193    -49.264716  0.000687    -49.271796  0.000275    1.158579  0.001984   86.23
---------------------------------------------- Post Propagation ----------------------------------------------
Total number of samples 1000
Raw AFQMC/HF (Guide) energy:           -49.264716 ± 0.000687
Raw Trial/Guide overlap ratio:          1.158579 ± 0.001984
Raw AFQMC/pt2CCSD energy (covariance): -49.271796 ± 0.000275
Raw AFQMC/pt2CCSD energy (dir sample): -49.271796 ± 0.000148
--------------------------------------------- Clean Obeservation ---------------------------------------------
removing energies outside zeta > 30
Outlier energy bound [-49.352578, -49.190774]
Removed 1 outliers with energies [-49.17591134]
Clean AFQMC/pt2CCSD overlap ratio:        1.158573 ± 0.001979
Clean AFQMC/pt2CCSD energy (covariance): -49.271893 ± 0.000197
Clean AFQMC/ptCCSD energy (dir sample):  -49.271893 ± 0.000113
--------------------------------------------- Blocking Analysis ----------------------------------------------
nsample = 999, max_block_size = 24, min_nblocks = 40
   B    NB    NS  Observable     Error    dError
   1   999   999    1.158584  0.000485  0.000011
   2   499   998    1.158591  0.000664  0.000021
   3   333   999    1.158584  0.000797  0.000031
   4   249   996    1.158619  0.000906  0.000041
   5   199   995    1.158618  0.000999  0.000050
   6   166   996    1.158619  0.001085  0.000060
   7   142   994    1.158615  0.001167  0.000069
   8   124   992    1.158610  0.001239  0.000079
   9   111   999    1.158584  0.001292  0.000087
  10    99   990    1.158616  0.001360  0.000097
  11    90   990    1.158616  0.001409  0.000106
  12    83   996    1.158619  0.001456  0.000114
  13    76   988    1.158625  0.001545  0.000126
  14    71   994    1.158615  0.001589  0.000134
  15    66   990    1.158616  0.001604  0.000141
  16    62   992    1.158610  0.001658  0.000150
  17    58   986    1.158615  0.001712  0.000160
  18    55   990    1.158616  0.001765  0.000170
  19    52   988    1.158625  0.001795  0.000178
  20    49   980    1.158615  0.001872  0.000191
  21    47   987    1.158620  0.001854  0.000193
  22    45   990    1.158616  0.001921  0.000205
  23    43   989    1.158623  0.001966  0.000214
  24    41   984    1.158628  0.001979  0.000221
Fit (variance): plateau_var = 9.366e-06 ± 4.714e-06
Fit (error):    plateau = 0.003060 ± 0.000770
     autocorrelation length ~ 45.6 blocks
     plateau reached at block size ~ 210
     !!!Failed to reach plateau in blocking
     Return max block error
nclean = 999, max_block_size = 24, min_nblocks = 40
Blk_SZ   NBlk   NSmp      Energy     Error    dError
     1    999    999  -49.271796  0.000113  0.000003
     2    499    998  -49.271796  0.000129  0.000004
     3    333    999  -49.271810  0.000138  0.000005
     4    249    996  -49.271807  0.000150  0.000007
     5    199    995  -49.271813  0.000152  0.000008
     6    166    996  -49.271816  0.000157  0.000009
     7    142    994  -49.271818  0.000161  0.000010
     8    124    992  -49.271814  0.000170  0.000011
     9    111    999  -49.271826  0.000170  0.000011
    10     99    990  -49.271825  0.000173  0.000012
    11     90    990  -49.271819  0.000171  0.000013
    12     83    996  -49.271830  0.000183  0.000014
    13     76    988  -49.271825  0.000178  0.000014
    14     71    994  -49.271826  0.000188  0.000016
    15     66    990  -49.271828  0.000182  0.000016
    16     62    992  -49.271833  0.000190  0.000017
    17     58    986  -49.271843  0.000204  0.000019
    18     55    990  -49.271831  0.000190  0.000018
    19     52    988  -49.271833  0.000201  0.000020
    20     49    980  -49.271835  0.000202  0.000021
    21     47    987  -49.271842  0.000203  0.000021
    22     45    990  -49.271828  0.000195  0.000021
    23     43    989  -49.271836  0.000212  0.000023
    24     41    984  -49.271845  0.000208  0.000023
Fit (variance): plateau_var = 4.188890e-08 ± 4.827206e-09
Fit (error):    plateau = 0.000205 ± 0.000012
     autocorrelation length ~ 9.0 blocks
     plateau reached at block size ~ 40
     !!!Failed to reach plateau in blocking
     Return max block error
Final AFQMC/pt2CCSD overlap ratio: 1.158573 ± 0.001979
Final AFQMC/pt2CCSD energy: -49.271893 ± 0.000212
Total run time: 94.24
------------------------------------------ AFQMC Sampling Finished -------------------------------------------
