#INFO: **** input file is /projects/yizh8382/projects/w4_17/w4-17_all/pyscf_input/run_pyscf_vdzsd.py ****
import os
import glob
import numpy as np
from pyscf import gto, scf, cc

# basis = "ccpvdz"
xyz_dir = "../w4_17_xyz/open_shell"
results_file = f"../result/open_shell_uhf_sym_vdzsd.dat"
out_dir = "../result/molout/open_shell"
os.makedirs(out_dir, exist_ok=True)

# Set to a list of molecule names to run only those, e.g. ["acetaldehyde", "benzene"]
# Set to None to run all molecules in xyz_dir
select_molecules = None
symmetry = True

def vdzsd(elem):
    if elem in ('H', 'He'):
        raw_basis = gto.basis.load('ccpvdz', elem)
        return [b for b in raw_basis if b[0] != 1]
    else:
        return gto.basis.load('ccpvdz', elem)

def get_vdzsd_basis(atoms):
    elems = {line.split()[0] for line in atoms.strip().splitlines() if line.strip()}
    basis_dict = {el: vdzsd(el) for el in elems}
    return basis_dict

all_xyz = sorted(glob.glob(os.path.join(xyz_dir, "*.xyz")))
if select_molecules is not None:
    select_set = set(select_molecules)
    xyz_files = [p for p in all_xyz if os.path.splitext(os.path.basename(p))[0] in select_set]
    missing = select_set - {os.path.splitext(os.path.basename(p))[0] for p in xyz_files}
    if missing:
        print(f"Warning: no .xyz file found for: {', '.join(sorted(missing))} in {xyz_dir}")
else:
    xyz_files = all_xyz

with open(results_file, "w") as out:
    out.write(f"{'Molecule':<16s} {'Charge':>6s} {'2S':>6s} {'frozen':>6s} "
              f"{'E_HF (Eh)':>20s} {'E_CCSD (Eh)':>20s} {'E_CCSD(T) (Eh)':>20s}\n")
    out.write("-" * 100 + "\n")

for xyz_path in xyz_files:
    with open(xyz_path, "r") as f:
        lines = f.readlines()

    # Parse charge and multiplicity from second line: "name charge=X mult=Y"
    second_line = lines[1]
    charge = int(second_line.split("charge=")[1].split()[0])
    mult   = int(second_line.split("mult=")[1].split()[0])
    spin   = mult - 1   # PySCF spin input is 2S = mult - 1
    mol_name = second_line.split()[0]

    # Coordinates only (skip the atom count and comment lines)
    atoms = "".join(lines[2:])
    basis_dict = get_vdzsd_basis(atoms)

    print(f"\n{'='*60}")
    print(f"Running: {mol_name}  charge={charge}  spin={spin}")
    print(f"{'='*60}")
    
    mol = gto.M(
        atom=atoms,
        basis=basis_dict,
        verbose=4,
        output=os.path.join(out_dir, f"{mol_name}_sym_vdzsd.out"),
        unit="angstrom",
        symmetry=symmetry,
        charge=charge,
        spin=spin,
        max_memory=40000,
    )

    mf = scf.UHF(mol)
    mf.max_cycle = 200
    mf = mf.newton()
    mf.kernel()

    # Stability check loop — at most 10 attempts
    max_stability_cycles = 10
    stable = False
    for stability_iter in range(max_stability_cycles):
        mo_i, _, stable, _ = mf.stability(return_status=True)
        if stable:
            break
        dm = mf.make_rdm1(mo_i, mf.mo_occ)
        mf.kernel(dm0=dm)

    if not stable or not mf.converged:
        print(f"  !! SCF did not converge for {mol_name} — skipping.")
        with open(results_file, "a") as out:
            out.write(f"{mol_name:<16s} {charge:>6d} {spin:>6d} {'N/A':>6s} "
                      f"{'UNCONVERGED':>20s} {'UNCONVERGED':>20s} {'UNCONVERGED':>20s}\n")
        continue

    energy = mf.e_tot

    mycc = cc.CCSD(mf)
    mycc.set_frozen()
    mycc.kernel()
    e_ccsd = mycc.e_tot
    et = mycc.ccsd_t()
    e_ccsdt = e_ccsd + et
    frozen = mycc.frozen

    with open(results_file, "a") as out:
        out.write(f"{mol_name:<16s} {charge:>6d} {spin:>6d} {frozen:>6d} "
                  f"{energy:>20.10f} {e_ccsd:>20.10f} {e_ccsdt:>20.10f}\n")

    print(f"  => E_HF({mol_name})     = {energy:.10f} Eh")
    print(f"  => E_CCSD({mol_name})    = {e_ccsd:.10f} Eh")
    print(f"  => E_CCSD(T)({mol_name}) = {e_ccsdt:.10f} Eh")

print(f"\nAll calculations complete. Results saved to {results_file}")
#INFO: ******************** input file end ********************


System: uname_result(system='Linux', node='bnode0304.rc.int.colorado.edu', release='4.18.0-477.27.1.el8_8.x86_64', version='#1 SMP Thu Aug 31 10:29:22 EDT 2023', machine='x86_64')  Threads 28
Python 3.10.2 | packaged by conda-forge | (main, Mar  8 2022, 15:52:01) [GCC 9.4.0]
numpy 2.0.2  scipy 1.14.1  h5py 3.12.1
Date: Thu May 14 13:11:39 2026
PySCF version 2.9.0
PySCF path  /projects/yizh8382/tools/lno_pyscf_gcc
GIT HEAD (branch master) 142756584ed3963728cc1f6823286f4605811a6c

[ENV] PYSCF_TMPDIR /scratch/alpine/yizh8382/pyscf
[ENV] PYSCF_EXT_PATH /home/yizh8382/tools/pyscf-forge
[CONFIG] conf_file None
[INPUT] verbose = 4
[INPUT] num. atoms = 2
[INPUT] num. electrons = 12
[INPUT] charge = 0
[INPUT] spin (= nelec alpha-beta = 2S) = 2
[INPUT] symmetry True subgroup None
[INPUT] Mole.unit = angstrom
[INPUT] Symbol           X                Y                Z      unit          X                Y                Z       unit  Magmom
[INPUT]  1 B      0.000000000000   0.000000000000  -0.775950000000 AA    0.000000000000   0.000000000000  -1.466332986356 Bohr   0.0
[INPUT]  2 N      0.000000000000   0.000000000000   0.554250000000 AA    0.000000000000   0.000000000000   1.047380704540 Bohr   0.0

nuclear repulsion = 13.9236222990528
point group symmetry = Coov
symmetry origin: [ 0.00000000e+00  0.00000000e+00 -7.40148683e-17]
symmetry axis x: [1. 0. 0.]
symmetry axis y: [0. 1. 0.]
symmetry axis z: [0. 0. 1.]
num. orbitals of irrep A1 = 12
num. orbitals of irrep E1x = 6
num. orbitals of irrep E1y = 6
num. orbitals of irrep E2x = 2
num. orbitals of irrep E2y = 2
number of shells = 10
number of NR pGTOs = 52
number of NR cGTOs = 28
basis = {'N': [[0, [9046.0, 0.0007, -0.000153], [1357.0, 0.005389, -0.001208], [309.3, 0.027406, -0.005992], [87.73, 0.103207, -0.024544], [28.56, 0.278723, -0.067459], [10.21, 0.44854, -0.158078], [3.838, 0.278238, -0.121831], [0.7466, 0.01544, 0.549003]], [0, [0.2248, 1.0]], [1, [13.55, 0.039919], [2.917, 0.217169], [0.7973, 0.510319]], [1, [0.2185, 1.0]], [2, [0.817, 1.0]]], 'B': [[0, [4570.0, 0.000696, -0.000139], [685.9, 0.005353, -0.001097], [156.5, 0.027134, -0.005444], [44.47, 0.10138, -0.021916], [14.48, 0.272055, -0.059751], [5.131, 0.448403, -0.138732], [1.898, 0.290123, -0.131482], [0.3329, 0.014322, 0.539526]], [0, [0.1043, 1.0]], [1, [6.001, 0.035481], [1.241, 0.198072], [0.3364, 0.50523]], [1, [0.09538, 1.0]], [2, [0.343, 1.0]]]}
ecp = {}
CPU time:       230.93
Freeze 0 electrons in irreps []
    12 free electrons in irreps A1 E1x E1y E2x E2y




******** <class 'pyscf.soscf.newton_ah.SecondOrderSymAdaptedUHF'> ********
method = SecondOrderSymAdaptedUHF
initial guess = minao
damping factor = 0
level_shift factor = 0
DIIS = <class 'pyscf.scf.diis.CDIIS'>
diis_start_cycle = 1
diis_space = 8
diis_damp = 0
SCF conv_tol = 1e-09
SCF conv_tol_grad = None
SCF max_cycles = 200
direct_scf = True
direct_scf_tol = 1e-13
chkfile to save SCF result = /scratch/alpine/yizh8382/pyscf/tmp80qd0enl
max_memory 40000 MB (current use 517 MB)
number electrons alpha = 7  beta = 5
******** <class 'pyscf.scf.uhf_symm.SymAdaptedUHF'> Newton solver flags ********
SCF tol = 1e-09
conv_tol_grad = None
max. SCF cycles = 200
direct_scf = True
direct_scf_tol = 1e-13
chkfile to save SCF result = /scratch/alpine/yizh8382/pyscf/tmp80qd0enl
max_cycle_inner = 12
max_stepsize = 0.05
ah_start_tol = 1e+09
ah_level_shift = 0
ah_conv_tol = 1e-12
ah_lindep = 1e-14
ah_start_cycle = 1
ah_max_cycle = 40
ah_grad_trust_region = 2.5
kf_interval = 4
kf_trust_region = 5
canonicalization = True
max_memory 40000 MB (current use 517 MB)
Set conv_tol_grad to 3.16228e-05
alpha HOMO (A1) = -0.180317916270174  LUMO (E1x) = 0.11676818107578
beta  HOMO (E1x) = -0.291756474307766  LUMO (E1x) = -0.291756474307766

WARN: alpha-A1 HOMO -0.180317916270174 > system LUMO -0.291756474307766


WARN: alpha-E1x HOMO -0.291756474307766 > system LUMO -0.291756474307766


WARN: alpha-E1y HOMO -0.291756474307766 > system LUMO -0.291756474307766


WARN: beta-A1 LUMO -0.180317916270174 < system HOMO -0.180317916270174


WARN: beta-E1x HOMO -0.291756474307766 > system LUMO -0.291756474307766

Initial guess E= -78.9454403890064  |g|= 0.185481
macro= 0  E= -78.9897528991976  delta_E= -0.0443125  |g|= 0.161429  3 KF 18 JK
macro= 1  E= -78.9916063246361  delta_E= -0.00185343  |g|= 0.07645  2 KF 6 JK
macro= 2  E= -78.991173031502  delta_E= 0.000433293  |g|= 0.0486346  2 KF 5 JK
macro= 3  E= -78.9879784764022  delta_E= 0.00319456  |g|= 0.0614659  2 KF 6 JK
macro= 4  E= -78.9917983639147  delta_E= -0.00381989  |g|= 0.082032  2 KF 5 JK
macro= 5  E= -78.9885481570263  delta_E= 0.00325021  |g|= 0.0516913  2 KF 6 JK
macro= 6  E= -78.9917444139764  delta_E= -0.00319626  |g|= 0.0760182  2 KF 5 JK
macro= 7  E= -78.9906526049964  delta_E= 0.00109181  |g|= 0.051164  2 KF 6 JK
macro= 8  E= -78.9910692436971  delta_E= -0.000416639  |g|= 0.0568611  2 KF 5 JK
macro= 9  E= -78.9915911255044  delta_E= -0.000521882  |g|= 0.0616267  2 KF 5 JK
macro= 10  E= -78.9911634002241  delta_E= 0.000427725  |g|= 0.0495358  2 KF 5 JK
macro= 11  E= -78.9918990404365  delta_E= -0.00073564  |g|= 0.058994  2 KF 5 JK
macro= 12  E= -78.9913355647295  delta_E= 0.000563476  |g|= 0.0465425  2 KF 5 JK
macro= 13  E= -78.9918750180655  delta_E= -0.000539453  |g|= 0.0561981  2 KF 5 JK
macro= 14  E= -78.9914504179131  delta_E= 0.0004246  |g|= 0.0475511  2 KF 5 JK
macro= 15  E= -78.9918024797827  delta_E= -0.000352062  |g|= 0.0543521  2 KF 5 JK
macro= 16  E= -78.9913999383565  delta_E= 0.000402541  |g|= 0.048741  2 KF 5 JK
macro= 17  E= -78.991756381503  delta_E= -0.000356443  |g|= 0.0551717  2 KF 5 JK
macro= 18  E= -78.9913904990049  delta_E= 0.000365882  |g|= 0.0493981  2 KF 5 JK
macro= 19  E= -78.9917541794732  delta_E= -0.00036368  |g|= 0.0553932  2 KF 5 JK
macro= 20  E= -78.9914031178629  delta_E= 0.000351062  |g|= 0.0493859  2 KF 5 JK
macro= 21  E= -78.9917536049173  delta_E= -0.000350487  |g|= 0.0552313  2 KF 5 JK
macro= 22  E= -78.9914219104992  delta_E= 0.000331694  |g|= 0.0494014  2 KF 5 JK
macro= 23  E= -78.9917437076219  delta_E= -0.000321797  |g|= 0.0549739  2 KF 5 JK
macro= 24  E= -78.991431689948  delta_E= 0.000312018  |g|= 0.0495492  2 KF 5 JK
macro= 25  E= -78.9917290363006  delta_E= -0.000297346  |g|= 0.0548589  2 KF 5 JK
macro= 26  E= -78.991438809674  delta_E= 0.000290227  |g|= 0.0497555  2 KF 5 JK
macro= 27  E= -78.9917155393773  delta_E= -0.00027673  |g|= 0.0547939  2 KF 5 JK
macro= 28  E= -78.991446611915  delta_E= 0.000268927  |g|= 0.0499369  2 KF 5 JK
macro= 29  E= -78.9917034945604  delta_E= -0.000256883  |g|= 0.0547177  2 KF 5 JK
macro= 30  E= -78.9914556076029  delta_E= 0.000247887  |g|= 0.0500972  2 KF 5 JK
macro= 31  E= -78.9916916315935  delta_E= -0.000236024  |g|= 0.0546213  2 KF 5 JK
macro= 32  E= -78.9914646501855  delta_E= 0.000226981  |g|= 0.0502552  2 KF 5 JK
macro= 33  E= -78.9916792995511  delta_E= -0.000214649  |g|= 0.0545221  2 KF 5 JK
macro= 34  E= -78.9914734616085  delta_E= 0.000205838  |g|= 0.050419  2 KF 5 JK
macro= 35  E= -78.9916666090826  delta_E= -0.000193147  |g|= 0.054426  2 KF 5 JK
macro= 36  E= -78.9914821804584  delta_E= 0.000184429  |g|= 0.0505862  2 KF 5 JK
macro= 37  E= -78.9916537398313  delta_E= -0.000171559  |g|= 0.054331  2 KF 5 JK
macro= 38  E= -78.9914909621625  delta_E= 0.000162778  |g|= 0.0507544  2 KF 5 JK
macro= 39  E= -78.9916407097857  delta_E= -0.000149748  |g|= 0.0542345  2 KF 5 JK
macro= 40  E= -78.9914998157739  delta_E= 0.000140894  |g|= 0.0509234  2 KF 5 JK
macro= 41  E= -78.9916274719265  delta_E= -0.000127656  |g|= 0.0541363  2 KF 5 JK
macro= 42  E= -78.9915087039058  delta_E= 0.000118768  |g|= 0.0510939  2 KF 5 JK
macro= 43  E= -78.9916140039932  delta_E= -0.0001053  |g|= 0.0540369  2 KF 5 JK
macro= 44  E= -78.991517607365  delta_E= 9.63966e-05  |g|= 0.0512661  2 KF 5 JK
macro= 45  E= -78.9916003110054  delta_E= -8.27036e-05  |g|= 0.0539367  2 KF 5 JK
macro= 46  E= -78.9915265263312  delta_E= 7.37847e-05  |g|= 0.0514398  2 KF 5 JK
macro= 47  E= -78.9915864009353  delta_E= -5.98746e-05  |g|= 0.0538356  2 KF 5 JK
macro= 48  E= -78.9915354617605  delta_E= 5.09392e-05  |g|= 0.0516149  2 KF 5 JK
macro= 49  E= -78.9915722757927  delta_E= -3.6814e-05  |g|= 0.0537335  2 KF 5 JK
macro= 50  E= -78.9915444100267  delta_E= 2.78658e-05  |g|= 0.0517913  2 KF 5 JK
macro= 51  E= -78.9915579348816  delta_E= -1.35249e-05  |g|= 0.0536305  2 KF 5 JK
macro= 52  E= -78.9915533656183  delta_E= 4.56926e-06  |g|= 0.0519691  2 KF 5 JK
macro= 53  E= -78.9915433783299  delta_E= 9.98729e-06  |g|= 0.0535266  2 KF 5 JK
macro= 54  E= -78.9915623236205  delta_E= -1.89453e-05  |g|= 0.0521482  2 KF 5 JK
macro= 55  E= -78.9915286074271  delta_E= 3.37162e-05  |g|= 0.0534219  2 KF 5 JK
macro= 56  E= -78.9915712797871  delta_E= -4.26724e-05  |g|= 0.0523285  2 KF 5 JK
macro= 57  E= -78.9915136238178  delta_E= 5.7656e-05  |g|= 0.0533163  2 KF 5 JK
macro= 58  E= -78.9915802299485  delta_E= -6.66061e-05  |g|= 0.05251  2 KF 5 JK
macro= 59  E= -78.9914984291334  delta_E= 8.18008e-05  |g|= 0.0532099  2 KF 5 JK
macro= 60  E= -78.9915891698003  delta_E= -9.07407e-05  |g|= 0.0526926  2 KF 5 JK
macro= 61  E= -78.9914830250805  delta_E= 0.000106145  |g|= 0.0531027  2 KF 5 JK
macro= 62  E= -78.9915980949963  delta_E= -0.00011507  |g|= 0.0528763  2 KF 5 JK
macro= 63  E= -78.9914674135684  delta_E= 0.000130681  |g|= 0.0529948  2 KF 5 JK
macro= 64  E= -78.991607001244  delta_E= -0.000139588  |g|= 0.0530611  2 KF 5 JK
macro= 65  E= -78.9914515967336  delta_E= 0.000155405  |g|= 0.0528861  2 KF 5 JK
macro= 66  E= -78.9916158843219  delta_E= -0.000164288  |g|= 0.0532468  2 KF 5 JK
macro= 67  E= -78.9914356135137  delta_E= 0.000180271  |g|= 0.0527768  2 KF 5 JK
macro= 68  E= -78.9916246707443  delta_E= -0.000189057  |g|= 0.0534328  2 KF 5 JK
macro= 69  E= -78.9914196074597  delta_E= 0.000205063  |g|= 0.0526678  2 KF 5 JK
macro= 70  E= -78.9916332038629  delta_E= -0.000213596  |g|= 0.053617  2 KF 5 JK
macro= 71  E= -78.9914037465488  delta_E= 0.000229457  |g|= 0.0525617  2 KF 5 JK
macro= 72  E= -78.9916414797504  delta_E= -0.000237733  |g|= 0.0537978  2 KF 5 JK
macro= 73  E= -78.9913881071586  delta_E= 0.000253373  |g|= 0.0524582  2 KF 5 JK
macro= 74  E= -78.9916495158885  delta_E= -0.000261409  |g|= 0.0539748  2 KF 5 JK
macro= 75  E= -78.9913727103967  delta_E= 0.000276805  |g|= 0.0523567  2 KF 5 JK
macro= 76  E= -78.9916573135444  delta_E= -0.000284603  |g|= 0.0541476  2 KF 5 JK
macro= 77  E= -78.9913575580454  delta_E= 0.000299755  |g|= 0.0522575  2 KF 5 JK
macro= 78  E= -78.9916648743234  delta_E= -0.000307316  |g|= 0.0543166  2 KF 5 JK
macro= 79  E= -78.9913426520638  delta_E= 0.000322222  |g|= 0.0521603  2 KF 5 JK
macro= 80  E= -78.9916722028482  delta_E= -0.000329551  |g|= 0.0544817  2 KF 5 JK
macro= 81  E= -78.9913279966562  delta_E= 0.000344206  |g|= 0.0520654  2 KF 5 JK
macro= 82  E= -78.9916793060628  delta_E= -0.000351309  |g|= 0.054643  2 KF 5 JK
macro= 83  E= -78.991313595483  delta_E= 0.000365711  |g|= 0.0519726  2 KF 5 JK
macro= 84  E= -78.9916861905617  delta_E= -0.000372595  |g|= 0.0548005  2 KF 5 JK
macro= 85  E= -78.9912994509728  delta_E= 0.00038674  |g|= 0.0518818  2 KF 5 JK
macro= 86  E= -78.9916928623415  delta_E= -0.000393411  |g|= 0.0549542  2 KF 5 JK
macro= 87  E= -78.9912855648187  delta_E= 0.000407298  |g|= 0.0517931  2 KF 5 JK
macro= 88  E= -78.9916993271162  delta_E= -0.000413762  |g|= 0.0551043  2 KF 5 JK
macro= 89  E= -78.9912719384863  delta_E= 0.000427389  |g|= 0.0517064  2 KF 5 JK
macro= 90  E= -78.9917055905835  delta_E= -0.000433652  |g|= 0.0552507  2 KF 5 JK
macro= 91  E= -78.9912585732519  delta_E= 0.000447017  |g|= 0.0516217  2 KF 5 JK
macro= 92  E= -78.9917116583877  delta_E= -0.000453085  |g|= 0.0553935  2 KF 5 JK
macro= 93  E= -78.9912454701242  delta_E= 0.000466188  |g|= 0.051539  2 KF 5 JK
macro= 94  E= -78.9917175360666  delta_E= -0.000472066  |g|= 0.0555328  2 KF 5 JK
macro= 95  E= -78.9912326298038  delta_E= 0.000484906  |g|= 0.0514582  2 KF 5 JK
macro= 96  E= -78.9917232290279  delta_E= -0.000490599  |g|= 0.0556686  2 KF 5 JK
macro= 97  E= -78.991220052698  delta_E= 0.000503176  |g|= 0.0513793  2 KF 5 JK
macro= 98  E= -78.9917287425603  delta_E= -0.00050869  |g|= 0.0558009  2 KF 5 JK
macro= 99  E= -78.9912077389377  delta_E= 0.000521004  |g|= 0.0513023  2 KF 5 JK
macro= 100  E= -78.9917340818391  delta_E= -0.000526343  |g|= 0.0559298  2 KF 5 JK
macro= 101  E= -78.9911956883856  delta_E= 0.000538393  |g|= 0.0512271  2 KF 5 JK
macro= 102  E= -78.9917392519263  delta_E= -0.000543564  |g|= 0.0560554  2 KF 5 JK
macro= 103  E= -78.9911839006396  delta_E= 0.000555351  |g|= 0.0511538  2 KF 5 JK
macro= 104  E= -78.9917442577691  delta_E= -0.000560357  |g|= 0.0561777  2 KF 5 JK
macro= 105  E= -78.9911723750375  delta_E= 0.000571883  |g|= 0.0510822  2 KF 5 JK
macro= 106  E= -78.9917491041998  delta_E= -0.000576729  |g|= 0.0562968  2 KF 5 JK
macro= 107  E= -78.9911611106638  delta_E= 0.000587994  |g|= 0.0510124  2 KF 5 JK
macro= 108  E= -78.9917537959367  delta_E= -0.000592685  |g|= 0.0564127  2 KF 5 JK
macro= 109  E= -78.991150106358  delta_E= 0.00060369  |g|= 0.0509444  2 KF 5 JK
macro= 110  E= -78.9917583375848  delta_E= -0.000608231  |g|= 0.0565254  2 KF 5 JK
macro= 111  E= -78.9911393607222  delta_E= 0.000618977  |g|= 0.050878  2 KF 5 JK
macro= 112  E= -78.9917627336374  delta_E= -0.000623373  |g|= 0.0566351  2 KF 5 JK
macro= 113  E= -78.9911288721301  delta_E= 0.000633862  |g|= 0.0508133  2 KF 5 JK
macro= 114  E= -78.9917669884771  delta_E= -0.000638116  |g|= 0.0567418  2 KF 5 JK
macro= 115  E= -78.9911186387356  delta_E= 0.00064835  |g|= 0.0507503  2 KF 5 JK
macro= 116  E= -78.9917711063772  delta_E= -0.000652468  |g|= 0.0568454  2 KF 5 JK
macro= 117  E= -78.9911086584825  delta_E= 0.000662448  |g|= 0.0506888  2 KF 5 JK
macro= 118  E= -78.9917750915036  delta_E= -0.000666433  |g|= 0.0569462  2 KF 5 JK
macro= 119  E= -78.9910989291146  delta_E= 0.000676162  |g|= 0.050629  2 KF 5 JK
macro= 120  E= -78.9917789479159  delta_E= -0.000680019  |g|= 0.0570441  2 KF 5 JK
macro= 121  E= -78.9910894481848  delta_E= 0.0006895  |g|= 0.0505707  2 KF 5 JK
macro= 122  E= -78.9917826795692  delta_E= -0.000693231  |g|= 0.0571392  2 KF 5 JK
macro= 123  E= -78.9910802130666  delta_E= 0.000702467  |g|= 0.0505139  2 KF 5 JK
macro= 124  E= -78.9917862903165  delta_E= -0.000706077  |g|= 0.0572316  2 KF 5 JK
macro= 125  E= -78.9910712209643  delta_E= 0.000715069  |g|= 0.0504586  2 KF 5 JK
macro= 126  E= -78.9917897839096  delta_E= -0.000718563  |g|= 0.0573212  2 KF 5 JK
macro= 127  E= -78.9910624689233  delta_E= 0.000727315  |g|= 0.0504048  2 KF 5 JK
macro= 128  E= -78.9917931640016  delta_E= -0.000730695  |g|= 0.0574082  2 KF 5 JK
macro= 129  E= -78.9910539538414  delta_E= 0.00073921  |g|= 0.0503524  2 KF 5 JK
macro= 130  E= -78.9917964341485  delta_E= -0.00074248  |g|= 0.0574927  2 KF 5 JK
macro= 131  E= -78.9910456724793  delta_E= 0.000750762  |g|= 0.0503015  2 KF 5 JK
macro= 132  E= -78.9917995978109  delta_E= -0.000753925  |g|= 0.0575746  2 KF 5 JK
macro= 133  E= -78.9910376214717  delta_E= 0.000761976  |g|= 0.0502519  2 KF 5 JK
macro= 134  E= -78.9918026583561  delta_E= -0.000765037  |g|= 0.057654  2 KF 5 JK
macro= 135  E= -78.9910297973375  delta_E= 0.000772861  |g|= 0.0502036  2 KF 5 JK
macro= 136  E= -78.9918056190601  delta_E= -0.000775822  |g|= 0.057731  2 KF 5 JK
macro= 137  E= -78.9910221964906  delta_E= 0.000783423  |g|= 0.0501567  2 KF 5 JK
macro= 138  E= -78.9918084831089  delta_E= -0.000786287  |g|= 0.0578056  2 KF 5 JK
macro= 139  E= -78.9910148152507  delta_E= 0.000793668  |g|= 0.0501111  2 KF 5 JK
macro= 140  E= -78.991811253601  delta_E= -0.000796438  |g|= 0.0578779  2 KF 5 JK
macro= 141  E= -78.9910076498527  delta_E= 0.000803604  |g|= 0.0500667  2 KF 5 JK
macro= 142  E= -78.9918139335488  delta_E= -0.000806284  |g|= 0.0579479  2 KF 5 JK
macro= 143  E= -78.9910006964579  delta_E= 0.000813237  |g|= 0.0500236  2 KF 5 JK
macro= 144  E= -78.9918165258805  delta_E= -0.000815829  |g|= 0.0580158  2 KF 5 JK
macro= 145  E= -78.9909939511625  delta_E= 0.000822575  |g|= 0.0499816  2 KF 5 JK
macro= 146  E= -78.9918190334421  delta_E= -0.000825082  |g|= 0.0580815  2 KF 5 JK
macro= 147  E= -78.9909874100077  delta_E= 0.000831623  |g|= 0.0499409  2 KF 5 JK
macro= 148  E= -78.9918214589991  delta_E= -0.000834049  |g|= 0.0581451  2 KF 5 JK
macro= 149  E= -78.9909810689888  delta_E= 0.00084039  |g|= 0.0499013  2 KF 5 JK
macro= 150  E= -78.991823805238  delta_E= -0.000842736  |g|= 0.0582066  2 KF 5 JK
macro= 151  E= -78.9909749240638  delta_E= 0.000848881  |g|= 0.0498628  2 KF 5 JK
macro= 152  E= -78.9918260747682  delta_E= -0.000851151  |g|= 0.0582661  2 KF 5 JK
macro= 153  E= -78.9909689711622  delta_E= 0.000857104  |g|= 0.0498254  2 KF 5 JK
macro= 154  E= -78.9918282701241  delta_E= -0.000859299  |g|= 0.0583237  2 KF 5 JK
macro= 155  E= -78.9909632061924  delta_E= 0.000865064  |g|= 0.0497891  2 KF 5 JK
macro= 156  E= -78.9918303937662  delta_E= -0.000867188  |g|= 0.0583794  2 KF 5 JK
macro= 157  E= -78.9909576250503  delta_E= 0.000872769  |g|= 0.0497538  2 KF 5 JK
macro= 158  E= -78.991832448083  delta_E= -0.000874823  |g|= 0.0584332  2 KF 5 JK
macro= 159  E= -78.990952223626  delta_E= 0.000880224  |g|= 0.0497196  2 KF 5 JK
macro= 160  E= -78.9918344353931  delta_E= -0.000882212  |g|= 0.0584852  2 KF 5 JK
macro= 161  E= -78.9909469978112  delta_E= 0.000887438  |g|= 0.0496863  2 KF 5 JK
macro= 162  E= -78.9918363579462  delta_E= -0.00088936  |g|= 0.0585355  2 KF 5 JK
macro= 163  E= -78.990941943505  delta_E= 0.000894414  |g|= 0.049654  2 KF 5 JK
macro= 164  E= -78.9918382179251  delta_E= -0.000896274  |g|= 0.0585841  2 KF 5 JK
macro= 165  E= -78.9909370566215  delta_E= 0.000901161  |g|= 0.0496226  2 KF 5 JK
macro= 166  E= -78.9918400174471  delta_E= -0.000902961  |g|= 0.058631  2 KF 5 JK
macro= 167  E= -78.9909323330939  delta_E= 0.000907684  |g|= 0.0495922  2 KF 5 JK
macro= 168  E= -78.9918417585656  delta_E= -0.000909425  |g|= 0.0586763  2 KF 5 JK
macro= 169  E= -78.9909277688813  delta_E= 0.00091399  |g|= 0.0495626  2 KF 5 JK
macro= 170  E= -78.991843443272  delta_E= -0.000915674  |g|= 0.05872  2 KF 5 JK
macro= 171  E= -78.9909233599729  delta_E= 0.000920083  |g|= 0.0495339  2 KF 5 JK
macro= 172  E= -78.9918450734969  delta_E= -0.000921714  |g|= 0.0587622  2 KF 5 JK
macro= 173  E= -78.9909191023932  delta_E= 0.000925971  |g|= 0.049506  2 KF 5 JK
macro= 174  E= -78.9918466511114  delta_E= -0.000927549  |g|= 0.058803  2 KF 5 JK
macro= 175  E= -78.990914992206  delta_E= 0.000931659  |g|= 0.049479  2 KF 5 JK
macro= 176  E= -78.9918481779293  delta_E= -0.000933186  |g|= 0.0588423  2 KF 5 JK
macro= 177  E= -78.9909110255186  delta_E= 0.000937152  |g|= 0.0494527  2 KF 5 JK
macro= 178  E= -78.9918496557077  delta_E= -0.00093863  |g|= 0.0588802  2 KF 5 JK
macro= 179  E= -78.9909071984851  delta_E= 0.000942457  |g|= 0.0494272  2 KF 5 JK
macro= 180  E= -78.9918510861494  delta_E= -0.000943888  |g|= 0.0589167  2 KF 5 JK
macro= 181  E= -78.9909035073104  delta_E= 0.000947579  |g|= 0.0494025  2 KF 5 JK
macro= 182  E= -78.9918524709033  delta_E= -0.000948964  |g|= 0.0589519  2 KF 5 JK
macro= 183  E= -78.9908999482522  delta_E= 0.000952523  |g|= 0.0493785  2 KF 5 JK
macro= 184  E= -78.9918538115668  delta_E= -0.000953863  |g|= 0.0589859  2 KF 5 JK
macro= 185  E= -78.9908965176246  delta_E= 0.000957294  |g|= 0.0493552  2 KF 5 JK
macro= 186  E= -78.9918551096864  delta_E= -0.000958592  |g|= 0.0590186  2 KF 5 JK
macro= 187  E= -78.9908932118002  delta_E= 0.000961898  |g|= 0.0493326  2 KF 5 JK
macro= 188  E= -78.9918563667595  delta_E= -0.000963155  |g|= 0.0590501  2 KF 5 JK
macro= 189  E= -78.9908900272118  delta_E= 0.00096634  |g|= 0.0493106  2 KF 5 JK
macro= 190  E= -78.9918575842354  delta_E= -0.000967557  |g|= 0.0590805  2 KF 5 JK
macro= 191  E= -78.990886960355  delta_E= 0.000970624  |g|= 0.0492893  2 KF 5 JK
macro= 192  E= -78.9918587635172  delta_E= -0.000971803  |g|= 0.0591097  2 KF 5 JK
macro= 193  E= -78.9908840077891  delta_E= 0.000974756  |g|= 0.0492686  2 KF 5 JK
macro= 194  E= -78.9918599059623  delta_E= -0.000975898  |g|= 0.0591379  2 KF 5 JK
macro= 195  E= -78.9908811661392  delta_E= 0.00097874  |g|= 0.0492485  2 KF 5 JK
macro= 196  E= -78.9918610128843  delta_E= -0.000979847  |g|= 0.0591649  2 KF 5 JK
macro= 197  E= -78.9908784320964  delta_E= 0.000982581  |g|= 0.049229  2 KF 5 JK
macro= 198  E= -78.9918620855537  delta_E= -0.000983653  |g|= 0.059191  2 KF 5 JK
macro= 199  E= -78.9908758024198  delta_E= 0.000986283  |g|= 0.0492101  2 KF 5 JK
Canonicalize SCF orbitals
macro X = 200  E=-78.9908758024198  |g|= 0.0492101  total 402 KF 1218 JK
SCF not converged.
SCF energy = -78.9908758024198 after 200 cycles  <S^2> = 2.0139546  2S+1 = 3.0092887

WARN: Orbital degeneracy broken

uhf_internal: lowest eigs of H = [0.11990596 0.26203753 0.44754776]
<class 'pyscf.soscf.newton_ah.SecondOrderSymAdaptedUHF'> wavefunction is stable in the internal stability analysis
