------------------------------------------- AFQMC Sampling Started -------------------------------------------
Hostname: gpua099.delta.ncsa.illinois.edu
System Type: Linux
Machine Type: x86_64
Processor: x86_64
Using GPU.
System: Linux
Node Name: gpua099.delta.ncsa.illinois.edu
Release: 5.14.0-427.91.1.el9_4.x86_64
Version: #1 SMP PREEMPT_DYNAMIC Wed Sep 17 10:08:59 EDT 2025
Machine: x86_64
Processor: x86_64
Decomposing Unrestricted T2 amplitudes
Throw 0 vectors in T2 deomposition
SVD cutoff = 1.00e-08 | error = 1.80e-15
number of T2 decomposition vectors 598
norb: 41
nelec: (10, 9)
n_eql: 120
n_blocks: 1000
n_walkers: 300
dt: 0.005
max_error: 0.0
seed: 17
walker_type: uhf
trial: uccsd_pt2
free_projection: False
use_gpu: True
n_exp_terms: 6
n_prop_steps: 50
save_walkers: False
n_batch: 1
nchol_chunk: 100
mix_precision: True
initial AFQMC/pt2CCSD Energy is -225.503078
Propagating with 300 walkers
----------------------------------------------- Equilibration ------------------------------------------------
inv_T        weight  killW        energy   runTime
 0.00    300.000000      0   -224.942630     13.69
 3.00    308.430803      0   -225.492507     21.52
 6.00    307.616626      0   -225.500307     22.44
 9.00    306.781447      0   -225.514152     23.36
12.00    308.000622      0   -225.492358     24.28
15.00    308.317684      0   -225.524530     25.20
18.00    307.325098      0   -225.521203     26.12
21.00    307.780773      0   -225.543237     27.04
24.00    308.137407      0   -225.574146     27.96
27.00    308.086790      2   -225.510887     28.88
30.00    307.852999      0   -225.561649     29.80
---------------------------------------------- Sampling Blocks -----------------------------------------------
blocks        weight  killW       E_Guide     error       E_Trial     error     olp_T/G     error  Walltime
    20    307.795864      0   -225.524922  0.005952   -225.525084  0.002444   -1.099307  0.006407   39.35
    40    307.057114      1   -225.535077  0.007546   -225.530128  0.004079   -1.105123  0.004807   42.32
    60    306.157788      3   -225.528469  0.006819   -225.527522  0.002825   -1.111521  0.005128   45.28
    80    305.474784      6   -225.530166  0.005200   -225.527498  0.002186   -1.115713  0.004833   48.24
   100    304.863434     10   -225.530480  0.004198   -225.526537  0.001788   -1.116449  0.003714   51.21
   120    304.329932     12   -225.529302  0.003575   -225.526523  0.001538   -1.116279  0.003069   54.17
   140    303.832860     13   -225.526119  0.003748   -225.525919  0.001345   -1.115530  0.002754   57.12
   160    303.416749     17   -225.524391  0.003475   -225.525240  0.001205   -1.113295  0.002853   60.09
   180    303.069524     18   -225.524396  0.003078   -225.525002  0.001120   -1.111529  0.002824   63.06
   200    302.752497     21   -225.523091  0.002950   -225.524769  0.001030   -1.109744  0.002836   66.04
   220    302.493257     23   -225.524108  0.002793   -225.525533  0.001012   -1.109378  0.002610   69.01
   240    302.263004     26   -225.524725  0.002606   -225.526010  0.000959   -1.109759  0.002404   71.97
   260    302.050762     29   -225.525397  0.002473   -225.525872  0.000899   -1.109160  0.002258   74.94
   280    301.862382     30   -225.526081  0.002370   -225.526232  0.001004   -1.109305  0.002106   77.90
   300    301.692570     34   -225.525846  0.002230   -225.526164  0.000944   -1.108856  0.002013   80.86
   320    301.533817     39   -225.526436  0.002172   -225.526426  0.000920   -1.108427  0.001918   83.82
   340    301.390334     40   -225.526717  0.002128   -225.526401  0.000873   -1.108282  0.001830   86.78
   360    301.262511     43   -225.527248  0.002173   -225.526551  0.000859   -1.107965  0.001756   89.75
   380    301.150464     47   -225.527558  0.002128   -225.526668  0.000821   -1.108506  0.001711   92.71
   400    301.045223     49   -225.527731  0.002052   -225.526698  0.000800   -1.108704  0.001631   95.67
   420    300.949963     52   -225.527903  0.001979   -225.526564  0.000766   -1.108866  0.001557   98.63
   440    300.859578     52   -225.527258  0.001942   -225.526400  0.000735   -1.108843  0.001583  101.59
   460    300.777597     55   -225.526692  0.001911   -225.526377  0.000709   -1.108506  0.001546  104.55
   480    300.694622     58   -225.526406  0.001999   -225.526241  0.000683   -1.108524  0.001504  107.51
   500    300.616263     61   -225.526699  0.001963   -225.526149  0.000662   -1.107913  0.001538  110.47
   520    300.546380     64   -225.526613  0.001882   -225.526073  0.000641   -1.107919  0.001528  113.43
   540    300.478996     64   -225.526520  0.001809   -225.526166  0.000621   -1.108409  0.001516  116.39
   560    300.422951     66   -225.526766  0.001771   -225.526166  0.000604   -1.108844  0.001565  119.35
   580    300.369576     69   -225.526838  0.001723   -225.526176  0.000586   -1.109121  0.001543  122.31
   600    300.317412     71   -225.526896  0.001664   -225.526204  0.000573   -1.109410  0.001566  125.30
   620    300.266715     73   -225.526768  0.001658   -225.526201  0.000557   -1.109697  0.001545  128.26
   640    300.229548     74   -225.526547  0.001689   -225.526090  0.000544   -1.109857  0.001515  131.23
   660    300.195070     74   -225.526764  0.001669   -225.526079  0.000530   -1.109968  0.001476  134.19
   680    300.155461     78   -225.526671  0.001629   -225.526018  0.000519   -1.110420  0.001478  137.15
   700    300.123352     81   -225.526660  0.001633   -225.525993  0.000506   -1.110543  0.001480  140.11
   720    300.087815     81   -225.526671  0.001578   -225.525980  0.000494   -1.110538  0.001431  143.08
   740    300.053481     83   -225.526605  0.001543   -225.525956  0.000484   -1.110445  0.001399  146.04
   760    300.023688     86   -225.526843  0.001511   -225.525946  0.000474   -1.110647  0.001433  149.00
   780    299.999440     87   -225.527229  0.001501   -225.525987  0.000464   -1.110750  0.001400  151.96
   800    299.968264     90   -225.527087  0.001505   -225.525912  0.000455   -1.110861  0.001373  154.93
   820    299.939283     95   -225.527049  0.001479   -225.525937  0.000447   -1.110910  0.001341  157.89
   840    299.912957     95   -225.526724  0.001508   -225.525798  0.000444   -1.110945  0.001359  160.85
   860    299.892895     96   -225.526848  0.001508   -225.525789  0.000435   -1.110802  0.001359  163.82
   880    299.871292     97   -225.526775  0.001476   -225.525759  0.000428   -1.110892  0.001347  166.78
   900    299.852205    100   -225.527123  0.001440   -225.525872  0.000429   -1.111046  0.001347  169.74
   920    299.835941    102   -225.527200  0.001439   -225.525934  0.000424   -1.111139  0.001323  172.71
   940    299.814272    104   -225.526999  0.001413   -225.525851  0.000417   -1.111104  0.001293  175.66
   960    299.790461    105   -225.526672  0.001409   -225.525826  0.000411   -1.111072  0.001297  178.63
   980    299.773356    106   -225.526554  0.001455   -225.525779  0.000404   -1.111251  0.001297  181.59
  1000    299.758739    108   -225.526879  0.001427   -225.525912  0.000410   -1.111372  0.001286  184.57
---------------------------------------------- Post Propagation ----------------------------------------------
Total number of samples 1000
Raw AFQMC/HF (Guide) energy:           -225.526879 ± 0.001427
Raw Trial/Guide overlap ratio:          -1.111372 ± 0.001286
Raw AFQMC/pt2CCSD energy (covariance): -225.525912 ± 0.000410
Raw AFQMC/pt2CCSD energy (dir sample): -225.525912 ± 0.000350
--------------------------------------------- Clean Obeservation ---------------------------------------------
removing energies outside zeta > 30
Outlier energy bound [-225.727336, -225.320795]
Removed 0 outliers with energies []
Clean AFQMC/pt2CCSD overlap ratio:        -1.111372 ± 0.001286
Clean AFQMC/pt2CCSD energy (covariance): -225.525912 ± 0.000410
Clean AFQMC/ptCCSD energy (dir sample):  -225.525912 ± 0.000350
--------------------------------------------- Blocking Analysis ----------------------------------------------
nsample = 1000, max_block_size = 25, min_nblocks = 40
   B    NB    NS  Observable     Error    dError
   1  1000  1000   -1.111374  0.000334  0.000007
   2   500  1000   -1.111373  0.000451  0.000014
   3   333   999   -1.111377  0.000541  0.000021
   4   250  1000   -1.111373  0.000608  0.000027
   5   200  1000   -1.111373  0.000670  0.000034
   6   166   996   -1.111369  0.000725  0.000040
   7   142   994   -1.111343  0.000783  0.000047
   8   125  1000   -1.111372  0.000806  0.000051
   9   111   999   -1.111376  0.000853  0.000058
  10   100  1000   -1.111372  0.000888  0.000063
  11    90   990   -1.111320  0.000930  0.000070
  12    83   996   -1.111368  0.000964  0.000075
  13    76   988   -1.111314  0.000998  0.000081
  14    71   994   -1.111343  0.001032  0.000087
  15    66   990   -1.111320  0.001066  0.000094
  16    62   992   -1.111334  0.001083  0.000098
  17    58   986   -1.111314  0.001082  0.000101
  18    55   990   -1.111320  0.001105  0.000106
  19    52   988   -1.111314  0.001149  0.000114
  20    50  1000   -1.111372  0.001137  0.000115
  21    47   987   -1.111314  0.001194  0.000124
  22    45   990   -1.111320  0.001222  0.000130
  23    43   989   -1.111316  0.001200  0.000131
  24    41   984   -1.111300  0.001286  0.000144
  25    40  1000   -1.111372  0.001200  0.000136
Fit (variance): plateau_var = 2.453e-06 ± 6.439e-07
Fit (error):    plateau = 0.001566 ± 0.000206
     autocorrelation length ~ 25.5 blocks
     plateau reached at block size ~ 118
     !!!Failed to reach plateau in blocking
     Return max block error
nclean = 1000, max_block_size = 25, min_nblocks = 40
Blk_SZ   NBlk   NSmp      Energy     Error    dError
     1   1000   1000  -225.525685  0.000351  0.000008
     2    500   1000  -225.525747  0.000376  0.000012
     3    333    999  -225.525765  0.000398  0.000015
     4    250   1000  -225.525799  0.000402  0.000018
     5    200   1000  -225.525823  0.000390  0.000020
     6    166    996  -225.525851  0.000408  0.000022
     7    142    994  -225.525752  0.000385  0.000023
     8    125   1000  -225.525839  0.000403  0.000026
     9    111    999  -225.525845  0.000421  0.000028
    10    100   1000  -225.525851  0.000412  0.000029
    11     90    990  -225.525759  0.000386  0.000029
    12     83    996  -225.525883  0.000455  0.000036
    13     76    988  -225.525740  0.000408  0.000033
    14     71    994  -225.525782  0.000394  0.000033
    15     66    990  -225.525767  0.000385  0.000034
    16     62    992  -225.525758  0.000392  0.000036
    17     58    986  -225.525759  0.000463  0.000043
    18     55    990  -225.525781  0.000428  0.000041
    19     52    988  -225.525748  0.000419  0.000041
    20     50   1000  -225.525879  0.000464  0.000047
    21     47    987  -225.525756  0.000448  0.000047
    22     45    990  -225.525779  0.000411  0.000044
    23     43    989  -225.525747  0.000409  0.000045
    24     41    984  -225.525748  0.000401  0.000045
    25     40   1000  -225.525883  0.000441  0.000050
Fit (variance): plateau_var = 1.673577e-07 ± 6.613250e-09
Fit (error):    plateau = 0.000409 ± 0.000008
     autocorrelation length ~ 1.8 blocks
     plateau reached at block size ~ 7
Final AFQMC/pt2CCSD overlap ratio: -1.111372 ± 0.001286
Final AFQMC/pt2CCSD energy: -225.525912 ± 0.000409
Total run time: 192.89
------------------------------------------ AFQMC Sampling Finished -------------------------------------------
