------------------------------------------- AFQMC Sampling Started -------------------------------------------
Hostname: gpua099.delta.ncsa.illinois.edu
System Type: Linux
Machine Type: x86_64
Processor: x86_64
Using GPU.
System: Linux
Node Name: gpua099.delta.ncsa.illinois.edu
Release: 5.14.0-427.91.1.el9_4.x86_64
Version: #1 SMP PREEMPT_DYNAMIC Wed Sep 17 10:08:59 EDT 2025
Machine: x86_64
Processor: x86_64
Decomposing Unrestricted T2 amplitudes
Throw 0 vectors in T2 deomposition
SVD cutoff = 1.00e-08 | error = 4.62e-16
number of T2 decomposition vectors 82
norb: 17
nelec: (4, 2)
n_eql: 120
n_blocks: 1000
n_walkers: 300
dt: 0.005
max_error: 0.0
seed: 17
walker_type: uhf
trial: uccsd_pt2
free_projection: False
use_gpu: True
n_exp_terms: 6
n_prop_steps: 50
save_walkers: False
n_batch: 1
nchol_chunk: 98
mix_precision: True
initial AFQMC/pt2CCSD Energy is -39.020014
Propagating with 300 walkers
----------------------------------------------- Equilibration ------------------------------------------------
inv_T        weight  killW        energy   runTime
 0.00    300.000000      0    -38.919679     10.73
 3.00    301.035810      0    -39.022519     16.78
 6.00    301.351237      0    -39.018659     17.24
 9.00    301.331467      0    -39.020102     17.70
12.00    301.530797      0    -39.010530     18.16
15.00    301.215365      0    -39.029177     18.62
18.00    301.259449      0    -39.027247     19.08
21.00    301.161921      0    -39.019004     19.54
24.00    301.336501      0    -39.021973     20.01
27.00    301.141421      0    -39.015414     20.47
30.00    301.360808      0    -39.024923     20.93
---------------------------------------------- Sampling Blocks -----------------------------------------------
blocks        weight  killW       E_Guide     error       E_Trial     error     olp_T/G     error  Walltime
    20    301.451016      0    -39.028424  0.002853    -39.021716  0.000137    1.000698  0.000097   27.05
    40    301.207515      0    -39.024115  0.003866    -39.021890  0.000191    1.000943  0.000160   27.94
    60    301.065982      0    -39.024693  0.002560    -39.021887  0.000181    1.000853  0.000122   28.82
    80    300.938625      0    -39.024229  0.001936    -39.021794  0.000139    1.000763  0.000107   29.70
   100    300.840750      0    -39.024171  0.001411    -39.021767  0.000113    1.000770  0.000085   30.59
   120    300.752153      0    -39.023778  0.001259    -39.021742  0.000095    1.000721  0.000083   31.47
   140    300.664039      0    -39.023740  0.001085    -39.021726  0.000084    1.000680  0.000077   32.36
   160    300.587695      0    -39.023537  0.001004    -39.021715  0.000075    1.000657  0.000072   33.24
   180    300.526398      0    -39.023260  0.000913    -39.021706  0.000067    1.000664  0.000062   34.12
   200    300.465972      0    -39.023065  0.000830    -39.021704  0.000061    1.000659  0.000056   35.01
   220    300.413818      0    -39.022689  0.000800    -39.021693  0.000056    1.000673  0.000052   35.89
   240    300.370486      0    -39.022698  0.000742    -39.021695  0.000052    1.000644  0.000052   36.77
   260    300.328763      0    -39.022607  0.000700    -39.021691  0.000048    1.000629  0.000049   37.66
   280    300.291896      0    -39.022510  0.000666    -39.021696  0.000045    1.000637  0.000046   38.54
   300    300.259890      0    -39.022223  0.000659    -39.021681  0.000042    1.000645  0.000043   39.42
   320    300.233053      0    -39.022169  0.000618    -39.021679  0.000040    1.000645  0.000041   40.30
   340    300.206745      0    -39.022134  0.000615    -39.021688  0.000039    1.000616  0.000043   41.19
   360    300.178780      0    -39.021967  0.000592    -39.021684  0.000037    1.000621  0.000041   42.07
   380    300.164407      0    -39.022024  0.000573    -39.021687  0.000037    1.000596  0.000043   42.95
   400    300.145459      0    -39.021857  0.000559    -39.021676  0.000035    1.000586  0.000043   43.84
   420    300.133567      0    -39.021951  0.000539    -39.021670  0.000034    1.000591  0.000041   44.73
   440    300.120866      0    -39.022202  0.000547    -39.021671  0.000032    1.000590  0.000041   45.61
   460    300.104611      0    -39.022200  0.000523    -39.021674  0.000031    1.000585  0.000040   46.49
   480    300.092673      0    -39.022347  0.000550    -39.021688  0.000031    1.000577  0.000040   47.38
   500    300.079514      0    -39.022211  0.000537    -39.021684  0.000030    1.000586  0.000039   48.26
   520    300.065846      0    -39.022029  0.000547    -39.021681  0.000029    1.000594  0.000038   49.15
   540    300.056005      0    -39.022094  0.000534    -39.021683  0.000028    1.000597  0.000037   50.04
   560    300.044885      0    -39.022112  0.000522    -39.021680  0.000028    1.000599  0.000037   50.93
   580    300.035201      0    -39.022049  0.000510    -39.021676  0.000027    1.000610  0.000037   51.81
   600    300.027418      0    -39.022162  0.000495    -39.021677  0.000026    1.000607  0.000038   52.77
   620    300.020086      0    -39.022155  0.000484    -39.021670  0.000026    1.000606  0.000037   53.65
   640    300.013989      0    -39.022181  0.000470    -39.021670  0.000025    1.000610  0.000037   54.53
   660    300.008591      0    -39.022371  0.000493    -39.021672  0.000024    1.000608  0.000035   55.42
   680    300.003904      1    -39.022477  0.000498    -39.021675  0.000024    1.000613  0.000035   56.30
   700    299.996425      1    -39.022462  0.000490    -39.021668  0.000023    1.000619  0.000034   57.19
   720    299.989653      1    -39.022342  0.000484    -39.021663  0.000023    1.000627  0.000034   58.08
   740    299.984612      1    -39.022339  0.000472    -39.021663  0.000022    1.000623  0.000033   58.97
   760    299.979400      1    -39.022405  0.000465    -39.021669  0.000022    1.000617  0.000034   59.85
   780    299.974590      1    -39.022407  0.000456    -39.021670  0.000022    1.000615  0.000033   60.73
   800    299.969554      1    -39.022352  0.000452    -39.021665  0.000021    1.000612  0.000033   61.61
   820    299.965546      1    -39.022392  0.000441    -39.021663  0.000021    1.000607  0.000032   62.50
   840    299.961062      1    -39.022409  0.000435    -39.021663  0.000021    1.000598  0.000033   63.38
   860    299.955518      1    -39.022293  0.000428    -39.021658  0.000020    1.000598  0.000032   64.27
   880    299.950778      1    -39.022238  0.000429    -39.021655  0.000020    1.000600  0.000032   65.15
   900    299.947475      2    -39.022227  0.000418    -39.021654  0.000020    1.000604  0.000032   66.04
   920    299.944990      2    -39.022265  0.000409    -39.021650  0.000019    1.000608  0.000031   66.92
   940    299.944169      2    -39.022341  0.000403    -39.021649  0.000019    1.000606  0.000031   67.81
   960    299.939980      2    -39.022326  0.000405    -39.021648  0.000019    1.000611  0.000030   68.70
   980    299.936873      2    -39.022280  0.000402    -39.021647  0.000018    1.000613  0.000030   69.58
  1000    299.933565      2    -39.022283  0.000394    -39.021648  0.000018    1.000609  0.000030   70.47
---------------------------------------------- Post Propagation ----------------------------------------------
Total number of samples 1000
Raw AFQMC/HF (Guide) energy:           -39.022283 ± 0.000394
Raw Trial/Guide overlap ratio:          1.000609 ± 0.000030
Raw AFQMC/pt2CCSD energy (covariance): -39.021648 ± 0.000018
Raw AFQMC/pt2CCSD energy (dir sample): -39.021648 ± 0.000014
--------------------------------------------- Clean Obeservation ---------------------------------------------
removing energies outside zeta > 30
Outlier energy bound [-39.029853, -39.013236]
Removed 0 outliers with energies []
Clean AFQMC/pt2CCSD overlap ratio:        1.000609 ± 0.000030
Clean AFQMC/pt2CCSD energy (covariance): -39.021648 ± 0.000018
Clean AFQMC/ptCCSD energy (dir sample):  -39.021648 ± 0.000014
--------------------------------------------- Blocking Analysis ----------------------------------------------
nsample = 1000, max_block_size = 25, min_nblocks = 40
   B    NB    NS  Observable     Error    dError
   1  1000  1000    1.000609  0.000010  0.000000
   2   500  1000    1.000609  0.000013  0.000000
   3   333   999    1.000609  0.000015  0.000001
   4   250  1000    1.000609  0.000017  0.000001
   5   200  1000    1.000609  0.000019  0.000001
   6   166   996    1.000609  0.000020  0.000001
   7   142   994    1.000609  0.000021  0.000001
   8   125  1000    1.000609  0.000022  0.000001
   9   111   999    1.000609  0.000024  0.000002
  10   100  1000    1.000609  0.000024  0.000002
  11    90   990    1.000609  0.000025  0.000002
  12    83   996    1.000609  0.000025  0.000002
  13    76   988    1.000610  0.000026  0.000002
  14    71   994    1.000609  0.000027  0.000002
  15    66   990    1.000609  0.000028  0.000002
  16    62   992    1.000610  0.000028  0.000003
  17    58   986    1.000610  0.000028  0.000003
  18    55   990    1.000609  0.000028  0.000003
  19    52   988    1.000610  0.000029  0.000003
  20    50  1000    1.000609  0.000029  0.000003
  21    47   987    1.000610  0.000029  0.000003
  22    45   990    1.000609  0.000030  0.000003
  23    43   989    1.000609  0.000030  0.000003
  24    41   984    1.000611  0.000030  0.000003
  25    40  1000    1.000609  0.000030  0.000003
Fit (variance): plateau_var = 1.052e-09 ± 1.321e-10
Fit (error):    plateau = 0.000032 ± 0.000002
     autocorrelation length ~ 12.5 blocks
     plateau reached at block size ~ 58
     !!!Failed to reach plateau in blocking
     Return max block error
nclean = 1000, max_block_size = 25, min_nblocks = 40
Blk_SZ   NBlk   NSmp      Energy     Error    dError
     1   1000   1000  -39.021633  0.000014  0.000000
     2    500   1000  -39.021636  0.000017  0.000001
     3    333    999  -39.021638  0.000018  0.000001
     4    250   1000  -39.021639  0.000019  0.000001
     5    200   1000  -39.021640  0.000019  0.000001
     6    166    996  -39.021639  0.000021  0.000001
     7    142    994  -39.021641  0.000021  0.000001
     8    125   1000  -39.021642  0.000020  0.000001
     9    111    999  -39.021642  0.000021  0.000001
    10    100   1000  -39.021643  0.000019  0.000001
    11     90    990  -39.021643  0.000022  0.000002
    12     83    996  -39.021642  0.000020  0.000002
    13     76    988  -39.021644  0.000019  0.000002
    14     71    994  -39.021643  0.000022  0.000002
    15     66    990  -39.021644  0.000023  0.000002
    16     62    992  -39.021643  0.000023  0.000002
    17     58    986  -39.021646  0.000021  0.000002
    18     55    990  -39.021644  0.000020  0.000002
    19     52    988  -39.021646  0.000019  0.000002
    20     50   1000  -39.021645  0.000019  0.000002
    21     47    987  -39.021646  0.000021  0.000002
    22     45    990  -39.021645  0.000022  0.000002
    23     43    989  -39.021645  0.000021  0.000002
    24     41    984  -39.021646  0.000022  0.000002
    25     40   1000  -39.021646  0.000019  0.000002
Fit (variance): plateau_var = 4.226457e-10 ± 1.806685e-11
Fit (error):    plateau = 0.000021 ± 0.000000
     autocorrelation length ~ 2.4 blocks
     plateau reached at block size ~ 11
Final AFQMC/pt2CCSD overlap ratio: 1.000609 ± 0.000030
Final AFQMC/pt2CCSD energy: -39.021648 ± 0.000021
Total run time: 78.82
------------------------------------------ AFQMC Sampling Finished -------------------------------------------
