------------------------------------------- AFQMC Sampling Started -------------------------------------------
Hostname: gpua099.delta.ncsa.illinois.edu
System Type: Linux
Machine Type: x86_64
Processor: x86_64
Using GPU.
System: Linux
Node Name: gpua099.delta.ncsa.illinois.edu
Release: 5.14.0-427.91.1.el9_4.x86_64
Version: #1 SMP PREEMPT_DYNAMIC Wed Sep 17 10:08:59 EDT 2025
Machine: x86_64
Processor: x86_64
Decomposing Unrestricted T2 amplitudes
Throw 0 vectors in T2 deomposition
SVD cutoff = 1.00e-08 | error = 6.14e-16
number of T2 decomposition vectors 62
norb: 15
nelec: (3, 2)
n_eql: 120
n_blocks: 1000
n_walkers: 300
dt: 0.005
max_error: 0.0
seed: 17
walker_type: uhf
trial: uccsd_pt2
free_projection: False
use_gpu: True
n_exp_terms: 6
n_prop_steps: 50
save_walkers: False
n_batch: 1
nchol_chunk: 84
mix_precision: True
initial AFQMC/pt2CCSD Energy is -38.367247
Propagating with 300 walkers
----------------------------------------------- Equilibration ------------------------------------------------
inv_T        weight  killW        energy   runTime
 0.00    300.000000      0    -38.272586      9.77
 3.00    301.041810      0    -38.355845     15.14
 6.00    301.018242      0    -38.360966     15.56
 9.00    301.080537      0    -38.364642     15.98
12.00    300.530665      0    -38.362289     16.40
15.00    300.473929      0    -38.362832     16.82
18.00    300.605330      0    -38.367281     17.25
21.00    300.586445      0    -38.354880     17.67
24.00    300.434759      2    -38.360987     18.09
27.00    300.193953      0    -38.357840     18.51
30.00    300.542580      0    -38.359713     18.93
---------------------------------------------- Sampling Blocks -----------------------------------------------
blocks        weight  killW       E_Guide     error       E_Trial     error     olp_T/G     error  Walltime
    20    300.505230      2    -38.363013  0.001689    -38.369258  0.000180   -1.038255  0.005940   24.13
    40    300.342104      4    -38.363423  0.001175    -38.369364  0.000122   -1.042827  0.003815   24.92
    60    300.188909      6    -38.363894  0.001004    -38.369507  0.000103   -1.047947  0.004159   25.71
    80    300.101936      8    -38.364048  0.001070    -38.369418  0.000105   -1.051758  0.004045   26.50
   100    300.019005     11    -38.363654  0.000966    -38.369476  0.000096   -1.053083  0.003419   27.29
   120    299.945208     13    -38.364495  0.000926    -38.369438  0.000085   -1.055017  0.003113   28.09
   140    299.875038     16    -38.364706  0.000833    -38.369460  0.000079   -1.056870  0.002962   28.88
   160    299.806772     20    -38.364855  0.000749    -38.369466  0.000074   -1.057723  0.002660   29.67
   180    299.753731     22    -38.364609  0.000716    -38.369477  0.000069   -1.057754  0.002371   30.46
   200    299.706976     27    -38.364653  0.000687    -38.369502  0.000068   -1.059014  0.002305   31.25
   220    299.656126     29    -38.364635  0.000671    -38.369522  0.000065   -1.060242  0.002258   32.04
   240    299.616933     31    -38.364965  0.000672    -38.369528  0.000061   -1.061766  0.002331   32.83
   260    299.600754     34    -38.365197  0.000684    -38.369510  0.000059   -1.061994  0.002190   33.62
   280    299.572071     37    -38.365059  0.000632    -38.369505  0.000057   -1.060970  0.002153   34.41
   300    299.539558     41    -38.364981  0.000599    -38.369508  0.000055   -1.060914  0.002019   35.20
   320    299.512250     45    -38.364844  0.000568    -38.369487  0.000053   -1.060713  0.001901   35.99
   340    299.488465     50    -38.364854  0.000571    -38.369482  0.000051   -1.060720  0.001788   36.79
   360    299.474472     51    -38.364652  0.000559    -38.369479  0.000049   -1.060678  0.001697   37.58
   380    299.455686     52    -38.364401  0.000560    -38.369473  0.000047   -1.061174  0.001649   38.37
   400    299.440237     57    -38.364553  0.000546    -38.369454  0.000046   -1.061803  0.001626   39.16
   420    299.426929     60    -38.364750  0.000558    -38.369456  0.000045   -1.062245  0.001578   39.95
   440    299.413257     60    -38.364630  0.000539    -38.369450  0.000043   -1.062100  0.001590   40.75
   460    299.396184     65    -38.364748  0.000545    -38.369449  0.000043   -1.062280  0.001552   41.54
   480    299.383971     67    -38.364674  0.000532    -38.369438  0.000041   -1.062275  0.001494   42.33
   500    299.374411     69    -38.364745  0.000510    -38.369438  0.000040   -1.062454  0.001452   43.12
   520    299.368815     70    -38.365121  0.000560    -38.369462  0.000041   -1.062820  0.001441   43.92
   540    299.356577     75    -38.365303  0.000556    -38.369463  0.000040   -1.063223  0.001420   44.70
   560    299.346059     77    -38.365261  0.000545    -38.369466  0.000040   -1.063461  0.001480   45.50
   580    299.335564     79    -38.365182  0.000543    -38.369465  0.000039   -1.063179  0.001468   46.29
   600    299.327833     82    -38.365239  0.000531    -38.369464  0.000038   -1.063436  0.001439   47.08
   620    299.321268     82    -38.365225  0.000517    -38.369461  0.000038   -1.063474  0.001398   47.87
   640    299.313336     85    -38.365219  0.000510    -38.369465  0.000038   -1.063666  0.001403   48.66
   660    299.308131     88    -38.365438  0.000513    -38.369456  0.000041   -1.064290  0.001458   49.45
   680    299.302670     90    -38.365510  0.000531    -38.369458  0.000041   -1.064472  0.001459   50.25
   700    299.297502     92    -38.365466  0.000519    -38.369454  0.000040   -1.064837  0.001450   51.04
   720    299.286141     97    -38.365490  0.000509    -38.369468  0.000040   -1.065026  0.001475   51.83
   740    299.280164     99    -38.365389  0.000501    -38.369474  0.000039   -1.064785  0.001453   52.63
   760    299.274016    100    -38.365374  0.000503    -38.369466  0.000038   -1.064391  0.001476   53.42
   780    299.268775    103    -38.365254  0.000503    -38.369468  0.000038   -1.064398  0.001439   54.22
   800    299.265031    108    -38.365276  0.000492    -38.369488  0.000044   -1.064232  0.001452   55.01
   820    299.261146    111    -38.365231  0.000484    -38.369485  0.000043   -1.064226  0.001417   55.81
   840    299.258519    114    -38.365257  0.000474    -38.369479  0.000042   -1.064321  0.001386   56.60
   860    299.252764    116    -38.365210  0.000468    -38.369481  0.000042   -1.064148  0.001377   57.40
   880    299.245411    118    -38.365172  0.000458    -38.369482  0.000041   -1.064077  0.001421   58.19
   900    299.240943    119    -38.365228  0.000452    -38.369497  0.000041   -1.064134  0.001421   58.98
   920    299.238662    122    -38.365295  0.000449    -38.369497  0.000040   -1.064139  0.001388   59.77
   940    299.236374    124    -38.365254  0.000440    -38.369493  0.000039   -1.063956  0.001355   60.56
   960    299.231824    128    -38.365225  0.000431    -38.369487  0.000039   -1.064141  0.001330   61.35
   980    299.226826    130    -38.365264  0.000424    -38.369489  0.000038   -1.064416  0.001330   62.15
  1000    299.224603    133    -38.365266  0.000417    -38.369485  0.000038   -1.064447  0.001343   62.94
---------------------------------------------- Post Propagation ----------------------------------------------
Total number of samples 1000
Raw AFQMC/HF (Guide) energy:           -38.365266 ± 0.000417
Raw Trial/Guide overlap ratio:          -1.064447 ± 0.001343
Raw AFQMC/pt2CCSD energy (covariance): -38.369485 ± 0.000038
Raw AFQMC/pt2CCSD energy (dir sample): -38.369485 ± 0.000029
--------------------------------------------- Clean Obeservation ---------------------------------------------
removing energies outside zeta > 30
Outlier energy bound [-38.386973, -38.351850]
Removed 0 outliers with energies []
Clean AFQMC/pt2CCSD overlap ratio:        -1.064447 ± 0.001343
Clean AFQMC/pt2CCSD energy (covariance): -38.369485 ± 0.000038
Clean AFQMC/ptCCSD energy (dir sample):  -38.369485 ± 0.000029
--------------------------------------------- Blocking Analysis ----------------------------------------------
nsample = 1000, max_block_size = 25, min_nblocks = 40
   B    NB    NS  Observable     Error    dError
   1  1000  1000   -1.064451  0.000346  0.000008
   2   500  1000   -1.064451  0.000470  0.000015
   3   333   999   -1.064459  0.000565  0.000022
   4   250  1000   -1.064451  0.000641  0.000029
   5   200  1000   -1.064451  0.000706  0.000035
   6   166   996   -1.064474  0.000764  0.000042
   7   142   994   -1.064476  0.000825  0.000049
   8   125  1000   -1.064451  0.000875  0.000056
   9   111   999   -1.064459  0.000908  0.000061
  10   100  1000   -1.064451  0.000944  0.000067
  11    90   990   -1.064481  0.000999  0.000075
  12    83   996   -1.064474  0.001017  0.000079
  13    76   988   -1.064476  0.001035  0.000085
  14    71   994   -1.064476  0.001088  0.000092
  15    66   990   -1.064481  0.001116  0.000098
  16    62   992   -1.064478  0.001149  0.000104
  17    58   986   -1.064462  0.001159  0.000109
  18    55   990   -1.064481  0.001201  0.000116
  19    52   988   -1.064476  0.001204  0.000119
  20    50  1000   -1.064451  0.001230  0.000124
  21    47   987   -1.064468  0.001235  0.000129
  22    45   990   -1.064481  0.001308  0.000139
  23    43   989   -1.064480  0.001315  0.000143
  24    41   984   -1.064440  0.001331  0.000149
  25    40  1000   -1.064451  0.001343  0.000152
Fit (variance): plateau_var = 3.004e-06 ± 8.709e-07
Fit (error):    plateau = 0.001733 ± 0.000251
     autocorrelation length ~ 28.3 blocks
     plateau reached at block size ~ 130
     !!!Failed to reach plateau in blocking
     Return max block error
nclean = 1000, max_block_size = 25, min_nblocks = 40
Blk_SZ   NBlk   NSmp      Energy     Error    dError
     1   1000   1000  -38.369464  0.000029  0.000001
     2    500   1000  -38.369468  0.000031  0.000001
     3    333    999  -38.369469  0.000034  0.000001
     4    250   1000  -38.369470  0.000033  0.000001
     5    200   1000  -38.369471  0.000034  0.000002
     6    166    996  -38.369472  0.000035  0.000002
     7    142    994  -38.369478  0.000035  0.000002
     8    125   1000  -38.369473  0.000036  0.000002
     9    111    999  -38.369477  0.000036  0.000002
    10    100   1000  -38.369476  0.000035  0.000003
    11     90    990  -38.369479  0.000035  0.000003
    12     83    996  -38.369477  0.000036  0.000003
    13     76    988  -38.369482  0.000037  0.000003
    14     71    994  -38.369481  0.000036  0.000003
    15     66    990  -38.369481  0.000035  0.000003
    16     62    992  -38.369480  0.000034  0.000003
    17     58    986  -38.369481  0.000037  0.000003
    18     55    990  -38.369482  0.000038  0.000004
    19     52    988  -38.369482  0.000039  0.000004
    20     50   1000  -38.369479  0.000035  0.000004
    21     47    987  -38.369484  0.000036  0.000004
    22     45    990  -38.369481  0.000036  0.000004
    23     43    989  -38.369483  0.000037  0.000004
    24     41    984  -38.369484  0.000038  0.000004
    25     40   1000  -38.369479  0.000038  0.000004
Fit (variance): plateau_var = 1.303241e-09 ± 5.963174e-11
Fit (error):    plateau = 0.000036 ± 0.000001
     autocorrelation length ~ 2.7 blocks
     plateau reached at block size ~ 11
Final AFQMC/pt2CCSD overlap ratio: -1.064447 ± 0.001343
Final AFQMC/pt2CCSD energy: -38.369485 ± 0.000036
Total run time: 71.33
------------------------------------------ AFQMC Sampling Finished -------------------------------------------
