#INFO: **** input file is /work/hdd/bdka/yzhang65/w4_17/w4-17_all/afqmc_input/run_afqmc.py ****
import os
os.environ.setdefault("XLA_PYTHON_CLIENT_ALLOCATOR", "platform")

import jax
jax.config.update("jax_enable_x64", True)

import glob
import numpy as np
from pyscf import gto, scf, cc
from afqmc import prep, launch_afqmc
import re

def extract_afqmc_energy(filename):
    """Extract the final AFQMC/pt2CCSD energy and its uncertainty from an afqmc.out file.
    
    Returns (0, 0) if the value cannot be found or the file cannot be read.
    """
    pattern = re.compile(
        r"Final AFQMC/pt2CCSD energy:\s*"
        r"([-+]?\d*\.?\d+(?:[eE][-+]?\d+)?)"   # energy
        r"\s*(?:±|\+/-)\s*"
        r"([-+]?\d*\.?\d+(?:[eE][-+]?\d+)?)"   # error
    )
    try:
        with open(filename, "r", encoding="utf-8") as f:
            for line in f:
                m = pattern.search(line)
                if m:
                    return float(m.group(1)), float(m.group(2))
    except (OSError, IOError):
        pass
    return 0, 0

# basis = "ccpvdz"
xyz_dir = "../w4_17_xyz/open_shell"
results_file = f"./open_shell_uhf_vdzsd.dat"
out_dir = "../result/molout/open_shell"
os.makedirs(out_dir, exist_ok=True)

# Set to a list of molecule names to run only those, e.g. ["acetaldehyde", "benzene"]
# Set to None to run all molecules in xyz_dir
select_molecules = None
symmetry = False

def vdzsd(elem):
    if elem in ('H', 'He'):
        raw_basis = gto.basis.load('ccpvdz', elem)
        return [b for b in raw_basis if b[0] != 1]
    else:
        return gto.basis.load('ccpvdz', elem)

def get_vdzsd_basis(atoms):
    elems = {line.split()[0] for line in atoms.strip().splitlines() if line.strip()}
    basis_dict = {el: vdzsd(el) for el in elems}
    return basis_dict

all_xyz = sorted(glob.glob(os.path.join(xyz_dir, "*.xyz")))
if select_molecules is not None:
    select_set = set(select_molecules)
    xyz_files = [p for p in all_xyz if os.path.splitext(os.path.basename(p))[0] in select_set]
    missing = select_set - {os.path.splitext(os.path.basename(p))[0] for p in xyz_files}
    if missing:
        print(f"Warning: no .xyz file found for: {', '.join(sorted(missing))} in {xyz_dir}")
else:
    xyz_files = all_xyz

with open(results_file, "w") as out:
    out.write(f"{'Molecule':<16s} {'Charge':>6s} {'2S':>6s} {'frozen':>6s} "
              f"{'E_HF (Eh)':>20s} {'E_CCSD (Eh)':>20s} {'E_CCSD(T) (Eh)':>20s} "
              f"{'E_AFQMC (Eh)':>15s} {'E_AFQMC ERR (Eh)':>15s} \n")
    #out.write("-" * 100 + "\n")

for xyz_path in xyz_files:
    with open(xyz_path, "r") as f:
        lines = f.readlines()

    # Parse charge and multiplicity from second line: "name charge=X mult=Y"
    second_line = lines[1]
    charge = int(second_line.split("charge=")[1].split()[0])
    mult   = int(second_line.split("mult=")[1].split()[0])
    spin   = mult - 1   # PySCF spin input is 2S = mult - 1
    mol_name = second_line.split()[0]

    # Coordinates only (skip the atom count and comment lines)
    atoms = "".join(lines[2:])
    basis_dict = get_vdzsd_basis(atoms)

    print(f"\n{'='*60}")
    print(f"Running: {mol_name}  charge={charge}  spin={spin}")
    print(f"{'='*60}")

    mol = gto.M(
        atom=atoms,
        basis=basis_dict,
        verbose=4,
        output=os.path.join(out_dir, f"{mol_name}_vdzsd.out"),
        unit="angstrom",
        symmetry=symmetry,
        charge=charge,
        spin=spin,
        max_memory=40000,
    )

    mf = scf.UHF(mol)
    mf.max_cycle = 200
    mf = mf.newton()
    mf.kernel()

    # Stability check loop — at most 10 attempts
    max_stability_cycles = 10
    stable = False
    for stability_iter in range(max_stability_cycles):
        mo_i, _, stable, _ = mf.stability(return_status=True)
        if stable:
            break
        dm = mf.make_rdm1(mo_i, mf.mo_occ)
        mf.kernel(dm0=dm)

    if not stable or not mf.converged:
        print(f"  !! SCF did not converge for {mol_name} — skipping.")
        with open(results_file, "a") as out:
            out.write(f"{mol_name:<16s} {charge:>6d} {spin:>6d} {'N/A':>6s} "
                      f"{'UNCONVERGED':>20s} {'UNCONVERGED':>20s} {'UNCONVERGED':>20s}\n")
        continue

    energy = mf.e_tot

    mycc = cc.CCSD(mf)
    mycc.set_frozen()
    mycc.kernel()
    e_ccsd = mycc.e_tot
    et = mycc.ccsd_t()
    e_ccsdt = e_ccsd + et
    frozen = mycc.frozen

    prep.prep_afqmc(mycc, chol_cut=1e-5)
    options = {'n_eql': 120,
               'n_blocks': 1000,
               'n_walkers': 300,
               'dt':0.005,
               'max_error': 0.0,
               #'nchol_chunk': 200,
               'seed': 17,
               'walker_type': 'uhf',
               'trial': 'uccsd_pt2',
               'free_projection': False,
               'use_gpu': True,
               }
    launch_afqmc.run_afqmc(options)
    afqmc_file = os.path.join(out_dir, f'{mol_name}_afqmc_vdzsd.out')
    os.system(f"mv afqmc.out {afqmc_file}")
    eqmc, eqmc_err = extract_afqmc_energy(f"{afqmc_file}")

    with open(results_file, "a") as out:
        out.write(f"{mol_name:<16s} {charge:>6d} {spin:>6d} {frozen:>6d} "
                  f"{energy:>20.10f} {e_ccsd:>20.10f} {e_ccsdt:>20.10f}"
                  f"{eqmc:>15.5f} {eqmc_err:>15.5f} \n")

    print(f"  => E_HF({mol_name})      = {energy:.10f} Eh")
    print(f"  => E_CCSD({mol_name})    = {e_ccsd:.10f} Eh")
    print(f"  => E_CCSD(T)({mol_name}) = {e_ccsdt:.10f} Eh")
    print(f"  => E_AFQMC({mol_name})   = {eqmc:.5f} +/- {eqmc_err:.5f} Eh")

print(f"\nAll calculations complete. Results saved to {results_file}")
#INFO: ******************** input file end ********************


System: uname_result(system='Linux', node='gpua099.delta.ncsa.illinois.edu', release='5.14.0-427.91.1.el9_4.x86_64', version='#1 SMP PREEMPT_DYNAMIC Wed Sep 17 10:08:59 EDT 2025', machine='x86_64')  Threads 16
Python 3.11.14 (main, Oct 21 2025, 18:31:21) [GCC 11.2.0]
numpy 2.3.5  scipy 1.16.3  h5py 3.15.1
Date: Sun May 17 10:36:48 2026
PySCF version 2.11.0
PySCF path  /u/yzhang65/myprojects/software/pyscf
GIT HEAD (branch master) f520f5381c0b41f716d847009817cbc64e52c0d5

[ENV] PYSCF_TMPDIR /projects/bdka/yzhang65/scratch/pyscf
[ENV] PYSCF_EXT_PATH /u/yzhang65/myprojects/software/pyscf-forge
[CONFIG] conf_file None
[INPUT] verbose = 4
[INPUT] num. atoms = 3
[INPUT] num. electrons = 25
[INPUT] charge = 0
[INPUT] spin (= nelec alpha-beta = 2S) = 1
[INPUT] symmetry False subgroup None
[INPUT] Mole.unit = angstrom
[INPUT] Symbol           X                Y                Z      unit          X                Y                Z       unit  Magmom
[INPUT]  1 F     -1.011195000000  -0.706276000000   0.000000000000 AA   -1.910881608530  -1.334668208353   0.000000000000 Bohr   0.0
[INPUT]  2 O      0.000000000000   0.575215000000   0.000000000000 AA    0.000000000000   1.086998812742   0.000000000000 Bohr   0.0
[INPUT]  3 O      1.137595000000   0.219345000000   0.000000000000 AA    2.149742990675   0.414501976793   0.000000000000 Bohr   0.0

nuclear repulsion = 68.0381396600131
number of shells = 15
number of NR pGTOs = 78
number of NR cGTOs = 42
basis = {'F': [[0, [14710.0, 0.000721, -0.000165], [2207.0, 0.005553, -0.001308], [502.8, 0.028267, -0.006495], [142.6, 0.106444, -0.026691], [46.47, 0.286814, -0.07369], [16.7, 0.448641, -0.170776], [6.356, 0.264761, -0.112327], [1.316, 0.015333, 0.562814]], [0, [0.3897, 1.0]], [1, [22.67, 0.044878], [4.977, 0.235718], [1.347, 0.508521]], [1, [0.3471, 1.0]], [2, [1.64, 1.0]]], 'O': [[0, [11720.0, 0.00071, -0.00016], [1759.0, 0.00547, -0.001263], [400.8, 0.027837, -0.006267], [113.7, 0.1048, -0.025716], [37.03, 0.283062, -0.070924], [13.27, 0.448719, -0.165411], [5.025, 0.270952, -0.116955], [1.013, 0.015458, 0.557368]], [0, [0.3023, 1.0]], [1, [17.7, 0.043018], [3.854, 0.228913], [1.046, 0.508728]], [1, [0.2753, 1.0]], [2, [1.185, 1.0]]]}
ecp = {}
CPU time:       460.75




******** <class 'pyscf.soscf.newton_ah.SecondOrderUHF'> ********
method = SecondOrderUHF
initial guess = minao
damping factor = 0
level_shift factor = 0
DIIS = <class 'pyscf.scf.diis.CDIIS'>
diis_start_cycle = 1
diis_space = 8
diis_damp = 0
SCF conv_tol = 1e-09
SCF conv_tol_grad = None
SCF max_cycles = 200
direct_scf = True
direct_scf_tol = 1e-13
chkfile to save SCF result = /projects/bdka/yzhang65/scratch/pyscf/tmps2o3xwmp
max_memory 40000 MB (current use 1393 MB)
number electrons alpha = 13  beta = 12
******** <class 'pyscf.scf.uhf.UHF'> Newton solver flags ********
SCF tol = 1e-09
conv_tol_grad = None
max. SCF cycles = 200
direct_scf = True
direct_scf_tol = 1e-13
chkfile to save SCF result = /projects/bdka/yzhang65/scratch/pyscf/tmps2o3xwmp
max_cycle_inner = 12
max_stepsize = 0.05
ah_start_tol = 1e+09
ah_level_shift = 0
ah_conv_tol = 1e-12
ah_lindep = 1e-14
ah_start_cycle = 1
ah_max_cycle = 40
ah_grad_trust_region = 2.5
kf_interval = 4
kf_trust_region = 5
canonicalization = True
max_memory 40000 MB (current use 1393 MB)
Set conv_tol_grad to 3.16228e-05
  alpha nocc = 13  HOMO = -0.209506753439732  LUMO = -0.139862204018884
  beta  nocc = 12  HOMO = -0.462262428139612  LUMO = -0.209506753439732

WARN: system HOMO -0.209506753439732 >= system LUMO -0.209506753439732

Initial guess E= -248.705943341122  |g|= 0.630771
macro= 0  E= -248.923383688554  delta_E= -0.21744  |g|= 0.212342  3 KF 18 JK
macro= 1  E= -248.94922897438  delta_E= -0.0258453  |g|= 0.0461843  3 KF 12 JK
macro= 2  E= -248.955807885183  delta_E= -0.00657891  |g|= 0.0034277  4 KF 14 JK
macro= 3  E= -248.955816085677  delta_E= -8.20049e-06  |g|= 1.37438e-05  3 KF 15 JK
macro= 4  E= -248.955816085677  delta_E= -3.41061e-13  |g|= 4.43859e-06  1 KF 2 JK
Canonicalize SCF orbitals
macro X = 5  E=-248.955816085677  |g|= 4.43859e-06  total 15 KF 67 JK
converged SCF energy = -248.955816085677  <S^2> = 1.5243903  2S+1 = 2.6641248
uhf_internal: lowest eigs of H = [0.09664902 0.14761924 0.2025454 ]
<class 'pyscf.soscf.newton_ah.SecondOrderUHF'> wavefunction is stable in the internal stability analysis

******** <class 'pyscf.cc.uccsd.UCCSD'> ********
CC2 = 0
CCSD nocc = (np.int64(10), np.int64(9)), nmo = (39, 39)
frozen orbitals 3
max_cycle = 50
direct = 0
conv_tol = 1e-07
conv_tol_normt = 1e-06
diis_space = 6
diis_start_cycle = 0
diis_start_energy_diff = 1e+09
max_memory 40000 MB (current use 1393 MB)
Init t2, MP2 energy = -0.495317551299482
Init E_corr(UCCSD) = -0.495317551307171
cycle = 1  E_corr(UCCSD) = -0.496682716452496  dE = -0.00136516515  norm(t1,t2) = 0.115761
cycle = 2  E_corr(UCCSD) = -0.514832778385827  dE = -0.0181500619  norm(t1,t2) = 0.0498313
cycle = 3  E_corr(UCCSD) = -0.517610714022694  dE = -0.00277793564  norm(t1,t2) = 0.0445483
cycle = 4  E_corr(UCCSD) = -0.531185896867521  dE = -0.0135751828  norm(t1,t2) = 0.0336726
cycle = 5  E_corr(UCCSD) = -0.531850567016548  dE = -0.000664670149  norm(t1,t2) = 0.0179834
cycle = 6  E_corr(UCCSD) = -0.532849636663659  dE = -0.000999069647  norm(t1,t2) = 0.012779
cycle = 7  E_corr(UCCSD) = -0.535873790923494  dE = -0.00302415426  norm(t1,t2) = 0.00809079
cycle = 8  E_corr(UCCSD) = -0.535569443165778  dE = 0.000304347758  norm(t1,t2) = 0.00279013
cycle = 9  E_corr(UCCSD) = -0.535799568460818  dE = -0.000230125295  norm(t1,t2) = 0.00145342
cycle = 10  E_corr(UCCSD) = -0.535787503007181  dE = 1.20654536e-05  norm(t1,t2) = 0.000873469
cycle = 11  E_corr(UCCSD) = -0.535788608505331  dE = -1.10549815e-06  norm(t1,t2) = 0.000498911
cycle = 12  E_corr(UCCSD) = -0.535808584260892  dE = -1.99757556e-05  norm(t1,t2) = 0.000297841
cycle = 13  E_corr(UCCSD) = -0.535791528058719  dE = 1.70562022e-05  norm(t1,t2) = 0.000127502
cycle = 14  E_corr(UCCSD) = -0.535792661905027  dE = -1.13384631e-06  norm(t1,t2) = 6.72283e-05
cycle = 15  E_corr(UCCSD) = -0.535791711964324  dE = 9.49940703e-07  norm(t1,t2) = 4.16595e-05
cycle = 16  E_corr(UCCSD) = -0.535791545406023  dE = 1.66558301e-07  norm(t1,t2) = 2.00035e-05
cycle = 17  E_corr(UCCSD) = -0.535792372501598  dE = -8.27095575e-07  norm(t1,t2) = 1.22676e-05
cycle = 18  E_corr(UCCSD) = -0.535792674092668  dE = -3.0159107e-07  norm(t1,t2) = 8.34433e-06
cycle = 19  E_corr(UCCSD) = -0.535793017959356  dE = -3.43866688e-07  norm(t1,t2) = 5.43705e-06
cycle = 20  E_corr(UCCSD) = -0.535793335272763  dE = -3.17313407e-07  norm(t1,t2) = 3.09848e-06
cycle = 21  E_corr(UCCSD) = -0.535793655431499  dE = -3.20158736e-07  norm(t1,t2) = 1.87167e-06
cycle = 22  E_corr(UCCSD) = -0.535793980353976  dE = -3.24922477e-07  norm(t1,t2) = 1.14232e-06
cycle = 23  E_corr(UCCSD) = -0.535794044444832  dE = -6.4090856e-08  norm(t1,t2) = 5.75692e-07
UCCSD converged
E(UCCSD) = -249.4916101301223  E_corr = -0.5357940444448321
UCCSD(T) correction = -0.0187465555660871
