#INFO: **** input file is /projects/yizh8382/projects/w4_17/w4-17_all/pyscf_input/run_pyscf_vdzsd.py ****
import os
import glob
import numpy as np
from pyscf import gto, scf, cc

# basis = "ccpvdz"
xyz_dir = "../w4_17_xyz/open_shell"
results_file = f"../result/open_shell_uhf_sym_vdzsd.dat"
out_dir = "../result/molout/open_shell"
os.makedirs(out_dir, exist_ok=True)

# Set to a list of molecule names to run only those, e.g. ["acetaldehyde", "benzene"]
# Set to None to run all molecules in xyz_dir
select_molecules = None
symmetry = True

def vdzsd(elem):
    if elem in ('H', 'He'):
        raw_basis = gto.basis.load('ccpvdz', elem)
        return [b for b in raw_basis if b[0] != 1]
    else:
        return gto.basis.load('ccpvdz', elem)

def get_vdzsd_basis(atoms):
    elems = {line.split()[0] for line in atoms.strip().splitlines() if line.strip()}
    basis_dict = {el: vdzsd(el) for el in elems}
    return basis_dict

all_xyz = sorted(glob.glob(os.path.join(xyz_dir, "*.xyz")))
if select_molecules is not None:
    select_set = set(select_molecules)
    xyz_files = [p for p in all_xyz if os.path.splitext(os.path.basename(p))[0] in select_set]
    missing = select_set - {os.path.splitext(os.path.basename(p))[0] for p in xyz_files}
    if missing:
        print(f"Warning: no .xyz file found for: {', '.join(sorted(missing))} in {xyz_dir}")
else:
    xyz_files = all_xyz

with open(results_file, "w") as out:
    out.write(f"{'Molecule':<16s} {'Charge':>6s} {'2S':>6s} {'frozen':>6s} "
              f"{'E_HF (Eh)':>20s} {'E_CCSD (Eh)':>20s} {'E_CCSD(T) (Eh)':>20s}\n")
    out.write("-" * 100 + "\n")

for xyz_path in xyz_files:
    with open(xyz_path, "r") as f:
        lines = f.readlines()

    # Parse charge and multiplicity from second line: "name charge=X mult=Y"
    second_line = lines[1]
    charge = int(second_line.split("charge=")[1].split()[0])
    mult   = int(second_line.split("mult=")[1].split()[0])
    spin   = mult - 1   # PySCF spin input is 2S = mult - 1
    mol_name = second_line.split()[0]

    # Coordinates only (skip the atom count and comment lines)
    atoms = "".join(lines[2:])
    basis_dict = get_vdzsd_basis(atoms)

    print(f"\n{'='*60}")
    print(f"Running: {mol_name}  charge={charge}  spin={spin}")
    print(f"{'='*60}")
    
    mol = gto.M(
        atom=atoms,
        basis=basis_dict,
        verbose=4,
        output=os.path.join(out_dir, f"{mol_name}_sym_vdzsd.out"),
        unit="angstrom",
        symmetry=symmetry,
        charge=charge,
        spin=spin,
        max_memory=40000,
    )

    mf = scf.UHF(mol)
    mf.max_cycle = 200
    mf = mf.newton()
    mf.kernel()

    # Stability check loop — at most 10 attempts
    max_stability_cycles = 10
    stable = False
    for stability_iter in range(max_stability_cycles):
        mo_i, _, stable, _ = mf.stability(return_status=True)
        if stable:
            break
        dm = mf.make_rdm1(mo_i, mf.mo_occ)
        mf.kernel(dm0=dm)

    if not stable or not mf.converged:
        print(f"  !! SCF did not converge for {mol_name} — skipping.")
        with open(results_file, "a") as out:
            out.write(f"{mol_name:<16s} {charge:>6d} {spin:>6d} {'N/A':>6s} "
                      f"{'UNCONVERGED':>20s} {'UNCONVERGED':>20s} {'UNCONVERGED':>20s}\n")
        continue

    energy = mf.e_tot

    mycc = cc.CCSD(mf)
    mycc.set_frozen()
    mycc.kernel()
    e_ccsd = mycc.e_tot
    et = mycc.ccsd_t()
    e_ccsdt = e_ccsd + et
    frozen = mycc.frozen

    with open(results_file, "a") as out:
        out.write(f"{mol_name:<16s} {charge:>6d} {spin:>6d} {frozen:>6d} "
                  f"{energy:>20.10f} {e_ccsd:>20.10f} {e_ccsdt:>20.10f}\n")

    print(f"  => E_HF({mol_name})     = {energy:.10f} Eh")
    print(f"  => E_CCSD({mol_name})    = {e_ccsd:.10f} Eh")
    print(f"  => E_CCSD(T)({mol_name}) = {e_ccsdt:.10f} Eh")

print(f"\nAll calculations complete. Results saved to {results_file}")
#INFO: ******************** input file end ********************


System: uname_result(system='Linux', node='bnode0304.rc.int.colorado.edu', release='4.18.0-477.27.1.el8_8.x86_64', version='#1 SMP Thu Aug 31 10:29:22 EDT 2023', machine='x86_64')  Threads 28
Python 3.10.2 | packaged by conda-forge | (main, Mar  8 2022, 15:52:01) [GCC 9.4.0]
numpy 2.0.2  scipy 1.14.1  h5py 3.12.1
Date: Thu May 14 13:16:03 2026
PySCF version 2.9.0
PySCF path  /projects/yizh8382/tools/lno_pyscf_gcc
GIT HEAD (branch master) 142756584ed3963728cc1f6823286f4605811a6c

[ENV] PYSCF_TMPDIR /scratch/alpine/yizh8382/pyscf
[ENV] PYSCF_EXT_PATH /home/yizh8382/tools/pyscf-forge
[CONFIG] conf_file None
[INPUT] verbose = 4
[INPUT] num. atoms = 4
[INPUT] num. electrons = 15
[INPUT] charge = 0
[INPUT] spin (= nelec alpha-beta = 2S) = 1
[INPUT] symmetry True subgroup None
[INPUT] Mole.unit = angstrom
[INPUT] Symbol           X                Y                Z      unit          X                Y                Z       unit  Magmom
[INPUT]  1 C      0.000000000000   0.000000000000  -0.507513000000 AA    0.000000000000   0.000000000000  -0.959060574656 Bohr   0.0
[INPUT]  2 H      0.000000000000   0.936731000000  -1.073924000000 AA    0.000000000000   1.770165042390  -2.029422238597 Bohr   0.0
[INPUT]  3 H      0.000000000000  -0.936731000000  -1.073924000000 AA    0.000000000000  -1.770165042390  -2.029422238597 Bohr   0.0
[INPUT]  4 N      0.000000000000   0.000000000000   0.741847000000 AA    0.000000000000   0.000000000000   1.401887656330 Bohr   0.0

nuclear repulsion = 27.4989087923209
point group symmetry = C2v
symmetry origin: [0.00000000e+00 0.00000000e+00 3.77945225e-07]
symmetry axis x: [1. 0. 0.]
symmetry axis y: [0. 1. 0.]
symmetry axis z: [0. 0. 1.]
num. orbitals of irrep A1 = 16
num. orbitals of irrep A2 = 2
num. orbitals of irrep B1 = 6
num. orbitals of irrep B2 = 8
number of shells = 14
number of NR pGTOs = 60
number of NR cGTOs = 32
basis = {'N': [[0, [9046.0, 0.0007, -0.000153], [1357.0, 0.005389, -0.001208], [309.3, 0.027406, -0.005992], [87.73, 0.103207, -0.024544], [28.56, 0.278723, -0.067459], [10.21, 0.44854, -0.158078], [3.838, 0.278238, -0.121831], [0.7466, 0.01544, 0.549003]], [0, [0.2248, 1.0]], [1, [13.55, 0.039919], [2.917, 0.217169], [0.7973, 0.510319]], [1, [0.2185, 1.0]], [2, [0.817, 1.0]]], 'H': [[0, [13.01, 0.019685], [1.962, 0.137977], [0.4446, 0.478148]], [0, [0.122, 1.0]]], 'C': [[0, [6665.0, 0.000692, -0.000146], [1000.0, 0.005329, -0.001154], [228.0, 0.027077, -0.005725], [64.71, 0.101718, -0.023312], [21.06, 0.27474, -0.063955], [7.495, 0.448564, -0.149981], [2.797, 0.285074, -0.127262], [0.5215, 0.015204, 0.544529]], [0, [0.1596, 1.0]], [1, [9.439, 0.038109], [2.002, 0.20948], [0.5456, 0.508557]], [1, [0.1517, 1.0]], [2, [0.55, 1.0]]]}
ecp = {}
CPU time:      7523.66
Freeze 0 electrons in irreps []
    15 free electrons in irreps A1 A2 B1 B2




******** <class 'pyscf.soscf.newton_ah.SecondOrderSymAdaptedUHF'> ********
method = SecondOrderSymAdaptedUHF
initial guess = minao
damping factor = 0
level_shift factor = 0
DIIS = <class 'pyscf.scf.diis.CDIIS'>
diis_start_cycle = 1
diis_space = 8
diis_damp = 0
SCF conv_tol = 1e-09
SCF conv_tol_grad = None
SCF max_cycles = 200
direct_scf = True
direct_scf_tol = 1e-13
chkfile to save SCF result = /scratch/alpine/yizh8382/pyscf/tmpfbb8dpkz
max_memory 40000 MB (current use 545 MB)
number electrons alpha = 8  beta = 7
******** <class 'pyscf.scf.uhf_symm.SymAdaptedUHF'> Newton solver flags ********
SCF tol = 1e-09
conv_tol_grad = None
max. SCF cycles = 200
direct_scf = True
direct_scf_tol = 1e-13
chkfile to save SCF result = /scratch/alpine/yizh8382/pyscf/tmpfbb8dpkz
max_cycle_inner = 12
max_stepsize = 0.05
ah_start_tol = 1e+09
ah_level_shift = 0
ah_conv_tol = 1e-12
ah_lindep = 1e-14
ah_start_cycle = 1
ah_max_cycle = 40
ah_grad_trust_region = 2.5
kf_interval = 4
kf_trust_region = 5
canonicalization = True
max_memory 40000 MB (current use 545 MB)
Set conv_tol_grad to 3.16228e-05
alpha HOMO (B2) = -0.166613383088603  LUMO (B1) = 0.0485481330049544
beta  HOMO (B1) = -0.359220229300018  LUMO (B2) = -0.166613383088603

WARN: alpha-B2 HOMO -0.166613383088603 > system LUMO -0.166613383088603


WARN: beta-B2 LUMO -0.166613383088603 < system HOMO -0.166613383088603

Initial guess E= -93.3640013214058  |g|= 0.265743
macro= 0  E= -93.4310693830778  delta_E= -0.0670681  |g|= 0.0695487  3 KF 20 JK
macro= 1  E= -93.4326754122889  delta_E= -0.00160603  |g|= 0.0284754  2 KF 7 JK
macro= 2  E= -93.4338125781694  delta_E= -0.00113717  |g|= 0.00370766  3 KF 9 JK
macro= 3  E= -93.4338156909913  delta_E= -3.11282e-06  |g|= 6.38236e-05  2 KF 9 JK
macro= 4  E= -93.4338156909913  delta_E= 2.84217e-14  |g|= 4.69785e-06  1 KF 2 JK
Canonicalize SCF orbitals
macro X = 5  E=-93.4338156909913  |g|= 4.69785e-06  total 12 KF 53 JK
converged SCF energy = -93.4338156909913  <S^2> = 0.95935752  2S+1 = 2.1994159
uhf_internal: lowest eigs of H = [0.18911369 0.66819241 0.72277352]
<class 'pyscf.soscf.newton_ah.SecondOrderSymAdaptedUHF'> wavefunction is stable in the internal stability analysis

******** <class 'pyscf.cc.uccsd.UCCSD'> ********
CC2 = 0
CCSD nocc = (6, 5), nmo = (30, 30)
frozen orbitals 2
max_cycle = 50
direct = 0
conv_tol = 1e-07
conv_tol_normt = 1e-06
diis_space = 6
diis_start_cycle = 0
diis_start_energy_diff = 1e+09
max_memory 40000 MB (current use 546 MB)
Init t2, MP2 energy = -0.233486206786886
Init E_corr(UCCSD) = -0.233486206793536
cycle = 1  E_corr(UCCSD) = -0.25110667049663  dE = -0.0176204637  norm(t1,t2) = 0.0832326
cycle = 2  E_corr(UCCSD) = -0.260247596617142  dE = -0.00914092612  norm(t1,t2) = 0.0425224
cycle = 3  E_corr(UCCSD) = -0.268070169445505  dE = -0.00782257283  norm(t1,t2) = 0.0323121
cycle = 4  E_corr(UCCSD) = -0.270946065487471  dE = -0.00287589604  norm(t1,t2) = 0.0139567
cycle = 5  E_corr(UCCSD) = -0.270547382292153  dE = 0.000398683195  norm(t1,t2) = 0.00594016
cycle = 6  E_corr(UCCSD) = -0.270794600074575  dE = -0.000247217782  norm(t1,t2) = 0.00176811
cycle = 7  E_corr(UCCSD) = -0.27076346035115  dE = 3.11397234e-05  norm(t1,t2) = 0.000768695
cycle = 8  E_corr(UCCSD) = -0.270781706666899  dE = -1.82463157e-05  norm(t1,t2) = 0.000404199
cycle = 9  E_corr(UCCSD) = -0.270783708898833  dE = -2.00223193e-06  norm(t1,t2) = 0.000181828
cycle = 10  E_corr(UCCSD) = -0.27078613797646  dE = -2.42907763e-06  norm(t1,t2) = 5.24492e-05
cycle = 11  E_corr(UCCSD) = -0.270785115324424  dE = 1.02265204e-06  norm(t1,t2) = 2.22537e-05
cycle = 12  E_corr(UCCSD) = -0.270784280132482  dE = 8.35191942e-07  norm(t1,t2) = 8.44124e-06
cycle = 13  E_corr(UCCSD) = -0.270783992593608  dE = 2.87538874e-07  norm(t1,t2) = 3.75562e-06
cycle = 14  E_corr(UCCSD) = -0.270784059874575  dE = -6.72809665e-08  norm(t1,t2) = 1.93837e-06
cycle = 15  E_corr(UCCSD) = -0.270784155991896  dE = -9.61173212e-08  norm(t1,t2) = 6.91264e-07
UCCSD converged
E(UCCSD) = -93.7045998469832  E_corr = -0.2707841559918959
UCCSD(T) correction = -0.00855726747361707
