#INFO: **** input file is /projects/yizh8382/projects/w4_17/w4-17_all/pyscf_input/run_pyscf_vdzsd.py ****
import os
import glob
import numpy as np
from pyscf import gto, scf, cc

# basis = "ccpvdz"
xyz_dir = "../w4_17_xyz/open_shell"
results_file = f"../result/open_shell_uhf_sym_vdzsd.dat"
out_dir = "../result/molout/open_shell"
os.makedirs(out_dir, exist_ok=True)

# Set to a list of molecule names to run only those, e.g. ["acetaldehyde", "benzene"]
# Set to None to run all molecules in xyz_dir
select_molecules = None
symmetry = True

def vdzsd(elem):
    if elem in ('H', 'He'):
        raw_basis = gto.basis.load('ccpvdz', elem)
        return [b for b in raw_basis if b[0] != 1]
    else:
        return gto.basis.load('ccpvdz', elem)

def get_vdzsd_basis(atoms):
    elems = {line.split()[0] for line in atoms.strip().splitlines() if line.strip()}
    basis_dict = {el: vdzsd(el) for el in elems}
    return basis_dict

all_xyz = sorted(glob.glob(os.path.join(xyz_dir, "*.xyz")))
if select_molecules is not None:
    select_set = set(select_molecules)
    xyz_files = [p for p in all_xyz if os.path.splitext(os.path.basename(p))[0] in select_set]
    missing = select_set - {os.path.splitext(os.path.basename(p))[0] for p in xyz_files}
    if missing:
        print(f"Warning: no .xyz file found for: {', '.join(sorted(missing))} in {xyz_dir}")
else:
    xyz_files = all_xyz

with open(results_file, "w") as out:
    out.write(f"{'Molecule':<16s} {'Charge':>6s} {'2S':>6s} {'frozen':>6s} "
              f"{'E_HF (Eh)':>20s} {'E_CCSD (Eh)':>20s} {'E_CCSD(T) (Eh)':>20s}\n")
    out.write("-" * 100 + "\n")

for xyz_path in xyz_files:
    with open(xyz_path, "r") as f:
        lines = f.readlines()

    # Parse charge and multiplicity from second line: "name charge=X mult=Y"
    second_line = lines[1]
    charge = int(second_line.split("charge=")[1].split()[0])
    mult   = int(second_line.split("mult=")[1].split()[0])
    spin   = mult - 1   # PySCF spin input is 2S = mult - 1
    mol_name = second_line.split()[0]

    # Coordinates only (skip the atom count and comment lines)
    atoms = "".join(lines[2:])
    basis_dict = get_vdzsd_basis(atoms)

    print(f"\n{'='*60}")
    print(f"Running: {mol_name}  charge={charge}  spin={spin}")
    print(f"{'='*60}")
    
    mol = gto.M(
        atom=atoms,
        basis=basis_dict,
        verbose=4,
        output=os.path.join(out_dir, f"{mol_name}_sym_vdzsd.out"),
        unit="angstrom",
        symmetry=symmetry,
        charge=charge,
        spin=spin,
        max_memory=40000,
    )

    mf = scf.UHF(mol)
    mf.max_cycle = 200
    mf = mf.newton()
    mf.kernel()

    # Stability check loop — at most 10 attempts
    max_stability_cycles = 10
    stable = False
    for stability_iter in range(max_stability_cycles):
        mo_i, _, stable, _ = mf.stability(return_status=True)
        if stable:
            break
        dm = mf.make_rdm1(mo_i, mf.mo_occ)
        mf.kernel(dm0=dm)

    if not stable or not mf.converged:
        print(f"  !! SCF did not converge for {mol_name} — skipping.")
        with open(results_file, "a") as out:
            out.write(f"{mol_name:<16s} {charge:>6d} {spin:>6d} {'N/A':>6s} "
                      f"{'UNCONVERGED':>20s} {'UNCONVERGED':>20s} {'UNCONVERGED':>20s}\n")
        continue

    energy = mf.e_tot

    mycc = cc.CCSD(mf)
    mycc.set_frozen()
    mycc.kernel()
    e_ccsd = mycc.e_tot
    et = mycc.ccsd_t()
    e_ccsdt = e_ccsd + et
    frozen = mycc.frozen

    with open(results_file, "a") as out:
        out.write(f"{mol_name:<16s} {charge:>6d} {spin:>6d} {frozen:>6d} "
                  f"{energy:>20.10f} {e_ccsd:>20.10f} {e_ccsdt:>20.10f}\n")

    print(f"  => E_HF({mol_name})     = {energy:.10f} Eh")
    print(f"  => E_CCSD({mol_name})    = {e_ccsd:.10f} Eh")
    print(f"  => E_CCSD(T)({mol_name}) = {e_ccsdt:.10f} Eh")

print(f"\nAll calculations complete. Results saved to {results_file}")
#INFO: ******************** input file end ********************


System: uname_result(system='Linux', node='bnode0304.rc.int.colorado.edu', release='4.18.0-477.27.1.el8_8.x86_64', version='#1 SMP Thu Aug 31 10:29:22 EDT 2023', machine='x86_64')  Threads 28
Python 3.10.2 | packaged by conda-forge | (main, Mar  8 2022, 15:52:01) [GCC 9.4.0]
numpy 2.0.2  scipy 1.14.1  h5py 3.12.1
Date: Thu May 14 13:16:12 2026
PySCF version 2.9.0
PySCF path  /projects/yizh8382/tools/lno_pyscf_gcc
GIT HEAD (branch master) 142756584ed3963728cc1f6823286f4605811a6c

[ENV] PYSCF_TMPDIR /scratch/alpine/yizh8382/pyscf
[ENV] PYSCF_EXT_PATH /home/yizh8382/tools/pyscf-forge
[CONFIG] conf_file None
[INPUT] verbose = 4
[INPUT] num. atoms = 3
[INPUT] num. electrons = 15
[INPUT] charge = 0
[INPUT] spin (= nelec alpha-beta = 2S) = 1
[INPUT] symmetry True subgroup None
[INPUT] Mole.unit = angstrom
[INPUT] Symbol           X                Y                Z      unit          X                Y                Z       unit  Magmom
[INPUT]  1 O      0.061552000000  -0.592186000000   0.000000000000 AA    0.116316422419  -1.119069354802   0.000000000000 Bohr   0.0
[INPUT]  2 C      0.061552000000   0.586301000000   0.000000000000 AA    0.116316422419   1.107948316559   0.000000000000 Bohr   0.0
[INPUT]  3 H     -0.861727000000   1.219685000000   0.000000000000 AA   -1.628428024143   2.304870608240   0.000000000000 Bohr   0.0

nuclear repulsion = 26.471037104927
point group symmetry = Cs
symmetry origin: [1.25981742e-07 3.77945225e-07 0.00000000e+00]
symmetry axis x: [0.98154098 0.19125195 0.        ]
symmetry axis y: [-0.19125195  0.98154098  0.        ]
symmetry axis z: [0. 0. 1.]
num. orbitals of irrep A' = 22
num. orbitals of irrep A" = 8
number of shells = 12
number of NR pGTOs = 56
number of NR cGTOs = 30
basis = {'O': [[0, [11720.0, 0.00071, -0.00016], [1759.0, 0.00547, -0.001263], [400.8, 0.027837, -0.006267], [113.7, 0.1048, -0.025716], [37.03, 0.283062, -0.070924], [13.27, 0.448719, -0.165411], [5.025, 0.270952, -0.116955], [1.013, 0.015458, 0.557368]], [0, [0.3023, 1.0]], [1, [17.7, 0.043018], [3.854, 0.228913], [1.046, 0.508728]], [1, [0.2753, 1.0]], [2, [1.185, 1.0]]], 'H': [[0, [13.01, 0.019685], [1.962, 0.137977], [0.4446, 0.478148]], [0, [0.122, 1.0]]], 'C': [[0, [6665.0, 0.000692, -0.000146], [1000.0, 0.005329, -0.001154], [228.0, 0.027077, -0.005725], [64.71, 0.101718, -0.023312], [21.06, 0.27474, -0.063955], [7.495, 0.448564, -0.149981], [2.797, 0.285074, -0.127262], [0.5215, 0.015204, 0.544529]], [0, [0.1596, 1.0]], [1, [9.439, 0.038109], [2.002, 0.20948], [0.5456, 0.508557]], [1, [0.1517, 1.0]], [2, [0.55, 1.0]]]}
ecp = {}
CPU time:      7766.46
Freeze 0 electrons in irreps []
    15 free electrons in irreps A' A"




******** <class 'pyscf.soscf.newton_ah.SecondOrderSymAdaptedUHF'> ********
method = SecondOrderSymAdaptedUHF
initial guess = minao
damping factor = 0
level_shift factor = 0
DIIS = <class 'pyscf.scf.diis.CDIIS'>
diis_start_cycle = 1
diis_space = 8
diis_damp = 0
SCF conv_tol = 1e-09
SCF conv_tol_grad = None
SCF max_cycles = 200
direct_scf = True
direct_scf_tol = 1e-13
chkfile to save SCF result = /scratch/alpine/yizh8382/pyscf/tmplc35_t6i
max_memory 40000 MB (current use 547 MB)
number electrons alpha = 8  beta = 7
******** <class 'pyscf.scf.uhf_symm.SymAdaptedUHF'> Newton solver flags ********
SCF tol = 1e-09
conv_tol_grad = None
max. SCF cycles = 200
direct_scf = True
direct_scf_tol = 1e-13
chkfile to save SCF result = /scratch/alpine/yizh8382/pyscf/tmplc35_t6i
max_cycle_inner = 12
max_stepsize = 0.05
ah_start_tol = 1e+09
ah_level_shift = 0
ah_conv_tol = 1e-12
ah_lindep = 1e-14
ah_start_cycle = 1
ah_max_cycle = 40
ah_grad_trust_region = 2.5
kf_interval = 4
kf_trust_region = 5
canonicalization = True
max_memory 40000 MB (current use 547 MB)
Set conv_tol_grad to 3.16228e-05
alpha HOMO (A') = -0.092831888280513  LUMO (A") = 0.0242080414673723
beta  HOMO (A') = -0.508367610637572  LUMO (A') = -0.092831888280513

WARN: alpha-A' HOMO -0.092831888280513 > system LUMO -0.092831888280513


WARN: beta-A' LUMO -0.092831888280513 < system HOMO -0.092831888280513

Initial guess E= -113.164167455677  |g|= 0.42719
macro= 0  E= -113.255076376606  delta_E= -0.0909089  |g|= 0.0147762  4 KF 15 JK
macro= 1  E= -113.255217979248  delta_E= -0.000141603  |g|= 4.06726e-05  3 KF 12 JK
macro= 2  E= -113.255217979248  delta_E= -5.68434e-14  |g|= 5.02349e-06  1 KF 2 JK
Canonicalize SCF orbitals
macro X = 3  E=-113.255217979248  |g|= 5.02349e-06  total 9 KF 33 JK
converged SCF energy = -113.255217979248  <S^2> = 0.76330884  2S+1 = 2.0132649
uhf_internal: lowest eigs of H = [0.11960961 0.31554016 0.54169144]
<class 'pyscf.soscf.newton_ah.SecondOrderSymAdaptedUHF'> wavefunction is stable in the internal stability analysis

******** <class 'pyscf.cc.uccsd.UCCSD'> ********
CC2 = 0
CCSD nocc = (6, 5), nmo = (28, 28)
frozen orbitals 2
max_cycle = 50
direct = 0
conv_tol = 1e-07
conv_tol_normt = 1e-06
diis_space = 6
diis_start_cycle = 0
diis_start_energy_diff = 1e+09
max_memory 40000 MB (current use 547 MB)
Init t2, MP2 energy = -0.289551189247323
Init E_corr(UCCSD) = -0.289551189259775
cycle = 1  E_corr(UCCSD) = -0.286437190243288  dE = 0.00311399902  norm(t1,t2) = 0.0924753
cycle = 2  E_corr(UCCSD) = -0.298238475745713  dE = -0.0118012855  norm(t1,t2) = 0.0289699
cycle = 3  E_corr(UCCSD) = -0.298273665556453  dE = -3.51898107e-05  norm(t1,t2) = 0.019025
cycle = 4  E_corr(UCCSD) = -0.300595882177007  dE = -0.00232221662  norm(t1,t2) = 0.0092807
cycle = 5  E_corr(UCCSD) = -0.300630396206123  dE = -3.45140291e-05  norm(t1,t2) = 0.00262952
cycle = 6  E_corr(UCCSD) = -0.300494862017932  dE = 0.000135534188  norm(t1,t2) = 0.0011919
cycle = 7  E_corr(UCCSD) = -0.300521831471945  dE = -2.6969454e-05  norm(t1,t2) = 0.000501948
cycle = 8  E_corr(UCCSD) = -0.300541680963572  dE = -1.98494916e-05  norm(t1,t2) = 0.000142459
cycle = 9  E_corr(UCCSD) = -0.30053616561703  dE = 5.51534654e-06  norm(t1,t2) = 4.69747e-05
cycle = 10  E_corr(UCCSD) = -0.300536965092889  dE = -7.99475859e-07  norm(t1,t2) = 1.71391e-05
cycle = 11  E_corr(UCCSD) = -0.300536541829398  dE = 4.23263491e-07  norm(t1,t2) = 5.48105e-06
cycle = 12  E_corr(UCCSD) = -0.300536694657721  dE = -1.52828323e-07  norm(t1,t2) = 2.83756e-06
cycle = 13  E_corr(UCCSD) = -0.300536610900607  dE = 8.37571136e-08  norm(t1,t2) = 1.36568e-06
cycle = 14  E_corr(UCCSD) = -0.300536587373646  dE = 2.35269614e-08  norm(t1,t2) = 5.90766e-07
UCCSD converged
E(UCCSD) = -113.5557545666214  E_corr = -0.300536587373646
UCCSD(T) correction = -0.0101457904167463
