------------------------------------------- AFQMC Sampling Started -------------------------------------------
Hostname: gpua099.delta.ncsa.illinois.edu
System Type: Linux
Machine Type: x86_64
Processor: x86_64
Using GPU.
System: Linux
Node Name: gpua099.delta.ncsa.illinois.edu
Release: 5.14.0-427.91.1.el9_4.x86_64
Version: #1 SMP PREEMPT_DYNAMIC Wed Sep 17 10:08:59 EDT 2025
Machine: x86_64
Processor: x86_64
Decomposing Unrestricted T2 amplitudes
Throw 0 vectors in T2 deomposition
SVD cutoff = 1.00e-08 | error = 1.10e-15
number of T2 decomposition vectors 247
norb: 28
nelec: (6, 5)
n_eql: 120
n_blocks: 1000
n_walkers: 300
dt: 0.005
max_error: 0.0
seed: 17
walker_type: uhf
trial: uccsd_pt2
free_projection: False
use_gpu: True
n_exp_terms: 6
n_prop_steps: 50
save_walkers: False
n_batch: 1
nchol_chunk: 100
mix_precision: True
initial AFQMC/pt2CCSD Energy is -113.555786
Propagating with 300 walkers
----------------------------------------------- Equilibration ------------------------------------------------
inv_T        weight  killW        energy   runTime
 0.00    300.000000      0   -113.255243     11.85
 3.00    304.156492      0   -113.560901     18.63
 6.00    304.305921      0   -113.572788     19.21
 9.00    304.482623      0   -113.575579     19.77
12.00    303.397540      0   -113.547513     20.35
15.00    304.508208      0   -113.578973     20.92
18.00    304.331429      0   -113.570688     21.49
21.00    304.543057      0   -113.585168     22.06
24.00    303.961575      0   -113.543651     22.63
27.00    303.948775      0   -113.579297     23.20
30.00    304.005915      0   -113.536106     23.77
---------------------------------------------- Sampling Blocks -----------------------------------------------
blocks        weight  killW       E_Guide     error       E_Trial     error     olp_T/G     error  Walltime
    20    304.151001      0   -113.566709  0.006309   -113.564281  0.001303   -1.009292  0.000839   31.17
    40    303.591702      2   -113.564928  0.003243   -113.564212  0.000787   -1.010071  0.000558   32.54
    60    303.234507      3   -113.565859  0.002563   -113.564176  0.000643   -1.009791  0.000355   33.90
    80    302.875227      4   -113.566593  0.002398   -113.564384  0.000564   -1.009654  0.000297   35.26
   100    302.574470      7   -113.567922  0.002172   -113.564833  0.000526   -1.009842  0.000287   36.63
   120    302.286692     10   -113.567250  0.002247   -113.564972  0.000665   -1.009919  0.000257   38.05
   140    302.093136     10   -113.569783  0.002609   -113.565560  0.000715   -1.009826  0.000229   39.41
   160    301.886078     12   -113.570271  0.002482   -113.566249  0.000739   -1.009763  0.000213   40.78
   180    301.723139     13   -113.571068  0.002303   -113.566123  0.000665   -1.009646  0.000200   42.15
   200    301.540786     14   -113.569745  0.002288   -113.565945  0.000607   -1.009584  0.000187   43.51
   220    301.380261     15   -113.569053  0.002159   -113.565827  0.000562   -1.009612  0.000188   44.88
   240    301.267213     16   -113.569785  0.002050   -113.565996  0.000526   -1.009513  0.000185   46.24
   260    301.156442     17   -113.570483  0.002077   -113.566087  0.000500   -1.009496  0.000177   47.61
   280    301.031075     19   -113.570160  0.001947   -113.566077  0.000468   -1.009408  0.000172   48.98
   300    300.947275     20   -113.571180  0.002050   -113.566498  0.000524   -1.009322  0.000183   50.35
   320    300.872075     20   -113.571552  0.001990   -113.566468  0.000496   -1.009310  0.000175   51.71
   340    300.797445     20   -113.572070  0.001914   -113.566652  0.000498   -1.009310  0.000166   53.09
   360    300.718894     20   -113.571492  0.001824   -113.566657  0.000475   -1.009293  0.000161   54.45
   380    300.657059     20   -113.571818  0.001746   -113.566651  0.000453   -1.009274  0.000154   55.82
   400    300.595631     20   -113.571541  0.001686   -113.566558  0.000434   -1.009227  0.000148   57.19
   420    300.535359     22   -113.571564  0.001615   -113.566680  0.000431   -1.009249  0.000143   58.56
   440    300.489722     25   -113.571889  0.001602   -113.566627  0.000424   -1.009235  0.000140   59.93
   460    300.434666     25   -113.571143  0.001641   -113.566509  0.000408   -1.009274  0.000140   61.29
   480    300.397089     27   -113.571870  0.001714   -113.567006  0.000499   -1.009298  0.000134   62.66
   500    300.353482     28   -113.571643  0.001653   -113.566895  0.000482   -1.009325  0.000131   64.03
   520    300.315156     28   -113.571625  0.001601   -113.566930  0.000474   -1.009314  0.000128   65.40
   540    300.283996     28   -113.571615  0.001537   -113.566799  0.000459   -1.009349  0.000130   66.77
   560    300.244534     31   -113.571188  0.001523   -113.566745  0.000446   -1.009377  0.000128   68.14
   580    300.218231     32   -113.571039  0.001479   -113.566668  0.000432   -1.009345  0.000127   69.51
   600    300.188997     32   -113.570795  0.001469   -113.566646  0.000420   -1.009315  0.000129   70.88
   620    300.163828     32   -113.570676  0.001442   -113.566639  0.000408   -1.009288  0.000125   72.25
   640    300.148281     32   -113.570877  0.001423   -113.566623  0.000396   -1.009299  0.000128   73.61
   660    300.123808     32   -113.570547  0.001373   -113.566537  0.000386   -1.009297  0.000125   74.98
   680    300.097931     32   -113.570023  0.001430   -113.566519  0.000376   -1.009279  0.000123   76.35
   700    300.075741     32   -113.569942  0.001398   -113.566511  0.000367   -1.009252  0.000120   77.72
   720    300.055411     32   -113.569709  0.001425   -113.566494  0.000360   -1.009225  0.000126   79.09
   740    300.039094     32   -113.569906  0.001393   -113.566637  0.000371   -1.009182  0.000128   80.46
   760    300.025630     32   -113.570197  0.001444   -113.566678  0.000364   -1.009165  0.000128   81.83
   780    300.011979     33   -113.570339  0.001415   -113.566692  0.000357   -1.009156  0.000125   83.20
   800    299.993958     35   -113.570334  0.001374   -113.566662  0.000349   -1.009170  0.000123   84.57
   820    299.980102     37   -113.570463  0.001356   -113.566634  0.000342   -1.009174  0.000120   85.94
   840    299.965050     39   -113.570443  0.001326   -113.566613  0.000334   -1.009183  0.000120   87.30
   860    299.953884     39   -113.570443  0.001298   -113.568734  0.002256   -1.009143  0.000120   88.67
   880    299.945671     41   -113.570675  0.001453   -113.568637  0.002206   -1.009139  0.000127   90.04
   900    299.936855     41   -113.570800  0.001453   -113.568586  0.002157   -1.009162  0.000127   91.41
   920    299.923182     42   -113.570745  0.001421   -113.568534  0.002110   -1.009155  0.000126   92.77
   940    299.908498     44   -113.570657  0.001391   -113.568473  0.002066   -1.009127  0.000123   94.14
   960    299.895511     45   -113.570438  0.001364   -113.568408  0.002023   -1.009138  0.000125   95.51
   980    299.886970     45   -113.570478  0.001333   -113.568358  0.001982   -1.009113  0.000122   96.89
  1000    299.874739     45   -113.570267  0.001313   -113.568261  0.001942   -1.009118  0.000119   98.28
---------------------------------------------- Post Propagation ----------------------------------------------
Total number of samples 1000
Raw AFQMC/HF (Guide) energy:           -113.570267 ± 0.001313
Raw Trial/Guide overlap ratio:          -1.009118 ± 0.000119
Raw AFQMC/pt2CCSD energy (covariance): -113.568261 ± 0.001942
Raw AFQMC/pt2CCSD energy (dir sample): -113.568261 ± 0.001897
--------------------------------------------- Clean Obeservation ---------------------------------------------
removing energies outside zeta > 30
Outlier energy bound [-113.681284, -113.448337]
Removed 2 outliers with energies [-113.68340567 -115.44815715]
Clean AFQMC/pt2CCSD overlap ratio:        -1.009123 ± 0.000117
Clean AFQMC/pt2CCSD energy (covariance): -113.566269 ± 0.000266
Clean AFQMC/ptCCSD energy (dir sample):  -113.566269 ± 0.000213
--------------------------------------------- Blocking Analysis ----------------------------------------------
nsample = 998, max_block_size = 24, min_nblocks = 40
   B    NB    NS  Observable     Error    dError
   1   998   998   -1.009122  0.000051  0.000001
   2   499   998   -1.009122  0.000065  0.000002
   3   332   996   -1.009123  0.000075  0.000003
   4   249   996   -1.009122  0.000080  0.000004
   5   199   995   -1.009124  0.000087  0.000004
   6   166   996   -1.009122  0.000090  0.000005
   7   142   994   -1.009124  0.000093  0.000006
   8   124   992   -1.009125  0.000096  0.000006
   9   110   990   -1.009127  0.000103  0.000007
  10    99   990   -1.009127  0.000101  0.000007
  11    90   990   -1.009127  0.000100  0.000007
  12    83   996   -1.009122  0.000100  0.000008
  13    76   988   -1.009125  0.000107  0.000009
  14    71   994   -1.009124  0.000103  0.000009
  15    66   990   -1.009127  0.000106  0.000009
  16    62   992   -1.009125  0.000112  0.000010
  17    58   986   -1.009122  0.000105  0.000010
  18    55   990   -1.009127  0.000112  0.000011
  19    52   988   -1.009125  0.000107  0.000011
  20    49   980   -1.009119  0.000113  0.000011
  21    47   987   -1.009123  0.000114  0.000012
  22    45   990   -1.009127  0.000115  0.000012
  23    43   989   -1.009127  0.000112  0.000012
  24    41   984   -1.009122  0.000117  0.000013
Fit (variance): plateau_var = 1.235e-08 ± 8.608e-10
Fit (error):    plateau = 0.000111 ± 0.000004
     autocorrelation length ~ 5.8 blocks
     plateau reached at block size ~ 27
     !!!Failed to reach plateau in blocking
     Return max block error
nclean = 998, max_block_size = 24, min_nblocks = 40
Blk_SZ   NBlk   NSmp      Energy     Error    dError
     1    998    998  -113.566112  0.000213  0.000005
     2    499    998  -113.566143  0.000258  0.000008
     3    332    996  -113.566166  0.000262  0.000010
     4    249    996  -113.566180  0.000271  0.000012
     5    199    995  -113.566190  0.000294  0.000015
     6    166    996  -113.566207  0.000280  0.000015
     7    142    994  -113.566210  0.000289  0.000017
     8    124    992  -113.566235  0.000296  0.000019
     9    110    990  -113.566241  0.000296  0.000020
    10     99    990  -113.566245  0.000308  0.000022
    11     90    990  -113.566247  0.000301  0.000023
    12     83    996  -113.566231  0.000288  0.000022
    13     76    988  -113.566263  0.000303  0.000025
    14     71    994  -113.566232  0.000318  0.000027
    15     66    990  -113.566257  0.000305  0.000027
    16     62    992  -113.566254  0.000297  0.000027
    17     58    986  -113.566280  0.000321  0.000030
    18     55    990  -113.566260  0.000308  0.000030
    19     52    988  -113.566272  0.000303  0.000030
    20     49    980  -113.566291  0.000311  0.000032
    21     47    987  -113.566283  0.000302  0.000032
    22     45    990  -113.566261  0.000332  0.000035
    23     43    989  -113.566276  0.000289  0.000032
    24     41    984  -113.566291  0.000307  0.000034
Fit (variance): plateau_var = 9.102419e-08 ± 4.057905e-09
Fit (error):    plateau = 0.000302 ± 0.000007
     autocorrelation length ~ 2.4 blocks
     plateau reached at block size ~ 11
Final AFQMC/pt2CCSD overlap ratio: -1.009123 ± 0.000117
Final AFQMC/pt2CCSD energy: -113.566269 ± 0.000302
Total run time: 106.25
------------------------------------------ AFQMC Sampling Finished -------------------------------------------
