------------------------------------------- AFQMC Sampling Started -------------------------------------------
Hostname: gpua099.delta.ncsa.illinois.edu
System Type: Linux
Machine Type: x86_64
Processor: x86_64
Using GPU.
System: Linux
Node Name: gpua099.delta.ncsa.illinois.edu
Release: 5.14.0-427.91.1.el9_4.x86_64
Version: #1 SMP PREEMPT_DYNAMIC Wed Sep 17 10:08:59 EDT 2025
Machine: x86_64
Processor: x86_64
Decomposing Unrestricted T2 amplitudes
Throw 0 vectors in T2 deomposition
SVD cutoff = 1.00e-08 | error = 6.81e-16
number of T2 decomposition vectors 94
norb: 17
nelec: (4, 3)
n_eql: 120
n_blocks: 1000
n_walkers: 300
dt: 0.005
max_error: 0.0
seed: 17
walker_type: uhf
trial: uccsd_pt2
free_projection: False
use_gpu: True
n_exp_terms: 6
n_prop_steps: 50
save_walkers: False
n_batch: 1
nchol_chunk: 99
mix_precision: True
initial AFQMC/pt2CCSD Energy is -55.704624
Propagating with 300 walkers
----------------------------------------------- Equilibration ------------------------------------------------
inv_T        weight  killW        energy   runTime
 0.00    300.000000      0    -55.554723     51.91
 3.00    301.911009      0    -55.699969     59.09
 6.00    302.148660      0    -55.714122     59.55
 9.00    301.981159      0    -55.716857     60.01
12.00    302.265161      0    -55.702516     60.47
15.00    301.501069      0    -55.693942     60.94
18.00    302.155261      0    -55.712070     61.40
21.00    301.697403      0    -55.706900     61.86
24.00    301.668184      0    -55.697081     62.32
27.00    302.155567      0    -55.703081     62.78
30.00    301.770438      0    -55.694075     63.25
---------------------------------------------- Sampling Blocks -----------------------------------------------
blocks        weight  killW       E_Guide     error       E_Trial     error     olp_T/G     error  Walltime
    20    302.022189      0    -55.709856  0.006106    -55.706724  0.000135   -1.000450  0.000065   69.77
    40    301.727568      1    -55.706696  0.003958    -55.706771  0.000150   -1.000464  0.000039   70.67
    60    301.511259      2    -55.707245  0.002749    -55.706853  0.000131   -1.000445  0.000028   71.57
    80    301.306032      2    -55.705793  0.002143    -55.706844  0.000113   -1.000464  0.000021   72.47
   100    301.137906      2    -55.705505  0.001671    -55.706817  0.000106   -1.000488  0.000022   73.37
   120    301.005808      2    -55.705579  0.001390    -55.706825  0.000095   -1.000483  0.000020   74.27
   140    300.890599      2    -55.705163  0.001256    -55.706803  0.000083   -1.000479  0.000020   75.17
   160    300.811405      2    -55.706293  0.001558    -55.706922  0.000099   -1.000473  0.000017   76.06
   180    300.714423      3    -55.706266  0.001380    -55.706886  0.000090   -1.000469  0.000016   76.96
   200    300.636065      3    -55.706535  0.001259    -55.706849  0.000082   -1.000455  0.000019   77.86
   220    300.562137      3    -55.706368  0.001177    -55.706846  0.000077   -1.000446  0.000018   78.75
   240    300.490131      3    -55.706190  0.001082    -55.706857  0.000072   -1.000434  0.000021   79.65
   260    300.438731      3    -55.706400  0.001007    -55.706836  0.000069   -1.000422  0.000021   80.55
   280    300.383264      4    -55.706394  0.000950    -55.706843  0.000066   -1.000415  0.000020   81.44
   300    300.334086      5    -55.706235  0.000915    -55.706824  0.000063   -1.000418  0.000020   82.34
   320    300.288915      5    -55.705727  0.000889    -55.706806  0.000060   -1.000415  0.000019   83.24
   340    300.249398      6    -55.705817  0.000848    -55.706801  0.000057   -1.000402  0.000020   84.13
   360    300.216196      8    -55.706046  0.000845    -55.706814  0.000057   -1.000391  0.000020   85.03
   380    300.188244      8    -55.706123  0.000801    -55.706831  0.000057   -1.000391  0.000019   85.93
   400    300.160966      9    -55.706430  0.000780    -55.706864  0.000058   -1.000382  0.000019   86.83
   420    300.133783     10    -55.706225  0.000759    -55.706850  0.000056   -1.000383  0.000018   87.73
   440    300.111551     12    -55.706175  0.000827    -55.706858  0.000056   -1.000383  0.000018   88.63
   460    300.093222     13    -55.706178  0.000806    -55.706841  0.000054   -1.000381  0.000018   89.52
   480    300.073954     15    -55.706432  0.000864    -55.706854  0.000053   -1.000381  0.000018   90.42
   500    300.053503     16    -55.706484  0.000852    -55.706855  0.000052   -1.000381  0.000017   91.32
   520    300.039109     16    -55.706383  0.000824    -55.706842  0.000051   -1.000384  0.000017   92.21
   540    300.025219     16    -55.706528  0.000797    -55.706839  0.000049   -1.000385  0.000016   93.11
   560    300.007066     18    -55.706384  0.000780    -55.706831  0.000048   -1.000386  0.000016   94.00
   580    299.993050     19    -55.706208  0.000769    -55.706842  0.000049   -1.000380  0.000016   94.91
   600    299.982930     20    -55.706415  0.000780    -55.706845  0.000048   -1.000376  0.000016   95.80
   620    299.969619     20    -55.706346  0.000766    -55.706842  0.000047   -1.000376  0.000016   96.70
   640    299.956836     21    -55.706388  0.000737    -55.706840  0.000046   -1.000376  0.000016   97.59
   660    299.942601     21    -55.706358  0.000717    -55.706835  0.000045   -1.000376  0.000015   98.49
   680    299.931248     21    -55.706295  0.000704    -55.706827  0.000045   -1.000380  0.000015   99.38
   700    299.919845     22    -55.706176  0.000693    -55.706818  0.000044   -1.000380  0.000015  100.29
   720    299.911292     22    -55.706321  0.000679    -55.706811  0.000043   -1.000379  0.000015  101.18
   740    299.900973     25    -55.706218  0.000672    -55.706818  0.000042   -1.000375  0.000015  102.08
   760    299.894029     26    -55.706197  0.000655    -55.706815  0.000041   -1.000374  0.000015  102.98
   780    299.885084     27    -55.706065  0.000641    -55.706803  0.000040   -1.000374  0.000014  103.87
   800    299.880980     27    -55.706220  0.000641    -55.706801  0.000040   -1.000371  0.000014  104.77
   820    299.872145     28    -55.706188  0.000622    -55.706799  0.000039   -1.000370  0.000014  105.67
   840    299.868050     28    -55.706225  0.000605    -55.706792  0.000038   -1.000371  0.000014  106.57
   860    299.860123     29    -55.706216  0.000597    -55.706801  0.000038   -1.000370  0.000014  107.46
   880    299.853574     34    -55.706203  0.000581    -55.706801  0.000037   -1.000368  0.000014  108.36
   900    299.849281     34    -55.706258  0.000568    -55.706801  0.000037   -1.000370  0.000013  109.26
   920    299.842342     37    -55.706235  0.000561    -55.706797  0.000036   -1.000370  0.000013  110.15
   940    299.836704     38    -55.706284  0.000547    -55.706797  0.000036   -1.000371  0.000013  111.05
   960    299.830755     38    -55.706299  0.000541    -55.706817  0.000036   -1.000370  0.000013  111.95
   980    299.826322     38    -55.706273  0.000534    -55.706815  0.000036   -1.000372  0.000013  112.84
  1000    299.822241     38    -55.706237  0.000524    -55.706819  0.000035   -1.000375  0.000013  113.74
---------------------------------------------- Post Propagation ----------------------------------------------
Total number of samples 1000
Raw AFQMC/HF (Guide) energy:           -55.706237 ± 0.000524
Raw Trial/Guide overlap ratio:          -1.000375 ± 0.000013
Raw AFQMC/pt2CCSD energy (covariance): -55.706819 ± 0.000035
Raw AFQMC/pt2CCSD energy (dir sample): -55.706819 ± 0.000030
--------------------------------------------- Clean Obeservation ---------------------------------------------
removing energies outside zeta > 30
Outlier energy bound [-55.724418, -55.688748]
Removed 0 outliers with energies []
Clean AFQMC/pt2CCSD overlap ratio:        -1.000375 ± 0.000013
Clean AFQMC/pt2CCSD energy (covariance): -55.706819 ± 0.000035
Clean AFQMC/ptCCSD energy (dir sample):  -55.706819 ± 0.000030
--------------------------------------------- Blocking Analysis ----------------------------------------------
nsample = 1000, max_block_size = 25, min_nblocks = 40
   B    NB    NS  Observable     Error    dError
   1  1000  1000   -1.000375  0.000005  0.000000
   2   500  1000   -1.000375  0.000006  0.000000
   3   333   999   -1.000375  0.000007  0.000000
   4   250  1000   -1.000375  0.000008  0.000000
   5   200  1000   -1.000375  0.000009  0.000000
   6   166   996   -1.000375  0.000009  0.000000
   7   142   994   -1.000375  0.000009  0.000001
   8   125  1000   -1.000375  0.000010  0.000001
   9   111   999   -1.000375  0.000010  0.000001
  10   100  1000   -1.000375  0.000011  0.000001
  11    90   990   -1.000374  0.000010  0.000001
  12    83   996   -1.000375  0.000011  0.000001
  13    76   988   -1.000374  0.000011  0.000001
  14    71   994   -1.000375  0.000011  0.000001
  15    66   990   -1.000374  0.000012  0.000001
  16    62   992   -1.000375  0.000012  0.000001
  17    58   986   -1.000374  0.000011  0.000001
  18    55   990   -1.000374  0.000012  0.000001
  19    52   988   -1.000374  0.000012  0.000001
  20    50  1000   -1.000375  0.000012  0.000001
  21    47   987   -1.000374  0.000012  0.000001
  22    45   990   -1.000374  0.000012  0.000001
  23    43   989   -1.000374  0.000013  0.000001
  24    41   984   -1.000373  0.000012  0.000001
  25    40  1000   -1.000375  0.000013  0.000002
Fit (variance): plateau_var = 1.661e-10 ± 1.708e-11
Fit (error):    plateau = 0.000013 ± 0.000001
     autocorrelation length ~ 9.5 blocks
     plateau reached at block size ~ 44
     !!!Failed to reach plateau in blocking
     Return max block error
nclean = 1000, max_block_size = 25, min_nblocks = 40
Blk_SZ   NBlk   NSmp      Energy     Error    dError
     1   1000   1000  -55.706791  0.000030  0.000001
     2    500   1000  -55.706799  0.000034  0.000001
     3    333    999  -55.706801  0.000036  0.000001
     4    250   1000  -55.706804  0.000035  0.000002
     5    200   1000  -55.706805  0.000037  0.000002
     6    166    996  -55.706806  0.000039  0.000002
     7    142    994  -55.706803  0.000038  0.000002
     8    125   1000  -55.706809  0.000039  0.000002
     9    111    999  -55.706810  0.000039  0.000003
    10    100   1000  -55.706810  0.000040  0.000003
    11     90    990  -55.706806  0.000039  0.000003
    12     83    996  -55.706809  0.000041  0.000003
    13     76    988  -55.706809  0.000042  0.000003
    14     71    994  -55.706808  0.000039  0.000003
    15     66    990  -55.706808  0.000038  0.000003
    16     62    992  -55.706810  0.000042  0.000004
    17     58    986  -55.706809  0.000037  0.000003
    18     55    990  -55.706809  0.000039  0.000004
    19     52    988  -55.706811  0.000038  0.000004
    20     50   1000  -55.706814  0.000042  0.000004
    21     47    987  -55.706812  0.000038  0.000004
    22     45    990  -55.706811  0.000037  0.000004
    23     43    989  -55.706811  0.000038  0.000004
    24     41    984  -55.706810  0.000042  0.000005
    25     40   1000  -55.706815  0.000035  0.000004
Fit (variance): plateau_var = 1.523220e-09 ± 6.741528e-11
Fit (error):    plateau = 0.000039 ± 0.000001
     autocorrelation length ~ 2.6 blocks
     plateau reached at block size ~ 11
Final AFQMC/pt2CCSD overlap ratio: -1.000375 ± 0.000013
Final AFQMC/pt2CCSD energy: -55.706819 ± 0.000039
Total run time: 122.10
------------------------------------------ AFQMC Sampling Finished -------------------------------------------
