------------------------------------------- AFQMC Sampling Started -------------------------------------------
Hostname: gpua099.delta.ncsa.illinois.edu
System Type: Linux
Machine Type: x86_64
Processor: x86_64
Using GPU.
System: Linux
Node Name: gpua099.delta.ncsa.illinois.edu
Release: 5.14.0-427.91.1.el9_4.x86_64
Version: #1 SMP PREEMPT_DYNAMIC Wed Sep 17 10:08:59 EDT 2025
Machine: x86_64
Processor: x86_64
Decomposing Unrestricted T2 amplitudes
Throw 0 vectors in T2 deomposition
SVD cutoff = 1.00e-08 | error = 6.14e-16
number of T2 decomposition vectors 70
norb: 15
nelec: (4, 2)
n_eql: 120
n_blocks: 1000
n_walkers: 300
dt: 0.005
max_error: 0.0
seed: 17
walker_type: uhf
trial: uccsd_pt2
free_projection: False
use_gpu: True
n_exp_terms: 6
n_prop_steps: 50
save_walkers: False
n_batch: 1
nchol_chunk: 84
mix_precision: True
initial AFQMC/pt2CCSD Energy is -55.077919
Propagating with 300 walkers
----------------------------------------------- Equilibration ------------------------------------------------
inv_T        weight  killW        energy   runTime
 0.00    300.000000      0    -54.961042     10.36
 3.00    301.546627      0    -55.080761     16.48
 6.00    301.408752      0    -55.058659     17.05
 9.00    301.751773      0    -55.082342     17.62
12.00    301.417998      0    -55.084681     18.19
15.00    301.489871      0    -55.078014     18.76
18.00    301.328903      0    -55.088313     19.34
21.00    301.593070      0    -55.077746     19.91
24.00    301.705255      0    -55.086190     20.48
27.00    301.357298      0    -55.078561     21.05
30.00    301.437612      0    -55.074476     21.62
---------------------------------------------- Sampling Blocks -----------------------------------------------
blocks        weight  killW       E_Guide     error       E_Trial     error     olp_T/G     error  Walltime
    20    301.451107      2    -55.081431  0.004250    -55.079389  0.000108    1.000421  0.000034   27.74
    40    301.260207      3    -55.079020  0.002862    -55.079414  0.000067    1.000470  0.000047   28.77
    60    301.064659      4    -55.078442  0.002115    -55.079503  0.000081    1.000505  0.000045   29.81
    80    300.941489      5    -55.078846  0.001577    -55.079575  0.000083    1.000500  0.000034   30.84
   100    300.843244      6    -55.078584  0.001328    -55.079551  0.000069    1.000526  0.000032   31.88
   120    300.727056      8    -55.078785  0.001089    -55.079560  0.000061    1.000531  0.000026   32.92
   140    300.639822     11    -55.079286  0.001113    -55.079535  0.000056    1.000522  0.000024   33.95
   160    300.570583     11    -55.079951  0.001029    -55.079526  0.000054    1.000493  0.000028   34.98
   180    300.499797     12    -55.079906  0.000949    -55.079502  0.000049    1.000475  0.000028   36.02
   200    300.436253     13    -55.079870  0.000842    -55.079501  0.000049    1.000474  0.000026   37.05
   220    300.374517     14    -55.079654  0.000792    -55.079492  0.000045    1.000476  0.000024   38.09
   240    300.323692     14    -55.079273  0.000759    -55.079471  0.000042    1.000472  0.000022   39.12
   260    300.287955     14    -55.079208  0.000719    -55.079456  0.000040    1.000466  0.000022   43.02
   280    300.243864     16    -55.078955  0.000686    -55.079461  0.000038    1.000455  0.000022   45.42
   300    300.205662     20    -55.078988  0.000679    -55.079455  0.000036    1.000461  0.000021   46.46
   320    300.175946     21    -55.078884  0.000689    -55.079454  0.000034    1.000468  0.000021   47.49
   340    300.147147     21    -55.078989  0.000668    -55.079461  0.000033    1.000468  0.000020   48.79
   360    300.124128     22    -55.079146  0.000644    -55.079468  0.000032    1.000466  0.000019   49.83
   380    300.100482     24    -55.079254  0.000624    -55.079463  0.000031    1.000461  0.000019   53.06
   400    300.076336     24    -55.079239  0.000586    -55.079463  0.000031    1.000468  0.000018   54.11
   420    300.054431     24    -55.079202  0.000567    -55.079458  0.000029    1.000470  0.000018   55.15
   440    300.039863     24    -55.079392  0.000557    -55.079446  0.000028    1.000476  0.000019   56.18
   460    300.018856     24    -55.079315  0.000565    -55.079447  0.000028    1.000483  0.000019   57.22
   480    300.004382     25    -55.079227  0.000540    -55.079449  0.000027    1.000483  0.000018   58.25
   500    299.991014     26    -55.079247  0.000523    -55.079439  0.000026    1.000478  0.000017   59.29
   520    299.977787     26    -55.079157  0.000520    -55.079437  0.000025    1.000474  0.000017   60.33
   540    299.963173     26    -55.079102  0.000512    -55.079444  0.000025    1.000474  0.000016   61.36
   560    299.952542     26    -55.079076  0.000511    -55.079447  0.000027    1.000472  0.000017   62.39
   580    299.936777     27    -55.078915  0.000504    -55.079441  0.000026    1.000471  0.000017   63.42
   600    299.927429     28    -55.078916  0.000490    -55.079452  0.000027    1.000475  0.000016   64.46
   620    299.919523     28    -55.078853  0.000481    -55.079452  0.000026    1.000476  0.000016   65.51
   640    299.909328     30    -55.078726  0.000495    -55.079451  0.000026    1.000482  0.000016   66.54
   660    299.899713     30    -55.078677  0.000487    -55.079453  0.000025    1.000485  0.000016   67.57
   680    299.890894     31    -55.078815  0.000490    -55.079454  0.000025    1.000479  0.000016   68.61
   700    299.885713     31    -55.078921  0.000479    -55.079458  0.000025    1.000480  0.000016   69.64
   720    299.875906     31    -55.078975  0.000472    -55.079464  0.000024    1.000480  0.000016   70.67
   740    299.870017     33    -55.078970  0.000462    -55.079463  0.000024    1.000476  0.000016   71.70
   760    299.865080     33    -55.078968  0.000457    -55.079465  0.000024    1.000475  0.000016   72.74
   780    299.858307     33    -55.078997  0.000452    -55.079467  0.000023    1.000472  0.000016   73.77
   800    299.856339     33    -55.079200  0.000474    -55.079467  0.000023    1.000468  0.000016   74.81
   820    299.848410     33    -55.079119  0.000468    -55.079467  0.000022    1.000466  0.000016   75.85
   840    299.842188     33    -55.079085  0.000459    -55.079464  0.000022    1.000467  0.000016   76.88
   860    299.837606     33    -55.079075  0.000454    -55.079466  0.000022    1.000468  0.000015   77.93
   880    299.831892     34    -55.078942  0.000460    -55.079462  0.000021    1.000469  0.000015   78.97
   900    299.827314     35    -55.078939  0.000452    -55.079457  0.000021    1.000469  0.000015   80.00
   920    299.824492     36    -55.078945  0.000444    -55.079454  0.000021    1.000470  0.000015   81.04
   940    299.821730     36    -55.078919  0.000436    -55.079453  0.000020    1.000469  0.000015   82.09
   960    299.818252     37    -55.079028  0.000425    -55.079456  0.000020    1.000468  0.000015   83.13
   980    299.812513     38    -55.078943  0.000420    -55.079452  0.000020    1.000469  0.000014   84.16
  1000    299.810548     38    -55.079018  0.000415    -55.079453  0.000020    1.000467  0.000014   85.20
---------------------------------------------- Post Propagation ----------------------------------------------
Total number of samples 1000
Raw AFQMC/HF (Guide) energy:           -55.079018 ± 0.000415
Raw Trial/Guide overlap ratio:          1.000467 ± 0.000014
Raw AFQMC/pt2CCSD energy (covariance): -55.079453 ± 0.000020
Raw AFQMC/pt2CCSD energy (dir sample): -55.079453 ± 0.000016
--------------------------------------------- Clean Obeservation ---------------------------------------------
removing energies outside zeta > 30
Outlier energy bound [-55.089436, -55.069243]
Removed 0 outliers with energies []
Clean AFQMC/pt2CCSD overlap ratio:        1.000467 ± 0.000014
Clean AFQMC/pt2CCSD energy (covariance): -55.079453 ± 0.000020
Clean AFQMC/ptCCSD energy (dir sample):  -55.079453 ± 0.000016
--------------------------------------------- Blocking Analysis ----------------------------------------------
nsample = 1000, max_block_size = 25, min_nblocks = 40
   B    NB    NS  Observable     Error    dError
   1  1000  1000    1.000467  0.000006  0.000000
   2   500  1000    1.000467  0.000007  0.000000
   3   333   999    1.000468  0.000008  0.000000
   4   250  1000    1.000467  0.000009  0.000000
   5   200  1000    1.000467  0.000010  0.000000
   6   166   996    1.000468  0.000010  0.000001
   7   142   994    1.000469  0.000011  0.000001
   8   125  1000    1.000467  0.000012  0.000001
   9   111   999    1.000468  0.000012  0.000001
  10   100  1000    1.000467  0.000012  0.000001
  11    90   990    1.000469  0.000012  0.000001
  12    83   996    1.000468  0.000012  0.000001
  13    76   988    1.000469  0.000012  0.000001
  14    71   994    1.000469  0.000013  0.000001
  15    66   990    1.000469  0.000013  0.000001
  16    62   992    1.000469  0.000013  0.000001
  17    58   986    1.000469  0.000013  0.000001
  18    55   990    1.000469  0.000013  0.000001
  19    52   988    1.000469  0.000014  0.000001
  20    50  1000    1.000467  0.000013  0.000001
  21    47   987    1.000469  0.000013  0.000001
  22    45   990    1.000469  0.000014  0.000001
  23    43   989    1.000469  0.000014  0.000002
  24    41   984    1.000469  0.000013  0.000001
  25    40  1000    1.000467  0.000014  0.000002
Fit (variance): plateau_var = 1.831e-10 ± 1.446e-11
Fit (error):    plateau = 0.000014 ± 0.000001
     autocorrelation length ~ 7.1 blocks
     plateau reached at block size ~ 33
     !!!Failed to reach plateau in blocking
     Return max block error
nclean = 1000, max_block_size = 25, min_nblocks = 40
Blk_SZ   NBlk   NSmp      Energy     Error    dError
     1   1000   1000  -55.079433  0.000016  0.000000
     2    500   1000  -55.079438  0.000018  0.000001
     3    333    999  -55.079440  0.000019  0.000001
     4    250   1000  -55.079443  0.000020  0.000001
     5    200   1000  -55.079445  0.000020  0.000001
     6    166    996  -55.079445  0.000020  0.000001
     7    142    994  -55.079446  0.000021  0.000001
     8    125   1000  -55.079447  0.000020  0.000001
     9    111    999  -55.079447  0.000021  0.000001
    10    100   1000  -55.079448  0.000020  0.000001
    11     90    990  -55.079446  0.000021  0.000002
    12     83    996  -55.079448  0.000020  0.000002
    13     76    988  -55.079447  0.000021  0.000002
    14     71    994  -55.079449  0.000022  0.000002
    15     66    990  -55.079448  0.000021  0.000002
    16     62    992  -55.079447  0.000019  0.000002
    17     58    986  -55.079448  0.000022  0.000002
    18     55    990  -55.079448  0.000023  0.000002
    19     52    988  -55.079448  0.000021  0.000002
    20     50   1000  -55.079451  0.000019  0.000002
    21     47    987  -55.079449  0.000021  0.000002
    22     45    990  -55.079449  0.000019  0.000002
    23     43    989  -55.079448  0.000020  0.000002
    24     41    984  -55.079449  0.000021  0.000002
    25     40   1000  -55.079452  0.000020  0.000002
Fit (variance): plateau_var = 4.213565e-10 ± 1.671495e-11
Fit (error):    plateau = 0.000021 ± 0.000000
     autocorrelation length ~ 1.9 blocks
     plateau reached at block size ~ 9
Final AFQMC/pt2CCSD overlap ratio: 1.000467 ± 0.000014
Final AFQMC/pt2CCSD energy: -55.079453 ± 0.000021
Total run time: 116.52
------------------------------------------ AFQMC Sampling Finished -------------------------------------------
