------------------------------------------- AFQMC Sampling Started -------------------------------------------
Hostname: gpua099.delta.ncsa.illinois.edu
System Type: Linux
Machine Type: x86_64
Processor: x86_64
Using GPU.
System: Linux
Node Name: gpua099.delta.ncsa.illinois.edu
Release: 5.14.0-427.91.1.el9_4.x86_64
Version: #1 SMP PREEMPT_DYNAMIC Wed Sep 17 10:08:59 EDT 2025
Machine: x86_64
Processor: x86_64
Decomposing Unrestricted T2 amplitudes
Throw 0 vectors in T2 deomposition
SVD cutoff = 1.00e-08 | error = 1.25e-15
number of T2 decomposition vectors 560
norb: 39
nelec: (10, 9)
n_eql: 120
n_blocks: 1000
n_walkers: 300
dt: 0.005
max_error: 0.0
seed: 17
walker_type: uhf
trial: uccsd_pt2
free_projection: False
use_gpu: True
n_exp_terms: 6
n_prop_steps: 50
save_walkers: False
n_batch: 1
nchol_chunk: 100
mix_precision: True
initial AFQMC/pt2CCSD Energy is -609.485341
Propagating with 300 walkers
----------------------------------------------- Equilibration ------------------------------------------------
inv_T        weight  killW        energy   runTime
 0.00    300.000000      0   -608.958922     13.38
 3.00    307.245588      0   -609.514338     21.17
 6.00    308.279632      0   -609.498197     22.05
 9.00    308.250540      0   -609.528090     22.94
12.00    307.797764      0   -609.521116     23.82
15.00    307.473826      0   -609.520928     24.71
18.00    307.366863      0   -609.495977     25.59
21.00    307.177304      0   -609.479305     26.48
24.00    307.159817      1   -609.532605     27.37
27.00    307.937524      1   -609.476467     28.25
30.00    307.375088      0   -609.534053     29.14
---------------------------------------------- Sampling Blocks -----------------------------------------------
blocks        weight  killW       E_Guide     error       E_Trial     error     olp_T/G     error  Walltime
    20    307.095357      2   -609.501894  0.007066   -609.509086  0.003312   -1.116614  0.003204   38.64
    40    306.325464      4   -609.503795  0.005119   -609.505744  0.001887   -1.116817  0.001704   41.41
    60    305.697440      7   -609.506555  0.003868   -609.505995  0.001409   -1.116992  0.001142   44.19
    80    305.081264      9   -609.507570  0.004301   -609.506034  0.001128   -1.117027  0.001407   46.96
   100    304.521050     11   -609.506087  0.004264   -609.506620  0.001008   -1.113852  0.002342   49.74
   120    304.126197     11   -609.509336  0.004125   -609.506778  0.000919   -1.112676  0.002241   52.52
   140    303.716874     14   -609.509171  0.004215   -609.506560  0.000812   -1.113728  0.002056   55.29
   160    303.372034     15   -609.509629  0.003937   -609.506489  0.000757   -1.113294  0.001807   58.07
   180    303.057028     15   -609.510337  0.003745   -609.507027  0.000820   -1.114243  0.001727   60.84
   200    302.808679     19   -609.512477  0.003472   -609.507481  0.000800   -1.114293  0.001550   63.62
   220    302.551618     19   -609.512500  0.003287   -609.507132  0.000746   -1.114596  0.001475   66.43
   240    302.326425     21   -609.512591  0.003100   -609.507262  0.000712   -1.113266  0.001645   69.20
   260    302.128462     22   -609.513092  0.002950   -609.507445  0.000675   -1.112932  0.001595   71.98
   280    301.935373     26   -609.513418  0.002785   -609.507457  0.000648   -1.112967  0.001498   74.75
   300    301.796078     27   -609.514535  0.002785   -609.507817  0.000920   -1.113431  0.001434   77.53
   320    301.646147     29   -609.514758  0.002610   -609.507896  0.000880   -1.114258  0.001466   80.30
   340    301.507647     30   -609.514479  0.002480   -609.507790  0.000833   -1.114723  0.001454   83.07
   360    301.389814     32   -609.515088  0.002415   -609.507899  0.000808   -1.114763  0.001381   85.84
   380    301.270452     32   -609.514860  0.002315   -609.508018  0.000792   -1.114594  0.001313   88.61
   400    301.159145     34   -609.514423  0.002251   -609.507813  0.000757   -1.114635  0.001247   91.39
   420    301.049143     37   -609.514179  0.002153   -609.507648  0.000731   -1.113767  0.001341   94.17
   440    300.965963     37   -609.514299  0.002176   -609.507572  0.000703   -1.113020  0.001392   96.94
   460    300.887115     40   -609.514254  0.002123   -609.507580  0.000687   -1.112861  0.001363   99.71
   480    300.817016     41   -609.514036  0.002026   -609.507544  0.000663   -1.113228  0.001375  102.48
   500    300.749252     41   -609.514004  0.001994   -609.507563  0.000638   -1.113595  0.001353  105.26
   520    300.680860     41   -609.513714  0.001913   -609.507475  0.000617   -1.113706  0.001317  108.04
   540    300.610139     42   -609.512905  0.001947   -609.507342  0.000599   -1.113955  0.001302  110.81
   560    300.552940     44   -609.512836  0.001927   -609.507279  0.000582   -1.114108  0.001297  113.58
   580    300.501885     47   -609.512812  0.001871   -609.507204  0.000566   -1.114709  0.001369  116.35
   600    300.451092     47   -609.512733  0.001824   -609.507193  0.000551   -1.114826  0.001402  119.12
   620    300.403469     48   -609.512454  0.001756   -609.502117  0.009789   -1.114286  0.001417  121.89
   640    300.361565     48   -609.512103  0.001744   -609.502136  0.009485   -1.114011  0.001449  124.68
   660    300.318636     49   -609.512270  0.001702   -609.502326  0.009197   -1.114100  0.001394  127.46
   680    300.280471     50   -609.512191  0.001677   -609.502375  0.008926   -1.114225  0.001375  130.23
   700    300.249890     54   -609.512164  0.001642   -609.502539  0.008673   -1.114056  0.001353  133.01
   720    300.210341     56   -609.511821  0.001632   -609.502623  0.008432   -1.114054  0.001366  135.79
   740    300.177401     60   -609.511617  0.001595   -609.502725  0.008208   -1.113558  0.001400  138.56
   760    300.149434     65   -609.511650  0.001560   -609.502720  0.007994   -1.113226  0.001437  141.33
   780    300.121113     68   -609.511503  0.001536   -609.502799  0.007789   -1.113253  0.001401  144.10
   800    300.092536     70   -609.511365  0.001489   -609.502879  0.007594   -1.113290  0.001375  146.88
   820    300.064600     72   -609.511366  0.001452   -609.502936  0.007408   -1.113480  0.001355  149.65
   840    300.047008     73   -609.511620  0.001424   -609.503208  0.007234   -1.113315  0.001356  152.42
   860    300.028711     74   -609.511574  0.001421   -609.503294  0.007065   -1.113400  0.001356  155.19
   880    300.002032     75   -609.511098  0.001427   -609.503340  0.006904   -1.113590  0.001329  157.97
   900    299.983341     75   -609.510862  0.001416   -609.503422  0.006752   -1.113348  0.001329  160.75
   920    299.964931     77   -609.511083  0.001423   -609.503630  0.006608   -1.113084  0.001319  163.52
   940    299.939788     79   -609.510645  0.001437   -609.503628  0.006467   -1.113089  0.001320  166.29
   960    299.920998     80   -609.510511  0.001437   -609.503622  0.006334   -1.112908  0.001313  169.06
   980    299.898884     82   -609.510302  0.001413   -609.503656  0.006206   -1.112733  0.001313  171.83
  1000    299.885743     83   -609.510396  0.001532   -609.503682  0.006082   -1.112733  0.001316  174.62
---------------------------------------------- Post Propagation ----------------------------------------------
Total number of samples 1000
Raw AFQMC/HF (Guide) energy:           -609.510396 ± 0.001532
Raw Trial/Guide overlap ratio:          -1.112733 ± 0.001316
Raw AFQMC/pt2CCSD energy (covariance): -609.503682 ± 0.006082
Raw AFQMC/pt2CCSD energy (dir sample): -609.503682 ± 0.003238
--------------------------------------------- Clean Obeservation ---------------------------------------------
removing energies outside zeta > 30
Outlier energy bound [-609.690977, -609.319214]
Removed 1 outliers with energies [-606.28404704]
Clean AFQMC/pt2CCSD overlap ratio:        -1.112756 ± 0.001301
Clean AFQMC/pt2CCSD energy (covariance): -609.506800 ± 0.000405
Clean AFQMC/ptCCSD energy (dir sample):  -609.506800 ± 0.000331
--------------------------------------------- Blocking Analysis ----------------------------------------------
nsample = 999, max_block_size = 24, min_nblocks = 40
   B    NB    NS  Observable     Error    dError
   1   999   999   -1.112752  0.000357  0.000008
   2   499   998   -1.112746  0.000484  0.000015
   3   333   999   -1.112751  0.000574  0.000022
   4   249   996   -1.112733  0.000654  0.000029
   5   199   995   -1.112721  0.000709  0.000036
   6   166   996   -1.112733  0.000770  0.000042
   7   142   994   -1.112712  0.000814  0.000048
   8   124   992   -1.112699  0.000868  0.000055
   9   111   999   -1.112751  0.000903  0.000061
  10    99   990   -1.112695  0.000947  0.000068
  11    90   990   -1.112695  0.000969  0.000073
  12    83   996   -1.112733  0.001004  0.000078
  13    76   988   -1.112706  0.001009  0.000082
  14    71   994   -1.112711  0.001047  0.000088
  15    66   990   -1.112695  0.001099  0.000096
  16    62   992   -1.112699  0.001118  0.000101
  17    58   986   -1.112696  0.001121  0.000105
  18    55   990   -1.112695  0.001178  0.000113
  19    52   988   -1.112705  0.001181  0.000117
  20    49   980   -1.112743  0.001223  0.000125
  21    47   987   -1.112700  0.001243  0.000130
  22    45   990   -1.112695  0.001254  0.000134
  23    43   989   -1.112698  0.001245  0.000136
  24    41   984   -1.112710  0.001301  0.000145
Fit (variance): plateau_var = 2.334e-06 ± 5.365e-07
Fit (error):    plateau = 0.001528 ± 0.000176
     autocorrelation length ~ 21.1 blocks
     plateau reached at block size ~ 98
     !!!Failed to reach plateau in blocking
     Return max block error
nclean = 999, max_block_size = 24, min_nblocks = 40
Blk_SZ   NBlk   NSmp      Energy     Error    dError
     1    999    999  -609.506538  0.000331  0.000007
     2    499    998  -609.506603  0.000361  0.000011
     3    333    999  -609.506630  0.000386  0.000015
     4    249    996  -609.506668  0.000385  0.000017
     5    199    995  -609.506688  0.000395  0.000020
     6    166    996  -609.506702  0.000428  0.000024
     7    142    994  -609.506721  0.000403  0.000024
     8    124    992  -609.506740  0.000415  0.000026
     9    111    999  -609.506715  0.000413  0.000028
    10     99    990  -609.506757  0.000401  0.000029
    11     90    990  -609.506753  0.000433  0.000032
    12     83    996  -609.506750  0.000438  0.000034
    13     76    988  -609.506783  0.000432  0.000035
    14     71    994  -609.506761  0.000389  0.000033
    15     66    990  -609.506774  0.000441  0.000039
    16     62    992  -609.506770  0.000400  0.000036
    17     58    986  -609.506807  0.000405  0.000038
    18     55    990  -609.506775  0.000423  0.000041
    19     52    988  -609.506795  0.000404  0.000040
    20     49    980  -609.506808  0.000410  0.000042
    21     47    987  -609.506814  0.000428  0.000045
    22     45    990  -609.506789  0.000436  0.000047
    23     43    989  -609.506791  0.000397  0.000043
    24     41    984  -609.506859  0.000413  0.000046
Fit (variance): plateau_var = 1.728544e-07 ± 7.643540e-09
Fit (error):    plateau = 0.000416 ± 0.000009
     autocorrelation length ~ 2.4 blocks
     plateau reached at block size ~ 10
Final AFQMC/pt2CCSD overlap ratio: -1.112756 ± 0.001301
Final AFQMC/pt2CCSD energy: -609.506800 ± 0.000416
Total run time: 182.68
------------------------------------------ AFQMC Sampling Finished -------------------------------------------
