
    ________                     _____                    
    ___  __ \___  __________________(_)_____________ _    
    __  /_/ /  / / /_  __ \_  __ \_  /__  __ \_  __ `/    
    _  _, _// /_/ /_  / / /  / / /  / _  / / /  /_/ /     
    /_/ |_| \__,_/ /_/ /_//_/ /_//_/  /_/ /_/_\__, /      
                                             /____/       
    _____________________________  ___________            
    ___    |__  ____/_  __ \__   |/  /_  ____/            
    __  /| |_  /_   _  / / /_  /|_/ /_  /                 
    _  ___ |  __/   / /_/ /_  /  / / / /___               
    /_/  |_/_/      \___\_\/_/  /_/  \____/               

Hostname:     gpue02.delta.ncsa.illinois.edu
System:       Linux
Node:         gpue02.delta.ncsa.illinois.edu
Release:      5.14.0-427.91.1.el9_4.x86_64
Machine:      x86_64
Processor:    x86_64
JAX backend:  GPU
JAX devices:  [CudaDevice(id=0)]
Device kind:  NVIDIA H200
Platform:     gpu

Load system from Integral File
Maximum memory per walker:            83.33 MB
Maximum number of Cholesky per chunk: 1891
Number of Cholesky chunks:            1
Number of Cholesky per chunk:         232
Number of padding Cholesky:           0

QMC System
Number of electrons: (2, 2)
Spin Multiplicity:   0
Number of orbitals:  38
Number of Chol:      232

QMC Parameters
eql_time            :                   50
n_blocks            :                 1000
n_walkers           :                  300
max_error           :                  0.0
seed                :                   17
walker_type         :                  uhf
trial               :             upt2ccsd
mix_precision       :                 True
max_memory          :                25000
dt                  :                0.005
n_exp_terms         :                    6
n_prop_steps        :                   50
save_walkers        :                False
free_projection     :                False
n_batch             :                    1
nchol_chunk         :                  232

Initalize QMC walkers by stochastic CCSD

Equilibration
inv_T        weight  killW        energy   runTime
 0.00    300.000000      0    -25.227277     33.93
 5.00    299.260610      0    -25.229690     38.74
10.00    298.896132      0    -25.226262     39.54
15.00    298.714521      0    -25.228944     40.34
20.00    299.106599      0    -25.226378     41.15
25.00    298.984284      1    -25.240189     41.95
30.00    299.197870      0    -25.230117     42.76
35.00    298.980860      0    -25.223716     43.56
40.00    299.271436      0    -25.227778     44.37
45.00    298.859439      0    -25.224812     45.17
50.00    299.206696      0    -25.225482     45.97

Sampling
blocks        weight  killW       E_Guide     error       E_Trial     error     olp_T/G     error  Walltime
    20    299.029152      1    -25.225807  0.001114    -25.229606  0.000160    1.112141  0.003482   50.51
    40    299.012766      2    -25.226687  0.001251    -25.229419  0.000162    1.113393  0.002179   51.85
    60    299.039037      5    -25.226159  0.000991    -25.229627  0.000134    1.116270  0.002422   53.18
    80    299.059029      7    -25.226677  0.000844    -25.229604  0.000115    1.115286  0.001849   54.84
   100    299.052624      8    -25.227082  0.000723    -25.229493  0.000114    1.113167  0.001987   56.59
   120    299.040559     10    -25.227410  0.000718    -25.229538  0.000105    1.112113  0.001942   58.35
   140    299.039853     12    -25.226987  0.000775    -25.229541  0.000101    1.111754  0.001760   60.11
   160    299.031780     14    -25.227411  0.000703    -25.229502  0.000092    1.111162  0.001592   61.88
   180    299.018472     16    -25.227295  0.000644    -25.229533  0.000094    1.111676  0.001533   63.63
   200    299.019879     17    -25.227235  0.000599    -25.229554  0.000089    1.113012  0.001662   65.39
   220    299.014115     19    -25.227786  0.000705    -25.229508  0.000086    1.114727  0.001918   67.12
   240    299.006946     22    -25.227734  0.000647    -25.229551  0.000085    1.115731  0.001887   68.89
   260    299.005059     24    -25.227679  0.000599    -25.229567  0.000081    1.116112  0.001761   70.64
   280    299.007334     24    -25.227651  0.000568    -25.229584  0.000078    1.116326  0.001644   72.40
   300    299.002205     27    -25.227453  0.000565    -25.229628  0.000078    1.116846  0.001577   74.16
   320    299.004132     27    -25.227499  0.000562    -25.229639  0.000074    1.117360  0.001532   75.91
   340    299.012773     29    -25.227775  0.000590    -25.229612  0.000072    1.117888  0.001488   77.68
   360    299.022676     30    -25.228088  0.000612    -25.229590  0.000069    1.118358  0.001442   79.46
   380    299.024148     31    -25.228271  0.000609    -25.229585  0.000067    1.118515  0.001371   81.21
   400    299.025938     34    -25.228492  0.000598    -25.229642  0.000074    1.118670  0.001306   82.98
   420    299.018481     36    -25.228424  0.000571    -25.229642  0.000072    1.118832  0.001250   84.73
   440    299.020398     38    -25.228494  0.000551    -25.229607  0.000071    1.119146  0.001309   86.49
   460    299.024033     39    -25.228681  0.000563    -25.229618  0.000070    1.119191  0.001277   88.25
   480    299.025833     42    -25.228665  0.000538    -25.229617  0.000069    1.118951  0.001245   90.01
   500    299.023119     45    -25.228685  0.000521    -25.229611  0.000067    1.118898  0.001216   91.76
   520    299.020797     48    -25.228746  0.000510    -25.229604  0.000066    1.118999  0.001201   93.53
   540    299.024155     48    -25.228689  0.000499    -25.229601  0.000066    1.119504  0.001239   95.28
   560    299.026242     50    -25.228773  0.000501    -25.229629  0.000074    1.119828  0.001273   97.06
   580    299.024240     52    -25.228641  0.000501    -25.229650  0.000072    1.120434  0.001326   98.73
   600    299.025031     55    -25.228706  0.000489    -25.229649  0.000070    1.120544  0.001307  100.50
   620    299.027499     56    -25.228748  0.000474    -25.229667  0.000069    1.120810  0.001268  102.26
   640    299.028668     56    -25.228754  0.000475    -25.229661  0.000067    1.120941  0.001265  104.01
   660    299.028878     56    -25.228652  0.000471    -25.229660  0.000065    1.121021  0.001235  105.78
   680    299.025953     59    -25.228534  0.000481    -25.229668  0.000063    1.121008  0.001223  107.56
   700    299.023279     60    -25.228442  0.000477    -25.229664  0.000062    1.120899  0.001197  109.31
   720    299.024541     61    -25.228453  0.000466    -25.229664  0.000061    1.120927  0.001210  111.08
   740    299.025716     62    -25.228435  0.000455    -25.229658  0.000060    1.120963  0.001181  112.84
   760    299.027007     63    -25.228485  0.000446    -25.229654  0.000059    1.121070  0.001157  114.60
   780    299.024219     64    -25.228522  0.000439    -25.229650  0.000058    1.121285  0.001148  116.36
   800    299.025847     66    -25.228608  0.000427    -25.229663  0.000058    1.121325  0.001138  118.13
   820    299.024280     66    -25.228663  0.000422    -25.229649  0.000057    1.121378  0.001111  119.89
   840    299.023176     67    -25.228607  0.000413    -25.229656  0.000056    1.121430  0.001100  121.64
   860    299.021237     67    -25.228528  0.000421    -25.229666  0.000055    1.121625  0.001100  123.39
   880    299.021803     68    -25.228538  0.000422    -25.229679  0.000054    1.121731  0.001101  125.18
   900    299.021413     69    -25.228495  0.000422    -25.229676  0.000053    1.121899  0.001101  126.94
   920    299.021220     69    -25.228501  0.000416    -25.229674  0.000053    1.121962  0.001100  128.69
   940    299.020367     70    -25.228491  0.000407    -25.229674  0.000052    1.122137  0.001100  130.45
   960    299.021066     71    -25.228470  0.000401    -25.229683  0.000051    1.122283  0.001101  132.21
   980    299.018358     76    -25.228502  0.000394    -25.229698  0.000050    1.122356  0.001101  133.97
  1000    299.017999     76    -25.228502  0.000395    -25.229694  0.000050    1.122459  0.001077  135.71

Post Propagation Process
Total number of samples 1000
Raw AFQMC/HF (Guide) energy:           -25.228502 ± 0.000395
Raw Trial/Guide overlap ratio:          1.122459 ± 0.001077
Raw AFQMC/pt2CCSD energy (covariance): -25.229694 ± 0.000050
Raw AFQMC/pt2CCSD energy (dir sample): -25.229694 ± 0.000037

Remove Outliers
removing energies outside zeta > 30
Outlier energy bound [-25.255252, -25.204017]
Removed 0 outliers with energies []
Clean AFQMC/pt2CCSD overlap ratio:        1.122459 ± 0.001077
Clean AFQMC/pt2CCSD energy (covariance): -25.229694 ± 0.000050
Clean AFQMC/ptCCSD energy (dir sample):  -25.229694 ± 0.000037

Blocking Analysis
nsample = 1000, max_block_size = 25, min_nblocks = 40
   B    NB    NS  Observable     Error    dError
   1  1000  1000    1.122459  0.000274  0.000006
   2   500  1000    1.122459  0.000372  0.000012
   3   333   999    1.122458  0.000446  0.000017
   4   250  1000    1.122459  0.000504  0.000023
   5   200  1000    1.122459  0.000557  0.000028
   6   166   996    1.122442  0.000603  0.000033
   7   142   994    1.122431  0.000640  0.000038
   8   125  1000    1.122459  0.000671  0.000043
   9   111   999    1.122458  0.000709  0.000048
  10   100  1000    1.122459  0.000733  0.000052
  11    90   990    1.122423  0.000780  0.000058
  12    83   996    1.122442  0.000799  0.000062
  13    76   988    1.122405  0.000838  0.000068
  14    71   994    1.122431  0.000867  0.000073
  15    66   990    1.122423  0.000881  0.000077
  16    62   992    1.122425  0.000900  0.000081
  17    58   986    1.122388  0.000928  0.000087
  18    55   990    1.122423  0.000962  0.000093
  19    52   988    1.122405  0.000968  0.000096
  20    50  1000    1.122459  0.000976  0.000099
  21    47   987    1.122398  0.000997  0.000104
  22    45   990    1.122423  0.001022  0.000109
  23    43   989    1.122413  0.001055  0.000115
  24    41   984    1.122365  0.001077  0.000120
  25    40  1000    1.122459  0.001054  0.000119
Fit (variance): plateau_var = 2.096e-06 ± 7.131e-07
Fit (error):    plateau = 0.001448 ± 0.000246
     autocorrelation length ~ 32.7 blocks
     plateau reached at block size ~ 151
     !!!Failed to reach plateau in blocking
     Return max block error
nclean = 1000, max_block_size = 25, min_nblocks = 40
Blk_SZ   NBlk   NSmp      Energy     Error    dError
     1   1000   1000  -25.229667  0.000037  0.000001
     2    500   1000  -25.229670  0.000041  0.000001
     3    333    999  -25.229670  0.000044  0.000002
     4    250   1000  -25.229673  0.000045  0.000002
     5    200   1000  -25.229674  0.000048  0.000002
     6    166    996  -25.229676  0.000051  0.000003
     7    142    994  -25.229673  0.000049  0.000003
     8    125   1000  -25.229677  0.000049  0.000003
     9    111    999  -25.229676  0.000052  0.000003
    10    100   1000  -25.229679  0.000053  0.000004
    11     90    990  -25.229681  0.000049  0.000004
    12     83    996  -25.229678  0.000049  0.000004
    13     76    988  -25.229682  0.000054  0.000004
    14     71    994  -25.229680  0.000053  0.000004
    15     66    990  -25.229682  0.000048  0.000004
    16     62    992  -25.229678  0.000051  0.000005
    17     58    986  -25.229686  0.000053  0.000005
    18     55    990  -25.229686  0.000052  0.000005
    19     52    988  -25.229686  0.000054  0.000005
    20     50   1000  -25.229684  0.000055  0.000006
    21     47    987  -25.229689  0.000055  0.000006
    22     45    990  -25.229685  0.000055  0.000006
    23     43    989  -25.229687  0.000049  0.000005
    24     41    984  -25.229688  0.000050  0.000006
    25     40   1000  -25.229684  0.000054  0.000006
Fit (variance): plateau_var = 2.704024e-09 ± 1.427508e-10
Fit (error):    plateau = 0.000052 ± 0.000001
     autocorrelation length ~ 3.7 blocks
     plateau reached at block size ~ 16
Final AFQMC/pt2CCSD overlap ratio: 1.122459 ± 0.001077
Final AFQMC/pt2CCSD energy: -25.229694 ± 0.000052
Total run time: 143.45

AFQMC Sampling Finished

