
    ________                     _____                    
    ___  __ \___  __________________(_)_____________ _    
    __  /_/ /  / / /_  __ \_  __ \_  /__  __ \_  __ `/    
    _  _, _// /_/ /_  / / /  / / /  / _  / / /  /_/ /     
    /_/ |_| \__,_/ /_/ /_//_/ /_//_/  /_/ /_/_\__, /      
                                             /____/       
    _____________________________  ___________            
    ___    |__  ____/_  __ \__   |/  /_  ____/            
    __  /| |_  /_   _  / / /_  /|_/ /_  /                 
    _  ___ |  __/   / /_/ /_  /  / / / /___               
    /_/  |_/_/      \___\_\/_/  /_/  \____/               

Hostname:     gpue02.delta.ncsa.illinois.edu
System:       Linux
Node:         gpue02.delta.ncsa.illinois.edu
Release:      5.14.0-427.91.1.el9_4.x86_64
Machine:      x86_64
Processor:    x86_64
JAX backend:  GPU
JAX devices:  [CudaDevice(id=0)]
Device kind:  NVIDIA H200
Platform:     gpu

Load system from Integral File
Maximum memory per walker:            83.33 MB
Maximum number of Cholesky per chunk: 811
Number of Cholesky chunks:            1
Number of Cholesky per chunk:         349
Number of padding Cholesky:           0

QMC System
Number of electrons: (4, 4)
Spin Multiplicity:   0
Number of orbitals:  58
Number of Chol:      349

QMC Parameters
eql_time            :                   50
n_blocks            :                 1000
n_walkers           :                  300
max_error           :                  0.0
seed                :                   17
walker_type         :                  uhf
trial               :             upt2ccsd
mix_precision       :                 True
max_memory          :                25000
dt                  :                0.005
n_exp_terms         :                    6
n_prop_steps        :                   50
save_walkers        :                False
free_projection     :                False
n_batch             :                    1
nchol_chunk         :                  349

Initalize QMC walkers by stochastic CCSD

Equilibration
inv_T        weight  killW        energy   runTime
 0.00    300.000000      0    -79.235820     24.39
 5.00    298.689801      0    -79.245025     30.35
10.00    299.595064      0    -79.268118     31.46
15.00    298.990996      0    -79.278358     32.57
20.00    298.881050      1    -79.273477     33.68
25.00    298.875981      0    -79.256349     34.79
30.00    298.541971      0    -79.271811     35.90
35.00    298.854328      0    -79.255734     37.01
40.00    299.517859      0    -79.302142     38.13
45.00    299.197319      0    -79.266027     39.24
50.00    299.066702      0    -79.284270     40.35

Sampling
blocks        weight  killW       E_Guide     error       E_Trial     error     olp_T/G     error  Walltime
    20    298.816622      3    -79.273974  0.005470    -79.266441  0.003379    1.251572  0.005368   49.97
    40    298.748416     12    -79.268149  0.004817    -79.264162  0.001889    1.252379  0.003566   56.06
    60    298.611714     20    -79.262446  0.004882    -79.263572  0.001360    1.255650  0.004515   62.22
    80    298.565760     25    -79.260345  0.003939    -79.263083  0.001188    1.253097  0.004596   68.40
   100    298.514842     30    -79.260945  0.003217    -79.263080  0.001041    1.252452  0.004260   74.57
   120    298.460508     41    -79.261685  0.002790    -79.263132  0.000929    1.252173  0.003426   80.74
   140    298.416431     46    -79.260667  0.002528    -79.262972  0.000835    1.252109  0.003319   86.91
   160    298.390532     50    -79.259562  0.002333    -79.262639  0.000764    1.256311  0.004033   93.07
   180    298.395625     58    -79.260223  0.002140    -79.262557  0.000697    1.259600  0.004230   99.25
   200    298.426176     67    -79.262272  0.002460    -79.263318  0.000954    1.261684  0.004058  105.42
   220    298.435052     74    -79.263041  0.002273    -79.263213  0.000890    1.264231  0.004142  111.59
   240    298.436031     79    -79.263162  0.002123    -79.263483  0.000834    1.265027  0.003921  117.76
   260    298.437042     82    -79.263035  0.002016    -79.263530  0.000781    1.264111  0.003676  123.92
   280    298.436605     85    -79.263189  0.001845    -79.263538  0.000740    1.263357  0.003452  130.10
   300    298.438686     91    -79.263122  0.001734    -79.263750  0.000704    1.262932  0.003246  136.27
   320    298.415742     98    -79.262420  0.001776    -79.263975  0.000699    1.263151  0.003044  143.20
   340    298.415550    106    -79.262868  0.001762    -79.264342  0.000688    1.263345  0.002893  148.73
   360    298.405355    113    -79.262955  0.001668    -79.264467  0.000655    1.265082  0.002988  154.90
   380    298.399499    126    -79.263072  0.001589    -79.264397  0.000626    1.265695  0.002863  161.07
   400    298.402709    131    -79.262966  0.001517    -79.264268  0.000603    1.266380  0.002765  167.24
   420    298.398713    138    -79.262993  0.001464    -79.264188  0.000580    1.268007  0.002920  173.41
   440    298.397576    146    -79.262661  0.001484    -79.264118  0.000556    1.269462  0.003147  179.58
   460    298.397600    153    -79.262154  0.001507    -79.264207  0.000539    1.269470  0.003076  185.74
   480    298.407527    158    -79.262494  0.001502    -79.264190  0.000523    1.269462  0.002967  191.92
   500    298.418947    164    -79.262938  0.001450    -79.264348  0.000519    1.268844  0.002904  198.09
   520    298.416022    173    -79.262891  0.001394    -79.264388  0.000503    1.268486  0.002850  204.26
   540    298.413943    179    -79.262783  0.001342    -79.264519  0.000488    1.268254  0.002781  210.42
   560    298.406434    188    -79.262339  0.001383    -79.264438  0.000474    1.268192  0.002760  216.60
   580    298.409144    195    -79.262890  0.001362    -79.264842  0.000593    1.268423  0.002710  222.80
   600    298.407373    196    -79.263327  0.001484    -79.264966  0.000581    1.267752  0.002778  228.94
   620    298.397568    200    -79.263069  0.001455    -79.264870  0.000565    1.267322  0.002722  235.10
   640    298.398772    204    -79.263111  0.001422    -79.264919  0.000549    1.267208  0.002677  241.28
   660    298.399142    212    -79.262993  0.001373    -79.264844  0.000535    1.266981  0.002583  247.44
   680    298.391195    220    -79.262865  0.001346    -79.264794  0.000521    1.267890  0.002695  253.61
   700    298.395892    224    -79.262769  0.001317    -79.264752  0.000508    1.268264  0.002651  259.79
   720    298.397702    227    -79.263121  0.001283    -79.231995  0.034887    1.268106  0.002599  265.96
   740    298.402437    229    -79.263265  0.001281    -79.232946  0.033943    1.268141  0.002535  272.12
   760    298.406653    234    -79.263361  0.001255    -79.233726  0.033052    1.268049  0.002528  278.29
   780    298.403569    237    -79.263189  0.001220    -79.234472  0.032193    1.268525  0.002507  284.47
   800    298.400374    242    -79.263038  0.001250    -79.235221  0.031395    1.268229  0.002457  290.63
   820    298.397255    246    -79.262690  0.001268    -79.235906  0.030632    1.268121  0.002402  296.80
   840    298.397978    251    -79.262740  0.001239    -79.236601  0.029904    1.268089  0.002393  302.97
   860    298.397859    254    -79.262771  0.001210    -79.237193  0.029199    1.268470  0.002393  309.14
   880    298.393830    259    -79.262576  0.001220    -79.237805  0.028529    1.268755  0.002371  315.31
   900    298.392980    263    -79.262494  0.001220    -79.238393  0.027897    1.268674  0.002333  321.49
   920    298.388097    266    -79.262406  0.001228    -79.238996  0.027289    1.268770  0.002371  327.64
   940    298.393331    272    -79.262705  0.001228    -79.239689  0.026709    1.268727  0.002371  333.82
   960    298.392252    279    -79.262682  0.001236    -79.240234  0.026145    1.269114  0.002313  339.99
   980    298.391906    282    -79.262636  0.001207    -79.240727  0.025607    1.269349  0.002343  346.16
  1000    298.390839    289    -79.262654  0.001179    -79.241187  0.025102    1.269017  0.002293  352.33

Post Propagation Process
Total number of samples 1000
Raw AFQMC/HF (Guide) energy:           -79.262654 ± 0.001179
Raw Trial/Guide overlap ratio:          1.269017 ± 0.002293
Raw AFQMC/pt2CCSD energy (covariance): -79.241187 ± 0.025102
Raw AFQMC/pt2CCSD energy (dir sample): -79.241187 ± 0.024170

Remove Outliers
removing energies outside zeta > 30
Outlier energy bound [-79.446374, -79.080652]
Removed 3 outliers with energies [-79.46730259 -79.54788598 -55.08650689]
Clean AFQMC/pt2CCSD overlap ratio:        1.269065 ± 0.002267
Clean AFQMC/pt2CCSD energy (covariance): -79.264562 ± 0.000409
Clean AFQMC/ptCCSD energy (dir sample):  -79.264562 ± 0.000267

Blocking Analysis
nsample = 997, max_block_size = 24, min_nblocks = 40
   B    NB    NS  Observable     Error    dError
   1   997   997    1.269066  0.000661  0.000015
   2   498   996    1.269063  0.000882  0.000028
   3   332   996    1.269064  0.001043  0.000041
   4   249   996    1.269063  0.001167  0.000052
   5   199   995    1.269055  0.001288  0.000065
   6   166   996    1.269063  0.001373  0.000076
   7   142   994    1.269068  0.001462  0.000087
   8   124   992    1.269084  0.001552  0.000099
   9   110   990    1.269108  0.001587  0.000108
  10    99   990    1.269109  0.001686  0.000120
  11    90   990    1.269108  0.001745  0.000131
  12    83   996    1.269063  0.001776  0.000139
  13    76   988    1.269181  0.001833  0.000150
  14    71   994    1.269067  0.001888  0.000160
  15    66   990    1.269108  0.001969  0.000173
  16    62   992    1.269083  0.001970  0.000178
  17    58   986    1.269215  0.002051  0.000192
  18    55   990    1.269107  0.002070  0.000199
  19    52   988    1.269180  0.002116  0.000210
  20    49   980    1.269322  0.002128  0.000217
  21    47   987    1.269209  0.002176  0.000227
  22    45   990    1.269107  0.002202  0.000235
  23    43   989    1.269137  0.002267  0.000247
  24    41   984    1.269255  0.002252  0.000252
Fit (variance): plateau_var = 7.156e-06 ± 1.587e-06
Fit (error):    plateau = 0.002675 ± 0.000297
     autocorrelation length ~ 20.2 blocks
     plateau reached at block size ~ 93
     !!!Failed to reach plateau in blocking
     Return max block error
nclean = 997, max_block_size = 24, min_nblocks = 40
Blk_SZ   NBlk   NSmp      Energy     Error    dError
     1    997    997  -79.264406  0.000267  0.000006
     2    498    996  -79.264435  0.000301  0.000010
     3    332    996  -79.264450  0.000317  0.000012
     4    249    996  -79.264458  0.000325  0.000015
     5    199    995  -79.264476  0.000350  0.000018
     6    166    996  -79.264473  0.000344  0.000019
     7    142    994  -79.264468  0.000348  0.000021
     8    124    992  -79.264467  0.000347  0.000022
     9    110    990  -79.264464  0.000394  0.000027
    10     99    990  -79.264454  0.000340  0.000024
    11     90    990  -79.264466  0.000352  0.000026
    12     83    996  -79.264499  0.000376  0.000029
    13     76    988  -79.264484  0.000381  0.000031
    14     71    994  -79.264494  0.000385  0.000033
    15     66    990  -79.264479  0.000402  0.000035
    16     62    992  -79.264486  0.000374  0.000034
    17     58    986  -79.264508  0.000360  0.000034
    18     55    990  -79.264487  0.000441  0.000042
    19     52    988  -79.264504  0.000325  0.000032
    20     49    980  -79.264496  0.000360  0.000037
    21     47    987  -79.264512  0.000370  0.000039
    22     45    990  -79.264495  0.000425  0.000045
    23     43    989  -79.264489  0.000381  0.000042
    24     41    984  -79.264534  0.000410  0.000046
Fit (variance): plateau_var = 1.387554e-07 ± 7.603760e-09
Fit (error):    plateau = 0.000372 ± 0.000010
     autocorrelation length ~ 3.7 blocks
     plateau reached at block size ~ 16
Final AFQMC/pt2CCSD overlap ratio: 1.269065 ± 0.002267
Final AFQMC/pt2CCSD energy: -79.264562 ± 0.000372
Total run time: 361.12

AFQMC Sampling Finished

