#INFO: **** input file is /work/hdd/bdka/yzhang65/w4_17/w4-17_all/afqmc_input/batch9/run_afqmc.py ****
import os
import sys
import re
#sys.path.insert(0, os.path.join(os.path.dirname(os.path.abspath(__file__)), '..', 'script'))
sys.path.insert(0, '/u/yzhang65/mywork/yzhang65/w4_17/w4-17_all/script')

os.environ.setdefault("XLA_PYTHON_CLIENT_ALLOCATOR", "platform")
import jax
jax.config.update("jax_enable_x64", True)

from pyscf import gto, scf, cc
from afqmc import integral, launch_afqmc
from mol_select import get_xyz_files
import truncate_basis

# ---------------------------------------------------------------------------
# Configuration
# ---------------------------------------------------------------------------
shell            = "closed"  # "closed" or "open"
symmetry         = False
select_molecules = [
    "benzene", "beta-lactim", "bf", "bf3", "bh", "bh3", "bhf2", "bn", "borole",
    "c2cl6", "c2clh", "c2clh3", "c2clh5", "c2f4", "c2f6", "c2h2", "c2h3f",
    "c2h4", "c2h5f", "c2h6", "ccl2", "ccl2h2", "ccl2o", "ccl3h", "c-hcoh",
    "clf5", "clno", "cloocl", "co", "co2", "cs", "cs2", "cyclobutadiene",
    "cyclobutane", "cyclobutene", "cyclopentadiene", "cyclopropane", "cyclopropene",
    "dioxetan2one", "dioxetane", "dioxirane", "dithiotane", "ethanol", "h2",
    "h2co", "h2o", "h2s", "hccf", "hcl", "hclo4", "hcn", "hcno", "n2", "n2h4",
    "n2o", "n-butane", "n-pentane", "s2o", "s3", "s4-c2v", "sf6", "si2h6",
    "sif4", "sih3f", "sih4", "silole", "sio", "so2", "so3", "t-butadiene",
    "tetrahedrane", "t-hcoh", "thiophene", "t-hono", "t-n2h2", "trans-c2f2cl2",
    "formic-anhydride", "glyoxal", "propyne", "pyrrole",
]
index            = None          # e.g. "1-10", "5", "1,3,5-8", or None for all
basis            = "vtzfp"

xyz_dir      = f"../../w4_17_xyz/{shell}_shell"
results_file = f"./{shell}_afqmc_{basis}.dat"
out_dir      = f"../../result/molout/{shell}_shell/tz"
os.makedirs(out_dir, exist_ok=True)

xyz_files = get_xyz_files(xyz_dir, select_molecules=select_molecules, index=index)

# ---------------------------------------------------------------------------
# Write results header
# ---------------------------------------------------------------------------
with open(results_file, "w") as out:
    out.write(f"{'Molecule':<16s} {'E_HF (Eh)':>20s} {'E_CCSD (Eh)':>20s} "
              f"{'E_AFQMC (Eh)':>15s} {'E_AFQMC ERR (Eh)':>15s}\n")

# ---------------------------------------------------------------------------
# Helper
# ---------------------------------------------------------------------------
_afqmc_energy_re = re.compile(
    r"Final AFQMC/pt2CCSD energy:\s*([-+]?\d*\.?\d+(?:[eE][-+]?\d+)?)"
    r"\s*(?:±|\+/-)\s*([-+]?\d*\.?\d+(?:[eE][-+]?\d+)?)"
)

def extract_afqmc_energy(filename):
    try:
        with open(filename, encoding="utf-8") as f:
            for line in f:
                m = _afqmc_energy_re.search(line)
                if m:
                    return float(m.group(1)), float(m.group(2))
    except (OSError, IOError):
        pass
    return 0, 0

# ---------------------------------------------------------------------------
# Main loop
# ---------------------------------------------------------------------------
for xyz_path in xyz_files:
    
    qmc_walker       = "uhf" # Default. Fall to rhf if the mf is RHF
    qmc_trial        = "upt2ccsd"

    with open(xyz_path) as f:
        lines = f.readlines()

    second_line = lines[1]
    charge   = int(second_line.split("charge=")[1].split()[0])
    spin     = int(second_line.split("mult=")[1].split()[0]) - 1
    mol_name = second_line.split()[0]
    atoms    = "".join(lines[2:])

    print(f"\n{'='*60}\nRunning: {mol_name}  charge={charge}  spin={spin}\n{'='*60}")

    mol = gto.M(
        atom=atoms,
        basis=truncate_basis.get_basis(atoms, basis),
        verbose=4,
        output=os.path.join(out_dir, f"{mol_name}_{basis}.out"),
        unit="angstrom",
        symmetry=symmetry,
        charge=charge,
        spin=spin,
        max_memory=140000,
    )

    mf = scf.UHF(mol)
    mf.max_cycle = 200
    mf = mf.newton()
    mf.kernel()

    if mol_name == "h":
        with open(results_file, "a") as out:
            out.write(f"{mol_name:<16s} {mf.e_tot:>20.10f} {mf.e_tot:>20.10f} "
                      f"{mf.e_tot:>15.5f} {0.0:>15.5f}\n")
        continue

    stable = False
    for _ in range(10):
        mo_i, _, stable, _ = mf.stability(return_status=True)
        if stable:
            break
        dm = mf.make_rdm1(mo_i, mf.mo_occ)
        mf.kernel(dm0=dm)

    ss, s = mf.spin_square()
    tol = 1e-6
    if abs(ss) < tol and abs(s - 1.0) < tol:
        print("Not a UHF solution. Convert to RHF")
        
        qmc_walker = "rhf"
        qmc_trial = "pt2ccsd"

        mf = mf.to_rhf()
        mf.kernel()
        stable = False
        for _ in range(10):
            mo_i, _, stable, _ = mf.stability(return_status=True)
            if stable:
                break
            dm = mf.make_rdm1(mo_i, mf.mo_occ)
            mf.kernel(dm0=dm)

    if not stable or not mf.converged:
        print(f"  !! SCF did not converge for {mol_name} — skipping.")
        with open(results_file, "a") as out:
            out.write(f"{mol_name:<16s} {'UNCONVERGED':>20s} {'UNCONVERGED':>20s} {'UNCONVERGED':>20s}\n")
        continue

    mycc = cc.CCSD(mf)
    mycc.set_frozen()
    mycc.kernel()

    integral.prep_integral(mycc, chol_cut=1e-5)
    options = {
        'eql_time':      50,
        'n_blocks':      1000,
        'n_walkers':     300,
        'max_error':     0.0,
        'seed':          17,
        'walker_type':   qmc_walker,
        'trial':         qmc_trial,
        'mix_precision': True,
        'max_memory':    25000, #MB
    }
    launch_afqmc.ph_afqmc(options)

    afqmc_out = os.path.join(out_dir, f"{mol_name}_afqmc_{basis}.out")
    os.system(f"mv afqmc.out {afqmc_out}")
    eqmc, eqmc_err = extract_afqmc_energy(afqmc_out)

    with open(results_file, "a") as out:
        out.write(f"{mol_name:<16s} {mf.e_tot:>20.10f} {mycc.e_tot:>20.10f} "
                  f"{eqmc:>15.5f} {eqmc_err:>15.5f}\n")

    print(f"  => E_HF({mol_name})      = {mf.e_tot:.10f} Eh")
    print(f"  => E_CCSD({mol_name})    = {mycc.e_tot:.10f} Eh")
    print(f"  => E_AFQMC({mol_name})   = {eqmc:.5f} +/- {eqmc_err:.5f} Eh")

print(f"\nAll calculations complete. Results saved to {results_file}")
#INFO: ******************** input file end ********************


System: uname_result(system='Linux', node='gpue02.delta.ncsa.illinois.edu', release='5.14.0-427.91.1.el9_4.x86_64', version='#1 SMP PREEMPT_DYNAMIC Wed Sep 17 10:08:59 EDT 2025', machine='x86_64')  Threads 12
Python 3.11.14 (main, Oct 21 2025, 18:31:21) [GCC 11.2.0]
numpy 2.3.5  scipy 1.16.3  h5py 3.15.1
Date: Thu May 28 04:56:14 2026
PySCF version 2.11.0
PySCF path  /u/yzhang65/myprojects/software/pyscf
GIT HEAD (branch master) f520f5381c0b41f716d847009817cbc64e52c0d5

[ENV] PYSCF_TMPDIR /projects/bdka/yzhang65/scratch/pyscf
[ENV] PYSCF_EXT_PATH /u/yzhang65/myprojects/software/pyscf-forge
[CONFIG] conf_file None
[INPUT] verbose = 4
[INPUT] num. atoms = 2
[INPUT] num. electrons = 12
[INPUT] charge = 0
[INPUT] spin (= nelec alpha-beta = 2S) = 0
[INPUT] symmetry False subgroup None
[INPUT] Mole.unit = angstrom
[INPUT] Symbol           X                Y                Z      unit          X                Y                Z       unit  Magmom
[INPUT]  1 B      0.000000000000   0.000000000000  -0.748417000000 AA    0.000000000000   0.000000000000  -1.414303156969 Bohr   0.0
[INPUT]  2 N      0.000000000000   0.000000000000   0.534583000000 AA    0.000000000000   0.000000000000   1.010215460848 Bohr   0.0

nuclear repulsion = 14.4358553251754
number of shells = 18
number of NR pGTOs = 84
number of NR cGTOs = 60
basis = {'N': [[0, [11420.0, 0.000523, -0.000115], [1712.0, 0.004045, -0.000895], [389.3, 0.020775, -0.004624], [110.0, 0.080727, -0.018528], [35.57, 0.233074, -0.057339], [12.54, 0.433501, -0.132076], [4.644, 0.347472, -0.17251], [0.5118, -0.008508, 0.599944]], [0, [1.293, 1.0]], [0, [0.1787, 1.0]], [1, [26.63, 0.01467], [5.948, 0.091764], [1.742, 0.298683]], [1, [0.555, 1.0]], [1, [0.1725, 1.0]], [2, [1.654, 1.0]], [2, [0.469, 1.0]], [3, [1.093, 1.0]]], 'B': [[0, [5473.0, 0.000555, -0.000112], [820.9, 0.004291, -0.000868], [186.8, 0.021949, -0.004484], [52.83, 0.084441, -0.017683], [17.08, 0.238557, -0.053639], [5.999, 0.435072, -0.119005], [2.208, 0.341955, -0.165824], [0.2415, -0.009545, 0.595981]], [0, [0.5879, 1.0]], [0, [0.0861, 1.0]], [1, [12.05, 0.013118], [2.613, 0.079896], [0.7475, 0.277275]], [1, [0.2385, 1.0]], [1, [0.07698, 1.0]], [2, [0.661, 1.0]], [2, [0.199, 1.0]], [3, [0.49, 1.0]]]}
ecp = {}
CPU time:      4561.11




******** <class 'pyscf.soscf.newton_ah.SecondOrderUHF'> ********
method = SecondOrderUHF
initial guess = minao
damping factor = 0
level_shift factor = 0
DIIS = <class 'pyscf.scf.diis.CDIIS'>
diis_start_cycle = 1
diis_space = 8
diis_damp = 0
SCF conv_tol = 1e-09
SCF conv_tol_grad = None
SCF max_cycles = 200
direct_scf = True
direct_scf_tol = 1e-13
chkfile to save SCF result = /projects/bdka/yzhang65/scratch/pyscf/tmppua1gywt
max_memory 140000 MB (current use 3218 MB)
number electrons alpha = 6  beta = 6
******** <class 'pyscf.scf.uhf.UHF'> Newton solver flags ********
SCF tol = 1e-09
conv_tol_grad = None
max. SCF cycles = 200
direct_scf = True
direct_scf_tol = 1e-13
chkfile to save SCF result = /projects/bdka/yzhang65/scratch/pyscf/tmppua1gywt
max_cycle_inner = 12
max_stepsize = 0.05
ah_start_tol = 1e+09
ah_level_shift = 0
ah_conv_tol = 1e-12
ah_lindep = 1e-14
ah_start_cycle = 1
ah_max_cycle = 40
ah_grad_trust_region = 2.5
kf_interval = 4
kf_trust_region = 5
canonicalization = True
max_memory 140000 MB (current use 3218 MB)
Set conv_tol_grad to 3.16228e-05
  alpha nocc = 6  HOMO = -0.377199047285363  LUMO = -0.237769161738158
  beta  nocc = 6  HOMO = -0.362932386528637  LUMO = -0.232854852942242
Initial guess E= -78.7820237406214  |g|= 0.433514
macro= 0  E= -78.9043285737984  delta_E= -0.122305  |g|= 0.0591807  4 KF 21 JK
macro= 1  E= -78.9380519216749  delta_E= -0.0337233  |g|= 0.0946458  3 KF 19 JK
macro= 2  E= -78.9902837780824  delta_E= -0.0522319  |g|= 0.0398766  3 KF 12 JK
macro= 3  E= -78.9904348838909  delta_E= -0.000151106  |g|= 7.64373e-05  3 KF 11 JK
macro= 4  E= -78.990434883891  delta_E= -1.13687e-13  |g|= 1.17444e-05  1 KF 2 JK
Canonicalize SCF orbitals
macro X = 5  E=-78.990434883891  |g|= 1.17444e-05  total 15 KF 71 JK
converged SCF energy = -78.990434883891  <S^2> = 1.3167439  2S+1 = 2.5033928
uhf_internal: lowest eigs of H = [0.00378588 0.00378956 0.19044421]
<class 'pyscf.soscf.newton_ah.SecondOrderUHF'> wavefunction is stable in the internal stability analysis

******** <class 'pyscf.cc.uccsd.UCCSD'> ********
CC2 = 0
CCSD nocc = (np.int64(4), np.int64(4)), nmo = (58, 58)
frozen orbitals 2
max_cycle = 50
direct = 0
conv_tol = 1e-07
conv_tol_normt = 1e-06
diis_space = 6
diis_start_cycle = 0
diis_start_energy_diff = 1e+09
max_memory 140000 MB (current use 3130 MB)
Init t2, MP2 energy = -0.210607491290267
Init E_corr(UCCSD) = -0.210607491344721
cycle = 1  E_corr(UCCSD) = -0.217016228487328  dE = -0.00640873714  norm(t1,t2) = 0.0994652
cycle = 2  E_corr(UCCSD) = -0.227044770341747  dE = -0.0100285419  norm(t1,t2) = 0.0529085
cycle = 3  E_corr(UCCSD) = -0.231939697676044  dE = -0.00489492733  norm(t1,t2) = 0.0454682
cycle = 4  E_corr(UCCSD) = -0.242431654347792  dE = -0.0104919567  norm(t1,t2) = 0.0307345
cycle = 5  E_corr(UCCSD) = -0.243000381067049  dE = -0.000568726719  norm(t1,t2) = 0.0185682
cycle = 6  E_corr(UCCSD) = -0.245350470906084  dE = -0.00235008984  norm(t1,t2) = 0.0138637
cycle = 7  E_corr(UCCSD) = -0.247016493052245  dE = -0.00166602215  norm(t1,t2) = 0.00966323
cycle = 8  E_corr(UCCSD) = -0.247303622266236  dE = -0.000287129214  norm(t1,t2) = 0.00475928
cycle = 9  E_corr(UCCSD) = -0.24745623225846  dE = -0.000152609992  norm(t1,t2) = 0.00287523
cycle = 10  E_corr(UCCSD) = -0.247740222848624  dE = -0.00028399059  norm(t1,t2) = 0.00180641
cycle = 11  E_corr(UCCSD) = -0.247671692805802  dE = 6.85300428e-05  norm(t1,t2) = 0.00116704
cycle = 12  E_corr(UCCSD) = -0.247694574081762  dE = -2.2881276e-05  norm(t1,t2) = 0.000692962
cycle = 13  E_corr(UCCSD) = -0.247658908250733  dE = 3.5665831e-05  norm(t1,t2) = 0.000299607
cycle = 14  E_corr(UCCSD) = -0.247665732581261  dE = -6.82433053e-06  norm(t1,t2) = 0.00017157
cycle = 15  E_corr(UCCSD) = -0.247681592720222  dE = -1.5860139e-05  norm(t1,t2) = 0.000100161
cycle = 16  E_corr(UCCSD) = -0.247692371276314  dE = -1.07785561e-05  norm(t1,t2) = 4.40454e-05
cycle = 17  E_corr(UCCSD) = -0.247697075861959  dE = -4.70458565e-06  norm(t1,t2) = 2.05452e-05
cycle = 18  E_corr(UCCSD) = -0.24769700545076  dE = 7.04111993e-08  norm(t1,t2) = 8.7894e-06
cycle = 19  E_corr(UCCSD) = -0.247696802723353  dE = 2.02727406e-07  norm(t1,t2) = 3.17642e-06
cycle = 20  E_corr(UCCSD) = -0.247696784085577  dE = 1.86377766e-08  norm(t1,t2) = 1.43093e-06
cycle = 21  E_corr(UCCSD) = -0.247696793145507  dE = -9.05993025e-09  norm(t1,t2) = 7.93326e-07
UCCSD converged
E(UCCSD) = -79.23813167703648  E_corr = -0.247696793145507
