
    ________                     _____                    
    ___  __ \___  __________________(_)_____________ _    
    __  /_/ /  / / /_  __ \_  __ \_  /__  __ \_  __ `/    
    _  _, _// /_/ /_  / / /  / / /  / _  / / /  /_/ /     
    /_/ |_| \__,_/ /_/ /_//_/ /_//_/  /_/ /_/_\__, /      
                                             /____/       
    _____________________________  ___________            
    ___    |__  ____/_  __ \__   |/  /_  ____/            
    __  /| |_  /_   _  / / /_  /|_/ /_  /                 
    _  ___ |  __/   / /_/ /_  /  / / / /___               
    /_/  |_/_/      \___\_\/_/  /_/  \____/               

Hostname:     gpue02.delta.ncsa.illinois.edu
System:       Linux
Node:         gpue02.delta.ncsa.illinois.edu
Release:      5.14.0-427.91.1.el9_4.x86_64
Machine:      x86_64
Processor:    x86_64
JAX backend:  GPU
JAX devices:  [CudaDevice(id=0)]
Device kind:  NVIDIA H200
Platform:     gpu

Load system from Integral File
Maximum memory per walker:            83.33 MB
Maximum number of Cholesky per chunk: 313
Number of Cholesky chunks:            3
Number of Cholesky per chunk:         261
Number of padding Cholesky:           0

QMC System
Number of electrons: (10, 10)
Spin Multiplicity:   0
Number of orbitals:  132
Number of Chol:      783

QMC Parameters
eql_time            :                   50
n_blocks            :                 1000
n_walkers           :                  300
max_error           :                  0.0
seed                :                   17
walker_type         :                  rhf
trial               :              pt2ccsd
mix_precision       :                 True
max_memory          :                25000
dt                  :                0.005
n_exp_terms         :                    6
n_prop_steps        :                   50
save_walkers        :                False
free_projection     :                False
n_batch             :                    1
nchol_chunk         :                  261

Initalize QMC walkers by stochastic CCSD

Equilibration
inv_T        weight  killW        energy   runTime
 0.00    300.000000      0   -538.777980     56.81
 5.00    298.572589      0   -538.789492     63.89
10.00    299.310262      0   -538.794359     65.52
15.00    298.402756      0   -538.811704     67.15
20.00    298.735042      0   -538.802121     68.78
25.00    298.196926      0   -538.796444     70.41
30.00    298.626011      0   -538.817095     72.04
35.00    299.571433      0   -538.827612     73.68
40.00    298.005392      0   -538.808285     75.32
45.00    298.483335      0   -538.786356     76.95
50.00    299.120624      0   -538.817818     78.58

Sampling
blocks        weight  killW       E_Guide     error       E_Trial     error     olp_T/G     error  Walltime
    20    298.629399      0   -538.800324  0.004373   -538.801804  0.000618    1.001572  0.000204   99.69
    40    298.654675      0   -538.801094  0.005138   -538.802134  0.000431    1.001908  0.000215  117.10
    60    298.642362      0   -538.801306  0.004379   -538.802449  0.000411    1.001785  0.000162  134.59
    80    298.675202      0   -538.804112  0.003312   -538.803104  0.000402    1.001725  0.000141  152.19
   100    298.639046      0   -538.803783  0.002886   -538.803139  0.000377    1.001787  0.000118  170.78
   120    298.634958      0   -538.802939  0.002447   -538.802739  0.000343    1.001759  0.000099  190.11
   140    298.648732      0   -538.804371  0.002397   -538.802801  0.000318    1.001706  0.000090  211.21
   160    298.653373      0   -538.805177  0.002360   -538.802837  0.000302    1.001642  0.000096  228.77
   180    298.637169      0   -538.804297  0.002306   -538.802971  0.000289    1.001644  0.000084  246.22
   200    298.608298      0   -538.803592  0.002100   -538.803006  0.000285    1.001670  0.000080  263.68
   220    298.616168      0   -538.804389  0.001961   -538.803057  0.000270    1.001629  0.000080  281.15
   240    298.607740      0   -538.804135  0.001958   -538.803134  0.000256    1.001627  0.000074  298.60
   260    298.595178      0   -538.803864  0.001821   -538.803142  0.000250    1.001621  0.000069  316.02
   280    298.585004      0   -538.803561  0.001788   -538.803115  0.000237    1.001607  0.000063  333.46
   300    298.578473      0   -538.803820  0.001693   -538.803149  0.000232    1.001610  0.000059  350.91
   320    298.569856      0   -538.803980  0.001596   -538.803145  0.000225    1.001618  0.000056  368.36
   340    298.562068      0   -538.803969  0.001600   -538.803235  0.000220    1.001645  0.000056  385.81
   360    298.568882      0   -538.804680  0.001563   -538.803322  0.000214    1.001656  0.000054  403.27
   380    298.570992      0   -538.805028  0.001518   -538.803348  0.000209    1.001673  0.000053  420.74
   400    298.571972      0   -538.805081  0.001441   -538.803351  0.000202    1.001659  0.000052  438.21
   420    298.573498      0   -538.805687  0.001431   -538.803415  0.000198    1.001637  0.000052  455.64
   440    298.562551      0   -538.805590  0.001375   -538.803394  0.000191    1.001639  0.000054  473.14
   460    298.556343      0   -538.805295  0.001340   -538.803325  0.000187    1.001634  0.000053  490.57
   480    298.550970      0   -538.805390  0.001336   -538.803327  0.000182    1.001625  0.000054  508.03
   500    298.549320      0   -538.805626  0.001303   -538.803281  0.000177    1.001627  0.000053  525.51
   520    298.544710      0   -538.805773  0.001264   -538.803238  0.000173    1.001650  0.000055  542.97
   540    298.550334      0   -538.806446  0.001352   -538.803268  0.000169    1.001640  0.000053  560.42
   560    298.537130      0   -538.806274  0.001323   -538.803337  0.000171    1.001653  0.000053  577.88
   580    298.530062      0   -538.806367  0.001297   -538.803366  0.000171    1.001640  0.000052  596.26
   600    298.526356      0   -538.806412  0.001312   -538.803373  0.000167    1.001641  0.000050  613.65
   620    298.521538      0   -538.806339  0.001286   -538.803349  0.000163    1.001637  0.000050  631.08
   640    298.519537      0   -538.806315  0.001338   -538.803340  0.000160    1.001624  0.000050  648.59
   660    298.514979      0   -538.806150  0.001321   -538.803324  0.000156    1.001623  0.000048  666.01
   680    298.514191      0   -538.806223  0.001292   -538.803303  0.000153    1.001622  0.000047  683.47
   700    298.513906      0   -538.806288  0.001262   -538.803297  0.000152    1.001625  0.000046  700.95
   720    298.516175      0   -538.806199  0.001211   -538.803274  0.000149    1.001626  0.000045  718.41
   740    298.515609      0   -538.806258  0.001184   -538.803236  0.000146    1.001638  0.000045  735.86
   760    298.509179      0   -538.805994  0.001164   -538.803242  0.000144    1.001637  0.000044  753.32
   780    298.513279      0   -538.806054  0.001141   -538.803239  0.000142    1.001637  0.000043  770.80
   800    298.511271      0   -538.805738  0.001137   -538.803211  0.000139    1.001630  0.000043  788.26
   820    298.510057      0   -538.805812  0.001115   -538.803206  0.000138    1.001618  0.000045  805.69
   840    298.513307      0   -538.806055  0.001128   -538.803231  0.000136    1.001611  0.000045  823.19
   860    298.516920      0   -538.806328  0.001114   -538.803283  0.000136    1.001610  0.000044  840.81
   880    298.514887      0   -538.806282  0.001094   -538.803292  0.000134    1.001604  0.000043  858.11
   900    298.509486      0   -538.806249  0.001070   -538.803285  0.000132    1.001600  0.000043  875.54
   920    298.508214      0   -538.806246  0.001052   -538.803290  0.000130    1.001601  0.000042  892.99
   940    298.501769      0   -538.805957  0.001060   -538.803275  0.000128    1.001605  0.000041  910.44
   960    298.496258      0   -538.805701  0.001062   -538.803250  0.000126    1.001601  0.000043  927.87
   980    298.496127      0   -538.805775  0.001045   -538.803228  0.000125    1.001602  0.000043  945.32
  1000    298.499699      0   -538.805984  0.001035   -538.803234  0.000123    1.001608  0.000042  962.77

Post Propagation Process
Total number of samples 1000
Raw AFQMC/HF (Guide) energy:           -538.805984 ± 0.001035
Raw Trial/Guide overlap ratio:          1.001608 ± 0.000042
Raw AFQMC/pt2CCSD energy (covariance): -538.803234 ± 0.000123
Raw AFQMC/pt2CCSD energy (dir sample): -538.803234 ± 0.000103

Remove Outliers
removing energies outside zeta > 30
Outlier energy bound [-538.891669, -538.713996]
Removed 0 outliers with energies []
Clean AFQMC/pt2CCSD overlap ratio:        1.001608 ± 0.000042
Clean AFQMC/pt2CCSD energy (covariance): -538.803234 ± 0.000123
Clean AFQMC/ptCCSD energy (dir sample):  -538.803234 ± 0.000103

Blocking Analysis
nsample = 1000, max_block_size = 25, min_nblocks = 40
   B    NB    NS  Observable     Error    dError
   1  1000  1000    1.001608  0.000015  0.000000
   2   500  1000    1.001608  0.000019  0.000001
   3   333   999    1.001608  0.000022  0.000001
   4   250  1000    1.001608  0.000025  0.000001
   5   200  1000    1.001608  0.000027  0.000001
   6   166   996    1.001607  0.000029  0.000002
   7   142   994    1.001606  0.000030  0.000002
   8   125  1000    1.001608  0.000030  0.000002
   9   111   999    1.001608  0.000032  0.000002
  10   100  1000    1.001608  0.000033  0.000002
  11    90   990    1.001605  0.000034  0.000003
  12    83   996    1.001607  0.000037  0.000003
  13    76   988    1.001605  0.000034  0.000003
  14    71   994    1.001606  0.000035  0.000003
  15    66   990    1.001605  0.000034  0.000003
  16    62   992    1.001605  0.000036  0.000003
  17    58   986    1.001605  0.000035  0.000003
  18    55   990    1.001605  0.000039  0.000004
  19    52   988    1.001605  0.000036  0.000004
  20    50  1000    1.001608  0.000038  0.000004
  21    47   987    1.001605  0.000035  0.000004
  22    45   990    1.001605  0.000039  0.000004
  23    43   989    1.001605  0.000037  0.000004
  24    41   984    1.001604  0.000042  0.000005
  25    40  1000    1.001608  0.000039  0.000004
Fit (variance): plateau_var = 1.496e-09 ± 1.299e-10
Fit (error):    plateau = 0.000039 ± 0.000002
     autocorrelation length ~ 8.1 blocks
     plateau reached at block size ~ 37
     !!!Failed to reach plateau in blocking
     Return max block error
nclean = 1000, max_block_size = 25, min_nblocks = 40
Blk_SZ   NBlk   NSmp      Energy     Error    dError
     1   1000   1000  -538.803143  0.000103  0.000002
     2    500   1000  -538.803161  0.000120  0.000004
     3    333    999  -538.803182  0.000126  0.000005
     4    250   1000  -538.803179  0.000136  0.000006
     5    200   1000  -538.803188  0.000131  0.000007
     6    166    996  -538.803196  0.000135  0.000007
     7    142    994  -538.803199  0.000139  0.000008
     8    125   1000  -538.803196  0.000137  0.000009
     9    111    999  -538.803208  0.000136  0.000009
    10    100   1000  -538.803202  0.000128  0.000009
    11     90    990  -538.803200  0.000144  0.000011
    12     83    996  -538.803208  0.000156  0.000012
    13     76    988  -538.803199  0.000145  0.000012
    14     71    994  -538.803215  0.000143  0.000012
    15     66    990  -538.803206  0.000145  0.000013
    16     62    992  -538.803209  0.000153  0.000014
    17     58    986  -538.803197  0.000156  0.000015
    18     55    990  -538.803207  0.000148  0.000014
    19     52    988  -538.803202  0.000151  0.000015
    20     50   1000  -538.803215  0.000135  0.000014
    21     47    987  -538.803202  0.000152  0.000016
    22     45    990  -538.803211  0.000156  0.000017
    23     43    989  -538.803208  0.000157  0.000017
    24     41    984  -538.803207  0.000167  0.000019
    25     40   1000  -538.803218  0.000160  0.000018
Fit (variance): plateau_var = 2.101395e-08 ± 1.020217e-09
Fit (error):    plateau = 0.000145 ± 0.000004
     autocorrelation length ~ 3.0 blocks
     plateau reached at block size ~ 13
Final AFQMC/pt2CCSD overlap ratio: 1.001608 ± 0.000042
Final AFQMC/pt2CCSD energy: -538.803234 ± 0.000145
Total run time: 985.98

AFQMC Sampling Finished

