
    ________                     _____                    
    ___  __ \___  __________________(_)_____________ _    
    __  /_/ /  / / /_  __ \_  __ \_  /__  __ \_  __ `/    
    _  _, _// /_/ /_  / / /  / / /  / _  / / /  /_/ /     
    /_/ |_| \__,_/ /_/ /_//_/ /_//_/  /_/ /_/_\__, /      
                                             /____/       
    _____________________________  ___________            
    ___    |__  ____/_  __ \__   |/  /_  ____/            
    __  /| |_  /_   _  / / /_  /|_/ /_  /                 
    _  ___ |  __/   / /_/ /_  /  / / / /___               
    /_/  |_/_/      \___\_\/_/  /_/  \____/               

Hostname:     gpue02.delta.ncsa.illinois.edu
System:       Linux
Node:         gpue02.delta.ncsa.illinois.edu
Release:      5.14.0-427.91.1.el9_4.x86_64
Machine:      x86_64
Processor:    x86_64
JAX backend:  GPU
JAX devices:  [CudaDevice(id=0)]
Device kind:  NVIDIA H200
Platform:     gpu

Load system from Integral File
Maximum memory per walker:            83.33 MB
Maximum number of Cholesky per chunk: 592
Number of Cholesky chunks:            1
Number of Cholesky per chunk:         590
Number of padding Cholesky:           0

QMC System
Number of electrons: (8, 8)
Spin Multiplicity:   0
Number of orbitals:  96
Number of Chol:      590

QMC Parameters
eql_time            :                   50
n_blocks            :                 1000
n_walkers           :                  300
max_error           :                  0.0
seed                :                   17
walker_type         :                  rhf
trial               :              pt2ccsd
mix_precision       :                 True
max_memory          :                25000
dt                  :                0.005
n_exp_terms         :                    6
n_prop_steps        :                   50
save_walkers        :                False
free_projection     :                False
n_batch             :                    1
nchol_chunk         :                  590

Initalize QMC walkers by stochastic CCSD

Equilibration
inv_T        weight  killW        energy   runTime
 0.00    300.000000      0   -536.281277     65.16
 5.00    299.748710      0   -536.333747     71.31
10.00    298.990969      0   -536.314441     72.24
15.00    298.457938      0   -536.327486     73.17
20.00    299.499771      0   -536.322531     74.10
25.00    299.100798      0   -536.321140     75.03
30.00    298.708028      0   -536.306587     75.96
35.00    299.866859      0   -536.333823     76.89
40.00    298.987258      0   -536.297104     77.81
45.00    299.867281      0   -536.320624     78.75
50.00    299.034673      0   -536.323969     79.68

Sampling
blocks        weight  killW       E_Guide     error       E_Trial     error     olp_T/G     error  Walltime
    20    299.268326      0   -536.315372  0.005491   -536.312641  0.001676    1.003361  0.000093  112.82
    40    299.160689      0   -536.314289  0.003580   -536.311310  0.001097    1.003432  0.000131  143.58
    60    299.108659      0   -536.314417  0.005526   -536.312108  0.001064    1.003329  0.000142  174.44
    80    299.057982      0   -536.312560  0.004050   -536.311605  0.000855    1.003185  0.000132  205.36
   100    299.019274      0   -536.312248  0.003414   -536.311382  0.000724    1.003113  0.000116  236.26
   120    298.977588      0   -536.312023  0.003007   -536.311313  0.000631    1.003159  0.000128  267.24
   140    298.974036      0   -536.312213  0.002939   -536.311347  0.000579    1.003093  0.000127  298.16
   160    298.962465      0   -536.312372  0.002506   -536.311353  0.000530    1.003028  0.000119  329.78
   180    298.934705      0   -536.312762  0.002333   -536.311233  0.000496    1.003000  0.000116  364.94
   200    298.896344      0   -536.313001  0.002102   -536.311103  0.000459    1.002993  0.000105  396.66
   220    298.883726      0   -536.313154  0.001966   -536.311085  0.000451    1.003002  0.000096  427.53
   240    298.876657      0   -536.313542  0.001819   -536.311016  0.000433    1.003008  0.000089  458.41
   260    298.862103      0   -536.313802  0.001732   -536.310869  0.000409    1.002989  0.000085  489.32
   280    298.844319      0   -536.313989  0.001705   -536.310936  0.000397    1.002996  0.000080  520.19
   300    298.845407      1   -536.314760  0.001674   -536.310989  0.000383    1.002974  0.000076  551.13
   320    298.833823      1   -536.314737  0.001594   -536.311091  0.000378    1.002929  0.000077  582.50
   340    298.850578      1   -536.316443  0.001889   -536.311260  0.000396    1.002928  0.000075  613.45
   360    298.839646      1   -536.315525  0.001869   -536.311112  0.000379    1.002947  0.000073  644.25
   380    298.838122      1   -536.315682  0.001779   -536.311170  0.000365    1.002882  0.000082  675.17
   400    298.820558      1   -536.315057  0.001750   -536.311085  0.000352    1.002891  0.000080  706.07
   420    298.814102      1   -536.314649  0.001715   -536.311079  0.000339    1.002893  0.000077  737.00
   440    298.809105      1   -536.314846  0.001681   -536.311152  0.000333    1.002907  0.000076  767.89
   460    298.801737      1   -536.314765  0.001608   -536.311108  0.000323    1.002915  0.000075  798.81
   480    298.803047      1   -536.315280  0.001629   -536.311159  0.000317    1.002919  0.000076  829.68
   500    298.796676      1   -536.315046  0.001616   -536.311148  0.000308    1.002925  0.000074  860.62
   520    298.790198      1   -536.314768  0.001647   -536.311151  0.000299    1.002908  0.000073  891.52
   540    298.792122      1   -536.315014  0.001606   -536.311223  0.000292    1.002873  0.000075  922.40
   560    298.788115      1   -536.315152  0.001547   -536.311199  0.000285    1.002862  0.000077  953.31
   580    298.783207      1   -536.314967  0.001512   -536.311160  0.000278    1.002861  0.000075  984.24
   600    298.772302      1   -536.314709  0.001498   -536.311105  0.000274    1.002856  0.000073 1015.16
   620    298.773062      1   -536.314861  0.001486   -536.311204  0.000270    1.002838  0.000071 1046.07
   640    298.772749      1   -536.314907  0.001450   -536.311192  0.000265    1.002835  0.000073 1076.96
   660    298.764002      1   -536.314489  0.001429   -536.311154  0.000260    1.002841  0.000071 1107.89
   680    298.761066      1   -536.314227  0.001420   -536.311120  0.000255    1.002849  0.000070 1138.78
   700    298.769152      1   -536.314590  0.001411   -536.311144  0.000252    1.002842  0.000068 1169.71
   720    298.770156      1   -536.314700  0.001360   -536.311081  0.000247    1.002839  0.000066 1201.22
   740    298.763274      1   -536.314501  0.001338   -536.311085  0.000244    1.002834  0.000064 1232.12
   760    298.764114      1   -536.314864  0.001315   -536.311185  0.000243    1.002836  0.000063 1263.03
   780    298.763592      1   -536.314958  0.001312   -536.311154  0.000239    1.002837  0.000061 1293.89
   800    298.760346      1   -536.314993  0.001294   -536.311129  0.000237    1.002828  0.000061 1324.80
   820    298.753129      1   -536.314614  0.001317   -536.311099  0.000232    1.002817  0.000060 1355.70
   840    298.757077      1   -536.314931  0.001347   -536.311128  0.000230    1.002803  0.000063 1386.60
   860    298.760970      1   -536.315188  0.001347   -536.311141  0.000227    1.002811  0.000063 1417.48
   880    298.759045      1   -536.314949  0.001341   -536.311165  0.000229    1.002823  0.000062 1448.40
   900    298.760529      1   -536.315011  0.001333   -536.311162  0.000226    1.002845  0.000063 1479.31
   920    298.764089      1   -536.315342  0.001307   -536.311228  0.000226    1.002838  0.000064 1510.22
   940    298.764761      1   -536.315335  0.001311   -536.311242  0.000225    1.002837  0.000063 1541.10
   960    298.762151      2   -536.315342  0.001287   -536.311231  0.000222    1.002838  0.000065 1571.98
   980    298.762167      2   -536.315268  0.001263   -536.311245  0.000220    1.002835  0.000065 1602.94
  1000    298.759494      2   -536.315037  0.001238   -536.311226  0.000219    1.002851  0.000064 1635.79

Post Propagation Process
Total number of samples 1000
Raw AFQMC/HF (Guide) energy:           -536.315037 ± 0.001238
Raw Trial/Guide overlap ratio:          1.002851 ± 0.000064
Raw AFQMC/pt2CCSD energy (covariance): -536.311226 ± 0.000219
Raw AFQMC/pt2CCSD energy (dir sample): -536.311226 ± 0.000179

Remove Outliers
removing energies outside zeta > 30
Outlier energy bound [-536.440654, -536.179347]
Removed 0 outliers with energies []
Clean AFQMC/pt2CCSD overlap ratio:        1.002851 ± 0.000064
Clean AFQMC/pt2CCSD energy (covariance): -536.311226 ± 0.000219
Clean AFQMC/ptCCSD energy (dir sample):  -536.311226 ± 0.000179

Blocking Analysis
nsample = 1000, max_block_size = 25, min_nblocks = 40
   B    NB    NS  Observable     Error    dError
   1  1000  1000    1.002851  0.000022  0.000000
   2   500  1000    1.002851  0.000028  0.000001
   3   333   999    1.002849  0.000033  0.000001
   4   250  1000    1.002851  0.000037  0.000002
   5   200  1000    1.002851  0.000040  0.000002
   6   166   996    1.002847  0.000043  0.000002
   7   142   994    1.002844  0.000044  0.000003
   8   125  1000    1.002851  0.000046  0.000003
   9   111   999    1.002849  0.000048  0.000003
  10   100  1000    1.002851  0.000049  0.000003
  11    90   990    1.002840  0.000050  0.000004
  12    83   996    1.002847  0.000053  0.000004
  13    76   988    1.002838  0.000051  0.000004
  14    71   994    1.002844  0.000054  0.000005
  15    66   990    1.002840  0.000053  0.000005
  16    62   992    1.002842  0.000056  0.000005
  17    58   986    1.002837  0.000055  0.000005
  18    55   990    1.002840  0.000057  0.000006
  19    52   988    1.002838  0.000057  0.000006
  20    50  1000    1.002851  0.000057  0.000006
  21    47   987    1.002837  0.000060  0.000006
  22    45   990    1.002840  0.000060  0.000006
  23    43   989    1.002839  0.000058  0.000006
  24    41   984    1.002837  0.000063  0.000007
  25    40  1000    1.002851  0.000064  0.000007
Fit (variance): plateau_var = 3.850e-09 ± 4.064e-10
Fit (error):    plateau = 0.000062 ± 0.000003
     autocorrelation length ~ 10.0 blocks
     plateau reached at block size ~ 46
     !!!Failed to reach plateau in blocking
     Return max block error
nclean = 1000, max_block_size = 25, min_nblocks = 40
Blk_SZ   NBlk   NSmp      Energy     Error    dError
     1   1000   1000  -536.311041  0.000179  0.000004
     2    500   1000  -536.311082  0.000198  0.000006
     3    333    999  -536.311099  0.000215  0.000008
     4    250   1000  -536.311114  0.000212  0.000010
     5    200   1000  -536.311134  0.000229  0.000011
     6    166    996  -536.311146  0.000224  0.000012
     7    142    994  -536.311167  0.000228  0.000014
     8    125   1000  -536.311148  0.000236  0.000015
     9    111    999  -536.311164  0.000229  0.000015
    10    100   1000  -536.311165  0.000238  0.000017
    11     90    990  -536.311203  0.000210  0.000016
    12     83    996  -536.311186  0.000236  0.000018
    13     76    988  -536.311211  0.000233  0.000019
    14     71    994  -536.311208  0.000233  0.000020
    15     66    990  -536.311209  0.000234  0.000021
    16     62    992  -536.311215  0.000233  0.000021
    17     58    986  -536.311207  0.000220  0.000021
    18     55    990  -536.311223  0.000201  0.000019
    19     52    988  -536.311225  0.000218  0.000022
    20     50   1000  -536.311191  0.000203  0.000020
    21     47    987  -536.311234  0.000219  0.000023
    22     45    990  -536.311228  0.000185  0.000020
    23     43    989  -536.311231  0.000209  0.000023
    24     41    984  -536.311225  0.000246  0.000028
    25     40   1000  -536.311201  0.000214  0.000024
Fit (variance): plateau_var = 4.945246e-08 ± 1.848687e-09
Fit (error):    plateau = 0.000222 ± 0.000004
     autocorrelation length ~ 1.5 blocks
     plateau reached at block size ~ 7
Final AFQMC/pt2CCSD overlap ratio: 1.002851 ± 0.000064
Final AFQMC/pt2CCSD energy: -536.311226 ± 0.000222
Total run time: 1680.10

AFQMC Sampling Finished

