
    ________                     _____                    
    ___  __ \___  __________________(_)_____________ _    
    __  /_/ /  / / /_  __ \_  __ \_  /__  __ \_  __ `/    
    _  _, _// /_/ /_  / / /  / / /  / _  / / /  /_/ /     
    /_/ |_| \__,_/ /_/ /_//_/ /_//_/  /_/ /_/_\__, /      
                                             /____/       
    _____________________________  ___________            
    ___    |__  ____/_  __ \__   |/  /_  ____/            
    __  /| |_  /_   _  / / /_  /|_/ /_  /                 
    _  ___ |  __/   / /_/ /_  /  / / / /___               
    /_/  |_/_/      \___\_\/_/  /_/  \____/               

Hostname:     gpue02.delta.ncsa.illinois.edu
System:       Linux
Node:         gpue02.delta.ncsa.illinois.edu
Release:      5.14.0-427.91.1.el9_4.x86_64
Machine:      x86_64
Processor:    x86_64
JAX backend:  GPU
JAX devices:  [CudaDevice(id=0)]
Device kind:  NVIDIA H200
Platform:     gpu

Load system from Integral File
Maximum memory per walker:            83.33 MB
Maximum number of Cholesky per chunk: 180
Number of Cholesky chunks:            7
Number of Cholesky per chunk:         158
Number of padding Cholesky:           3

QMC System
Number of electrons: (18, 18)
Spin Multiplicity:   0
Number of orbitals:  174
Number of Chol:      1103

QMC Parameters
eql_time            :                   50
n_blocks            :                 1000
n_walkers           :                  300
max_error           :                  0.0
seed                :                   17
walker_type         :                  rhf
trial               :              pt2ccsd
mix_precision       :                 True
max_memory          :                25000
dt                  :                0.005
n_exp_terms         :                    6
n_prop_steps        :                   50
save_walkers        :                False
free_projection     :                False
n_batch             :                    1
nchol_chunk         :                  158

Initalize QMC walkers by stochastic CCSD

Equilibration
inv_T        weight  killW        energy   runTime
 0.00    300.000000      0   -474.895106     46.06
 5.00    299.721212      0   -474.894952     54.46
10.00    299.551632      0   -474.973280     58.04
15.00    300.255703      0   -474.990896     61.63
20.00    297.827174      0   -474.937323     65.21
25.00    298.401923      0   -474.992626     68.79
30.00    299.795146      0   -474.951963     72.37
35.00    298.682091      0   -474.968658     75.95
40.00    300.143863      0   -474.988602     79.54
45.00    296.992475      0   -474.932865     83.12
50.00    299.545561      0   -474.953680     86.70

Sampling
blocks        weight  killW       E_Guide     error       E_Trial     error     olp_T/G     error  Walltime
    20    298.675021      0   -474.946278  0.009409   -474.948012  0.001530    1.007132  0.000741  146.11
    40    298.690723      0   -474.956016  0.006831   -474.949309  0.001451    1.006753  0.000428  203.66
    60    298.624704      0   -474.951567  0.005383   -474.948221  0.001155    1.007017  0.000290  260.78
    80    298.467719      0   -474.951780  0.005373   -474.948344  0.000994    1.006980  0.000228  317.91
   100    298.394874      0   -474.952411  0.004367   -474.949469  0.001200    1.007088  0.000198  375.03
   120    298.353243      0   -474.951834  0.005399   -474.949062  0.001077    1.007077  0.000170  437.55
   140    298.313292      0   -474.951825  0.004616   -474.949342  0.000964    1.007020  0.000158  494.70
   160    298.337772      0   -474.955080  0.004564   -474.950076  0.000902    1.006800  0.000201  551.79
   180    298.307759      0   -474.955904  0.004205   -474.949978  0.000842    1.006770  0.000205  609.20
   200    298.263925      1   -474.954818  0.003864   -474.949651  0.000806    1.006855  0.000193  666.25
   220    298.249757      1   -474.954479  0.003668   -474.949714  0.000763    1.006906  0.000181  723.35
   240    298.228290      1   -474.955380  0.003465   -474.949902  0.000721    1.006897  0.000168  780.51
   260    298.231209      1   -474.957580  0.003749   -474.949581  0.000807    1.006904  0.000157  837.63
   280    298.229224      2   -474.957892  0.003649   -474.949515  0.000758    1.006984  0.000154  894.75
   300    298.215793      2   -474.957271  0.003431   -474.949068  0.000725    1.006993  0.000147  951.89
   320    298.185961      2   -474.957563  0.003300   -474.949173  0.000689    1.006945  0.000141 1009.05
   340    298.181877      2   -474.957793  0.003175   -474.949442  0.000668    1.006940  0.000138 1066.92
   360    298.184222      2   -474.958744  0.003020   -474.949587  0.000645    1.006934  0.000129 1124.02
   380    298.155466      2   -474.956989  0.003114   -474.949195  0.000622    1.007004  0.000134 1181.16
   400    298.140777      2   -474.955752  0.003116   -474.949168  0.000596    1.007036  0.000128 1238.68
   420    298.145149      2   -474.956267  0.002993   -474.949227  0.000574    1.007025  0.000124 1295.69
   440    298.137514      2   -474.956235  0.002880   -474.949175  0.000560    1.007036  0.000121 1352.87
   460    298.152648      2   -474.956311  0.002799   -474.949405  0.000556    1.007030  0.000114 1410.03
   480    298.150967      2   -474.956884  0.002725   -474.949665  0.000549    1.007033  0.000110 1467.17
   500    298.144104      3   -474.957282  0.002682   -474.949697  0.000535    1.006995  0.000112 1524.29
   520    298.132715      3   -474.956870  0.002608   -474.949726  0.000520    1.007013  0.000114 1581.40
   540    298.124688      3   -474.957047  0.002548   -474.949742  0.000508    1.007012  0.000112 1638.55
   560    298.108017      3   -474.956721  0.002471   -474.949683  0.000495    1.007044  0.000109 1701.44
   580    298.091927      3   -474.956660  0.002383   -474.949603  0.000484    1.007060  0.000112 1758.55
   600    298.091355      3   -474.956862  0.002397   -474.949695  0.000475    1.007091  0.000116 1815.74
   620    298.074936      3   -474.956542  0.002336   -474.949728  0.000468    1.007136  0.000118 1872.91
   640    298.059214      3   -474.956446  0.002302   -474.949617  0.000458    1.007156  0.000120 1930.04
   660    298.055958      3   -474.956261  0.002218   -474.949574  0.000449    1.007141  0.000118 1987.22
   680    298.057697      3   -474.956729  0.002208   -474.949567  0.000437    1.007115  0.000117 2044.37
   700    298.048361      3   -474.956774  0.002161   -474.949548  0.000429    1.007120  0.000114 2101.54
   720    298.044687      3   -474.956691  0.002237   -474.949463  0.000421    1.007115  0.000111 2158.66
   740    298.028597      3   -474.956540  0.002199   -474.949421  0.000413    1.007117  0.000109 2215.81
   760    298.029072      3   -474.956927  0.002215   -474.949322  0.000405    1.007112  0.000108 2273.01
   780    298.013583      4   -474.956802  0.002163   -474.949303  0.000397    1.007117  0.000106 2331.85
   800    298.013482      4   -474.957024  0.002114   -474.949317  0.000390    1.007108  0.000104 2388.95
   820    298.008216      4   -474.956655  0.002082   -474.949370  0.000389    1.007097  0.000102 2446.13
   840    298.004322      4   -474.956650  0.002051   -474.949303  0.000388    1.007088  0.000102 2503.30
   860    297.996362      4   -474.956555  0.002051   -474.949371  0.000382    1.007089  0.000102 2560.40
   880    297.990694      4   -474.956457  0.002001   -474.949336  0.000379    1.007082  0.000100 2617.54
   900    297.984585      4   -474.956305  0.001957   -474.949293  0.000373    1.007075  0.000098 2674.67
   920    297.989282      4   -474.956754  0.001944   -474.949372  0.000367    1.007056  0.000096 2731.83
   940    297.986649      4   -474.956510  0.001949   -474.949339  0.000362    1.007067  0.000095 2788.98
   960    297.990579      4   -474.956815  0.001950   -474.949419  0.000365    1.007059  0.000094 2846.12
   980    297.990962      4   -474.956720  0.001914   -474.949325  0.000360    1.007063  0.000093 2903.42
  1000    297.995778      4   -474.956894  0.001883   -474.949319  0.000355    1.007055  0.000091 2963.03

Post Propagation Process
Total number of samples 1000
Raw AFQMC/HF (Guide) energy:           -474.956894 ± 0.001883
Raw Trial/Guide overlap ratio:          1.007055 ± 0.000091
Raw AFQMC/pt2CCSD energy (covariance): -474.949319 ± 0.000355
Raw AFQMC/pt2CCSD energy (dir sample): -474.949319 ± 0.000290

Remove Outliers
removing energies outside zeta > 30
Outlier energy bound [-475.177986, -474.718285]
Removed 0 outliers with energies []
Clean AFQMC/pt2CCSD overlap ratio:        1.007055 ± 0.000091
Clean AFQMC/pt2CCSD energy (covariance): -474.949319 ± 0.000355
Clean AFQMC/ptCCSD energy (dir sample):  -474.949319 ± 0.000290

Blocking Analysis
nsample = 1000, max_block_size = 25, min_nblocks = 40
   B    NB    NS  Observable     Error    dError
   1  1000  1000    1.007056  0.000035  0.000001
   2   500  1000    1.007055  0.000046  0.000001
   3   333   999    1.007054  0.000053  0.000002
   4   250  1000    1.007055  0.000059  0.000003
   5   200  1000    1.007055  0.000062  0.000003
   6   166   996    1.007052  0.000066  0.000004
   7   142   994    1.007050  0.000067  0.000004
   8   125  1000    1.007055  0.000070  0.000004
   9   111   999    1.007053  0.000073  0.000005
  10   100  1000    1.007055  0.000074  0.000005
  11    90   990    1.007052  0.000076  0.000006
  12    83   996    1.007052  0.000075  0.000006
  13    76   988    1.007054  0.000081  0.000007
  14    71   994    1.007050  0.000079  0.000007
  15    66   990    1.007052  0.000081  0.000007
  16    62   992    1.007050  0.000083  0.000008
  17    58   986    1.007057  0.000085  0.000008
  18    55   990    1.007052  0.000086  0.000008
  19    52   988    1.007054  0.000087  0.000009
  20    50  1000    1.007055  0.000084  0.000008
  21    47   987    1.007056  0.000091  0.000009
  22    45   990    1.007052  0.000089  0.000009
  23    43   989    1.007052  0.000081  0.000009
  24    41   984    1.007059  0.000088  0.000010
  25    40  1000    1.007055  0.000086  0.000010
Fit (variance): plateau_var = 7.584e-09 ± 6.281e-10
Fit (error):    plateau = 0.000087 ± 0.000004
     autocorrelation length ~ 7.5 blocks
     plateau reached at block size ~ 35
     !!!Failed to reach plateau in blocking
     Return max block error
nclean = 1000, max_block_size = 25, min_nblocks = 40
Blk_SZ   NBlk   NSmp      Energy     Error    dError
     1   1000   1000  -474.949091  0.000291  0.000006
     2    500   1000  -474.949146  0.000318  0.000010
     3    333    999  -474.949177  0.000329  0.000013
     4    250   1000  -474.949192  0.000337  0.000015
     5    200   1000  -474.949220  0.000358  0.000018
     6    166    996  -474.949214  0.000354  0.000020
     7    142    994  -474.949215  0.000381  0.000023
     8    125   1000  -474.949227  0.000377  0.000024
     9    111    999  -474.949233  0.000408  0.000027
    10    100   1000  -474.949250  0.000403  0.000029
    11     90    990  -474.949215  0.000417  0.000031
    12     83    996  -474.949245  0.000398  0.000031
    13     76    988  -474.949249  0.000403  0.000033
    14     71    994  -474.949251  0.000424  0.000036
    15     66    990  -474.949237  0.000469  0.000041
    16     62    992  -474.949265  0.000411  0.000037
    17     58    986  -474.949256  0.000446  0.000042
    18     55    990  -474.949230  0.000468  0.000045
    19     52    988  -474.949261  0.000430  0.000043
    20     50   1000  -474.949282  0.000422  0.000043
    21     47    987  -474.949252  0.000473  0.000049
    22     45    990  -474.949261  0.000416  0.000044
    23     43    989  -474.949271  0.000434  0.000047
    24     41    984  -474.949285  0.000427  0.000048
    25     40   1000  -474.949290  0.000407  0.000046
Fit (variance): plateau_var = 2.008924e-07 ± 2.169135e-08
Fit (error):    plateau = 0.000448 ± 0.000024
     autocorrelation length ~ 8.9 blocks
     plateau reached at block size ~ 37
     !!!Failed to reach plateau in blocking
     Return max block error
Final AFQMC/pt2CCSD overlap ratio: 1.007055 ± 0.000091
Final AFQMC/pt2CCSD energy: -474.949319 ± 0.000473
Total run time: 3018.79

AFQMC Sampling Finished

