
    ________                     _____                    
    ___  __ \___  __________________(_)_____________ _    
    __  /_/ /  / / /_  __ \_  __ \_  /__  __ \_  __ `/    
    _  _, _// /_/ /_  / / /  / / /  / _  / / /  /_/ /     
    /_/ |_| \__,_/ /_/ /_//_/ /_//_/  /_/ /_/_\__, /      
                                             /____/       
    _____________________________  ___________            
    ___    |__  ____/_  __ \__   |/  /_  ____/            
    __  /| |_  /_   _  / / /_  /|_/ /_  /                 
    _  ___ |  __/   / /_/ /_  /  / / / /___               
    /_/  |_/_/      \___\_\/_/  /_/  \____/               

Hostname:     gpue02.delta.ncsa.illinois.edu
System:       Linux
Node:         gpue02.delta.ncsa.illinois.edu
Release:      5.14.0-427.91.1.el9_4.x86_64
Machine:      x86_64
Processor:    x86_64
JAX backend:  GPU
JAX devices:  [CudaDevice(id=0)]
Device kind:  NVIDIA H200
Platform:     gpu

Load system from Integral File
Maximum memory per walker:            83.33 MB
Maximum number of Cholesky per chunk: 945
Number of Cholesky chunks:            1
Number of Cholesky per chunk:         450
Number of padding Cholesky:           0

QMC System
Number of electrons: (5, 5)
Spin Multiplicity:   0
Number of orbitals:  76
Number of Chol:      450

QMC Parameters
eql_time            :                   50
n_blocks            :                 1000
n_walkers           :                  300
max_error           :                  0.0
seed                :                   17
walker_type         :                  rhf
trial               :              pt2ccsd
mix_precision       :                 True
max_memory          :                25000
dt                  :                0.005
n_exp_terms         :                    6
n_prop_steps        :                   50
save_walkers        :                False
free_projection     :                False
n_batch             :                    1
nchol_chunk         :                  450

Initalize QMC walkers by stochastic CCSD

Equilibration
inv_T        weight  killW        energy   runTime
 0.00    300.000000      0    -77.167854     59.80
 5.00    298.974144      0    -77.154844     65.46
10.00    299.924048      0    -77.192066     66.17
15.00    299.510628      0    -77.208148     66.88
20.00    298.934134      0    -77.180593     67.59
25.00    298.966192      0    -77.174478     68.30
30.00    299.069015      0    -77.181638     69.01
35.00    299.509581      0    -77.217085     69.72
40.00    298.944594      0    -77.183178     70.43
45.00    299.482845      0    -77.179001     71.14
50.00    299.354455      0    -77.176497     71.86

Sampling
blocks        weight  killW       E_Guide     error       E_Trial     error     olp_T/G     error  Walltime
    20    299.208439      0    -77.179508  0.005213    -77.184696  0.000938    1.002310  0.000173   86.60
    40    299.160070      0    -77.175262  0.004778    -77.184445  0.000672    1.002548  0.000188   98.79
    60    299.271469      0    -77.185905  0.010189    -77.187711  0.002161    1.002284  0.000222  111.12
    80    299.260869      0    -77.186258  0.007470    -77.187187  0.001646    1.002205  0.000192  123.44
   100    299.235046      0    -77.185133  0.005943    -77.186649  0.001330    1.002133  0.000154  135.77
   120    299.227196      0    -77.185833  0.005058    -77.187229  0.001215    1.002163  0.000133  148.10
   140    299.259725      0    -77.187817  0.004971    -77.187899  0.001313    1.002051  0.000136  160.42
   160    299.233201      0    -77.187214  0.004352    -77.187238  0.001161    1.002087  0.000125  172.75
   180    299.245557      1    -77.188280  0.004049    -77.186946  0.001037    1.002093  0.000109  185.07
   200    299.217410      1    -77.187974  0.003725    -77.186655  0.000939    1.002118  0.000101  197.41
   220    299.195294      2    -77.187164  0.003441    -77.186370  0.000859    1.002107  0.000093  209.73
   240    299.182527      2    -77.186757  0.003165    -77.186258  0.000793    1.002105  0.000085  222.06
   260    299.172115      2    -77.186627  0.002925    -77.186204  0.000739    1.002107  0.000079  234.37
   280    299.173378      2    -77.187544  0.002798    -77.185978  0.000692    1.002071  0.000078  246.70
   300    299.179146      2    -77.188307  0.002662    -77.186030  0.000656    1.002056  0.000074  259.02
   320    299.160522      2    -77.187578  0.002563    -77.185860  0.000621    1.002028  0.000073  271.35
   340    299.159052      2    -77.187766  0.002422    -77.185798  0.000588    1.002022  0.000070  283.68
   360    299.152274      2    -77.188125  0.002301    -77.185753  0.000559    1.002025  0.000067  296.00
   380    299.141912      2    -77.187998  0.002186    -77.185740  0.000536    1.002031  0.000064  308.33
   400    299.130224      2    -77.187244  0.002142    -77.185632  0.000511    1.002047  0.000062  320.65
   420    299.117029      2    -77.186717  0.002100    -77.185490  0.000490    1.002051  0.000060  332.97
   440    299.119786      2    -77.186766  0.002004    -77.185510  0.000472    1.002084  0.000062  345.31
   460    299.102039      2    -77.186203  0.001960    -77.185403  0.000454    1.002090  0.000059  357.63
   480    299.099640      2    -77.186268  0.001881    -77.185414  0.000437    1.002100  0.000058  369.95
   500    299.091036      2    -77.185872  0.001827    -77.185337  0.000422    1.002098  0.000057  382.28
   520    299.088265      2    -77.185858  0.001986    -77.185278  0.000407    1.002081  0.000056  394.60
   540    299.089626      2    -77.186153  0.001937    -77.185138  0.000402    1.002075  0.000055  406.93
   560    299.091419      2    -77.186648  0.001942    -77.185169  0.000391    1.002081  0.000055  419.25
   580    299.088187      2    -77.186206  0.001902    -77.185133  0.000379    1.002078  0.000053  431.59
   600    299.084180      3    -77.186096  0.001841    -77.185102  0.000368    1.002065  0.000053  445.84
   620    299.079400      3    -77.185838  0.001830    -77.185146  0.000359    1.002061  0.000051  458.24
   640    299.078793      3    -77.185876  0.001756    -77.185115  0.000348    1.002064  0.000050  470.49
   660    299.083354      3    -77.186242  0.001722    -77.185206  0.000346    1.002057  0.000049  482.81
   680    299.082198      3    -77.186358  0.001684    -77.185170  0.000337    1.002060  0.000052  495.13
   700    299.083891      3    -77.186562  0.001663    -77.185142  0.000329    1.002071  0.000052  507.46
   720    299.083299      3    -77.186518  0.001605    -77.185102  0.000320    1.002068  0.000051  519.79
   740    299.079398      3    -77.186462  0.001576    -77.185097  0.000314    1.002073  0.000050  532.11
   760    299.077166      3    -77.186572  0.001566    -77.185126  0.000308    1.002075  0.000049  544.44
   780    299.075223      3    -77.186506  0.001528    -77.185142  0.000304    1.002079  0.000048  556.77
   800    299.073035      3    -77.186413  0.001496    -77.185119  0.000297    1.002074  0.000046  569.09
   820    299.069517      3    -77.186224  0.001466    -77.185096  0.000291    1.002080  0.000046  581.43
   840    299.069634      3    -77.186354  0.001436    -77.185103  0.000287    1.002084  0.000045  593.74
   860    299.067566      3    -77.186225  0.001403    -77.185089  0.000281    1.002081  0.000044  606.06
   880    299.065476      3    -77.186143  0.001379    -77.185103  0.000277    1.002089  0.000044  618.39
   900    299.061756      3    -77.185811  0.001385    -77.185055  0.000271    1.002094  0.000043  630.71
   920    299.060438      3    -77.185757  0.001361    -77.185049  0.000267    1.002093  0.000042  643.04
   940    299.063415      3    -77.185949  0.001334    -77.185109  0.000264    1.002079  0.000043  655.36
   960    299.060691      3    -77.185871  0.001312    -77.185114  0.000260    1.002075  0.000042  667.69
   980    299.064820      3    -77.186104  0.001288    -77.185119  0.000259    1.002075  0.000041  680.02
  1000    299.059664      3    -77.185910  0.001273    -77.185088  0.000255    1.002070  0.000041  692.34

Post Propagation Process
Total number of samples 1000
Raw AFQMC/HF (Guide) energy:           -77.185910 ± 0.001273
Raw Trial/Guide overlap ratio:          1.002070 ± 0.000041
Raw AFQMC/pt2CCSD energy (covariance): -77.185088 ± 0.000255
Raw AFQMC/pt2CCSD energy (dir sample): -77.185088 ± 0.000212

Remove Outliers
removing energies outside zeta > 30
Outlier energy bound [-77.281341, -77.086528]
Removed 1 outliers with energies [-77.29427677]
Clean AFQMC/pt2CCSD overlap ratio:        1.002071 ± 0.000042
Clean AFQMC/pt2CCSD energy (covariance): -77.184973 ± 0.000226
Clean AFQMC/ptCCSD energy (dir sample):  -77.184973 ± 0.000182

Blocking Analysis
nsample = 999, max_block_size = 24, min_nblocks = 40
   B    NB    NS  Observable     Error    dError
   1   999   999    1.002072  0.000018  0.000000
   2   499   998    1.002072  0.000023  0.000001
   3   333   999    1.002072  0.000027  0.000001
   4   249   996    1.002075  0.000029  0.000001
   5   199   995    1.002076  0.000031  0.000002
   6   166   996    1.002075  0.000032  0.000002
   7   142   994    1.002076  0.000033  0.000002
   8   124   992    1.002077  0.000034  0.000002
   9   111   999    1.002071  0.000034  0.000002
  10    99   990    1.002077  0.000036  0.000003
  11    90   990    1.002077  0.000035  0.000003
  12    83   996    1.002075  0.000036  0.000003
  13    76   988    1.002077  0.000036  0.000003
  14    71   994    1.002076  0.000038  0.000003
  15    66   990    1.002077  0.000036  0.000003
  16    62   992    1.002077  0.000037  0.000003
  17    58   986    1.002077  0.000040  0.000004
  18    55   990    1.002077  0.000040  0.000004
  19    52   988    1.002077  0.000040  0.000004
  20    49   980    1.002076  0.000042  0.000004
  21    47   987    1.002077  0.000038  0.000004
  22    45   990    1.002077  0.000039  0.000004
  23    43   989    1.002077  0.000042  0.000005
  24    41   984    1.002076  0.000038  0.000004
Fit (variance): plateau_var = 1.496e-09 ± 9.698e-11
Fit (error):    plateau = 0.000039 ± 0.000001
     autocorrelation length ~ 5.2 blocks
     plateau reached at block size ~ 24
nclean = 999, max_block_size = 24, min_nblocks = 40
Blk_SZ   NBlk   NSmp      Energy     Error    dError
     1    999    999  -77.184790  0.000182  0.000004
     2    499    998  -77.184842  0.000187  0.000006
     3    333    999  -77.184852  0.000206  0.000008
     4    249    996  -77.184880  0.000207  0.000009
     5    199    995  -77.184884  0.000213  0.000011
     6    166    996  -77.184893  0.000229  0.000013
     7    142    994  -77.184900  0.000236  0.000014
     8    124    992  -77.184900  0.000226  0.000014
     9    111    999  -77.184902  0.000241  0.000016
    10     99    990  -77.184923  0.000241  0.000017
    11     90    990  -77.184936  0.000235  0.000018
    12     83    996  -77.184928  0.000242  0.000019
    13     76    988  -77.184926  0.000250  0.000020
    14     71    994  -77.184928  0.000276  0.000023
    15     66    990  -77.184949  0.000252  0.000022
    16     62    992  -77.184939  0.000286  0.000026
    17     58    986  -77.184935  0.000251  0.000023
    18     55    990  -77.184948  0.000289  0.000028
    19     52    988  -77.184942  0.000276  0.000027
    20     49    980  -77.184967  0.000260  0.000027
    21     47    987  -77.184944  0.000284  0.000030
    22     45    990  -77.184956  0.000274  0.000029
    23     43    989  -77.184951  0.000278  0.000030
    24     41    984  -77.184958  0.000239  0.000027
Fit (variance): plateau_var = 7.927740e-08 ± 1.220888e-08
Fit (error):    plateau = 0.000282 ± 0.000022
     autocorrelation length ~ 11.2 blocks
     plateau reached at block size ~ 47
     !!!Failed to reach plateau in blocking
     Return max block error
Final AFQMC/pt2CCSD overlap ratio: 1.002071 ± 0.000039
Final AFQMC/pt2CCSD energy: -77.184973 ± 0.000289
Total run time: 715.94

AFQMC Sampling Finished

