
    ________                     _____                    
    ___  __ \___  __________________(_)_____________ _    
    __  /_/ /  / / /_  __ \_  __ \_  /__  __ \_  __ `/    
    _  _, _// /_/ /_  / / /  / / /  / _  / / /  /_/ /     
    /_/ |_| \__,_/ /_/ /_//_/ /_//_/  /_/ /_/_\__, /      
                                             /____/       
    _____________________________  ___________            
    ___    |__  ____/_  __ \__   |/  /_  ____/            
    __  /| |_  /_   _  / / /_  /|_/ /_  /                 
    _  ___ |  __/   / /_/ /_  /  / / / /___               
    /_/  |_/_/      \___\_\/_/  /_/  \____/               

Hostname:     gpue02.delta.ncsa.illinois.edu
System:       Linux
Node:         gpue02.delta.ncsa.illinois.edu
Release:      5.14.0-427.91.1.el9_4.x86_64
Machine:      x86_64
Processor:    x86_64
JAX backend:  GPU
JAX devices:  [CudaDevice(id=0)]
Device kind:  NVIDIA H200
Platform:     gpu

Load system from Integral File
Maximum memory per walker:            83.33 MB
Maximum number of Cholesky per chunk: 495
Number of Cholesky chunks:            2
Number of Cholesky per chunk:         328
Number of padding Cholesky:           1

QMC System
Number of electrons: (10, 10)
Spin Multiplicity:   0
Number of orbitals:  105
Number of Chol:      655

QMC Parameters
eql_time            :                   50
n_blocks            :                 1000
n_walkers           :                  300
max_error           :                  0.0
seed                :                   17
walker_type         :                  rhf
trial               :              pt2ccsd
mix_precision       :                 True
max_memory          :                25000
dt                  :                0.005
n_exp_terms         :                    6
n_prop_steps        :                   50
save_walkers        :                False
free_projection     :                False
n_batch             :                    1
nchol_chunk         :                  328

Initalize QMC walkers by stochastic CCSD

Equilibration
inv_T        weight  killW        energy   runTime
 0.00    300.000000      0   -958.664318     26.08
 5.00    299.134571      0   -958.702882     32.53
10.00    299.455672      0   -958.704247     33.72
15.00    298.557993      0   -958.704835     34.91
20.00    299.283154      0   -958.688514     36.10
25.00    299.799642      0   -958.708895     37.29
30.00    299.307069      0   -958.717730     38.49
35.00    299.852011      0   -958.720285     39.68
40.00    299.231860      0   -958.732464     40.87
45.00    299.441008      0   -958.663948     42.06
50.00    299.028502      0   -958.698745     43.25

Sampling
blocks        weight  killW       E_Guide     error       E_Trial     error     olp_T/G     error  Walltime
    20    298.871262      0   -958.688269  0.006295   -958.691334  0.000729    1.001625  0.000176   70.28
    40    298.911564      0   -958.691274  0.004164   -958.692679  0.000755    1.001517  0.000168   94.10
    60    298.999595      0   -958.694183  0.004129   -958.692430  0.000554    1.001658  0.000143  117.99
    80    298.900702      0   -958.692968  0.003125   -958.692598  0.000473    1.001721  0.000121  141.87
   100    298.874496      0   -958.692178  0.002656   -958.692324  0.000421    1.001650  0.000101  165.77
   120    298.858874      0   -958.692733  0.002347   -958.692279  0.000374    1.001670  0.000096  189.67
   140    298.850093      0   -958.692637  0.002031   -958.692011  0.000337    1.001728  0.000097  213.58
   160    298.810995      0   -958.692352  0.001782   -958.692124  0.000319    1.001748  0.000087  237.50
   180    298.794413      0   -958.692190  0.001654   -958.692127  0.000296    1.001768  0.000077  261.40
   200    298.790806      0   -958.692665  0.001584   -958.692222  0.000278    1.001791  0.000073  285.29
   220    298.780549      0   -958.693164  0.001527   -958.692264  0.000268    1.001830  0.000075  309.20
   240    298.767173      0   -958.693715  0.001453   -958.692436  0.000275    1.001813  0.000069  333.11
   260    298.756845      0   -958.693513  0.001527   -958.692316  0.000262    1.001807  0.000066  357.02
   280    298.749177      0   -958.693065  0.001597   -958.692255  0.000247    1.001829  0.000062  380.90
   300    298.729514      0   -958.692850  0.001564   -958.692185  0.000239    1.001867  0.000065  404.80
   320    298.715614      0   -958.692462  0.001492   -958.692201  0.000231    1.001870  0.000064  428.69
   340    298.707308      0   -958.692241  0.001443   -958.692213  0.000221    1.001861  0.000061  452.76
   360    298.700943      0   -958.692478  0.001382   -958.692346  0.000249    1.001863  0.000056  485.22
   380    298.708426      0   -958.693275  0.001414   -958.692430  0.000241    1.001874  0.000054  512.69
   400    298.701515      1   -958.693566  0.001369   -958.692577  0.000245    1.001855  0.000052  536.63
   420    298.705106      1   -958.694026  0.001381   -958.692614  0.000241    1.001865  0.000050  560.48
   440    298.702591      1   -958.694537  0.001365   -958.692604  0.000232    1.001865  0.000052  584.39
   460    298.695012      1   -958.694617  0.001324   -958.692606  0.000228    1.001887  0.000051  609.13
   480    298.688448      1   -958.694516  0.001268   -958.692606  0.000221    1.001904  0.000054  633.04
   500    298.684638      1   -958.694604  0.001227   -958.692670  0.000220    1.001916  0.000052  656.94
   520    298.677873      1   -958.694564  0.001221   -958.692603  0.000214    1.001897  0.000052  680.83
   540    298.675325      1   -958.694536  0.001200   -958.692570  0.000208    1.001885  0.000052  704.71
   560    298.669735      2   -958.694635  0.001189   -958.692575  0.000204    1.001890  0.000050  728.61
   580    298.662707      2   -958.694466  0.001164   -958.692526  0.000199    1.001902  0.000049  752.54
   600    298.661554      2   -958.694566  0.001124   -958.692550  0.000194    1.001902  0.000050  776.44
   620    298.658809      2   -958.694404  0.001111   -958.692483  0.000190    1.001892  0.000050  800.34
   640    298.661526      2   -958.694398  0.001069   -958.692491  0.000186    1.001895  0.000050  824.24
   660    298.660566      2   -958.694505  0.001056   -958.692484  0.000182    1.001886  0.000049  848.14
   680    298.655752      2   -958.694477  0.001109   -958.692505  0.000183    1.001886  0.000049  872.04
   700    298.662543      3   -958.695213  0.001339   -958.692887  0.000472    1.001875  0.000049  895.93
   720    298.661789      3   -958.694805  0.001358   -958.692835  0.000460    1.001867  0.000051  919.80
   740    298.663867      3   -958.694978  0.001332   -958.692850  0.000448    1.001850  0.000052  943.69
   760    298.662408      3   -958.694759  0.001320   -958.692833  0.000437    1.001842  0.000052  967.58
   780    298.661037      3   -958.694584  0.001294   -958.692830  0.000426    1.001846  0.000050  991.70
   800    298.657421      3   -958.694554  0.001278   -958.692851  0.000417    1.001832  0.000051 1015.61
   820    298.655965      3   -958.694479  0.001251   -958.692832  0.000407    1.001837  0.000050 1039.48
   840    298.653372      3   -958.694383  0.001226   -958.692791  0.000398    1.001838  0.000049 1063.42
   860    298.648627      3   -958.694184  0.001237   -958.692757  0.000389    1.001836  0.000048 1087.25
   880    298.648195      3   -958.694070  0.001215   -958.692744  0.000381    1.001838  0.000047 1111.21
   900    298.647151      3   -958.694065  0.001196   -958.692743  0.000373    1.001842  0.000046 1135.08
   920    298.644571      3   -958.694064  0.001156   -958.692748  0.000365    1.001848  0.000046 1158.98
   940    298.643384      3   -958.693979  0.001136   -958.692710  0.000358    1.001850  0.000045 1182.81
   960    298.644866      3   -958.694276  0.001134   -958.692719  0.000350    1.001851  0.000044 1206.85
   980    298.646476      3   -958.694239  0.001121   -958.692711  0.000344    1.001856  0.000043 1231.33
  1000    298.643317      3   -958.694308  0.001103   -958.692704  0.000337    1.001858  0.000042 1255.18

Post Propagation Process
Total number of samples 1000
Raw AFQMC/HF (Guide) energy:           -958.694308 ± 0.001103
Raw Trial/Guide overlap ratio:          1.001858 ± 0.000042
Raw AFQMC/pt2CCSD energy (covariance): -958.692704 ± 0.000337
Raw AFQMC/pt2CCSD energy (dir sample): -958.692704 ± 0.000191

Remove Outliers
removing energies outside zeta > 30
Outlier energy bound [-958.781605, -958.601991]
Removed 1 outliers with energies [-958.80947344]
Clean AFQMC/pt2CCSD overlap ratio:        1.001862 ± 0.000042
Clean AFQMC/pt2CCSD energy (covariance): -958.692553 ± 0.000283
Clean AFQMC/ptCCSD energy (dir sample):  -958.692553 ± 0.000151

Blocking Analysis
nsample = 999, max_block_size = 24, min_nblocks = 40
   B    NB    NS  Observable     Error    dError
   1   999   999    1.001862  0.000016  0.000000
   2   499   998    1.001862  0.000021  0.000001
   3   333   999    1.001862  0.000024  0.000001
   4   249   996    1.001863  0.000027  0.000001
   5   199   995    1.001863  0.000029  0.000001
   6   166   996    1.001863  0.000031  0.000002
   7   142   994    1.001863  0.000033  0.000002
   8   124   992    1.001863  0.000034  0.000002
   9   111   999    1.001862  0.000034  0.000002
  10    99   990    1.001862  0.000035  0.000002
  11    90   990    1.001862  0.000037  0.000003
  12    83   996    1.001863  0.000035  0.000003
  13    76   988    1.001861  0.000037  0.000003
  14    71   994    1.001863  0.000036  0.000003
  15    66   990    1.001862  0.000038  0.000003
  16    62   992    1.001863  0.000040  0.000004
  17    58   986    1.001860  0.000040  0.000004
  18    55   990    1.001862  0.000040  0.000004
  19    52   988    1.001861  0.000042  0.000004
  20    49   980    1.001860  0.000039  0.000004
  21    47   987    1.001860  0.000041  0.000004
  22    45   990    1.001862  0.000039  0.000004
  23    43   989    1.001862  0.000040  0.000004
  24    41   984    1.001860  0.000039  0.000004
Fit (variance): plateau_var = 1.660e-09 ± 1.359e-10
Fit (error):    plateau = 0.000041 ± 0.000002
     autocorrelation length ~ 7.2 blocks
     plateau reached at block size ~ 34
     !!!Failed to reach plateau in blocking
     Return max block error
nclean = 999, max_block_size = 24, min_nblocks = 40
Blk_SZ   NBlk   NSmp      Energy     Error    dError
     1    999    999  -958.692410  0.000151  0.000003
     2    499    998  -958.692441  0.000158  0.000005
     3    333    999  -958.692472  0.000174  0.000007
     4    249    996  -958.692470  0.000180  0.000008
     5    199    995  -958.692492  0.000188  0.000009
     6    166    996  -958.692499  0.000188  0.000010
     7    142    994  -958.692498  0.000195  0.000012
     8    124    992  -958.692517  0.000195  0.000012
     9    111    999  -958.692519  0.000201  0.000014
    10     99    990  -958.692538  0.000198  0.000014
    11     90    990  -958.692533  0.000205  0.000015
    12     83    996  -958.692516  0.000201  0.000016
    13     76    988  -958.692539  0.000219  0.000018
    14     71    994  -958.692525  0.000201  0.000017
    15     66    990  -958.692546  0.000193  0.000017
    16     62    992  -958.692536  0.000199  0.000018
    17     58    986  -958.692539  0.000205  0.000019
    18     55    990  -958.692548  0.000194  0.000019
    19     52    988  -958.692548  0.000183  0.000018
    20     49    980  -958.692550  0.000196  0.000020
    21     47    987  -958.692543  0.000188  0.000020
    22     45    990  -958.692552  0.000196  0.000021
    23     43    989  -958.692549  0.000187  0.000020
    24     41    984  -958.692553  0.000200  0.000022
Fit (variance): plateau_var = 3.979138e-08 ± 2.069872e-09
Fit (error):    plateau = 0.000199 ± 0.000005
     autocorrelation length ~ 3.6 blocks
     plateau reached at block size ~ 15
Final AFQMC/pt2CCSD overlap ratio: 1.001862 ± 0.000042
Final AFQMC/pt2CCSD energy: -958.692553 ± 0.000199
Total run time: 1292.03

AFQMC Sampling Finished

