#INFO: **** input file is /work/hdd/bdka/yzhang65/w4_17/w4-17_all/afqmc_input/batch3/run_afqmc.py ****
import os
import sys
import re
#sys.path.insert(0, os.path.join(os.path.dirname(os.path.abspath(__file__)), '..', 'script'))
sys.path.insert(0, '/u/yzhang65/mywork/yzhang65/w4_17/w4-17_all/script')

os.environ.setdefault("XLA_PYTHON_CLIENT_ALLOCATOR", "platform")
import jax
jax.config.update("jax_enable_x64", True)

from pyscf import gto, scf, cc
from afqmc import integral, launch_afqmc
from mol_select import get_xyz_files
import truncate_basis

# ---------------------------------------------------------------------------
# Configuration
# ---------------------------------------------------------------------------
shell            = "closed"  # "closed" or "open"
symmetry         = False
select_molecules = None  # e.g. ["acetaldehyde", "benzene"], or None for all
index            = "41-60"          # e.g. "1-10", "5", "1,3,5-8", or None for all
basis            = "vtzfp"

xyz_dir      = f"../../w4_17_xyz/{shell}_shell"
results_file = f"./{shell}_afqmc_{basis}.dat"
out_dir      = f"../../result/molout/{shell}_shell"
os.makedirs(out_dir, exist_ok=True)

xyz_files = get_xyz_files(xyz_dir, select_molecules=select_molecules, index=index)

# ---------------------------------------------------------------------------
# Write results header
# ---------------------------------------------------------------------------
with open(results_file, "w") as out:
    out.write(f"{'Molecule':<16s} {'E_HF (Eh)':>20s} {'E_CCSD (Eh)':>20s} "
              f"{'E_AFQMC (Eh)':>15s} {'E_AFQMC ERR (Eh)':>15s}\n")

# ---------------------------------------------------------------------------
# Helper
# ---------------------------------------------------------------------------
_afqmc_energy_re = re.compile(
    r"Final AFQMC/pt2CCSD energy:\s*([-+]?\d*\.?\d+(?:[eE][-+]?\d+)?)"
    r"\s*(?:±|\+/-)\s*([-+]?\d*\.?\d+(?:[eE][-+]?\d+)?)"
)

def extract_afqmc_energy(filename):
    try:
        with open(filename, encoding="utf-8") as f:
            for line in f:
                m = _afqmc_energy_re.search(line)
                if m:
                    return float(m.group(1)), float(m.group(2))
    except (OSError, IOError):
        pass
    return 0, 0

# ---------------------------------------------------------------------------
# Main loop
# ---------------------------------------------------------------------------
for xyz_path in xyz_files:
    with open(xyz_path) as f:
        lines = f.readlines()

    second_line = lines[1]
    charge   = int(second_line.split("charge=")[1].split()[0])
    spin     = int(second_line.split("mult=")[1].split()[0]) - 1
    mol_name = second_line.split()[0]
    atoms    = "".join(lines[2:])

    print(f"\n{'='*60}\nRunning: {mol_name}  charge={charge}  spin={spin}\n{'='*60}")

    mol = gto.M(
        atom=atoms,
        basis=truncate_basis.get_basis(atoms, basis),
        verbose=4,
        output=os.path.join(out_dir, f"{mol_name}_{basis}.out"),
        unit="angstrom",
        symmetry=symmetry,
        charge=charge,
        spin=spin,
        max_memory=40000,
    )

    mf = scf.UHF(mol)
    mf.max_cycle = 200
    mf = mf.newton()
    mf.kernel()

    if mol_name == "h":
        with open(results_file, "a") as out:
            out.write(f"{mol_name:<16s} {mf.e_tot:>20.10f} {mf.e_tot:>20.10f} "
                      f"{mf.e_tot:>15.5f} {0.0:>15.5f}\n")
        continue

    stable = False
    for _ in range(10):
        mo_i, _, stable, _ = mf.stability(return_status=True)
        if stable:
            break
        dm = mf.make_rdm1(mo_i, mf.mo_occ)
        mf.kernel(dm0=dm)

    if not stable or not mf.converged:
        print(f"  !! SCF did not converge for {mol_name} — skipping.")
        with open(results_file, "a") as out:
            out.write(f"{mol_name:<16s} {'UNCONVERGED':>20s} {'UNCONVERGED':>20s} {'UNCONVERGED':>20s}\n")
        continue

    mycc = cc.CCSD(mf)
    mycc.set_frozen()
    mycc.kernel()

    integral.prep_integral(mycc, chol_cut=1e-5)
    options = {
        'eql_time':      50,
        'n_blocks':      1000,
        'n_walkers':     300,
        'max_error':     0.0,
        'seed':          17,
        'walker_type':   'uhf',
        'trial':         'upt2ccsd',
        'mix_precision': True,
        'max_memory':    20000, #MB
    }
    launch_afqmc.ph_afqmc(options)

    afqmc_out = os.path.join(out_dir, f"{mol_name}_afqmc_{basis}.out")
    os.system(f"mv afqmc.out {afqmc_out}")
    eqmc, eqmc_err = extract_afqmc_energy(afqmc_out)

    with open(results_file, "a") as out:
        out.write(f"{mol_name:<16s} {mf.e_tot:>20.10f} {mycc.e_tot:>20.10f} "
                  f"{eqmc:>15.5f} {eqmc_err:>15.5f}\n")

    print(f"  => E_HF({mol_name})      = {mf.e_tot:.10f} Eh")
    print(f"  => E_CCSD({mol_name})    = {mycc.e_tot:.10f} Eh")
    print(f"  => E_AFQMC({mol_name})   = {eqmc:.5f} +/- {eqmc_err:.5f} Eh")

print(f"\nAll calculations complete. Results saved to {results_file}")
#INFO: ******************** input file end ********************


System: uname_result(system='Linux', node='gpua021.delta.ncsa.illinois.edu', release='5.14.0-427.91.1.el9_4.x86_64', version='#1 SMP PREEMPT_DYNAMIC Wed Sep 17 10:08:59 EDT 2025', machine='x86_64')  Threads 16
Python 3.11.14 (main, Oct 21 2025, 18:31:21) [GCC 11.2.0]
numpy 2.3.5  scipy 1.16.3  h5py 3.15.1
Date: Sun May 24 06:31:47 2026
PySCF version 2.11.0
PySCF path  /u/yzhang65/myprojects/software/pyscf
GIT HEAD (branch master) f520f5381c0b41f716d847009817cbc64e52c0d5

[ENV] PYSCF_TMPDIR /projects/bdka/yzhang65/scratch/pyscf
[ENV] PYSCF_EXT_PATH /u/yzhang65/myprojects/software/pyscf-forge
[CONFIG] conf_file None
[INPUT] verbose = 4
[INPUT] num. atoms = 5
[INPUT] num. electrons = 16
[INPUT] charge = 0
[INPUT] spin (= nelec alpha-beta = 2S) = 0
[INPUT] symmetry False subgroup None
[INPUT] Mole.unit = angstrom
[INPUT] Symbol           X                Y                Z      unit          X                Y                Z       unit  Magmom
[INPUT]  1 C      0.056583000000   0.587652000000   0.000000000000 AA    0.106926373306   1.110501336553   0.000000000000 Bohr   0.0
[INPUT]  2 N      0.056583000000  -0.686508000000   0.000000000000 AA    0.106926373306  -1.297312102323   0.000000000000 Bohr   0.0
[INPUT]  3 H     -0.902305000000  -1.034264000000   0.000000000000 AA   -1.705109330826  -1.954475700497   0.000000000000 Bohr   0.0
[INPUT]  4 H     -0.843818000000   1.204585000000   0.000000000000 AA   -1.594584918978   2.276335743759   0.000000000000 Bohr   0.0
[INPUT]  5 H      1.010542000000   1.109323000000   0.000000000000 AA    1.909647617370   2.096316653681   0.000000000000 Bohr   0.0

nuclear repulsion = 32.8847324914622
number of shells = 33
number of NR pGTOs = 117
number of NR cGTOs = 87
basis = {'N': [[0, [11420.0, 0.000523, -0.000115], [1712.0, 0.004045, -0.000895], [389.3, 0.020775, -0.004624], [110.0, 0.080727, -0.018528], [35.57, 0.233074, -0.057339], [12.54, 0.433501, -0.132076], [4.644, 0.347472, -0.17251], [0.5118, -0.008508, 0.599944]], [0, [1.293, 1.0]], [0, [0.1787, 1.0]], [1, [26.63, 0.01467], [5.948, 0.091764], [1.742, 0.298683]], [1, [0.555, 1.0]], [1, [0.1725, 1.0]], [2, [1.654, 1.0]], [2, [0.469, 1.0]], [3, [1.093, 1.0]]], 'H': [[0, [33.87, 0.006068], [5.095, 0.045308], [1.159, 0.202822]], [0, [0.3258, 1.0]], [0, [0.1027, 1.0]], [1, [1.407, 1.0]], [1, [0.388, 1.0]]], 'C': [[0, [8236.0, 0.000531, -0.000113], [1235.0, 0.004108, -0.000878], [280.8, 0.021087, -0.00454], [79.27, 0.081853, -0.018133], [25.59, 0.234817, -0.05576], [8.997, 0.434401, -0.126895], [3.319, 0.346129, -0.170352], [0.3643, -0.008983, 0.598684]], [0, [0.9059, 1.0]], [0, [0.1285, 1.0]], [1, [18.71, 0.014031], [4.133, 0.086866], [1.2, 0.290216]], [1, [0.3827, 1.0]], [1, [0.1209, 1.0]], [2, [1.097, 1.0]], [2, [0.318, 1.0]], [3, [0.761, 1.0]]]}
ecp = {}
CPU time:      5617.95




******** <class 'pyscf.soscf.newton_ah.SecondOrderUHF'> ********
method = SecondOrderUHF
initial guess = minao
damping factor = 0
level_shift factor = 0
DIIS = <class 'pyscf.scf.diis.CDIIS'>
diis_start_cycle = 1
diis_space = 8
diis_damp = 0
SCF conv_tol = 1e-09
SCF conv_tol_grad = None
SCF max_cycles = 200
direct_scf = True
direct_scf_tol = 1e-13
chkfile to save SCF result = /projects/bdka/yzhang65/scratch/pyscf/tmp95i1lwi7
max_memory 40000 MB (current use 2419 MB)
number electrons alpha = 8  beta = 8
******** <class 'pyscf.scf.uhf.UHF'> Newton solver flags ********
SCF tol = 1e-09
conv_tol_grad = None
max. SCF cycles = 200
direct_scf = True
direct_scf_tol = 1e-13
chkfile to save SCF result = /projects/bdka/yzhang65/scratch/pyscf/tmp95i1lwi7
max_cycle_inner = 12
max_stepsize = 0.05
ah_start_tol = 1e+09
ah_level_shift = 0
ah_conv_tol = 1e-12
ah_lindep = 1e-14
ah_start_cycle = 1
ah_max_cycle = 40
ah_grad_trust_region = 2.5
kf_interval = 4
kf_trust_region = 5
canonicalization = True
max_memory 40000 MB (current use 2419 MB)
Set conv_tol_grad to 3.16228e-05
  alpha nocc = 8  HOMO = -0.333994229270653  LUMO = -0.0217702743110117
  beta  nocc = 8  HOMO = -0.330311784558399  LUMO = -0.0173352937648979
Initial guess E= -94.0235778873576  |g|= 0.273982
macro= 0  E= -94.0666220741985  delta_E= -0.0430442  |g|= 0.0197855  3 KF 9 JK
macro= 1  E= -94.0666249184899  delta_E= -2.84429e-06  |g|= 0.000230787  2 KF 13 JK
macro= 2  E= -94.0666249186894  delta_E= -1.99549e-10  |g|= 1.26637e-05  1 KF 3 JK
Canonicalize SCF orbitals
macro X = 3  E=-94.0666249186894  |g|= 1.26637e-05  total 7 KF 29 JK
converged SCF energy = -94.0666249186894  <S^2> = 2.1772127e-07  2S+1 = 1.0000004
uhf_internal: lowest eigs of H = [-0.00541575  0.25691835  0.44770797]
<class 'pyscf.soscf.newton_ah.SecondOrderUHF'> wavefunction has an internal instability




******** <class 'pyscf.soscf.newton_ah.SecondOrderUHF'> ********
method = SecondOrderUHF
initial guess = minao
damping factor = 0
level_shift factor = 0
DIIS = <class 'pyscf.scf.diis.CDIIS'>
diis_start_cycle = 1
diis_space = 8
diis_damp = 0
SCF conv_tol = 1e-09
SCF conv_tol_grad = None
SCF max_cycles = 200
direct_scf = True
direct_scf_tol = 1e-13
chkfile to save SCF result = /projects/bdka/yzhang65/scratch/pyscf/tmp95i1lwi7
max_memory 40000 MB (current use 2304 MB)
number electrons alpha = 8  beta = 8
******** <class 'pyscf.scf.uhf.UHF'> Newton solver flags ********
SCF tol = 1e-09
conv_tol_grad = None
max. SCF cycles = 200
direct_scf = True
direct_scf_tol = 1e-13
chkfile to save SCF result = /projects/bdka/yzhang65/scratch/pyscf/tmp95i1lwi7
max_cycle_inner = 12
max_stepsize = 0.05
ah_start_tol = 1e+09
ah_level_shift = 0
ah_conv_tol = 1e-12
ah_lindep = 1e-14
ah_start_cycle = 1
ah_max_cycle = 40
ah_grad_trust_region = 2.5
kf_interval = 4
kf_trust_region = 5
canonicalization = True
max_memory 40000 MB (current use 2304 MB)
Set conv_tol_grad to 3.16228e-05
  alpha nocc = 8  HOMO = -0.454724799983716  LUMO = 0.148947513619755
  beta  nocc = 8  HOMO = -0.418792194754387  LUMO = 0.14997905618181
Initial guess E= -94.0304810417579  |g|= 0.100398
macro= 0  E= -94.0573628119693  delta_E= -0.0268818  |g|= 0.100398  2 KF 6 JK
macro= 1  E= -94.0637934528682  delta_E= -0.00643064  |g|= 0.0529476  2 KF 5 JK
macro= 2  E= -94.0661173383686  delta_E= -0.00232389  |g|= 0.01723  2 KF 5 JK
macro= 3  E= -94.0665998466485  delta_E= -0.000482508  |g|= 0.00203687  3 KF 11 JK
macro= 4  E= -94.0666376319731  delta_E= -3.77853e-05  |g|= 0.000334738  2 KF 12 JK
macro= 5  E= -94.0666378943251  delta_E= -2.62352e-07  |g|= 0.000170467  1 KF 5 JK
macro= 6  E= -94.0666390782017  delta_E= -1.18388e-06  |g|= 4.8267e-05  2 KF 9 JK
macro= 7  E= -94.0666390782164  delta_E= -1.47082e-11  |g|= 5.72841e-06  1 KF 2 JK
Canonicalize SCF orbitals
macro X = 8  E=-94.0666390782164  |g|= 5.72841e-06  total 16 KF 64 JK
converged SCF energy = -94.0666390782164  <S^2> = 0.020988736  2S+1 = 1.0411316
uhf_internal: lowest eigs of H = [0.01093587 0.25677878 0.45190563]
<class 'pyscf.soscf.newton_ah.SecondOrderUHF'> wavefunction is stable in the internal stability analysis

******** <class 'pyscf.cc.uccsd.UCCSD'> ********
CC2 = 0
CCSD nocc = (np.int64(6), np.int64(6)), nmo = (85, 85)
frozen orbitals 2
max_cycle = 50
direct = 0
conv_tol = 1e-07
conv_tol_normt = 1e-06
diis_space = 6
diis_start_cycle = 0
diis_start_energy_diff = 1e+09
max_memory 40000 MB (current use 2165 MB)
Init t2, MP2 energy = -0.365302680817452
Init E_corr(UCCSD) = -0.365302680839502
cycle = 1  E_corr(UCCSD) = -0.371173825063977  dE = -0.00587114422  norm(t1,t2) = 0.0720035
cycle = 2  E_corr(UCCSD) = -0.381710066242809  dE = -0.0105362412  norm(t1,t2) = 0.0258049
cycle = 3  E_corr(UCCSD) = -0.382903981420619  dE = -0.00119391518  norm(t1,t2) = 0.0153314
cycle = 4  E_corr(UCCSD) = -0.38501614997402  dE = -0.00211216855  norm(t1,t2) = 0.00882365
cycle = 5  E_corr(UCCSD) = -0.384913386517456  dE = 0.000102763457  norm(t1,t2) = 0.00419437
cycle = 6  E_corr(UCCSD) = -0.384768866328469  dE = 0.000144520189  norm(t1,t2) = 0.00161101
cycle = 7  E_corr(UCCSD) = -0.384848815757237  dE = -7.99494288e-05  norm(t1,t2) = 0.000558644
cycle = 8  E_corr(UCCSD) = -0.384849803989909  dE = -9.88232672e-07  norm(t1,t2) = 0.000118066
cycle = 9  E_corr(UCCSD) = -0.384846050758214  dE = 3.75323169e-06  norm(t1,t2) = 4.39606e-05
cycle = 10  E_corr(UCCSD) = -0.384845639053847  dE = 4.11704367e-07  norm(t1,t2) = 1.73363e-05
cycle = 11  E_corr(UCCSD) = -0.384845566591258  dE = 7.24625894e-08  norm(t1,t2) = 5.50863e-06
cycle = 12  E_corr(UCCSD) = -0.384845672241525  dE = -1.05650267e-07  norm(t1,t2) = 1.96342e-06
cycle = 13  E_corr(UCCSD) = -0.384845611921717  dE = 6.03198079e-08  norm(t1,t2) = 8.81737e-07
UCCSD converged
E(UCCSD) = -94.45148469013813  E_corr = -0.3848456119217171
