
    ________                     _____                    
    ___  __ \___  __________________(_)_____________ _    
    __  /_/ /  / / /_  __ \_  __ \_  /__  __ \_  __ `/    
    _  _, _// /_/ /_  / / /  / / /  / _  / / /  /_/ /     
    /_/ |_| \__,_/ /_/ /_//_/ /_//_/  /_/ /_/_\__, /      
                                             /____/       
    _____________________________  ___________            
    ___    |__  ____/_  __ \__   |/  /_  ____/            
    __  /| |_  /_   _  / / /_  /|_/ /_  /                 
    _  ___ |  __/   / /_/ /_  /  / / / /___               
    /_/  |_/_/      \___\_\/_/  /_/  \____/               

Hostname:     gpue02.delta.ncsa.illinois.edu
System:       Linux
Node:         gpue02.delta.ncsa.illinois.edu
Release:      5.14.0-427.91.1.el9_4.x86_64
Machine:      x86_64
Processor:    x86_64
JAX backend:  GPU
JAX devices:  [CudaDevice(id=0)]
Device kind:  NVIDIA H200
Platform:     gpu

Load system from Integral File
Maximum memory per walker:            83.33 MB
Maximum number of Cholesky per chunk: 405
Number of Cholesky chunks:            2
Number of Cholesky per chunk:         383
Number of padding Cholesky:           1

QMC System
Number of electrons: (13, 13)
Spin Multiplicity:   0
Number of orbitals:  116
Number of Chol:      765

QMC Parameters
eql_time            :                   50
n_blocks            :                 1000
n_walkers           :                  300
max_error           :                  0.0
seed                :                   17
walker_type         :                  rhf
trial               :              pt2ccsd
mix_precision       :                 True
max_memory          :                25000
dt                  :                0.005
n_exp_terms         :                    6
n_prop_steps        :                   50
save_walkers        :                False
free_projection     :                False
n_batch             :                    1
nchol_chunk         :                  383

Initalize QMC walkers by stochastic CCSD

Equilibration
inv_T        weight  killW        energy   runTime
 0.00    300.000000      0  -1069.455720     26.73
 5.00    298.664137      0  -1069.471529     33.08
10.00    297.568433      0  -1069.498018     34.55
15.00    298.523239      0  -1069.510533     36.03
20.00    298.843207      0  -1069.530469     37.50
25.00    298.325429      0  -1069.517632     38.98
30.00    299.170972      0  -1069.552684     40.45
35.00    298.616901      0  -1069.516367     41.92
40.00    296.842656      0  -1069.483518     43.44
45.00    300.023646      0  -1069.552045     44.92
50.00    299.974842      0  -1069.519204     46.39

Sampling
blocks        weight  killW       E_Guide     error       E_Trial     error     olp_T/G     error  Walltime
    20    298.645458      0  -1069.529628  0.014535  -1069.506791  0.002660    1.023307  0.000955   82.47
    40    298.441851      1  -1069.512372  0.014120  -1069.503557  0.001687    1.021207  0.001397  116.09
    60    298.354647      2  -1069.511238  0.010512  -1069.504978  0.002232    1.019412  0.001478  149.93
    80    298.416247      2  -1069.514063  0.007726  -1069.505398  0.001754    1.018437  0.001236  183.78
   100    298.335168      2  -1069.510505  0.006281  -1069.504570  0.001462    1.017925  0.001027  217.64
   120    298.233626      2  -1069.508242  0.005353  -1069.504907  0.001402    1.017410  0.000922  251.53
   140    298.186882      3  -1069.508543  0.004670  -1069.504974  0.001258    1.016980  0.000848  285.38
   160    298.155224      3  -1069.508160  0.004113  -1069.504452  0.001135    1.016404  0.000837  319.22
   180    298.134975      5  -1069.508259  0.003722  -1069.505193  0.001132    1.016471  0.000749  353.06
   200    298.120525      5  -1069.509277  0.003436  -1069.505435  0.001047    1.016653  0.000687  386.91
   220    298.106895      5  -1069.509899  0.003371  -1069.505481  0.000974    1.016623  0.000624  420.78
   240    298.095106      5  -1069.510753  0.003231  -1069.505598  0.000956    1.016486  0.000581  454.66
   260    298.073510      9  -1069.512011  0.003170  -1069.505913  0.000909    1.016172  0.000581  488.48
   280    298.057527     10  -1069.512250  0.002937  -1069.505753  0.000872    1.016103  0.000541  522.52
   300    298.032557     10  -1069.512215  0.002759  -1069.505155  0.000849    1.016117  0.000505  556.51
   320    298.013566     11  -1069.512615  0.002601  -1069.505343  0.000822    1.016155  0.000473  590.35
   340    298.006509     12  -1069.513271  0.002517  -1069.505551  0.000790    1.016109  0.000452  624.64
   360    297.989267     12  -1069.512507  0.002364  -1069.505462  0.000757    1.016201  0.000433  659.78
   380    297.965265     13  -1069.512270  0.002260  -1069.505474  0.000727    1.016423  0.000439  695.19
   400    297.966222     14  -1069.512192  0.002253  -1069.506116  0.001260    1.016359  0.000420  728.63
   420    297.949073     14  -1069.511552  0.002241  -1069.506039  0.001204    1.016473  0.000409  762.51
   440    297.934118     15  -1069.511052  0.002162  -1069.505848  0.001152    1.016697  0.000454  796.35
   460    297.926980     16  -1069.510790  0.002118  -1069.505734  0.001106    1.016890  0.000464  830.19
   480    297.919262     16  -1069.510514  0.002068  -1069.505737  0.001065    1.016966  0.000454  864.03
   500    297.908188     16  -1069.510542  0.002038  -1069.505584  0.001025    1.017056  0.000450  897.89
   520    297.915162     16  -1069.511738  0.002080  -1069.505846  0.000999    1.017098  0.000430  931.73
   540    297.913286     17  -1069.511733  0.002034  -1069.505694  0.000966    1.017095  0.000422  965.58
   560    297.886618     18  -1069.510594  0.002144  -1069.505493  0.000935    1.016975  0.000442  999.45
   580    297.882122     18  -1069.510759  0.002092  -1069.505489  0.000907    1.016863  0.000441 1033.30
   600    297.873135     19  -1069.510276  0.002042  -1069.505346  0.000879    1.016812  0.000433 1067.20
   620    297.857889     20  -1069.509895  0.001974  -1069.505319  0.000855    1.016792  0.000420 1101.03
   640    297.853140     20  -1069.509891  0.002105  -1069.505422  0.000866    1.016873  0.000418 1134.88
   660    297.841314     20  -1069.509546  0.002089  -1069.505352  0.000845    1.016880  0.000408 1168.82
   680    297.832171     20  -1069.509368  0.002068  -1069.505187  0.000823    1.016967  0.000410 1202.67
   700    297.834189     21  -1069.509921  0.002047  -1069.505344  0.000804    1.016925  0.000401 1236.67
   720    297.834426     21  -1069.509916  0.002054  -1069.505283  0.000784    1.016786  0.000414 1270.35
   740    297.838875     21  -1069.510135  0.002011  -1069.505255  0.000764    1.016702  0.000411 1304.56
   760    297.837107     21  -1069.510198  0.001964  -1069.505185  0.000745    1.016710  0.000424 1338.39
   780    297.834999     22  -1069.509908  0.001963  -1069.505138  0.000729    1.016728  0.000413 1372.23
   800    297.840687     22  -1069.510165  0.001924  -1069.505106  0.000713    1.016787  0.000409 1406.08
   820    297.837861     22  -1069.510047  0.001883  -1069.505014  0.000696    1.016818  0.000400 1439.95
   840    297.836998     22  -1069.509694  0.001864  -1069.504983  0.000681    1.016881  0.000406 1473.76
   860    297.828055     22  -1069.509331  0.001864  -1069.504973  0.000667    1.016797  0.000406 1507.62
   880    297.819116     23  -1069.509129  0.001857  -1069.504910  0.000654    1.016763  0.000409 1541.50
   900    297.823638     23  -1069.509515  0.001828  -1069.504966  0.000642    1.016758  0.000409 1575.42
   920    297.819243     23  -1069.509714  0.001878  -1069.504952  0.000631    1.016762  0.000399 1609.33
   940    297.822770     23  -1069.509926  0.001835  -1069.505002  0.000620    1.016763  0.000389 1643.17
   960    297.820844     25  -1069.509991  0.001820  -1069.504929  0.000609    1.016706  0.000388 1677.53
   980    297.819553     26  -1069.509874  0.001782  -1069.504836  0.000598    1.016615  0.000388 1711.38
  1000    297.823841     26  -1069.509763  0.001745  -1069.504764  0.000588    1.016537  0.000394 1745.25

Post Propagation Process
Total number of samples 1000
Raw AFQMC/HF (Guide) energy:           -1069.509763 ± 0.001745
Raw Trial/Guide overlap ratio:          1.016537 ± 0.000394
Raw AFQMC/pt2CCSD energy (covariance): -1069.504764 ± 0.000588
Raw AFQMC/pt2CCSD energy (dir sample): -1069.504764 ± 0.000448

Remove Outliers
removing energies outside zeta > 30
Outlier energy bound [-1069.730366, -1069.274583]
Removed 1 outliers with energies [-1069.79429925]
Clean AFQMC/pt2CCSD overlap ratio:        1.016540 ± 0.000395
Clean AFQMC/pt2CCSD energy (covariance): -1069.504473 ± 0.000413
Clean AFQMC/ptCCSD energy (dir sample):  -1069.504473 ± 0.000342

Blocking Analysis
nsample = 999, max_block_size = 24, min_nblocks = 40
   B    NB    NS  Observable     Error    dError
   1   999   999    1.016540  0.000105  0.000002
   2   499   998    1.016536  0.000144  0.000005
   3   333   999    1.016540  0.000172  0.000007
   4   249   996    1.016532  0.000195  0.000009
   5   199   995    1.016532  0.000215  0.000011
   6   166   996    1.016532  0.000231  0.000013
   7   142   994    1.016534  0.000249  0.000015
   8   124   992    1.016536  0.000261  0.000017
   9   111   999    1.016540  0.000269  0.000018
  10    99   990    1.016544  0.000285  0.000020
  11    90   990    1.016544  0.000302  0.000023
  12    83   996    1.016532  0.000307  0.000024
  13    76   988    1.016556  0.000318  0.000026
  14    71   994    1.016534  0.000329  0.000028
  15    66   990    1.016544  0.000332  0.000029
  16    62   992    1.016536  0.000342  0.000031
  17    58   986    1.016571  0.000351  0.000033
  18    55   990    1.016544  0.000355  0.000034
  19    52   988    1.016556  0.000372  0.000037
  20    49   980    1.016613  0.000363  0.000037
  21    47   987    1.016563  0.000380  0.000040
  22    45   990    1.016544  0.000395  0.000042
  23    43   989    1.016549  0.000389  0.000042
  24    41   984    1.016589  0.000395  0.000044
Fit (variance): plateau_var = 2.481e-07 ± 6.705e-08
Fit (error):    plateau = 0.000498 ± 0.000067
     autocorrelation length ~ 25.0 blocks
     plateau reached at block size ~ 115
     !!!Failed to reach plateau in blocking
     Return max block error
nclean = 999, max_block_size = 24, min_nblocks = 40
Blk_SZ   NBlk   NSmp      Energy     Error    dError
     1    999    999  -1069.504154  0.000343  0.000008
     2    499    998  -1069.504245  0.000387  0.000012
     3    333    999  -1069.504275  0.000411  0.000016
     4    249    996  -1069.504340  0.000425  0.000019
     5    199    995  -1069.504353  0.000431  0.000022
     6    166    996  -1069.504381  0.000436  0.000024
     7    142    994  -1069.504394  0.000408  0.000024
     8    124    992  -1069.504399  0.000432  0.000028
     9    111    999  -1069.504377  0.000450  0.000030
    10     99    990  -1069.504400  0.000439  0.000031
    11     90    990  -1069.504410  0.000430  0.000032
    12     83    996  -1069.504426  0.000442  0.000034
    13     76    988  -1069.504437  0.000431  0.000035
    14     71    994  -1069.504429  0.000420  0.000036
    15     66    990  -1069.504423  0.000453  0.000040
    16     62    992  -1069.504427  0.000471  0.000043
    17     58    986  -1069.504457  0.000437  0.000041
    18     55    990  -1069.504422  0.000468  0.000045
    19     52    988  -1069.504463  0.000419  0.000041
    20     49    980  -1069.504479  0.000472  0.000048
    21     47    987  -1069.504463  0.000439  0.000046
    22     45    990  -1069.504443  0.000428  0.000046
    23     43    989  -1069.504454  0.000487  0.000053
    24     41    984  -1069.504497  0.000414  0.000046
Fit (variance): plateau_var = 1.911977e-07 ± 7.500226e-09
Fit (error):    plateau = 0.000437 ± 0.000009
     autocorrelation length ~ 1.7 blocks
     plateau reached at block size ~ 8
Final AFQMC/pt2CCSD overlap ratio: 1.016540 ± 0.000395
Final AFQMC/pt2CCSD energy: -1069.504473 ± 0.000437
Total run time: 1794.54

AFQMC Sampling Finished

