
    ________                     _____                    
    ___  __ \___  __________________(_)_____________ _    
    __  /_/ /  / / /_  __ \_  __ \_  /__  __ \_  __ `/    
    _  _, _// /_/ /_  / / /  / / /  / _  / / /  /_/ /     
    /_/ |_| \__,_/ /_/ /_//_/ /_//_/  /_/ /_/_\__, /      
                                             /____/       
    _____________________________  ___________            
    ___    |__  ____/_  __ \__   |/  /_  ____/            
    __  /| |_  /_   _  / / /_  /|_/ /_  /                 
    _  ___ |  __/   / /_/ /_  /  / / / /___               
    /_/  |_/_/      \___\_\/_/  /_/  \____/               

Hostname:     gpue02.delta.ncsa.illinois.edu
System:       Linux
Node:         gpue02.delta.ncsa.illinois.edu
Release:      5.14.0-427.91.1.el9_4.x86_64
Machine:      x86_64
Processor:    x86_64
JAX backend:  GPU
JAX devices:  [CudaDevice(id=0)]
Device kind:  NVIDIA H200
Platform:     gpu

Load system from Integral File
Maximum memory per walker:            83.33 MB
Maximum number of Cholesky per chunk: 152
Number of Cholesky chunks:            6
Number of Cholesky per chunk:         138
Number of padding Cholesky:           5

QMC System
Number of electrons: (11, 11)
Spin Multiplicity:   0
Number of orbitals:  134
Number of Chol:      823

QMC Parameters
eql_time            :                   50
n_blocks            :                 1000
n_walkers           :                  300
max_error           :                  0.0
seed                :                   17
walker_type         :                  uhf
trial               :             upt2ccsd
mix_precision       :                 True
max_memory          :                25000
dt                  :                0.005
n_exp_terms         :                    6
n_prop_steps        :                   50
save_walkers        :                False
free_projection     :                False
n_batch             :                    1
nchol_chunk         :                  138

Initalize QMC walkers by stochastic CCSD

Equilibration
inv_T        weight  killW        energy   runTime
 0.00    300.000000      0   -227.446748    139.67
 5.00    298.267813      0   -227.494226    154.15
10.00    298.025086      0   -227.482424    157.89
15.00    298.918073      0   -227.494529    161.63
20.00    298.271461      0   -227.527682    165.38
25.00    298.605208      0   -227.466441    169.12
30.00    299.734750      0   -227.524770    172.86
35.00    299.337160      0   -227.529586    176.61
40.00    298.742353      0   -227.481625    180.35
45.00    299.121481      0   -227.545833    184.10
50.00    298.368495      0   -227.483628    187.84

Sampling
blocks        weight  killW       E_Guide     error       E_Trial     error     olp_T/G     error  Walltime
    20    298.874898      1   -227.488953  0.006434   -227.486666  0.001942    1.035236  0.000627  227.64
    40    298.748134      3   -227.486945  0.008081   -227.484826  0.001444    1.035644  0.000732  255.18
    60    298.722505      4   -227.491968  0.006236   -227.487677  0.001973    1.034501  0.000863  282.75
    80    298.610991      5   -227.491692  0.004637   -227.487519  0.001650    1.034368  0.000688  310.33
   100    298.568823      5   -227.492804  0.003471   -227.486830  0.001364    1.034547  0.000510  337.92
   120    298.501125      5   -227.490482  0.003522   -227.486281  0.001193    1.034645  0.000434  365.49
   140    298.511565      6   -227.491147  0.003076   -227.485623  0.001054    1.034935  0.000407  394.29
   160    298.490480      8   -227.491404  0.002709   -227.485503  0.001011    1.034951  0.000373  421.96
   180    298.465610      8   -227.491338  0.002640   -227.485879  0.000951    1.034830  0.000334  449.54
   200    298.401626      8   -227.489438  0.002936   -227.485679  0.000872    1.034865  0.000303  478.05
   220    298.377913      9   -227.489070  0.002677   -227.485655  0.000811    1.035007  0.000293  506.40
   240    298.342180     10   -227.489111  0.002456   -227.485485  0.000774    1.035057  0.000277  534.15
   260    298.337584     11   -227.490804  0.002633   -227.485586  0.000754    1.034929  0.000266  561.73
   280    298.320533     11   -227.491720  0.002633   -227.485629  0.000727    1.034892  0.000247  590.69
   300    298.303341     11   -227.491979  0.002531   -227.485761  0.000698    1.034939  0.000237  621.23
   320    298.294625     11   -227.491963  0.002373   -227.485725  0.000669    1.034928  0.000228  648.80
   340    298.270586     11   -227.491188  0.002298   -227.485677  0.000635    1.034955  0.000222  676.44
   360    298.255996     12   -227.490622  0.002210   -227.485535  0.000612    1.034930  0.000208  704.00
   380    298.259145     14   -227.491574  0.002253   -227.485612  0.000632    1.034817  0.000211  734.27
   400    298.269965     14   -227.492035  0.002172   -227.485753  0.000615    1.034752  0.000206  761.84
   420    298.261623     14   -227.491582  0.002098   -227.485739  0.000596    1.034767  0.000198  789.43
   440    298.250851     16   -227.491524  0.002073   -227.485714  0.000579    1.034804  0.000199  817.02
   460    298.243307     16   -227.491423  0.001993   -227.485683  0.000560    1.034736  0.000194  844.63
   480    298.239960     16   -227.491308  0.001922   -227.485602  0.000545    1.034708  0.000200  872.21
   500    298.234300     19   -227.491501  0.001889   -227.485796  0.000542    1.034663  0.000196  899.76
   520    298.232790     19   -227.491797  0.001913   -227.485760  0.000531    1.034609  0.000194  927.34
   540    298.227475     19   -227.491944  0.001873   -227.485706  0.000515    1.034629  0.000190  954.95
   560    298.220228     19   -227.491859  0.001829   -227.485704  0.000500    1.034690  0.000194  982.53
   580    298.210279     19   -227.492049  0.001785   -227.485796  0.000497    1.034658  0.000189 1010.12
   600    298.203141     20   -227.492239  0.001743   -227.485777  0.000489    1.034626  0.000191 1038.32
   620    298.194958     21   -227.492142  0.001699   -227.485701  0.000477    1.034650  0.000184 1065.91
   640    298.184437     21   -227.491572  0.001670   -227.485607  0.000466    1.034686  0.000183 1094.20
   660    298.173878     24   -227.491200  0.001668   -227.485703  0.000519    1.034685  0.000175 1123.17
   680    298.171373     24   -227.490940  0.001635   -227.485563  0.000507    1.034671  0.000172 1150.75
   700    298.172737     25   -227.491188  0.001592   -227.485613  0.000498    1.034644  0.000168 1178.32
   720    298.173743     25   -227.491430  0.001613   -227.485800  0.000508    1.034588  0.000173 1207.10
   740    298.173457     25   -227.491559  0.001588   -227.485707  0.000501    1.034589  0.000169 1236.39
   760    298.171918     25   -227.491865  0.001552   -227.485746  0.000491    1.034595  0.000165 1263.96
   780    298.170672     25   -227.491795  0.001526   -227.485691  0.000480    1.034585  0.000161 1291.99
   800    298.170715     26   -227.492213  0.001508   -227.485693  0.000471    1.034580  0.000169 1319.60
   820    298.160624     26   -227.491701  0.001523   -227.485625  0.000462    1.034632  0.000173 1349.66
   840    298.152315     26   -227.491221  0.001563   -227.485541  0.000452    1.034673  0.000174 1377.25
   860    298.155249     26   -227.491498  0.001551   -227.485649  0.000445    1.034669  0.000171 1404.83
   880    298.151354     26   -227.491352  0.001522   -227.485675  0.000440    1.034702  0.000169 1432.47
   900    298.146618     27   -227.491500  0.001495   -227.485718  0.000434    1.034683  0.000169 1463.39
   920    298.146666     27   -227.491400  0.001478   -227.485694  0.000426    1.034689  0.000166 1491.44
   940    298.145447     28   -227.491091  0.001478   -227.485636  0.000419    1.034689  0.000164 1519.03
   960    298.141718     28   -227.490903  0.001479   -227.485616  0.000414    1.034702  0.000160 1546.63
   980    298.144232     28   -227.491038  0.001470   -227.485525  0.000407    1.034690  0.000159 1574.45
  1000    298.143983     28   -227.491052  0.001445   -227.485486  0.000401    1.034683  0.000156 1602.08

Post Propagation Process
Total number of samples 1000
Raw AFQMC/HF (Guide) energy:           -227.491052 ± 0.001445
Raw Trial/Guide overlap ratio:          1.034683 ± 0.000156
Raw AFQMC/pt2CCSD energy (covariance): -227.485486 ± 0.000401
Raw AFQMC/pt2CCSD energy (dir sample): -227.485486 ± 0.000332

Remove Outliers
removing energies outside zeta > 30
Outlier energy bound [-227.697012, -227.269907]
Removed 0 outliers with energies []
Clean AFQMC/pt2CCSD overlap ratio:        1.034683 ± 0.000156
Clean AFQMC/pt2CCSD energy (covariance): -227.485486 ± 0.000401
Clean AFQMC/ptCCSD energy (dir sample):  -227.485486 ± 0.000332

Blocking Analysis
nsample = 1000, max_block_size = 25, min_nblocks = 40
   B    NB    NS  Observable     Error    dError
   1  1000  1000    1.034684  0.000061  0.000001
   2   500  1000    1.034683  0.000077  0.000002
   3   333   999    1.034684  0.000091  0.000004
   4   250  1000    1.034683  0.000097  0.000004
   5   200  1000    1.034683  0.000103  0.000005
   6   166   996    1.034681  0.000111  0.000006
   7   142   994    1.034679  0.000115  0.000007
   8   125  1000    1.034683  0.000120  0.000008
   9   111   999    1.034683  0.000123  0.000008
  10   100  1000    1.034683  0.000124  0.000009
  11    90   990    1.034679  0.000128  0.000010
  12    83   996    1.034681  0.000132  0.000010
  13    76   988    1.034680  0.000132  0.000011
  14    71   994    1.034679  0.000139  0.000012
  15    66   990    1.034679  0.000140  0.000012
  16    62   992    1.034679  0.000134  0.000012
  17    58   986    1.034681  0.000134  0.000013
  18    55   990    1.034679  0.000142  0.000014
  19    52   988    1.034680  0.000139  0.000014
  20    50  1000    1.034683  0.000151  0.000015
  21    47   987    1.034680  0.000153  0.000016
  22    45   990    1.034679  0.000153  0.000016
  23    43   989    1.034679  0.000154  0.000017
  24    41   984    1.034685  0.000156  0.000017
  25    40  1000    1.034683  0.000142  0.000016
Fit (variance): plateau_var = 2.224e-08 ± 1.965e-09
Fit (error):    plateau = 0.000149 ± 0.000007
     autocorrelation length ~ 8.0 blocks
     plateau reached at block size ~ 37
     !!!Failed to reach plateau in blocking
     Return max block error
nclean = 1000, max_block_size = 25, min_nblocks = 40
Blk_SZ   NBlk   NSmp      Energy     Error    dError
     1   1000   1000  -227.485247  0.000333  0.000007
     2    500   1000  -227.485296  0.000362  0.000011
     3    333    999  -227.485320  0.000384  0.000015
     4    250   1000  -227.485358  0.000396  0.000018
     5    200   1000  -227.485373  0.000392  0.000020
     6    166    996  -227.485381  0.000402  0.000022
     7    142    994  -227.485400  0.000416  0.000025
     8    125   1000  -227.485408  0.000420  0.000027
     9    111    999  -227.485409  0.000403  0.000027
    10    100   1000  -227.485419  0.000426  0.000030
    11     90    990  -227.485435  0.000407  0.000030
    12     83    996  -227.485431  0.000421  0.000033
    13     76    988  -227.485463  0.000392  0.000032
    14     71    994  -227.485427  0.000415  0.000035
    15     66    990  -227.485442  0.000373  0.000033
    16     62    992  -227.485438  0.000424  0.000038
    17     58    986  -227.485485  0.000388  0.000036
    18     55    990  -227.485453  0.000378  0.000036
    19     52    988  -227.485478  0.000373  0.000037
    20     50   1000  -227.485443  0.000384  0.000039
    21     47    987  -227.485493  0.000417  0.000043
    22     45    990  -227.485460  0.000416  0.000044
    23     43    989  -227.485460  0.000401  0.000044
    24     41    984  -227.485480  0.000435  0.000049
    25     40   1000  -227.485458  0.000391  0.000044
Fit (variance): plateau_var = 1.630741e-07 ± 6.311155e-09
Fit (error):    plateau = 0.000404 ± 0.000008
     autocorrelation length ~ 1.8 blocks
     plateau reached at block size ~ 8
Final AFQMC/pt2CCSD overlap ratio: 1.034683 ± 0.000156
Final AFQMC/pt2CCSD energy: -227.485486 ± 0.000404
Total run time: 1796.65

AFQMC Sampling Finished

