
    ________                     _____                    
    ___  __ \___  __________________(_)_____________ _    
    __  /_/ /  / / /_  __ \_  __ \_  /__  __ \_  __ `/    
    _  _, _// /_/ /_  / / /  / / /  / _  / / /  /_/ /     
    /_/ |_| \__,_/ /_/ /_//_/ /_//_/  /_/ /_/_\__, /      
                                             /____/       
    _____________________________  ___________            
    ___    |__  ____/_  __ \__   |/  /_  ____/            
    __  /| |_  /_   _  / / /_  /|_/ /_  /                 
    _  ___ |  __/   / /_/ /_  /  / / / /___               
    /_/  |_/_/      \___\_\/_/  /_/  \____/               

Hostname:     gpue04.delta.ncsa.illinois.edu
System:       Linux
Node:         gpue04.delta.ncsa.illinois.edu
Release:      5.14.0-427.91.1.el9_4.x86_64
Machine:      x86_64
Processor:    x86_64
JAX backend:  GPU
JAX devices:  [CudaDevice(id=0)]
Device kind:  NVIDIA H200
Platform:     gpu

Load system from Integral File
Maximum memory per walker:            83.33 MB
Maximum number of Cholesky per chunk: 3782
Number of Cholesky chunks:            1
Number of Cholesky per chunk:         244
Number of padding Cholesky:           0

QMC System
Number of electrons: (4, 4)
Spin Multiplicity:   0
Number of orbitals:  38
Number of Chol:      244

QMC Parameters
eql_time            :                   50
n_blocks            :                 1000
n_walkers           :                  300
max_error           :                  0.0
seed                :                   17
walker_type         :                  rhf
trial               :              pt2ccsd
mix_precision       :                 True
max_memory          :                25000
dt                  :                0.005
n_exp_terms         :                    6
n_prop_steps        :                   50
save_walkers        :                False
free_projection     :                False
n_batch             :                    1
nchol_chunk         :                  244

Initalize QMC walkers by stochastic CCSD

Equilibration
inv_T        weight  killW        energy   runTime
 0.00    300.000000      0   -460.327289     79.94
 5.00    299.483431      0   -460.331720     86.82
10.00    299.816978      0   -460.330567     87.34
15.00    299.825102      0   -460.332878     87.80
20.00    299.877068      0   -460.340491     88.27
25.00    299.948567      0   -460.331551     88.79
30.00    299.398617      0   -460.338036     89.26
35.00    299.475875      0   -460.331556     89.80
40.00    300.214892      0   -460.355084     90.27
45.00    300.246042      0   -460.363855     90.79
50.00    299.314356      0   -460.348874     91.26

Sampling
blocks        weight  killW       E_Guide     error       E_Trial     error     olp_T/G     error  Walltime
    20    299.567753      0   -460.340911  0.002294   -460.335830  0.000344    1.000180  0.000107  124.21
    40    299.531829      0   -460.339535  0.002149   -460.335552  0.000218    1.000125  0.000074  125.21
    60    299.536630      0   -460.337692  0.001681   -460.335498  0.000162    1.000185  0.000055  126.84
    80    299.511320      0   -460.336944  0.001650   -460.335505  0.000175    1.000231  0.000048  128.33
   100    299.519406      0   -460.336710  0.001319   -460.335476  0.000151    1.000251  0.000043  130.05
   120    299.509628      0   -460.335774  0.001240   -460.335379  0.000133    1.000264  0.000036  131.64
   140    299.509557      0   -460.336382  0.001174   -460.335368  0.000118    1.000245  0.000034  133.44
   160    299.510813      0   -460.336929  0.001110   -460.335460  0.000108    1.000241  0.000031  135.10
   180    299.498735      0   -460.336945  0.001083   -460.335531  0.000105    1.000238  0.000027  136.74
   200    299.500481      0   -460.336330  0.001049   -460.335471  0.000098    1.000246  0.000027  138.44
   220    299.495617      0   -460.336237  0.000963   -460.335455  0.000092    1.000244  0.000025  140.11
   240    299.496528      0   -460.336542  0.000907   -460.335492  0.000094    1.000254  0.000024  141.76
   260    299.497911      0   -460.336473  0.000902   -460.335466  0.000089    1.000253  0.000022  143.45
   280    299.489689      0   -460.336052  0.000895   -460.335434  0.000085    1.000261  0.000021  145.14
   300    299.488855      0   -460.335663  0.000878   -460.335400  0.000081    1.000261  0.000020  146.79
   320    299.489394      0   -460.335556  0.000831   -460.335421  0.000078    1.000258  0.000019  148.46
   340    299.487510      0   -460.335693  0.000796   -460.335407  0.000075    1.000260  0.000018  150.14
   360    299.487069      0   -460.335475  0.000768   -460.335399  0.000072    1.000263  0.000017  151.80
   380    299.490552      0   -460.335625  0.000763   -460.335394  0.000069    1.000269  0.000018  153.45
   400    299.489463      0   -460.335976  0.000854   -460.335494  0.000125    1.000272  0.000017  155.15
   420    299.488412      0   -460.335942  0.000813   -460.335477  0.000120    1.000275  0.000017  156.90
   440    299.487803      0   -460.335784  0.000792   -460.335453  0.000115    1.000273  0.000016  158.49
   460    299.488190      0   -460.335913  0.000794   -460.335461  0.000111    1.000272  0.000016  160.15
   480    299.479323      0   -460.335682  0.000778   -460.335451  0.000107    1.000274  0.000016  161.82
   500    299.483058      0   -460.335731  0.000761   -460.335451  0.000104    1.000267  0.000016  163.49
   520    299.481206      0   -460.335782  0.000741   -460.335441  0.000101    1.000265  0.000016  165.13
   540    299.482230      0   -460.335936  0.000720   -460.335436  0.000097    1.000261  0.000015  166.83
   560    299.488634      0   -460.336069  0.000713   -460.335441  0.000095    1.000256  0.000015  168.57
   580    299.490990      0   -460.336410  0.000742   -460.335468  0.000092    1.000250  0.000016  170.17
   600    299.487479      0   -460.336209  0.000778   -460.335440  0.000089    1.000252  0.000015  171.84
   620    299.485880      0   -460.336208  0.000761   -460.335445  0.000087    1.000253  0.000015  173.51
   640    299.486753      0   -460.336256  0.000745   -460.335441  0.000084    1.000253  0.000015  175.18
   660    299.483995      0   -460.336190  0.000714   -460.335447  0.000082    1.000247  0.000015  176.83
   680    299.486024      0   -460.336129  0.000700   -460.335447  0.000080    1.000250  0.000015  178.52
   700    299.481861      0   -460.335988  0.000701   -460.335431  0.000078    1.000253  0.000015  180.26
   720    299.482364      0   -460.336005  0.000682   -460.335432  0.000076    1.000256  0.000016  181.86
   740    299.482982      0   -460.336110  0.000676   -460.335442  0.000075    1.000254  0.000015  183.54
   760    299.483242      0   -460.336225  0.000667   -460.335443  0.000073    1.000258  0.000015  185.21
   780    299.482328      0   -460.336222  0.000650   -460.335469  0.000073    1.000257  0.000015  186.87
   800    299.484746      0   -460.336224  0.000629   -460.335462  0.000072    1.000261  0.000015  188.54
   820    299.484090      0   -460.336194  0.000618   -460.335462  0.000071    1.000263  0.000015  190.22
   840    299.483403      0   -460.336244  0.000632   -460.335460  0.000069    1.000260  0.000015  191.96
   860    299.482692      0   -460.336255  0.000632   -460.335458  0.000068    1.000261  0.000015  193.52
   880    299.483013      0   -460.336257  0.000616   -460.335457  0.000066    1.000263  0.000015  195.23
   900    299.483341      0   -460.336321  0.000602   -460.335467  0.000065    1.000264  0.000015  196.86
   920    299.486931      0   -460.336441  0.000607   -460.335472  0.000064    1.000262  0.000015  198.56
   940    299.485326      0   -460.336407  0.000607   -460.335481  0.000063    1.000264  0.000014  200.24
   960    299.486923      0   -460.336494  0.000592   -460.335488  0.000062    1.000266  0.000014  201.91
   980    299.488695      0   -460.336647  0.000591   -460.335496  0.000061    1.000264  0.000014  203.54
  1000    299.490379      0   -460.336718  0.000595   -460.335492  0.000060    1.000260  0.000014  205.24

Post Propagation Process
Total number of samples 1000
Raw AFQMC/HF (Guide) energy:           -460.336718 ± 0.000595
Raw Trial/Guide overlap ratio:          1.000260 ± 0.000014
Raw AFQMC/pt2CCSD energy (covariance): -460.335492 ± 0.000060
Raw AFQMC/pt2CCSD energy (dir sample): -460.335492 ± 0.000052

Remove Outliers
removing energies outside zeta > 30
Outlier energy bound [-460.364461, -460.306138]
Removed 1 outliers with energies [-460.37216749]
Clean AFQMC/pt2CCSD overlap ratio:        1.000260 ± 0.000014
Clean AFQMC/pt2CCSD energy (covariance): -460.335450 ± 0.000043
Clean AFQMC/ptCCSD energy (dir sample):  -460.335450 ± 0.000037

Blocking Analysis
nsample = 999, max_block_size = 24, min_nblocks = 40
   B    NB    NS  Observable     Error    dError
   1   999   999    1.000260  0.000005  0.000000
   2   499   998    1.000260  0.000007  0.000000
   3   333   999    1.000260  0.000008  0.000000
   4   249   996    1.000261  0.000009  0.000000
   5   199   995    1.000261  0.000010  0.000000
   6   166   996    1.000261  0.000011  0.000001
   7   142   994    1.000261  0.000011  0.000001
   8   124   992    1.000261  0.000011  0.000001
   9   111   999    1.000260  0.000012  0.000001
  10    99   990    1.000261  0.000013  0.000001
  11    90   990    1.000261  0.000012  0.000001
  12    83   996    1.000261  0.000013  0.000001
  13    76   988    1.000262  0.000013  0.000001
  14    71   994    1.000261  0.000013  0.000001
  15    66   990    1.000261  0.000014  0.000001
  16    62   992    1.000261  0.000013  0.000001
  17    58   986    1.000263  0.000014  0.000001
  18    55   990    1.000261  0.000014  0.000001
  19    52   988    1.000262  0.000014  0.000001
  20    49   980    1.000264  0.000014  0.000001
  21    47   987    1.000262  0.000014  0.000001
  22    45   990    1.000261  0.000014  0.000002
  23    43   989    1.000262  0.000014  0.000002
  24    41   984    1.000263  0.000014  0.000002
Fit (variance): plateau_var = 2.054e-10 ± 1.806e-11
Fit (error):    plateau = 0.000014 ± 0.000001
     autocorrelation length ~ 7.8 blocks
     plateau reached at block size ~ 36
     !!!Failed to reach plateau in blocking
     Return max block error
nclean = 999, max_block_size = 24, min_nblocks = 40
Blk_SZ   NBlk   NSmp      Energy     Error    dError
     1    999    999  -460.335419  0.000037  0.000001
     2    499    998  -460.335425  0.000042  0.000001
     3    333    999  -460.335431  0.000045  0.000002
     4    249    996  -460.335433  0.000048  0.000002
     5    199    995  -460.335436  0.000046  0.000002
     6    166    996  -460.335437  0.000050  0.000003
     7    142    994  -460.335438  0.000049  0.000003
     8    124    992  -460.335439  0.000049  0.000003
     9    111    999  -460.335439  0.000049  0.000003
    10     99    990  -460.335442  0.000049  0.000004
    11     90    990  -460.335442  0.000050  0.000004
    12     83    996  -460.335442  0.000050  0.000004
    13     76    988  -460.335442  0.000055  0.000004
    14     71    994  -460.335443  0.000052  0.000004
    15     66    990  -460.335443  0.000053  0.000005
    16     62    992  -460.335443  0.000052  0.000005
    17     58    986  -460.335444  0.000057  0.000005
    18     55    990  -460.335444  0.000057  0.000005
    19     52    988  -460.335445  0.000051  0.000005
    20     49    980  -460.335449  0.000053  0.000005
    21     47    987  -460.335444  0.000054  0.000006
    22     45    990  -460.335445  0.000056  0.000006
    23     43    989  -460.335445  0.000056  0.000006
    24     41    984  -460.335447  0.000051  0.000006
Fit (variance): plateau_var = 2.748529e-09 ± 1.489300e-10
Fit (error):    plateau = 0.000052 ± 0.000001
     autocorrelation length ~ 3.6 blocks
     plateau reached at block size ~ 16
Final AFQMC/pt2CCSD overlap ratio: 1.000260 ± 0.000014
Final AFQMC/pt2CCSD energy: -460.335450 ± 0.000052
Total run time: 215.88

AFQMC Sampling Finished

