
    ________                     _____                    
    ___  __ \___  __________________(_)_____________ _    
    __  /_/ /  / / /_  __ \_  __ \_  /__  __ \_  __ `/    
    _  _, _// /_/ /_  / / /  / / /  / _  / / /  /_/ /     
    /_/ |_| \__,_/ /_/ /_//_/ /_//_/  /_/ /_/_\__, /      
                                             /____/       
    _____________________________  ___________            
    ___    |__  ____/_  __ \__   |/  /_  ____/            
    __  /| |_  /_   _  / / /_  /|_/ /_  /                 
    _  ___ |  __/   / /_/ /_  /  / / / /___               
    /_/  |_/_/      \___\_\/_/  /_/  \____/               

Hostname:     gpua011.delta.ncsa.illinois.edu
System:       Linux
Node:         gpua011.delta.ncsa.illinois.edu
Release:      5.14.0-427.91.1.el9_4.x86_64
Machine:      x86_64
Processor:    x86_64
JAX backend:  GPU
JAX devices:  [CudaDevice(id=0)]
Device kind:  NVIDIA A100-SXM4-40GB
Platform:     gpu

Load system from Integral File
Maximum memory per walker:            66.67 MB
Maximum number of Cholesky per chunk: 237
Number of Cholesky chunks:            3
Number of Cholesky per chunk:         203
Number of padding Cholesky:           2

QMC System
Number of electrons: (9, 9)
Spin Multiplicity:   0
Number of orbitals:  96
Number of Chol:      607

QMC Parameters
eql_time            :                   50
n_blocks            :                 1000
n_walkers           :                  300
max_error           :                  0.0
seed                :                   17
walker_type         :                  uhf
trial               :             upt2ccsd
mix_precision       :                 True
max_memory          :                20000
dt                  :                0.005
n_exp_terms         :                    6
n_prop_steps        :                   50
save_walkers        :                False
free_projection     :                False
n_batch             :                    1
nchol_chunk         :                  203

Initalize QMC walkers by stochastic CCSD

Equilibration
inv_T        weight  killW        energy   runTime
 0.00    300.000000      0   -213.468512     13.24
 5.00    299.971240      0   -213.485885     24.09
10.00    298.784705      0   -213.478418     28.20
15.00    298.632710      0   -213.509707     32.31
20.00    299.260044      0   -213.525171     36.42
25.00    299.212985      0   -213.493463     40.57
30.00    298.994595      0   -213.520804     44.67
35.00    299.324760      0   -213.486090     48.78
40.00    300.081131      0   -213.510888     52.89
45.00    299.115247      0   -213.519868     57.00
50.00    298.871985      0   -213.492663     61.11

Sampling
blocks        weight  killW       E_Guide     error       E_Trial     error     olp_T/G     error  Walltime
    20    299.237051      0   -213.490532  0.006683   -213.494834  0.000929    1.006348  0.000353  107.97
    40    299.097067      0   -213.487324  0.004606   -213.494377  0.000679    1.006313  0.000272  149.13
    60    299.181325      0   -213.493540  0.004433   -213.494786  0.000639    1.006017  0.000291  190.43
    80    299.178391      0   -213.497186  0.004264   -213.495734  0.000671    1.005998  0.000240  231.74
   100    299.116235      0   -213.497124  0.003538   -213.495854  0.000613    1.006155  0.000209  273.02
   120    299.115927      0   -213.499114  0.003276   -213.495860  0.000542    1.006339  0.000231  314.33
   140    299.112945      0   -213.501258  0.003272   -213.496124  0.000523    1.006203  0.000220  355.62
   160    299.096706      0   -213.502935  0.003164   -213.496222  0.000501    1.006361  0.000224  396.89
   180    299.073261      0   -213.503596  0.003024   -213.496960  0.000974    1.006598  0.000260  438.17
   200    299.058360      0   -213.504116  0.002668   -213.496724  0.000885    1.006705  0.000245  479.46
   220    299.027029      0   -213.503357  0.002691   -213.496567  0.000810    1.006730  0.000224  520.78
   240    298.998823      0   -213.503673  0.002433   -213.496510  0.000750    1.006699  0.000207  562.55
   260    298.972007      0   -213.503457  0.002356   -213.496478  0.000703    1.006578  0.000210  603.83
   280    298.954122      0   -213.503316  0.002194   -213.496557  0.000667    1.006532  0.000202  645.11
   300    298.937058      0   -213.502973  0.002089   -213.496595  0.000640    1.006516  0.000191  686.40
   320    298.923356      2   -213.502947  0.001949   -213.496561  0.000612    1.006569  0.000184  727.73
   340    298.912881      2   -213.503116  0.001865   -213.496823  0.000597    1.006514  0.000177  769.00
   360    298.907068      2   -213.503136  0.001760   -213.496623  0.000568    1.006557  0.000171  810.31
   380    298.894360      2   -213.502898  0.001706   -213.496597  0.000542    1.006577  0.000169  851.60
   400    298.877265      2   -213.502318  0.001683   -213.496505  0.000522    1.006612  0.000168  892.91
   420    298.871423      3   -213.501722  0.001663   -213.496531  0.000501    1.006655  0.000165  934.21
   440    298.869430      3   -213.501591  0.001694   -213.496457  0.000482    1.006666  0.000160  975.49
   460    298.863114      3   -213.501605  0.001653   -213.496426  0.000466    1.006665  0.000156 1016.80
   480    298.851314      3   -213.501176  0.001608   -213.496411  0.000453    1.006678  0.000159 1058.09
   500    298.843843      3   -213.500924  0.001578   -213.496311  0.000439    1.006649  0.000158 1099.38
   520    298.834864      3   -213.500977  0.001587   -213.496332  0.000432    1.006579  0.000158 1140.69
   540    298.836047      3   -213.501079  0.001551   -213.496301  0.000417    1.006532  0.000157 1182.45
   560    298.839135      3   -213.501035  0.001478   -213.496313  0.000406    1.006535  0.000153 1223.49
   580    298.819989      3   -213.500593  0.001487   -213.496285  0.000400    1.006533  0.000147 1264.84
   600    298.818757      4   -213.501019  0.001514   -213.496302  0.000390    1.006520  0.000145 1306.06
   620    298.812594      6   -213.501120  0.001485   -213.496282  0.000379    1.006512  0.000143 1347.36
   640    298.813494      6   -213.500908  0.001484   -213.496197  0.000369    1.006495  0.000151 1388.65
   660    298.808832      6   -213.500831  0.001416   -213.496172  0.000362    1.006482  0.000147 1429.92
   680    298.806056      6   -213.500739  0.001385   -213.496175  0.000354    1.006494  0.000144 1471.22
   700    298.797593      6   -213.500594  0.001367   -213.496165  0.000346    1.006500  0.000141 1512.51
   720    298.799046      6   -213.500300  0.001369   -213.496112  0.000339    1.006537  0.000141 1553.81
   740    298.797562      6   -213.500006  0.001353   -213.496047  0.000333    1.006530  0.000138 1595.09
   760    298.793007      6   -213.499906  0.001331   -213.495983  0.000326    1.006502  0.000138 1636.39
   780    298.795353      6   -213.499981  0.001302   -213.496006  0.000320    1.006495  0.000134 1677.68
   800    298.799174      6   -213.500198  0.001313   -213.496070  0.000368    1.006506  0.000131 1719.00
   820    298.797764      6   -213.500301  0.001289   -213.496109  0.000361    1.006490  0.000128 1760.34
   840    298.792414      6   -213.500241  0.001260   -213.496080  0.000354    1.006464  0.000126 1801.68
   860    298.796090      6   -213.500433  0.001257   -213.496126  0.000352    1.006449  0.000129 1842.96
   880    298.798089      6   -213.500400  0.001242   -213.496129  0.000345    1.006446  0.000127 1884.69
   900    298.793747      6   -213.500613  0.001214   -213.496204  0.000342    1.006433  0.000124 1925.99
   920    298.797601      6   -213.500782  0.001220   -213.496261  0.000343    1.006457  0.000128 1967.32
   940    298.793219      7   -213.500594  0.001197   -213.496237  0.000340    1.006427  0.000128 2008.54
   960    298.796267      7   -213.500965  0.001259   -213.496295  0.000337    1.006418  0.000130 2049.84
   980    298.803090      7   -213.500973  0.001259   -213.496299  0.000331    1.006450  0.000127 2091.15
  1000    298.805962      7   -213.501509  0.001245   -213.496469  0.000343    1.006460  0.000127 2132.42

Post Propagation Process
Total number of samples 1000
Raw AFQMC/HF (Guide) energy:           -213.501509 ± 0.001245
Raw Trial/Guide overlap ratio:          1.006460 ± 0.000127
Raw AFQMC/pt2CCSD energy (covariance): -213.496469 ± 0.000343
Raw AFQMC/pt2CCSD energy (dir sample): -213.496469 ± 0.000271

Remove Outliers
removing energies outside zeta > 30
Outlier energy bound [-213.630335, -213.359532]
Removed 0 outliers with energies []
Clean AFQMC/pt2CCSD overlap ratio:        1.006460 ± 0.000127
Clean AFQMC/pt2CCSD energy (covariance): -213.496469 ± 0.000343
Clean AFQMC/ptCCSD energy (dir sample):  -213.496469 ± 0.000271

Blocking Analysis
nsample = 1000, max_block_size = 25, min_nblocks = 40
   B    NB    NS  Observable     Error    dError
   1  1000  1000    1.006460  0.000043  0.000001
   2   500  1000    1.006460  0.000058  0.000002
   3   333   999    1.006460  0.000068  0.000003
   4   250  1000    1.006460  0.000075  0.000003
   5   200  1000    1.006460  0.000082  0.000004
   6   166   996    1.006462  0.000086  0.000005
   7   142   994    1.006460  0.000091  0.000005
   8   125  1000    1.006460  0.000093  0.000006
   9   111   999    1.006460  0.000097  0.000007
  10   100  1000    1.006460  0.000100  0.000007
  11    90   990    1.006457  0.000103  0.000008
  12    83   996    1.006462  0.000108  0.000008
  13    76   988    1.006454  0.000107  0.000009
  14    71   994    1.006460  0.000107  0.000009
  15    66   990    1.006457  0.000112  0.000010
  16    62   992    1.006458  0.000118  0.000011
  17    58   986    1.006452  0.000121  0.000011
  18    55   990    1.006457  0.000121  0.000012
  19    52   988    1.006454  0.000114  0.000011
  20    50  1000    1.006460  0.000117  0.000012
  21    47   987    1.006454  0.000114  0.000012
  22    45   990    1.006457  0.000116  0.000012
  23    43   989    1.006456  0.000127  0.000014
  24    41   984    1.006451  0.000124  0.000014
  25    40  1000    1.006460  0.000127  0.000014
Fit (variance): plateau_var = 1.575e-08 ± 1.590e-09
Fit (error):    plateau = 0.000126 ± 0.000006
     autocorrelation length ~ 9.6 blocks
     plateau reached at block size ~ 44
     !!!Failed to reach plateau in blocking
     Return max block error
nclean = 1000, max_block_size = 25, min_nblocks = 40
Blk_SZ   NBlk   NSmp      Energy     Error    dError
     1   1000   1000  -213.496291  0.000271  0.000006
     2    500   1000  -213.496349  0.000303  0.000010
     3    333    999  -213.496377  0.000316  0.000012
     4    250   1000  -213.496379  0.000341  0.000015
     5    200   1000  -213.496398  0.000348  0.000017
     6    166    996  -213.496390  0.000324  0.000018
     7    142    994  -213.496389  0.000340  0.000020
     8    125   1000  -213.496416  0.000335  0.000021
     9    111    999  -213.496427  0.000314  0.000021
    10    100   1000  -213.496424  0.000344  0.000024
    11     90    990  -213.496408  0.000329  0.000025
    12     83    996  -213.496408  0.000324  0.000025
    13     76    988  -213.496421  0.000323  0.000026
    14     71    994  -213.496415  0.000338  0.000029
    15     66    990  -213.496416  0.000321  0.000028
    16     62    992  -213.496412  0.000330  0.000030
    17     58    986  -213.496425  0.000296  0.000028
    18     55    990  -213.496422  0.000317  0.000031
    19     52    988  -213.496433  0.000319  0.000032
    20     50   1000  -213.496444  0.000314  0.000032
    21     47    987  -213.496424  0.000316  0.000033
    22     45    990  -213.496428  0.000307  0.000033
    23     43    989  -213.496424  0.000311  0.000034
    24     41    984  -213.496421  0.000322  0.000036
    25     40   1000  -213.496445  0.000309  0.000035
Fit (variance): plateau_var = 1.065464e-07 ± 3.632556e-09
Fit (error):    plateau = 0.000326 ± 0.000006
     autocorrelation length ~ 1.0 blocks
     plateau reached at block size ~ 5
Final AFQMC/pt2CCSD overlap ratio: 1.006460 ± 0.000127
Final AFQMC/pt2CCSD energy: -213.496469 ± 0.000326
Total run time: 2152.93

AFQMC Sampling Finished

