
    ________                     _____                    
    ___  __ \___  __________________(_)_____________ _    
    __  /_/ /  / / /_  __ \_  __ \_  /__  __ \_  __ `/    
    _  _, _// /_/ /_  / / /  / / /  / _  / / /  /_/ /     
    /_/ |_| \__,_/ /_/ /_//_/ /_//_/  /_/ /_/_\__, /      
                                             /____/       
    _____________________________  ___________            
    ___    |__  ____/_  __ \__   |/  /_  ____/            
    __  /| |_  /_   _  / / /_  /|_/ /_  /                 
    _  ___ |  __/   / /_/ /_  /  / / / /___               
    /_/  |_/_/      \___\_\/_/  /_/  \____/               

Hostname:     gpua011.delta.ncsa.illinois.edu
System:       Linux
Node:         gpua011.delta.ncsa.illinois.edu
Release:      5.14.0-427.91.1.el9_4.x86_64
Machine:      x86_64
Processor:    x86_64
JAX backend:  GPU
JAX devices:  [CudaDevice(id=0)]
Device kind:  NVIDIA A100-SXM4-40GB
Platform:     gpu

Load system from Integral File
Maximum memory per walker:            66.67 MB
Maximum number of Cholesky per chunk: 237
Number of Cholesky chunks:            3
Number of Cholesky per chunk:         196
Number of padding Cholesky:           1

QMC System
Number of electrons: (8, 8)
Spin Multiplicity:   0
Number of orbitals:  96
Number of Chol:      587

QMC Parameters
eql_time            :                   50
n_blocks            :                 1000
n_walkers           :                  300
max_error           :                  0.0
seed                :                   17
walker_type         :                  uhf
trial               :             upt2ccsd
mix_precision       :                 True
max_memory          :                20000
dt                  :                0.005
n_exp_terms         :                    6
n_prop_steps        :                   50
save_walkers        :                False
free_projection     :                False
n_batch             :                    1
nchol_chunk         :                  196

Initalize QMC walkers by stochastic CCSD

Equilibration
inv_T        weight  killW        energy   runTime
 0.00    300.000000      0   -168.399575     19.14
 5.00    299.476994      0   -168.392983     29.36
10.00    299.133712      0   -168.450482     33.19
15.00    298.946260      0   -168.436995     37.03
20.00    300.013185      0   -168.446671     40.87
25.00    299.001031      0   -168.434798     44.71
30.00    299.247751      0   -168.465075     48.54
35.00    299.944784      0   -168.456591     52.37
40.00    300.816144      0   -168.482052     56.20
45.00    299.800904      0   -168.442721     60.03
50.00    298.571763      0   -168.423020     63.86

Sampling
blocks        weight  killW       E_Guide     error       E_Trial     error     olp_T/G     error  Walltime
    20    299.244246      0   -168.445866  0.011450   -168.434866  0.015407    1.007208  0.000518  103.00
    40    299.182812      0   -168.438621  0.008122   -168.429933  0.007839    1.007940  0.000434  136.92
    60    299.062317      0   -168.434324  0.006018   -168.430152  0.005249    1.007711  0.000313  170.96
    80    299.046843      0   -168.435829  0.005012   -168.430218  0.004024    1.007829  0.000249  205.00
   100    298.971556      0   -168.432684  0.005106   -168.430131  0.003228    1.007979  0.000287  239.03
   120    298.937525      0   -168.432654  0.004328   -168.430455  0.002727    1.007857  0.000253  273.07
   140    298.930467      0   -168.433518  0.003823   -168.430653  0.002363    1.007772  0.000223  307.09
   160    298.979188      3   -168.437520  0.004128   -168.432274  0.009752    1.007622  0.000228  341.14
   180    298.996510      3   -168.440374  0.004147   -168.432576  0.008661    1.007592  0.000235  375.16
   200    298.970058      3   -168.440374  0.003774   -168.432232  0.007796    1.007734  0.000236  409.18
   220    298.944565      3   -168.439743  0.003485   -168.432115  0.007091    1.007696  0.000217  443.22
   240    298.909355      3   -168.439427  0.003268   -168.432067  0.006504    1.007653  0.000201  477.24
   260    298.881905      3   -168.438764  0.003081   -168.432149  0.006006    1.007646  0.000186  511.28
   280    298.864093      3   -168.438538  0.002961   -168.432270  0.005582    1.007689  0.000176  545.32
   300    298.846865      3   -168.437881  0.002792   -168.432122  0.005213    1.007712  0.000166  579.36
   320    298.844717      3   -168.438428  0.002647   -168.432065  0.004886    1.007765  0.000160  613.71
   340    298.840215      3   -168.437911  0.002514   -168.431890  0.004601    1.007804  0.000155  647.72
   360    298.842653      4   -168.438625  0.002356   -168.431945  0.004345    1.007826  0.000147  681.75
   380    298.836162      4   -168.438824  0.002256   -168.432186  0.004118    1.007834  0.000139  715.78
   400    298.846045      4   -168.439722  0.002255   -168.432264  0.003911    1.007857  0.000134  749.83
   420    298.832875      4   -168.439075  0.002203   -168.432134  0.003727    1.007892  0.000132  783.85
   440    298.839311      4   -168.438963  0.002130   -168.432068  0.003559    1.007869  0.000128  817.89
   460    298.822005      4   -168.438631  0.002055   -168.432174  0.003414    1.007918  0.000128  851.91
   480    298.811482      5   -168.438565  0.001980   -168.432172  0.003273    1.007904  0.000127  885.96
   500    298.804415      5   -168.438234  0.001925   -168.432089  0.003144    1.007924  0.000122  919.99
   520    298.805545      5   -168.439013  0.001921   -168.432213  0.003025    1.007942  0.000135  954.02
   540    298.807217      5   -168.440092  0.002002   -168.432298  0.002913    1.007917  0.000136  988.06
   560    298.790008      5   -168.439430  0.001999   -168.432235  0.002811    1.007917  0.000130 1022.08
   580    298.783904      5   -168.439271  0.001943   -168.432150  0.002715    1.007887  0.000132 1056.11
   600    298.787559      5   -168.439660  0.002018   -168.432304  0.002628    1.007842  0.000135 1090.14
   620    298.789400      5   -168.440079  0.002002   -168.432368  0.002544    1.007855  0.000132 1124.17
   640    298.793786      5   -168.440327  0.001954   -168.432426  0.002465    1.007807  0.000130 1158.21
   660    298.789870      5   -168.440044  0.001953   -168.432379  0.002391    1.007756  0.000134 1192.23
   680    298.790528      6   -168.440638  0.001962   -168.432855  0.002429    1.007726  0.000136 1226.37
   700    298.782325      7   -168.440479  0.001921   -168.432862  0.002361    1.007742  0.000133 1260.37
   720    298.789510      7   -168.441355  0.002043   -168.433422  0.002343    1.007729  0.000129 1294.82
   740    298.788523      8   -168.441463  0.001995   -168.433350  0.002280    1.007752  0.000127 1328.83
   760    298.790817      8   -168.441383  0.001950   -168.433284  0.002221    1.007757  0.000129 1362.91
   780    298.782454      9   -168.440907  0.001937   -168.433162  0.002165    1.007779  0.000128 1396.92
   800    298.780333      9   -168.441018  0.002101   -168.433158  0.002112    1.007752  0.000127 1430.95
   820    298.778151      9   -168.440964  0.002050   -168.433080  0.002061    1.007756  0.000124 1464.99
   840    298.771325     10   -168.440816  0.002006   -168.433037  0.002013    1.007774  0.000122 1499.00
   860    298.768240     10   -168.440924  0.001961   -168.432990  0.001966    1.007770  0.000120 1533.05
   880    298.767334     11   -168.441058  0.001921   -168.432975  0.001922    1.007769  0.000121 1567.08
   900    298.764020     11   -168.440992  0.001879   -168.433072  0.001880    1.007752  0.000120 1601.15
   920    298.758072     12   -168.440872  0.001842   -168.433039  0.001840    1.007758  0.000118 1635.18
   940    298.754515     13   -168.441026  0.001809   -168.432998  0.001802    1.007740  0.000115 1669.22
   960    298.752947     13   -168.441040  0.001771   -168.432911  0.001765    1.007734  0.000113 1703.24
   980    298.749678     13   -168.440974  0.001735   -168.432875  0.001730    1.007743  0.000111 1737.27
  1000    298.744919     13   -168.440646  0.001732   -168.432779  0.001696    1.007774  0.000111 1771.31

Post Propagation Process
Total number of samples 1000
Raw AFQMC/HF (Guide) energy:           -168.440646 ± 0.001732
Raw Trial/Guide overlap ratio:          1.007774 ± 0.000111
Raw AFQMC/pt2CCSD energy (covariance): -168.432779 ± 0.001696
Raw AFQMC/pt2CCSD energy (dir sample): -168.432779 ± 0.000780

Remove Outliers
removing energies outside zeta > 30
Outlier energy bound [-168.641367, -168.219661]
Removed 3 outliers with energies [-169.01388344 -168.71603692 -168.7357667 ]
Clean AFQMC/pt2CCSD overlap ratio:        1.007796 ± 0.000110
Clean AFQMC/pt2CCSD energy (covariance): -168.431998 ± 0.000467
Clean AFQMC/ptCCSD energy (dir sample):  -168.431998 ± 0.000312

Blocking Analysis
nsample = 997, max_block_size = 24, min_nblocks = 40
   B    NB    NS  Observable     Error    dError
   1   997   997    1.007797  0.000047  0.000001
   2   498   996    1.007797  0.000061  0.000002
   3   332   996    1.007797  0.000070  0.000003
   4   249   996    1.007797  0.000075  0.000003
   5   199   995    1.007797  0.000082  0.000004
   6   166   996    1.007797  0.000084  0.000005
   7   142   994    1.007798  0.000091  0.000005
   8   124   992    1.007794  0.000090  0.000006
   9   110   990    1.007789  0.000091  0.000006
  10    99   990    1.007789  0.000095  0.000007
  11    90   990    1.007789  0.000098  0.000007
  12    83   996    1.007797  0.000097  0.000008
  13    76   988    1.007785  0.000102  0.000008
  14    71   994    1.007797  0.000106  0.000009
  15    66   990    1.007789  0.000104  0.000009
  16    62   992    1.007794  0.000098  0.000009
  17    58   986    1.007780  0.000110  0.000010
  18    55   990    1.007789  0.000102  0.000010
  19    52   988    1.007785  0.000104  0.000010
  20    49   980    1.007768  0.000101  0.000010
  21    47   987    1.007782  0.000107  0.000011
  22    45   990    1.007789  0.000108  0.000012
  23    43   989    1.007787  0.000109  0.000012
  24    41   984    1.007776  0.000107  0.000012
Fit (variance): plateau_var = 1.131e-08 ± 8.175e-10
Fit (error):    plateau = 0.000106 ± 0.000004
     autocorrelation length ~ 6.1 blocks
     plateau reached at block size ~ 28
     !!!Failed to reach plateau in blocking
     Return max block error
nclean = 997, max_block_size = 24, min_nblocks = 40
Blk_SZ   NBlk   NSmp      Energy     Error    dError
     1    997    997  -168.431763  0.000312  0.000007
     2    498    996  -168.431807  0.000330  0.000010
     3    332    996  -168.431843  0.000332  0.000013
     4    249    996  -168.431857  0.000355  0.000016
     5    199    995  -168.431889  0.000358  0.000018
     6    166    996  -168.431891  0.000346  0.000019
     7    142    994  -168.431922  0.000366  0.000022
     8    124    992  -168.431941  0.000344  0.000022
     9    110    990  -168.431954  0.000357  0.000024
    10     99    990  -168.431959  0.000358  0.000026
    11     90    990  -168.431976  0.000394  0.000030
    12     83    996  -168.431936  0.000340  0.000027
    13     76    988  -168.431975  0.000393  0.000032
    14     71    994  -168.431964  0.000380  0.000032
    15     66    990  -168.431982  0.000358  0.000031
    16     62    992  -168.431981  0.000336  0.000030
    17     58    986  -168.432011  0.000366  0.000034
    18     55    990  -168.431991  0.000367  0.000035
    19     52    988  -168.431991  0.000334  0.000033
    20     49    980  -168.432024  0.000369  0.000038
    21     47    987  -168.432008  0.000384  0.000040
    22     45    990  -168.432008  0.000387  0.000041
    23     43    989  -168.432006  0.000343  0.000037
    24     41    984  -168.432034  0.000324  0.000036
Fit (variance): plateau_var = 1.287031e-07 ± 5.653818e-09
Fit (error):    plateau = 0.000359 ± 0.000008
     autocorrelation length ~ 2.3 blocks
     plateau reached at block size ~ 9
Final AFQMC/pt2CCSD overlap ratio: 1.007796 ± 0.000110
Final AFQMC/pt2CCSD energy: -168.431998 ± 0.000359
Total run time: 1791.02

AFQMC Sampling Finished

