
    ________                     _____                    
    ___  __ \___  __________________(_)_____________ _    
    __  /_/ /  / / /_  __ \_  __ \_  /__  __ \_  __ `/    
    _  _, _// /_/ /_  / / /  / / /  / _  / / /  /_/ /     
    /_/ |_| \__,_/ /_/ /_//_/ /_//_/  /_/ /_/_\__, /      
                                             /____/       
    _____________________________  ___________            
    ___    |__  ____/_  __ \__   |/  /_  ____/            
    __  /| |_  /_   _  / / /_  /|_/ /_  /                 
    _  ___ |  __/   / /_/ /_  /  / / / /___               
    /_/  |_/_/      \___\_\/_/  /_/  \____/               

Hostname:     gpua011.delta.ncsa.illinois.edu
System:       Linux
Node:         gpua011.delta.ncsa.illinois.edu
Release:      5.14.0-427.91.1.el9_4.x86_64
Machine:      x86_64
Processor:    x86_64
JAX backend:  GPU
JAX devices:  [CudaDevice(id=0)]
Device kind:  NVIDIA A100-SXM4-40GB
Platform:     gpu

Load system from Integral File
Maximum memory per walker:            66.67 MB
Maximum number of Cholesky per chunk: 198
Number of Cholesky chunks:            4
Number of Cholesky per chunk:         157
Number of padding Cholesky:           0

QMC System
Number of electrons: (8, 8)
Spin Multiplicity:   0
Number of orbitals:  105
Number of Chol:      628

QMC Parameters
eql_time            :                   50
n_blocks            :                 1000
n_walkers           :                  300
max_error           :                  0.0
seed                :                   17
walker_type         :                  uhf
trial               :             upt2ccsd
mix_precision       :                 True
max_memory          :                20000
dt                  :                0.005
n_exp_terms         :                    6
n_prop_steps        :                   50
save_walkers        :                False
free_projection     :                False
n_batch             :                    1
nchol_chunk         :                  157

Initalize QMC walkers by stochastic CCSD

Equilibration
inv_T        weight  killW        energy   runTime
 0.00    300.000000      0   -152.328601     20.12
 5.00    299.326863      0   -152.368778     31.17
10.00    298.995974      0   -152.372717     35.81
15.00    297.906263      0   -152.327903     40.45
20.00    299.217957      0   -152.377528     45.10
25.00    299.698621      0   -152.352074     49.76
30.00    299.631747      0   -152.348905     54.40
35.00    298.610554      0   -152.332174     59.04
40.00    299.701072      0   -152.415559     63.69
45.00    298.857685      0   -152.342765     68.33
50.00    298.310720      0   -152.349360     72.98

Sampling
blocks        weight  killW       E_Guide     error       E_Trial     error     olp_T/G     error  Walltime
    20    299.108230      0   -152.364772  0.010652   -152.355412  0.001653    1.005401  0.000581  118.15
    40    298.985880      0   -152.358717  0.007806   -152.354522  0.001062    1.006119  0.000556  157.91
    60    299.009433      1   -152.362516  0.006275   -152.354943  0.000866    1.006278  0.000427  197.75
    80    298.956941      1   -152.362772  0.004841   -152.355452  0.000854    1.006299  0.000396  237.63
   100    298.916227      1   -152.361528  0.003909   -152.355761  0.000718    1.006402  0.000301  277.49
   120    298.901308      1   -152.363231  0.004236   -152.356240  0.000795    1.006445  0.000258  317.36
   140    298.915661      1   -152.364120  0.004178   -152.356729  0.000874    1.006358  0.000238  357.24
   160    298.905211      1   -152.365040  0.003759   -152.356687  0.000785    1.006446  0.000214  397.11
   180    298.897535      1   -152.365291  0.003486   -152.356892  0.000722    1.006375  0.000192  436.98
   200    298.858139      1   -152.364621  0.003168   -152.356716  0.000665    1.006313  0.000179  476.85
   220    298.828180      1   -152.363962  0.002910   -152.356682  0.000619    1.006315  0.000164  516.72
   240    298.788598      1   -152.362577  0.003052   -152.356669  0.000582    1.006414  0.000166  556.59
   260    298.768142      1   -152.362798  0.002984   -152.356587  0.000575    1.006378  0.000161  596.46
   280    298.758379      1   -152.362494  0.002821   -152.356485  0.000539    1.006436  0.000161  636.71
   300    298.744102      1   -152.362039  0.002649   -152.356574  0.000530    1.006451  0.000152  676.43
   320    298.732280      2   -152.361585  0.002501   -152.356491  0.000503    1.006452  0.000144  716.31
   340    298.732495      2   -152.362375  0.002415   -152.356546  0.000484    1.006464  0.000142  756.17
   360    298.731497      2   -152.362584  0.002291   -152.356452  0.000482    1.006437  0.000133  796.04
   380    298.734611      3   -152.362608  0.002170   -152.356424  0.000464    1.006404  0.000129  835.89
   400    298.724756      3   -152.362157  0.002099   -152.356357  0.000446    1.006380  0.000125  875.76
   420    298.722525      3   -152.361993  0.002002   -152.356311  0.000430    1.006393  0.000121  915.61
   440    298.718293      3   -152.361731  0.001969   -152.356218  0.000415    1.006434  0.000125  955.51
   460    298.714869      4   -152.361530  0.001939   -152.356167  0.000402    1.006493  0.000125  995.38
   480    298.713902      4   -152.361743  0.001855   -152.356111  0.000389    1.006503  0.000121 1035.24
   500    298.713204      4   -152.362337  0.001830   -152.356154  0.000382    1.006495  0.000118 1075.11
   520    298.721485      4   -152.362725  0.001814   -152.356357  0.000386    1.006482  0.000124 1115.00
   540    298.719005      4   -152.363272  0.001776   -152.356351  0.000375    1.006470  0.000122 1154.84
   560    298.717137      4   -152.363349  0.001741   -152.356284  0.000363    1.006484  0.000117 1194.72
   580    298.716764      4   -152.363829  0.001712   -152.356399  0.000363    1.006413  0.000119 1234.68
   600    298.709591      5   -152.364138  0.001694   -152.356409  0.000356    1.006411  0.000123 1274.53
   620    298.707450      5   -152.364314  0.001630   -152.356364  0.000348    1.006399  0.000120 1314.79
   640    298.692540      6   -152.363852  0.001715   -152.356239  0.000340    1.006422  0.000116 1354.65
   660    298.694721      6   -152.363837  0.001676   -152.356169  0.000331    1.006426  0.000114 1394.51
   680    298.695108      7   -152.364047  0.001678   -152.356157  0.000324    1.006401  0.000113 1434.38
   700    298.689017      7   -152.363713  0.001692   -152.356131  0.000317    1.006395  0.000112 1474.24
   720    298.691175      8   -152.363872  0.001624   -152.356187  0.000312    1.006370  0.000109 1514.11
   740    298.687314      9   -152.363755  0.001590   -152.356200  0.000308    1.006377  0.000107 1553.97
   760    298.690977      9   -152.364037  0.001556   -152.356279  0.000307    1.006358  0.000105 1593.84
   780    298.686028     10   -152.363884  0.001543   -152.356266  0.000302    1.006375  0.000103 1633.72
   800    298.681824     10   -152.363790  0.001496   -152.356273  0.000299    1.006360  0.000103 1673.58
   820    298.678451     10   -152.363540  0.001497   -152.356234  0.000293    1.006364  0.000101 1713.44
   840    298.676945     10   -152.363554  0.001471   -152.356232  0.000291    1.006349  0.000100 1753.31
   860    298.676708     10   -152.363528  0.001445   -152.356210  0.000287    1.006357  0.000098 1793.23
   880    298.672002     10   -152.363301  0.001402   -152.356162  0.000282    1.006349  0.000096 1833.19
   900    298.668280     10   -152.363249  0.001401   -152.356151  0.000278    1.006326  0.000096 1873.07
   920    298.663002     10   -152.363075  0.001378   -152.356130  0.000274    1.006334  0.000095 1912.95
   940    298.662952     10   -152.363240  0.001344   -152.356079  0.000271    1.006353  0.000094 1953.00
   960    298.661669     11   -152.363385  0.001326   -152.356133  0.000269    1.006368  0.000094 1992.85
   980    298.659026     11   -152.363270  0.001301   -152.356069  0.000266    1.006386  0.000093 2032.73
  1000    298.658596     11   -152.363030  0.001302   -152.356058  0.000261    1.006385  0.000092 2072.59

Post Propagation Process
Total number of samples 1000
Raw AFQMC/HF (Guide) energy:           -152.363030 ± 0.001302
Raw Trial/Guide overlap ratio:          1.006385 ± 0.000092
Raw AFQMC/pt2CCSD energy (covariance): -152.356058 ± 0.000261
Raw AFQMC/pt2CCSD energy (dir sample): -152.356058 ± 0.000209

Remove Outliers
removing energies outside zeta > 30
Outlier energy bound [-152.495316, -152.214318]
Removed 0 outliers with energies []
Clean AFQMC/pt2CCSD overlap ratio:        1.006385 ± 0.000092
Clean AFQMC/pt2CCSD energy (covariance): -152.356058 ± 0.000261
Clean AFQMC/ptCCSD energy (dir sample):  -152.356058 ± 0.000209

Blocking Analysis
nsample = 1000, max_block_size = 25, min_nblocks = 40
   B    NB    NS  Observable     Error    dError
   1  1000  1000    1.006385  0.000039  0.000001
   2   500  1000    1.006385  0.000051  0.000002
   3   333   999    1.006384  0.000059  0.000002
   4   250  1000    1.006385  0.000064  0.000003
   5   200  1000    1.006385  0.000069  0.000003
   6   166   996    1.006381  0.000072  0.000004
   7   142   994    1.006382  0.000072  0.000004
   8   125  1000    1.006385  0.000076  0.000005
   9   111   999    1.006384  0.000080  0.000005
  10   100  1000    1.006385  0.000077  0.000005
  11    90   990    1.006386  0.000080  0.000006
  12    83   996    1.006380  0.000078  0.000006
  13    76   988    1.006386  0.000086  0.000007
  14    71   994    1.006382  0.000078  0.000007
  15    66   990    1.006386  0.000084  0.000007
  16    62   992    1.006385  0.000087  0.000008
  17    58   986    1.006387  0.000090  0.000008
  18    55   990    1.006386  0.000088  0.000008
  19    52   988    1.006386  0.000088  0.000009
  20    50  1000    1.006385  0.000092  0.000009
  21    47   987    1.006387  0.000084  0.000009
  22    45   990    1.006386  0.000083  0.000009
  23    43   989    1.006385  0.000092  0.000010
  24    41   984    1.006385  0.000089  0.000010
  25    40  1000    1.006385  0.000085  0.000010
Fit (variance): plateau_var = 7.470e-09 ± 4.737e-10
Fit (error):    plateau = 0.000086 ± 0.000003
     autocorrelation length ~ 5.3 blocks
     plateau reached at block size ~ 25
nclean = 1000, max_block_size = 25, min_nblocks = 40
Blk_SZ   NBlk   NSmp      Energy     Error    dError
     1   1000   1000  -152.355910  0.000209  0.000005
     2    500   1000  -152.355945  0.000227  0.000007
     3    333    999  -152.355966  0.000232  0.000009
     4    250   1000  -152.355972  0.000231  0.000010
     5    200   1000  -152.355979  0.000240  0.000012
     6    166    996  -152.356003  0.000242  0.000013
     7    142    994  -152.356001  0.000239  0.000014
     8    125   1000  -152.355998  0.000239  0.000015
     9    111    999  -152.356010  0.000243  0.000016
    10    100   1000  -152.356001  0.000249  0.000018
    11     90    990  -152.356017  0.000262  0.000020
    12     83    996  -152.356025  0.000237  0.000019
    13     76    988  -152.356018  0.000239  0.000020
    14     71    994  -152.356018  0.000250  0.000021
    15     66    990  -152.356031  0.000235  0.000021
    16     62    992  -152.356025  0.000249  0.000023
    17     58    986  -152.356027  0.000258  0.000024
    18     55    990  -152.356034  0.000245  0.000024
    19     52    988  -152.356029  0.000238  0.000024
    20     50   1000  -152.356032  0.000256  0.000026
    21     47    987  -152.356030  0.000247  0.000026
    22     45    990  -152.356036  0.000250  0.000027
    23     43    989  -152.356042  0.000260  0.000028
    24     41    984  -152.356043  0.000265  0.000030
    25     40   1000  -152.356031  0.000250  0.000028
Fit (variance): plateau_var = 6.063106e-08 ± 2.682354e-09
Fit (error):    plateau = 0.000246 ± 0.000005
     autocorrelation length ~ 2.5 blocks
     plateau reached at block size ~ 10
Final AFQMC/pt2CCSD overlap ratio: 1.006385 ± 0.000086
Final AFQMC/pt2CCSD energy: -152.356058 ± 0.000246
Total run time: 2103.14

AFQMC Sampling Finished

