#INFO: **** input file is /work/hdd/bdka/yzhang65/w4_17/w4-17_all/afqmc_input/batch9/run_afqmc.py ****
import os
import sys
import re
import gc
sys.path.insert(0, os.path.join(os.path.dirname(os.path.abspath(__file__)), '..', '..', 'script'))
# sys.path.insert(0, '/u/yzhang65/mywork/yzhang65/w4_17/w4-17_all/script')

os.environ.setdefault("XLA_PYTHON_CLIENT_ALLOCATOR", "platform")
import jax
jax.config.update("jax_enable_x64", True)

from pyscf import gto, scf, cc
from afqmc import integral, launch_afqmc
from mol_select import get_xyz_files
import truncate_basis

# ---------------------------------------------------------------------------
# Configuration
# ---------------------------------------------------------------------------
shell            = "closed"  # "closed" or "open"
symmetry         = False
select_molecules = [
     "h2", "h2co", "h2o", "h2s", "hccf", "hcl", "hclo4", "hcn", "hcno",
     "n2", "n2h4", "n2o", "n-butane", "n-pentane", "s2o", "s3", "s4-c2v",
     "sf6", "si2h6", "sif4", "sih3f", "sih4", "silole", "sio", "so2", "so3",
     "t-butadiene", "tetrahedrane", "t-hcoh", "thiophene", "t-hono", "t-n2h2",
     "trans-c2f2cl2", "propyne", "pyrrole",
     ]
index            = None          # e.g. "1-10", "5", "1,3,5-8", or None for all
basis            = "vtzfp"

xyz_dir      = f"../../w4_17_xyz/{shell}_shell"
results_file = f"./rest_{shell}_afqmc_{basis}.dat"
out_dir      = f"../../result/molout/{shell}_shell/tz"
os.makedirs(out_dir, exist_ok=True)

xyz_files = get_xyz_files(xyz_dir, select_molecules=select_molecules, index=index)

# ---------------------------------------------------------------------------
# Write results header
# ---------------------------------------------------------------------------
with open(results_file, "w") as out:
    out.write(f"{'Molecule':<16s} {'E_HF (Eh)':>20s} {'E_CCSD (Eh)':>20s} "
              f"{'E_AFQMC (Eh)':>15s} {'E_AFQMC ERR (Eh)':>15s}\n")

# ---------------------------------------------------------------------------
# Helper
# ---------------------------------------------------------------------------
_afqmc_energy_re = re.compile(
    r"Final AFQMC/pt2CCSD energy:\s*([-+]?\d*\.?\d+(?:[eE][-+]?\d+)?)"
    r"\s*(?:±|\+/-)\s*([-+]?\d*\.?\d+(?:[eE][-+]?\d+)?)"
)

def extract_afqmc_energy(filename):
    try:
        with open(filename, encoding="utf-8") as f:
            for line in f:
                m = _afqmc_energy_re.search(line)
                if m:
                    return float(m.group(1)), float(m.group(2))
    except (OSError, IOError):
        pass
    return 0, 0

def free_memory():
    """Release GPU + CPU memory held over from the previous molecule.

    JAX keeps every live device array and the JIT compilation cache around
    between iterations, so without this the GPU usage grows molecule to
    molecule. We drop the compilation cache, force-delete every live device
    buffer (the next molecule rebuilds everything from scratch), and run the
    Python garbage collector to release the large pyscf CPU arrays.
    """
    jax.clear_caches()
    for arr in jax.live_arrays():
        try:
            arr.delete()
        except Exception:
            pass
    gc.collect()

# ---------------------------------------------------------------------------
# Main loop
# ---------------------------------------------------------------------------
def run_molecule(xyz_path):

    qmc_walker       = "uhf" # Default. Fall to rhf if the mf is RHF
    qmc_trial        = "upt2ccsd"

    with open(xyz_path) as f:
        lines = f.readlines()

    second_line = lines[1]
    charge   = int(second_line.split("charge=")[1].split()[0])
    spin     = int(second_line.split("mult=")[1].split()[0]) - 1
    mol_name = second_line.split()[0]
    atoms    = "".join(lines[2:])

    print(f"\n{'='*60}\nRunning: {mol_name}  charge={charge}  spin={spin}\n{'='*60}")

    mol = gto.M(
        atom=atoms,
        basis=truncate_basis.get_basis(atoms, basis),
        verbose=4,
        output=os.path.join(out_dir, f"{mol_name}_{basis}.out"),
        unit="angstrom",
        symmetry=symmetry,
        charge=charge,
        spin=spin,
        max_memory=140000,
    )

    mf = scf.UHF(mol)
    mf.max_cycle = 200
    mf = mf.newton()
    mf.kernel()

    if mol_name == "h":
        with open(results_file, "a") as out:
            out.write(f"{mol_name:<16s} {mf.e_tot:>20.10f} {mf.e_tot:>20.10f} "
                      f"{mf.e_tot:>15.5f} {0.0:>15.5f}\n")
        return

    stable = False
    for _ in range(10):
        mo_i, _, stable, _ = mf.stability(return_status=True)
        if stable:
            break
        dm = mf.make_rdm1(mo_i, mf.mo_occ)
        mf.kernel(dm0=dm)

    ss, s = mf.spin_square()
    tol = 1e-6
    if abs(ss) < tol and abs(s - 1.0) < tol:
        print("Not a UHF solution. Convert to RHF")
        
        qmc_walker = "rhf"
        qmc_trial = "pt2ccsd"

        mf = mf.to_rhf()
        mf.kernel()
        stable = False
        for _ in range(10):
            mo_i, _, stable, _ = mf.stability(return_status=True)
            if stable:
                break
            dm = mf.make_rdm1(mo_i, mf.mo_occ)
            mf.kernel(dm0=dm)

    if not stable or not mf.converged:
        print(f"  !! SCF did not converge for {mol_name} — skipping.")
        with open(results_file, "a") as out:
            out.write(f"{mol_name:<16s} {'UNCONVERGED':>20s} {'UNCONVERGED':>20s} {'UNCONVERGED':>20s}\n")
        return

    mycc = cc.CCSD(mf)
    mycc.set_frozen()
    mycc.kernel()

    integral.prep_integral(mycc, chol_cut=1e-5)
    options = {
        'eql_time':      50,
        'n_blocks':      1000,
        'n_walkers':     300,
        'max_error':     0.0,
        'seed':          17,
        'walker_type':   qmc_walker,
        'trial':         qmc_trial,
        'mix_precision': True,
        'max_memory':    25000, #MB
    }
    launch_afqmc.ph_afqmc(options)

    afqmc_out = os.path.join(out_dir, f"{mol_name}_afqmc_{basis}.out")
    os.system(f"mv afqmc.out {afqmc_out}")
    eqmc, eqmc_err = extract_afqmc_energy(afqmc_out)

    with open(results_file, "a") as out:
        out.write(f"{mol_name:<16s} {mf.e_tot:>20.10f} {mycc.e_tot:>20.10f} "
                  f"{eqmc:>15.5f} {eqmc_err:>15.5f}\n")

    print(f"  => E_HF({mol_name})      = {mf.e_tot:.10f} Eh")
    print(f"  => E_CCSD({mol_name})    = {mycc.e_tot:.10f} Eh")
    print(f"  => E_AFQMC({mol_name})   = {eqmc:.5f} +/- {eqmc_err:.5f} Eh")


for xyz_path in xyz_files:
    try:
        run_molecule(xyz_path)
    except Exception as exc:
        # Don't let one molecule kill the whole batch job.
        print(f"  !! {xyz_path} failed: {exc}")
    finally:
        # Free GPU + CPU memory before starting the next molecule. The pyscf
        # objects created inside run_molecule() are already out of scope here,
        # so gc.collect() can reclaim them.
        free_memory()

print(f"\nAll calculations complete. Results saved to {results_file}")
#INFO: ******************** input file end ********************


System: uname_result(system='Linux', node='gpue04.delta.ncsa.illinois.edu', release='5.14.0-427.91.1.el9_4.x86_64', version='#1 SMP PREEMPT_DYNAMIC Wed Sep 17 10:08:59 EDT 2025', machine='x86_64')  Threads 12
Python 3.11.14 (main, Oct 21 2025, 18:31:21) [GCC 11.2.0]
numpy 2.3.5  scipy 1.16.3  h5py 3.15.1
Date: Fri May 29 19:15:08 2026
PySCF version 2.11.0
PySCF path  /u/yzhang65/myprojects/software/pyscf
GIT HEAD (branch master) f520f5381c0b41f716d847009817cbc64e52c0d5

[ENV] PYSCF_TMPDIR /projects/bdka/yzhang65/scratch/pyscf
[ENV] PYSCF_EXT_PATH /u/yzhang65/myprojects/software/pyscf-forge
[CONFIG] conf_file None
[INPUT] verbose = 4
[INPUT] num. atoms = 17
[INPUT] num. electrons = 42
[INPUT] charge = 0
[INPUT] spin (= nelec alpha-beta = 2S) = 0
[INPUT] symmetry False subgroup None
[INPUT] Mole.unit = angstrom
[INPUT] Symbol           X                Y                Z      unit          X                Y                Z       unit  Magmom
[INPUT]  1 C      0.000000000000   1.275859658300  -0.522967581400 AA    0.000000000000   2.411025327568  -0.988265500872 Bohr   0.0
[INPUT]  2 C      0.000000000000   0.000000000000   0.315494352100 AA    0.000000000000   0.000000000000   0.596197919316 Bohr   0.0
[INPUT]  3 C      0.000000000000  -1.275859658300  -0.522967581400 AA    0.000000000000  -2.411025327568  -0.988265500872 Bohr   0.0
[INPUT]  4 C      0.000000000000  -2.545066309300   0.324254768500 AA    0.000000000000  -4.809478293435   0.612752707049 Bohr   0.0
[INPUT]  5 C      0.000000000000   2.545066309300   0.324254768500 AA    0.000000000000   4.809478293435   0.612752707049 Bohr   0.0
[INPUT]  6 H      0.000000000000  -3.438295426800  -0.301725809400 AA    0.000000000000  -6.497436691997  -0.570179144479 Bohr   0.0
[INPUT]  7 H     -0.877188460000   1.274228399700  -1.178355967100 AA   -1.657645949029   2.407942695576  -2.226770055066 Bohr   0.0
[INPUT]  8 H      0.877188460000   1.274228399700  -1.178355967100 AA    1.657645949029   2.407942695576  -2.226770055066 Bohr   0.0
[INPUT]  9 H     -0.881932461100  -2.587705142900   0.966690310500 AA   -1.666610811843  -4.890054011209   1.826779934116 Bohr   0.0
[INPUT] 10 H      0.881932461100  -2.587705142900   0.966690310500 AA    1.666610811843  -4.890054011209   1.826779934116 Bohr   0.0
[INPUT] 11 H      0.877663144000   0.000000000000   0.972514759600 AA    1.658542971785   0.000000000000   1.837786547741 Bohr   0.0
[INPUT] 12 H     -0.877663144000   0.000000000000   0.972514759600 AA   -1.658542971785   0.000000000000   1.837786547741 Bohr   0.0
[INPUT] 13 H      0.877188460000  -1.274228399700  -1.178355967100 AA    1.657645949029  -2.407942695576  -2.226770055066 Bohr   0.0
[INPUT] 14 H     -0.877188460000  -1.274228399700  -1.178355967100 AA   -1.657645949029  -2.407942695576  -2.226770055066 Bohr   0.0
[INPUT] 15 H      0.000000000000   3.438295426800  -0.301725809400 AA    0.000000000000   6.497436691997  -0.570179144479 Bohr   0.0
[INPUT] 16 H     -0.881932461100   2.587705142900   0.966690310500 AA   -1.666610811843   4.890054011209   1.826779934116 Bohr   0.0
[INPUT] 17 H      0.881932461100   2.587705142900   0.966690310500 AA    1.666610811843   4.890054011209   1.826779934116 Bohr   0.0

nuclear repulsion = 185.107548880913
number of shells = 105
number of NR pGTOs = 342
number of NR cGTOs = 258
basis = {'C': [[0, [8236.0, 0.000531, -0.000113], [1235.0, 0.004108, -0.000878], [280.8, 0.021087, -0.00454], [79.27, 0.081853, -0.018133], [25.59, 0.234817, -0.05576], [8.997, 0.434401, -0.126895], [3.319, 0.346129, -0.170352], [0.3643, -0.008983, 0.598684]], [0, [0.9059, 1.0]], [0, [0.1285, 1.0]], [1, [18.71, 0.014031], [4.133, 0.086866], [1.2, 0.290216]], [1, [0.3827, 1.0]], [1, [0.1209, 1.0]], [2, [1.097, 1.0]], [2, [0.318, 1.0]], [3, [0.761, 1.0]]], 'H': [[0, [33.87, 0.006068], [5.095, 0.045308], [1.159, 0.202822]], [0, [0.3258, 1.0]], [0, [0.1027, 1.0]], [1, [1.407, 1.0]], [1, [0.388, 1.0]]]}
ecp = {}
CPU time:      1773.51




******** <class 'pyscf.soscf.newton_ah.SecondOrderUHF'> ********
method = SecondOrderUHF
initial guess = minao
damping factor = 0
level_shift factor = 0
DIIS = <class 'pyscf.scf.diis.CDIIS'>
diis_start_cycle = 1
diis_space = 8
diis_damp = 0
SCF conv_tol = 1e-09
SCF conv_tol_grad = None
SCF max_cycles = 200
direct_scf = True
direct_scf_tol = 1e-13
chkfile to save SCF result = /projects/bdka/yzhang65/scratch/pyscf/tmprcobk_lk
max_memory 140000 MB (current use 2376 MB)
number electrons alpha = 21  beta = 21
******** <class 'pyscf.scf.uhf.UHF'> Newton solver flags ********
SCF tol = 1e-09
conv_tol_grad = None
max. SCF cycles = 200
direct_scf = True
direct_scf_tol = 1e-13
chkfile to save SCF result = /projects/bdka/yzhang65/scratch/pyscf/tmprcobk_lk
max_cycle_inner = 12
max_stepsize = 0.05
ah_start_tol = 1e+09
ah_level_shift = 0
ah_conv_tol = 1e-12
ah_lindep = 1e-14
ah_start_cycle = 1
ah_max_cycle = 40
ah_grad_trust_region = 2.5
kf_interval = 4
kf_trust_region = 5
canonicalization = True
max_memory 140000 MB (current use 2376 MB)
Set conv_tol_grad to 3.16228e-05
  alpha nocc = 21  HOMO = -0.317973112630325  LUMO = 0.109703301724978
  beta  nocc = 21  HOMO = -0.319698325589452  LUMO = 0.110762110334651
Initial guess E= -196.352570714793  |g|= 0.257821
macro= 0  E= -196.401936219493  delta_E= -0.0493655  |g|= 3.62843e-05  4 KF 15 JK
macro= 1  E= -196.401936219494  delta_E= -3.41061e-13  |g|= 6.00521e-06  1 KF 2 JK
Canonicalize SCF orbitals
macro X = 2  E=-196.401936219494  |g|= 6.00521e-06  total 6 KF 20 JK
converged SCF energy = -196.401936219494  <S^2> = 1.3704238e-10  2S+1 = 1
uhf_internal: lowest eigs of H = [0.53907177 0.56120496 0.58805513]
<class 'pyscf.soscf.newton_ah.SecondOrderUHF'> wavefunction is stable in the internal stability analysis


******** <class 'pyscf.scf.hf.RHF'> ********
method = RHF
initial guess = minao
damping factor = 0
level_shift factor = 0
DIIS = <class 'pyscf.scf.diis.CDIIS'>
diis_start_cycle = 1
diis_space = 8
diis_damp = 0
SCF conv_tol = 1e-09
SCF conv_tol_grad = None
SCF max_cycles = 200
direct_scf = True
direct_scf_tol = 1e-13
chkfile to save SCF result = /projects/bdka/yzhang65/scratch/pyscf/tmprcobk_lk
max_memory 140000 MB (current use 6985 MB)
Set gradient conv threshold to 3.16228e-05
init E= -196.401936219423
  HOMO = -0.446681434511307  LUMO = 0.143363554989883
cycle= 1 E= -196.401936219513  delta_E= -8.98e-11  |g|= 8.26e-06  |ddm|= 1.76e-05
  HOMO = -0.446679662552427  LUMO = 0.143363811191855
Extra cycle  E= -196.401936219525  delta_E= -1.19e-11  |g|= 3.58e-06  |ddm|= 6.21e-06
converged SCF energy = -196.401936219525
rhf_internal: lowest eigs of H = [1.56812476 1.57167924 1.59454766]
<class 'pyscf.scf.hf.RHF'> wavefunction is stable in the internal stability analysis

******** <class 'pyscf.cc.ccsd.CCSD'> ********
CC2 = 0
CCSD nocc = 16, nmo = 253
frozen orbitals 5
max_cycle = 50
direct = 0
conv_tol = 1e-07
conv_tol_normt = 1e-05
diis_space = 6
diis_start_cycle = 0
diis_start_energy_diff = 1e+09
max_memory 140000 MB (current use 6987 MB)
Init t2, MP2 energy = -197.276377055388  E_corr(MP2) -0.874440835863114
Init E_corr(CCSD) = -0.874440835866681
cycle = 1  E_corr(CCSD) = -0.914241953507797  dE = -0.0398011176  norm(t1,t2) = 0.0610851
cycle = 2  E_corr(CCSD) = -0.933544297410284  dE = -0.0193023439  norm(t1,t2) = 0.0173864
cycle = 3  E_corr(CCSD) = -0.937521125727319  dE = -0.00397682832  norm(t1,t2) = 0.00653753
cycle = 4  E_corr(CCSD) = -0.938896827928473  dE = -0.0013757022  norm(t1,t2) = 0.00186561
cycle = 5  E_corr(CCSD) = -0.938863992315709  dE = 3.28356128e-05  norm(t1,t2) = 0.000449354
cycle = 6  E_corr(CCSD) = -0.938822329381476  dE = 4.16629342e-05  norm(t1,t2) = 0.00013316
cycle = 7  E_corr(CCSD) = -0.93882862834061  dE = -6.29895913e-06  norm(t1,t2) = 3.38671e-05
cycle = 8  E_corr(CCSD) = -0.938830903846966  dE = -2.27550636e-06  norm(t1,t2) = 9.34249e-06
cycle = 9  E_corr(CCSD) = -0.938830626892025  dE = 2.76954941e-07  norm(t1,t2) = 3.70487e-06
cycle = 10  E_corr(CCSD) = -0.9388306378523  dE = -1.09602749e-08  norm(t1,t2) = 1.17052e-06
CCSD converged
E(CCSD) = -197.3407668573772  E_corr = -0.9388306378523
