
    ________                     _____                    
    ___  __ \___  __________________(_)_____________ _    
    __  /_/ /  / / /_  __ \_  __ \_  /__  __ \_  __ `/    
    _  _, _// /_/ /_  / / /  / / /  / _  / / /  /_/ /     
    /_/ |_| \__,_/ /_/ /_//_/ /_//_/  /_/ /_/_\__, /      
                                             /____/       
    _____________________________  ___________            
    ___    |__  ____/_  __ \__   |/  /_  ____/            
    __  /| |_  /_   _  / / /_  /|_/ /_  /                 
    _  ___ |  __/   / /_/ /_  /  / / / /___               
    /_/  |_/_/      \___\_\/_/  /_/  \____/               

Hostname:     gpua021.delta.ncsa.illinois.edu
System:       Linux
Node:         gpua021.delta.ncsa.illinois.edu
Release:      5.14.0-427.91.1.el9_4.x86_64
Machine:      x86_64
Processor:    x86_64
JAX backend:  GPU
JAX devices:  [CudaDevice(id=0)]
Device kind:  NVIDIA A100-SXM4-40GB
Platform:     gpu

Load system from Integral File
Maximum memory per walker:            66.67 MB
Maximum number of Cholesky per chunk: 72
Number of Cholesky chunks:            16
Number of Cholesky per chunk:         69
Number of padding Cholesky:           5

QMC System
Number of electrons: (17, 17)
Spin Multiplicity:   0
Number of orbitals:  174
Number of Chol:      1099

QMC Parameters
eql_time            :                   50
n_blocks            :                 1000
n_walkers           :                  300
max_error           :                  0.0
seed                :                   17
walker_type         :                  uhf
trial               :             upt2ccsd
mix_precision       :                 True
max_memory          :                20000
dt                  :                0.005
n_exp_terms         :                    6
n_prop_steps        :                   50
save_walkers        :                False
free_projection     :                False
n_batch             :                    1
nchol_chunk         :                   69

Initalize QMC walkers by stochastic CCSD

Equilibration
inv_T        weight  killW        energy   runTime
 0.00    300.000000      0   -409.539039     23.82
 5.00    297.713503      0   -409.693672     47.95
10.00    299.530292      0   -409.653591     65.94
15.00    299.260382      0   -409.654861     83.79
20.00    298.789487      0   -409.604206    101.66
25.00    299.627318      0   -409.674435    119.64
30.00    298.410137      0   -409.557211    137.51
35.00    297.631282      0   -409.618298    155.37
40.00    299.555736      0   -409.649142    173.35
45.00    297.493900      0   -409.583436    191.23
50.00    299.416731      1   -409.669872    209.08

Sampling
blocks        weight  killW       E_Guide     error       E_Trial     error     olp_T/G     error  Walltime
    20    299.045296      1   -409.643424  0.011512   -409.625168  0.004064    1.175724  0.001899  404.72
    40    298.717547      2   -409.630637  0.014473   -409.626591  0.002620    1.177641  0.001768  594.55
    60    298.570111      2   -409.635473  0.010408   -409.628269  0.002332    1.176576  0.001274  784.45
    80    298.475171      6   -409.640150  0.008029   -409.628857  0.002308    1.177046  0.001184  974.35
   100    298.415210      7   -409.638266  0.006384   -409.626760  0.002063    1.176526  0.001014 1164.35
   120    298.307307      8   -409.638345  0.006065   -409.625773  0.001858    1.175827  0.001003 1354.22
   140    298.115655      8   -409.634630  0.005874   -409.624788  0.001676    1.175365  0.000897 1544.43
   160    298.038867      9   -409.632687  0.005407   -409.624727  0.001536    1.175233  0.000867 1734.20
   180    297.973159     10   -409.630731  0.004906   -409.623808  0.001445    1.175225  0.000787 1923.93
   200    297.931183     11   -409.632734  0.004614   -409.624665  0.001646    1.175203  0.000726 2113.71
   220    297.876325     11   -409.632088  0.004328   -409.624059  0.001534    1.175019  0.000700 2303.47
   240    297.850747     11   -409.631543  0.004077   -409.624233  0.001435    1.175121  0.000651 2493.21
   260    297.816453     11   -409.630260  0.003876   -409.623848  0.001360    1.175289  0.000634 2682.97
   280    297.760583     12   -409.629044  0.003712   -409.623784  0.001301    1.174881  0.000642 2872.74
   300    297.735951     17   -409.629286  0.003466   -409.624040  0.001296    1.174346  0.000698 3062.43
   320    297.692134     17   -409.628524  0.003295   -409.623962  0.001243    1.174086  0.000693 3259.58
   340    297.671599     17   -409.628722  0.003102   -409.623343  0.001188    1.173970  0.000681 3463.51
   360    297.661845     17   -409.628515  0.003017   -409.623511  0.001143    1.173889  0.000634 3667.49
   380    297.674943     21   -409.631097  0.003317   -409.624498  0.001166    1.173726  0.000614 3871.53
   400    297.634142     24   -409.630074  0.003301   -409.624593  0.001134    1.173880  0.000598 4075.55
   420    297.627575     26   -409.630408  0.003187   -409.624893  0.001110    1.173710  0.000603 4279.52
   440    297.638355     28   -409.631126  0.003229   -409.624705  0.001097    1.173555  0.000610 4483.49
   460    297.631492     28   -409.631149  0.003165   -409.625002  0.001070    1.173521  0.000601 4687.51
   480    297.634042     29   -409.631934  0.003304   -409.625349  0.001082    1.173610  0.000606 4887.27
   500    297.630300     29   -409.633023  0.003233   -409.626220  0.001248    1.173549  0.000591 5076.79
   520    297.639739     30   -409.634646  0.003710   -409.626351  0.001291    1.173313  0.000591 5266.50
   540    297.625084     31   -409.634568  0.003611   -409.626253  0.001251    1.173399  0.000576 5456.39
   560    297.611915     32   -409.634738  0.003546   -409.626293  0.001224    1.173557  0.000585 5646.27
   580    297.607953     35   -409.635289  0.003475   -409.626570  0.001207    1.173424  0.000579 5836.16
   600    297.595579     35   -409.634642  0.003387   -409.626267  0.001177    1.173423  0.000566 6025.97
   620    297.598517     35   -409.634696  0.003333   -409.626481  0.001161    1.173521  0.000545 6215.82
   640    297.590583     37   -409.634341  0.003377   -409.626362  0.001131    1.173392  0.000535 6405.76
   660    297.579326     39   -409.634534  0.003299   -409.626299  0.001105    1.173484  0.000520 6595.60
   680    297.573961     39   -409.634656  0.003222   -409.626392  0.001089    1.173604  0.000523 6785.41
   700    297.572596     40   -409.635092  0.003153   -409.626306  0.001063    1.173508  0.000517 6975.31
   720    297.560817     40   -409.634527  0.003114   -409.626249  0.001040    1.173519  0.000547 7165.19
   740    297.559026     44   -409.634773  0.003050   -409.626369  0.001023    1.173503  0.000534 7355.09
   760    297.542845     45   -409.634757  0.002993   -409.626420  0.001005    1.173486  0.000521 7545.02
   780    297.532859     47   -409.634705  0.002948   -409.626395  0.000986    1.173476  0.000511 7734.86
   800    297.535360     48   -409.634896  0.002839   -409.626311  0.000965    1.173478  0.000500 7924.78
   820    297.531366     49   -409.634726  0.002783   -409.626250  0.000945    1.173448  0.000489 8114.74
   840    297.535390     51   -409.635196  0.002747   -409.626326  0.000931    1.173406  0.000484 8304.60
   860    297.538007     51   -409.635468  0.002698   -409.626356  0.000916    1.173474  0.000480 8494.42
   880    297.535619     51   -409.635628  0.002642   -409.626334  0.000902    1.173438  0.000470 8684.26
   900    297.518886     54   -409.634909  0.002635   -409.626108  0.000886    1.173452  0.000469 8874.56
   920    297.511193     55   -409.634658  0.002622   -409.625990  0.000871    1.173454  0.000457 9064.37
   940    297.510191     57   -409.635047  0.002625   -409.626003  0.000861    1.173445  0.000447 9254.28
   960    297.503845     59   -409.634592  0.002578   -409.625788  0.000848    1.173424  0.000436 9444.11
   980    297.499920     62   -409.634588  0.002535   -409.625860  0.000841    1.173367  0.000431 9633.95
  1000    297.489912     62   -409.634215  0.002519   -409.625747  0.000830    1.173365  0.000422 9823.93

Post Propagation Process
Total number of samples 1000
Raw AFQMC/HF (Guide) energy:           -409.634215 ± 0.002519
Raw Trial/Guide overlap ratio:          1.173365 ± 0.000422
Raw AFQMC/pt2CCSD energy (covariance): -409.625747 ± 0.000830
Raw AFQMC/pt2CCSD energy (dir sample): -409.625747 ± 0.000688

Remove Outliers
removing energies outside zeta > 30
Outlier energy bound [-410.069429, -409.176249]
Removed 0 outliers with energies []
Clean AFQMC/pt2CCSD overlap ratio:        1.173365 ± 0.000422
Clean AFQMC/pt2CCSD energy (covariance): -409.625747 ± 0.000830
Clean AFQMC/ptCCSD energy (dir sample):  -409.625747 ± 0.000688

Blocking Analysis
nsample = 1000, max_block_size = 25, min_nblocks = 40
   B    NB    NS  Observable     Error    dError
   1  1000  1000    1.173367  0.000174  0.000004
   2   500  1000    1.173366  0.000224  0.000007
   3   333   999    1.173374  0.000257  0.000010
   4   250  1000    1.173366  0.000281  0.000013
   5   200  1000    1.173365  0.000301  0.000015
   6   166   996    1.173380  0.000321  0.000018
   7   142   994    1.173387  0.000331  0.000020
   8   125  1000    1.173365  0.000339  0.000022
   9   111   999    1.173373  0.000354  0.000024
  10   100  1000    1.173365  0.000360  0.000026
  11    90   990    1.173360  0.000360  0.000027
  12    83   996    1.173380  0.000364  0.000028
  13    76   988    1.173362  0.000378  0.000031
  14    71   994    1.173386  0.000377  0.000032
  15    66   990    1.173360  0.000377  0.000033
  16    62   992    1.173371  0.000397  0.000036
  17    58   986    1.173366  0.000387  0.000036
  18    55   990    1.173360  0.000413  0.000040
  19    52   988    1.173362  0.000401  0.000040
  20    50  1000    1.173364  0.000394  0.000040
  21    47   987    1.173364  0.000400  0.000042
  22    45   990    1.173360  0.000422  0.000045
  23    43   989    1.173361  0.000396  0.000043
  24    41   984    1.173365  0.000398  0.000044
  25    40  1000    1.173364  0.000397  0.000045
Fit (variance): plateau_var = 1.637e-07 ± 1.199e-08
Fit (error):    plateau = 0.000405 ± 0.000015
     autocorrelation length ~ 6.5 blocks
     plateau reached at block size ~ 30
     !!!Failed to reach plateau in blocking
     Return max block error
nclean = 1000, max_block_size = 25, min_nblocks = 40
Blk_SZ   NBlk   NSmp      Energy     Error    dError
     1   1000   1000  -409.625197  0.000689  0.000015
     2    500   1000  -409.625326  0.000761  0.000024
     3    333    999  -409.625346  0.000799  0.000031
     4    250   1000  -409.625451  0.000813  0.000036
     5    200   1000  -409.625488  0.000825  0.000041
     6    166    996  -409.625445  0.000943  0.000052
     7    142    994  -409.625490  0.000938  0.000056
     8    125   1000  -409.625525  0.000955  0.000061
     9    111    999  -409.625521  0.000991  0.000067
    10    100   1000  -409.625573  0.000842  0.000060
    11     90    990  -409.625593  0.000955  0.000072
    12     83    996  -409.625555  0.001000  0.000078
    13     76    988  -409.625658  0.000963  0.000079
    14     71    994  -409.625592  0.000973  0.000082
    15     66    990  -409.625630  0.000954  0.000084
    16     62    992  -409.625590  0.000907  0.000082
    17     58    986  -409.625719  0.000970  0.000091
    18     55    990  -409.625640  0.001031  0.000099
    19     52    988  -409.625659  0.000904  0.000090
    20     50   1000  -409.625642  0.000906  0.000092
    21     47    987  -409.625747  0.000996  0.000104
    22     45    990  -409.625677  0.000909  0.000097
    23     43    989  -409.625718  0.000966  0.000105
    24     41    984  -409.625761  0.001043  0.000117
    25     40   1000  -409.625688  0.000882  0.000100
Fit (variance): plateau_var = 9.154086e-07 ± 5.122619e-08
Fit (error):    plateau = 0.000957 ± 0.000027
     autocorrelation length ~ 4.2 blocks
     plateau reached at block size ~ 18
Final AFQMC/pt2CCSD overlap ratio: 1.173365 ± 0.000422
Final AFQMC/pt2CCSD energy: -409.625747 ± 0.000957
Total run time: 9843.42

AFQMC Sampling Finished

