#INFO: **** input file is /work/hdd/bdka/yzhang65/w4_17/w4-17_all/afqmc_input/batch7/run_afqmc.py ****
import os
import sys
import re
#sys.path.insert(0, os.path.join(os.path.dirname(os.path.abspath(__file__)), '..', 'script'))
sys.path.insert(0, '/u/yzhang65/mywork/yzhang65/w4_17/w4-17_all/script')

os.environ.setdefault("XLA_PYTHON_CLIENT_ALLOCATOR", "platform")
import jax
jax.config.update("jax_enable_x64", True)

from pyscf import gto, scf, cc
from afqmc import integral, launch_afqmc
from mol_select import get_xyz_files
import truncate_basis

# ---------------------------------------------------------------------------
# Configuration
# ---------------------------------------------------------------------------
shell            = "closed"  # "closed" or "open"
symmetry         = False
select_molecules = None  # e.g. ["acetaldehyde", "benzene"], or None for all
index            = "121-140"          # e.g. "1-10", "5", "1,3,5-8", or None for all
basis            = "vtzfp"

xyz_dir      = f"../../w4_17_xyz/{shell}_shell"
results_file = f"./{shell}_afqmc_{basis}.dat"
out_dir      = f"../../result/molout/{shell}_shell"
os.makedirs(out_dir, exist_ok=True)

xyz_files = get_xyz_files(xyz_dir, select_molecules=select_molecules, index=index)

# ---------------------------------------------------------------------------
# Write results header
# ---------------------------------------------------------------------------
with open(results_file, "w") as out:
    out.write(f"{'Molecule':<16s} {'E_HF (Eh)':>20s} {'E_CCSD (Eh)':>20s} "
              f"{'E_AFQMC (Eh)':>15s} {'E_AFQMC ERR (Eh)':>15s}\n")

# ---------------------------------------------------------------------------
# Helper
# ---------------------------------------------------------------------------
_afqmc_energy_re = re.compile(
    r"Final AFQMC/pt2CCSD energy:\s*([-+]?\d*\.?\d+(?:[eE][-+]?\d+)?)"
    r"\s*(?:±|\+/-)\s*([-+]?\d*\.?\d+(?:[eE][-+]?\d+)?)"
)

def extract_afqmc_energy(filename):
    try:
        with open(filename, encoding="utf-8") as f:
            for line in f:
                m = _afqmc_energy_re.search(line)
                if m:
                    return float(m.group(1)), float(m.group(2))
    except (OSError, IOError):
        pass
    return 0, 0

# ---------------------------------------------------------------------------
# Main loop
# ---------------------------------------------------------------------------
for xyz_path in xyz_files:
    with open(xyz_path) as f:
        lines = f.readlines()

    second_line = lines[1]
    charge   = int(second_line.split("charge=")[1].split()[0])
    spin     = int(second_line.split("mult=")[1].split()[0]) - 1
    mol_name = second_line.split()[0]
    atoms    = "".join(lines[2:])

    print(f"\n{'='*60}\nRunning: {mol_name}  charge={charge}  spin={spin}\n{'='*60}")

    mol = gto.M(
        atom=atoms,
        basis=truncate_basis.get_basis(atoms, basis),
        verbose=4,
        output=os.path.join(out_dir, f"{mol_name}_{basis}.out"),
        unit="angstrom",
        symmetry=symmetry,
        charge=charge,
        spin=spin,
        max_memory=40000,
    )

    mf = scf.UHF(mol)
    mf.max_cycle = 200
    mf = mf.newton()
    mf.kernel()

    if mol_name == "h":
        with open(results_file, "a") as out:
            out.write(f"{mol_name:<16s} {mf.e_tot:>20.10f} {mf.e_tot:>20.10f} "
                      f"{mf.e_tot:>15.5f} {0.0:>15.5f}\n")
        continue

    stable = False
    for _ in range(10):
        mo_i, _, stable, _ = mf.stability(return_status=True)
        if stable:
            break
        dm = mf.make_rdm1(mo_i, mf.mo_occ)
        mf.kernel(dm0=dm)

    if not stable or not mf.converged:
        print(f"  !! SCF did not converge for {mol_name} — skipping.")
        with open(results_file, "a") as out:
            out.write(f"{mol_name:<16s} {'UNCONVERGED':>20s} {'UNCONVERGED':>20s} {'UNCONVERGED':>20s}\n")
        continue

    mycc = cc.CCSD(mf)
    mycc.set_frozen()
    mycc.kernel()

    integral.prep_integral(mycc, chol_cut=1e-5)
    options = {
        'eql_time':      50,
        'n_blocks':      1000,
        'n_walkers':     300,
        'max_error':     0.0,
        'seed':          17,
        'walker_type':   'uhf',
        'trial':         'upt2ccsd',
        'mix_precision': True,
        'max_memory':    20000, #MB
    }
    launch_afqmc.ph_afqmc(options)

    afqmc_out = os.path.join(out_dir, f"{mol_name}_afqmc_{basis}.out")
    os.system(f"mv afqmc.out {afqmc_out}")
    eqmc, eqmc_err = extract_afqmc_energy(afqmc_out)

    with open(results_file, "a") as out:
        out.write(f"{mol_name:<16s} {mf.e_tot:>20.10f} {mycc.e_tot:>20.10f} "
                  f"{eqmc:>15.5f} {eqmc_err:>15.5f}\n")

    print(f"  => E_HF({mol_name})      = {mf.e_tot:.10f} Eh")
    print(f"  => E_CCSD({mol_name})    = {mycc.e_tot:.10f} Eh")
    print(f"  => E_AFQMC({mol_name})   = {eqmc:.5f} +/- {eqmc_err:.5f} Eh")

print(f"\nAll calculations complete. Results saved to {results_file}")
#INFO: ******************** input file end ********************


System: uname_result(system='Linux', node='gpua021.delta.ncsa.illinois.edu', release='5.14.0-427.91.1.el9_4.x86_64', version='#1 SMP PREEMPT_DYNAMIC Wed Sep 17 10:08:59 EDT 2025', machine='x86_64')  Threads 16
Python 3.11.14 (main, Oct 21 2025, 18:31:21) [GCC 11.2.0]
numpy 2.3.5  scipy 1.16.3  h5py 3.15.1
Date: Sun May 24 18:49:18 2026
PySCF version 2.11.0
PySCF path  /u/yzhang65/myprojects/software/pyscf
GIT HEAD (branch master) f520f5381c0b41f716d847009817cbc64e52c0d5

[ENV] PYSCF_TMPDIR /projects/bdka/yzhang65/scratch/pyscf
[ENV] PYSCF_EXT_PATH /u/yzhang65/myprojects/software/pyscf-forge
[CONFIG] conf_file None
[INPUT] verbose = 4
[INPUT] num. atoms = 9
[INPUT] num. electrons = 24
[INPUT] charge = 0
[INPUT] spin (= nelec alpha-beta = 2S) = 0
[INPUT] symmetry False subgroup None
[INPUT] Mole.unit = angstrom
[INPUT] Symbol           X                Y                Z      unit          X                Y                Z       unit  Magmom
[INPUT]  1 C     -1.138173000000  -0.495907000000   0.000000000000 AA   -2.150835252375  -0.937128413255   0.000000000000 Bohr   0.0
[INPUT]  2 C      0.000000000000   0.480324000000   0.000000000000 AA    0.000000000000   0.907680811056   0.000000000000 Bohr   0.0
[INPUT]  3 C      1.290247000000   0.136199000000   0.000000000000 AA    2.438213463042   0.257378808440   0.000000000000 Bohr   0.0
[INPUT]  4 H      1.592741000000  -0.904724000000   0.000000000000 AA    3.009844277366  -1.709680578321   0.000000000000 Bohr   0.0
[INPUT]  5 H      2.073514000000   0.882538000000   0.000000000000 AA    3.918373575451   1.667755114521   0.000000000000 Bohr   0.0
[INPUT]  6 H     -0.261709000000   1.534391000000   0.000000000000 AA   -0.494558334334   2.899578757998   0.000000000000 Bohr   0.0
[INPUT]  7 H     -0.771912000000  -1.522970000000   0.000000000000 AA   -1.458702272265  -2.877996195929   0.000000000000 Bohr   0.0
[INPUT]  8 H     -1.772538000000  -0.356465000000   0.878203000000 AA   -3.349611365384  -0.673621222993   1.659563151771 Bohr   0.0
[INPUT]  9 H     -1.772538000000  -0.356465000000  -0.878203000000 AA   -3.349611365384  -0.673621222993  -1.659563151771 Bohr   0.0

nuclear repulsion = 70.7741841454111
number of shells = 57
number of NR pGTOs = 192
number of NR cGTOs = 144
basis = {'C': [[0, [8236.0, 0.000531, -0.000113], [1235.0, 0.004108, -0.000878], [280.8, 0.021087, -0.00454], [79.27, 0.081853, -0.018133], [25.59, 0.234817, -0.05576], [8.997, 0.434401, -0.126895], [3.319, 0.346129, -0.170352], [0.3643, -0.008983, 0.598684]], [0, [0.9059, 1.0]], [0, [0.1285, 1.0]], [1, [18.71, 0.014031], [4.133, 0.086866], [1.2, 0.290216]], [1, [0.3827, 1.0]], [1, [0.1209, 1.0]], [2, [1.097, 1.0]], [2, [0.318, 1.0]], [3, [0.761, 1.0]]], 'H': [[0, [33.87, 0.006068], [5.095, 0.045308], [1.159, 0.202822]], [0, [0.3258, 1.0]], [0, [0.1027, 1.0]], [1, [1.407, 1.0]], [1, [0.388, 1.0]]]}
ecp = {}
CPU time:     15577.83




******** <class 'pyscf.soscf.newton_ah.SecondOrderUHF'> ********
method = SecondOrderUHF
initial guess = minao
damping factor = 0
level_shift factor = 0
DIIS = <class 'pyscf.scf.diis.CDIIS'>
diis_start_cycle = 1
diis_space = 8
diis_damp = 0
SCF conv_tol = 1e-09
SCF conv_tol_grad = None
SCF max_cycles = 200
direct_scf = True
direct_scf_tol = 1e-13
chkfile to save SCF result = /projects/bdka/yzhang65/scratch/pyscf/tmpbccvczqo
max_memory 40000 MB (current use 4794 MB)
number electrons alpha = 12  beta = 12
******** <class 'pyscf.scf.uhf.UHF'> Newton solver flags ********
SCF tol = 1e-09
conv_tol_grad = None
max. SCF cycles = 200
direct_scf = True
direct_scf_tol = 1e-13
chkfile to save SCF result = /projects/bdka/yzhang65/scratch/pyscf/tmpbccvczqo
max_cycle_inner = 12
max_stepsize = 0.05
ah_start_tol = 1e+09
ah_level_shift = 0
ah_conv_tol = 1e-12
ah_lindep = 1e-14
ah_start_cycle = 1
ah_max_cycle = 40
ah_grad_trust_region = 2.5
kf_interval = 4
kf_trust_region = 5
canonicalization = True
max_memory 40000 MB (current use 4794 MB)
Set conv_tol_grad to 3.16228e-05
  alpha nocc = 12  HOMO = -0.264817928804801  LUMO = 0.0525902488594716
  beta  nocc = 12  HOMO = -0.262704599060788  LUMO = 0.0541941624708816
Initial guess E= -117.083888148654  |g|= 0.20303
macro= 0  E= -117.115515649318  delta_E= -0.0316275  |g|= 8.88597e-05  4 KF 19 JK
macro= 1  E= -117.115515829842  delta_E= -1.80524e-07  |g|= 9.443e-05  1 KF 5 JK
macro= 2  E= -117.11551613098  delta_E= -3.01138e-07  |g|= 3.37606e-05  2 KF 8 JK
macro= 3  E= -117.11551613098  delta_E= 5.11591e-13  |g|= 4.46037e-06  1 KF 2 JK
Canonicalize SCF orbitals
macro X = 4  E=-117.11551613098  |g|= 4.46037e-06  total 9 KF 39 JK
converged SCF energy = -117.11551613098  <S^2> = 6.407852e-11  2S+1 = 1
uhf_internal: lowest eigs of H = [0.01095475 0.54705889 0.57260303]
<class 'pyscf.soscf.newton_ah.SecondOrderUHF'> wavefunction is stable in the internal stability analysis

******** <class 'pyscf.cc.uccsd.UCCSD'> ********
CC2 = 0
CCSD nocc = (np.int64(9), np.int64(9)), nmo = (141, 141)
frozen orbitals 3
max_cycle = 50
direct = 0
conv_tol = 1e-07
conv_tol_normt = 1e-06
diis_space = 6
diis_start_cycle = 0
diis_start_energy_diff = 1e+09
max_memory 40000 MB (current use 3594 MB)
Init t2, MP2 energy = -0.500730996418683
Init E_corr(UCCSD) = -0.500730996427396
cycle = 1  E_corr(UCCSD) = -0.520314811052163  dE = -0.0195838146  norm(t1,t2) = 0.0757355
cycle = 2  E_corr(UCCSD) = -0.532685134818972  dE = -0.0123703238  norm(t1,t2) = 0.0236806
cycle = 3  E_corr(UCCSD) = -0.534971468850445  dE = -0.00228633403  norm(t1,t2) = 0.0106549
cycle = 4  E_corr(UCCSD) = -0.536337960694471  dE = -0.00136649184  norm(t1,t2) = 0.0038259
cycle = 5  E_corr(UCCSD) = -0.53622381445185  dE = 0.000114146243  norm(t1,t2) = 0.00100768
cycle = 6  E_corr(UCCSD) = -0.536181361677635  dE = 4.24527742e-05  norm(t1,t2) = 0.000256531
cycle = 7  E_corr(UCCSD) = -0.53619063419845  dE = -9.27252081e-06  norm(t1,t2) = 7.51713e-05
cycle = 8  E_corr(UCCSD) = -0.53619179150963  dE = -1.15731118e-06  norm(t1,t2) = 2.46848e-05
cycle = 9  E_corr(UCCSD) = -0.536191131135771  dE = 6.60373859e-07  norm(t1,t2) = 8.3918e-06
cycle = 10  E_corr(UCCSD) = -0.53619117100699  dE = -3.98712182e-08  norm(t1,t2) = 4.08646e-06
cycle = 11  E_corr(UCCSD) = -0.536191158680337  dE = 1.23266525e-08  norm(t1,t2) = 8.05048e-07
UCCSD converged
E(UCCSD) = -117.65170728966  E_corr = -0.5361911586803372
