
    ________                     _____                    
    ___  __ \___  __________________(_)_____________ _    
    __  /_/ /  / / /_  __ \_  __ \_  /__  __ \_  __ `/    
    _  _, _// /_/ /_  / / /  / / /  / _  / / /  /_/ /     
    /_/ |_| \__,_/ /_/ /_//_/ /_//_/  /_/ /_/_\__, /      
                                             /____/       
    _____________________________  ___________            
    ___    |__  ____/_  __ \__   |/  /_  ____/            
    __  /| |_  /_   _  / / /_  /|_/ /_  /                 
    _  ___ |  __/   / /_/ /_  /  / / / /___               
    /_/  |_/_/      \___\_\/_/  /_/  \____/               

Hostname:     gpue04.delta.ncsa.illinois.edu
System:       Linux
Node:         gpue04.delta.ncsa.illinois.edu
Release:      5.14.0-427.91.1.el9_4.x86_64
Machine:      x86_64
Processor:    x86_64
JAX backend:  GPU
JAX devices:  [CudaDevice(id=0)]
Device kind:  NVIDIA H200
Platform:     gpu

Load system from Integral File
Maximum memory per walker:            83.33 MB
Maximum number of Cholesky per chunk: 360
Number of Cholesky chunks:            2
Number of Cholesky per chunk:         286
Number of padding Cholesky:           1

QMC System
Number of electrons: (9, 9)
Spin Multiplicity:   0
Number of orbitals:  87
Number of Chol:      571

QMC Parameters
eql_time            :                   50
n_blocks            :                 1000
n_walkers           :                  300
max_error           :                  0.0
seed                :                   17
walker_type         :                  uhf
trial               :             upt2ccsd
mix_precision       :                 True
max_memory          :                25000
dt                  :                0.005
n_exp_terms         :                    6
n_prop_steps        :                   50
save_walkers        :                False
free_projection     :                False
n_batch             :                    1
nchol_chunk         :                  286

Initalize QMC walkers by stochastic CCSD

Equilibration
inv_T        weight  killW        energy   runTime
 0.00    300.000000      0   -870.532726     61.99
 5.00    298.863947      0   -870.552563     71.03
10.00    299.580772      0   -870.581839     72.87
15.00    298.721949      0   -870.575698     74.71
20.00    300.548859      0   -870.590368     76.56
25.00    299.042141      0   -870.552861     78.40
30.00    298.839097      0   -870.567659     80.25
35.00    298.568146      0   -870.548634     82.10
40.00    299.282436      0   -870.595653     83.94
45.00    299.242907      0   -870.591799     85.79
50.00    299.277331      0   -870.611484     87.63

Sampling
blocks        weight  killW       E_Guide     error       E_Trial     error     olp_T/G     error  Walltime
    20    298.972092      1   -870.573525  0.007581   -870.571864  0.001672    1.156665  0.001271  105.12
    40    299.026052      2   -870.575316  0.004215   -870.574741  0.001946    1.158656  0.001737  116.49
    60    299.004808      3   -870.576988  0.003395   -870.574236  0.001432    1.158838  0.001232  127.95
    80    298.967428      4   -870.577304  0.003451   -870.574400  0.001192    1.158832  0.000868  139.43
   100    298.919255      4   -870.578916  0.003000   -870.574324  0.000987    1.160709  0.001460  150.90
   120    298.872984      4   -870.577925  0.002668   -870.573733  0.000858    1.161376  0.001320  162.36
   140    298.880131      5   -870.579996  0.002609   -870.574546  0.000875    1.160451  0.001392  173.83
   160    298.849903      5   -870.580315  0.002358   -870.574600  0.000799    1.160064  0.001265  185.28
   180    298.816509      8   -870.580718  0.002119   -870.574049  0.000737    1.159233  0.001282  196.75
   200    298.770975      9   -870.579413  0.002087   -870.573813  0.000687    1.159190  0.001185  208.22
   220    298.744136      9   -870.578954  0.001955   -870.573946  0.000643    1.159636  0.001175  219.68
   240    298.695474      9   -870.576834  0.002389   -870.573774  0.000599    1.159541  0.001077  231.14
   260    298.656140      9   -870.575273  0.002460   -870.573485  0.000578    1.159930  0.001031  242.61
   280    298.652413      9   -870.575868  0.002346   -870.573670  0.000560    1.160081  0.000963  254.08
   300    298.633068     11   -870.575568  0.002204   -870.573495  0.000531    1.160303  0.000911  265.54
   320    298.629272     11   -870.575563  0.002065   -870.573443  0.000506    1.160046  0.000876  277.01
   340    298.621754     11   -870.575468  0.002048   -870.573342  0.000490    1.159953  0.000827  288.48
   360    298.620708     11   -870.575714  0.001981   -870.573351  0.000473    1.159775  0.000821  299.94
   380    298.609224     11   -870.575413  0.001887   -870.573412  0.000458    1.159578  0.000804  311.41
   400    298.603550     11   -870.575385  0.001806   -870.573531  0.000450    1.159440  0.000773  322.87
   420    298.589497     12   -870.575268  0.001914   -870.573666  0.000465    1.159031  0.000791  334.34
   440    298.586363     12   -870.575141  0.001937   -870.573626  0.000454    1.158734  0.000837  345.80
   460    298.578378     14   -870.575254  0.001889   -870.573578  0.000439    1.158506  0.000825  357.26
   480    298.569407     14   -870.574907  0.001809   -870.573424  0.000427    1.158693  0.000805  368.72
   500    298.556574     14   -870.574662  0.001766   -870.573379  0.000412    1.158789  0.000786  380.19
   520    298.563277     14   -870.575043  0.001738   -870.573294  0.000399    1.158811  0.000805  391.65
   540    298.558854     14   -870.574909  0.001702   -870.573234  0.000389    1.158702  0.000801  403.12
   560    298.550406     14   -870.574999  0.001666   -870.573302  0.000386    1.158710  0.000776  414.58
   580    298.544014     16   -870.575206  0.001600   -870.573323  0.000376    1.158669  0.000760  426.05
   600    298.539364     16   -870.574861  0.001660   -870.573276  0.000367    1.158947  0.000757  437.51
   620    298.534148     18   -870.574958  0.001624   -870.573262  0.000359    1.158900  0.000740  448.98
   640    298.526437     18   -870.574821  0.001592   -870.573260  0.000350    1.158918  0.000752  460.44
   660    298.528844     21   -870.574856  0.001528   -870.573232  0.000344    1.158833  0.000738  471.91
   680    298.530331     24   -870.574868  0.001494   -870.573227  0.000336    1.159010  0.000725  483.37
   700    298.524508     26   -870.574629  0.001472   -870.573228  0.000330    1.159375  0.000766  494.84
   720    298.523807     28   -870.574847  0.001416   -870.573234  0.000324    1.159552  0.000771  506.31
   740    298.524665     29   -870.575260  0.001427   -870.573228  0.000320    1.159647  0.000757  517.78
   760    298.522216     31   -870.575219  0.001399   -870.573170  0.000314    1.159678  0.000762  529.24
   780    298.521008     32   -870.575327  0.001352   -870.573209  0.000309    1.159535  0.000755  540.70
   800    298.516264     33   -870.575043  0.001351   -870.573204  0.000304    1.159498  0.000737  552.17
   820    298.512054     33   -870.574889  0.001339   -870.573144  0.000301    1.159429  0.000721  563.63
   840    298.505699     38   -870.574848  0.001297   -870.573180  0.000298    1.159131  0.000775  577.07
   860    298.500097     39   -870.574643  0.001297   -870.573110  0.000293    1.159063  0.000775  589.82
   880    298.499974     39   -870.574769  0.001282   -870.573106  0.000293    1.159017  0.000759  601.33
   900    298.494842     42   -870.574603  0.001263   -870.573098  0.000289    1.158982  0.000750  612.68
   920    298.494542     45   -870.574707  0.001260   -870.573183  0.000287    1.158901  0.000732  624.13
   940    298.492161     46   -870.574730  0.001239   -870.573167  0.000283    1.158780  0.000728  635.60
   960    298.495580     46   -870.574813  0.001212   -870.573151  0.000278    1.158764  0.000741  647.06
   980    298.494087     49   -870.574857  0.001206   -870.573117  0.000274    1.158761  0.000741  658.53
  1000    298.499867     50   -870.575114  0.001177   -870.573084  0.000272    1.158870  0.000723  669.99

Post Propagation Process
Total number of samples 1000
Raw AFQMC/HF (Guide) energy:           -870.575114 ± 0.001177
Raw Trial/Guide overlap ratio:          1.158870 ± 0.000723
Raw AFQMC/pt2CCSD energy (covariance): -870.573084 ± 0.000272
Raw AFQMC/pt2CCSD energy (dir sample): -870.573084 ± 0.000226

Remove Outliers
removing energies outside zeta > 30
Outlier energy bound [-870.741166, -870.402063]
Removed 0 outliers with energies []
Clean AFQMC/pt2CCSD overlap ratio:        1.158870 ± 0.000723
Clean AFQMC/pt2CCSD energy (covariance): -870.573084 ± 0.000272
Clean AFQMC/ptCCSD energy (dir sample):  -870.573084 ± 0.000226

Blocking Analysis
nsample = 1000, max_block_size = 25, min_nblocks = 40
   B    NB    NS  Observable     Error    dError
   1  1000  1000    1.158872  0.000221  0.000005
   2   500  1000    1.158871  0.000295  0.000009
   3   333   999    1.158870  0.000351  0.000014
   4   250  1000    1.158871  0.000390  0.000017
   5   200  1000    1.158871  0.000426  0.000021
   6   166   996    1.158842  0.000459  0.000025
   7   142   994    1.158832  0.000483  0.000029
   8   125  1000    1.158871  0.000510  0.000032
   9   111   999    1.158870  0.000515  0.000035
  10   100  1000    1.158871  0.000550  0.000039
  11    90   990    1.158808  0.000572  0.000043
  12    83   996    1.158842  0.000584  0.000046
  13    76   988    1.158790  0.000613  0.000050
  14    71   994    1.158832  0.000603  0.000051
  15    66   990    1.158808  0.000625  0.000055
  16    62   992    1.158823  0.000653  0.000059
  17    58   986    1.158780  0.000646  0.000061
  18    55   990    1.158808  0.000625  0.000060
  19    52   988    1.158790  0.000670  0.000066
  20    50  1000    1.158870  0.000663  0.000067
  21    47   987    1.158785  0.000685  0.000071
  22    45   990    1.158808  0.000688  0.000073
  23    43   989    1.158800  0.000658  0.000072
  24    41   984    1.158780  0.000723  0.000081
  25    40  1000    1.158870  0.000705  0.000080
Fit (variance): plateau_var = 5.776e-07 ± 8.115e-08
Fit (error):    plateau = 0.000760 ± 0.000053
     autocorrelation length ~ 13.7 blocks
     plateau reached at block size ~ 63
     !!!Failed to reach plateau in blocking
     Return max block error
nclean = 1000, max_block_size = 25, min_nblocks = 40
Blk_SZ   NBlk   NSmp      Energy     Error    dError
     1   1000   1000  -870.572927  0.000227  0.000005
     2    500   1000  -870.572958  0.000260  0.000008
     3    333    999  -870.572965  0.000273  0.000011
     4    250   1000  -870.572989  0.000289  0.000013
     5    200   1000  -870.573000  0.000297  0.000015
     6    166    996  -870.573007  0.000301  0.000017
     7    142    994  -870.573026  0.000296  0.000018
     8    125   1000  -870.573023  0.000325  0.000021
     9    111    999  -870.573018  0.000306  0.000021
    10    100   1000  -870.573024  0.000322  0.000023
    11     90    990  -870.573053  0.000333  0.000025
    12     83    996  -870.573029  0.000336  0.000026
    13     76    988  -870.573063  0.000300  0.000024
    14     71    994  -870.573052  0.000303  0.000026
    15     66    990  -870.573062  0.000309  0.000027
    16     62    992  -870.573072  0.000296  0.000027
    17     58    986  -870.573082  0.000329  0.000031
    18     55    990  -870.573072  0.000282  0.000027
    19     52    988  -870.573078  0.000289  0.000029
    20     50   1000  -870.573054  0.000294  0.000030
    21     47    987  -870.573079  0.000303  0.000032
    22     45    990  -870.573078  0.000285  0.000030
    23     43    989  -870.573085  0.000301  0.000033
    24     41    984  -870.573082  0.000362  0.000040
    25     40   1000  -870.573058  0.000332  0.000038
Fit (variance): plateau_var = 9.521282e-08 ± 4.012615e-09
Fit (error):    plateau = 0.000309 ± 0.000007
     autocorrelation length ~ 2.3 blocks
     plateau reached at block size ~ 10
Final AFQMC/pt2CCSD overlap ratio: 1.158870 ± 0.000723
Final AFQMC/pt2CCSD energy: -870.573084 ± 0.000309
Total run time: 691.78

AFQMC Sampling Finished

