
    ________                     _____                    
    ___  __ \___  __________________(_)_____________ _    
    __  /_/ /  / / /_  __ \_  __ \_  /__  __ \_  __ `/    
    _  _, _// /_/ /_  / / /  / / /  / _  / / /  /_/ /     
    /_/ |_| \__,_/ /_/ /_//_/ /_//_/  /_/ /_/_\__, /      
                                             /____/       
    _____________________________  ___________            
    ___    |__  ____/_  __ \__   |/  /_  ____/            
    __  /| |_  /_   _  / / /_  /|_/ /_  /                 
    _  ___ |  __/   / /_/ /_  /  / / / /___               
    /_/  |_/_/      \___\_\/_/  /_/  \____/               

Hostname:     gpue04.delta.ncsa.illinois.edu
System:       Linux
Node:         gpue04.delta.ncsa.illinois.edu
Release:      5.14.0-427.91.1.el9_4.x86_64
Machine:      x86_64
Processor:    x86_64
JAX backend:  GPU
JAX devices:  [CudaDevice(id=0)]
Device kind:  NVIDIA H200
Platform:     gpu

Load system from Integral File
Maximum memory per walker:            83.33 MB
Maximum number of Cholesky per chunk: 360
Number of Cholesky chunks:            2
Number of Cholesky per chunk:         286
Number of padding Cholesky:           1

QMC System
Number of electrons: (9, 9)
Spin Multiplicity:   0
Number of orbitals:  87
Number of Chol:      571

QMC Parameters
eql_time            :                   50
n_blocks            :                 1000
n_walkers           :                  300
max_error           :                  0.0
seed                :                   17
walker_type         :                  uhf
trial               :             upt2ccsd
mix_precision       :                 True
max_memory          :                25000
dt                  :                0.005
n_exp_terms         :                    6
n_prop_steps        :                   50
save_walkers        :                False
free_projection     :                False
n_batch             :                    1
nchol_chunk         :                  286

Initalize QMC walkers by stochastic CCSD

Equilibration
inv_T        weight  killW        energy   runTime
 0.00    300.000000      0  -1193.152596     23.52
 5.00    298.864159      0  -1193.192244     32.01
10.00    299.106190      0  -1193.196527     33.85
15.00    298.957407      0  -1193.197176     35.69
20.00    299.676810      0  -1193.152999     37.53
25.00    298.645719      0  -1193.201789     39.37
30.00    299.274008      0  -1193.213747     41.23
35.00    298.324435      1  -1193.178114     43.07
40.00    298.983875      0  -1193.173137     44.91
45.00    299.659809      0  -1193.223647     46.75
50.00    298.758017      0  -1193.188180     48.59

Sampling
blocks        weight  killW       E_Guide     error       E_Trial     error     olp_T/G     error  Walltime
    20    298.914774      1  -1193.199788  0.006770  -1193.195638  0.001517    1.194905  0.002174   66.05
    40    298.925948      1  -1193.202589  0.003640  -1193.196177  0.001002    1.191982  0.002812   77.42
    60    298.889930      3  -1193.200743  0.002722  -1193.196447  0.000809    1.194028  0.002147   88.90
    80    298.794108      5  -1193.196952  0.003093  -1193.195790  0.000663    1.194955  0.001711  100.36
   100    298.736711      8  -1193.196664  0.002651  -1193.195281  0.000574    1.197838  0.002371  111.83
   120    298.704661     11  -1193.198484  0.002532  -1193.195365  0.000513    1.197362  0.002055  123.30
   140    298.691199     12  -1193.197901  0.002456  -1193.195492  0.000469    1.196326  0.002002  134.77
   160    298.651235     12  -1193.196940  0.002511  -1193.195328  0.000434    1.197375  0.001817  146.22
   180    298.611119     14  -1193.196516  0.002243  -1193.195030  0.000403    1.199024  0.001973  157.70
   200    298.583053     16  -1193.196304  0.002019  -1193.195103  0.000377    1.198706  0.001785  169.16
   220    298.569350     16  -1193.196161  0.001841  -1193.195033  0.000359    1.198326  0.001642  180.62
   240    298.543174     17  -1193.196372  0.001759  -1193.195041  0.000348    1.198142  0.001528  192.09
   260    298.515808     19  -1193.195783  0.001674  -1193.195021  0.000337    1.197297  0.001526  203.55
   280    298.513640     19  -1193.196562  0.001655  -1193.195210  0.000332    1.197176  0.001418  215.02
   300    298.500673     21  -1193.196743  0.001550  -1193.195085  0.000321    1.197305  0.001356  226.49
   320    298.482989     23  -1193.196631  0.001499  -1193.195180  0.000315    1.197425  0.001341  237.95
   340    298.467555     26  -1193.196534  0.001445  -1193.195145  0.000306    1.197024  0.001296  249.42
   360    298.459478     29  -1193.196367  0.001374  -1193.195335  0.000298    1.196887  0.001243  260.88
   380    298.453511     30  -1193.196289  0.001326  -1193.195277  0.000287    1.197424  0.001237  272.35
   400    298.454399     31  -1193.196119  0.001268  -1193.195350  0.000281    1.197254  0.001183  283.81
   420    298.440507     32  -1193.195707  0.001244  -1193.195294  0.000273    1.197238  0.001133  295.28
   440    298.429559     34  -1193.195562  0.001307  -1193.195278  0.000265    1.197674  0.001142  306.75
   460    298.407198     35  -1193.194944  0.001325  -1193.195193  0.000260    1.197830  0.001116  318.22
   480    298.403496     38  -1193.194913  0.001295  -1193.195349  0.000257    1.197359  0.001157  329.68
   500    298.396669     40  -1193.194941  0.001255  -1193.195292  0.000251    1.197620  0.001138  341.15
   520    298.394137     41  -1193.195078  0.001213  -1193.195266  0.000248    1.197595  0.001095  352.61
   540    298.392120     43  -1193.195285  0.001192  -1193.195287  0.000243    1.197666  0.001072  364.07
   560    298.388500     43  -1193.195227  0.001150  -1193.195332  0.000239    1.197330  0.001120  375.54
   580    298.386163     47  -1193.195668  0.001143  -1193.195346  0.000234    1.196870  0.001143  387.00
   600    298.385914     53  -1193.195831  0.001142  -1193.195443  0.000234    1.196899  0.001119  398.47
   620    298.384124     53  -1193.195720  0.001118  -1193.195462  0.000230    1.196984  0.001074  409.93
   640    298.387768     53  -1193.195904  0.001125  -1193.195475  0.000226    1.197024  0.001049  421.40
   660    298.386990     54  -1193.195614  0.001137  -1193.195426  0.000222    1.197131  0.001008  432.86
   680    298.384366     54  -1193.195595  0.001111  -1193.195371  0.000218    1.196998  0.001029  444.32
   700    298.384761     54  -1193.195580  0.001097  -1193.195328  0.000214    1.197279  0.001043  455.79
   720    298.381539     54  -1193.195581  0.001051  -1193.195299  0.000211    1.197488  0.001018  467.26
   740    298.385571     55  -1193.196124  0.001134  -1193.195347  0.000207    1.197735  0.001039  478.71
   760    298.385953     59  -1193.196544  0.001146  -1193.195389  0.000207    1.197657  0.001029  490.18
   780    298.385372     60  -1193.196540  0.001131  -1193.195334  0.000221    1.197981  0.001036  501.66
   800    298.383669     61  -1193.196418  0.001104  -1193.195294  0.000217    1.198127  0.001084  513.12
   820    298.384591     63  -1193.196527  0.001102  -1193.195373  0.000218    1.198239  0.001063  524.58
   840    298.384275     64  -1193.196416  0.001124  -1193.195377  0.000215    1.198325  0.001041  536.05
   860    298.382058     65  -1193.196341  0.001107  -1193.195404  0.000214    1.197999  0.001067  547.51
   880    298.380987     66  -1193.196333  0.001086  -1193.195381  0.000212    1.197908  0.001061  558.97
   900    298.381536     68  -1193.196562  0.001086  -1193.195373  0.000208    1.197880  0.001061  570.44
   920    298.378332     70  -1193.196536  0.001075  -1193.195344  0.000204    1.197870  0.001035  581.90
   940    298.374874     74  -1193.196550  0.001050  -1193.195264  0.000202    1.197848  0.001011  593.37
   960    298.372078     74  -1193.196513  0.001027  -1193.195261  0.000199    1.197709  0.001009  605.01
   980    298.368002     74  -1193.196569  0.001009  -1193.195255  0.000200    1.197523  0.001039  616.29
  1000    298.367678     75  -1193.196634  0.000992  -1193.195195  0.000197    1.197584  0.001015  627.76

Post Propagation Process
Total number of samples 1000
Raw AFQMC/HF (Guide) energy:           -1193.196634 ± 0.000992
Raw Trial/Guide overlap ratio:          1.197584 ± 0.001015
Raw AFQMC/pt2CCSD energy (covariance): -1193.195195 ± 0.000197
Raw AFQMC/pt2CCSD energy (dir sample): -1193.195195 ± 0.000168

Remove Outliers
removing energies outside zeta > 30
Outlier energy bound [-1193.335029, -1193.054137]
Removed 0 outliers with energies []
Clean AFQMC/pt2CCSD overlap ratio:        1.197584 ± 0.001015
Clean AFQMC/pt2CCSD energy (covariance): -1193.195195 ± 0.000197
Clean AFQMC/ptCCSD energy (dir sample):  -1193.195195 ± 0.000168

Blocking Analysis
nsample = 1000, max_block_size = 25, min_nblocks = 40
   B    NB    NS  Observable     Error    dError
   1  1000  1000    1.197585  0.000323  0.000007
   2   500  1000    1.197585  0.000432  0.000014
   3   333   999    1.197578  0.000515  0.000020
   4   250  1000    1.197585  0.000578  0.000026
   5   200  1000    1.197585  0.000633  0.000032
   6   166   996    1.197567  0.000679  0.000037
   7   142   994    1.197560  0.000724  0.000043
   8   125  1000    1.197584  0.000756  0.000048
   9   111   999    1.197578  0.000776  0.000052
  10   100  1000    1.197584  0.000811  0.000058
  11    90   990    1.197553  0.000836  0.000063
  12    83   996    1.197567  0.000863  0.000067
  13    76   988    1.197553  0.000883  0.000072
  14    71   994    1.197560  0.000910  0.000077
  15    66   990    1.197553  0.000917  0.000080
  16    62   992    1.197552  0.000911  0.000082
  17    58   986    1.197554  0.000989  0.000093
  18    55   990    1.197553  0.000921  0.000089
  19    52   988    1.197553  0.000998  0.000099
  20    50  1000    1.197584  0.000950  0.000096
  21    47   987    1.197554  0.000977  0.000102
  22    45   990    1.197553  0.001015  0.000108
  23    43   989    1.197553  0.000960  0.000105
  24    41   984    1.197538  0.000999  0.000112
  25    40  1000    1.197584  0.000998  0.000113
Fit (variance): plateau_var = 1.167e-06 ± 1.438e-07
Fit (error):    plateau = 0.001080 ± 0.000067
     autocorrelation length ~ 12.2 blocks
     plateau reached at block size ~ 57
     !!!Failed to reach plateau in blocking
     Return max block error
nclean = 1000, max_block_size = 25, min_nblocks = 40
Blk_SZ   NBlk   NSmp      Energy     Error    dError
     1   1000   1000  -1193.195083  0.000168  0.000004
     2    500   1000  -1193.195103  0.000192  0.000006
     3    333    999  -1193.195118  0.000200  0.000008
     4    250   1000  -1193.195125  0.000208  0.000009
     5    200   1000  -1193.195131  0.000211  0.000011
     6    166    996  -1193.195149  0.000219  0.000012
     7    142    994  -1193.195165  0.000223  0.000013
     8    125   1000  -1193.195146  0.000226  0.000014
     9    111    999  -1193.195150  0.000233  0.000016
    10    100   1000  -1193.195151  0.000239  0.000017
    11     90    990  -1193.195191  0.000220  0.000017
    12     83    996  -1193.195166  0.000240  0.000019
    13     76    988  -1193.195196  0.000220  0.000018
    14     71    994  -1193.195186  0.000237  0.000020
    15     66    990  -1193.195205  0.000227  0.000020
    16     62    992  -1193.195197  0.000236  0.000021
    17     58    986  -1193.195204  0.000254  0.000024
    18     55    990  -1193.195210  0.000217  0.000021
    19     52    988  -1193.195198  0.000249  0.000025
    20     50   1000  -1193.195171  0.000236  0.000024
    21     47    987  -1193.195210  0.000199  0.000021
    22     45    990  -1193.195212  0.000194  0.000021
    23     43    989  -1193.195217  0.000211  0.000023
    24     41    984  -1193.195224  0.000215  0.000024
    25     40   1000  -1193.195178  0.000216  0.000024
Fit (variance): plateau_var = 5.041071e-08 ± 2.160027e-09
Fit (error):    plateau = 0.000225 ± 0.000005
     autocorrelation length ~ 2.4 blocks
     plateau reached at block size ~ 10
Final AFQMC/pt2CCSD overlap ratio: 1.197584 ± 0.001015
Final AFQMC/pt2CCSD energy: -1193.195195 ± 0.000225
Total run time: 640.10

AFQMC Sampling Finished

