#INFO: **** input file is /work/hdd/bdka/yzhang65/w4_17/w4-17_all/afqmc_input/batch9/run_afqmc.py ****
import os
import sys
import re
import gc
sys.path.insert(0, os.path.join(os.path.dirname(os.path.abspath(__file__)), '..', '..', 'script'))
# sys.path.insert(0, '/u/yzhang65/mywork/yzhang65/w4_17/w4-17_all/script')

os.environ.setdefault("XLA_PYTHON_CLIENT_ALLOCATOR", "platform")
import jax
jax.config.update("jax_enable_x64", True)

from pyscf import gto, scf, cc
from afqmc import integral, launch_afqmc
from mol_select import get_xyz_files
import truncate_basis

# ---------------------------------------------------------------------------
# Configuration
# ---------------------------------------------------------------------------
shell            = "closed"  # "closed" or "open"
symmetry         = False
select_molecules = [
     "h2", "h2co", "h2o", "h2s", "hccf", "hcl", "hclo4", "hcn", "hcno",
     "n2", "n2h4", "n2o", "n-butane", "n-pentane", "s2o", "s3", "s4-c2v",
     "sf6", "si2h6", "sif4", "sih3f", "sih4", "silole", "sio", "so2", "so3",
     "t-butadiene", "tetrahedrane", "t-hcoh", "thiophene", "t-hono", "t-n2h2",
     "trans-c2f2cl2", "propyne", "pyrrole",
     ]
index            = None          # e.g. "1-10", "5", "1,3,5-8", or None for all
basis            = "vtzfp"

xyz_dir      = f"../../w4_17_xyz/{shell}_shell"
results_file = f"./rest_{shell}_afqmc_{basis}.dat"
out_dir      = f"../../result/molout/{shell}_shell/tz"
os.makedirs(out_dir, exist_ok=True)

xyz_files = get_xyz_files(xyz_dir, select_molecules=select_molecules, index=index)

# ---------------------------------------------------------------------------
# Write results header
# ---------------------------------------------------------------------------
with open(results_file, "w") as out:
    out.write(f"{'Molecule':<16s} {'E_HF (Eh)':>20s} {'E_CCSD (Eh)':>20s} "
              f"{'E_AFQMC (Eh)':>15s} {'E_AFQMC ERR (Eh)':>15s}\n")

# ---------------------------------------------------------------------------
# Helper
# ---------------------------------------------------------------------------
_afqmc_energy_re = re.compile(
    r"Final AFQMC/pt2CCSD energy:\s*([-+]?\d*\.?\d+(?:[eE][-+]?\d+)?)"
    r"\s*(?:±|\+/-)\s*([-+]?\d*\.?\d+(?:[eE][-+]?\d+)?)"
)

def extract_afqmc_energy(filename):
    try:
        with open(filename, encoding="utf-8") as f:
            for line in f:
                m = _afqmc_energy_re.search(line)
                if m:
                    return float(m.group(1)), float(m.group(2))
    except (OSError, IOError):
        pass
    return 0, 0

def free_memory():
    """Release GPU + CPU memory held over from the previous molecule.

    JAX keeps every live device array and the JIT compilation cache around
    between iterations, so without this the GPU usage grows molecule to
    molecule. We drop the compilation cache, force-delete every live device
    buffer (the next molecule rebuilds everything from scratch), and run the
    Python garbage collector to release the large pyscf CPU arrays.
    """
    jax.clear_caches()
    for arr in jax.live_arrays():
        try:
            arr.delete()
        except Exception:
            pass
    gc.collect()

# ---------------------------------------------------------------------------
# Main loop
# ---------------------------------------------------------------------------
def run_molecule(xyz_path):

    qmc_walker       = "uhf" # Default. Fall to rhf if the mf is RHF
    qmc_trial        = "upt2ccsd"

    with open(xyz_path) as f:
        lines = f.readlines()

    second_line = lines[1]
    charge   = int(second_line.split("charge=")[1].split()[0])
    spin     = int(second_line.split("mult=")[1].split()[0]) - 1
    mol_name = second_line.split()[0]
    atoms    = "".join(lines[2:])

    print(f"\n{'='*60}\nRunning: {mol_name}  charge={charge}  spin={spin}\n{'='*60}")

    mol = gto.M(
        atom=atoms,
        basis=truncate_basis.get_basis(atoms, basis),
        verbose=4,
        output=os.path.join(out_dir, f"{mol_name}_{basis}.out"),
        unit="angstrom",
        symmetry=symmetry,
        charge=charge,
        spin=spin,
        max_memory=140000,
    )

    mf = scf.UHF(mol)
    mf.max_cycle = 200
    mf = mf.newton()
    mf.kernel()

    if mol_name == "h":
        with open(results_file, "a") as out:
            out.write(f"{mol_name:<16s} {mf.e_tot:>20.10f} {mf.e_tot:>20.10f} "
                      f"{mf.e_tot:>15.5f} {0.0:>15.5f}\n")
        return

    stable = False
    for _ in range(10):
        mo_i, _, stable, _ = mf.stability(return_status=True)
        if stable:
            break
        dm = mf.make_rdm1(mo_i, mf.mo_occ)
        mf.kernel(dm0=dm)

    ss, s = mf.spin_square()
    tol = 1e-6
    if abs(ss) < tol and abs(s - 1.0) < tol:
        print("Not a UHF solution. Convert to RHF")
        
        qmc_walker = "rhf"
        qmc_trial = "pt2ccsd"

        mf = mf.to_rhf()
        mf.kernel()
        stable = False
        for _ in range(10):
            mo_i, _, stable, _ = mf.stability(return_status=True)
            if stable:
                break
            dm = mf.make_rdm1(mo_i, mf.mo_occ)
            mf.kernel(dm0=dm)

    if not stable or not mf.converged:
        print(f"  !! SCF did not converge for {mol_name} — skipping.")
        with open(results_file, "a") as out:
            out.write(f"{mol_name:<16s} {'UNCONVERGED':>20s} {'UNCONVERGED':>20s} {'UNCONVERGED':>20s}\n")
        return

    mycc = cc.CCSD(mf)
    mycc.set_frozen()
    mycc.kernel()

    integral.prep_integral(mycc, chol_cut=1e-5)
    options = {
        'eql_time':      50,
        'n_blocks':      1000,
        'n_walkers':     300,
        'max_error':     0.0,
        'seed':          17,
        'walker_type':   qmc_walker,
        'trial':         qmc_trial,
        'mix_precision': True,
        'max_memory':    25000, #MB
    }
    launch_afqmc.ph_afqmc(options)

    afqmc_out = os.path.join(out_dir, f"{mol_name}_afqmc_{basis}.out")
    os.system(f"mv afqmc.out {afqmc_out}")
    eqmc, eqmc_err = extract_afqmc_energy(afqmc_out)

    with open(results_file, "a") as out:
        out.write(f"{mol_name:<16s} {mf.e_tot:>20.10f} {mycc.e_tot:>20.10f} "
                  f"{eqmc:>15.5f} {eqmc_err:>15.5f}\n")

    print(f"  => E_HF({mol_name})      = {mf.e_tot:.10f} Eh")
    print(f"  => E_CCSD({mol_name})    = {mycc.e_tot:.10f} Eh")
    print(f"  => E_AFQMC({mol_name})   = {eqmc:.5f} +/- {eqmc_err:.5f} Eh")


for xyz_path in xyz_files:
    try:
        run_molecule(xyz_path)
    except Exception as exc:
        # Don't let one molecule kill the whole batch job.
        print(f"  !! {xyz_path} failed: {exc}")
    finally:
        # Free GPU + CPU memory before starting the next molecule. The pyscf
        # objects created inside run_molecule() are already out of scope here,
        # so gc.collect() can reclaim them.
        free_memory()

print(f"\nAll calculations complete. Results saved to {results_file}")
#INFO: ******************** input file end ********************


System: uname_result(system='Linux', node='gpue04.delta.ncsa.illinois.edu', release='5.14.0-427.91.1.el9_4.x86_64', version='#1 SMP PREEMPT_DYNAMIC Wed Sep 17 10:08:59 EDT 2025', machine='x86_64')  Threads 12
Python 3.11.14 (main, Oct 21 2025, 18:31:21) [GCC 11.2.0]
numpy 2.3.5  scipy 1.16.3  h5py 3.15.1
Date: Sat May 30 00:03:15 2026
PySCF version 2.11.0
PySCF path  /u/yzhang65/myprojects/software/pyscf
GIT HEAD (branch master) f520f5381c0b41f716d847009817cbc64e52c0d5

[ENV] PYSCF_TMPDIR /projects/bdka/yzhang65/scratch/pyscf
[ENV] PYSCF_EXT_PATH /u/yzhang65/myprojects/software/pyscf-forge
[CONFIG] conf_file None
[INPUT] verbose = 4
[INPUT] num. atoms = 4
[INPUT] num. electrons = 64
[INPUT] charge = 0
[INPUT] spin (= nelec alpha-beta = 2S) = 0
[INPUT] symmetry False subgroup None
[INPUT] Mole.unit = angstrom
[INPUT] Symbol           X                Y                Z      unit          X                Y                Z       unit  Magmom
[INPUT]  1 S      0.000000000000   1.552343000000   0.921961000000 AA    0.000000000000   2.933503121386   1.742253787530 Bohr   0.0
[INPUT]  2 S      0.000000000000   1.068508000000  -0.921961000000 AA    0.000000000000   2.019187481907  -1.742253787530 Bohr   0.0
[INPUT]  3 S      0.000000000000  -1.068508000000  -0.921961000000 AA    0.000000000000  -2.019187481907  -1.742253787530 Bohr   0.0
[INPUT]  4 S      0.000000000000  -1.552343000000   0.921961000000 AA    0.000000000000  -2.933503121386   1.742253787530 Bohr   0.0

nuclear repulsion = 333.699606873041
number of shells = 36
number of NR pGTOs = 236
number of NR cGTOs = 136
basis = {'S': [[0, [374100.0, 5.4214e-05, -1.49837e-05, 4.35066e-06], [56050.0, 0.000420855, -0.000116198, 3.3714e-05], [12760.0, 0.00220698, -0.000611583, 0.000177674], [3615.0, 0.00919258, -0.0025537, 0.000741116], [1183.0, 0.0321123, -0.00908708, 0.00264591], [428.8, 0.0946683, -0.0277045, 0.00807487], [167.8, 0.22363, -0.072002, 0.0212276], [69.47, 0.374393, -0.146439, 0.0438323], [29.84, 0.329108, -0.19515, 0.0612716], [12.72, 0.0847038, 0.00819193, -0.0036151], [5.244, 0.000440851, 0.516601, -0.20451], [2.219, 0.00164827, 0.542178, -0.381871], [0.349, 0.000301306, -0.00918072, 0.714147]], [0, [0.7767, 1.0]], [0, [0.1322, 1.0]], [1, [574.4, 0.00242264, -0.000620102], [135.8, 0.0192796, -0.00493882], [43.19, 0.0885401, -0.0232647], [15.87, 0.254654, -0.0685195], [6.208, 0.433984, -0.123896], [2.483, 0.354953, -0.0969499], [0.3229, -0.00502977, 0.569394]], [1, [0.8688, 1.0]], [1, [0.1098, 1.0]], [2, [0.269, 1.0]], [2, [0.819, 1.0]], [3, [0.557, 1.0]]]}
ecp = {}
CPU time:      4690.92




******** <class 'pyscf.soscf.newton_ah.SecondOrderUHF'> ********
method = SecondOrderUHF
initial guess = minao
damping factor = 0
level_shift factor = 0
DIIS = <class 'pyscf.scf.diis.CDIIS'>
diis_start_cycle = 1
diis_space = 8
diis_damp = 0
SCF conv_tol = 1e-09
SCF conv_tol_grad = None
SCF max_cycles = 200
direct_scf = True
direct_scf_tol = 1e-13
chkfile to save SCF result = /projects/bdka/yzhang65/scratch/pyscf/tmpadpws9zd
max_memory 140000 MB (current use 3960 MB)
number electrons alpha = 32  beta = 32
******** <class 'pyscf.scf.uhf.UHF'> Newton solver flags ********
SCF tol = 1e-09
conv_tol_grad = None
max. SCF cycles = 200
direct_scf = True
direct_scf_tol = 1e-13
chkfile to save SCF result = /projects/bdka/yzhang65/scratch/pyscf/tmpadpws9zd
max_cycle_inner = 12
max_stepsize = 0.05
ah_start_tol = 1e+09
ah_level_shift = 0
ah_conv_tol = 1e-12
ah_lindep = 1e-14
ah_start_cycle = 1
ah_max_cycle = 40
ah_grad_trust_region = 2.5
kf_interval = 4
kf_trust_region = 5
canonicalization = True
max_memory 140000 MB (current use 3960 MB)
Set conv_tol_grad to 3.16228e-05
  alpha nocc = 32  HOMO = -0.188863314884674  LUMO = -0.0979920900526117
  beta  nocc = 32  HOMO = -0.188483494933187  LUMO = -0.0974416100282143
Initial guess E= -1590.00351284909  |g|= 0.405808
macro= 0  E= -1590.11725987295  delta_E= -0.113747  |g|= 0.0437238  3 KF 10 JK
macro= 1  E= -1590.11760460536  delta_E= -0.000344732  |g|= 1.40367e-05  4 KF 18 JK
macro= 2  E= -1590.11760460536  delta_E= -3.18323e-12  |g|= 5.33468e-06  1 KF 2 JK
Canonicalize SCF orbitals
macro X = 3  E=-1590.11760460536  |g|= 5.33468e-06  total 9 KF 34 JK
converged SCF energy = -1590.11760460536  <S^2> = 5.6211746e-10  2S+1 = 1
uhf_internal: lowest eigs of H = [-0.26655586 -0.03030545  0.01547957]
<class 'pyscf.soscf.newton_ah.SecondOrderUHF'> wavefunction has an internal instability




******** <class 'pyscf.soscf.newton_ah.SecondOrderUHF'> ********
method = SecondOrderUHF
initial guess = minao
damping factor = 0
level_shift factor = 0
DIIS = <class 'pyscf.scf.diis.CDIIS'>
diis_start_cycle = 1
diis_space = 8
diis_damp = 0
SCF conv_tol = 1e-09
SCF conv_tol_grad = None
SCF max_cycles = 200
direct_scf = True
direct_scf_tol = 1e-13
chkfile to save SCF result = /projects/bdka/yzhang65/scratch/pyscf/tmpadpws9zd
max_memory 140000 MB (current use 4307 MB)
number electrons alpha = 32  beta = 32
******** <class 'pyscf.scf.uhf.UHF'> Newton solver flags ********
SCF tol = 1e-09
conv_tol_grad = None
max. SCF cycles = 200
direct_scf = True
direct_scf_tol = 1e-13
chkfile to save SCF result = /projects/bdka/yzhang65/scratch/pyscf/tmpadpws9zd
max_cycle_inner = 12
max_stepsize = 0.05
ah_start_tol = 1e+09
ah_level_shift = 0
ah_conv_tol = 1e-12
ah_lindep = 1e-14
ah_start_cycle = 1
ah_max_cycle = 40
ah_grad_trust_region = 2.5
kf_interval = 4
kf_trust_region = 5
canonicalization = True
max_memory 140000 MB (current use 4307 MB)
Set conv_tol_grad to 3.16228e-05
  alpha nocc = 32  HOMO = -0.368876034361809  LUMO = 0.00364258272707697
  beta  nocc = 32  HOMO = -0.368761006278391  LUMO = 0.00378012781202901
Initial guess E= -1590.16885045961  |g|= 0.0295438
macro= 0  E= -1590.17302885983  delta_E= -0.0041784  |g|= 0.000550108  5 KF 19 JK
macro= 1  E= -1590.1730289501  delta_E= -9.02651e-08  |g|= 1.90935e-05  2 KF 8 JK
macro= 2  E= -1590.1730289501  delta_E= -9.09495e-13  |g|= 8.45749e-06  1 KF 2 JK
Canonicalize SCF orbitals
macro X = 3  E=-1590.1730289501  |g|= 8.45749e-06  total 9 KF 33 JK
converged SCF energy = -1590.1730289501  <S^2> = 0.99071899  2S+1 = 2.2277513
uhf_internal: lowest eigs of H = [0.07434963 0.08412831 0.15212041]
<class 'pyscf.soscf.newton_ah.SecondOrderUHF'> wavefunction is stable in the internal stability analysis

******** <class 'pyscf.cc.uccsd.UCCSD'> ********
CC2 = 0
CCSD nocc = (np.int64(12), np.int64(12)), nmo = (116, 116)
frozen orbitals 20
max_cycle = 50
direct = 0
conv_tol = 1e-07
conv_tol_normt = 1e-06
diis_space = 6
diis_start_cycle = 0
diis_start_energy_diff = 1e+09
max_memory 140000 MB (current use 4310 MB)
Init t2, MP2 energy = -0.661500676981631
Init E_corr(UCCSD) = -0.66150067702311
cycle = 1  E_corr(UCCSD) = -0.679370044642956  dE = -0.0178693676  norm(t1,t2) = 0.147468
cycle = 2  E_corr(UCCSD) = -0.702872559030734  dE = -0.0235025144  norm(t1,t2) = 0.0502156
cycle = 3  E_corr(UCCSD) = -0.70348935323041  dE = -0.0006167942  norm(t1,t2) = 0.0448424
cycle = 4  E_corr(UCCSD) = -0.710589011026916  dE = -0.0070996578  norm(t1,t2) = 0.030948
cycle = 5  E_corr(UCCSD) = -0.711433344041479  dE = -0.000844333015  norm(t1,t2) = 0.0175242
cycle = 6  E_corr(UCCSD) = -0.710831031814607  dE = 0.000602312227  norm(t1,t2) = 0.00940717
cycle = 7  E_corr(UCCSD) = -0.71120085655386  dE = -0.000369824739  norm(t1,t2) = 0.00461473
cycle = 8  E_corr(UCCSD) = -0.711450984779278  dE = -0.000250128225  norm(t1,t2) = 0.00263061
cycle = 9  E_corr(UCCSD) = -0.711438461768039  dE = 1.25230112e-05  norm(t1,t2) = 0.00149477
cycle = 10  E_corr(UCCSD) = -0.7114313024947  dE = 7.15927334e-06  norm(t1,t2) = 0.000629266
cycle = 11  E_corr(UCCSD) = -0.711422875412547  dE = 8.42708215e-06  norm(t1,t2) = 0.000220931
cycle = 12  E_corr(UCCSD) = -0.711422566801475  dE = 3.08611072e-07  norm(t1,t2) = 0.000109819
cycle = 13  E_corr(UCCSD) = -0.711419407742964  dE = 3.15905851e-06  norm(t1,t2) = 6.51409e-05
cycle = 14  E_corr(UCCSD) = -0.711418078156884  dE = 1.32958608e-06  norm(t1,t2) = 4.35802e-05
cycle = 15  E_corr(UCCSD) = -0.711416471034338  dE = 1.60712255e-06  norm(t1,t2) = 2.09579e-05
cycle = 16  E_corr(UCCSD) = -0.711415664169107  dE = 8.06865231e-07  norm(t1,t2) = 1.27996e-05
cycle = 17  E_corr(UCCSD) = -0.711415112431605  dE = 5.51737502e-07  norm(t1,t2) = 7.35884e-06
cycle = 18  E_corr(UCCSD) = -0.711414940536214  dE = 1.71895392e-07  norm(t1,t2) = 4.81909e-06
cycle = 19  E_corr(UCCSD) = -0.711414824831825  dE = 1.15704389e-07  norm(t1,t2) = 2.68602e-06
cycle = 20  E_corr(UCCSD) = -0.711414823635873  dE = 1.19595134e-09  norm(t1,t2) = 1.33816e-06
cycle = 21  E_corr(UCCSD) = -0.711414810925351  dE = 1.27105223e-08  norm(t1,t2) = 6.24511e-07
UCCSD converged
E(UCCSD) = -1590.884443761025  E_corr = -0.711414810925351
