
    ________                     _____                    
    ___  __ \___  __________________(_)_____________ _    
    __  /_/ /  / / /_  __ \_  __ \_  /__  __ \_  __ `/    
    _  _, _// /_/ /_  / / /  / / /  / _  / / /  /_/ /     
    /_/ |_| \__,_/ /_/ /_//_/ /_//_/  /_/ /_/_\__, /      
                                             /____/       
    _____________________________  ___________            
    ___    |__  ____/_  __ \__   |/  /_  ____/            
    __  /| |_  /_   _  / / /_  /|_/ /_  /                 
    _  ___ |  __/   / /_/ /_  /  / / / /___               
    /_/  |_/_/      \___\_\/_/  /_/  \____/               

Hostname:     gpue04.delta.ncsa.illinois.edu
System:       Linux
Node:         gpue04.delta.ncsa.illinois.edu
Release:      5.14.0-427.91.1.el9_4.x86_64
Machine:      x86_64
Processor:    x86_64
JAX backend:  GPU
JAX devices:  [CudaDevice(id=0)]
Device kind:  NVIDIA H200
Platform:     gpu

Load system from Integral File
Maximum memory per walker:            83.33 MB
Maximum number of Cholesky per chunk: 1292
Number of Cholesky chunks:            1
Number of Cholesky per chunk:         396
Number of padding Cholesky:           0

QMC System
Number of electrons: (4, 4)
Spin Multiplicity:   0
Number of orbitals:  65
Number of Chol:      396

QMC Parameters
eql_time            :                   50
n_blocks            :                 1000
n_walkers           :                  300
max_error           :                  0.0
seed                :                   17
walker_type         :                  rhf
trial               :              pt2ccsd
mix_precision       :                 True
max_memory          :                25000
dt                  :                0.005
n_exp_terms         :                    6
n_prop_steps        :                   50
save_walkers        :                False
free_projection     :                False
n_batch             :                    1
nchol_chunk         :                  396

Initalize QMC walkers by stochastic CCSD

Equilibration
inv_T        weight  killW        energy   runTime
 0.00    300.000000      0   -291.426730     60.30
 5.00    299.269024      0   -291.433562     65.68
10.00    299.265518      0   -291.437163     66.34
15.00    299.462523      0   -291.431551     67.01
20.00    299.423416      0   -291.440658     67.67
25.00    298.954231      0   -291.429231     68.34
30.00    299.522636      0   -291.437762     69.00
35.00    299.064981      0   -291.443828     69.67
40.00    299.223347      0   -291.430084     70.33
45.00    299.297685      0   -291.427541     71.00
50.00    299.212701      0   -291.436128     71.66

Sampling
blocks        weight  killW       E_Guide     error       E_Trial     error     olp_T/G     error  Walltime
    20    299.171531      0   -291.431756  0.004958   -291.430909  0.000311    1.001275  0.000281   82.04
    40    299.168633      0   -291.432474  0.002727   -291.431291  0.000236    1.001113  0.000243   89.73
    60    299.154299      0   -291.431938  0.001775   -291.431099  0.000167    1.001234  0.000163   97.67
    80    299.176306      0   -291.431927  0.001615   -291.431129  0.000129    1.001277  0.000134  105.60
   100    299.180095      0   -291.432334  0.001398   -291.431244  0.000124    1.001338  0.000111  113.54
   120    299.171772      0   -291.432446  0.001183   -291.431270  0.000108    1.001368  0.000092  121.47
   140    299.155438      0   -291.432235  0.001104   -291.431314  0.000096    1.001313  0.000095  129.41
   160    299.164578      0   -291.432459  0.001018   -291.431345  0.000086    1.001293  0.000085  137.35
   180    299.175843      0   -291.433196  0.001032   -291.431365  0.000078    1.001280  0.000077  145.28
   200    299.173962      0   -291.433522  0.000966   -291.431368  0.000073    1.001313  0.000073  153.22
   220    299.169112      0   -291.433227  0.000956   -291.431338  0.000068    1.001395  0.000086  161.16
   240    299.163290      0   -291.433245  0.000900   -291.431356  0.000065    1.001455  0.000088  169.09
   260    299.165778      0   -291.433199  0.000839   -291.431346  0.000061    1.001484  0.000086  177.03
   280    299.162474      0   -291.433621  0.000813   -291.431385  0.000064    1.001488  0.000082  184.97
   300    299.167917      0   -291.433838  0.000784   -291.431384  0.000060    1.001475  0.000078  192.90
   320    299.168513      0   -291.433884  0.000748   -291.431398  0.000058    1.001495  0.000074  200.83
   340    299.160646      0   -291.433642  0.000737   -291.431396  0.000055    1.001472  0.000072  208.77
   360    299.158811      0   -291.433934  0.000713   -291.431401  0.000053    1.001463  0.000068  216.71
   380    299.150452      0   -291.433791  0.000688   -291.431391  0.000051    1.001469  0.000066  224.64
   400    299.150159      0   -291.433603  0.000667   -291.431363  0.000049    1.001482  0.000067  232.58
   420    299.147080      0   -291.433440  0.000651   -291.431369  0.000048    1.001467  0.000066  240.51
   440    299.143099      0   -291.433335  0.000634   -291.431364  0.000046    1.001474  0.000064  248.47
   460    299.142021      0   -291.433405  0.000621   -291.431363  0.000045    1.001424  0.000071  256.39
   480    299.142504      1   -291.433367  0.000603   -291.431367  0.000043    1.001422  0.000071  266.27
   500    299.138855      1   -291.433252  0.000593   -291.431357  0.000042    1.001426  0.000068  274.21
   520    299.137600      1   -291.432988  0.000610   -291.431347  0.000041    1.001443  0.000069  282.14
   540    299.135417      1   -291.433082  0.000599   -291.431354  0.000040    1.001451  0.000067  290.08
   560    299.132174      1   -291.432847  0.000604   -291.431352  0.000039    1.001458  0.000068  298.02
   580    299.129704      2   -291.432917  0.000596   -291.431349  0.000038    1.001451  0.000067  305.95
   600    299.129163      2   -291.432957  0.000581   -291.431352  0.000037    1.001462  0.000067  313.89
   620    299.127164      2   -291.432956  0.000557   -291.431363  0.000037    1.001445  0.000066  321.83
   640    299.126231      2   -291.432908  0.000552   -291.431365  0.000036    1.001451  0.000065  329.76
   660    299.128465      2   -291.432908  0.000529   -291.431360  0.000035    1.001462  0.000063  337.70
   680    299.128870      2   -291.432826  0.000522   -291.431352  0.000034    1.001474  0.000064  345.63
   700    299.129428      2   -291.432832  0.000504   -291.431351  0.000034    1.001493  0.000065  353.57
   720    299.127285      2   -291.432747  0.000515   -291.431359  0.000033    1.001495  0.000063  361.50
   740    299.126879      2   -291.432792  0.000507   -291.431363  0.000033    1.001504  0.000062  369.44
   760    299.127052      2   -291.432772  0.000495   -291.431353  0.000032    1.001517  0.000061  377.38
   780    299.127686      2   -291.432826  0.000490   -291.431358  0.000032    1.001530  0.000061  385.31
   800    299.128084      3   -291.433026  0.000503   -291.431362  0.000031    1.001533  0.000061  393.26
   820    299.126676      3   -291.432993  0.000494   -291.431361  0.000031    1.001537  0.000059  401.19
   840    299.126000      3   -291.432969  0.000479   -291.431359  0.000031    1.001526  0.000060  409.13
   860    299.124560      3   -291.433029  0.000472   -291.431355  0.000030    1.001511  0.000060  417.06
   880    299.123318      4   -291.433057  0.000465   -291.431362  0.000030    1.001521  0.000061  425.00
   900    299.122528      4   -291.433007  0.000455   -291.431361  0.000030    1.001527  0.000061  432.94
   920    299.121714      4   -291.432962  0.000448   -291.431358  0.000030    1.001534  0.000059  440.87
   940    299.121512      4   -291.432956  0.000436   -291.431371  0.000030    1.001535  0.000058  448.81
   960    299.121566      4   -291.433023  0.000432   -291.431370  0.000029    1.001526  0.000057  456.74
   980    299.121710      5   -291.433072  0.000426   -291.431371  0.000029    1.001536  0.000057  464.68
  1000    299.122156      6   -291.433191  0.000434   -291.431371  0.000029    1.001542  0.000057  472.61

Post Propagation Process
Total number of samples 1000
Raw AFQMC/HF (Guide) energy:           -291.433191 ± 0.000434
Raw Trial/Guide overlap ratio:          1.001542 ± 0.000057
Raw AFQMC/pt2CCSD energy (covariance): -291.431371 ± 0.000029
Raw AFQMC/pt2CCSD energy (dir sample): -291.431371 ± 0.000023

Remove Outliers
removing energies outside zeta > 30
Outlier energy bound [-291.449044, -291.413606]
Removed 0 outliers with energies []
Clean AFQMC/pt2CCSD overlap ratio:        1.001542 ± 0.000057
Clean AFQMC/pt2CCSD energy (covariance): -291.431371 ± 0.000029
Clean AFQMC/ptCCSD energy (dir sample):  -291.431371 ± 0.000023

Blocking Analysis
nsample = 1000, max_block_size = 25, min_nblocks = 40
   B    NB    NS  Observable     Error    dError
   1  1000  1000    1.001542  0.000018  0.000000
   2   500  1000    1.001542  0.000024  0.000001
   3   333   999    1.001543  0.000029  0.000001
   4   250  1000    1.001542  0.000032  0.000001
   5   200  1000    1.001542  0.000035  0.000002
   6   166   996    1.001544  0.000037  0.000002
   7   142   994    1.001544  0.000040  0.000002
   8   125  1000    1.001542  0.000042  0.000003
   9   111   999    1.001543  0.000043  0.000003
  10   100  1000    1.001542  0.000044  0.000003
  11    90   990    1.001541  0.000046  0.000003
  12    83   996    1.001544  0.000046  0.000004
  13    76   988    1.001539  0.000048  0.000004
  14    71   994    1.001544  0.000052  0.000004
  15    66   990    1.001541  0.000051  0.000004
  16    62   992    1.001542  0.000051  0.000005
  17    58   986    1.001538  0.000054  0.000005
  18    55   990    1.001541  0.000052  0.000005
  19    52   988    1.001539  0.000051  0.000005
  20    50  1000    1.001542  0.000055  0.000006
  21    47   987    1.001538  0.000055  0.000006
  22    45   990    1.001541  0.000055  0.000006
  23    43   989    1.001539  0.000054  0.000006
  24    41   984    1.001537  0.000057  0.000006
  25    40  1000    1.001542  0.000057  0.000006
Fit (variance): plateau_var = 3.547e-09 ± 4.341e-10
Fit (error):    plateau = 0.000060 ± 0.000004
     autocorrelation length ~ 12.0 blocks
     plateau reached at block size ~ 56
     !!!Failed to reach plateau in blocking
     Return max block error
nclean = 1000, max_block_size = 25, min_nblocks = 40
Blk_SZ   NBlk   NSmp      Energy     Error    dError
     1   1000   1000  -291.431355  0.000023  0.000001
     2    500   1000  -291.431357  0.000027  0.000001
     3    333    999  -291.431357  0.000030  0.000001
     4    250   1000  -291.431360  0.000031  0.000001
     5    200   1000  -291.431361  0.000033  0.000002
     6    166    996  -291.431361  0.000034  0.000002
     7    142    994  -291.431363  0.000036  0.000002
     8    125   1000  -291.431363  0.000033  0.000002
     9    111    999  -291.431363  0.000036  0.000002
    10    100   1000  -291.431364  0.000035  0.000002
    11     90    990  -291.431365  0.000034  0.000003
    12     83    996  -291.431364  0.000034  0.000003
    13     76    988  -291.431366  0.000035  0.000003
    14     71    994  -291.431365  0.000034  0.000003
    15     66    990  -291.431367  0.000035  0.000003
    16     62    992  -291.431367  0.000032  0.000003
    17     58    986  -291.431367  0.000038  0.000004
    18     55    990  -291.431367  0.000037  0.000004
    19     52    988  -291.431369  0.000036  0.000004
    20     50   1000  -291.431366  0.000035  0.000004
    21     47    987  -291.431368  0.000037  0.000004
    22     45    990  -291.431369  0.000037  0.000004
    23     43    989  -291.431369  0.000037  0.000004
    24     41    984  -291.431367  0.000029  0.000003
    25     40   1000  -291.431368  0.000031  0.000003
Fit (variance): plateau_var = 1.198122e-09 ± 5.164592e-11
Fit (error):    plateau = 0.000035 ± 0.000001
     autocorrelation length ~ 2.5 blocks
     plateau reached at block size ~ 12
Final AFQMC/pt2CCSD overlap ratio: 1.001542 ± 0.000057
Final AFQMC/pt2CCSD energy: -291.431371 ± 0.000035
Total run time: 480.19

AFQMC Sampling Finished

