
    ________                     _____                    
    ___  __ \___  __________________(_)_____________ _    
    __  /_/ /  / / /_  __ \_  __ \_  /__  __ \_  __ `/    
    _  _, _// /_/ /_  / / /  / / /  / _  / / /  /_/ /     
    /_/ |_| \__,_/ /_/ /_//_/ /_//_/  /_/ /_/_\__, /      
                                             /____/       
    _____________________________  ___________            
    ___    |__  ____/_  __ \__   |/  /_  ____/            
    __  /| |_  /_   _  / / /_  /|_/ /_  /                 
    _  ___ |  __/   / /_/ /_  /  / / / /___               
    /_/  |_/_/      \___\_\/_/  /_/  \____/               

Hostname:     gpue04.delta.ncsa.illinois.edu
System:       Linux
Node:         gpue04.delta.ncsa.illinois.edu
Release:      5.14.0-427.91.1.el9_4.x86_64
Machine:      x86_64
Processor:    x86_64
JAX backend:  GPU
JAX devices:  [CudaDevice(id=0)]
Device kind:  NVIDIA H200
Platform:     gpu

Load system from Integral File
Maximum memory per walker:            83.33 MB
Maximum number of Cholesky per chunk: 1623
Number of Cholesky chunks:            1
Number of Cholesky per chunk:         386
Number of padding Cholesky:           0

QMC System
Number of electrons: (5, 5)
Spin Multiplicity:   0
Number of orbitals:  58
Number of Chol:      386

QMC Parameters
eql_time            :                   50
n_blocks            :                 1000
n_walkers           :                  300
max_error           :                  0.0
seed                :                   17
walker_type         :                  rhf
trial               :              pt2ccsd
mix_precision       :                 True
max_memory          :                25000
dt                  :                0.005
n_exp_terms         :                    6
n_prop_steps        :                   50
save_walkers        :                False
free_projection     :                False
n_batch             :                    1
nchol_chunk         :                  386

Initalize QMC walkers by stochastic CCSD

Equilibration
inv_T        weight  killW        energy   runTime
 0.00    300.000000      0   -364.174594     63.79
 5.00    299.393795      0   -364.189670     69.28
10.00    300.024478      0   -364.187417     69.86
15.00    299.903202      0   -364.192546     70.44
20.00    299.836560      0   -364.212808     71.02
25.00    299.663317      0   -364.223907     71.60
30.00    299.057539      0   -364.208431     72.17
35.00    299.371817      0   -364.211046     72.75
40.00    299.321039      0   -364.193462     73.33
45.00    299.342653      0   -364.201072     73.90
50.00    298.862154      0   -364.211230     74.48

Sampling
blocks        weight  killW       E_Guide     error       E_Trial     error     olp_T/G     error  Walltime
    20    299.068495      1   -364.190885  0.007132   -364.192840  0.001723    1.015768  0.000483   82.99
    40    299.034369      1   -364.188245  0.007645   -364.193144  0.002004    1.014899  0.000854   89.03
    60    299.170240      2   -364.198357  0.008899   -364.194522  0.002144    1.015740  0.000870   95.19
    80    299.140158      2   -364.199748  0.007840   -364.195587  0.002821    1.016174  0.000775  101.35
   100    299.100393      2   -364.197391  0.006605   -364.194975  0.002299    1.015334  0.000869  107.51
   120    299.071259      3   -364.196699  0.005588   -364.194093  0.001958    1.014929  0.000916  113.67
   140    299.041221      3   -364.196578  0.004809   -364.193758  0.001705    1.014900  0.000782  119.83
   160    299.029203      3   -364.196947  0.004195   -364.193934  0.001516    1.014743  0.000689  125.99
   180    299.020642      3   -364.197809  0.003776   -364.194321  0.001480    1.014894  0.000623  132.14
   200    299.000550      3   -364.198396  0.003429   -364.194247  0.001376    1.015219  0.000603  138.31
   220    298.983916      3   -364.198808  0.003128   -364.194400  0.001294    1.015027  0.000565  144.46
   240    298.998624      3   -364.200772  0.003249   -364.194714  0.001259    1.015042  0.000528  150.62
   260    298.991109      4   -364.200820  0.003023   -364.194787  0.001174    1.015126  0.000497  156.78
   280    298.976244      4   -364.200556  0.002886   -364.194604  0.001097    1.015299  0.000478  162.93
   300    298.962283      5   -364.199337  0.002834   -364.194570  0.001039    1.015329  0.000447  169.10
   320    298.961338      5   -364.199641  0.002672   -364.194442  0.000994    1.015221  0.000430  175.25
   340    298.963410      5   -364.199850  0.002516   -364.194441  0.000945    1.015111  0.000419  181.41
   360    298.960083      5   -364.200015  0.002385   -364.194431  0.000898    1.015239  0.000408  187.57
   380    298.951731      5   -364.199804  0.002264   -364.194362  0.000859    1.015336  0.000395  193.72
   400    298.951823      5   -364.200524  0.002258   -364.194501  0.000826    1.015192  0.000389  199.89
   420    298.938466      5   -364.199493  0.002271   -364.194287  0.000793    1.015178  0.000370  206.05
   440    298.930335      5   -364.199670  0.002171   -364.194270  0.000785    1.015080  0.000375  212.21
   460    298.931997      8   -364.200231  0.002116   -364.194552  0.000781    1.015028  0.000366  218.36
   480    298.939490     13   -364.201333  0.002195   -364.194753  0.000764    1.015031  0.000352  224.52
   500    298.935167     15   -364.201122  0.002123   -364.194679  0.000750    1.015043  0.000338  230.68
   520    298.937107     15   -364.201684  0.002157   -364.194587  0.000730    1.015121  0.000327  236.84
   540    298.935171     15   -364.201840  0.002104   -364.194644  0.000714    1.015259  0.000337  243.00
   560    298.943645     15   -364.202906  0.002322   -364.194942  0.000748    1.015288  0.000337  249.16
   580    298.945251     16   -364.203192  0.002294   -364.194613  0.000744    1.015412  0.000332  255.31
   600    298.936041     17   -364.203223  0.002239   -364.194138  0.001036    1.015491  0.000349  261.47
   620    298.935654     17   -364.203722  0.002161   -364.194265  0.001009    1.015505  0.000334  267.63
   640    298.933722     17   -364.203739  0.002121   -364.194389  0.000983    1.015523  0.000327  273.79
   660    298.923800     19   -364.203215  0.002063   -364.194331  0.000954    1.015518  0.000316  279.95
   680    298.923688     19   -364.203545  0.002019   -364.194407  0.000947    1.015508  0.000310  286.11
   700    298.915922     19   -364.203650  0.001953   -364.194319  0.000923    1.015515  0.000298  292.27
   720    298.912359     19   -364.203465  0.002015   -364.194219  0.000899    1.015575  0.000301  298.42
   740    298.915608     19   -364.203875  0.002003   -364.194182  0.000878    1.015626  0.000296  304.58
   760    298.913314     20   -364.203882  0.001956   -364.194224  0.000856    1.015676  0.000292  310.74
   780    298.912462     20   -364.203776  0.001912   -364.194163  0.000836    1.015728  0.000289  316.90
   800    298.913393     20   -364.203722  0.001868   -364.194055  0.000818    1.015737  0.000290  323.05
   820    298.906750     20   -364.203538  0.001829   -364.193991  0.000799    1.015764  0.000284  329.22
   840    298.908331     22   -364.203576  0.001800   -364.193966  0.000782    1.015743  0.000286  335.37
   860    298.900058     22   -364.203290  0.001766   -364.193993  0.000765    1.015747  0.000286  341.53
   880    298.902609     22   -364.203529  0.001803   -364.193996  0.000750    1.015725  0.000280  347.69
   900    298.904658     23   -364.203693  0.001803   -364.193986  0.000735    1.015741  0.000280  353.85
   920    298.897133     24   -364.203409  0.001786   -364.193950  0.000720    1.015755  0.000274  360.01
   940    298.896512     25   -364.203787  0.001786   -364.194123  0.000715    1.015740  0.000268  366.17
   960    298.894032     26   -364.203743  0.001780   -364.194144  0.000704    1.015786  0.000261  372.33
   980    298.888059     26   -364.203703  0.001737   -364.194126  0.000691    1.015789  0.000260  378.48
  1000    298.886150     26   -364.203845  0.001698   -364.194108  0.000681    1.015782  0.000256  384.64

Post Propagation Process
Total number of samples 1000
Raw AFQMC/HF (Guide) energy:           -364.203845 ± 0.001698
Raw Trial/Guide overlap ratio:          1.015782 ± 0.000256
Raw AFQMC/pt2CCSD energy (covariance): -364.194108 ± 0.000681
Raw AFQMC/pt2CCSD energy (dir sample): -364.194108 ± 0.000509

Remove Outliers
removing energies outside zeta > 30
Outlier energy bound [-364.392221, -363.992220]
Removed 1 outliers with energies [-363.86439649]
Clean AFQMC/pt2CCSD overlap ratio:        1.015780 ± 0.000257
Clean AFQMC/pt2CCSD energy (covariance): -364.194438 ± 0.000518
Clean AFQMC/ptCCSD energy (dir sample):  -364.194438 ± 0.000388

Blocking Analysis
nsample = 999, max_block_size = 24, min_nblocks = 40
   B    NB    NS  Observable     Error    dError
   1   999   999    1.015780  0.000093  0.000002
   2   499   998    1.015781  0.000123  0.000004
   3   333   999    1.015780  0.000145  0.000006
   4   249   996    1.015784  0.000160  0.000007
   5   199   995    1.015786  0.000168  0.000008
   6   166   996    1.015784  0.000182  0.000010
   7   142   994    1.015785  0.000191  0.000011
   8   124   992    1.015779  0.000195  0.000012
   9   111   999    1.015780  0.000201  0.000014
  10    99   990    1.015772  0.000212  0.000015
  11    90   990    1.015772  0.000225  0.000017
  12    83   996    1.015784  0.000214  0.000017
  13    76   988    1.015767  0.000217  0.000018
  14    71   994    1.015785  0.000233  0.000020
  15    66   990    1.015772  0.000219  0.000019
  16    62   992    1.015779  0.000223  0.000020
  17    58   986    1.015770  0.000234  0.000022
  18    55   990    1.015772  0.000238  0.000023
  19    52   988    1.015767  0.000235  0.000023
  20    49   980    1.015784  0.000244  0.000025
  21    47   987    1.015768  0.000253  0.000026
  22    45   990    1.015772  0.000257  0.000027
  23    43   989    1.015769  0.000252  0.000027
  24    41   984    1.015776  0.000240  0.000027
Fit (variance): plateau_var = 6.197e-08 ± 5.655e-09
Fit (error):    plateau = 0.000249 ± 0.000011
     autocorrelation length ~ 8.1 blocks
     plateau reached at block size ~ 38
     !!!Failed to reach plateau in blocking
     Return max block error
nclean = 999, max_block_size = 24, min_nblocks = 40
Blk_SZ   NBlk   NSmp      Energy     Error    dError
     1    999    999  -364.194118  0.000388  0.000009
     2    499    998  -364.194184  0.000420  0.000013
     3    333    999  -364.194209  0.000445  0.000017
     4    249    996  -364.194274  0.000447  0.000020
     5    199    995  -364.194305  0.000461  0.000023
     6    166    996  -364.194305  0.000474  0.000026
     7    142    994  -364.194329  0.000472  0.000028
     8    124    992  -364.194348  0.000468  0.000030
     9    111    999  -364.194307  0.000476  0.000032
    10     99    990  -364.194373  0.000479  0.000034
    11     90    990  -364.194392  0.000491  0.000037
    12     83    996  -364.194363  0.000461  0.000036
    13     76    988  -364.194371  0.000472  0.000039
    14     71    994  -364.194376  0.000461  0.000039
    15     66    990  -364.194413  0.000463  0.000041
    16     62    992  -364.194411  0.000514  0.000047
    17     58    986  -364.194388  0.000488  0.000046
    18     55    990  -364.194420  0.000499  0.000048
    19     52    988  -364.194399  0.000448  0.000044
    20     49    980  -364.194382  0.000468  0.000048
    21     47    987  -364.194405  0.000485  0.000051
    22     45    990  -364.194432  0.000472  0.000050
    23     43    989  -364.194432  0.000492  0.000054
    24     41    984  -364.194405  0.000497  0.000056
Fit (variance): plateau_var = 2.277206e-07 ± 1.003245e-08
Fit (error):    plateau = 0.000477 ± 0.000011
     autocorrelation length ~ 2.4 blocks
     plateau reached at block size ~ 10
Final AFQMC/pt2CCSD overlap ratio: 1.015780 ± 0.000257
Final AFQMC/pt2CCSD energy: -364.194438 ± 0.000477
Total run time: 392.06

AFQMC Sampling Finished

