#INFO: **** input file is /work/hdd/bdka/yzhang65/w4_17/w4-17_all/afqmc_input/batch9/run_afqmc.py ****
import os
import sys
import re
import gc
sys.path.insert(0, os.path.join(os.path.dirname(os.path.abspath(__file__)), '..', '..', 'script'))
# sys.path.insert(0, '/u/yzhang65/mywork/yzhang65/w4_17/w4-17_all/script')

os.environ.setdefault("XLA_PYTHON_CLIENT_ALLOCATOR", "platform")
import jax
jax.config.update("jax_enable_x64", True)

from pyscf import gto, scf, cc
from afqmc import integral, launch_afqmc
from mol_select import get_xyz_files
import truncate_basis

# ---------------------------------------------------------------------------
# Configuration
# ---------------------------------------------------------------------------
shell            = "closed"  # "closed" or "open"
symmetry         = False
select_molecules = [
     "h2", "h2co", "h2o", "h2s", "hccf", "hcl", "hclo4", "hcn", "hcno",
     "n2", "n2h4", "n2o", "n-butane", "n-pentane", "s2o", "s3", "s4-c2v",
     "sf6", "si2h6", "sif4", "sih3f", "sih4", "silole", "sio", "so2", "so3",
     "t-butadiene", "tetrahedrane", "t-hcoh", "thiophene", "t-hono", "t-n2h2",
     "trans-c2f2cl2", "propyne", "pyrrole",
     ]
index            = None          # e.g. "1-10", "5", "1,3,5-8", or None for all
basis            = "vtzfp"

xyz_dir      = f"../../w4_17_xyz/{shell}_shell"
results_file = f"./rest_{shell}_afqmc_{basis}.dat"
out_dir      = f"../../result/molout/{shell}_shell/tz"
os.makedirs(out_dir, exist_ok=True)

xyz_files = get_xyz_files(xyz_dir, select_molecules=select_molecules, index=index)

# ---------------------------------------------------------------------------
# Write results header
# ---------------------------------------------------------------------------
with open(results_file, "w") as out:
    out.write(f"{'Molecule':<16s} {'E_HF (Eh)':>20s} {'E_CCSD (Eh)':>20s} "
              f"{'E_AFQMC (Eh)':>15s} {'E_AFQMC ERR (Eh)':>15s}\n")

# ---------------------------------------------------------------------------
# Helper
# ---------------------------------------------------------------------------
_afqmc_energy_re = re.compile(
    r"Final AFQMC/pt2CCSD energy:\s*([-+]?\d*\.?\d+(?:[eE][-+]?\d+)?)"
    r"\s*(?:±|\+/-)\s*([-+]?\d*\.?\d+(?:[eE][-+]?\d+)?)"
)

def extract_afqmc_energy(filename):
    try:
        with open(filename, encoding="utf-8") as f:
            for line in f:
                m = _afqmc_energy_re.search(line)
                if m:
                    return float(m.group(1)), float(m.group(2))
    except (OSError, IOError):
        pass
    return 0, 0

def free_memory():
    """Release GPU + CPU memory held over from the previous molecule.

    JAX keeps every live device array and the JIT compilation cache around
    between iterations, so without this the GPU usage grows molecule to
    molecule. We drop the compilation cache, force-delete every live device
    buffer (the next molecule rebuilds everything from scratch), and run the
    Python garbage collector to release the large pyscf CPU arrays.
    """
    jax.clear_caches()
    for arr in jax.live_arrays():
        try:
            arr.delete()
        except Exception:
            pass
    gc.collect()

# ---------------------------------------------------------------------------
# Main loop
# ---------------------------------------------------------------------------
def run_molecule(xyz_path):

    qmc_walker       = "uhf" # Default. Fall to rhf if the mf is RHF
    qmc_trial        = "upt2ccsd"

    with open(xyz_path) as f:
        lines = f.readlines()

    second_line = lines[1]
    charge   = int(second_line.split("charge=")[1].split()[0])
    spin     = int(second_line.split("mult=")[1].split()[0]) - 1
    mol_name = second_line.split()[0]
    atoms    = "".join(lines[2:])

    print(f"\n{'='*60}\nRunning: {mol_name}  charge={charge}  spin={spin}\n{'='*60}")

    mol = gto.M(
        atom=atoms,
        basis=truncate_basis.get_basis(atoms, basis),
        verbose=4,
        output=os.path.join(out_dir, f"{mol_name}_{basis}.out"),
        unit="angstrom",
        symmetry=symmetry,
        charge=charge,
        spin=spin,
        max_memory=140000,
    )

    mf = scf.UHF(mol)
    mf.max_cycle = 200
    mf = mf.newton()
    mf.kernel()

    if mol_name == "h":
        with open(results_file, "a") as out:
            out.write(f"{mol_name:<16s} {mf.e_tot:>20.10f} {mf.e_tot:>20.10f} "
                      f"{mf.e_tot:>15.5f} {0.0:>15.5f}\n")
        return

    stable = False
    for _ in range(10):
        mo_i, _, stable, _ = mf.stability(return_status=True)
        if stable:
            break
        dm = mf.make_rdm1(mo_i, mf.mo_occ)
        mf.kernel(dm0=dm)

    ss, s = mf.spin_square()
    tol = 1e-6
    if abs(ss) < tol and abs(s - 1.0) < tol:
        print("Not a UHF solution. Convert to RHF")
        
        qmc_walker = "rhf"
        qmc_trial = "pt2ccsd"

        mf = mf.to_rhf()
        mf.kernel()
        stable = False
        for _ in range(10):
            mo_i, _, stable, _ = mf.stability(return_status=True)
            if stable:
                break
            dm = mf.make_rdm1(mo_i, mf.mo_occ)
            mf.kernel(dm0=dm)

    if not stable or not mf.converged:
        print(f"  !! SCF did not converge for {mol_name} — skipping.")
        with open(results_file, "a") as out:
            out.write(f"{mol_name:<16s} {'UNCONVERGED':>20s} {'UNCONVERGED':>20s} {'UNCONVERGED':>20s}\n")
        return

    mycc = cc.CCSD(mf)
    mycc.set_frozen()
    mycc.kernel()

    integral.prep_integral(mycc, chol_cut=1e-5)
    options = {
        'eql_time':      50,
        'n_blocks':      1000,
        'n_walkers':     300,
        'max_error':     0.0,
        'seed':          17,
        'walker_type':   qmc_walker,
        'trial':         qmc_trial,
        'mix_precision': True,
        'max_memory':    25000, #MB
    }
    launch_afqmc.ph_afqmc(options)

    afqmc_out = os.path.join(out_dir, f"{mol_name}_afqmc_{basis}.out")
    os.system(f"mv afqmc.out {afqmc_out}")
    eqmc, eqmc_err = extract_afqmc_energy(afqmc_out)

    with open(results_file, "a") as out:
        out.write(f"{mol_name:<16s} {mf.e_tot:>20.10f} {mycc.e_tot:>20.10f} "
                  f"{eqmc:>15.5f} {eqmc_err:>15.5f}\n")

    print(f"  => E_HF({mol_name})      = {mf.e_tot:.10f} Eh")
    print(f"  => E_CCSD({mol_name})    = {mycc.e_tot:.10f} Eh")
    print(f"  => E_AFQMC({mol_name})   = {eqmc:.5f} +/- {eqmc_err:.5f} Eh")


for xyz_path in xyz_files:
    try:
        run_molecule(xyz_path)
    except Exception as exc:
        # Don't let one molecule kill the whole batch job.
        print(f"  !! {xyz_path} failed: {exc}")
    finally:
        # Free GPU + CPU memory before starting the next molecule. The pyscf
        # objects created inside run_molecule() are already out of scope here,
        # so gc.collect() can reclaim them.
        free_memory()

print(f"\nAll calculations complete. Results saved to {results_file}")
#INFO: ******************** input file end ********************


System: uname_result(system='Linux', node='gpue04.delta.ncsa.illinois.edu', release='5.14.0-427.91.1.el9_4.x86_64', version='#1 SMP PREEMPT_DYNAMIC Wed Sep 17 10:08:59 EDT 2025', machine='x86_64')  Threads 12
Python 3.11.14 (main, Oct 21 2025, 18:31:21) [GCC 11.2.0]
numpy 2.3.5  scipy 1.16.3  h5py 3.15.1
Date: Sat May 30 05:45:55 2026
PySCF version 2.11.0
PySCF path  /u/yzhang65/myprojects/software/pyscf
GIT HEAD (branch master) f520f5381c0b41f716d847009817cbc64e52c0d5

[ENV] PYSCF_TMPDIR /projects/bdka/yzhang65/scratch/pyscf
[ENV] PYSCF_EXT_PATH /u/yzhang65/myprojects/software/pyscf-forge
[CONFIG] conf_file None
[INPUT] verbose = 4
[INPUT] num. atoms = 10
[INPUT] num. electrons = 30
[INPUT] charge = 0
[INPUT] spin (= nelec alpha-beta = 2S) = 0
[INPUT] symmetry False subgroup None
[INPUT] Mole.unit = angstrom
[INPUT] Symbol           X                Y                Z      unit          X                Y                Z       unit  Magmom
[INPUT]  1 C      0.606160090000   0.405486870000   0.000000000000 AA    1.145476557742   0.766259131407   0.000000000000 Bohr   0.0
[INPUT]  2 C     -0.606160090000  -0.405486870000   0.000000000000 AA   -1.145476557742  -0.766259131407   0.000000000000 Bohr   0.0
[INPUT]  3 C      1.843966500000  -0.110953360000   0.000000000000 AA    3.484591667873  -0.209671463000   0.000000000000 Bohr   0.0
[INPUT]  4 C     -1.843966500000   0.110953360000   0.000000000000 AA   -3.484591667873   0.209671463000   0.000000000000 Bohr   0.0
[INPUT]  5 H      0.472025540000   1.483107660000   0.000000000000 AA    0.891998994400   2.802667290645   0.000000000000 Bohr   0.0
[INPUT]  6 H     -0.472025540000  -1.483107660000   0.000000000000 AA   -0.891998994400  -2.802667290645   0.000000000000 Bohr   0.0
[INPUT]  7 H      2.720710080000   0.522014950000   0.000000000000 AA    5.141396915543   0.986465288429   0.000000000000 Bohr   0.0
[INPUT]  8 H      2.000898020000  -1.183213750000   0.000000000000 AA    3.781149260985  -2.235949934320   0.000000000000 Bohr   0.0
[INPUT]  9 H     -2.720710080000  -0.522014950000   0.000000000000 AA   -5.141396915543  -0.986465288429   0.000000000000 Bohr   0.0
[INPUT] 10 H     -2.000898020000   1.183213750000   0.000000000000 AA   -3.781149260985   2.235949934320   0.000000000000 Bohr   0.0

nuclear repulsion = 103.72389729051
number of shells = 66
number of NR pGTOs = 234
number of NR cGTOs = 174
basis = {'C': [[0, [8236.0, 0.000531, -0.000113], [1235.0, 0.004108, -0.000878], [280.8, 0.021087, -0.00454], [79.27, 0.081853, -0.018133], [25.59, 0.234817, -0.05576], [8.997, 0.434401, -0.126895], [3.319, 0.346129, -0.170352], [0.3643, -0.008983, 0.598684]], [0, [0.9059, 1.0]], [0, [0.1285, 1.0]], [1, [18.71, 0.014031], [4.133, 0.086866], [1.2, 0.290216]], [1, [0.3827, 1.0]], [1, [0.1209, 1.0]], [2, [1.097, 1.0]], [2, [0.318, 1.0]], [3, [0.761, 1.0]]], 'H': [[0, [33.87, 0.006068], [5.095, 0.045308], [1.159, 0.202822]], [0, [0.3258, 1.0]], [0, [0.1027, 1.0]], [1, [1.407, 1.0]], [1, [0.388, 1.0]]]}
ecp = {}
CPU time:      9650.59




******** <class 'pyscf.soscf.newton_ah.SecondOrderUHF'> ********
method = SecondOrderUHF
initial guess = minao
damping factor = 0
level_shift factor = 0
DIIS = <class 'pyscf.scf.diis.CDIIS'>
diis_start_cycle = 1
diis_space = 8
diis_damp = 0
SCF conv_tol = 1e-09
SCF conv_tol_grad = None
SCF max_cycles = 200
direct_scf = True
direct_scf_tol = 1e-13
chkfile to save SCF result = /projects/bdka/yzhang65/scratch/pyscf/tmpanm8kpvu
max_memory 140000 MB (current use 4198 MB)
number electrons alpha = 15  beta = 15
******** <class 'pyscf.scf.uhf.UHF'> Newton solver flags ********
SCF tol = 1e-09
conv_tol_grad = None
max. SCF cycles = 200
direct_scf = True
direct_scf_tol = 1e-13
chkfile to save SCF result = /projects/bdka/yzhang65/scratch/pyscf/tmpanm8kpvu
max_cycle_inner = 12
max_stepsize = 0.05
ah_start_tol = 1e+09
ah_level_shift = 0
ah_conv_tol = 1e-12
ah_lindep = 1e-14
ah_start_cycle = 1
ah_max_cycle = 40
ah_grad_trust_region = 2.5
kf_interval = 4
kf_trust_region = 5
canonicalization = True
max_memory 140000 MB (current use 4198 MB)
Set conv_tol_grad to 3.16228e-05
  alpha nocc = 15  HOMO = -0.222778210043696  LUMO = 0.00458496732273031
  beta  nocc = 15  HOMO = -0.22042463681112  LUMO = 0.00671134643357089
Initial guess E= -154.930683510888  |g|= 0.238622
macro= 0  E= -154.97654701588  delta_E= -0.0458635  |g|= 0.000111975  4 KF 17 JK
macro= 1  E= -154.976547015881  delta_E= -1.13687e-12  |g|= 9.13187e-06  1 KF 2 JK
Canonicalize SCF orbitals
macro X = 2  E=-154.976547015881  |g|= 9.13187e-06  total 6 KF 22 JK
converged SCF energy = -154.976547015881  <S^2> = 1.290892e-08  2S+1 = 1
uhf_internal: lowest eigs of H = [-0.0614212   0.08584386  0.47670808]
<class 'pyscf.soscf.newton_ah.SecondOrderUHF'> wavefunction has an internal instability




******** <class 'pyscf.soscf.newton_ah.SecondOrderUHF'> ********
method = SecondOrderUHF
initial guess = minao
damping factor = 0
level_shift factor = 0
DIIS = <class 'pyscf.scf.diis.CDIIS'>
diis_start_cycle = 1
diis_space = 8
diis_damp = 0
SCF conv_tol = 1e-09
SCF conv_tol_grad = None
SCF max_cycles = 200
direct_scf = True
direct_scf_tol = 1e-13
chkfile to save SCF result = /projects/bdka/yzhang65/scratch/pyscf/tmpanm8kpvu
max_memory 140000 MB (current use 5127 MB)
number electrons alpha = 15  beta = 15
******** <class 'pyscf.scf.uhf.UHF'> Newton solver flags ********
SCF tol = 1e-09
conv_tol_grad = None
max. SCF cycles = 200
direct_scf = True
direct_scf_tol = 1e-13
chkfile to save SCF result = /projects/bdka/yzhang65/scratch/pyscf/tmpanm8kpvu
max_cycle_inner = 12
max_stepsize = 0.05
ah_start_tol = 1e+09
ah_level_shift = 0
ah_conv_tol = 1e-12
ah_lindep = 1e-14
ah_start_cycle = 1
ah_max_cycle = 40
ah_grad_trust_region = 2.5
kf_interval = 4
kf_trust_region = 5
canonicalization = True
max_memory 140000 MB (current use 5127 MB)
Set conv_tol_grad to 3.16228e-05
  alpha nocc = 15  HOMO = -0.375969928658165  LUMO = 0.15609061665905
  beta  nocc = 15  HOMO = -0.375973723305378  LUMO = 0.156090231269718
Initial guess E= -154.964759033656  |g|= 0.055385
macro= 0  E= -154.979420435103  delta_E= -0.0146614  |g|= 0.0168276  3 KF 9 JK
macro= 1  E= -154.979889833832  delta_E= -0.000469399  |g|= 0.00134717  3 KF 11 JK
macro= 2  E= -154.979891094863  delta_E= -1.26103e-06  |g|= 1.97166e-05  2 KF 9 JK
macro= 3  E= -154.979891094863  delta_E= -5.68434e-14  |g|= 6.84655e-06  1 KF 2 JK
Canonicalize SCF orbitals
macro X = 4  E=-154.979891094863  |g|= 6.84655e-06  total 10 KF 36 JK
converged SCF energy = -154.979891094863  <S^2> = 0.40167735  2S+1 = 1.6145307
uhf_internal: lowest eigs of H = [0.11442209 0.21820875 0.49165949]
<class 'pyscf.soscf.newton_ah.SecondOrderUHF'> wavefunction is stable in the internal stability analysis

******** <class 'pyscf.cc.uccsd.UCCSD'> ********
CC2 = 0
CCSD nocc = (np.int64(11), np.int64(11)), nmo = (170, 170)
frozen orbitals 4
max_cycle = 50
direct = 0
conv_tol = 1e-07
conv_tol_normt = 1e-06
diis_space = 6
diis_start_cycle = 0
diis_start_energy_diff = 1e+09
max_memory 140000 MB (current use 5130 MB)
Init t2, MP2 energy = -0.616484776626793
Init E_corr(UCCSD) = -0.61648477664118
cycle = 1  E_corr(UCCSD) = -0.639996119280241  dE = -0.0235113426  norm(t1,t2) = 0.112013
cycle = 2  E_corr(UCCSD) = -0.657885281626576  dE = -0.0178891623  norm(t1,t2) = 0.0520798
cycle = 3  E_corr(UCCSD) = -0.662998019534642  dE = -0.00511273791  norm(t1,t2) = 0.04331
cycle = 4  E_corr(UCCSD) = -0.673291038672873  dE = -0.0102930191  norm(t1,t2) = 0.0298047
cycle = 5  E_corr(UCCSD) = -0.673320695136121  dE = -2.96564632e-05  norm(t1,t2) = 0.0149578
cycle = 6  E_corr(UCCSD) = -0.673156395616472  dE = 0.00016429952  norm(t1,t2) = 0.00529846
cycle = 7  E_corr(UCCSD) = -0.673583069923373  dE = -0.000426674307  norm(t1,t2) = 0.00227119
cycle = 8  E_corr(UCCSD) = -0.673517829250843  dE = 6.52406725e-05  norm(t1,t2) = 0.000544879
cycle = 9  E_corr(UCCSD) = -0.673523277749339  dE = -5.4484985e-06  norm(t1,t2) = 0.000218328
cycle = 10  E_corr(UCCSD) = -0.67351586206406  dE = 7.41568528e-06  norm(t1,t2) = 8.20414e-05
cycle = 11  E_corr(UCCSD) = -0.6735170103643  dE = -1.14830024e-06  norm(t1,t2) = 2.59679e-05
cycle = 12  E_corr(UCCSD) = -0.673516563205913  dE = 4.47158387e-07  norm(t1,t2) = 1.08088e-05
cycle = 13  E_corr(UCCSD) = -0.673516023361429  dE = 5.39844484e-07  norm(t1,t2) = 4.05395e-06
cycle = 14  E_corr(UCCSD) = -0.673515788784728  dE = 2.34576701e-07  norm(t1,t2) = 1.46364e-06
cycle = 15  E_corr(UCCSD) = -0.673515735009756  dE = 5.37749719e-08  norm(t1,t2) = 7.21971e-07
UCCSD converged
E(UCCSD) = -155.6534068298725  E_corr = -0.6735157350097563
