#INFO: **** input file is /work/hdd/bdka/yzhang65/w4_17/w4-17_all/afqmc_input/batch9/run_afqmc.py ****
import os
import sys
import re
import gc
sys.path.insert(0, os.path.join(os.path.dirname(os.path.abspath(__file__)), '..', '..', 'script'))
# sys.path.insert(0, '/u/yzhang65/mywork/yzhang65/w4_17/w4-17_all/script')

os.environ.setdefault("XLA_PYTHON_CLIENT_ALLOCATOR", "platform")
import jax
jax.config.update("jax_enable_x64", True)

from pyscf import gto, scf, cc
from afqmc import integral, launch_afqmc
from mol_select import get_xyz_files
import truncate_basis

# ---------------------------------------------------------------------------
# Configuration
# ---------------------------------------------------------------------------
shell            = "closed"  # "closed" or "open"
symmetry         = False
select_molecules = [
     "h2", "h2co", "h2o", "h2s", "hccf", "hcl", "hclo4", "hcn", "hcno",
     "n2", "n2h4", "n2o", "n-butane", "n-pentane", "s2o", "s3", "s4-c2v",
     "sf6", "si2h6", "sif4", "sih3f", "sih4", "silole", "sio", "so2", "so3",
     "t-butadiene", "tetrahedrane", "t-hcoh", "thiophene", "t-hono", "t-n2h2",
     "trans-c2f2cl2", "propyne", "pyrrole",
     ]
index            = None          # e.g. "1-10", "5", "1,3,5-8", or None for all
basis            = "vtzfp"

xyz_dir      = f"../../w4_17_xyz/{shell}_shell"
results_file = f"./rest_{shell}_afqmc_{basis}.dat"
out_dir      = f"../../result/molout/{shell}_shell/tz"
os.makedirs(out_dir, exist_ok=True)

xyz_files = get_xyz_files(xyz_dir, select_molecules=select_molecules, index=index)

# ---------------------------------------------------------------------------
# Write results header
# ---------------------------------------------------------------------------
with open(results_file, "w") as out:
    out.write(f"{'Molecule':<16s} {'E_HF (Eh)':>20s} {'E_CCSD (Eh)':>20s} "
              f"{'E_AFQMC (Eh)':>15s} {'E_AFQMC ERR (Eh)':>15s}\n")

# ---------------------------------------------------------------------------
# Helper
# ---------------------------------------------------------------------------
_afqmc_energy_re = re.compile(
    r"Final AFQMC/pt2CCSD energy:\s*([-+]?\d*\.?\d+(?:[eE][-+]?\d+)?)"
    r"\s*(?:±|\+/-)\s*([-+]?\d*\.?\d+(?:[eE][-+]?\d+)?)"
)

def extract_afqmc_energy(filename):
    try:
        with open(filename, encoding="utf-8") as f:
            for line in f:
                m = _afqmc_energy_re.search(line)
                if m:
                    return float(m.group(1)), float(m.group(2))
    except (OSError, IOError):
        pass
    return 0, 0

def free_memory():
    """Release GPU + CPU memory held over from the previous molecule.

    JAX keeps every live device array and the JIT compilation cache around
    between iterations, so without this the GPU usage grows molecule to
    molecule. We drop the compilation cache, force-delete every live device
    buffer (the next molecule rebuilds everything from scratch), and run the
    Python garbage collector to release the large pyscf CPU arrays.
    """
    jax.clear_caches()
    for arr in jax.live_arrays():
        try:
            arr.delete()
        except Exception:
            pass
    gc.collect()

# ---------------------------------------------------------------------------
# Main loop
# ---------------------------------------------------------------------------
def run_molecule(xyz_path):

    qmc_walker       = "uhf" # Default. Fall to rhf if the mf is RHF
    qmc_trial        = "upt2ccsd"

    with open(xyz_path) as f:
        lines = f.readlines()

    second_line = lines[1]
    charge   = int(second_line.split("charge=")[1].split()[0])
    spin     = int(second_line.split("mult=")[1].split()[0]) - 1
    mol_name = second_line.split()[0]
    atoms    = "".join(lines[2:])

    print(f"\n{'='*60}\nRunning: {mol_name}  charge={charge}  spin={spin}\n{'='*60}")

    mol = gto.M(
        atom=atoms,
        basis=truncate_basis.get_basis(atoms, basis),
        verbose=4,
        output=os.path.join(out_dir, f"{mol_name}_{basis}.out"),
        unit="angstrom",
        symmetry=symmetry,
        charge=charge,
        spin=spin,
        max_memory=140000,
    )

    mf = scf.UHF(mol)
    mf.max_cycle = 200
    mf = mf.newton()
    mf.kernel()

    if mol_name == "h":
        with open(results_file, "a") as out:
            out.write(f"{mol_name:<16s} {mf.e_tot:>20.10f} {mf.e_tot:>20.10f} "
                      f"{mf.e_tot:>15.5f} {0.0:>15.5f}\n")
        return

    stable = False
    for _ in range(10):
        mo_i, _, stable, _ = mf.stability(return_status=True)
        if stable:
            break
        dm = mf.make_rdm1(mo_i, mf.mo_occ)
        mf.kernel(dm0=dm)

    ss, s = mf.spin_square()
    tol = 1e-6
    if abs(ss) < tol and abs(s - 1.0) < tol:
        print("Not a UHF solution. Convert to RHF")
        
        qmc_walker = "rhf"
        qmc_trial = "pt2ccsd"

        mf = mf.to_rhf()
        mf.kernel()
        stable = False
        for _ in range(10):
            mo_i, _, stable, _ = mf.stability(return_status=True)
            if stable:
                break
            dm = mf.make_rdm1(mo_i, mf.mo_occ)
            mf.kernel(dm0=dm)

    if not stable or not mf.converged:
        print(f"  !! SCF did not converge for {mol_name} — skipping.")
        with open(results_file, "a") as out:
            out.write(f"{mol_name:<16s} {'UNCONVERGED':>20s} {'UNCONVERGED':>20s} {'UNCONVERGED':>20s}\n")
        return

    mycc = cc.CCSD(mf)
    mycc.set_frozen()
    mycc.kernel()

    integral.prep_integral(mycc, chol_cut=1e-5)
    options = {
        'eql_time':      50,
        'n_blocks':      1000,
        'n_walkers':     300,
        'max_error':     0.0,
        'seed':          17,
        'walker_type':   qmc_walker,
        'trial':         qmc_trial,
        'mix_precision': True,
        'max_memory':    25000, #MB
    }
    launch_afqmc.ph_afqmc(options)

    afqmc_out = os.path.join(out_dir, f"{mol_name}_afqmc_{basis}.out")
    os.system(f"mv afqmc.out {afqmc_out}")
    eqmc, eqmc_err = extract_afqmc_energy(afqmc_out)

    with open(results_file, "a") as out:
        out.write(f"{mol_name:<16s} {mf.e_tot:>20.10f} {mycc.e_tot:>20.10f} "
                  f"{eqmc:>15.5f} {eqmc_err:>15.5f}\n")

    print(f"  => E_HF({mol_name})      = {mf.e_tot:.10f} Eh")
    print(f"  => E_CCSD({mol_name})    = {mycc.e_tot:.10f} Eh")
    print(f"  => E_AFQMC({mol_name})   = {eqmc:.5f} +/- {eqmc_err:.5f} Eh")


for xyz_path in xyz_files:
    try:
        run_molecule(xyz_path)
    except Exception as exc:
        # Don't let one molecule kill the whole batch job.
        print(f"  !! {xyz_path} failed: {exc}")
    finally:
        # Free GPU + CPU memory before starting the next molecule. The pyscf
        # objects created inside run_molecule() are already out of scope here,
        # so gc.collect() can reclaim them.
        free_memory()

print(f"\nAll calculations complete. Results saved to {results_file}")
#INFO: ******************** input file end ********************


System: uname_result(system='Linux', node='gpue04.delta.ncsa.illinois.edu', release='5.14.0-427.91.1.el9_4.x86_64', version='#1 SMP PREEMPT_DYNAMIC Wed Sep 17 10:08:59 EDT 2025', machine='x86_64')  Threads 12
Python 3.11.14 (main, Oct 21 2025, 18:31:21) [GCC 11.2.0]
numpy 2.3.5  scipy 1.16.3  h5py 3.15.1
Date: Sat May 30 08:44:13 2026
PySCF version 2.11.0
PySCF path  /u/yzhang65/myprojects/software/pyscf
GIT HEAD (branch master) f520f5381c0b41f716d847009817cbc64e52c0d5

[ENV] PYSCF_TMPDIR /projects/bdka/yzhang65/scratch/pyscf
[ENV] PYSCF_EXT_PATH /u/yzhang65/myprojects/software/pyscf-forge
[CONFIG] conf_file None
[INPUT] verbose = 4
[INPUT] num. atoms = 6
[INPUT] num. electrons = 64
[INPUT] charge = 0
[INPUT] spin (= nelec alpha-beta = 2S) = 0
[INPUT] symmetry False subgroup None
[INPUT] Mole.unit = angstrom
[INPUT] Symbol           X                Y                Z      unit          X                Y                Z       unit  Magmom
[INPUT]  1 C     -0.062234120500   0.664025377300   0.000000000000 AA   -0.117605443348   1.254826102858   0.000000000000 Bohr   0.0
[INPUT]  2 C      0.062234120500  -0.664025377300   0.000000000000 AA    0.117605443348  -1.254826102858   0.000000000000 Bohr   0.0
[INPUT]  3 Cl     1.255621002700   1.738973292400   0.000000000000 AA    2.372779811355   3.286183260569   0.000000000000 Bohr   0.0
[INPUT]  4 F     -1.256117342100   1.238704798700   0.000000000000 AA   -2.373717756886   2.340812818727   0.000000000000 Bohr   0.0
[INPUT]  5 F      1.256117342100  -1.238704798700   0.000000000000 AA    2.373717756886  -2.340812818727   0.000000000000 Bohr   0.0
[INPUT]  6 Cl    -1.255621002700  -1.738973292400   0.000000000000 AA   -2.372779811355  -3.286183260569   0.000000000000 Bohr   0.0

nuclear repulsion = 351.222109260215
number of shells = 54
number of NR pGTOs = 286
number of NR cGTOs = 188
basis = {'C': [[0, [8236.0, 0.000531, -0.000113], [1235.0, 0.004108, -0.000878], [280.8, 0.021087, -0.00454], [79.27, 0.081853, -0.018133], [25.59, 0.234817, -0.05576], [8.997, 0.434401, -0.126895], [3.319, 0.346129, -0.170352], [0.3643, -0.008983, 0.598684]], [0, [0.9059, 1.0]], [0, [0.1285, 1.0]], [1, [18.71, 0.014031], [4.133, 0.086866], [1.2, 0.290216]], [1, [0.3827, 1.0]], [1, [0.1209, 1.0]], [2, [1.097, 1.0]], [2, [0.318, 1.0]], [3, [0.761, 1.0]]], 'Cl': [[0, [456100.0, 4.9297e-05, -1.38304e-05, 4.18546e-06], [68330.0, 0.000383029, -0.000107279, 3.24395e-05], [15550.0, 0.00200854, -0.000565083, 0.000171105], [4405.0, 0.00838558, -0.00236135, 0.000714176], [1439.0, 0.0294703, -0.00845886, 0.00256705], [520.4, 0.0878325, -0.0259638, 0.00788552], [203.1, 0.211473, -0.0686362, 0.0210867], [83.96, 0.365364, -0.141874, 0.0442264], [36.2, 0.340884, -0.199319, 0.065167], [15.83, 0.102133, -0.0195662, 0.00603012], [6.334, 0.00311675, 0.499741, -0.206495], [2.694, 0.00105751, 0.563736, -0.405871], [0.4313, 0.000156136, -0.00835091, 0.725661]], [0, [0.9768, 1.0]], [0, [0.1625, 1.0]], [1, [663.3, 0.00240448, -0.000652145], [156.8, 0.0192148, -0.00519445], [49.98, 0.0885097, -0.0246938], [18.42, 0.25602, -0.0728167], [7.24, 0.436927, -0.13403], [2.922, 0.350334, -0.0947742], [0.3818, -0.00458423, 0.564667]], [1, [1.022, 1.0]], [1, [0.1301, 1.0]], [2, [1.046, 1.0]], [2, [0.344, 1.0]], [3, [0.706, 1.0]]], 'F': [[0, [19500.0, 0.000507, -0.000117], [2923.0, 0.003923, -0.000912], [664.5, 0.0202, -0.004717], [187.5, 0.07901, -0.019086], [60.62, 0.230439, -0.059655], [21.42, 0.432872, -0.14001], [7.95, 0.349964, -0.176782], [0.8815, -0.007892, 0.605043]], [0, [2.257, 1.0]], [0, [0.3041, 1.0]], [1, [43.88, 0.016665], [9.926, 0.104472], [2.93, 0.31726]], [1, [0.9132, 1.0]], [1, [0.2672, 1.0]], [2, [3.107, 1.0]], [2, [0.855, 1.0]], [3, [1.917, 1.0]]]}
ecp = {}
CPU time:     13152.91




******** <class 'pyscf.soscf.newton_ah.SecondOrderUHF'> ********
method = SecondOrderUHF
initial guess = minao
damping factor = 0
level_shift factor = 0
DIIS = <class 'pyscf.scf.diis.CDIIS'>
diis_start_cycle = 1
diis_space = 8
diis_damp = 0
SCF conv_tol = 1e-09
SCF conv_tol_grad = None
SCF max_cycles = 200
direct_scf = True
direct_scf_tol = 1e-13
chkfile to save SCF result = /projects/bdka/yzhang65/scratch/pyscf/tmpx45gznme
max_memory 140000 MB (current use 4233 MB)
number electrons alpha = 32  beta = 32
******** <class 'pyscf.scf.uhf.UHF'> Newton solver flags ********
SCF tol = 1e-09
conv_tol_grad = None
max. SCF cycles = 200
direct_scf = True
direct_scf_tol = 1e-13
chkfile to save SCF result = /projects/bdka/yzhang65/scratch/pyscf/tmpx45gznme
max_cycle_inner = 12
max_stepsize = 0.05
ah_start_tol = 1e+09
ah_level_shift = 0
ah_conv_tol = 1e-12
ah_lindep = 1e-14
ah_start_cycle = 1
ah_max_cycle = 40
ah_grad_trust_region = 2.5
kf_interval = 4
kf_trust_region = 5
canonicalization = True
max_memory 140000 MB (current use 4233 MB)
Set conv_tol_grad to 3.16228e-05
  alpha nocc = 32  HOMO = 0.0892934442454133  LUMO = 0.277284304106935
  beta  nocc = 32  HOMO = 0.0513950241584613  LUMO = 0.261666461118392
Initial guess E= -1193.21048843687  |g|= 0.981876
macro= 0  E= -1193.68736609455  delta_E= -0.476878  |g|= 0.195346  3 KF 9 JK
macro= 1  E= -1193.69002828044  delta_E= -0.00266219  |g|= 2.49641e-05  4 KF 15 JK
macro= 2  E= -1193.69002828044  delta_E= -2.27374e-12  |g|= 4.30688e-06  1 KF 2 JK
Canonicalize SCF orbitals
macro X = 3  E=-1193.69002828044  |g|= 4.30688e-06  total 9 KF 30 JK
converged SCF energy = -1193.69002828044  <S^2> = 9.5923269e-11  2S+1 = 1
uhf_internal: lowest eigs of H = [-0.00829629  0.35615749  0.45896986]
<class 'pyscf.soscf.newton_ah.SecondOrderUHF'> wavefunction has an internal instability




******** <class 'pyscf.soscf.newton_ah.SecondOrderUHF'> ********
method = SecondOrderUHF
initial guess = minao
damping factor = 0
level_shift factor = 0
DIIS = <class 'pyscf.scf.diis.CDIIS'>
diis_start_cycle = 1
diis_space = 8
diis_damp = 0
SCF conv_tol = 1e-09
SCF conv_tol_grad = None
SCF max_cycles = 200
direct_scf = True
direct_scf_tol = 1e-13
chkfile to save SCF result = /projects/bdka/yzhang65/scratch/pyscf/tmpx45gznme
max_memory 140000 MB (current use 5502 MB)
number electrons alpha = 32  beta = 32
******** <class 'pyscf.scf.uhf.UHF'> Newton solver flags ********
SCF tol = 1e-09
conv_tol_grad = None
max. SCF cycles = 200
direct_scf = True
direct_scf_tol = 1e-13
chkfile to save SCF result = /projects/bdka/yzhang65/scratch/pyscf/tmpx45gznme
max_cycle_inner = 12
max_stepsize = 0.05
ah_start_tol = 1e+09
ah_level_shift = 0
ah_conv_tol = 1e-12
ah_lindep = 1e-14
ah_start_cycle = 1
ah_max_cycle = 40
ah_grad_trust_region = 2.5
kf_interval = 4
kf_trust_region = 5
canonicalization = True
max_memory 140000 MB (current use 5502 MB)
Set conv_tol_grad to 3.16228e-05
  alpha nocc = 32  HOMO = -0.408114839874453  LUMO = 0.155867890569097
  beta  nocc = 32  HOMO = -0.408183813082974  LUMO = 0.155826240246159
Initial guess E= -1193.65704530511  |g|= 0.0898913
macro= 0  E= -1193.6839206627  delta_E= -0.0268754  |g|= 0.0898913  2 KF 6 JK
macro= 1  E= -1193.68958635256  delta_E= -0.00566569  |g|= 0.010305  3 KF 9 JK
macro= 2  E= -1193.69003602813  delta_E= -0.000449676  |g|= 0.00167143  3 KF 11 JK
macro= 3  E= -1193.69006442534  delta_E= -2.83972e-05  |g|= 0.000244442  2 KF 12 JK
macro= 4  E= -1193.69006491778  delta_E= -4.92441e-07  |g|= 1.74362e-05  2 KF 11 JK
macro= 5  E= -1193.69006491783  delta_E= -5.09317e-11  |g|= 5.0952e-06  1 KF 2 JK
Canonicalize SCF orbitals
macro X = 6  E=-1193.69006491783  |g|= 5.0952e-06  total 14 KF 58 JK
converged SCF energy = -1193.69006491783  <S^2> = 0.034979165  2S+1 = 1.0676688
uhf_internal: lowest eigs of H = [0.01648152 0.35795885 0.45903601]
<class 'pyscf.soscf.newton_ah.SecondOrderUHF'> wavefunction is stable in the internal stability analysis

******** <class 'pyscf.cc.uccsd.UCCSD'> ********
CC2 = 0
CCSD nocc = (np.int64(18), np.int64(18)), nmo = (174, 174)
frozen orbitals 14
max_cycle = 50
direct = 0
conv_tol = 1e-07
conv_tol_normt = 1e-06
diis_space = 6
diis_start_cycle = 0
diis_start_energy_diff = 1e+09
max_memory 140000 MB (current use 5504 MB)
Init t2, MP2 energy = -1.17861585902013
Init E_corr(UCCSD) = -1.1786158590334
cycle = 1  E_corr(UCCSD) = -1.17650056157491  dE = 0.00211529746  norm(t1,t2) = 0.122276
cycle = 2  E_corr(UCCSD) = -1.206390478755  dE = -0.0298899172  norm(t1,t2) = 0.0410317
cycle = 3  E_corr(UCCSD) = -1.20559279323766  dE = 0.000797685517  norm(t1,t2) = 0.0256153
cycle = 4  E_corr(UCCSD) = -1.20935409036058  dE = -0.00376129712  norm(t1,t2) = 0.0130656
cycle = 5  E_corr(UCCSD) = -1.20998890114878  dE = -0.000634810788  norm(t1,t2) = 0.00666935
cycle = 6  E_corr(UCCSD) = -1.20949050558041  dE = 0.000498395568  norm(t1,t2) = 0.00367377
cycle = 7  E_corr(UCCSD) = -1.20948106841876  dE = 9.43716166e-06  norm(t1,t2) = 0.00123042
cycle = 8  E_corr(UCCSD) = -1.20960682714956  dE = -0.000125758731  norm(t1,t2) = 0.000416668
cycle = 9  E_corr(UCCSD) = -1.20960584619672  dE = 9.80952841e-07  norm(t1,t2) = 0.000175915
cycle = 10  E_corr(UCCSD) = -1.20960261127628  dE = 3.23492045e-06  norm(t1,t2) = 4.73279e-05
cycle = 11  E_corr(UCCSD) = -1.20960096938133  dE = 1.64189495e-06  norm(t1,t2) = 1.86709e-05
cycle = 12  E_corr(UCCSD) = -1.20960059631757  dE = 3.73063761e-07  norm(t1,t2) = 8.74627e-06
cycle = 13  E_corr(UCCSD) = -1.20960046325537  dE = 1.33062194e-07  norm(t1,t2) = 3.1407e-06
cycle = 14  E_corr(UCCSD) = -1.20960053883877  dE = -7.55833995e-08  norm(t1,t2) = 1.55759e-06
cycle = 15  E_corr(UCCSD) = -1.20960052555495  dE = 1.32838214e-08  norm(t1,t2) = 7.18252e-07
UCCSD converged
E(UCCSD) = -1194.899665443389  E_corr = -1.20960052555495
