
    ________                     _____                    
    ___  __ \___  __________________(_)_____________ _    
    __  /_/ /  / / /_  __ \_  __ \_  /__  __ \_  __ `/    
    _  _, _// /_/ /_  / / /  / / /  / _  / / /  /_/ /     
    /_/ |_| \__,_/ /_/ /_//_/ /_//_/  /_/ /_/_\__, /      
                                             /____/       
    _____________________________  ___________            
    ___    |__  ____/_  __ \__   |/  /_  ____/            
    __  /| |_  /_   _  / / /_  /|_/ /_  /                 
    _  ___ |  __/   / /_/ /_  /  / / / /___               
    /_/  |_/_/      \___\_\/_/  /_/  \____/               

Hostname:     gpua023.delta.ncsa.illinois.edu
System:       Linux
Node:         gpua023.delta.ncsa.illinois.edu
Release:      5.14.0-427.91.1.el9_4.x86_64
Machine:      x86_64
Processor:    x86_64
JAX backend:  GPU
JAX devices:  [CudaDevice(id=0)]
Device kind:  NVIDIA A100-SXM4-40GB
Platform:     gpu

Load system from Integral File
Maximum memory per walker:            33.33 MB
Maximum number of Cholesky per chunk: 1298
Number of Cholesky chunks:            1
Number of Cholesky per chunk:         193
Number of padding Cholesky:           0

QMC System
Number of electrons: (2, 1)
Spin Multiplicity:   1
Number of orbitals:  29
Number of Chol:      193

QMC Parameters
eql_time            :                   50
n_blocks            :                 1000
n_walkers           :                  300
max_error           :                  0.0
seed                :                   17
walker_type         :                  uhf
trial               :             upt2ccsd
mix_precision       :                 True
max_memory          :                10000
dt                  :                0.005
n_exp_terms         :                    6
n_prop_steps        :                   50
save_walkers        :                False
free_projection     :                False
n_batch             :                    1
nchol_chunk         :                  193

Initalize QMC walkers by HF

Equilibration
inv_T        weight  killW        energy   runTime
 0.00    300.000000      0   -241.879046      9.90
 5.00    300.339773      0   -241.928691     17.64
10.00    300.029477      0   -241.924530     18.44
15.00    300.055660      0   -241.926217     19.24
20.00    299.793839      0   -241.929009     20.04
25.00    300.002640      0   -241.926746     20.84
30.00    299.838295      0   -241.922357     21.63
35.00    299.413436      0   -241.930102     22.43
40.00    299.385302      1   -241.922366     23.23
45.00    299.623411      0   -241.928804     24.03
50.00    299.717037      0   -241.921569     24.83

Sampling
blocks        weight  killW       E_Trial     error     olp_T/G     error  Walltime
    20    299.615399      0   -241.931614  0.000097    1.003608  0.000153   34.23
    40    299.575970      0   -241.931734  0.000080    1.003520  0.000130   35.72
    60    299.556036      0   -241.931769  0.000062    1.003336  0.000147   37.22
    80    299.523499      0   -241.931809  0.000062    1.003087  0.000197   38.71
   100    299.475577      0   -241.931794  0.000054    1.003038  0.000164   40.21
   120    299.403190      0   -241.931801  0.000060    1.003060  0.000145   41.87
   140    299.366670      0   -241.932242  0.000830    1.003067  0.000126   43.47
   160    299.332073      0   -241.932182  0.000727    1.003026  0.000112   45.16
   180    299.311447      0   -241.932136  0.000646    1.003044  0.000097   46.86
   200    299.283733      0   -241.932109  0.000582    1.003071  0.000090   48.52
   220    299.264386      0   -241.932085  0.000529    1.003083  0.000083   50.21
   240    299.247252      0   -241.932058  0.000485    1.003070  0.000080   51.89
   260    299.229944      0   -241.932037  0.000448    1.003094  0.000075   53.58
   280    299.213849      0   -241.932018  0.000416    1.003098  0.000069   55.26
   300    299.194744      0   -241.932011  0.000388    1.003143  0.000072   56.94
   320    299.181099      0   -241.931989  0.000364    1.003164  0.000069   58.63
   340    299.162843      0   -241.931986  0.000343    1.003170  0.000067   60.31
   360    299.142581      0   -241.931992  0.000324    1.003129  0.000069   62.00
   380    299.131616      0   -241.931990  0.000307    1.003117  0.000066   63.67
   400    299.123227      0   -241.931971  0.000291    1.003130  0.000064   65.36
   420    299.113450      0   -241.931968  0.000278    1.003126  0.000062   67.04
   440    299.103041      0   -241.931953  0.000265    1.003121  0.000060   68.72
   460    299.092978      0   -241.931947  0.000254    1.003101  0.000061   70.40
   480    299.085824      0   -241.931939  0.000243    1.003100  0.000060   72.09
   500    299.069699      0   -241.931934  0.000233    1.003119  0.000060   73.76
   520    299.057757      0   -241.931931  0.000224    1.003110  0.000060   75.44
   540    299.051120      0   -241.931919  0.000216    1.003128  0.000060   77.13
   560    299.040243      0   -241.931903  0.000209    1.003130  0.000059   78.81
   580    299.039610      0   -241.931907  0.000201    1.003121  0.000058   80.49
   600    299.031825      0   -241.931907  0.000195    1.003135  0.000057   82.17
   620    299.025302      0   -241.931905  0.000188    1.003148  0.000056   83.85
   640    299.017677      0   -241.931898  0.000183    1.003151  0.000056   85.53
   660    299.013781      0   -241.931893  0.000177    1.003149  0.000054   87.22
   680    299.012344      0   -241.931893  0.000172    1.003141  0.000054   88.90
   700    299.007495      0   -241.931896  0.000167    1.003139  0.000053   90.58
   720    299.007851      0   -241.931897  0.000162    1.003141  0.000052   92.27
   740    299.005407      0   -241.931892  0.000158    1.003140  0.000051   93.95
   760    299.003891      0   -241.931891  0.000154    1.003133  0.000051   95.63
   780    298.999301      0   -241.931881  0.000150    1.003120  0.000052   97.31
   800    298.998088      0   -241.931880  0.000146    1.003132  0.000052   98.98
   820    298.998488      0   -241.931884  0.000143    1.003133  0.000051  100.67
   840    298.996336      0   -241.931881  0.000139    1.003134  0.000051  102.36
   860    298.996340      0   -241.931879  0.000136    1.003129  0.000051  104.03
   880    298.997573      0   -241.931873  0.000133    1.003116  0.000050  105.71
   900    298.995332      0   -241.931869  0.000130    1.003116  0.000051  107.40
   920    298.994345      0   -241.931870  0.000127    1.003119  0.000050  109.07
   940    298.994557      0   -241.931868  0.000125    1.003124  0.000049  110.75
   960    298.995250      0   -241.931865  0.000122    1.003123  0.000048  112.50
   980    298.995330      0   -241.931861  0.000120    1.003114  0.000047  114.20
  1000    298.994504      0   -241.931858  0.000117    1.003110  0.000048  115.89

Post Propagation Process
Total number of samples 1000
Raw Trial/Guide overlap ratio:          1.003110 ± 0.000048
Raw AFQMC/pt2CCSD energy (covariance): -241.931858 ± 0.000117
Raw AFQMC/pt2CCSD energy (dir sample): -241.931858 ± 0.000060

Remove Outliers
removing energies outside zeta > 30
Outlier energy bound [-241.941653, -241.921928]
Removed 1 outliers with energies [-241.99031221]
Clean AFQMC/pt2CCSD overlap ratio:        1.003110 ± 0.000047
Clean AFQMC/pt2CCSD energy (covariance): -241.931799 ± 0.000017
Clean AFQMC/ptCCSD energy (dir sample):  -241.931799 ± 0.000011

Blocking Analysis
nsample = 999, max_block_size = 24, min_nblocks = 40
   B    NB    NS  Observable     Error    dError
   1   999   999    1.003110  0.000015  0.000000
   2   499   998    1.003110  0.000021  0.000001
   3   333   999    1.003110  0.000024  0.000001
   4   249   996    1.003111  0.000027  0.000001
   5   199   995    1.003111  0.000030  0.000001
   6   166   996    1.003111  0.000031  0.000002
   7   142   994    1.003111  0.000033  0.000002
   8   124   992    1.003110  0.000034  0.000002
   9   111   999    1.003110  0.000036  0.000002
  10    99   990    1.003111  0.000036  0.000003
  11    90   990    1.003111  0.000038  0.000003
  12    83   996    1.003111  0.000038  0.000003
  13    76   988    1.003111  0.000040  0.000003
  14    71   994    1.003111  0.000040  0.000003
  15    66   990    1.003111  0.000040  0.000004
  16    62   992    1.003110  0.000042  0.000004
  17    58   986    1.003111  0.000042  0.000004
  18    55   990    1.003111  0.000044  0.000004
  19    52   988    1.003111  0.000045  0.000004
  20    49   980    1.003114  0.000045  0.000005
  21    47   987    1.003111  0.000047  0.000005
  22    45   990    1.003111  0.000044  0.000005
  23    43   989    1.003111  0.000044  0.000005
  24    41   984    1.003112  0.000045  0.000005
Fit (variance): plateau_var = 2.298e-09 ± 2.845e-10
Fit (error):    plateau = 0.000048 ± 0.000003
     autocorrelation length ~ 11.3 blocks
     plateau reached at block size ~ 52
     !!!Failed to reach plateau in blocking
     Return max block error
nclean = 999, max_block_size = 24, min_nblocks = 40
Blk_SZ   NBlk   NSmp      Energy     Error    dError
     1    999    999  -241.931785  0.000011  0.000000
     2    499    998  -241.931786  0.000014  0.000000
     3    333    999  -241.931787  0.000014  0.000001
     4    249    996  -241.931786  0.000015  0.000001
     5    199    995  -241.931787  0.000016  0.000001
     6    166    996  -241.931787  0.000016  0.000001
     7    142    994  -241.931788  0.000016  0.000001
     8    124    992  -241.931789  0.000017  0.000001
     9    111    999  -241.931790  0.000017  0.000001
    10     99    990  -241.931789  0.000018  0.000001
    11     90    990  -241.931789  0.000018  0.000001
    12     83    996  -241.931789  0.000018  0.000001
    13     76    988  -241.931789  0.000019  0.000002
    14     71    994  -241.931790  0.000017  0.000001
    15     66    990  -241.931792  0.000020  0.000002
    16     62    992  -241.931791  0.000018  0.000002
    17     58    986  -241.931791  0.000018  0.000002
    18     55    990  -241.931791  0.000018  0.000002
    19     52    988  -241.931792  0.000020  0.000002
    20     49    980  -241.931793  0.000019  0.000002
    21     47    987  -241.931792  0.000019  0.000002
    22     45    990  -241.931792  0.000020  0.000002
    23     43    989  -241.931794  0.000021  0.000002
    24     41    984  -241.931795  0.000020  0.000002
Fit (variance): plateau_var = 3.575939e-10 ± 2.264180e-11
Fit (error):    plateau = 0.000019 ± 0.000001
     autocorrelation length ~ 4.7 blocks
     plateau reached at block size ~ 21
Final AFQMC/pt2CCSD overlap ratio: 1.003110 ± 0.000047
Final AFQMC/pt2CCSD energy: -241.931799 ± 0.000019
Total run time: 124.15

AFQMC Sampling Finished

