#INFO: **** input file is /work/hdd/bdka/yzhang65/w4_17/w4-17_all/afqmc_input/batch9/run_afqmc.py ****
import os
import sys
import re
import gc
sys.path.insert(0, os.path.join(os.path.dirname(os.path.abspath(__file__)), '..', '..', 'script'))
# sys.path.insert(0, '/u/yzhang65/mywork/yzhang65/w4_17/w4-17_all/script')

os.environ.setdefault("XLA_PYTHON_CLIENT_ALLOCATOR", "platform")
import jax
jax.config.update("jax_enable_x64", True)

from pyscf import gto, scf, cc
from afqmc import integral, launch_afqmc
from mol_select import get_xyz_files
import truncate_basis

# ---------------------------------------------------------------------------
# Configuration
# ---------------------------------------------------------------------------
which_system     = "atom"  # "closed" or "open"
symmetry         = False
select_molecules = None
#     "h2", "h2co", "h2o", "h2s", "hccf", "hcl", "hclo4", "hcn", "hcno",
#     "n2", "n2h4", "n2o", "n-butane", "n-pentane", "s2o", "s3", "s4-c2v",
#     "sf6", "si2h6", "sif4", "sih3f", "sih4", "silole", "sio", "so2", "so3",
#     "t-butadiene", "tetrahedrane", "t-hcoh", "thiophene", "t-hono", "t-n2h2",
#     "trans-c2f2cl2", "propyne", "pyrrole",
#     ]
index            = None          # e.g. "1-10", "5", "1,3,5-8", or None for all
basis            = "vtzfp"

xyz_dir      = f"../../w4_17_xyz/{which_system}"
results_file = f"./{which_system}_afqmc_{basis}.dat"
out_dir      = f"../../result/molout/{which_system}/tz"
os.makedirs(out_dir, exist_ok=True)

xyz_files = get_xyz_files(xyz_dir, select_molecules=select_molecules, index=index)

# ---------------------------------------------------------------------------
# Write results header
# ---------------------------------------------------------------------------
with open(results_file, "w") as out:
    out.write(f"{'Molecule':<16s} {'E_HF (Eh)':>20s} {'E_CCSD (Eh)':>20s} "
              f"{'E_AFQMC (Eh)':>15s} {'E_AFQMC ERR (Eh)':>15s}\n")

# ---------------------------------------------------------------------------
# Helper
# ---------------------------------------------------------------------------
_afqmc_energy_re = re.compile(
    r"Final AFQMC/pt2CCSD energy:\s*([-+]?\d*\.?\d+(?:[eE][-+]?\d+)?)"
    r"\s*(?:±|\+/-)\s*([-+]?\d*\.?\d+(?:[eE][-+]?\d+)?)"
)

def extract_afqmc_energy(filename):
    try:
        with open(filename, encoding="utf-8") as f:
            for line in f:
                m = _afqmc_energy_re.search(line)
                if m:
                    return float(m.group(1)), float(m.group(2))
    except (OSError, IOError):
        pass
    return 0, 0

def free_memory():
    """Release GPU + CPU memory held over from the previous molecule.

    JAX keeps every live device array and the JIT compilation cache around
    between iterations, so without this the GPU usage grows molecule to
    molecule. We drop the compilation cache, force-delete every live device
    buffer (the next molecule rebuilds everything from scratch), and run the
    Python garbage collector to release the large pyscf CPU arrays.
    """
    jax.clear_caches()
    for arr in jax.live_arrays():
        try:
            arr.delete()
        except Exception:
            pass
    gc.collect()

# ---------------------------------------------------------------------------
# Main loop
# ---------------------------------------------------------------------------
def run_molecule(xyz_path):

    qmc_walker       = "uhf" # Default. Fall to rhf if the mf is RHF
    qmc_trial        = "upt2ccsd"

    with open(xyz_path) as f:
        lines = f.readlines()

    second_line = lines[1]
    charge   = int(second_line.split("charge=")[1].split()[0])
    spin     = int(second_line.split("mult=")[1].split()[0]) - 1
    mol_name = second_line.split()[0]
    atoms    = "".join(lines[2:])

    print(f"\n{'='*60}\nRunning: {mol_name}  charge={charge}  spin={spin}\n{'='*60}")

    mol = gto.M(
        atom=atoms,
        basis=truncate_basis.get_basis(atoms, basis),
        verbose=4,
        output=os.path.join(out_dir, f"{mol_name}_{basis}.out"),
        unit="angstrom",
        symmetry=symmetry,
        charge=charge,
        spin=spin,
        max_memory=40000,
    )

    mf = scf.UHF(mol)
    mf.max_cycle = 200
    mf = mf.newton()
    mf.kernel()

    if mol_name == "h":
        with open(results_file, "a") as out:
            out.write(f"{mol_name:<16s} {mf.e_tot:>20.10f} {mf.e_tot:>20.10f} "
                      f"{mf.e_tot:>15.5f} {0.0:>15.5f}\n")
        return

    stable = False
    for _ in range(10):
        mo_i, _, stable, _ = mf.stability(return_status=True)
        if stable:
            break
        dm = mf.make_rdm1(mo_i, mf.mo_occ)
        mf.kernel(dm0=dm)

    ss, s = mf.spin_square()
    tol = 1e-6
    if abs(ss) < tol and abs(s - 1.0) < tol:
        print("Not a UHF solution. Convert to RHF")
        
        qmc_walker = "rhf"
        qmc_trial = "pt2ccsd"

        mf = mf.to_rhf()
        mf.kernel()
        stable = False
        for _ in range(10):
            mo_i, _, stable, _ = mf.stability(return_status=True)
            if stable:
                break
            dm = mf.make_rdm1(mo_i, mf.mo_occ)
            mf.kernel(dm0=dm)

    if not stable or not mf.converged:
        print(f"  !! SCF did not converge for {mol_name} — skipping.")
        with open(results_file, "a") as out:
            out.write(f"{mol_name:<16s} {'UNCONVERGED':>20s} {'UNCONVERGED':>20s} {'UNCONVERGED':>20s}\n")
        return

    mycc = cc.CCSD(mf)
    mycc.set_frozen()
    mycc.kernel()

    integral.prep_integral(mycc, chol_cut=1e-5)
    options = {
        'eql_time':      50,
        'n_blocks':      1000,
        'n_walkers':     300,
        'max_error':     0.0,
        'seed':          17,
        'walker_type':   qmc_walker,
        'trial':         qmc_trial,
        'mix_precision': True,
        'max_memory':    10000, #MB
    }
    launch_afqmc.ph_afqmc(options)

    afqmc_out = os.path.join(out_dir, f"{mol_name}_afqmc_{basis}.out")
    os.system(f"mv afqmc.out {afqmc_out}")
    eqmc, eqmc_err = extract_afqmc_energy(afqmc_out)

    with open(results_file, "a") as out:
        out.write(f"{mol_name:<16s} {mf.e_tot:>20.10f} {mycc.e_tot:>20.10f} "
                  f"{eqmc:>15.5f} {eqmc_err:>15.5f}\n")

    print(f"  => E_HF({mol_name})      = {mf.e_tot:.10f} Eh")
    print(f"  => E_CCSD({mol_name})    = {mycc.e_tot:.10f} Eh")
    print(f"  => E_AFQMC({mol_name})   = {eqmc:.5f} +/- {eqmc_err:.5f} Eh")


for xyz_path in xyz_files:
    try:
        run_molecule(xyz_path)
    except Exception as exc:
        # Don't let one molecule kill the whole batch job.
        print(f"  !! {xyz_path} failed: {exc}")
    finally:
        # Free GPU + CPU memory before starting the next molecule. The pyscf
        # objects created inside run_molecule() are already out of scope here,
        # so gc.collect() can reclaim them.
        free_memory()

print(f"\nAll calculations complete. Results saved to {results_file}")
#INFO: ******************** input file end ********************


System: uname_result(system='Linux', node='gpua023.delta.ncsa.illinois.edu', release='5.14.0-427.91.1.el9_4.x86_64', version='#1 SMP PREEMPT_DYNAMIC Wed Sep 17 10:08:59 EDT 2025', machine='x86_64')  Threads 16
Python 3.11.14 (main, Oct 21 2025, 18:31:21) [GCC 11.2.0]
numpy 2.3.5  scipy 1.16.3  h5py 3.15.1
Date: Sun Jun  7 00:43:58 2026
PySCF version 2.11.0
PySCF path  /u/yzhang65/myprojects/software/pyscf
GIT HEAD (branch master) f520f5381c0b41f716d847009817cbc64e52c0d5

[ENV] PYSCF_TMPDIR /projects/bdka/yzhang65/scratch/pyscf
[ENV] PYSCF_EXT_PATH /u/yzhang65/myprojects/software/pyscf-forge
[CONFIG] conf_file None
[INPUT] verbose = 4
[INPUT] num. atoms = 1
[INPUT] num. electrons = 13
[INPUT] charge = 0
[INPUT] spin (= nelec alpha-beta = 2S) = 1
[INPUT] symmetry False subgroup None
[INPUT] Mole.unit = angstrom
[INPUT] Symbol           X                Y                Z      unit          X                Y                Z       unit  Magmom
[INPUT]  1 Al     0.000000000000   0.000000000000   0.000000000000 AA    0.000000000000   0.000000000000   0.000000000000 Bohr   0.0

nuclear repulsion = 0
number of shells = 9
number of NR pGTOs = 59
number of NR cGTOs = 34
basis = {'Al': [[0, [205500.0, 6.78836e-05, -1.76377e-05, 4.07315e-06], [30780.0, 0.000527149, -0.000137195, 3.16566e-05], [7006.0, 0.00276203, -0.00071891, 0.000166116], [1985.0, 0.0114728, -0.00301146, 0.000694992], [649.1, 0.0398188, -0.0106014, 0.00245511], [235.0, 0.11504, -0.0321345, 0.00744598], [91.62, 0.260887, -0.0803156, 0.0188253], [37.67, 0.396386, -0.156794, 0.0372772], [15.91, 0.284597, -0.168376, 0.0419496], [5.85, 0.0444583, 0.126879, -0.0354375], [2.542, -0.00489838, 0.561494, -0.175132], [1.057, 0.00261253, 0.436613, -0.276203], [0.1455, 0.000722068, -0.0114563, 0.652809]], [0, [0.2931, 1.0]], [0, [0.0565, 1.0]], [1, [444.4, 0.00162786, -0.000286341], [105.1, 0.0130687, -0.00242308], [33.47, 0.0612341, -0.0108658], [12.33, 0.18787, -0.0364307], [4.869, 0.360452, -0.0641074], [1.961, 0.408454, -0.0972239], [0.1888, 0.00976514, 0.503448]], [1, [0.7834, 1.0]], [1, [0.05557, 1.0]], [2, [0.109, 1.0]], [2, [0.333, 1.0]], [3, [0.244, 1.0]]]}
ecp = {}
CPU time:         4.57




******** <class 'pyscf.soscf.newton_ah.SecondOrderUHF'> ********
method = SecondOrderUHF
initial guess = minao
damping factor = 0
level_shift factor = 0
DIIS = <class 'pyscf.scf.diis.CDIIS'>
diis_start_cycle = 1
diis_space = 8
diis_damp = 0
SCF conv_tol = 1e-09
SCF conv_tol_grad = None
SCF max_cycles = 200
direct_scf = True
direct_scf_tol = 1e-13
chkfile to save SCF result = /projects/bdka/yzhang65/scratch/pyscf/tmpzvj93uxe
max_memory 40000 MB (current use 153 MB)
number electrons alpha = 7  beta = 6
******** <class 'pyscf.scf.uhf.UHF'> Newton solver flags ********
SCF tol = 1e-09
conv_tol_grad = None
max. SCF cycles = 200
direct_scf = True
direct_scf_tol = 1e-13
chkfile to save SCF result = /projects/bdka/yzhang65/scratch/pyscf/tmpzvj93uxe
max_cycle_inner = 12
max_stepsize = 0.05
ah_start_tol = 1e+09
ah_level_shift = 0
ah_conv_tol = 1e-12
ah_lindep = 1e-14
ah_start_cycle = 1
ah_max_cycle = 40
ah_grad_trust_region = 2.5
kf_interval = 4
kf_trust_region = 5
canonicalization = True
max_memory 40000 MB (current use 153 MB)
Set conv_tol_grad to 3.16228e-05

WARN: alpha nocc = 7  HOMO 0.0100138442410618 >= LUMO 0.0100138442410621

  beta  nocc = 6  HOMO = -0.375522137953271  LUMO = 0.0100138442410618

WARN: system HOMO 0.0100138442410618 >= system LUMO 0.0100138442410618

Initial guess E= -241.867809014612  |g|= 0.0642578
macro= 0  E= -241.879045622032  delta_E= -0.0112366  |g|= 0.000426797  3 KF 12 JK
macro= 1  E= -241.879045626838  delta_E= -4.80642e-09  |g|= 4.03268e-05  1 KF 4 JK
macro= 2  E= -241.879045626838  delta_E= 0  |g|= 4.27017e-06  1 KF 2 JK
Canonicalize SCF orbitals
macro X = 3  E=-241.879045626838  |g|= 4.27017e-06  total 6 KF 22 JK
converged SCF energy = -241.879045626838  <S^2> = 0.76962712  2S+1 = 2.0195318
uhf_internal: lowest eigs of H = [6.04444396e-07 1.33477662e-06 8.29896909e-02]
<class 'pyscf.soscf.newton_ah.SecondOrderUHF'> wavefunction is stable in the internal stability analysis

******** <class 'pyscf.cc.uccsd.UCCSD'> ********
CC2 = 0
CCSD nocc = (np.int64(2), np.int64(1)), nmo = (29, 29)
frozen orbitals 5
max_cycle = 50
direct = 0
conv_tol = 1e-07
conv_tol_normt = 1e-06
diis_space = 6
diis_start_cycle = 0
diis_start_energy_diff = 1e+09
max_memory 40000 MB (current use 176 MB)
Init t2, MP2 energy = -0.0358512143841624
Init E_corr(UCCSD) = -0.0358512143893806
cycle = 1  E_corr(UCCSD) = -0.0450122514636044  dE = -0.00916103707  norm(t1,t2) = 0.0602166
cycle = 2  E_corr(UCCSD) = -0.0482797173686225  dE = -0.00326746591  norm(t1,t2) = 0.0277882
cycle = 3  E_corr(UCCSD) = -0.0509911577711055  dE = -0.0027114404  norm(t1,t2) = 0.014174
cycle = 4  E_corr(UCCSD) = -0.0509877013899066  dE = 3.4563812e-06  norm(t1,t2) = 0.00224202
cycle = 5  E_corr(UCCSD) = -0.0510228393180203  dE = -3.51379281e-05  norm(t1,t2) = 0.000341288
cycle = 6  E_corr(UCCSD) = -0.0510102410422985  dE = 1.25982757e-05  norm(t1,t2) = 7.77762e-05
cycle = 7  E_corr(UCCSD) = -0.051016064086681  dE = -5.82304438e-06  norm(t1,t2) = 2.68122e-05
cycle = 8  E_corr(UCCSD) = -0.0510145641927482  dE = 1.49989393e-06  norm(t1,t2) = 8.45556e-06
cycle = 9  E_corr(UCCSD) = -0.051014585265726  dE = -2.10729778e-08  norm(t1,t2) = 1.08696e-06
cycle = 10  E_corr(UCCSD) = -0.0510145901568148  dE = -4.89108883e-09  norm(t1,t2) = 3.56931e-07
UCCSD converged
E(UCCSD) = -241.9300602169949  E_corr = -0.05101459015681482
