
    ________                     _____                    
    ___  __ \___  __________________(_)_____________ _    
    __  /_/ /  / / /_  __ \_  __ \_  /__  __ \_  __ `/    
    _  _, _// /_/ /_  / / /  / / /  / _  / / /  /_/ /     
    /_/ |_| \__,_/ /_/ /_//_/ /_//_/  /_/ /_/_\__, /      
                                             /____/       
    _____________________________  ___________            
    ___    |__  ____/_  __ \__   |/  /_  ____/            
    __  /| |_  /_   _  / / /_  /|_/ /_  /                 
    _  ___ |  __/   / /_/ /_  /  / / / /___               
    /_/  |_/_/      \___\_\/_/  /_/  \____/               

Hostname:     gpua023.delta.ncsa.illinois.edu
System:       Linux
Node:         gpua023.delta.ncsa.illinois.edu
Release:      5.14.0-427.91.1.el9_4.x86_64
Machine:      x86_64
Processor:    x86_64
JAX backend:  GPU
JAX devices:  [CudaDevice(id=0)]
Device kind:  NVIDIA A100-SXM4-40GB
Platform:     gpu

Load system from Integral File
Maximum memory per walker:            33.33 MB
Maximum number of Cholesky per chunk: 1298
Number of Cholesky chunks:            1
Number of Cholesky per chunk:         179
Number of padding Cholesky:           0

QMC System
Number of electrons: (4, 1)
Spin Multiplicity:   3
Number of orbitals:  29
Number of Chol:      179

QMC Parameters
eql_time            :                   50
n_blocks            :                 1000
n_walkers           :                  300
max_error           :                  0.0
seed                :                   17
walker_type         :                  uhf
trial               :             upt2ccsd
mix_precision       :                 True
max_memory          :                10000
dt                  :                0.005
n_exp_terms         :                    6
n_prop_steps        :                   50
save_walkers        :                False
free_projection     :                False
n_batch             :                    1
nchol_chunk         :                  179

Initalize QMC walkers by HF

Equilibration
inv_T        weight  killW        energy   runTime
 0.00    300.000000      0   -340.716305      5.81
 5.00    301.075423      0   -340.813887     13.14
10.00    300.984186      0   -340.815088     13.96
15.00    301.331567      0   -340.822238     14.79
20.00    301.334457      0   -340.828486     15.61
25.00    301.034333      0   -340.819046     16.44
30.00    301.278107      0   -340.815812     17.26
35.00    301.175953      0   -340.815757     18.08
40.00    301.210403      0   -340.832872     18.91
45.00    300.594089      0   -340.817516     19.73
50.00    301.289258      0   -340.817937     20.55

Sampling
blocks        weight  killW       E_Trial     error     olp_T/G     error  Walltime
    20    301.136419      0   -340.821497  0.000078    1.000284  0.000037   29.36
    40    301.024890      0   -340.821618  0.000065    1.000217  0.000045   30.89
    60    300.872494      0   -340.821610  0.000058    1.000221  0.000031   32.41
    80    300.786356      0   -340.821647  0.000056    1.000197  0.000027   33.94
   100    300.686513      0   -340.821649  0.000050    1.000208  0.000025   35.46
   120    300.580300      0   -340.821635  0.000046    1.000217  0.000022   37.17
   140    300.510042      0   -340.821665  0.000051    1.000236  0.000023   38.89
   160    300.439217      0   -340.821653  0.000047    1.000236  0.000020   40.61
   180    300.379820      0   -340.821668  0.000044    1.000239  0.000018   42.32
   200    300.333173      0   -340.821680  0.000041    1.000240  0.000017   44.03
   220    300.286346      0   -340.821675  0.000038    1.000243  0.000015   45.75
   240    300.241467      0   -340.821680  0.000038    1.000242  0.000014   47.46
   260    300.199011      0   -340.821681  0.000036    1.000242  0.000013   49.17
   280    300.165732      0   -340.821678  0.000034    1.000239  0.000013   50.94
   300    300.130417      0   -340.821666  0.000033    1.000237  0.000012   52.57
   320    300.100774      0   -340.821671  0.000032    1.000228  0.000013   54.29
   340    300.073876      0   -340.821677  0.000031    1.000231  0.000013   56.01
   360    300.053220      0   -340.821683  0.000030    1.000238  0.000013   57.72
   380    300.033794      0   -340.821689  0.000029    1.000237  0.000012   59.43
   400    300.012163      0   -340.821693  0.000028    1.000237  0.000012   61.15
   420    299.994278      0   -340.821696  0.000027    1.000234  0.000011   62.86
   440    299.978294      0   -340.821706  0.000027    1.000236  0.000011   64.58
   460    299.964420      0   -340.821717  0.000026    1.000240  0.000011   66.28
   480    299.949315      0   -340.821716  0.000026    1.000240  0.000011   68.00
   500    299.936532      0   -340.821719  0.000025    1.000244  0.000011   69.71
   520    299.922588      0   -340.821713  0.000024    1.000247  0.000011   71.42
   540    299.911930      0   -340.821710  0.000024    1.000248  0.000011   73.13
   560    299.901461      0   -340.821713  0.000023    1.000250  0.000012   74.85
   580    299.893132      0   -340.821725  0.000023    1.000249  0.000011   76.57
   600    299.884797      0   -340.821720  0.000023    1.000244  0.000012   78.28
   620    299.873540      0   -340.821712  0.000023    1.000241  0.000012   80.01
   640    299.861480      0   -340.821708  0.000022    1.000242  0.000011   81.72
   660    299.854965      0   -340.821708  0.000022    1.000242  0.000011   83.44
   680    299.845593      0   -340.821701  0.000021    1.000241  0.000011   85.16
   700    299.841046      0   -340.821713  0.000022    1.000242  0.000010   86.88
   720    299.834786      0   -340.821717  0.000022    1.000243  0.000010   88.60
   740    299.828804      0   -340.821719  0.000022    1.000242  0.000010   90.31
   760    299.824742      0   -340.821724  0.000021    1.000240  0.000010   92.03
   780    299.819802      0   -340.821720  0.000021    1.000238  0.000010   93.74
   800    299.814974      0   -340.821713  0.000021    1.000237  0.000010   95.46
   820    299.809896      0   -340.821713  0.000020    1.000238  0.000010   97.18
   840    299.806503      0   -340.821724  0.000021    1.000238  0.000011   98.89
   860    299.802670      0   -340.821725  0.000020    1.000239  0.000011  100.51
   880    299.797751      0   -340.821726  0.000020    1.000239  0.000010  102.23
   900    299.793243      0   -340.821728  0.000020    1.000241  0.000010  103.96
   920    299.790138      0   -340.821728  0.000020    1.000242  0.000010  105.68
   940    299.787623      0   -340.821726  0.000020    1.000243  0.000010  107.39
   960    299.782684      0   -340.821725  0.000019    1.000243  0.000010  109.10
   980    299.778534      0   -340.821723  0.000019    1.000243  0.000010  110.87
  1000    299.775654      0   -340.821719  0.000019    1.000244  0.000009  112.57

Post Propagation Process
Total number of samples 1000
Raw Trial/Guide overlap ratio:          1.000244 ± 0.000009
Raw AFQMC/pt2CCSD energy (covariance): -340.821719 ± 0.000019
Raw AFQMC/pt2CCSD energy (dir sample): -340.821719 ± 0.000015

Remove Outliers
removing energies outside zeta > 30
Outlier energy bound [-340.833790, -340.809516]
Removed 0 outliers with energies []
Clean AFQMC/pt2CCSD overlap ratio:        1.000244 ± 0.000009
Clean AFQMC/pt2CCSD energy (covariance): -340.821719 ± 0.000019
Clean AFQMC/ptCCSD energy (dir sample):  -340.821719 ± 0.000015

Blocking Analysis
nsample = 1000, max_block_size = 25, min_nblocks = 40
   B    NB    NS  Observable     Error    dError
   1  1000  1000    1.000244  0.000003  0.000000
   2   500  1000    1.000244  0.000004  0.000000
   3   333   999    1.000244  0.000005  0.000000
   4   250  1000    1.000244  0.000006  0.000000
   5   200  1000    1.000244  0.000006  0.000000
   6   166   996    1.000244  0.000006  0.000000
   7   142   994    1.000244  0.000007  0.000000
   8   125  1000    1.000244  0.000007  0.000000
   9   111   999    1.000244  0.000007  0.000000
  10   100  1000    1.000244  0.000007  0.000001
  11    90   990    1.000244  0.000007  0.000001
  12    83   996    1.000244  0.000008  0.000001
  13    76   988    1.000243  0.000008  0.000001
  14    71   994    1.000244  0.000008  0.000001
  15    66   990    1.000244  0.000008  0.000001
  16    62   992    1.000243  0.000008  0.000001
  17    58   986    1.000243  0.000008  0.000001
  18    55   990    1.000244  0.000008  0.000001
  19    52   988    1.000243  0.000008  0.000001
  20    50  1000    1.000244  0.000008  0.000001
  21    47   987    1.000243  0.000009  0.000001
  22    45   990    1.000244  0.000009  0.000001
  23    43   989    1.000243  0.000009  0.000001
  24    41   984    1.000243  0.000009  0.000001
  25    40  1000    1.000244  0.000009  0.000001
Fit (variance): plateau_var = 8.124e-11 ± 7.978e-12
Fit (error):    plateau = 0.000009 ± 0.000000
     autocorrelation length ~ 9.1 blocks
     plateau reached at block size ~ 42
     !!!Failed to reach plateau in blocking
     Return max block error
nclean = 1000, max_block_size = 25, min_nblocks = 40
Blk_SZ   NBlk   NSmp      Energy     Error    dError
     1   1000   1000  -340.821704  0.000015  0.000000
     2    500   1000  -340.821706  0.000018  0.000001
     3    333    999  -340.821708  0.000019  0.000001
     4    250   1000  -340.821708  0.000020  0.000001
     5    200   1000  -340.821710  0.000020  0.000001
     6    166    996  -340.821711  0.000021  0.000001
     7    142    994  -340.821713  0.000022  0.000001
     8    125   1000  -340.821710  0.000023  0.000001
     9    111    999  -340.821712  0.000020  0.000001
    10    100   1000  -340.821711  0.000022  0.000002
    11     90    990  -340.821714  0.000024  0.000002
    12     83    996  -340.821715  0.000021  0.000002
    13     76    988  -340.821717  0.000021  0.000002
    14     71    994  -340.821716  0.000023  0.000002
    15     66    990  -340.821717  0.000024  0.000002
    16     62    992  -340.821717  0.000024  0.000002
    17     58    986  -340.821718  0.000023  0.000002
    18     55    990  -340.821718  0.000023  0.000002
    19     52    988  -340.821719  0.000022  0.000002
    20     50   1000  -340.821715  0.000023  0.000002
    21     47    987  -340.821719  0.000024  0.000002
    22     45    990  -340.821717  0.000026  0.000003
    23     43    989  -340.821718  0.000024  0.000003
    24     41    984  -340.821720  0.000023  0.000003
    25     40   1000  -340.821716  0.000024  0.000003
Fit (variance): plateau_var = 5.190265e-10 ± 2.635099e-11
Fit (error):    plateau = 0.000023 ± 0.000001
     autocorrelation length ~ 3.4 blocks
     plateau reached at block size ~ 15
Final AFQMC/pt2CCSD overlap ratio: 1.000244 ± 0.000009
Final AFQMC/pt2CCSD energy: -340.821719 ± 0.000023
Total run time: 120.93

AFQMC Sampling Finished

