
    ________                     _____                    
    ___  __ \___  __________________(_)_____________ _    
    __  /_/ /  / / /_  __ \_  __ \_  /__  __ \_  __ `/    
    _  _, _// /_/ /_  / / /  / / /  / _  / / /  /_/ /     
    /_/ |_| \__,_/ /_/ /_//_/ /_//_/  /_/ /_/_\__, /      
                                             /____/       
    _____________________________  ___________            
    ___    |__  ____/_  __ \__   |/  /_  ____/            
    __  /| |_  /_   _  / / /_  /|_/ /_  /                 
    _  ___ |  __/   / /_/ /_  /  / / / /___               
    /_/  |_/_/      \___\_\/_/  /_/  \____/               

Hostname:     gpua082.delta.ncsa.illinois.edu
System:       Linux
Node:         gpua082.delta.ncsa.illinois.edu
Release:      5.14.0-427.91.1.el9_4.x86_64
Machine:      x86_64
Processor:    x86_64
JAX backend:  GPU
JAX devices:  [CudaDevice(id=0)]
Device kind:  NVIDIA A100-SXM4-40GB
Platform:     gpu

Load system from Integral File
Maximum memory per walker:            66.67
Maximum number of Cholesky per chunk: 649
Number of Cholesky chunks:            1
Number of Cholesky per chunk:         344
Number of padding Cholesky:           0

QMC System
Number of electrons: (4, 2)
Spin Multiplicity:   2
Number of orbitals:  58
Number of Chol:      344

QMC Parameters
eql_time            :                   50
n_blocks            :                 1000
n_walkers           :                  300
max_error           :                  0.0
seed                :                   17
walker_type         :                  uhf
trial               :             upt2ccsd
mix_precision       :                 True
max_memory          :                20000
dt                  :                0.005
n_exp_terms         :                    6
n_prop_steps        :                   50
save_walkers        :                False
free_projection     :                False
n_batch             :                    1
nchol_chunk         :                  344

Initalize QMC walkers by stochastic CCSD

Equilibration
inv_T        weight  killW        energy   runTime
 0.00    300.000000      0    -49.280360     67.70
 5.00    299.438489      0    -49.282383     76.39
10.00    298.158595      0    -49.287485     77.92
15.00    298.657027      0    -49.277651     79.40
20.00    298.448845      0    -49.283419     80.88
25.00    298.448469      1    -49.291549     82.37
30.00    298.413147      0    -49.277728     83.85
35.00    298.624343      0    -49.289955     85.33
40.00    297.929616      0    -49.286727     86.81
45.00    299.035725      0    -49.290443     88.29
50.00    298.274949      1    -49.288547     89.77

Sampling
blocks        weight  killW       E_Guide     error       E_Trial     error     olp_T/G     error  Walltime
    20    298.527761      7    -49.283359  0.001435    -49.296197  0.000673    1.147821  0.001758  105.71
    40    298.535178     16    -49.286216  0.002542    -49.296014  0.000479    1.150285  0.002227  116.64
    60    298.535143     25    -49.288323  0.002523    -49.295927  0.000382    1.154631  0.003164  127.70
    80    298.536324     29    -49.289145  0.001907    -49.296116  0.000336    1.156051  0.002446  138.78
   100    298.525744     36    -49.288553  0.001490    -49.296422  0.000365    1.156860  0.002127  149.84
   120    298.521560     43    -49.289072  0.001278    -49.296546  0.000339    1.155730  0.001890  160.89
   140    298.515485     51    -49.289029  0.001160    -49.296640  0.000324    1.153562  0.002184  171.95
   160    298.527220     51    -49.289731  0.001127    -49.296656  0.000298    1.153796  0.001962  183.00
   180    298.526670     59    -49.290299  0.001064    -49.296742  0.000306    1.153839  0.001766  194.07
   200    298.530863     63    -49.290246  0.000989    -49.296676  0.000290    1.154663  0.001760  205.13
   220    298.521131     70    -49.289691  0.000977    -49.296873  0.000281    1.156342  0.001974  216.19
   240    298.521580     75    -49.289761  0.000892    -49.296829  0.000273    1.157599  0.002007  227.24
   260    298.528375     80    -49.289921  0.000868    -49.296687  0.000258    1.157368  0.001881  238.30
   280    298.527780     82    -49.289803  0.000801    -49.296716  0.000249    1.157453  0.001759  249.36
   300    298.524336     86    -49.289806  0.000767    -49.296621  0.000240    1.157836  0.001666  260.42
   320    298.530681     89    -49.289917  0.000714    -49.296676  0.000230    1.157808  0.001567  271.48
   340    298.529681     92    -49.289747  0.000680    -49.296567  0.000222    1.156973  0.001584  282.54
   360    298.532416     95    -49.289470  0.000687    -49.296780  0.000604    1.156451  0.001564  293.60
   380    298.528312     99    -49.289177  0.000687    -49.296613  0.000574    1.156455  0.001481  304.67
   400    298.515088    109    -49.288987  0.000667    -49.296486  0.000547    1.156669  0.001422  315.73
   420    298.511262    114    -49.289104  0.000644    -49.296522  0.000523    1.156299  0.001386  326.81
   440    298.504503    118    -49.288917  0.000636    -49.296570  0.000501    1.156467  0.001382  337.86
   460    298.497376    125    -49.288973  0.000627    -49.296603  0.000480    1.156705  0.001348  348.92
   480    298.497178    133    -49.289133  0.000632    -49.296606  0.000461    1.156895  0.001399  359.99
   500    298.499425    138    -49.289357  0.000628    -49.296624  0.000444    1.156522  0.001394  371.05
   520    298.506899    141    -49.289641  0.000667    -49.296639  0.000428    1.156732  0.001337  382.12
   540    298.510575    145    -49.289648  0.000649    -49.296631  0.000412    1.157293  0.001388  393.20
   560    298.509948    148    -49.289596  0.000631    -49.296647  0.000399    1.157460  0.001399  404.24
   580    298.507696    151    -49.289537  0.000621    -49.296604  0.000386    1.157517  0.001365  415.30
   600    298.506228    158    -49.289725  0.000610    -49.296632  0.000376    1.157467  0.001348  426.36
   620    298.507611    164    -49.289808  0.000598    -49.296669  0.000364    1.157462  0.001301  437.43
   640    298.505258    170    -49.289789  0.000605    -49.296662  0.000354    1.157439  0.001306  448.54
   660    298.507502    172    -49.290001  0.000610    -49.296708  0.000344    1.157493  0.001274  459.59
   680    298.506200    177    -49.290093  0.000616    -49.296767  0.000336    1.157478  0.001296  470.64
   700    298.504900    181    -49.290034  0.000602    -49.296755  0.000327    1.157370  0.001267  481.71
   720    298.501419    189    -49.290122  0.000588    -49.296832  0.000320    1.157459  0.001238  492.77
   740    298.502886    195    -49.290091  0.000578    -49.296806  0.000312    1.157669  0.001219  503.83
   760    298.503070    198    -49.290069  0.000574    -49.296853  0.000305    1.157645  0.001224  514.88
   780    298.508214    204    -49.290119  0.000563    -49.296855  0.000297    1.157633  0.001194  525.95
   800    298.508900    206    -49.290042  0.000566    -49.296833  0.000291    1.157513  0.001169  537.01
   820    298.510551    213    -49.289993  0.000553    -49.296814  0.000284    1.157683  0.001144  548.08
   840    298.513985    216    -49.290020  0.000562    -49.296826  0.000278    1.157554  0.001119  559.13
   860    298.516089    223    -49.290070  0.000562    -49.296855  0.000272    1.157500  0.001099  570.20
   880    298.512323    228    -49.289843  0.000588    -49.296850  0.000266    1.157674  0.001083  583.29
   900    298.510777    232    -49.289764  0.000591    -49.296850  0.000261    1.157649  0.001062  594.38
   920    298.510335    235    -49.289706  0.000578    -49.296852  0.000256    1.157699  0.001038  605.45
   940    298.510407    239    -49.289726  0.000574    -49.296858  0.000251    1.157957  0.001046  616.52
   960    298.507247    247    -49.289736  0.000563    -49.296846  0.000246    1.158211  0.001084  627.56
   980    298.506980    251    -49.289772  0.000559    -49.296806  0.000242    1.158142  0.001084  638.62
  1000    298.505399    256    -49.289749  0.000545    -49.296772  0.000238    1.158362  0.001059  649.67

Post Propagation Process
Total number of samples 1000
Raw AFQMC/HF (Guide) energy:           -49.289749 ± 0.000545
Raw Trial/Guide overlap ratio:          1.158362 ± 0.001059
Raw AFQMC/pt2CCSD energy (covariance): -49.296772 ± 0.000238
Raw AFQMC/pt2CCSD energy (dir sample): -49.296772 ± 0.000139

Remove Outliers
removing energies outside zeta > 30
Outlier energy bound [-49.376803, -49.215958]
Removed 1 outliers with energies [-49.40152671]
Clean AFQMC/pt2CCSD overlap ratio:        1.158361 ± 0.001044
Clean AFQMC/pt2CCSD energy (covariance): -49.296666 ± 0.000126
Clean AFQMC/ptCCSD energy (dir sample):  -49.296666 ± 0.000091

Blocking Analysis
nsample = 999, max_block_size = 24, min_nblocks = 40
   B    NB    NS  Observable     Error    dError
   1   999   999    1.158362  0.000358  0.000008
   2   499   998    1.158331  0.000474  0.000015
   3   333   999    1.158362  0.000557  0.000022
   4   249   996    1.158283  0.000617  0.000028
   5   199   995    1.158278  0.000675  0.000034
   6   166   996    1.158283  0.000703  0.000039
   7   142   994    1.158272  0.000740  0.000044
   8   124   992    1.158250  0.000767  0.000049
   9   111   999    1.158362  0.000801  0.000054
  10    99   990    1.158237  0.000831  0.000059
  11    90   990    1.158237  0.000832  0.000062
  12    83   996    1.158283  0.000886  0.000069
  13    76   988    1.158221  0.000881  0.000072
  14    71   994    1.158272  0.000914  0.000077
  15    66   990    1.158237  0.000931  0.000082
  16    62   992    1.158250  0.000941  0.000085
  17    58   986    1.158187  0.000970  0.000091
  18    55   990    1.158237  0.000965  0.000093
  19    52   988    1.158221  0.001025  0.000101
  20    49   980    1.158136  0.000999  0.000102
  21    47   987    1.158205  0.001013  0.000106
  22    45   990    1.158237  0.000982  0.000105
  23    43   989    1.158230  0.001029  0.000112
  24    41   984    1.158154  0.001044  0.000117
Fit (variance): plateau_var = 1.135e-06 ± 1.333e-07
Fit (error):    plateau = 0.001065 ± 0.000063
     autocorrelation length ~ 10.6 blocks
     plateau reached at block size ~ 49
     !!!Failed to reach plateau in blocking
     Return max block error
nclean = 999, max_block_size = 24, min_nblocks = 40
Blk_SZ   NBlk   NSmp      Energy     Error    dError
     1    999    999  -49.296607  0.000091  0.000002
     2    499    998  -49.296604  0.000108  0.000003
     3    333    999  -49.296618  0.000120  0.000005
     4    249    996  -49.296612  0.000126  0.000006
     5    199    995  -49.296618  0.000134  0.000007
     6    166    996  -49.296618  0.000140  0.000008
     7    142    994  -49.296619  0.000141  0.000008
     8    124    992  -49.296617  0.000150  0.000010
     9    111    999  -49.296632  0.000158  0.000011
    10     99    990  -49.296626  0.000158  0.000011
    11     90    990  -49.296625  0.000163  0.000012
    12     83    996  -49.296626  0.000157  0.000012
    13     76    988  -49.296629  0.000164  0.000013
    14     71    994  -49.296626  0.000160  0.000013
    15     66    990  -49.296631  0.000173  0.000015
    16     62    992  -49.296626  0.000170  0.000015
    17     58    986  -49.296646  0.000160  0.000015
    18     55    990  -49.296630  0.000181  0.000017
    19     52    988  -49.296633  0.000182  0.000018
    20     49    980  -49.296663  0.000172  0.000018
    21     47    987  -49.296638  0.000164  0.000017
    22     45    990  -49.296629  0.000187  0.000020
    23     43    989  -49.296633  0.000175  0.000019
    24     41    984  -49.296655  0.000184  0.000021
Fit (variance): plateau_var = 3.142925e-08 ± 2.771042e-09
Fit (error):    plateau = 0.000177 ± 0.000008
     autocorrelation length ~ 7.3 blocks
     plateau reached at block size ~ 33
     !!!Failed to reach plateau in blocking
     Return max block error
Final AFQMC/pt2CCSD overlap ratio: 1.158361 ± 0.001044
Final AFQMC/pt2CCSD energy: -49.296666 ± 0.000187
Total run time: 671.56

AFQMC Sampling Finished

