
    ________                     _____                    
    ___  __ \___  __________________(_)_____________ _    
    __  /_/ /  / / /_  __ \_  __ \_  /__  __ \_  __ `/    
    _  _, _// /_/ /_  / / /  / / /  / _  / / /  /_/ /     
    /_/ |_| \__,_/ /_/ /_//_/ /_//_/  /_/ /_/_\__, /      
                                             /____/       
    _____________________________  ___________            
    ___    |__  ____/_  __ \__   |/  /_  ____/            
    __  /| |_  /_   _  / / /_  /|_/ /_  /                 
    _  ___ |  __/   / /_/ /_  /  / / / /___               
    /_/  |_/_/      \___\_\/_/  /_/  \____/               

Hostname:     gpua082.delta.ncsa.illinois.edu
System:       Linux
Node:         gpua082.delta.ncsa.illinois.edu
Release:      5.14.0-427.91.1.el9_4.x86_64
Machine:      x86_64
Processor:    x86_64
JAX backend:  GPU
JAX devices:  [CudaDevice(id=0)]
Device kind:  NVIDIA A100-SXM4-40GB
Platform:     gpu

Load system from Integral File
Maximum memory per walker:            66.67
Maximum number of Cholesky per chunk: 486
Number of Cholesky chunks:            1
Number of Cholesky per chunk:         406
Number of padding Cholesky:           0

QMC System
Number of electrons: (5, 4)
Spin Multiplicity:   1
Number of orbitals:  67
Number of Chol:      406

QMC Parameters
eql_time            :                   50
n_blocks            :                 1000
n_walkers           :                  300
max_error           :                  0.0
seed                :                   17
walker_type         :                  uhf
trial               :             upt2ccsd
mix_precision       :                 True
max_memory          :                20000
dt                  :                0.005
n_exp_terms         :                    6
n_prop_steps        :                   50
save_walkers        :                False
free_projection     :                False
n_batch             :                    1
nchol_chunk         :                  406

Initalize QMC walkers by stochastic CCSD

Equilibration
inv_T        weight  killW        energy   runTime
 0.00    300.000000      0    -76.450110     65.62
 5.00    299.186408      0    -76.452826     75.81
10.00    299.669864      0    -76.446964     77.91
15.00    299.045514      0    -76.459131     80.01
20.00    298.866596      1    -76.466367     82.11
25.00    298.802652      0    -76.461821     84.21
30.00    297.810221      1    -76.461709     86.31
35.00    298.512955      0    -76.457717     88.41
40.00    298.078447      1    -76.461307     90.51
45.00    299.296080      0    -76.462059     92.61
50.00    298.324257      0    -76.458940     94.71

Sampling
blocks        weight  killW       E_Guide     error       E_Trial     error     olp_T/G     error  Walltime
    20    298.908363      6    -76.473919  0.005509    -76.467771  0.000703   -1.078353  0.001381  126.54
    40    298.844989     11    -76.468270  0.005067    -76.466572  0.000615   -1.078704  0.000928  152.66
    60    298.917720     15    -76.471238  0.004125    -76.468623  0.000887   -1.077185  0.001139  178.91
    80    298.916513     18    -76.470388  0.003700    -76.468609  0.000726   -1.077600  0.000891  205.17
   100    298.862903     20    -76.469149  0.002835    -76.468110  0.000638   -1.077817  0.000757  231.46
   120    298.834727     22    -76.469348  0.002420    -76.467751  0.000565   -1.078007  0.000690  257.71
   140    298.848338     24    -76.469787  0.002205    -76.467598  0.000519   -1.077587  0.000733  283.98
   160    298.838468     28    -76.470139  0.001951    -76.467621  0.000498   -1.077656  0.000692  310.25
   180    298.829122     31    -76.469972  0.001802    -76.467506  0.000470   -1.078393  0.000798  336.51
   200    298.810520     34    -76.469549  0.001694    -76.467291  0.000436   -1.078766  0.000775  362.80
   220    298.799823     39    -76.469624  0.001558    -76.467406  0.000438   -1.078917  0.000718  389.08
   240    298.787104     42    -76.469090  0.001538    -76.467554  0.000441   -1.079174  0.000680  415.35
   260    298.757530     43    -76.467852  0.001657    -76.467377  0.000412   -1.079152  0.000629  441.60
   280    298.755655     48    -76.468081  0.001549    -76.467383  0.000391   -1.079193  0.000587  467.87
   300    298.761340     50    -76.468527  0.001492    -76.467576  0.000390   -1.079125  0.000558  494.12
   320    298.751157     55    -76.468325  0.001467    -76.467430  0.000369   -1.079136  0.000557  520.37
   340    298.744133     61    -76.467687  0.001450    -76.467417  0.000351   -1.079209  0.000539  546.66
   360    298.728799     68    -76.467933  0.001436    -76.467467  0.000341   -1.078921  0.000546  572.94
   380    298.724560     71    -76.467948  0.001374    -76.467475  0.000332   -1.078768  0.000545  600.74
   400    298.726501     75    -76.468268  0.001335    -76.467447  0.000319   -1.078718  0.000523  626.96
   420    298.725500     80    -76.467992  0.001308    -76.467393  0.000317   -1.078533  0.000518  653.21
   440    298.724476     82    -76.467893  0.001274    -76.467390  0.000305   -1.078215  0.000554  679.47
   460    298.731124     89    -76.468219  0.001246    -76.467351  0.000297   -1.077951  0.000556  705.73
   480    298.736755     92    -76.468487  0.001215    -76.467443  0.000288   -1.077619  0.000640  731.99
   500    298.735295     96    -76.468663  0.001206    -76.467418  0.000283   -1.077409  0.000634  758.25
   520    298.733200     98    -76.468641  0.001234    -76.467338  0.000274   -1.077553  0.000632  784.53
   540    298.726413    104    -76.468560  0.001204    -76.467351  0.000267   -1.077530  0.000616  810.80
   560    298.727468    105    -76.468471  0.001200    -76.467353  0.000260   -1.077419  0.000610  837.07
   580    298.732384    108    -76.468593  0.001201    -76.467326  0.000253   -1.077388  0.000596  863.32
   600    298.725839    111    -76.468326  0.001180    -76.467284  0.000246   -1.077302  0.000579  889.60
   620    298.720807    111    -76.468198  0.001156    -76.467241  0.000240   -1.077273  0.000565  915.84
   640    298.717019    114    -76.467999  0.001132    -76.467264  0.000238   -1.077170  0.000554  942.11
   660    298.716787    118    -76.468058  0.001111    -76.467257  0.000234   -1.077163  0.000538  968.39
   680    298.713707    126    -76.467922  0.001079    -76.467178  0.000229   -1.077254  0.000553  994.65
   700    298.708528    128    -76.467739  0.001068    -76.467126  0.000224   -1.077338  0.000547 1020.93
   720    298.703284    132    -76.467593  0.001039    -76.467086  0.000220   -1.077386  0.000537 1047.18
   740    298.701736    137    -76.467594  0.001020    -76.467035  0.000215   -1.077477  0.000534 1073.45
   760    298.701959    141    -76.467655  0.000995    -76.467040  0.000211   -1.077525  0.000521 1099.70
   780    298.704898    146    -76.467894  0.001086    -76.467077  0.000214   -1.077548  0.000509 1125.96
   800    298.705176    151    -76.467827  0.001048    -76.467039  0.000209   -1.077585  0.000506 1152.23
   820    298.707030    154    -76.467876  0.001035    -76.467051  0.000206   -1.077585  0.000498 1178.48
   840    298.708431    156    -76.467883  0.001026    -76.467041  0.000204   -1.077678  0.000525 1204.84
   860    298.713900    157    -76.468093  0.001054    -76.467030  0.000202   -1.077703  0.000525 1231.85
   880    298.713137    160    -76.467964  0.001134    -76.467027  0.000198   -1.077765  0.000514 1257.82
   900    298.712885    161    -76.467959  0.001134    -76.467040  0.000196   -1.077727  0.000514 1284.08
   920    298.708324    165    -76.467697  0.001107    -76.466989  0.000194   -1.077748  0.000502 1310.33
   940    298.710071    168    -76.467917  0.001106    -76.466981  0.000190   -1.077728  0.000490 1336.60
   960    298.706694    172    -76.467798  0.001114    -76.467037  0.000188   -1.077651  0.000497 1362.86
   980    298.708997    178    -76.467918  0.001102    -76.467050  0.000186   -1.077591  0.000497 1389.12
  1000    298.707218    179    -76.467733  0.001078    -76.467011  0.000183   -1.077428  0.000497 1415.38

Post Propagation Process
Total number of samples 1000
Raw AFQMC/HF (Guide) energy:           -76.467733 ± 0.001078
Raw Trial/Guide overlap ratio:          -1.077428 ± 0.000497
Raw AFQMC/pt2CCSD energy (covariance): -76.467011 ± 0.000183
Raw AFQMC/pt2CCSD energy (dir sample): -76.467011 ± 0.000143

Remove Outliers
removing energies outside zeta > 30
Outlier energy bound [-76.562881, -76.369109]
Removed 0 outliers with energies []
Clean AFQMC/pt2CCSD overlap ratio:        -1.077428 ± 0.000497
Clean AFQMC/pt2CCSD energy (covariance): -76.467011 ± 0.000183
Clean AFQMC/ptCCSD energy (dir sample):  -76.467011 ± 0.000143

Blocking Analysis
nsample = 1000, max_block_size = 25, min_nblocks = 40
   B    NB    NS  Observable     Error    dError
   1  1000  1000   -1.077428  0.000153  0.000003
   2   500  1000   -1.077428  0.000200  0.000006
   3   333   999   -1.077435  0.000237  0.000009
   4   250  1000   -1.077428  0.000263  0.000012
   5   200  1000   -1.077428  0.000288  0.000014
   6   166   996   -1.077468  0.000307  0.000017
   7   142   994   -1.077489  0.000320  0.000019
   8   125  1000   -1.077428  0.000342  0.000022
   9   111   999   -1.077435  0.000354  0.000024
  10   100  1000   -1.077428  0.000370  0.000026
  11    90   990   -1.077538  0.000366  0.000027
  12    83   996   -1.077468  0.000398  0.000031
  13    76   988   -1.077550  0.000400  0.000033
  14    71   994   -1.077489  0.000405  0.000034
  15    66   990   -1.077538  0.000411  0.000036
  16    62   992   -1.077519  0.000405  0.000037
  17    58   986   -1.077563  0.000421  0.000039
  18    55   990   -1.077538  0.000437  0.000042
  19    52   988   -1.077550  0.000416  0.000041
  20    50  1000   -1.077428  0.000454  0.000046
  21    47   987   -1.077557  0.000465  0.000048
  22    45   990   -1.077538  0.000475  0.000051
  23    43   989   -1.077546  0.000460  0.000050
  24    41   984   -1.077579  0.000490  0.000055
  25    40  1000   -1.077428  0.000497  0.000056
Fit (variance): plateau_var = 2.613e-07 ± 3.891e-08
Fit (error):    plateau = 0.000511 ± 0.000038
     autocorrelation length ~ 14.2 blocks
     plateau reached at block size ~ 65
     !!!Failed to reach plateau in blocking
     Return max block error
nclean = 1000, max_block_size = 25, min_nblocks = 40
Blk_SZ   NBlk   NSmp      Energy     Error    dError
     1   1000   1000  -76.466901  0.000143  0.000003
     2    500   1000  -76.466921  0.000164  0.000005
     3    333    999  -76.466937  0.000176  0.000007
     4    250   1000  -76.466944  0.000180  0.000008
     5    200   1000  -76.466952  0.000193  0.000010
     6    166    996  -76.466961  0.000196  0.000011
     7    142    994  -76.466968  0.000190  0.000011
     8    125   1000  -76.466962  0.000211  0.000013
     9    111    999  -76.466970  0.000213  0.000014
    10    100   1000  -76.466969  0.000212  0.000015
    11     90    990  -76.466979  0.000221  0.000017
    12     83    996  -76.466982  0.000216  0.000017
    13     76    988  -76.466993  0.000219  0.000018
    14     71    994  -76.466987  0.000217  0.000018
    15     66    990  -76.466995  0.000223  0.000020
    16     62    992  -76.466982  0.000220  0.000020
    17     58    986  -76.467013  0.000208  0.000019
    18     55    990  -76.467000  0.000212  0.000020
    19     52    988  -76.467008  0.000201  0.000020
    20     50   1000  -76.466992  0.000222  0.000022
    21     47    987  -76.467012  0.000220  0.000023
    22     45    990  -76.466991  0.000237  0.000025
    23     43    989  -76.467007  0.000220  0.000024
    24     41    984  -76.467025  0.000233  0.000026
    25     40   1000  -76.466991  0.000202  0.000023
Fit (variance): plateau_var = 4.769631e-08 ± 2.767668e-09
Fit (error):    plateau = 0.000218 ± 0.000006
     autocorrelation length ~ 4.4 blocks
     plateau reached at block size ~ 19
Final AFQMC/pt2CCSD overlap ratio: -1.077428 ± 0.000497
Final AFQMC/pt2CCSD energy: -76.467011 ± 0.000218
Total run time: 1436.43

AFQMC Sampling Finished

