
    ________                     _____                    
    ___  __ \___  __________________(_)_____________ _    
    __  /_/ /  / / /_  __ \_  __ \_  /__  __ \_  __ `/    
    _  _, _// /_/ /_  / / /  / / /  / _  / / /  /_/ /     
    /_/ |_| \__,_/ /_/ /_//_/ /_//_/  /_/ /_/_\__, /      
                                             /____/       
    _____________________________  ___________            
    ___    |__  ____/_  __ \__   |/  /_  ____/            
    __  /| |_  /_   _  / / /_  /|_/ /_  /                 
    _  ___ |  __/   / /_/ /_  /  / / / /___               
    /_/  |_/_/      \___\_\/_/  /_/  \____/               

Hostname:     gpua082.delta.ncsa.illinois.edu
System:       Linux
Node:         gpua082.delta.ncsa.illinois.edu
Release:      5.14.0-427.91.1.el9_4.x86_64
Machine:      x86_64
Processor:    x86_64
JAX backend:  GPU
JAX devices:  [CudaDevice(id=0)]
Device kind:  NVIDIA A100-SXM4-40GB
Platform:     gpu

Load system from Integral File
Maximum memory per walker:            66.67
Maximum number of Cholesky per chunk: 1512
Number of Cholesky chunks:            1
Number of Cholesky per chunk:         234
Number of padding Cholesky:           0

QMC System
Number of electrons: (3, 2)
Spin Multiplicity:   1
Number of orbitals:  38
Number of Chol:      234

QMC Parameters
eql_time            :                   50
n_blocks            :                 1000
n_walkers           :                  300
max_error           :                  0.0
seed                :                   17
walker_type         :                  uhf
trial               :             upt2ccsd
mix_precision       :                 True
max_memory          :                20000
dt                  :                0.005
n_exp_terms         :                    6
n_prop_steps        :                   50
save_walkers        :                False
free_projection     :                False
n_batch             :                    1
nchol_chunk         :                  234

Initalize QMC walkers by stochastic CCSD

Equilibration
inv_T        weight  killW        energy   runTime
 0.00    300.000000      0    -38.405487     10.05
 5.00    299.196050      0    -38.414663     16.80
10.00    299.409478      0    -38.409083     17.85
15.00    298.439700      0    -38.401624     18.90
20.00    298.980120      0    -38.398981     19.95
25.00    298.866778      0    -38.399245     21.00
30.00    298.508542      0    -38.401389     22.04
35.00    299.117288      0    -38.401529     23.09
40.00    298.904736      0    -38.404963     24.14
45.00    298.877403      0    -38.404784     25.19
50.00    299.174009      0    -38.420958     26.24

Sampling
blocks        weight  killW       E_Guide     error       E_Trial     error     olp_T/G     error  Walltime
    20    298.874099      7    -38.403453  0.002576    -38.409203  0.000284   -1.063371  0.004786   33.27
    40    298.821565     11    -38.402218  0.001684    -38.409492  0.000234   -1.063077  0.002778   35.39
    60    298.810214     14    -38.401208  0.001424    -38.409225  0.000176   -1.065306  0.002518   37.95
    80    298.807331     16    -38.401323  0.001163    -38.409210  0.000140   -1.068776  0.002992   40.44
   100    298.783256     21    -38.402250  0.001143    -38.409332  0.000122   -1.069351  0.002643   43.06
   120    298.813861     24    -38.403323  0.001126    -38.409413  0.000116   -1.069961  0.002253   45.53
   140    298.803354     28    -38.403867  0.001040    -38.409421  0.000108   -1.070988  0.002224   48.02
   160    298.810500     33    -38.403375  0.000937    -38.409399  0.000098   -1.070915  0.001972   50.63
   180    298.809832     34    -38.402977  0.000924    -38.409365  0.000093   -1.070558  0.001712   53.16
   200    298.811992     36    -38.403099  0.000846    -38.409365  0.000087   -1.071087  0.001602   55.62
   220    298.809609     40    -38.403059  0.000778    -38.409396  0.000083   -1.071073  0.001470   58.20
   240    298.799389     44    -38.403365  0.000778    -38.409418  0.000078   -1.071925  0.001415   60.67
   260    298.794074     49    -38.403623  0.000739    -38.409392  0.000077   -1.072834  0.001456   63.15
   280    298.786847     54    -38.403762  0.000694    -38.409386  0.000073   -1.074032  0.001709   65.77
   300    298.785449     56    -38.403796  0.000647    -38.409389  0.000071   -1.073509  0.001642   68.24
   320    298.782698     61    -38.403935  0.000629    -38.409370  0.000068   -1.073250  0.001588   70.72
   340    298.781142     66    -38.403960  0.000612    -38.409368  0.000066   -1.073468  0.001507   73.35
   360    298.780025     68    -38.404170  0.000609    -38.409378  0.000064   -1.073530  0.001475   75.82
   380    298.780745     72    -38.404343  0.000593    -38.409350  0.000062   -1.073744  0.001419   78.29
   400    298.775238     78    -38.404363  0.000563    -38.409352  0.000061   -1.073942  0.001365   80.92
   420    298.773065     82    -38.404450  0.000542    -38.409352  0.000059   -1.073642  0.001321   83.38
   440    298.771469     87    -38.404559  0.000552    -38.409357  0.000058   -1.073535  0.001291   85.87
   460    298.774124     89    -38.404601  0.000541    -38.409367  0.000057   -1.073591  0.001260   88.49
   480    298.771655     92    -38.404487  0.000516    -38.409349  0.000055   -1.073525  0.001227   90.95
   500    298.767319     94    -38.404258  0.000560    -38.409350  0.000054   -1.073069  0.001224   93.44
   520    298.770821     98    -38.404306  0.000553    -38.409358  0.000052   -1.073137  0.001227   96.06
   540    298.775545    104    -38.404311  0.000540    -38.409368  0.000051   -1.072849  0.001204   98.53
   560    298.780348    106    -38.404304  0.000515    -38.409386  0.000050   -1.072652  0.001174  101.01
   580    298.779985    108    -38.404269  0.000505    -38.409391  0.000049   -1.072591  0.001148  103.63
   600    298.779627    111    -38.404157  0.000488    -38.409392  0.000048   -1.072275  0.001173  106.10
   620    298.781685    115    -38.404315  0.000496    -38.409403  0.000047   -1.072071  0.001155  108.58
   640    298.780557    119    -38.404227  0.000483    -38.409396  0.000047   -1.072097  0.001129  111.21
   660    298.781672    124    -38.404121  0.000489    -38.409394  0.000046   -1.072032  0.001101  113.67
   680    298.785524    129    -38.404051  0.000487    -38.409394  0.000045   -1.071890  0.001085  116.15
   700    298.787252    130    -38.404089  0.000478    -38.409389  0.000044   -1.071975  0.001059  118.77
   720    298.786174    136    -38.404054  0.000476    -38.409387  0.000044   -1.072045  0.001028  121.24
   740    298.786211    139    -38.404093  0.000472    -38.409386  0.000043   -1.072329  0.001027  123.72
   760    298.783334    144    -38.404080  0.000467    -38.409391  0.000042   -1.072499  0.001023  126.34
   780    298.780308    150    -38.404143  0.000457    -38.409389  0.000042   -1.072660  0.001016  128.82
   800    298.779150    152    -38.404092  0.000457    -38.409380  0.000041   -1.072576  0.000999  131.29
   820    298.782279    155    -38.404094  0.000450    -38.409380  0.000041   -1.072689  0.000983  133.91
   840    298.780718    159    -38.404162  0.000441    -38.409378  0.000040   -1.072895  0.001060  136.38
   860    298.779630    163    -38.404156  0.000435    -38.409371  0.000040   -1.073263  0.001060  138.86
   880    298.782008    164    -38.404050  0.000441    -38.409375  0.000039   -1.073195  0.001097  141.48
   900    298.780666    166    -38.404068  0.000441    -38.409378  0.000039   -1.073189  0.001074  143.95
   920    298.779451    171    -38.403997  0.000430    -38.409375  0.000038   -1.073138  0.001048  146.43
   940    298.779471    175    -38.404066  0.000422    -38.409392  0.000038   -1.073244  0.001032  149.06
   960    298.778849    180    -38.404066  0.000415    -38.409407  0.000038   -1.073463  0.001016  151.53
   980    298.774768    186    -38.403936  0.000411    -38.409399  0.000038   -1.073244  0.000997  154.00
  1000    298.774114    190    -38.403910  0.000413    -38.409399  0.000037   -1.073127  0.001020  156.63

Post Propagation Process
Total number of samples 1000
Raw AFQMC/HF (Guide) energy:           -38.403910 ± 0.000413
Raw Trial/Guide overlap ratio:          -1.073127 ± 0.001020
Raw AFQMC/pt2CCSD energy (covariance): -38.409399 ± 0.000037
Raw AFQMC/pt2CCSD energy (dir sample): -38.409399 ± 0.000027

Remove Outliers
removing energies outside zeta > 30
Outlier energy bound [-38.431045, -38.387582]
Removed 0 outliers with energies []
Clean AFQMC/pt2CCSD overlap ratio:        -1.073127 ± 0.001020
Clean AFQMC/pt2CCSD energy (covariance): -38.409399 ± 0.000037
Clean AFQMC/ptCCSD energy (dir sample):  -38.409399 ± 0.000027

Blocking Analysis
nsample = 1000, max_block_size = 25, min_nblocks = 40
   B    NB    NS  Observable     Error    dError
   1  1000  1000   -1.073127  0.000315  0.000007
   2   500  1000   -1.073128  0.000421  0.000013
   3   333   999   -1.073139  0.000499  0.000019
   4   250  1000   -1.073128  0.000558  0.000025
   5   200  1000   -1.073128  0.000608  0.000030
   6   166   996   -1.073150  0.000652  0.000036
   7   142   994   -1.073177  0.000694  0.000041
   8   125  1000   -1.073128  0.000721  0.000046
   9   111   999   -1.073139  0.000755  0.000051
  10   100  1000   -1.073128  0.000771  0.000055
  11    90   990   -1.073252  0.000802  0.000060
  12    83   996   -1.073151  0.000811  0.000063
  13    76   988   -1.073276  0.000854  0.000070
  14    71   994   -1.073177  0.000857  0.000072
  15    66   990   -1.073252  0.000889  0.000078
  16    62   992   -1.073213  0.000887  0.000080
  17    58   986   -1.073284  0.000890  0.000083
  18    55   990   -1.073252  0.000915  0.000088
  19    52   988   -1.073276  0.000869  0.000086
  20    50  1000   -1.073128  0.000934  0.000094
  21    47   987   -1.073278  0.000980  0.000102
  22    45   990   -1.073252  0.000943  0.000101
  23    43   989   -1.073269  0.000980  0.000107
  24    41   984   -1.073270  0.000945  0.000106
  25    40  1000   -1.073128  0.001020  0.000116
Fit (variance): plateau_var = 1.073e-06 ± 1.342e-07
Fit (error):    plateau = 0.001036 ± 0.000065
     autocorrelation length ~ 12.2 blocks
     plateau reached at block size ~ 56
     !!!Failed to reach plateau in blocking
     Return max block error
nclean = 1000, max_block_size = 25, min_nblocks = 40
Blk_SZ   NBlk   NSmp      Energy     Error    dError
     1   1000   1000  -38.409380  0.000027  0.000001
     2    500   1000  -38.409386  0.000030  0.000001
     3    333    999  -38.409385  0.000031  0.000001
     4    250   1000  -38.409386  0.000033  0.000001
     5    200   1000  -38.409388  0.000034  0.000002
     6    166    996  -38.409388  0.000033  0.000002
     7    142    994  -38.409390  0.000034  0.000002
     8    125   1000  -38.409390  0.000035  0.000002
     9    111    999  -38.409389  0.000035  0.000002
    10    100   1000  -38.409389  0.000037  0.000003
    11     90    990  -38.409390  0.000036  0.000003
    12     83    996  -38.409389  0.000037  0.000003
    13     76    988  -38.409393  0.000040  0.000003
    14     71    994  -38.409392  0.000038  0.000003
    15     66    990  -38.409393  0.000038  0.000003
    16     62    992  -38.409393  0.000037  0.000003
    17     58    986  -38.409396  0.000037  0.000003
    18     55    990  -38.409393  0.000041  0.000004
    19     52    988  -38.409396  0.000039  0.000004
    20     50   1000  -38.409393  0.000042  0.000004
    21     47    987  -38.409397  0.000041  0.000004
    22     45    990  -38.409393  0.000043  0.000005
    23     43    989  -38.409395  0.000038  0.000004
    24     41    984  -38.409397  0.000041  0.000005
    25     40   1000  -38.409393  0.000039  0.000004
Fit (variance): plateau_var = 1.572728e-09 ± 1.343279e-10
Fit (error):    plateau = 0.000040 ± 0.000002
     autocorrelation length ~ 6.8 blocks
     plateau reached at block size ~ 28
     !!!Failed to reach plateau in blocking
     Return max block error
Final AFQMC/pt2CCSD overlap ratio: -1.073127 ± 0.001020
Final AFQMC/pt2CCSD energy: -38.409399 ± 0.000043
Total run time: 164.96

AFQMC Sampling Finished

