
    ________                     _____                    
    ___  __ \___  __________________(_)_____________ _    
    __  /_/ /  / / /_  __ \_  __ \_  /__  __ \_  __ `/    
    _  _, _// /_/ /_  / / /  / / /  / _  / / /  /_/ /     
    /_/ |_| \__,_/ /_/ /_//_/ /_//_/  /_/ /_/_\__, /      
                                             /____/       
    _____________________________  ___________            
    ___    |__  ____/_  __ \__   |/  /_  ____/            
    __  /| |_  /_   _  / / /_  /|_/ /_  /                 
    _  ___ |  __/   / /_/ /_  /  / / / /___               
    /_/  |_/_/      \___\_\/_/  /_/  \____/               

Hostname:     gpua082.delta.ncsa.illinois.edu
System:       Linux
Node:         gpua082.delta.ncsa.illinois.edu
Release:      5.14.0-427.91.1.el9_4.x86_64
Machine:      x86_64
Processor:    x86_64
JAX backend:  GPU
JAX devices:  [CudaDevice(id=0)]
Device kind:  NVIDIA A100-SXM4-40GB
Platform:     gpu

Load system from Integral File
Maximum memory per walker:            66.67
Maximum number of Cholesky per chunk: 125
Number of Cholesky chunks:            7
Number of Cholesky per chunk:         108
Number of padding Cholesky:           4

QMC System
Number of electrons: (9, 8)
Spin Multiplicity:   1
Number of orbitals:  132
Number of Chol:      752

QMC Parameters
eql_time            :                   50
n_blocks            :                 1000
n_walkers           :                  300
max_error           :                  0.0
seed                :                   17
walker_type         :                  uhf
trial               :             upt2ccsd
mix_precision       :                 True
max_memory          :                20000
dt                  :                0.005
n_exp_terms         :                    6
n_prop_steps        :                   50
save_walkers        :                False
free_projection     :                False
n_batch             :                    1
nchol_chunk         :                  108

Initalize QMC walkers by stochastic CCSD

Equilibration
inv_T        weight  killW        energy   runTime
 0.00    300.000000      0   -116.958273     15.00
 5.00    299.578860      0   -116.998863     29.78
10.00    298.217417      0   -116.978250     37.21
15.00    299.373564      0   -116.986067     45.66
20.00    298.689585      0   -116.975874     54.21
25.00    298.741096      0   -116.978695     61.67
30.00    299.993447      0   -116.992029     69.09
35.00    299.051586      0   -116.987130     76.51
40.00    298.535475      0   -116.975486     83.93
45.00    298.758267      0   -116.994819     91.34
50.00    298.992538      0   -116.992243     98.76

Sampling
blocks        weight  killW       E_Guide     error       E_Trial     error     olp_T/G     error  Walltime
    20    298.870595      0   -116.986355  0.006437   -116.981467  0.001023   -1.002867  0.000513  174.12
    40    298.865798      0   -116.990186  0.006400   -116.982717  0.000930   -1.002346  0.000442  243.50
    60    298.829356      1   -116.989094  0.004440   -116.982230  0.000712   -1.002532  0.000330  312.92
    80    298.763439      1   -116.987102  0.003332   -116.981662  0.000562   -1.002685  0.000275  382.34
   100    298.728618      2   -116.987300  0.002985   -116.981341  0.000472   -1.002824  0.000227  451.79
   120    298.726901      2   -116.987754  0.002549   -116.981553  0.000426   -1.002954  0.000208  521.22
   140    298.688691      2   -116.985877  0.002634   -116.981259  0.000380   -1.002948  0.000186  591.28
   160    298.691833      2   -116.986193  0.002469   -116.981331  0.000362   -1.002891  0.000168  665.80
   180    298.690812      2   -116.986616  0.002128   -116.981416  0.000341   -1.002934  0.000152  734.53
   200    298.657751      2   -116.985899  0.001988   -116.981341  0.000318   -1.003059  0.000161  803.95
   220    298.644000      2   -116.984760  0.001897   -116.981215  0.000297   -1.003161  0.000162  873.36
   240    298.631962      2   -116.984049  0.002120   -116.981267  0.000287   -1.003243  0.000161  942.80
   260    298.616611      3   -116.984378  0.002136   -116.981249  0.000274   -1.003243  0.000149 1012.24
   280    298.610226      3   -116.984014  0.001957   -116.981132  0.000262   -1.003217  0.000139 1081.65
   300    298.596658      3   -116.983964  0.001843   -116.981095  0.000248   -1.003219  0.000130 1151.05
   320    298.601703      3   -116.984422  0.001783   -116.981131  0.000239   -1.003195  0.000124 1220.72
   340    298.600720      3   -116.984657  0.001706   -116.981080  0.000232   -1.003190  0.000116 1290.50
   360    298.597075      3   -116.984405  0.001597   -116.981002  0.000223   -1.003203  0.000112 1359.75
   380    298.585813      3   -116.984213  0.001526   -116.980954  0.000216   -1.003256  0.000113 1429.15
   400    298.594771      3   -116.984962  0.001601   -116.981014  0.000210   -1.003296  0.000112 1498.59
   420    298.599188      4   -116.985322  0.001553   -116.981051  0.000205   -1.003281  0.000107 1568.03
   440    298.588963      4   -116.985179  0.001500   -116.981180  0.000241   -1.003281  0.000109 1637.46
   460    298.586016      4   -116.985038  0.001432   -116.981074  0.000235   -1.003271  0.000107 1706.88
   480    298.578285      4   -116.984833  0.001399   -116.981048  0.000227   -1.003282  0.000105 1776.29
   500    298.576307      4   -116.984617  0.001384   -116.981045  0.000219   -1.003299  0.000104 1845.81
   520    298.573118      4   -116.984575  0.001358   -116.981049  0.000213   -1.003287  0.000100 1915.29
   540    298.562876      4   -116.984264  0.001349   -116.980966  0.000207   -1.003258  0.000100 1984.85
   560    298.557996      4   -116.984137  0.001343   -116.980963  0.000202   -1.003233  0.000100 2055.04
   580    298.557596      4   -116.984155  0.001316   -116.980950  0.000196   -1.003225  0.000098 2124.50
   600    298.549718      4   -116.983857  0.001262   -116.980934  0.000190   -1.003208  0.000099 2193.92
   620    298.545177      4   -116.983481  0.001249   -116.980895  0.000186   -1.003203  0.000096 2263.35
   640    298.538543      6   -116.983400  0.001239   -116.980878  0.000184   -1.003198  0.000095 2333.55
   660    298.536778      6   -116.983071  0.001222   -116.980831  0.000180   -1.003175  0.000094 2406.66
   680    298.531645      6   -116.982892  0.001185   -116.980802  0.000176   -1.003160  0.000093 2480.86
   700    298.530253      6   -116.982716  0.001168   -116.980788  0.000172   -1.003153  0.000091 2553.49
   720    298.531152      6   -116.982548  0.001147   -116.980762  0.000168   -1.003149  0.000089 2624.19
   740    298.535173      6   -116.982674  0.001128   -116.980726  0.000165   -1.003122  0.000090 2693.60
   760    298.537187      6   -116.982567  0.001155   -116.980712  0.000161   -1.003097  0.000093 2763.03
   780    298.537791      7   -116.982468  0.001132   -116.980669  0.000159   -1.003068  0.000095 2832.46
   800    298.541466      7   -116.982486  0.001105   -116.980681  0.000156   -1.003062  0.000093 2901.86
   820    298.546827      7   -116.982499  0.001080   -116.980670  0.000153   -1.003074  0.000092 2976.25
   840    298.546868      7   -116.982432  0.001059   -116.980655  0.000151   -1.003054  0.000096 3049.06
   860    298.551790      7   -116.982610  0.001038   -116.980683  0.000150   -1.003021  0.000096 3123.25
   880    298.550923      7   -116.982700  0.001028   -116.980694  0.000148   -1.003012  0.000101 3198.22
   900    298.550719      7   -116.982534  0.001016   -116.980684  0.000146   -1.003025  0.000101 3273.00
   920    298.550187      7   -116.982480  0.000996   -116.980692  0.000144   -1.003012  0.000099 3351.49
   940    298.553864      7   -116.982658  0.000990   -116.980718  0.000143   -1.003015  0.000097 3429.69
   960    298.554701      7   -116.982855  0.000989   -116.980750  0.000141   -1.003033  0.000096 3507.76
   980    298.553078      7   -116.982965  0.001007   -116.980762  0.000139   -1.003033  0.000096 3586.24
  1000    298.550564      7   -116.982854  0.000984   -116.980788  0.000137   -1.003052  0.000095 3662.78

Post Propagation Process
Total number of samples 1000
Raw AFQMC/HF (Guide) energy:           -116.982854 ± 0.000984
Raw Trial/Guide overlap ratio:          -1.003052 ± 0.000095
Raw AFQMC/pt2CCSD energy (covariance): -116.980788 ± 0.000137
Raw AFQMC/pt2CCSD energy (dir sample): -116.980788 ± 0.000117

Remove Outliers
removing energies outside zeta > 30
Outlier energy bound [-117.060843, -116.899679]
Removed 0 outliers with energies []
Clean AFQMC/pt2CCSD overlap ratio:        -1.003052 ± 0.000095
Clean AFQMC/pt2CCSD energy (covariance): -116.980788 ± 0.000137
Clean AFQMC/ptCCSD energy (dir sample):  -116.980788 ± 0.000117

Blocking Analysis
nsample = 1000, max_block_size = 25, min_nblocks = 40
   B    NB    NS  Observable     Error    dError
   1  1000  1000   -1.003052  0.000027  0.000001
   2   500  1000   -1.003052  0.000037  0.000001
   3   333   999   -1.003051  0.000044  0.000002
   4   250  1000   -1.003052  0.000050  0.000002
   5   200  1000   -1.003052  0.000054  0.000003
   6   166   996   -1.003050  0.000059  0.000003
   7   142   994   -1.003048  0.000063  0.000004
   8   125  1000   -1.003052  0.000064  0.000004
   9   111   999   -1.003051  0.000067  0.000005
  10   100  1000   -1.003052  0.000071  0.000005
  11    90   990   -1.003043  0.000073  0.000005
  12    83   996   -1.003050  0.000075  0.000006
  13    76   988   -1.003040  0.000077  0.000006
  14    71   994   -1.003048  0.000078  0.000007
  15    66   990   -1.003043  0.000082  0.000007
  16    62   992   -1.003045  0.000083  0.000008
  17    58   986   -1.003037  0.000083  0.000008
  18    55   990   -1.003043  0.000086  0.000008
  19    52   988   -1.003040  0.000085  0.000008
  20    50  1000   -1.003052  0.000088  0.000009
  21    47   987   -1.003039  0.000090  0.000009
  22    45   990   -1.003043  0.000092  0.000010
  23    43   989   -1.003041  0.000092  0.000010
  24    41   984   -1.003037  0.000094  0.000011
  25    40  1000   -1.003052  0.000095  0.000011
Fit (variance): plateau_var = 1.081e-08 ± 1.792e-09
Fit (error):    plateau = 0.000104 ± 0.000009
     autocorrelation length ~ 16.1 blocks
     plateau reached at block size ~ 75
     !!!Failed to reach plateau in blocking
     Return max block error
nclean = 1000, max_block_size = 25, min_nblocks = 40
Blk_SZ   NBlk   NSmp      Energy     Error    dError
     1   1000   1000  -116.980705  0.000117  0.000003
     2    500   1000  -116.980724  0.000131  0.000004
     3    333    999  -116.980736  0.000141  0.000005
     4    250   1000  -116.980739  0.000141  0.000006
     5    200   1000  -116.980744  0.000148  0.000007
     6    166    996  -116.980754  0.000155  0.000009
     7    142    994  -116.980757  0.000165  0.000010
     8    125   1000  -116.980756  0.000153  0.000010
     9    111    999  -116.980755  0.000162  0.000011
    10    100   1000  -116.980760  0.000155  0.000011
    11     90    990  -116.980762  0.000162  0.000012
    12     83    996  -116.980767  0.000156  0.000012
    13     76    988  -116.980764  0.000148  0.000012
    14     71    994  -116.980773  0.000167  0.000014
    15     66    990  -116.980771  0.000158  0.000014
    16     62    992  -116.980773  0.000163  0.000015
    17     58    986  -116.980762  0.000160  0.000015
    18     55    990  -116.980770  0.000160  0.000015
    19     52    988  -116.980769  0.000173  0.000017
    20     50   1000  -116.980773  0.000164  0.000017
    21     47    987  -116.980770  0.000169  0.000018
    22     45    990  -116.980775  0.000160  0.000017
    23     43    989  -116.980772  0.000181  0.000020
    24     41    984  -116.980753  0.000173  0.000019
    25     40   1000  -116.980776  0.000159  0.000018
Fit (variance): plateau_var = 2.626187e-08 ± 1.321543e-09
Fit (error):    plateau = 0.000162 ± 0.000004
     autocorrelation length ~ 3.4 blocks
     plateau reached at block size ~ 15
Final AFQMC/pt2CCSD overlap ratio: -1.003052 ± 0.000095
Final AFQMC/pt2CCSD energy: -116.980788 ± 0.000162
Total run time: 3895.24

AFQMC Sampling Finished

