#INFO: **** input file is /work/hdd/bdka/yzhang65/w4_17/w4-17_all/afqmc_input/run_afqmc.py ****
import os
import sys
import re
sys.path.insert(0, os.path.join(os.path.dirname(os.path.abspath(__file__)), '..', 'script'))

os.environ.setdefault("XLA_PYTHON_CLIENT_ALLOCATOR", "platform")
import jax
jax.config.update("jax_enable_x64", True)

from pyscf import gto, scf, cc
from afqmc import integral, launch_afqmc
from mol_select import get_xyz_files
import truncate_basis

# ---------------------------------------------------------------------------
# Configuration
# ---------------------------------------------------------------------------
shell            = "open"  # "closed" or "open"
symmetry         = False
select_molecules = None  # e.g. ["acetaldehyde", "benzene"], or None for all
index            = None          # e.g. "1-10", "5", "1,3,5-8", or None for all
basis            = "vtzfp"

xyz_dir      = f"../w4_17_xyz/{shell}_shell"
results_file = f"../result/{shell}_afqmc_{basis}.dat"
out_dir      = f"../result/molout/{shell}_shell"
os.makedirs(out_dir, exist_ok=True)

xyz_files = get_xyz_files(xyz_dir, select_molecules=select_molecules, index=index)

# ---------------------------------------------------------------------------
# Write results header
# ---------------------------------------------------------------------------
with open(results_file, "w") as out:
    out.write(f"{'Molecule':<16s} {'E_HF (Eh)':>20s} {'E_CCSD (Eh)':>20s} "
              f"{'E_AFQMC (Eh)':>15s} {'E_AFQMC ERR (Eh)':>15s}\n")

# ---------------------------------------------------------------------------
# Helper
# ---------------------------------------------------------------------------
_afqmc_energy_re = re.compile(
    r"Final AFQMC/pt2CCSD energy:\s*([-+]?\d*\.?\d+(?:[eE][-+]?\d+)?)"
    r"\s*(?:±|\+/-)\s*([-+]?\d*\.?\d+(?:[eE][-+]?\d+)?)"
)

def extract_afqmc_energy(filename):
    try:
        with open(filename, encoding="utf-8") as f:
            for line in f:
                m = _afqmc_energy_re.search(line)
                if m:
                    return float(m.group(1)), float(m.group(2))
    except (OSError, IOError):
        pass
    return 0, 0

# ---------------------------------------------------------------------------
# Main loop
# ---------------------------------------------------------------------------
for xyz_path in xyz_files:
    with open(xyz_path) as f:
        lines = f.readlines()

    second_line = lines[1]
    charge   = int(second_line.split("charge=")[1].split()[0])
    spin     = int(second_line.split("mult=")[1].split()[0]) - 1
    mol_name = second_line.split()[0]
    atoms    = "".join(lines[2:])

    print(f"\n{'='*60}\nRunning: {mol_name}  charge={charge}  spin={spin}\n{'='*60}")

    mol = gto.M(
        atom=atoms,
        basis=truncate_basis.get_basis(atoms, basis),
        verbose=4,
        output=os.path.join(out_dir, f"{mol_name}_{basis}.out"),
        unit="angstrom",
        symmetry=symmetry,
        charge=charge,
        spin=spin,
        max_memory=40000,
    )

    mf = scf.UHF(mol)
    mf.max_cycle = 200
    mf = mf.newton()
    mf.kernel()

    if mol_name == "h":
        with open(results_file, "a") as out:
            out.write(f"{mol_name:<16s} {mf.e_tot:>20.10f} {mf.e_tot:>20.10f} "
                      f"{mf.e_tot:>15.5f} {0.0:>15.5f}\n")
        continue

    stable = False
    for _ in range(10):
        mo_i, _, stable, _ = mf.stability(return_status=True)
        if stable:
            break
        dm = mf.make_rdm1(mo_i, mf.mo_occ)
        mf.kernel(dm0=dm)

    if not stable or not mf.converged:
        print(f"  !! SCF did not converge for {mol_name} — skipping.")
        with open(results_file, "a") as out:
            out.write(f"{mol_name:<16s} {'UNCONVERGED':>20s} {'UNCONVERGED':>20s} {'UNCONVERGED':>20s}\n")
        continue

    mycc = cc.CCSD(mf)
    mycc.set_frozen()
    mycc.kernel()

    integral.prep_integral(mycc, chol_cut=1e-5)
    options = {
        'eql_time':      50,
        'n_blocks':      1000,
        'n_walkers':     300,
        'max_error':     0.0,
        'seed':          17,
        'walker_type':   'uhf',
        'trial':         'upt2ccsd',
        'mix_precision': True,
        'max_memory':    20000, #MB
    }
    launch_afqmc.ph_afqmc(options)

    afqmc_out = os.path.join(out_dir, f"{mol_name}_afqmc_{basis}.out")
    os.system(f"mv afqmc.out {afqmc_out}")
    eqmc, eqmc_err = extract_afqmc_energy(afqmc_out)

    with open(results_file, "a") as out:
        out.write(f"{mol_name:<16s} {mf.e_tot:>20.10f} {mycc.e_tot:>20.10f} "
                  f"{eqmc:>15.5f} {eqmc_err:>15.5f}\n")

    print(f"  => E_HF({mol_name})      = {mf.e_tot:.10f} Eh")
    print(f"  => E_CCSD({mol_name})    = {mycc.e_tot:.10f} Eh")
    print(f"  => E_AFQMC({mol_name})   = {eqmc:.5f} +/- {eqmc_err:.5f} Eh")

print(f"\nAll calculations complete. Results saved to {results_file}")
#INFO: ******************** input file end ********************


System: uname_result(system='Linux', node='gpua082.delta.ncsa.illinois.edu', release='5.14.0-427.91.1.el9_4.x86_64', version='#1 SMP PREEMPT_DYNAMIC Wed Sep 17 10:08:59 EDT 2025', machine='x86_64')  Threads 16
Python 3.11.14 (main, Oct 21 2025, 18:31:21) [GCC 11.2.0]
numpy 2.3.5  scipy 1.16.3  h5py 3.15.1
Date: Sat May 23 06:23:13 2026
PySCF version 2.11.0
PySCF path  /u/yzhang65/myprojects/software/pyscf
GIT HEAD (branch master) f520f5381c0b41f716d847009817cbc64e52c0d5

[ENV] PYSCF_TMPDIR /projects/bdka/yzhang65/scratch/pyscf
[ENV] PYSCF_EXT_PATH /u/yzhang65/myprojects/software/pyscf-forge
[CONFIG] conf_file None
[INPUT] verbose = 4
[INPUT] num. atoms = 3
[INPUT] num. electrons = 25
[INPUT] charge = 0
[INPUT] spin (= nelec alpha-beta = 2S) = 1
[INPUT] symmetry False subgroup None
[INPUT] Mole.unit = angstrom
[INPUT] Symbol           X                Y                Z      unit          X                Y                Z       unit  Magmom
[INPUT]  1 F     -1.011195000000  -0.706276000000   0.000000000000 AA   -1.910881608530  -1.334668208353   0.000000000000 Bohr   0.0
[INPUT]  2 O      0.000000000000   0.575215000000   0.000000000000 AA    0.000000000000   1.086998812742   0.000000000000 Bohr   0.0
[INPUT]  3 O      1.137595000000   0.219345000000   0.000000000000 AA    2.149742990675   0.414501976793   0.000000000000 Bohr   0.0

nuclear repulsion = 68.0381396600131
number of shells = 27
number of NR pGTOs = 126
number of NR cGTOs = 90
basis = {'F': [[0, [19500.0, 0.000507, -0.000117], [2923.0, 0.003923, -0.000912], [664.5, 0.0202, -0.004717], [187.5, 0.07901, -0.019086], [60.62, 0.230439, -0.059655], [21.42, 0.432872, -0.14001], [7.95, 0.349964, -0.176782], [0.8815, -0.007892, 0.605043]], [0, [2.257, 1.0]], [0, [0.3041, 1.0]], [1, [43.88, 0.016665], [9.926, 0.104472], [2.93, 0.31726]], [1, [0.9132, 1.0]], [1, [0.2672, 1.0]], [2, [3.107, 1.0]], [2, [0.855, 1.0]], [3, [1.917, 1.0]]], 'O': [[0, [15330.0, 0.000508, -0.000115], [2299.0, 0.003929, -0.000895], [522.4, 0.020243, -0.004636], [147.3, 0.079181, -0.018724], [47.55, 0.230687, -0.058463], [16.76, 0.433118, -0.136463], [6.207, 0.35026, -0.17574], [0.6882, -0.008154, 0.603418]], [0, [1.752, 1.0]], [0, [0.2384, 1.0]], [1, [34.46, 0.015928], [7.749, 0.09974], [2.28, 0.310492]], [1, [0.7156, 1.0]], [1, [0.214, 1.0]], [2, [2.314, 1.0]], [2, [0.645, 1.0]], [3, [1.428, 1.0]]]}
ecp = {}
CPU time:      3699.58




******** <class 'pyscf.soscf.newton_ah.SecondOrderUHF'> ********
method = SecondOrderUHF
initial guess = minao
damping factor = 0
level_shift factor = 0
DIIS = <class 'pyscf.scf.diis.CDIIS'>
diis_start_cycle = 1
diis_space = 8
diis_damp = 0
SCF conv_tol = 1e-09
SCF conv_tol_grad = None
SCF max_cycles = 200
direct_scf = True
direct_scf_tol = 1e-13
chkfile to save SCF result = /projects/bdka/yzhang65/scratch/pyscf/tmp7qy2evfq
max_memory 40000 MB (current use 2941 MB)
number electrons alpha = 13  beta = 12
******** <class 'pyscf.scf.uhf.UHF'> Newton solver flags ********
SCF tol = 1e-09
conv_tol_grad = None
max. SCF cycles = 200
direct_scf = True
direct_scf_tol = 1e-13
chkfile to save SCF result = /projects/bdka/yzhang65/scratch/pyscf/tmp7qy2evfq
max_cycle_inner = 12
max_stepsize = 0.05
ah_start_tol = 1e+09
ah_level_shift = 0
ah_conv_tol = 1e-12
ah_lindep = 1e-14
ah_start_cycle = 1
ah_max_cycle = 40
ah_grad_trust_region = 2.5
kf_interval = 4
kf_trust_region = 5
canonicalization = True
max_memory 40000 MB (current use 2941 MB)
Set conv_tol_grad to 3.16228e-05
  alpha nocc = 13  HOMO = -0.210534021562914  LUMO = -0.141553450687696
  beta  nocc = 12  HOMO = -0.461443267396587  LUMO = -0.210534021562914

WARN: system HOMO -0.210534021562914 >= system LUMO -0.210534021562914

Initial guess E= -248.786930209873  |g|= 0.644363
macro= 0  E= -249.003061624733  delta_E= -0.216131  |g|= 0.266079  3 KF 17 JK
macro= 1  E= -249.028680365775  delta_E= -0.0256187  |g|= 0.0499381  3 KF 12 JK
macro= 2  E= -249.034200842286  delta_E= -0.00552048  |g|= 0.000450895  5 KF 18 JK
macro= 3  E= -249.034200892515  delta_E= -5.02293e-08  |g|= 2.80082e-05  2 KF 10 JK
macro= 4  E= -249.034200892515  delta_E= -1.7053e-13  |g|= 5.54115e-06  1 KF 2 JK
Canonicalize SCF orbitals
macro X = 5  E=-249.034200892515  |g|= 5.54115e-06  total 15 KF 65 JK
converged SCF energy = -249.034200892515  <S^2> = 1.5278627  2S+1 = 2.6667304
uhf_internal: lowest eigs of H = [0.09715627 0.14929097 0.15451865]
<class 'pyscf.soscf.newton_ah.SecondOrderUHF'> wavefunction is stable in the internal stability analysis

******** <class 'pyscf.cc.uccsd.UCCSD'> ********
CC2 = 0
CCSD nocc = (np.int64(10), np.int64(9)), nmo = (87, 87)
frozen orbitals 3
max_cycle = 50
direct = 0
conv_tol = 1e-07
conv_tol_normt = 1e-06
diis_space = 6
diis_start_cycle = 0
diis_start_energy_diff = 1e+09
max_memory 40000 MB (current use 2398 MB)
Init t2, MP2 energy = -0.651232322112209
Init E_corr(UCCSD) = -0.651232322123267
cycle = 1  E_corr(UCCSD) = -0.645084685732711  dE = 0.00614763639  norm(t1,t2) = 0.123649
cycle = 2  E_corr(UCCSD) = -0.668400194372096  dE = -0.0233155086  norm(t1,t2) = 0.0497414
cycle = 3  E_corr(UCCSD) = -0.669372688817267  dE = -0.000972494445  norm(t1,t2) = 0.0469341
cycle = 4  E_corr(UCCSD) = -0.683957096130284  dE = -0.0145844073  norm(t1,t2) = 0.037386
cycle = 5  E_corr(UCCSD) = -0.685301623208746  dE = -0.00134452708  norm(t1,t2) = 0.019068
cycle = 6  E_corr(UCCSD) = -0.685655865962297  dE = -0.000354242754  norm(t1,t2) = 0.0130785
cycle = 7  E_corr(UCCSD) = -0.688329127402719  dE = -0.00267326144  norm(t1,t2) = 0.00795752
cycle = 8  E_corr(UCCSD) = -0.688191247470143  dE = 0.000137879933  norm(t1,t2) = 0.00321028
cycle = 9  E_corr(UCCSD) = -0.688402654658716  dE = -0.000211407189  norm(t1,t2) = 0.00143483
cycle = 10  E_corr(UCCSD) = -0.688382203409132  dE = 2.04512496e-05  norm(t1,t2) = 0.000929029
cycle = 11  E_corr(UCCSD) = -0.688423436968115  dE = -4.1233559e-05  norm(t1,t2) = 0.000518636
cycle = 12  E_corr(UCCSD) = -0.68844656504413  dE = -2.3128076e-05  norm(t1,t2) = 0.000282875
cycle = 13  E_corr(UCCSD) = -0.688452308147142  dE = -5.74310301e-06  norm(t1,t2) = 0.000141947
cycle = 14  E_corr(UCCSD) = -0.688448846640407  dE = 3.46150674e-06  norm(t1,t2) = 6.22834e-05
cycle = 15  E_corr(UCCSD) = -0.688446222337953  dE = 2.62430245e-06  norm(t1,t2) = 3.5604e-05
cycle = 16  E_corr(UCCSD) = -0.688443032108054  dE = 3.1902299e-06  norm(t1,t2) = 1.99753e-05
cycle = 17  E_corr(UCCSD) = -0.688442493403185  dE = 5.38704869e-07  norm(t1,t2) = 9.89098e-06
cycle = 18  E_corr(UCCSD) = -0.68844189742908  dE = 5.95974105e-07  norm(t1,t2) = 5.95239e-06
cycle = 19  E_corr(UCCSD) = -0.688441305409746  dE = 5.92019334e-07  norm(t1,t2) = 4.02942e-06
cycle = 20  E_corr(UCCSD) = -0.688441057645654  dE = 2.47764092e-07  norm(t1,t2) = 2.66061e-06
cycle = 21  E_corr(UCCSD) = -0.688440804888385  dE = 2.52757269e-07  norm(t1,t2) = 1.72045e-06
cycle = 22  E_corr(UCCSD) = -0.688440751739157  dE = 5.31492284e-08  norm(t1,t2) = 1.12624e-06
cycle = 23  E_corr(UCCSD) = -0.688440769641656  dE = -1.79024997e-08  norm(t1,t2) = 6.5119e-07
UCCSD converged
E(UCCSD) = -249.7226416621567  E_corr = -0.6884407696416562
