
    ________                     _____                    
    ___  __ \___  __________________(_)_____________ _    
    __  /_/ /  / / /_  __ \_  __ \_  /__  __ \_  __ `/    
    _  _, _// /_/ /_  / / /  / / /  / _  / / /  /_/ /     
    /_/ |_| \__,_/ /_/ /_//_/ /_//_/  /_/ /_/_\__, /      
                                             /____/       
    _____________________________  ___________            
    ___    |__  ____/_  __ \__   |/  /_  ____/            
    __  /| |_  /_   _  / / /_  /|_/ /_  /                 
    _  ___ |  __/   / /_/ /_  /  / / / /___               
    /_/  |_/_/      \___\_\/_/  /_/  \____/               

Hostname:     gpua082.delta.ncsa.illinois.edu
System:       Linux
Node:         gpua082.delta.ncsa.illinois.edu
Release:      5.14.0-427.91.1.el9_4.x86_64
Machine:      x86_64
Processor:    x86_64
JAX backend:  GPU
JAX devices:  [CudaDevice(id=0)]
Device kind:  NVIDIA A100-SXM4-40GB
Platform:     gpu

Load system from Integral File
Maximum memory per walker:            66.67
Maximum number of Cholesky per chunk: 198
Number of Cholesky chunks:            4
Number of Cholesky per chunk:         155
Number of padding Cholesky:           0

QMC System
Number of electrons: (8, 7)
Spin Multiplicity:   1
Number of orbitals:  105
Number of Chol:      620

QMC Parameters
eql_time            :                   50
n_blocks            :                 1000
n_walkers           :                  300
max_error           :                  0.0
seed                :                   17
walker_type         :                  uhf
trial               :             upt2ccsd
mix_precision       :                 True
max_memory          :                20000
dt                  :                0.005
n_exp_terms         :                    6
n_prop_steps        :                   50
save_walkers        :                False
free_projection     :                False
n_batch             :                    1
nchol_chunk         :                  155

Initalize QMC walkers by stochastic CCSD

Equilibration
inv_T        weight  killW        energy   runTime
 0.00    300.000000      0   -131.836599     59.36
 5.00    299.049825      0   -131.877557     72.49
10.00    298.836197      0   -131.843218     77.04
15.00    299.058869      0   -131.857113     81.58
20.00    299.177994      0   -131.879386     86.12
25.00    298.625480      0   -131.824336     90.66
30.00    299.034754      0   -131.878694     95.20
35.00    298.769312      0   -131.865833     99.74
40.00    297.881133      0   -131.810519    104.28
45.00    298.821244      0   -131.853134    108.82
50.00    299.037689      0   -131.914418    113.35

Sampling
blocks        weight  killW       E_Guide     error       E_Trial     error     olp_T/G     error  Walltime
    20    299.126250      0   -131.873634  0.007440   -131.863512  0.002362   -1.026954  0.000381  164.14
    40    299.076856      0   -131.867929  0.004098   -131.862982  0.001308   -1.025826  0.000720  208.99
    60    299.019870      1   -131.866934  0.003986   -131.863079  0.001039   -1.025112  0.000683  253.98
    80    298.891110      1   -131.863232  0.003991   -131.863114  0.000857   -1.025000  0.000557  298.96
   100    298.899989      2   -131.862809  0.003202   -131.863171  0.000750   -1.024802  0.000444  343.96
   120    298.913837      2   -131.864174  0.002878   -131.863114  0.000642   -1.025032  0.000422  388.94
   140    298.895077      2   -131.862572  0.002797   -131.862700  0.000580   -1.024898  0.000376  433.95
   160    298.857233      2   -131.861209  0.002601   -131.862698  0.000524   -1.024781  0.000340  478.92
   180    298.838257      3   -131.860438  0.002441   -131.862573  0.000487   -1.024946  0.000345  523.91
   200    298.837635      3   -131.861336  0.002561   -131.863100  0.000510   -1.025159  0.000352  568.90
   220    298.824000      5   -131.861758  0.002395   -131.862966  0.000478   -1.025461  0.000394  614.71
   240    298.805094      5   -131.861178  0.002196   -131.862947  0.000453   -1.025726  0.000406  659.33
   260    298.793346      6   -131.861191  0.002061   -131.862965  0.000429   -1.025853  0.000386  704.34
   280    298.793818      7   -131.861558  0.001936   -131.862858  0.000406   -1.025861  0.000366  749.34
   300    298.782469      8   -131.861755  0.001832   -131.862926  0.000403   -1.025783  0.000350  794.33
   320    298.762026     10   -131.861550  0.001697   -131.862837  0.000383   -1.025793  0.000328  839.32
   340    298.751651     10   -131.861728  0.001630   -131.862808  0.000368   -1.025809  0.000314  884.30
   360    298.742008     10   -131.861437  0.001542   -131.862722  0.000355   -1.025729  0.000308  929.28
   380    298.746194     10   -131.862075  0.001564   -131.862876  0.000360   -1.025721  0.000293  974.30
   400    298.746861     10   -131.862590  0.001500   -131.863041  0.000367   -1.025597  0.000292 1019.29
   420    298.750880     10   -131.862970  0.001463   -131.863029  0.000352   -1.025560  0.000279 1064.29
   440    298.752337     11   -131.863504  0.001454   -131.863063  0.000340   -1.025428  0.000296 1109.26
   460    298.746854     11   -131.863497  0.001420   -131.862967  0.000329   -1.025387  0.000289 1154.24
   480    298.740405     12   -131.863275  0.001482   -131.862934  0.000318   -1.025424  0.000289 1199.28
   500    298.740794     12   -131.862916  0.001477   -131.862813  0.000309   -1.025360  0.000283 1244.99
   520    298.737836     12   -131.863074  0.001434   -131.862877  0.000307   -1.025311  0.000276 1289.76
   540    298.735485     12   -131.863040  0.001371   -131.862840  0.000302   -1.025367  0.000269 1334.74
   560    298.740044     16   -131.863656  0.001390   -131.862922  0.000302   -1.025275  0.000284 1379.73
   580    298.737234     18   -131.863676  0.001396   -131.863032  0.000312   -1.025215  0.000281 1424.71
   600    298.741136     18   -131.863821  0.001480   -131.863017  0.000305   -1.025146  0.000278 1469.69
   620    298.743362     18   -131.864010  0.001448   -131.863036  0.000300   -1.025155  0.000271 1514.68
   640    298.735677     19   -131.863576  0.001434   -131.863015  0.000293   -1.025152  0.000277 1559.68
   660    298.731999     20   -131.863320  0.001406   -131.863026  0.000289   -1.025119  0.000273 1604.67
   680    298.737492     20   -131.863751  0.001390   -131.863052  0.000283   -1.025102  0.000267 1649.66
   700    298.736607     20   -131.863858  0.001389   -131.863071  0.000278   -1.025030  0.000270 1694.64
   720    298.734857     21   -131.863620  0.001347   -131.863023  0.000272   -1.025058  0.000265 1739.64
   740    298.733876     21   -131.863642  0.001326   -131.863057  0.000266   -1.025074  0.000259 1784.61
   760    298.736574     21   -131.863830  0.001312   -131.863114  0.000261   -1.025096  0.000261 1830.34
   780    298.740285     21   -131.863778  0.001280   -131.863060  0.000256   -1.025080  0.000255 1875.09
   800    298.738244     22   -131.863520  0.001283   -131.863000  0.000252   -1.025104  0.000250 1920.07
   820    298.735803     23   -131.863353  0.001265   -131.862988  0.000248   -1.025168  0.000253 1965.06
   840    298.737116     24   -131.863302  0.001262   -131.862953  0.000244   -1.025133  0.000258 2010.07
   860    298.737109     25   -131.863168  0.001262   -131.862960  0.000239   -1.025114  0.000258 2055.05
   880    298.735525     25   -131.863103  0.001244   -131.862928  0.000237   -1.025123  0.000253 2100.03
   900    298.732864     25   -131.862948  0.001215   -131.862884  0.000233   -1.025181  0.000247 2145.02
   920    298.730935     25   -131.862848  0.001199   -131.862864  0.000229   -1.025174  0.000248 2190.02
   940    298.732155     26   -131.863010  0.001173   -131.862839  0.000226   -1.025173  0.000243 2235.01
   960    298.730495     26   -131.862878  0.001147   -131.862819  0.000222   -1.025197  0.000238 2280.01
   980    298.730431     29   -131.862947  0.001146   -131.862841  0.000221   -1.025140  0.000238 2325.00
  1000    298.728383     31   -131.863029  0.001122   -131.862903  0.000222   -1.025111  0.000241 2370.00

Post Propagation Process
Total number of samples 1000
Raw AFQMC/HF (Guide) energy:           -131.863029 ± 0.001122
Raw Trial/Guide overlap ratio:          -1.025111 ± 0.000241
Raw AFQMC/pt2CCSD energy (covariance): -131.862903 ± 0.000222
Raw AFQMC/pt2CCSD energy (dir sample): -131.862903 ± 0.000187

Remove Outliers
removing energies outside zeta > 30
Outlier energy bound [-131.990166, -131.733161]
Removed 0 outliers with energies []
Clean AFQMC/pt2CCSD overlap ratio:        -1.025111 ± 0.000241
Clean AFQMC/pt2CCSD energy (covariance): -131.862903 ± 0.000222
Clean AFQMC/ptCCSD energy (dir sample):  -131.862903 ± 0.000187

Blocking Analysis
nsample = 1000, max_block_size = 25, min_nblocks = 40
   B    NB    NS  Observable     Error    dError
   1  1000  1000   -1.025112  0.000074  0.000002
   2   500  1000   -1.025112  0.000098  0.000003
   3   333   999   -1.025112  0.000115  0.000004
   4   250  1000   -1.025111  0.000131  0.000006
   5   200  1000   -1.025111  0.000140  0.000007
   6   166   996   -1.025111  0.000153  0.000008
   7   142   994   -1.025111  0.000162  0.000010
   8   125  1000   -1.025111  0.000170  0.000011
   9   111   999   -1.025111  0.000177  0.000012
  10   100  1000   -1.025111  0.000180  0.000013
  11    90   990   -1.025120  0.000184  0.000014
  12    83   996   -1.025111  0.000199  0.000016
  13    76   988   -1.025124  0.000196  0.000016
  14    71   994   -1.025111  0.000196  0.000017
  15    66   990   -1.025120  0.000209  0.000018
  16    62   992   -1.025113  0.000211  0.000019
  17    58   986   -1.025127  0.000212  0.000020
  18    55   990   -1.025120  0.000210  0.000020
  19    52   988   -1.025124  0.000221  0.000022
  20    50  1000   -1.025111  0.000217  0.000022
  21    47   987   -1.025124  0.000233  0.000024
  22    45   990   -1.025119  0.000221  0.000024
  23    43   989   -1.025124  0.000219  0.000024
  24    41   984   -1.025132  0.000241  0.000027
  25    40  1000   -1.025111  0.000233  0.000026
Fit (variance): plateau_var = 6.210e-08 ± 8.496e-09
Fit (error):    plateau = 0.000249 ± 0.000017
     autocorrelation length ~ 13.3 blocks
     plateau reached at block size ~ 62
     !!!Failed to reach plateau in blocking
     Return max block error
nclean = 1000, max_block_size = 25, min_nblocks = 40
Blk_SZ   NBlk   NSmp      Energy     Error    dError
     1   1000   1000  -131.862767  0.000187  0.000004
     2    500   1000  -131.862794  0.000209  0.000007
     3    333    999  -131.862809  0.000220  0.000009
     4    250   1000  -131.862822  0.000237  0.000011
     5    200   1000  -131.862835  0.000228  0.000011
     6    166    996  -131.862828  0.000246  0.000014
     7    142    994  -131.862807  0.000236  0.000014
     8    125   1000  -131.862848  0.000263  0.000017
     9    111    999  -131.862848  0.000242  0.000016
    10    100   1000  -131.862854  0.000256  0.000018
    11     90    990  -131.862810  0.000248  0.000019
    12     83    996  -131.862847  0.000271  0.000021
    13     76    988  -131.862816  0.000228  0.000019
    14     71    994  -131.862833  0.000235  0.000020
    15     66    990  -131.862810  0.000229  0.000020
    16     62    992  -131.862827  0.000278  0.000025
    17     58    986  -131.862826  0.000242  0.000023
    18     55    990  -131.862816  0.000221  0.000021
    19     52    988  -131.862823  0.000267  0.000026
    20     50   1000  -131.862878  0.000236  0.000024
    21     47    987  -131.862828  0.000250  0.000026
    22     45    990  -131.862827  0.000240  0.000026
    23     43    989  -131.862826  0.000294  0.000032
    24     41    984  -131.862828  0.000273  0.000030
    25     40   1000  -131.862888  0.000243  0.000027
Fit (variance): plateau_var = 6.062417e-08 ± 2.629983e-09
Fit (error):    plateau = 0.000246 ± 0.000005
     autocorrelation length ~ 2.4 blocks
     plateau reached at block size ~ 11
Final AFQMC/pt2CCSD overlap ratio: -1.025111 ± 0.000241
Final AFQMC/pt2CCSD energy: -131.862903 ± 0.000246
Total run time: 2401.43

AFQMC Sampling Finished

