#INFO: **** input file is /work/hdd/bdka/yzhang65/w4_17/w4-17_all/afqmc_input/run_afqmc.py ****
import os
import sys
import re
sys.path.insert(0, os.path.join(os.path.dirname(os.path.abspath(__file__)), '..', 'script'))

os.environ.setdefault("XLA_PYTHON_CLIENT_ALLOCATOR", "platform")
import jax
jax.config.update("jax_enable_x64", True)

from pyscf import gto, scf, cc
from afqmc import integral, launch_afqmc
from mol_select import get_xyz_files
import truncate_basis

# ---------------------------------------------------------------------------
# Configuration
# ---------------------------------------------------------------------------
shell            = "open"  # "closed" or "open"
symmetry         = False
select_molecules = None  # e.g. ["acetaldehyde", "benzene"], or None for all
index            = None          # e.g. "1-10", "5", "1,3,5-8", or None for all
basis            = "vtzfp"

xyz_dir      = f"../w4_17_xyz/{shell}_shell"
results_file = f"../result/{shell}_afqmc_{basis}.dat"
out_dir      = f"../result/molout/{shell}_shell"
os.makedirs(out_dir, exist_ok=True)

xyz_files = get_xyz_files(xyz_dir, select_molecules=select_molecules, index=index)

# ---------------------------------------------------------------------------
# Write results header
# ---------------------------------------------------------------------------
with open(results_file, "w") as out:
    out.write(f"{'Molecule':<16s} {'E_HF (Eh)':>20s} {'E_CCSD (Eh)':>20s} "
              f"{'E_AFQMC (Eh)':>15s} {'E_AFQMC ERR (Eh)':>15s}\n")

# ---------------------------------------------------------------------------
# Helper
# ---------------------------------------------------------------------------
_afqmc_energy_re = re.compile(
    r"Final AFQMC/pt2CCSD energy:\s*([-+]?\d*\.?\d+(?:[eE][-+]?\d+)?)"
    r"\s*(?:±|\+/-)\s*([-+]?\d*\.?\d+(?:[eE][-+]?\d+)?)"
)

def extract_afqmc_energy(filename):
    try:
        with open(filename, encoding="utf-8") as f:
            for line in f:
                m = _afqmc_energy_re.search(line)
                if m:
                    return float(m.group(1)), float(m.group(2))
    except (OSError, IOError):
        pass
    return 0, 0

# ---------------------------------------------------------------------------
# Main loop
# ---------------------------------------------------------------------------
for xyz_path in xyz_files:
    with open(xyz_path) as f:
        lines = f.readlines()

    second_line = lines[1]
    charge   = int(second_line.split("charge=")[1].split()[0])
    spin     = int(second_line.split("mult=")[1].split()[0]) - 1
    mol_name = second_line.split()[0]
    atoms    = "".join(lines[2:])

    print(f"\n{'='*60}\nRunning: {mol_name}  charge={charge}  spin={spin}\n{'='*60}")

    mol = gto.M(
        atom=atoms,
        basis=truncate_basis.get_basis(atoms, basis),
        verbose=4,
        output=os.path.join(out_dir, f"{mol_name}_{basis}.out"),
        unit="angstrom",
        symmetry=symmetry,
        charge=charge,
        spin=spin,
        max_memory=40000,
    )

    mf = scf.UHF(mol)
    mf.max_cycle = 200
    mf = mf.newton()
    mf.kernel()

    if mol_name == "h":
        with open(results_file, "a") as out:
            out.write(f"{mol_name:<16s} {mf.e_tot:>20.10f} {mf.e_tot:>20.10f} "
                      f"{mf.e_tot:>15.5f} {0.0:>15.5f}\n")
        continue

    stable = False
    for _ in range(10):
        mo_i, _, stable, _ = mf.stability(return_status=True)
        if stable:
            break
        dm = mf.make_rdm1(mo_i, mf.mo_occ)
        mf.kernel(dm0=dm)

    if not stable or not mf.converged:
        print(f"  !! SCF did not converge for {mol_name} — skipping.")
        with open(results_file, "a") as out:
            out.write(f"{mol_name:<16s} {'UNCONVERGED':>20s} {'UNCONVERGED':>20s} {'UNCONVERGED':>20s}\n")
        continue

    mycc = cc.CCSD(mf)
    mycc.set_frozen()
    mycc.kernel()

    integral.prep_integral(mycc, chol_cut=1e-5)
    options = {
        'eql_time':      50,
        'n_blocks':      1000,
        'n_walkers':     300,
        'max_error':     0.0,
        'seed':          17,
        'walker_type':   'uhf',
        'trial':         'upt2ccsd',
        'mix_precision': True,
        'max_memory':    20000, #MB
    }
    launch_afqmc.ph_afqmc(options)

    afqmc_out = os.path.join(out_dir, f"{mol_name}_afqmc_{basis}.out")
    os.system(f"mv afqmc.out {afqmc_out}")
    eqmc, eqmc_err = extract_afqmc_energy(afqmc_out)

    with open(results_file, "a") as out:
        out.write(f"{mol_name:<16s} {mf.e_tot:>20.10f} {mycc.e_tot:>20.10f} "
                  f"{eqmc:>15.5f} {eqmc_err:>15.5f}\n")

    print(f"  => E_HF({mol_name})      = {mf.e_tot:.10f} Eh")
    print(f"  => E_CCSD({mol_name})    = {mycc.e_tot:.10f} Eh")
    print(f"  => E_AFQMC({mol_name})   = {eqmc:.5f} +/- {eqmc_err:.5f} Eh")

print(f"\nAll calculations complete. Results saved to {results_file}")
#INFO: ******************** input file end ********************


System: uname_result(system='Linux', node='gpua082.delta.ncsa.illinois.edu', release='5.14.0-427.91.1.el9_4.x86_64', version='#1 SMP PREEMPT_DYNAMIC Wed Sep 17 10:08:59 EDT 2025', machine='x86_64')  Threads 16
Python 3.11.14 (main, Oct 21 2025, 18:31:21) [GCC 11.2.0]
numpy 2.3.5  scipy 1.16.3  h5py 3.15.1
Date: Sat May 23 06:55:08 2026
PySCF version 2.11.0
PySCF path  /u/yzhang65/myprojects/software/pyscf
GIT HEAD (branch master) f520f5381c0b41f716d847009817cbc64e52c0d5

[ENV] PYSCF_TMPDIR /projects/bdka/yzhang65/scratch/pyscf
[ENV] PYSCF_EXT_PATH /u/yzhang65/myprojects/software/pyscf-forge
[CONFIG] conf_file None
[INPUT] verbose = 4
[INPUT] num. atoms = 5
[INPUT] num. electrons = 21
[INPUT] charge = 0
[INPUT] spin (= nelec alpha-beta = 2S) = 1
[INPUT] symmetry False subgroup None
[INPUT] Mole.unit = angstrom
[INPUT] Symbol           X                Y                Z      unit          X                Y                Z       unit  Magmom
[INPUT]  1 C      0.000000000000   0.000000000000  -1.201125394300 AA    0.000000000000   0.000000000000  -2.269798036487 Bohr   0.0
[INPUT]  2 H      0.000000000000   0.936006613400  -1.736499077400 AA    0.000000000000   1.768796150108  -3.281507671846 Bohr   0.0
[INPUT]  3 H      0.000000000000  -0.936006613400  -1.736499077400 AA    0.000000000000  -1.768796150108  -3.281507671846 Bohr   0.0
[INPUT]  4 C      0.000000000000   0.000000000000   0.190654351900 AA    0.000000000000   0.000000000000   0.360284509547 Bohr   0.0
[INPUT]  5 N      0.000000000000   0.000000000000   1.362105197200 AA    0.000000000000   0.000000000000   2.574005775555 Bohr   0.0

nuclear repulsion = 52.7556625184324
number of shells = 37
number of NR pGTOs = 148
number of NR cGTOs = 108
basis = {'C': [[0, [8236.0, 0.000531, -0.000113], [1235.0, 0.004108, -0.000878], [280.8, 0.021087, -0.00454], [79.27, 0.081853, -0.018133], [25.59, 0.234817, -0.05576], [8.997, 0.434401, -0.126895], [3.319, 0.346129, -0.170352], [0.3643, -0.008983, 0.598684]], [0, [0.9059, 1.0]], [0, [0.1285, 1.0]], [1, [18.71, 0.014031], [4.133, 0.086866], [1.2, 0.290216]], [1, [0.3827, 1.0]], [1, [0.1209, 1.0]], [2, [1.097, 1.0]], [2, [0.318, 1.0]], [3, [0.761, 1.0]]], 'N': [[0, [11420.0, 0.000523, -0.000115], [1712.0, 0.004045, -0.000895], [389.3, 0.020775, -0.004624], [110.0, 0.080727, -0.018528], [35.57, 0.233074, -0.057339], [12.54, 0.433501, -0.132076], [4.644, 0.347472, -0.17251], [0.5118, -0.008508, 0.599944]], [0, [1.293, 1.0]], [0, [0.1787, 1.0]], [1, [26.63, 0.01467], [5.948, 0.091764], [1.742, 0.298683]], [1, [0.555, 1.0]], [1, [0.1725, 1.0]], [2, [1.654, 1.0]], [2, [0.469, 1.0]], [3, [1.093, 1.0]]], 'H': [[0, [33.87, 0.006068], [5.095, 0.045308], [1.159, 0.202822]], [0, [0.3258, 1.0]], [0, [0.1027, 1.0]], [1, [1.407, 1.0]], [1, [0.388, 1.0]]]}
ecp = {}
CPU time:      4024.20




******** <class 'pyscf.soscf.newton_ah.SecondOrderUHF'> ********
method = SecondOrderUHF
initial guess = minao
damping factor = 0
level_shift factor = 0
DIIS = <class 'pyscf.scf.diis.CDIIS'>
diis_start_cycle = 1
diis_space = 8
diis_damp = 0
SCF conv_tol = 1e-09
SCF conv_tol_grad = None
SCF max_cycles = 200
direct_scf = True
direct_scf_tol = 1e-13
chkfile to save SCF result = /projects/bdka/yzhang65/scratch/pyscf/tmp20uxl4jt
max_memory 40000 MB (current use 2377 MB)
number electrons alpha = 11  beta = 10
******** <class 'pyscf.scf.uhf.UHF'> Newton solver flags ********
SCF tol = 1e-09
conv_tol_grad = None
max. SCF cycles = 200
direct_scf = True
direct_scf_tol = 1e-13
chkfile to save SCF result = /projects/bdka/yzhang65/scratch/pyscf/tmp20uxl4jt
max_cycle_inner = 12
max_stepsize = 0.05
ah_start_tol = 1e+09
ah_level_shift = 0
ah_conv_tol = 1e-12
ah_lindep = 1e-14
ah_start_cycle = 1
ah_max_cycle = 40
ah_grad_trust_region = 2.5
kf_interval = 4
kf_trust_region = 5
canonicalization = True
max_memory 40000 MB (current use 2377 MB)
Set conv_tol_grad to 3.16228e-05
  alpha nocc = 11  HOMO = -0.159613648545078  LUMO = 0.0826626983853936
  beta  nocc = 10  HOMO = -0.363517653357593  LUMO = -0.159613648545078

WARN: system HOMO -0.159613648545078 >= system LUMO -0.159613648545078

Initial guess E= -131.249904001066  |g|= 0.363453
macro= 0  E= -131.346127564649  delta_E= -0.0962236  |g|= 0.0280812  4 KF 23 JK
macro= 1  E= -131.351640768105  delta_E= -0.0055132  |g|= 0.00236115  4 KF 13 JK
macro= 2  E= -131.351643563522  delta_E= -2.79542e-06  |g|= 7.32709e-05  2 KF 11 JK
macro= 3  E= -131.351643563522  delta_E= -1.13687e-13  |g|= 8.58716e-06  1 KF 2 JK
Canonicalize SCF orbitals
macro X = 4  E=-131.351643563522  |g|= 8.58716e-06  total 12 KF 54 JK
converged SCF energy = -131.351643563522  <S^2> = 0.94588993  2S+1 = 2.1871351
uhf_internal: lowest eigs of H = [0.15773299 0.2405668  0.28372927]
<class 'pyscf.soscf.newton_ah.SecondOrderUHF'> wavefunction is stable in the internal stability analysis

******** <class 'pyscf.cc.uccsd.UCCSD'> ********
CC2 = 0
CCSD nocc = (np.int64(8), np.int64(7)), nmo = (105, 105)
frozen orbitals 3
max_cycle = 50
direct = 0
conv_tol = 1e-07
conv_tol_normt = 1e-06
diis_space = 6
diis_start_cycle = 0
diis_start_energy_diff = 1e+09
max_memory 40000 MB (current use 2522 MB)
Init t2, MP2 energy = -0.454169565610295
Init E_corr(UCCSD) = -0.454169565640593
cycle = 1  E_corr(UCCSD) = -0.460264889795123  dE = -0.00609532415  norm(t1,t2) = 0.105979
cycle = 2  E_corr(UCCSD) = -0.477090798421677  dE = -0.0168259086  norm(t1,t2) = 0.042678
cycle = 3  E_corr(UCCSD) = -0.479323146267519  dE = -0.00223234785  norm(t1,t2) = 0.0307023
cycle = 4  E_corr(UCCSD) = -0.486216700717082  dE = -0.00689355445  norm(t1,t2) = 0.0182291
cycle = 5  E_corr(UCCSD) = -0.485678820805646  dE = 0.000537879911  norm(t1,t2) = 0.00524181
cycle = 6  E_corr(UCCSD) = -0.48564193544695  dE = 3.68853587e-05  norm(t1,t2) = 0.0019216
cycle = 7  E_corr(UCCSD) = -0.485787341054359  dE = -0.000145405607  norm(t1,t2) = 0.000989743
cycle = 8  E_corr(UCCSD) = -0.485758830623421  dE = 2.85104309e-05  norm(t1,t2) = 0.000460443
cycle = 9  E_corr(UCCSD) = -0.485753341869342  dE = 5.48875408e-06  norm(t1,t2) = 0.000233254
cycle = 10  E_corr(UCCSD) = -0.485750806985878  dE = 2.53488346e-06  norm(t1,t2) = 0.00010835
cycle = 11  E_corr(UCCSD) = -0.485751412022264  dE = -6.05036386e-07  norm(t1,t2) = 4.09748e-05
cycle = 12  E_corr(UCCSD) = -0.485752438224832  dE = -1.02620257e-06  norm(t1,t2) = 1.84991e-05
cycle = 13  E_corr(UCCSD) = -0.485751685842809  dE = 7.52382022e-07  norm(t1,t2) = 9.75975e-06
cycle = 14  E_corr(UCCSD) = -0.485751311472072  dE = 3.74370737e-07  norm(t1,t2) = 4.9722e-06
cycle = 15  E_corr(UCCSD) = -0.485751113485643  dE = 1.97986429e-07  norm(t1,t2) = 2.47685e-06
cycle = 16  E_corr(UCCSD) = -0.485750987336632  dE = 1.2614901e-07  norm(t1,t2) = 1.04202e-06
cycle = 17  E_corr(UCCSD) = -0.485750980514471  dE = 6.82216117e-09  norm(t1,t2) = 3.40468e-07
UCCSD converged
E(UCCSD) = -131.8373945440361  E_corr = -0.4857509805144712
