
    ________                     _____                    
    ___  __ \___  __________________(_)_____________ _    
    __  /_/ /  / / /_  __ \_  __ \_  /__  __ \_  __ `/    
    _  _, _// /_/ /_  / / /  / / /  / _  / / /  /_/ /     
    /_/ |_| \__,_/ /_/ /_//_/ /_//_/  /_/ /_/_\__, /      
                                             /____/       
    _____________________________  ___________            
    ___    |__  ____/_  __ \__   |/  /_  ____/            
    __  /| |_  /_   _  / / /_  /|_/ /_  /                 
    _  ___ |  __/   / /_/ /_  /  / / / /___               
    /_/  |_/_/      \___\_\/_/  /_/  \____/               

Hostname:     gpua082.delta.ncsa.illinois.edu
System:       Linux
Node:         gpua082.delta.ncsa.illinois.edu
Release:      5.14.0-427.91.1.el9_4.x86_64
Machine:      x86_64
Processor:    x86_64
JAX backend:  GPU
JAX devices:  [CudaDevice(id=0)]
Device kind:  NVIDIA A100-SXM4-40GB
Platform:     gpu

Load system from Integral File
Maximum memory per walker:            66.67
Maximum number of Cholesky per chunk: 378
Number of Cholesky chunks:            2
Number of Cholesky per chunk:         237
Number of padding Cholesky:           0

QMC System
Number of electrons: (7, 6)
Spin Multiplicity:   1
Number of orbitals:  76
Number of Chol:      474

QMC Parameters
eql_time            :                   50
n_blocks            :                 1000
n_walkers           :                  300
max_error           :                  0.0
seed                :                   17
walker_type         :                  uhf
trial               :             upt2ccsd
mix_precision       :                 True
max_memory          :                20000
dt                  :                0.005
n_exp_terms         :                    6
n_prop_steps        :                   50
save_walkers        :                False
free_projection     :                False
n_batch             :                    1
nchol_chunk         :                  237

Initalize QMC walkers by stochastic CCSD

Equilibration
inv_T        weight  killW        energy   runTime
 0.00    300.000000      0   -130.883144     20.41
 5.00    298.979539      0   -130.912461     30.99
10.00    299.528913      0   -130.899180     33.60
15.00    298.902489      0   -130.883859     36.21
20.00    299.349246      0   -130.859153     38.83
25.00    299.571828      0   -130.913296     41.44
30.00    299.110113      0   -130.937918     44.05
35.00    299.361961      0   -130.921415     46.66
40.00    298.421510      0   -130.877321     49.28
45.00    299.677638      0   -130.916166     51.90
50.00    299.919790      0   -130.917758     54.51

Sampling
blocks        weight  killW       E_Guide     error       E_Trial     error     olp_T/G     error  Walltime
    20    299.334146      0   -130.906642  0.005643   -130.901960  0.000759   -1.010004  0.000728   71.81
    40    299.172147      3   -130.901875  0.004267   -130.901330  0.000651   -1.011290  0.000835   82.78
    60    299.216454      8   -130.906105  0.004006   -130.902651  0.000785   -1.012193  0.000973   93.74
    80    299.185801     10   -130.903710  0.003849   -130.902354  0.000637   -1.012002  0.000750  104.71
   100    299.156809     11   -130.902120  0.003296   -130.902132  0.000533   -1.011739  0.000584  115.67
   120    299.113156     11   -130.902045  0.002694   -130.901944  0.000472   -1.011594  0.000499  126.65
   140    299.098350     12   -130.900942  0.002580   -130.901957  0.000429   -1.011488  0.000447  137.62
   160    299.081106     14   -130.902202  0.002509   -130.902014  0.000395   -1.011393  0.000399  148.59
   180    299.064262     14   -130.901558  0.002447   -130.901816  0.000363   -1.011320  0.000349  159.56
   200    299.060821     15   -130.901800  0.002241   -130.901830  0.000351   -1.011103  0.000347  170.53
   220    299.062643     15   -130.901853  0.002067   -130.901824  0.000330   -1.011041  0.000320  181.51
   240    299.057429     15   -130.901491  0.001918   -130.901796  0.000310   -1.010929  0.000301  192.48
   260    299.049503     15   -130.901108  0.001830   -130.901743  0.000303   -1.010839  0.000294  203.45
   280    299.035255     15   -130.901487  0.001790   -130.901797  0.000294   -1.010879  0.000276  214.42
   300    299.035572     15   -130.901704  0.001688   -130.901752  0.000279   -1.010868  0.000263  225.40
   320    299.032995     16   -130.902190  0.001619   -130.901877  0.000270   -1.010737  0.000273  236.36
   340    299.026961     17   -130.901899  0.001541   -130.901815  0.000259   -1.010935  0.000283  247.36
   360    299.014730     19   -130.901783  0.001468   -130.901717  0.000250   -1.011110  0.000297  258.33
   380    299.010256     19   -130.901791  0.001389   -130.901685  0.000241   -1.011163  0.000283  269.30
   400    299.006522     20   -130.901214  0.001380   -130.901597  0.000233   -1.011245  0.000277  280.28
   420    299.010747     22   -130.901896  0.001397   -130.901765  0.000234   -1.011365  0.000277  291.25
   440    298.998456     22   -130.901696  0.001359   -130.901701  0.000227   -1.011403  0.000292  302.24
   460    299.002542     23   -130.902130  0.001350   -130.901778  0.000227   -1.011322  0.000297  313.20
   480    298.996193     23   -130.901778  0.001320   -130.901723  0.000220   -1.011275  0.000284  324.17
   500    298.993452     24   -130.901720  0.001297   -130.901745  0.000215   -1.011335  0.000274  335.13
   520    298.979338     24   -130.901587  0.001256   -130.901732  0.000209   -1.011398  0.000278  346.10
   540    298.974638     25   -130.901545  0.001213   -130.901760  0.000207   -1.011423  0.000275  357.06
   560    298.971691     26   -130.901856  0.001191   -130.901757  0.000201   -1.011424  0.000264  368.03
   580    298.969509     28   -130.902178  0.001175   -130.901779  0.000199   -1.011443  0.000258  379.00
   600    298.970735     30   -130.902165  0.001183   -130.901801  0.000196   -1.011478  0.000253  389.97
   620    298.968858     30   -130.902089  0.001163   -130.901777  0.000193   -1.011524  0.000247  400.94
   640    298.974149     30   -130.902017  0.001129   -130.901758  0.000190   -1.011577  0.000254  411.92
   660    298.976759     32   -130.902222  0.001125   -130.901751  0.000188   -1.011659  0.000257  422.92
   680    298.980455     32   -130.902256  0.001106   -130.901747  0.000188   -1.011691  0.000256  433.89
   700    298.980369     32   -130.902409  0.001101   -130.901771  0.000186   -1.011632  0.000253  444.87
   720    298.977975     34   -130.902260  0.001071   -130.901781  0.000183   -1.011546  0.000267  455.83
   740    298.977292     35   -130.902285  0.001051   -130.901728  0.000179   -1.011532  0.000260  466.80
   760    298.976792     37   -130.902307  0.001027   -130.901725  0.000176   -1.011523  0.000254  477.77
   780    298.975218     37   -130.902139  0.001020   -130.901682  0.000172   -1.011532  0.000249  488.75
   800    298.973810     38   -130.902195  0.001002   -130.901725  0.000173   -1.011524  0.000246  499.72
   820    298.972325     40   -130.902188  0.000983   -130.901698  0.000170   -1.011503  0.000241  510.69
   840    298.974023     42   -130.902421  0.000982   -130.901741  0.000168   -1.011500  0.000240  521.65
   860    298.973719     44   -130.902674  0.000978   -130.901787  0.000167   -1.011567  0.000240  532.62
   880    298.967130     46   -130.902554  0.000984   -130.901871  0.000206   -1.011597  0.000247  543.60
   900    298.966634     47   -130.902503  0.000967   -130.901904  0.000206   -1.011628  0.000247  554.56
   920    298.967489     48   -130.902414  0.000967   -130.901897  0.000203   -1.011602  0.000243  565.53
   940    298.966288     50   -130.902747  0.000970   -130.901975  0.000202   -1.011564  0.000241  576.50
   960    298.965226     50   -130.902791  0.000977   -130.901967  0.000200   -1.011545  0.000246  587.48
   980    298.965304     50   -130.902731  0.000967   -130.901977  0.000197   -1.011548  0.000246  598.49
  1000    298.965108     50   -130.902541  0.000953   -130.901930  0.000193   -1.011529  0.000240  610.57

Post Propagation Process
Total number of samples 1000
Raw AFQMC/HF (Guide) energy:           -130.902541 ± 0.000953
Raw Trial/Guide overlap ratio:          -1.011529 ± 0.000240
Raw AFQMC/pt2CCSD energy (covariance): -130.901930 ± 0.000193
Raw AFQMC/pt2CCSD energy (dir sample): -130.901930 ± 0.000170

Remove Outliers
removing energies outside zeta > 30
Outlier energy bound [-130.997471, -130.804288]
Removed 1 outliers with energies [-131.00470691]
Clean AFQMC/pt2CCSD overlap ratio:        -1.011527 ± 0.000240
Clean AFQMC/pt2CCSD energy (covariance): -130.901823 ± 0.000160
Clean AFQMC/ptCCSD energy (dir sample):  -130.901823 ± 0.000135

Blocking Analysis
nsample = 999, max_block_size = 24, min_nblocks = 40
   B    NB    NS  Observable     Error    dError
   1   999   999   -1.011528  0.000077  0.000002
   2   499   998   -1.011529  0.000099  0.000003
   3   333   999   -1.011527  0.000116  0.000005
   4   249   996   -1.011532  0.000129  0.000006
   5   199   995   -1.011534  0.000140  0.000007
   6   166   996   -1.011532  0.000150  0.000008
   7   142   994   -1.011535  0.000157  0.000009
   8   124   992   -1.011542  0.000163  0.000010
   9   111   999   -1.011527  0.000171  0.000012
  10    99   990   -1.011544  0.000176  0.000013
  11    90   990   -1.011544  0.000184  0.000014
  12    83   996   -1.011532  0.000187  0.000015
  13    76   988   -1.011545  0.000196  0.000016
  14    71   994   -1.011535  0.000196  0.000017
  15    66   990   -1.011544  0.000199  0.000017
  16    62   992   -1.011542  0.000205  0.000019
  17    58   986   -1.011552  0.000207  0.000019
  18    55   990   -1.011544  0.000215  0.000021
  19    52   988   -1.011545  0.000212  0.000021
  20    49   980   -1.011546  0.000217  0.000022
  21    47   987   -1.011552  0.000225  0.000023
  22    45   990   -1.011544  0.000230  0.000025
  23    43   989   -1.011544  0.000224  0.000024
  24    41   984   -1.011551  0.000240  0.000027
Fit (variance): plateau_var = 6.300e-08 ± 1.042e-08
Fit (error):    plateau = 0.000251 ± 0.000021
     autocorrelation length ~ 14.7 blocks
     plateau reached at block size ~ 68
     !!!Failed to reach plateau in blocking
     Return max block error
nclean = 999, max_block_size = 24, min_nblocks = 40
Blk_SZ   NBlk   NSmp      Energy     Error    dError
     1    999    999  -130.901717  0.000135  0.000003
     2    499    998  -130.901748  0.000152  0.000005
     3    333    999  -130.901758  0.000163  0.000006
     4    249    996  -130.901783  0.000164  0.000007
     5    199    995  -130.901790  0.000171  0.000009
     6    166    996  -130.901796  0.000166  0.000009
     7    142    994  -130.901804  0.000174  0.000010
     8    124    992  -130.901805  0.000190  0.000012
     9    111    999  -130.901798  0.000177  0.000012
    10     99    990  -130.901819  0.000184  0.000013
    11     90    990  -130.901829  0.000172  0.000013
    12     83    996  -130.901815  0.000180  0.000014
    13     76    988  -130.901826  0.000188  0.000015
    14     71    994  -130.901820  0.000181  0.000015
    15     66    990  -130.901834  0.000175  0.000015
    16     62    992  -130.901825  0.000183  0.000017
    17     58    986  -130.901836  0.000172  0.000016
    18     55    990  -130.901836  0.000187  0.000018
    19     52    988  -130.901832  0.000181  0.000018
    20     49    980  -130.901853  0.000190  0.000019
    21     47    987  -130.901838  0.000182  0.000019
    22     45    990  -130.901838  0.000186  0.000020
    23     43    989  -130.901837  0.000172  0.000019
    24     41    984  -130.901847  0.000165  0.000018
Fit (variance): plateau_var = 3.210562e-08 ± 1.445828e-09
Fit (error):    plateau = 0.000179 ± 0.000004
     autocorrelation length ~ 2.5 blocks
     plateau reached at block size ~ 11
Final AFQMC/pt2CCSD overlap ratio: -1.011527 ± 0.000240
Final AFQMC/pt2CCSD energy: -130.901823 ± 0.000179
Total run time: 630.00

AFQMC Sampling Finished

