
    ________                     _____                    
    ___  __ \___  __________________(_)_____________ _    
    __  /_/ /  / / /_  __ \_  __ \_  /__  __ \_  __ `/    
    _  _, _// /_/ /_  / / /  / / /  / _  / / /  /_/ /     
    /_/ |_| \__,_/ /_/ /_//_/ /_//_/  /_/ /_/_\__, /      
                                             /____/       
    _____________________________  ___________            
    ___    |__  ____/_  __ \__   |/  /_  ____/            
    __  /| |_  /_   _  / / /_  /|_/ /_  /                 
    _  ___ |  __/   / /_/ /_  /  / / / /___               
    /_/  |_/_/      \___\_\/_/  /_/  \____/               

Hostname:     gpua082.delta.ncsa.illinois.edu
System:       Linux
Node:         gpua082.delta.ncsa.illinois.edu
Release:      5.14.0-427.91.1.el9_4.x86_64
Machine:      x86_64
Processor:    x86_64
JAX backend:  GPU
JAX devices:  [CudaDevice(id=0)]
Device kind:  NVIDIA A100-SXM4-40GB
Platform:     gpu

Load system from Integral File
Maximum memory per walker:            66.67
Maximum number of Cholesky per chunk: 486
Number of Cholesky chunks:            1
Number of Cholesky per chunk:         418
Number of padding Cholesky:           0

QMC System
Number of electrons: (6, 5)
Spin Multiplicity:   1
Number of orbitals:  67
Number of Chol:      418

QMC Parameters
eql_time            :                   50
n_blocks            :                 1000
n_walkers           :                  300
max_error           :                  0.0
seed                :                   17
walker_type         :                  uhf
trial               :             upt2ccsd
mix_precision       :                 True
max_memory          :                20000
dt                  :                0.005
n_exp_terms         :                    6
n_prop_steps        :                   50
save_walkers        :                False
free_projection     :                False
n_batch             :                    1
nchol_chunk         :                  418

Initalize QMC walkers by stochastic CCSD

Equilibration
inv_T        weight  killW        energy   runTime
 0.00    300.000000      0   -113.664518     20.61
 5.00    299.505990      0   -113.709506     29.88
10.00    299.451365      0   -113.710945     32.05
15.00    299.602566      0   -113.680054     34.22
20.00    299.712754      0   -113.698642     36.40
25.00    298.829478      0   -113.660266     38.57
30.00    299.207630      0   -113.685549     40.74
35.00    298.966532      1   -113.675813     42.90
40.00    298.772529      0   -113.674325     45.07
45.00    299.453536      0   -113.676170     47.24
50.00    298.699842      0   -113.674545     49.41

Sampling
blocks        weight  killW       E_Guide     error       E_Trial     error     olp_T/G     error  Walltime
    20    299.110330      2   -113.682495  0.004807   -113.680937  0.001085   -1.011206  0.000455   77.05
    40    299.158429      4   -113.682649  0.004064   -113.681178  0.000751   -1.010792  0.000345   98.89
    60    299.121050      5   -113.682335  0.004281   -113.681340  0.000720   -1.010770  0.000239  120.81
    80    299.121217      5   -113.681735  0.003368   -113.681488  0.000637   -1.010350  0.000336  142.74
   100    299.119872      5   -113.682807  0.002722   -113.681356  0.000565   -1.009869  0.000454  164.65
   120    299.152202      6   -113.686430  0.003121   -113.682342  0.000650   -1.009384  0.000506  186.58
   140    299.131749      6   -113.686158  0.002709   -113.682433  0.000633   -1.009584  0.000473  208.48
   160    299.122084      7   -113.686803  0.002414   -113.682771  0.000669   -1.009693  0.000430  230.42
   180    299.149484      8   -113.687804  0.002256   -113.682699  0.000619   -1.009862  0.000398  252.34
   200    299.121548      9   -113.686623  0.002292   -113.682467  0.000566   -1.009705  0.000400  274.26
   220    299.089906     10   -113.686040  0.002200   -113.682841  0.000579   -1.009663  0.000368  296.18
   240    299.081127     12   -113.686458  0.002070   -113.683005  0.000551   -1.009544  0.000346  318.09
   260    299.064154     12   -113.685577  0.002125   -113.683106  0.000536   -1.009565  0.000321  340.04
   280    299.061089     13   -113.685629  0.001980   -113.683150  0.000508   -1.009507  0.000300  361.98
   300    299.054740     13   -113.685491  0.002080   -113.683191  0.000493   -1.009389  0.000293  383.88
   320    299.049630     14   -113.684897  0.001991   -113.683129  0.000470   -1.009253  0.000291  405.79
   340    299.043410     14   -113.684919  0.001937   -113.683067  0.000450   -1.009225  0.000276  427.73
   360    299.039525     14   -113.685097  0.001857   -113.683054  0.000434   -1.009324  0.000269  449.64
   380    299.025717     16   -113.685436  0.001827   -113.683001  0.000417   -1.009275  0.000260  471.58
   400    299.024225     16   -113.685483  0.001746   -113.682997  0.000399   -1.009189  0.000257  493.49
   420    299.023397     16   -113.685670  0.001673   -113.682984  0.000388   -1.009113  0.000251  515.41
   440    299.019478     16   -113.685903  0.001621   -113.683008  0.000378   -1.009060  0.000248  537.32
   460    299.008329     18   -113.685602  0.001551   -113.682983  0.000372   -1.009030  0.000242  559.25
   480    299.002910     20   -113.685854  0.001639   -113.682909  0.000359   -1.009022  0.000241  581.18
   500    299.005771     20   -113.686273  0.001678   -113.682996  0.000353   -1.009050  0.000238  603.74
   520    299.002888     20   -113.686019  0.001624   -113.682938  0.000342   -1.009031  0.000227  625.53
   540    299.002903     20   -113.686088  0.001555   -113.682913  0.000339   -1.008982  0.000220  647.46
   560    299.004313     20   -113.686207  0.001521   -113.682891  0.000331   -1.008938  0.000217  669.39
   580    299.007618     22   -113.686209  0.001464   -113.682861  0.000325   -1.008933  0.000209  691.29
   600    299.007342     24   -113.686516  0.001458   -113.682784  0.000318   -1.008962  0.000215  713.21
   620    299.002581     25   -113.686022  0.001459   -113.682698  0.000309   -1.008961  0.000210  735.12
   640    298.998800     25   -113.685931  0.001424   -113.682653  0.000301   -1.008949  0.000214  757.03
   660    299.001446     25   -113.685950  0.001373   -113.682601  0.000294   -1.009001  0.000214  778.96
   680    298.995218     26   -113.685759  0.001369   -113.682595  0.000288   -1.009024  0.000211  800.85
   700    298.991887     27   -113.685607  0.001344   -113.682607  0.000284   -1.008971  0.000207  822.78
   720    298.997210     30   -113.685743  0.001323   -113.682679  0.000282   -1.008910  0.000215  844.68
   740    298.996958     30   -113.685937  0.001313   -113.682737  0.000280   -1.008884  0.000213  866.59
   760    298.996287     31   -113.685889  0.001294   -113.682715  0.000275   -1.008930  0.000214  888.51
   780    298.995269     31   -113.686025  0.001267   -113.682726  0.000270   -1.008928  0.000209  910.45
   800    298.995949     33   -113.686033  0.001218   -113.682754  0.000268   -1.008946  0.000205  932.38
   820    298.995860     34   -113.686224  0.001216   -113.682782  0.000266   -1.008940  0.000201  954.29
   840    298.994173     36   -113.686341  0.001185   -113.682762  0.000264   -1.008960  0.000206  976.22
   860    298.991679     37   -113.686242  0.001170   -113.682757  0.000259   -1.008944  0.000206  998.14
   880    298.986973     37   -113.685951  0.001159   -113.682704  0.000259   -1.008960  0.000202 1020.07
   900    298.984652     37   -113.685732  0.001151   -113.682683  0.000255   -1.008986  0.000198 1041.98
   920    298.981295     37   -113.685468  0.001160   -113.682616  0.000250   -1.009023  0.000195 1063.90
   940    298.975092     38   -113.685228  0.001153   -113.682572  0.000246   -1.009061  0.000197 1085.83
   960    298.972984     39   -113.685239  0.001210   -113.682582  0.000243   -1.009086  0.000195 1107.74
   980    298.970669     39   -113.685165  0.001210   -113.682592  0.000239   -1.009086  0.000194 1129.68
  1000    298.969292     39   -113.685387  0.001182   -113.682631  0.000239   -1.009089  0.000189 1151.63

Post Propagation Process
Total number of samples 1000
Raw AFQMC/HF (Guide) energy:           -113.685387 ± 0.001182
Raw Trial/Guide overlap ratio:          -1.009089 ± 0.000189
Raw AFQMC/pt2CCSD energy (covariance): -113.682631 ± 0.000239
Raw AFQMC/pt2CCSD energy (dir sample): -113.682631 ± 0.000194

Remove Outliers
removing energies outside zeta > 30
Outlier energy bound [-113.806248, -113.555987]
Removed 0 outliers with energies []
Clean AFQMC/pt2CCSD overlap ratio:        -1.009089 ± 0.000189
Clean AFQMC/pt2CCSD energy (covariance): -113.682631 ± 0.000239
Clean AFQMC/ptCCSD energy (dir sample):  -113.682631 ± 0.000194

Blocking Analysis
nsample = 1000, max_block_size = 25, min_nblocks = 40
   B    NB    NS  Observable     Error    dError
   1  1000  1000   -1.009089  0.000060  0.000001
   2   500  1000   -1.009089  0.000079  0.000003
   3   333   999   -1.009086  0.000093  0.000004
   4   250  1000   -1.009089  0.000104  0.000005
   5   200  1000   -1.009089  0.000113  0.000006
   6   166   996   -1.009079  0.000121  0.000007
   7   142   994   -1.009080  0.000128  0.000008
   8   125  1000   -1.009089  0.000132  0.000008
   9   111   999   -1.009086  0.000137  0.000009
  10   100  1000   -1.009089  0.000144  0.000010
  11    90   990   -1.009086  0.000152  0.000011
  12    83   996   -1.009079  0.000153  0.000012
  13    76   988   -1.009083  0.000154  0.000013
  14    71   994   -1.009080  0.000155  0.000013
  15    66   990   -1.009086  0.000163  0.000014
  16    62   992   -1.009082  0.000170  0.000015
  17    58   986   -1.009082  0.000172  0.000016
  18    55   990   -1.009086  0.000172  0.000017
  19    52   988   -1.009083  0.000178  0.000018
  20    50  1000   -1.009089  0.000173  0.000017
  21    47   987   -1.009083  0.000187  0.000019
  22    45   990   -1.009086  0.000177  0.000019
  23    43   989   -1.009085  0.000183  0.000020
  24    41   984   -1.009082  0.000189  0.000021
  25    40  1000   -1.009089  0.000180  0.000020
Fit (variance): plateau_var = 3.937e-08 ± 5.462e-09
Fit (error):    plateau = 0.000198 ± 0.000014
     autocorrelation length ~ 13.4 blocks
     plateau reached at block size ~ 62
     !!!Failed to reach plateau in blocking
     Return max block error
nclean = 1000, max_block_size = 25, min_nblocks = 40
Blk_SZ   NBlk   NSmp      Energy     Error    dError
     1   1000   1000  -113.682499  0.000194  0.000004
     2    500   1000  -113.682531  0.000211  0.000007
     3    333    999  -113.682555  0.000219  0.000009
     4    250   1000  -113.682564  0.000233  0.000010
     5    200   1000  -113.682567  0.000236  0.000012
     6    166    996  -113.682559  0.000239  0.000013
     7    142    994  -113.682569  0.000246  0.000015
     8    125   1000  -113.682585  0.000237  0.000015
     9    111    999  -113.682596  0.000244  0.000016
    10    100   1000  -113.682590  0.000237  0.000017
    11     90    990  -113.682581  0.000243  0.000018
    12     83    996  -113.682578  0.000238  0.000019
    13     76    988  -113.682594  0.000248  0.000020
    14     71    994  -113.682589  0.000236  0.000020
    15     66    990  -113.682587  0.000249  0.000022
    16     62    992  -113.682595  0.000241  0.000022
    17     58    986  -113.682605  0.000248  0.000023
    18     55    990  -113.682594  0.000260  0.000025
    19     52    988  -113.682607  0.000259  0.000026
    20     50   1000  -113.682608  0.000234  0.000024
    21     47    987  -113.682606  0.000257  0.000027
    22     45    990  -113.682597  0.000243  0.000026
    23     43    989  -113.682605  0.000273  0.000030
    24     41    984  -113.682587  0.000262  0.000029
    25     40   1000  -113.682613  0.000268  0.000030
Fit (variance): plateau_var = 6.111279e-08 ± 2.907947e-09
Fit (error):    plateau = 0.000247 ± 0.000006
     autocorrelation length ~ 3.0 blocks
     plateau reached at block size ~ 12
Final AFQMC/pt2CCSD overlap ratio: -1.009089 ± 0.000189
Final AFQMC/pt2CCSD energy: -113.682631 ± 0.000247
Total run time: 1170.70

AFQMC Sampling Finished

