
    ________                     _____                    
    ___  __ \___  __________________(_)_____________ _    
    __  /_/ /  / / /_  __ \_  __ \_  /__  __ \_  __ `/    
    _  _, _// /_/ /_  / / /  / / /  / _  / / /  /_/ /     
    /_/ |_| \__,_/ /_/ /_//_/ /_//_/  /_/ /_/_\__, /      
                                             /____/       
    _____________________________  ___________            
    ___    |__  ____/_  __ \__   |/  /_  ____/            
    __  /| |_  /_   _  / / /_  /|_/ /_  /                 
    _  ___ |  __/   / /_/ /_  /  / / / /___               
    /_/  |_/_/      \___\_\/_/  /_/  \____/               

Hostname:     gpua082.delta.ncsa.illinois.edu
System:       Linux
Node:         gpua082.delta.ncsa.illinois.edu
Release:      5.14.0-427.91.1.el9_4.x86_64
Machine:      x86_64
Processor:    x86_64
JAX backend:  GPU
JAX devices:  [CudaDevice(id=0)]
Device kind:  NVIDIA A100-SXM4-40GB
Platform:     gpu

Load system from Integral File
Maximum memory per walker:            66.67
Maximum number of Cholesky per chunk: 288
Number of Cholesky chunks:            2
Number of Cholesky per chunk:         284
Number of padding Cholesky:           1

QMC System
Number of electrons: (10, 9)
Spin Multiplicity:   1
Number of orbitals:  87
Number of Chol:      567

QMC Parameters
eql_time            :                   50
n_blocks            :                 1000
n_walkers           :                  300
max_error           :                  0.0
seed                :                   17
walker_type         :                  uhf
trial               :             upt2ccsd
mix_precision       :                 True
max_memory          :                20000
dt                  :                0.005
n_exp_terms         :                    6
n_prop_steps        :                   50
save_walkers        :                False
free_projection     :                False
n_batch             :                    1
nchol_chunk         :                  284

Initalize QMC walkers by stochastic CCSD

Equilibration
inv_T        weight  killW        energy   runTime
 0.00    300.000000      0   -609.739587     33.86
 5.00    299.194064      1   -609.811033     45.51
10.00    299.767475      0   -609.775475     49.03
15.00    299.116619      0   -609.783693     52.55
20.00    299.761651      0   -609.779299     56.07
25.00    300.012308      0   -609.780892     59.62
30.00    299.665382      1   -609.789343     63.14
35.00    298.634882      0   -609.772941     66.66
40.00    299.826103      0   -609.804097     70.17
45.00    299.018828      0   -609.804572     73.69
50.00    299.347819      0   -609.797283     77.21

Sampling
blocks        weight  killW       E_Guide     error       E_Trial     error     olp_T/G     error  Walltime
    20    299.373277      0   -609.784532  0.008896   -609.778213  0.001741   -1.067325  0.003083  117.40
    40    299.121010      0   -609.788193  0.005359   -609.779263  0.001394   -1.068470  0.001949  151.07
    60    299.077982      2   -609.789452  0.004312   -609.780327  0.001505   -1.070247  0.001660  185.06
    80    299.081534      3   -609.789187  0.004166   -609.781371  0.001355   -1.068712  0.001773  219.03
   100    299.007198      4   -609.786937  0.003827   -609.781210  0.001139   -1.068783  0.001400  253.01
   120    298.981876      6   -609.786490  0.003283   -609.780635  0.000994   -1.067239  0.001566  287.00
   140    298.925265      9   -609.785244  0.003118   -609.780983  0.000983   -1.064919  0.002082  320.99
   160    298.911070     12   -609.785524  0.002729   -609.781045  0.000909   -1.063547  0.002114  354.96
   180    298.863410     14   -609.784027  0.002644   -609.780736  0.000857   -1.062810  0.001939  388.97
   200    298.823865     17   -609.783213  0.002478   -609.780453  0.000803   -1.063213  0.001779  422.96
   220    298.802704     20   -609.782700  0.002326   -609.780607  0.000745   -1.062978  0.001622  456.94
   240    298.781336     21   -609.783066  0.002149   -609.780567  0.000705   -1.062812  0.001490  490.94
   260    298.753223     23   -609.782692  0.002035   -609.780557  0.000665   -1.062106  0.001463  524.92
   280    298.736656     24   -609.783578  0.002052   -609.780494  0.000638   -1.062160  0.001361  558.91
   300    298.720731     26   -609.783993  0.002038   -609.780454  0.000613   -1.062302  0.001274  592.89
   320    298.708115     26   -609.783587  0.002035   -609.780310  0.000586   -1.062322  0.001194  628.03
   340    298.704018     27   -609.783984  0.001986   -609.780059  0.000559   -1.062491  0.001141  661.31
   360    298.692539     28   -609.783277  0.001931   -609.779967  0.000536   -1.062308  0.001085  695.30
   380    298.679399     30   -609.783076  0.001856   -609.780049  0.000519   -1.061960  0.001055  729.28
   400    298.694875     31   -609.783622  0.001779   -609.780019  0.000501   -1.061645  0.001026  763.26
   420    298.691813     34   -609.783949  0.001880   -609.780015  0.000502   -1.061312  0.001009  797.24
   440    298.672109     35   -609.783932  0.001784   -609.779983  0.000484   -1.060835  0.001073  831.22
   460    298.674674     36   -609.784425  0.001803   -609.780178  0.000491   -1.060344  0.001090  865.20
   480    298.668259     36   -609.783872  0.001778   -609.779981  0.000480   -1.060533  0.001073  899.19
   500    298.658500     36   -609.784167  0.001733   -609.779950  0.000466   -1.060855  0.001082  933.17
   520    298.649499     37   -609.784550  0.001766   -609.780069  0.000460   -1.060829  0.001055  967.15
   540    298.648787     40   -609.784926  0.001721   -609.780239  0.000454   -1.060575  0.001041 1001.12
   560    298.649585     40   -609.784972  0.001660   -609.780221  0.000444   -1.060578  0.001015 1035.13
   580    298.644213     40   -609.785077  0.001604   -609.780098  0.000433   -1.060844  0.000999 1069.11
   600    298.645135     40   -609.785463  0.001574   -609.780331  0.000430   -1.060941  0.001031 1103.09
   620    298.630813     40   -609.784476  0.001692   -609.780131  0.000420   -1.061076  0.001007 1137.06
   640    298.638195     40   -609.784966  0.001672   -609.780159  0.000410   -1.061323  0.001010 1171.03
   660    298.643764     42   -609.785241  0.001665   -609.780089  0.000400   -1.061538  0.001010 1205.51
   680    298.639833     42   -609.785473  0.001721   -609.780204  0.000396   -1.061756  0.001060 1239.41
   700    298.632359     45   -609.785365  0.001682   -609.780284  0.000388   -1.061877  0.001039 1273.25
   720    298.630607     46   -609.785287  0.001649   -609.780238  0.000380   -1.061865  0.001016 1307.23
   740    298.630267     46   -609.785207  0.001611   -609.780252  0.000372   -1.061782  0.000994 1341.21
   760    298.623940     47   -609.784756  0.001585   -609.780207  0.000365   -1.061456  0.001005 1375.19
   780    298.623165     50   -609.784513  0.001596   -609.780193  0.000362   -1.061308  0.000994 1409.17
   800    298.622579     52   -609.784152  0.001561   -609.780126  0.000355   -1.061281  0.000998 1443.17
   820    298.620409     54   -609.784308  0.001530   -609.780093  0.000348   -1.061353  0.000976 1477.15
   840    298.618661     57   -609.784049  0.001512   -609.780046  0.000343   -1.061277  0.000982 1511.14
   860    298.619287     59   -609.784145  0.001485   -609.780042  0.000337   -1.061195  0.000982 1545.11
   880    298.616009     61   -609.784185  0.001457   -609.780025  0.000332   -1.061219  0.000961 1579.10
   900    298.613206     62   -609.784128  0.001443   -609.780118  0.000335   -1.061353  0.000940 1613.08
   920    298.605789     67   -609.783831  0.001439   -609.780080  0.000331   -1.061553  0.000947 1647.06
   940    298.599759     67   -609.783209  0.001501   -609.779979  0.000326   -1.061700  0.000947 1681.05
   960    298.602349     69   -609.783421  0.001557   -609.780011  0.000321   -1.061727  0.000935 1715.02
   980    298.602865     74   -609.783540  0.001557   -609.779975  0.000319   -1.061675  0.000913 1749.01
  1000    298.605727     75   -609.783603  0.001522   -609.779954  0.000315   -1.061535  0.000916 1782.99

Post Propagation Process
Total number of samples 1000
Raw AFQMC/HF (Guide) energy:           -609.783603 ± 0.001522
Raw Trial/Guide overlap ratio:          -1.061535 ± 0.000916
Raw AFQMC/pt2CCSD energy (covariance): -609.779954 ± 0.000315
Raw AFQMC/pt2CCSD energy (dir sample): -609.779954 ± 0.000264

Remove Outliers
removing energies outside zeta > 30
Outlier energy bound [-609.982372, -609.574915]
Removed 0 outliers with energies []
Clean AFQMC/pt2CCSD overlap ratio:        -1.061535 ± 0.000916
Clean AFQMC/pt2CCSD energy (covariance): -609.779954 ± 0.000315
Clean AFQMC/ptCCSD energy (dir sample):  -609.779954 ± 0.000264

Blocking Analysis
nsample = 1000, max_block_size = 25, min_nblocks = 40
   B    NB    NS  Observable     Error    dError
   1  1000  1000   -1.061536  0.000243  0.000005
   2   500  1000   -1.061536  0.000330  0.000010
   3   333   999   -1.061538  0.000395  0.000015
   4   250  1000   -1.061535  0.000446  0.000020
   5   200  1000   -1.061535  0.000492  0.000025
   6   166   996   -1.061557  0.000532  0.000029
   7   142   994   -1.061563  0.000569  0.000034
   8   125  1000   -1.061535  0.000594  0.000038
   9   111   999   -1.061538  0.000619  0.000042
  10   100  1000   -1.061535  0.000657  0.000047
  11    90   990   -1.061593  0.000685  0.000051
  12    83   996   -1.061557  0.000704  0.000055
  13    76   988   -1.061615  0.000733  0.000060
  14    71   994   -1.061563  0.000738  0.000062
  15    66   990   -1.061592  0.000768  0.000067
  16    62   992   -1.061561  0.000780  0.000071
  17    58   986   -1.061639  0.000827  0.000077
  18    55   990   -1.061593  0.000804  0.000077
  19    52   988   -1.061615  0.000839  0.000083
  20    50  1000   -1.061535  0.000859  0.000087
  21    47   987   -1.061626  0.000882  0.000092
  22    45   990   -1.061592  0.000867  0.000092
  23    43   989   -1.061607  0.000898  0.000098
  24    41   984   -1.061656  0.000890  0.000100
  25    40  1000   -1.061535  0.000916  0.000104
Fit (variance): plateau_var = 1.315e-06 ± 3.441e-07
Fit (error):    plateau = 0.001147 ± 0.000150
     autocorrelation length ~ 25.5 blocks
     plateau reached at block size ~ 118
     !!!Failed to reach plateau in blocking
     Return max block error
nclean = 1000, max_block_size = 25, min_nblocks = 40
Blk_SZ   NBlk   NSmp      Energy     Error    dError
     1   1000   1000  -609.779735  0.000264  0.000006
     2    500   1000  -609.779792  0.000287  0.000009
     3    333    999  -609.779828  0.000314  0.000012
     4    250   1000  -609.779847  0.000321  0.000014
     5    200   1000  -609.779860  0.000329  0.000017
     6    166    996  -609.779887  0.000347  0.000019
     7    142    994  -609.779908  0.000345  0.000021
     8    125   1000  -609.779888  0.000374  0.000024
     9    111    999  -609.779904  0.000339  0.000023
    10    100   1000  -609.779893  0.000338  0.000024
    11     90    990  -609.779922  0.000350  0.000026
    12     83    996  -609.779927  0.000377  0.000029
    13     76    988  -609.779929  0.000368  0.000030
    14     71    994  -609.779932  0.000333  0.000028
    15     66    990  -609.779928  0.000357  0.000031
    16     62    992  -609.779943  0.000335  0.000030
    17     58    986  -609.779936  0.000397  0.000037
    18     55    990  -609.779939  0.000314  0.000030
    19     52    988  -609.779943  0.000360  0.000036
    20     50   1000  -609.779919  0.000382  0.000039
    21     47    987  -609.779956  0.000308  0.000032
    22     45    990  -609.779943  0.000360  0.000038
    23     43    989  -609.779932  0.000377  0.000041
    24     41    984  -609.779953  0.000408  0.000046
    25     40   1000  -609.779929  0.000339  0.000038
Fit (variance): plateau_var = 1.239918e-07 ± 5.767274e-09
Fit (error):    plateau = 0.000352 ± 0.000008
     autocorrelation length ~ 2.9 blocks
     plateau reached at block size ~ 13
Final AFQMC/pt2CCSD overlap ratio: -1.061535 ± 0.000916
Final AFQMC/pt2CCSD energy: -609.779954 ± 0.000352
Total run time: 1828.63

AFQMC Sampling Finished

