
    ________                     _____                    
    ___  __ \___  __________________(_)_____________ _    
    __  /_/ /  / / /_  __ \_  __ \_  /__  __ \_  __ `/    
    _  _, _// /_/ /_  / / /  / / /  / _  / / /  /_/ /     
    /_/ |_| \__,_/ /_/ /_//_/ /_//_/  /_/ /_/_\__, /      
                                             /____/       
    _____________________________  ___________            
    ___    |__  ____/_  __ \__   |/  /_  ____/            
    __  /| |_  /_   _  / / /_  /|_/ /_  /                 
    _  ___ |  __/   / /_/ /_  /  / / / /___               
    /_/  |_/_/      \___\_\/_/  /_/  \____/               

Hostname:     gpua082.delta.ncsa.illinois.edu
System:       Linux
Node:         gpua082.delta.ncsa.illinois.edu
Release:      5.14.0-427.91.1.el9_4.x86_64
Machine:      x86_64
Processor:    x86_64
JAX backend:  GPU
JAX devices:  [CudaDevice(id=0)]
Device kind:  NVIDIA A100-SXM4-40GB
Platform:     gpu

Load system from Integral File
Maximum memory per walker:            66.67
Maximum number of Cholesky per chunk: 486
Number of Cholesky chunks:            1
Number of Cholesky per chunk:         437
Number of padding Cholesky:           0

QMC System
Number of electrons: (7, 6)
Spin Multiplicity:   1
Number of orbitals:  67
Number of Chol:      437

QMC Parameters
eql_time            :                   50
n_blocks            :                 1000
n_walkers           :                  300
max_error           :                  0.0
seed                :                   17
walker_type         :                  uhf
trial               :             upt2ccsd
mix_precision       :                 True
max_memory          :                20000
dt                  :                0.005
n_exp_terms         :                    6
n_prop_steps        :                   50
save_walkers        :                False
free_projection     :                False
n_batch             :                    1
nchol_chunk         :                  437

Initalize QMC walkers by stochastic CCSD

Equilibration
inv_T        weight  killW        energy   runTime
 0.00    300.000000      0   -796.028136     12.25
 5.00    299.250933      0   -796.031075     21.77
10.00    299.678938      0   -796.053200     24.04
15.00    299.841160      0   -796.054443     26.31
20.00    299.500169      0   -796.039058     28.59
25.00    299.326039      0   -796.057584     30.86
30.00    298.821544      0   -796.039039     33.13
35.00    299.525648      0   -796.052068     35.40
40.00    299.357037      0   -796.045356     37.68
45.00    298.828158      0   -796.041597     39.94
50.00    299.223384      0   -796.067380     42.21

Sampling
blocks        weight  killW       E_Guide     error       E_Trial     error     olp_T/G     error  Walltime
    20    299.077297      1   -796.043354  0.004156   -796.048019  0.000686   -1.016169  0.000477   71.08
    40    299.089526      1   -796.046598  0.004035   -796.049328  0.000883   -1.017832  0.000976   93.98
    60    299.032937      2   -796.045453  0.003162   -796.048912  0.000619   -1.018366  0.000762  116.96
    80    299.018478      2   -796.046324  0.002531   -796.048827  0.000511   -1.019057  0.000719  139.94
   100    299.016277      4   -796.047918  0.002197   -796.048819  0.000424   -1.019121  0.000574  162.93
   120    299.012457      4   -796.048546  0.001896   -796.048873  0.000372   -1.018996  0.000514  185.91
   140    298.996935      8   -796.048844  0.001867   -796.049087  0.000398   -1.018660  0.000498  208.91
   160    298.984961      8   -796.049199  0.001770   -796.049247  0.000375   -1.018437  0.000466  231.88
   180    298.977349     11   -796.048650  0.001779   -796.049081  0.000342   -1.018195  0.000443  254.87
   200    298.957568     13   -796.048390  0.001632   -796.048905  0.000317   -1.018229  0.000407  277.84
   220    298.947815     17   -796.048867  0.001630   -796.048836  0.000294   -1.018129  0.000382  300.83
   240    298.942846     19   -796.048779  0.001509   -796.048911  0.000273   -1.017863  0.000411  323.81
   260    298.939995     20   -796.048901  0.001415   -796.048882  0.000258   -1.017670  0.000403  346.78
   280    298.920844     23   -796.048179  0.001362   -796.048800  0.000242   -1.017689  0.000376  369.76
   300    298.913622     25   -796.047867  0.001303   -796.048800  0.000231   -1.017303  0.000442  392.75
   320    298.910539     28   -796.047801  0.001229   -796.048753  0.000220   -1.017074  0.000447  415.73
   340    298.899260     29   -796.047664  0.001172   -796.048707  0.000210   -1.017070  0.000420  438.73
   360    298.896797     29   -796.048211  0.001199   -796.048713  0.000201   -1.016961  0.000403  461.72
   380    298.892609     30   -796.048454  0.001154   -796.048721  0.000192   -1.016824  0.000394  484.70
   400    298.880959     31   -796.048369  0.001106   -796.048688  0.000185   -1.016709  0.000388  507.69
   420    298.878643     34   -796.048761  0.001093   -796.048771  0.000182   -1.016671  0.000370  530.66
   440    298.877480     34   -796.048632  0.001130   -796.048813  0.000177   -1.016640  0.000359  553.64
   460    298.873701     35   -796.048643  0.001125   -796.048821  0.000171   -1.016675  0.000347  576.64
   480    298.874249     37   -796.048759  0.001106   -796.048748  0.000165   -1.016795  0.000348  599.73
   500    298.865792     39   -796.048388  0.001082   -796.048745  0.000160   -1.016741  0.000339  627.09
   520    298.862854     40   -796.048244  0.001046   -796.048707  0.000156   -1.016829  0.000337  649.34
   540    298.857956     41   -796.048232  0.001015   -796.048727  0.000151   -1.016774  0.000329  672.34
   560    298.859910     41   -796.048346  0.000995   -796.048705  0.000148   -1.016903  0.000364  695.32
   580    298.861218     44   -796.048552  0.000970   -796.048720  0.000144   -1.016952  0.000359  718.31
   600    298.862427     44   -796.048614  0.000956   -796.048706  0.000141   -1.017014  0.000350  741.29
   620    298.859220     44   -796.048660  0.000915   -796.048706  0.000138   -1.017059  0.000345  764.29
   640    298.858543     45   -796.048659  0.000894   -796.048703  0.000134   -1.017117  0.000339  787.27
   660    298.853021     47   -796.048362  0.000899   -796.048676  0.000132   -1.017156  0.000331  810.26
   680    298.854731     47   -796.048498  0.000877   -796.048661  0.000130   -1.017191  0.000329  833.23
   700    298.853373     47   -796.048452  0.000860   -796.048649  0.000127   -1.017186  0.000322  856.22
   720    298.850331     48   -796.048286  0.000830   -796.048624  0.000124   -1.017197  0.000323  879.20
   740    298.849051     49   -796.048391  0.000823   -796.048653  0.000124   -1.017231  0.000317  902.18
   760    298.846815     54   -796.048496  0.000869   -796.048650  0.000122   -1.017228  0.000313  925.16
   780    298.847470     54   -796.048721  0.000864   -796.048677  0.000122   -1.017249  0.000306  948.17
   800    298.844580     54   -796.048610  0.000868   -796.048672  0.000121   -1.017261  0.000308  971.14
   820    298.842328     56   -796.048655  0.000856   -796.048652  0.000119   -1.017281  0.000301  994.12
   840    298.838560     58   -796.048453  0.000862   -796.048626  0.000117   -1.017345  0.000312 1017.10
   860    298.839150     60   -796.048538  0.000845   -796.048635  0.000115   -1.017333  0.000312 1040.09
   880    298.836838     62   -796.048598  0.000867   -796.048649  0.000113   -1.017337  0.000305 1063.06
   900    298.835356     66   -796.048627  0.000867   -796.048651  0.000111   -1.017307  0.000297 1086.04
   920    298.835966     69   -796.048581  0.000847   -796.048638  0.000110   -1.017277  0.000292 1109.03
   940    298.833200     69   -796.048446  0.000830   -796.048612  0.000108   -1.017308  0.000286 1132.01
   960    298.832141     69   -796.048438  0.000826   -796.048594  0.000107   -1.017345  0.000281 1155.01
   980    298.831616     70   -796.048380  0.000807   -796.048602  0.000105   -1.017300  0.000275 1178.00
  1000    298.830543     71   -796.048178  0.000794   -796.048582  0.000104   -1.017254  0.000271 1200.99

Post Propagation Process
Total number of samples 1000
Raw AFQMC/HF (Guide) energy:           -796.048178 ± 0.000794
Raw Trial/Guide overlap ratio:          -1.017254 ± 0.000271
Raw AFQMC/pt2CCSD energy (covariance): -796.048582 ± 0.000104
Raw AFQMC/pt2CCSD energy (dir sample): -796.048582 ± 0.000087

Remove Outliers
removing energies outside zeta > 30
Outlier energy bound [-796.118350, -795.978013]
Removed 0 outliers with energies []
Clean AFQMC/pt2CCSD overlap ratio:        -1.017254 ± 0.000271
Clean AFQMC/pt2CCSD energy (covariance): -796.048582 ± 0.000104
Clean AFQMC/ptCCSD energy (dir sample):  -796.048582 ± 0.000087

Blocking Analysis
nsample = 1000, max_block_size = 25, min_nblocks = 40
   B    NB    NS  Observable     Error    dError
   1  1000  1000   -1.017254  0.000088  0.000002
   2   500  1000   -1.017254  0.000117  0.000004
   3   333   999   -1.017255  0.000139  0.000005
   4   250  1000   -1.017254  0.000155  0.000007
   5   200  1000   -1.017254  0.000168  0.000008
   6   166   996   -1.017261  0.000179  0.000010
   7   142   994   -1.017269  0.000192  0.000011
   8   125  1000   -1.017254  0.000199  0.000013
   9   111   999   -1.017255  0.000205  0.000014
  10   100  1000   -1.017254  0.000215  0.000015
  11    90   990   -1.017285  0.000216  0.000016
  12    83   996   -1.017261  0.000228  0.000018
  13    76   988   -1.017293  0.000220  0.000018
  14    71   994   -1.017269  0.000235  0.000020
  15    66   990   -1.017285  0.000231  0.000020
  16    62   992   -1.017277  0.000242  0.000022
  17    58   986   -1.017296  0.000239  0.000022
  18    55   990   -1.017286  0.000250  0.000024
  19    52   988   -1.017293  0.000254  0.000025
  20    50  1000   -1.017254  0.000267  0.000027
  21    47   987   -1.017295  0.000271  0.000028
  22    45   990   -1.017285  0.000258  0.000028
  23    43   989   -1.017288  0.000264  0.000029
  24    41   984   -1.017296  0.000264  0.000029
  25    40  1000   -1.017254  0.000266  0.000030
Fit (variance): plateau_var = 7.786e-08 ± 9.276e-09
Fit (error):    plateau = 0.000279 ± 0.000017
     autocorrelation length ~ 11.5 blocks
     plateau reached at block size ~ 53
     !!!Failed to reach plateau in blocking
     Return max block error
nclean = 1000, max_block_size = 25, min_nblocks = 40
Blk_SZ   NBlk   NSmp      Energy     Error    dError
     1   1000   1000  -796.048516  0.000087  0.000002
     2    500   1000  -796.048530  0.000099  0.000003
     3    333    999  -796.048537  0.000109  0.000004
     4    250   1000  -796.048541  0.000115  0.000005
     5    200   1000  -796.048546  0.000114  0.000006
     6    166    996  -796.048547  0.000122  0.000007
     7    142    994  -796.048548  0.000128  0.000008
     8    125   1000  -796.048554  0.000131  0.000008
     9    111    999  -796.048557  0.000134  0.000009
    10    100   1000  -796.048557  0.000125  0.000009
    11     90    990  -796.048568  0.000135  0.000010
    12     83    996  -796.048562  0.000136  0.000011
    13     76    988  -796.048575  0.000135  0.000011
    14     71    994  -796.048565  0.000134  0.000011
    15     66    990  -796.048571  0.000119  0.000010
    16     62    992  -796.048566  0.000121  0.000011
    17     58    986  -796.048580  0.000144  0.000014
    18     55    990  -796.048581  0.000127  0.000012
    19     52    988  -796.048580  0.000147  0.000015
    20     50   1000  -796.048571  0.000121  0.000012
    21     47    987  -796.048585  0.000129  0.000013
    22     45    990  -796.048576  0.000149  0.000016
    23     43    989  -796.048583  0.000138  0.000015
    24     41    984  -796.048589  0.000121  0.000014
    25     40   1000  -796.048572  0.000155  0.000017
Fit (variance): plateau_var = 1.742863e-08 ± 8.937359e-10
Fit (error):    plateau = 0.000132 ± 0.000003
     autocorrelation length ~ 3.6 blocks
     plateau reached at block size ~ 16
Final AFQMC/pt2CCSD overlap ratio: -1.017254 ± 0.000271
Final AFQMC/pt2CCSD energy: -796.048582 ± 0.000132
Total run time: 1242.16

AFQMC Sampling Finished

