#INFO: **** input file is /work/hdd/bdka/yzhang65/w4_17/w4-17_all/afqmc_input/batch1/run_afqmc.py ****
import os
import sys
import re
#sys.path.insert(0, os.path.join(os.path.dirname(os.path.abspath(__file__)), '..', 'script'))
sys.path.insert(0, '/u/yzhang65/mywork/yzhang65/w4_17/w4-17_all/script')

os.environ.setdefault("XLA_PYTHON_CLIENT_ALLOCATOR", "platform")
import jax
jax.config.update("jax_enable_x64", True)

from pyscf import gto, scf, cc
from afqmc import integral, launch_afqmc
from mol_select import get_xyz_files
import truncate_basis

# ---------------------------------------------------------------------------
# Configuration
# ---------------------------------------------------------------------------
shell            = "closed"  # "closed" or "open"
symmetry         = False
select_molecules = None  # e.g. ["acetaldehyde", "benzene"], or None for all
index            = "1-20"          # e.g. "1-10", "5", "1,3,5-8", or None for all
basis            = "vtzfp"

xyz_dir      = f"../../w4_17_xyz/{shell}_shell"
results_file = f"./{shell}_afqmc_{basis}.dat"
out_dir      = f"../../result/molout/{shell}_shell"
os.makedirs(out_dir, exist_ok=True)

xyz_files = get_xyz_files(xyz_dir, select_molecules=select_molecules, index=index)

# ---------------------------------------------------------------------------
# Write results header
# ---------------------------------------------------------------------------
with open(results_file, "w") as out:
    out.write(f"{'Molecule':<16s} {'E_HF (Eh)':>20s} {'E_CCSD (Eh)':>20s} "
              f"{'E_AFQMC (Eh)':>15s} {'E_AFQMC ERR (Eh)':>15s}\n")

# ---------------------------------------------------------------------------
# Helper
# ---------------------------------------------------------------------------
_afqmc_energy_re = re.compile(
    r"Final AFQMC/pt2CCSD energy:\s*([-+]?\d*\.?\d+(?:[eE][-+]?\d+)?)"
    r"\s*(?:±|\+/-)\s*([-+]?\d*\.?\d+(?:[eE][-+]?\d+)?)"
)

def extract_afqmc_energy(filename):
    try:
        with open(filename, encoding="utf-8") as f:
            for line in f:
                m = _afqmc_energy_re.search(line)
                if m:
                    return float(m.group(1)), float(m.group(2))
    except (OSError, IOError):
        pass
    return 0, 0

# ---------------------------------------------------------------------------
# Main loop
# ---------------------------------------------------------------------------
for xyz_path in xyz_files:
    with open(xyz_path) as f:
        lines = f.readlines()

    second_line = lines[1]
    charge   = int(second_line.split("charge=")[1].split()[0])
    spin     = int(second_line.split("mult=")[1].split()[0]) - 1
    mol_name = second_line.split()[0]
    atoms    = "".join(lines[2:])

    print(f"\n{'='*60}\nRunning: {mol_name}  charge={charge}  spin={spin}\n{'='*60}")

    mol = gto.M(
        atom=atoms,
        basis=truncate_basis.get_basis(atoms, basis),
        verbose=4,
        output=os.path.join(out_dir, f"{mol_name}_{basis}.out"),
        unit="angstrom",
        symmetry=symmetry,
        charge=charge,
        spin=spin,
        max_memory=40000,
    )

    mf = scf.UHF(mol)
    mf.max_cycle = 200
    mf = mf.newton()
    mf.kernel()

    if mol_name == "h":
        with open(results_file, "a") as out:
            out.write(f"{mol_name:<16s} {mf.e_tot:>20.10f} {mf.e_tot:>20.10f} "
                      f"{mf.e_tot:>15.5f} {0.0:>15.5f}\n")
        continue

    stable = False
    for _ in range(10):
        mo_i, _, stable, _ = mf.stability(return_status=True)
        if stable:
            break
        dm = mf.make_rdm1(mo_i, mf.mo_occ)
        mf.kernel(dm0=dm)

    if not stable or not mf.converged:
        print(f"  !! SCF did not converge for {mol_name} — skipping.")
        with open(results_file, "a") as out:
            out.write(f"{mol_name:<16s} {'UNCONVERGED':>20s} {'UNCONVERGED':>20s} {'UNCONVERGED':>20s}\n")
        continue

    mycc = cc.CCSD(mf)
    mycc.set_frozen()
    mycc.kernel()

    integral.prep_integral(mycc, chol_cut=1e-5)
    options = {
        'eql_time':      50,
        'n_blocks':      1000,
        'n_walkers':     300,
        'max_error':     0.0,
        'seed':          17,
        'walker_type':   'uhf',
        'trial':         'upt2ccsd',
        'mix_precision': True,
        'max_memory':    20000, #MB
    }
    launch_afqmc.ph_afqmc(options)

    afqmc_out = os.path.join(out_dir, f"{mol_name}_afqmc_{basis}.out")
    os.system(f"mv afqmc.out {afqmc_out}")
    eqmc, eqmc_err = extract_afqmc_energy(afqmc_out)

    with open(results_file, "a") as out:
        out.write(f"{mol_name:<16s} {mf.e_tot:>20.10f} {mycc.e_tot:>20.10f} "
                  f"{eqmc:>15.5f} {eqmc_err:>15.5f}\n")

    print(f"  => E_HF({mol_name})      = {mf.e_tot:.10f} Eh")
    print(f"  => E_CCSD({mol_name})    = {mycc.e_tot:.10f} Eh")
    print(f"  => E_AFQMC({mol_name})   = {eqmc:.5f} +/- {eqmc_err:.5f} Eh")

print(f"\nAll calculations complete. Results saved to {results_file}")
#INFO: ******************** input file end ********************


System: uname_result(system='Linux', node='gpua020.delta.ncsa.illinois.edu', release='5.14.0-427.91.1.el9_4.x86_64', version='#1 SMP PREEMPT_DYNAMIC Wed Sep 17 10:08:59 EDT 2025', machine='x86_64')  Threads 16
Python 3.11.14 (main, Oct 21 2025, 18:31:21) [GCC 11.2.0]
numpy 2.3.5  scipy 1.16.3  h5py 3.15.1
Date: Sat May 23 22:52:32 2026
PySCF version 2.11.0
PySCF path  /u/yzhang65/myprojects/software/pyscf
GIT HEAD (branch master) f520f5381c0b41f716d847009817cbc64e52c0d5

[ENV] PYSCF_TMPDIR /projects/bdka/yzhang65/scratch/pyscf
[ENV] PYSCF_EXT_PATH /u/yzhang65/myprojects/software/pyscf-forge
[CONFIG] conf_file None
[INPUT] verbose = 4
[INPUT] num. atoms = 8
[INPUT] num. electrons = 32
[INPUT] charge = 0
[INPUT] spin (= nelec alpha-beta = 2S) = 0
[INPUT] symmetry False subgroup None
[INPUT] Mole.unit = angstrom
[INPUT] Symbol           X                Y                Z      unit          X                Y                Z       unit  Magmom
[INPUT]  1 C      0.000000000000   0.155074000000   0.000000000000 AA    0.000000000000   0.293047389041   0.000000000000 Bohr   0.0
[INPUT]  2 C      1.060329000000  -0.907990000000   0.000000000000 AA    2.003731411934  -1.715852423844   0.000000000000 Bohr   0.0
[INPUT]  3 O      0.187520000000   1.344716000000   0.000000000000 AA    0.354361442878   2.541144955321   0.000000000000 Bohr   0.0
[INPUT]  4 O     -1.241577000000  -0.384989000000   0.000000000000 AA   -2.346240492559  -0.727523770970   0.000000000000 Bohr   0.0
[INPUT]  5 H     -1.854467000000   0.361264000000   0.000000000000 AA   -3.504434737044   0.682690018665   0.000000000000 Bohr   0.0
[INPUT]  6 H      2.040021000000  -0.441543000000   0.000000000000 AA    3.855080978361  -0.834395342219   0.000000000000 Bohr   0.0
[INPUT]  7 H      0.942465000000  -1.540021000000   0.879585000000 AA    1.781000731988  -2.910217916079   1.662174753276 Bohr   0.0
[INPUT]  8 H      0.942465000000  -1.540021000000  -0.879585000000 AA    1.781000731988  -2.910217916079  -1.662174753276 Bohr   0.0

nuclear repulsion = 121.306696616122
number of shells = 56
number of NR pGTOs = 212
number of NR cGTOs = 156
basis = {'H': [[0, [33.87, 0.006068], [5.095, 0.045308], [1.159, 0.202822]], [0, [0.3258, 1.0]], [0, [0.1027, 1.0]], [1, [1.407, 1.0]], [1, [0.388, 1.0]]], 'O': [[0, [15330.0, 0.000508, -0.000115], [2299.0, 0.003929, -0.000895], [522.4, 0.020243, -0.004636], [147.3, 0.079181, -0.018724], [47.55, 0.230687, -0.058463], [16.76, 0.433118, -0.136463], [6.207, 0.35026, -0.17574], [0.6882, -0.008154, 0.603418]], [0, [1.752, 1.0]], [0, [0.2384, 1.0]], [1, [34.46, 0.015928], [7.749, 0.09974], [2.28, 0.310492]], [1, [0.7156, 1.0]], [1, [0.214, 1.0]], [2, [2.314, 1.0]], [2, [0.645, 1.0]], [3, [1.428, 1.0]]], 'C': [[0, [8236.0, 0.000531, -0.000113], [1235.0, 0.004108, -0.000878], [280.8, 0.021087, -0.00454], [79.27, 0.081853, -0.018133], [25.59, 0.234817, -0.05576], [8.997, 0.434401, -0.126895], [3.319, 0.346129, -0.170352], [0.3643, -0.008983, 0.598684]], [0, [0.9059, 1.0]], [0, [0.1285, 1.0]], [1, [18.71, 0.014031], [4.133, 0.086866], [1.2, 0.290216]], [1, [0.3827, 1.0]], [1, [0.1209, 1.0]], [2, [1.097, 1.0]], [2, [0.318, 1.0]], [3, [0.761, 1.0]]]}
ecp = {}
CPU time:       552.72




******** <class 'pyscf.soscf.newton_ah.SecondOrderUHF'> ********
method = SecondOrderUHF
initial guess = minao
damping factor = 0
level_shift factor = 0
DIIS = <class 'pyscf.scf.diis.CDIIS'>
diis_start_cycle = 1
diis_space = 8
diis_damp = 0
SCF conv_tol = 1e-09
SCF conv_tol_grad = None
SCF max_cycles = 200
direct_scf = True
direct_scf_tol = 1e-13
chkfile to save SCF result = /projects/bdka/yzhang65/scratch/pyscf/tmp_me7s56t
max_memory 40000 MB (current use 1409 MB)
number electrons alpha = 16  beta = 16
******** <class 'pyscf.scf.uhf.UHF'> Newton solver flags ********
SCF tol = 1e-09
conv_tol_grad = None
max. SCF cycles = 200
direct_scf = True
direct_scf_tol = 1e-13
chkfile to save SCF result = /projects/bdka/yzhang65/scratch/pyscf/tmp_me7s56t
max_cycle_inner = 12
max_stepsize = 0.05
ah_start_tol = 1e+09
ah_level_shift = 0
ah_conv_tol = 1e-12
ah_lindep = 1e-14
ah_start_cycle = 1
ah_max_cycle = 40
ah_grad_trust_region = 2.5
kf_interval = 4
kf_trust_region = 5
canonicalization = True
max_memory 40000 MB (current use 1409 MB)
Set conv_tol_grad to 3.16228e-05
  alpha nocc = 16  HOMO = -0.379221898519294  LUMO = 0.0639354335489338
  beta  nocc = 16  HOMO = -0.378087749939471  LUMO = 0.0615245061911113
Initial guess E= -227.740760653352  |g|= 0.623815
macro= 0  E= -227.901509754491  delta_E= -0.160749  |g|= 0.0882192  3 KF 9 JK
macro= 1  E= -227.901973083992  delta_E= -0.00046333  |g|= 0.000176471  3 KF 15 JK
macro= 2  E= -227.901973083992  delta_E= 1.7053e-13  |g|= 4.93515e-06  1 KF 2 JK
Canonicalize SCF orbitals
macro X = 3  E=-227.901973083992  |g|= 4.93515e-06  total 8 KF 30 JK
converged SCF energy = -227.901973083992  <S^2> = 3.3275782e-10  2S+1 = 1
uhf_internal: lowest eigs of H = [0.17500149 0.37474619 0.50157832]
<class 'pyscf.soscf.newton_ah.SecondOrderUHF'> wavefunction is stable in the internal stability analysis

******** <class 'pyscf.cc.uccsd.UCCSD'> ********
CC2 = 0
CCSD nocc = (np.int64(12), np.int64(12)), nmo = (152, 152)
frozen orbitals 4
max_cycle = 50
direct = 0
conv_tol = 1e-07
conv_tol_normt = 1e-06
diis_space = 6
diis_start_cycle = 0
diis_start_energy_diff = 1e+09
max_memory 40000 MB (current use 1720 MB)
Init t2, MP2 energy = -0.795151422817987
Init E_corr(UCCSD) = -0.795151422828944
cycle = 1  E_corr(UCCSD) = -0.787093563052964  dE = 0.00805785978  norm(t1,t2) = 0.107504
cycle = 2  E_corr(UCCSD) = -0.809780298460268  dE = -0.0226867354  norm(t1,t2) = 0.0329729
cycle = 3  E_corr(UCCSD) = -0.808817160061202  dE = 0.000963138399  norm(t1,t2) = 0.019689
cycle = 4  E_corr(UCCSD) = -0.811194349498708  dE = -0.00237718944  norm(t1,t2) = 0.00727004
cycle = 5  E_corr(UCCSD) = -0.811401605645798  dE = -0.000207256147  norm(t1,t2) = 0.00179884
cycle = 6  E_corr(UCCSD) = -0.811233226953038  dE = 0.000168378693  norm(t1,t2) = 0.000663235
cycle = 7  E_corr(UCCSD) = -0.811209120650814  dE = 2.41063022e-05  norm(t1,t2) = 0.00018548
cycle = 8  E_corr(UCCSD) = -0.811222084091498  dE = -1.29634407e-05  norm(t1,t2) = 7.54908e-05
cycle = 9  E_corr(UCCSD) = -0.811223443633961  dE = -1.35954246e-06  norm(t1,t2) = 2.82673e-05
cycle = 10  E_corr(UCCSD) = -0.811223144985016  dE = 2.98648944e-07  norm(t1,t2) = 1.06699e-05
cycle = 11  E_corr(UCCSD) = -0.811222971155516  dE = 1.73829501e-07  norm(t1,t2) = 4.19976e-06
cycle = 12  E_corr(UCCSD) = -0.811222882225877  dE = 8.89296387e-08  norm(t1,t2) = 1.98181e-06
cycle = 13  E_corr(UCCSD) = -0.811222928855076  dE = -4.66291984e-08  norm(t1,t2) = 6.97649e-07
UCCSD converged
E(UCCSD) = -228.7131960128472  E_corr = -0.8112229288550756
