
    ________                     _____                    
    ___  __ \___  __________________(_)_____________ _    
    __  /_/ /  / / /_  __ \_  __ \_  /__  __ \_  __ `/    
    _  _, _// /_/ /_  / / /  / / /  / _  / / /  /_/ /     
    /_/ |_| \__,_/ /_/ /_//_/ /_//_/  /_/ /_/_\__, /      
                                             /____/       
    _____________________________  ___________            
    ___    |__  ____/_  __ \__   |/  /_  ____/            
    __  /| |_  /_   _  / / /_  /|_/ /_  /                 
    _  ___ |  __/   / /_/ /_  /  / / / /___               
    /_/  |_/_/      \___\_\/_/  /_/  \____/               

Hostname:     gpua020.delta.ncsa.illinois.edu
System:       Linux
Node:         gpua020.delta.ncsa.illinois.edu
Release:      5.14.0-427.91.1.el9_4.x86_64
Machine:      x86_64
Processor:    x86_64
JAX backend:  GPU
JAX devices:  [CudaDevice(id=0)]
Device kind:  NVIDIA A100-SXM4-40GB
Platform:     gpu

Load system from Integral File
Maximum memory per walker:            66.67 MB
Maximum number of Cholesky per chunk: 162
Number of Cholesky chunks:            5
Number of Cholesky per chunk:         156
Number of padding Cholesky:           3

QMC System
Number of electrons: (12, 12)
Spin Multiplicity:   0
Number of orbitals:  116
Number of Chol:      777

QMC Parameters
eql_time            :                   50
n_blocks            :                 1000
n_walkers           :                  300
max_error           :                  0.0
seed                :                   17
walker_type         :                  uhf
trial               :             upt2ccsd
mix_precision       :                 True
max_memory          :                20000
dt                  :                0.005
n_exp_terms         :                    6
n_prop_steps        :                   50
save_walkers        :                False
free_projection     :                False
n_batch             :                    1
nchol_chunk         :                  156

Initalize QMC walkers by stochastic CCSD

Equilibration
inv_T        weight  killW        energy   runTime
 0.00    300.000000      0  -1621.389020     33.12
 5.00    299.154311      0  -1621.412937     45.93
10.00    298.874093      0  -1621.398003     52.73
15.00    299.265714      0  -1621.423029     59.54
20.00    299.721163      0  -1621.445015     66.34
25.00    298.650454      0  -1621.420825     73.15
30.00    299.298163      0  -1621.428720     79.96
35.00    299.275148      0  -1621.429062     86.78
40.00    298.676066      0  -1621.422653     93.59
45.00    298.931663      0  -1621.424639    100.40
50.00    299.170968      0  -1621.415956    107.21

Sampling
blocks        weight  killW       E_Guide     error       E_Trial     error     olp_T/G     error  Walltime
    20    298.899366      0  -1621.428580  0.008035  -1621.420393  0.000749    1.002376  0.000139  171.90
    40    298.890368      0  -1621.426063  0.005425  -1621.420528  0.000522    1.002082  0.000185  231.01
    60    298.887290      0  -1621.426733  0.003500  -1621.420502  0.000494    1.002001  0.000139  290.46
    80    298.843472      0  -1621.425129  0.002800  -1621.420489  0.000421    1.002028  0.000102  349.93
   100    298.763948      0  -1621.423157  0.002869  -1621.419870  0.000389    1.002094  0.000102  409.37
   120    298.729671      0  -1621.424053  0.002510  -1621.419964  0.000344    1.002063  0.000105  468.83
   140    298.725082      0  -1621.424180  0.002235  -1621.420415  0.000349    1.001974  0.000108  528.27
   160    298.714396      0  -1621.424964  0.002175  -1621.420576  0.000325    1.001915  0.000105  587.72
   180    298.701398      0  -1621.424740  0.001984  -1621.420584  0.000302    1.001956  0.000098  647.68
   200    298.671185      0  -1621.423872  0.001879  -1621.420572  0.000285    1.002005  0.000095  707.10
   220    298.672341      0  -1621.423913  0.001730  -1621.420706  0.000270    1.002107  0.000112  766.56
   240    298.668446      0  -1621.424057  0.001694  -1621.420867  0.000265    1.002164  0.000110  826.01
   260    298.653713      0  -1621.424068  0.001640  -1621.420772  0.000277    1.002279  0.000129  885.44
   280    298.632145      0  -1621.423603  0.001537  -1621.420788  0.000264    1.002280  0.000119  944.89
   300    298.628216      0  -1621.423738  0.001464  -1621.420812  0.000251    1.002276  0.000111 1004.37
   320    298.615418      0  -1621.423588  0.001395  -1621.420805  0.000240    1.002317  0.000108 1063.82
   340    298.619913      0  -1621.423740  0.001342  -1621.420846  0.000232    1.002326  0.000102 1123.27
   360    298.605456      0  -1621.424149  0.001368  -1621.420962  0.000227    1.002346  0.000102 1182.71
   380    298.593602      1  -1621.423994  0.001309  -1621.420912  0.000218    1.002340  0.000097 1242.25
   400    298.583562      1  -1621.424168  0.001265  -1621.420939  0.000214    1.002370  0.000095 1301.90
   420    298.583842      1  -1621.424557  0.001225  -1621.420950  0.000206    1.002377  0.000090 1362.02
   440    298.575346      1  -1621.424777  0.001223  -1621.421019  0.000202    1.002381  0.000092 1421.67
   460    298.571018      1  -1621.424806  0.001193  -1621.420997  0.000201    1.002379  0.000090 1481.13
   480    298.560521      1  -1621.424772  0.001139  -1621.420919  0.000195    1.002370  0.000091 1540.58
   500    298.559220      1  -1621.424551  0.001093  -1621.420875  0.000192    1.002434  0.000092 1600.03
   520    298.555743      1  -1621.424970  0.001097  -1621.420876  0.000188    1.002483  0.000108 1659.46
   540    298.554360      1  -1621.425130  0.001065  -1621.420849  0.000185    1.002506  0.000108 1719.24
   560    298.545370      1  -1621.425089  0.001046  -1621.420800  0.000180    1.002498  0.000106 1778.66
   580    298.536040      1  -1621.424635  0.001078  -1621.420796  0.000181    1.002526  0.000105 1838.11
   600    298.531982      2  -1621.424688  0.001096  -1621.420799  0.000176    1.002527  0.000103 1897.55
   620    298.528727      2  -1621.424781  0.001070  -1621.420728  0.000173    1.002520  0.000101 1957.00
   640    298.523591      2  -1621.424631  0.001056  -1621.420724  0.000169    1.002509  0.000099 2016.46
   660    298.522468      2  -1621.424563  0.001011  -1621.420727  0.000167    1.002506  0.000097 2075.90
   680    298.520241      2  -1621.424572  0.000989  -1621.420705  0.000164    1.002512  0.000095 2136.10
   700    298.514221      2  -1621.424396  0.000979  -1621.420721  0.000160    1.002512  0.000093 2198.76
   720    298.509171      2  -1621.424105  0.000968  -1621.420690  0.000157    1.002485  0.000093 2263.50
   740    298.501994      2  -1621.423928  0.000969  -1621.420663  0.000155    1.002476  0.000092 2328.39
   760    298.499238      2  -1621.423705  0.000962  -1621.420591  0.000153    1.002511  0.000097 2393.41
   780    298.497947      2  -1621.423670  0.000927  -1621.420575  0.000150    1.002513  0.000095 2456.08
   800    298.497621      2  -1621.423585  0.000919  -1621.420557  0.000147    1.002511  0.000094 2515.48
   820    298.504013      2  -1621.424045  0.000970  -1621.420622  0.000146    1.002522  0.000093 2574.91
   840    298.499514      2  -1621.423925  0.000969  -1621.420609  0.000144    1.002517  0.000090 2634.35
   860    298.496551      2  -1621.424041  0.000969  -1621.420600  0.000142    1.002522  0.000089 2693.79
   880    298.492769      2  -1621.423994  0.000950  -1621.420600  0.000140    1.002517  0.000091 2753.27
   900    298.492422      2  -1621.423985  0.000928  -1621.420596  0.000138    1.002499  0.000091 2814.02
   920    298.489164      2  -1621.424113  0.000920  -1621.420579  0.000136    1.002483  0.000091 2880.93
   940    298.483887      2  -1621.424019  0.000905  -1621.420572  0.000134    1.002474  0.000091 2945.79
   960    298.483581      2  -1621.424035  0.000887  -1621.420556  0.000132    1.002476  0.000091 3011.29
   980    298.481391      2  -1621.423876  0.000876  -1621.420512  0.000131    1.002472  0.000091 3077.76
  1000    298.477991      2  -1621.423784  0.000907  -1621.420486  0.000130    1.002472  0.000088 3142.91

Post Propagation Process
Total number of samples 1000
Raw AFQMC/HF (Guide) energy:           -1621.423784 ± 0.000907
Raw Trial/Guide overlap ratio:          1.002472 ± 0.000088
Raw AFQMC/pt2CCSD energy (covariance): -1621.420486 ± 0.000130
Raw AFQMC/pt2CCSD energy (dir sample): -1621.420486 ± 0.000112

Remove Outliers
removing energies outside zeta > 30
Outlier energy bound [-1621.523023, -1621.317244]
Removed 0 outliers with energies []
Clean AFQMC/pt2CCSD overlap ratio:        1.002472 ± 0.000088
Clean AFQMC/pt2CCSD energy (covariance): -1621.420486 ± 0.000130
Clean AFQMC/ptCCSD energy (dir sample):  -1621.420486 ± 0.000112

Blocking Analysis
nsample = 1000, max_block_size = 25, min_nblocks = 40
   B    NB    NS  Observable     Error    dError
   1  1000  1000    1.002472  0.000025  0.000001
   2   500  1000    1.002472  0.000034  0.000001
   3   333   999    1.002471  0.000041  0.000002
   4   250  1000    1.002472  0.000046  0.000002
   5   200  1000    1.002472  0.000050  0.000003
   6   166   996    1.002471  0.000054  0.000003
   7   142   994    1.002470  0.000058  0.000003
   8   125  1000    1.002472  0.000060  0.000004
   9   111   999    1.002471  0.000062  0.000004
  10   100  1000    1.002472  0.000065  0.000005
  11    90   990    1.002472  0.000068  0.000005
  12    83   996    1.002471  0.000071  0.000006
  13    76   988    1.002473  0.000074  0.000006
  14    71   994    1.002470  0.000074  0.000006
  15    66   990    1.002472  0.000075  0.000007
  16    62   992    1.002471  0.000078  0.000007
  17    58   986    1.002473  0.000077  0.000007
  18    55   990    1.002472  0.000079  0.000008
  19    52   988    1.002473  0.000079  0.000008
  20    50  1000    1.002472  0.000080  0.000008
  21    47   987    1.002474  0.000079  0.000008
  22    45   990    1.002472  0.000084  0.000009
  23    43   989    1.002473  0.000085  0.000009
  24    41   984    1.002473  0.000088  0.000010
  25    40  1000    1.002472  0.000081  0.000009
Fit (variance): plateau_var = 8.835e-09 ± 1.337e-09
Fit (error):    plateau = 0.000094 ± 0.000007
     autocorrelation length ~ 15.0 blocks
     plateau reached at block size ~ 70
     !!!Failed to reach plateau in blocking
     Return max block error
nclean = 1000, max_block_size = 25, min_nblocks = 40
Blk_SZ   NBlk   NSmp      Energy     Error    dError
     1   1000   1000  -1621.420396  0.000112  0.000003
     2    500   1000  -1621.420417  0.000133  0.000004
     3    333    999  -1621.420432  0.000145  0.000006
     4    250   1000  -1621.420435  0.000150  0.000007
     5    200   1000  -1621.420438  0.000158  0.000008
     6    166    996  -1621.420459  0.000160  0.000009
     7    142    994  -1621.420468  0.000164  0.000010
     8    125   1000  -1621.420460  0.000159  0.000010
     9    111    999  -1621.420465  0.000163  0.000011
    10    100   1000  -1621.420464  0.000166  0.000012
    11     90    990  -1621.420483  0.000174  0.000013
    12     83    996  -1621.420476  0.000167  0.000013
    13     76    988  -1621.420478  0.000183  0.000015
    14     71    994  -1621.420485  0.000170  0.000014
    15     66    990  -1621.420487  0.000169  0.000015
    16     62    992  -1621.420492  0.000161  0.000015
    17     58    986  -1621.420489  0.000167  0.000016
    18     55    990  -1621.420491  0.000170  0.000016
    19     52    988  -1621.420482  0.000196  0.000019
    20     50   1000  -1621.420474  0.000169  0.000017
    21     47    987  -1621.420484  0.000173  0.000018
    22     45    990  -1621.420492  0.000196  0.000021
    23     43    989  -1621.420487  0.000180  0.000020
    24     41    984  -1621.420487  0.000192  0.000022
    25     40   1000  -1621.420474  0.000191  0.000022
Fit (variance): plateau_var = 2.973504e-08 ± 1.467011e-09
Fit (error):    plateau = 0.000172 ± 0.000004
     autocorrelation length ~ 3.2 blocks
     plateau reached at block size ~ 15
Final AFQMC/pt2CCSD overlap ratio: 1.002472 ± 0.000088
Final AFQMC/pt2CCSD energy: -1621.420486 ± 0.000172
Total run time: 3527.45

AFQMC Sampling Finished

