#INFO: **** input file is /work/hdd/bdka/yzhang65/w4_17/w4-17_all/afqmc_input/batch1/run_afqmc.py ****
import os
import sys
import re
#sys.path.insert(0, os.path.join(os.path.dirname(os.path.abspath(__file__)), '..', 'script'))
sys.path.insert(0, '/u/yzhang65/mywork/yzhang65/w4_17/w4-17_all/script')

os.environ.setdefault("XLA_PYTHON_CLIENT_ALLOCATOR", "platform")
import jax
jax.config.update("jax_enable_x64", True)

from pyscf import gto, scf, cc
from afqmc import integral, launch_afqmc
from mol_select import get_xyz_files
import truncate_basis

# ---------------------------------------------------------------------------
# Configuration
# ---------------------------------------------------------------------------
shell            = "closed"  # "closed" or "open"
symmetry         = False
select_molecules = None  # e.g. ["acetaldehyde", "benzene"], or None for all
index            = "1-20"          # e.g. "1-10", "5", "1,3,5-8", or None for all
basis            = "vtzfp"

xyz_dir      = f"../../w4_17_xyz/{shell}_shell"
results_file = f"./{shell}_afqmc_{basis}.dat"
out_dir      = f"../../result/molout/{shell}_shell"
os.makedirs(out_dir, exist_ok=True)

xyz_files = get_xyz_files(xyz_dir, select_molecules=select_molecules, index=index)

# ---------------------------------------------------------------------------
# Write results header
# ---------------------------------------------------------------------------
with open(results_file, "w") as out:
    out.write(f"{'Molecule':<16s} {'E_HF (Eh)':>20s} {'E_CCSD (Eh)':>20s} "
              f"{'E_AFQMC (Eh)':>15s} {'E_AFQMC ERR (Eh)':>15s}\n")

# ---------------------------------------------------------------------------
# Helper
# ---------------------------------------------------------------------------
_afqmc_energy_re = re.compile(
    r"Final AFQMC/pt2CCSD energy:\s*([-+]?\d*\.?\d+(?:[eE][-+]?\d+)?)"
    r"\s*(?:±|\+/-)\s*([-+]?\d*\.?\d+(?:[eE][-+]?\d+)?)"
)

def extract_afqmc_energy(filename):
    try:
        with open(filename, encoding="utf-8") as f:
            for line in f:
                m = _afqmc_energy_re.search(line)
                if m:
                    return float(m.group(1)), float(m.group(2))
    except (OSError, IOError):
        pass
    return 0, 0

# ---------------------------------------------------------------------------
# Main loop
# ---------------------------------------------------------------------------
for xyz_path in xyz_files:
    with open(xyz_path) as f:
        lines = f.readlines()

    second_line = lines[1]
    charge   = int(second_line.split("charge=")[1].split()[0])
    spin     = int(second_line.split("mult=")[1].split()[0]) - 1
    mol_name = second_line.split()[0]
    atoms    = "".join(lines[2:])

    print(f"\n{'='*60}\nRunning: {mol_name}  charge={charge}  spin={spin}\n{'='*60}")

    mol = gto.M(
        atom=atoms,
        basis=truncate_basis.get_basis(atoms, basis),
        verbose=4,
        output=os.path.join(out_dir, f"{mol_name}_{basis}.out"),
        unit="angstrom",
        symmetry=symmetry,
        charge=charge,
        spin=spin,
        max_memory=40000,
    )

    mf = scf.UHF(mol)
    mf.max_cycle = 200
    mf = mf.newton()
    mf.kernel()

    if mol_name == "h":
        with open(results_file, "a") as out:
            out.write(f"{mol_name:<16s} {mf.e_tot:>20.10f} {mf.e_tot:>20.10f} "
                      f"{mf.e_tot:>15.5f} {0.0:>15.5f}\n")
        continue

    stable = False
    for _ in range(10):
        mo_i, _, stable, _ = mf.stability(return_status=True)
        if stable:
            break
        dm = mf.make_rdm1(mo_i, mf.mo_occ)
        mf.kernel(dm0=dm)

    if not stable or not mf.converged:
        print(f"  !! SCF did not converge for {mol_name} — skipping.")
        with open(results_file, "a") as out:
            out.write(f"{mol_name:<16s} {'UNCONVERGED':>20s} {'UNCONVERGED':>20s} {'UNCONVERGED':>20s}\n")
        continue

    mycc = cc.CCSD(mf)
    mycc.set_frozen()
    mycc.kernel()

    integral.prep_integral(mycc, chol_cut=1e-5)
    options = {
        'eql_time':      50,
        'n_blocks':      1000,
        'n_walkers':     300,
        'max_error':     0.0,
        'seed':          17,
        'walker_type':   'uhf',
        'trial':         'upt2ccsd',
        'mix_precision': True,
        'max_memory':    20000, #MB
    }
    launch_afqmc.ph_afqmc(options)

    afqmc_out = os.path.join(out_dir, f"{mol_name}_afqmc_{basis}.out")
    os.system(f"mv afqmc.out {afqmc_out}")
    eqmc, eqmc_err = extract_afqmc_energy(afqmc_out)

    with open(results_file, "a") as out:
        out.write(f"{mol_name:<16s} {mf.e_tot:>20.10f} {mycc.e_tot:>20.10f} "
                  f"{eqmc:>15.5f} {eqmc_err:>15.5f}\n")

    print(f"  => E_HF({mol_name})      = {mf.e_tot:.10f} Eh")
    print(f"  => E_CCSD({mol_name})    = {mycc.e_tot:.10f} Eh")
    print(f"  => E_AFQMC({mol_name})   = {eqmc:.5f} +/- {eqmc_err:.5f} Eh")

print(f"\nAll calculations complete. Results saved to {results_file}")
#INFO: ******************** input file end ********************


System: uname_result(system='Linux', node='gpua020.delta.ncsa.illinois.edu', release='5.14.0-427.91.1.el9_4.x86_64', version='#1 SMP PREEMPT_DYNAMIC Wed Sep 17 10:08:59 EDT 2025', machine='x86_64')  Threads 16
Python 3.11.14 (main, Oct 21 2025, 18:31:21) [GCC 11.2.0]
numpy 2.3.5  scipy 1.16.3  h5py 3.15.1
Date: Sun May 24 00:41:19 2026
PySCF version 2.11.0
PySCF path  /u/yzhang65/myprojects/software/pyscf
GIT HEAD (branch master) f520f5381c0b41f716d847009817cbc64e52c0d5

[ENV] PYSCF_TMPDIR /projects/bdka/yzhang65/scratch/pyscf
[ENV] PYSCF_EXT_PATH /u/yzhang65/myprojects/software/pyscf-forge
[CONFIG] conf_file None
[INPUT] verbose = 4
[INPUT] num. atoms = 4
[INPUT] num. electrons = 64
[INPUT] charge = 0
[INPUT] spin (= nelec alpha-beta = 2S) = 0
[INPUT] symmetry False subgroup None
[INPUT] Mole.unit = angstrom
[INPUT] Symbol           X                Y                Z      unit          X                Y                Z       unit  Magmom
[INPUT]  1 Al     0.000000000000   0.000000000000   0.000000000000 AA    0.000000000000   0.000000000000   0.000000000000 Bohr   0.0
[INPUT]  2 Cl     0.000000000000   2.070971000000   0.000000000000 AA    0.000000000000   3.913568001917   0.000000000000 Bohr   0.0
[INPUT]  3 Cl     1.793513000000  -1.035485000000   0.000000000000 AA    3.389248370847  -1.956783056095   0.000000000000 Bohr   0.0
[INPUT]  4 Cl    -1.793513000000  -1.035485000000   0.000000000000 AA   -3.389248370847  -1.956783056095   0.000000000000 Bohr   0.0

nuclear repulsion = 297.315119480139
number of shells = 36
number of NR pGTOs = 236
number of NR cGTOs = 136
basis = {'Al': [[0, [205500.0, 6.78836e-05, -1.76377e-05, 4.07315e-06], [30780.0, 0.000527149, -0.000137195, 3.16566e-05], [7006.0, 0.00276203, -0.00071891, 0.000166116], [1985.0, 0.0114728, -0.00301146, 0.000694992], [649.1, 0.0398188, -0.0106014, 0.00245511], [235.0, 0.11504, -0.0321345, 0.00744598], [91.62, 0.260887, -0.0803156, 0.0188253], [37.67, 0.396386, -0.156794, 0.0372772], [15.91, 0.284597, -0.168376, 0.0419496], [5.85, 0.0444583, 0.126879, -0.0354375], [2.542, -0.00489838, 0.561494, -0.175132], [1.057, 0.00261253, 0.436613, -0.276203], [0.1455, 0.000722068, -0.0114563, 0.652809]], [0, [0.2931, 1.0]], [0, [0.0565, 1.0]], [1, [444.4, 0.00162786, -0.000286341], [105.1, 0.0130687, -0.00242308], [33.47, 0.0612341, -0.0108658], [12.33, 0.18787, -0.0364307], [4.869, 0.360452, -0.0641074], [1.961, 0.408454, -0.0972239], [0.1888, 0.00976514, 0.503448]], [1, [0.7834, 1.0]], [1, [0.05557, 1.0]], [2, [0.109, 1.0]], [2, [0.333, 1.0]], [3, [0.244, 1.0]]], 'Cl': [[0, [456100.0, 4.9297e-05, -1.38304e-05, 4.18546e-06], [68330.0, 0.000383029, -0.000107279, 3.24395e-05], [15550.0, 0.00200854, -0.000565083, 0.000171105], [4405.0, 0.00838558, -0.00236135, 0.000714176], [1439.0, 0.0294703, -0.00845886, 0.00256705], [520.4, 0.0878325, -0.0259638, 0.00788552], [203.1, 0.211473, -0.0686362, 0.0210867], [83.96, 0.365364, -0.141874, 0.0442264], [36.2, 0.340884, -0.199319, 0.065167], [15.83, 0.102133, -0.0195662, 0.00603012], [6.334, 0.00311675, 0.499741, -0.206495], [2.694, 0.00105751, 0.563736, -0.405871], [0.4313, 0.000156136, -0.00835091, 0.725661]], [0, [0.9768, 1.0]], [0, [0.1625, 1.0]], [1, [663.3, 0.00240448, -0.000652145], [156.8, 0.0192148, -0.00519445], [49.98, 0.0885097, -0.0246938], [18.42, 0.25602, -0.0728167], [7.24, 0.436927, -0.13403], [2.922, 0.350334, -0.0947742], [0.3818, -0.00458423, 0.564667]], [1, [1.022, 1.0]], [1, [0.1301, 1.0]], [2, [1.046, 1.0]], [2, [0.344, 1.0]], [3, [0.706, 1.0]]]}
ecp = {}
CPU time:      1923.53




******** <class 'pyscf.soscf.newton_ah.SecondOrderUHF'> ********
method = SecondOrderUHF
initial guess = minao
damping factor = 0
level_shift factor = 0
DIIS = <class 'pyscf.scf.diis.CDIIS'>
diis_start_cycle = 1
diis_space = 8
diis_damp = 0
SCF conv_tol = 1e-09
SCF conv_tol_grad = None
SCF max_cycles = 200
direct_scf = True
direct_scf_tol = 1e-13
chkfile to save SCF result = /projects/bdka/yzhang65/scratch/pyscf/tmptj2xk49y
max_memory 40000 MB (current use 2078 MB)
number electrons alpha = 32  beta = 32
******** <class 'pyscf.scf.uhf.UHF'> Newton solver flags ********
SCF tol = 1e-09
conv_tol_grad = None
max. SCF cycles = 200
direct_scf = True
direct_scf_tol = 1e-13
chkfile to save SCF result = /projects/bdka/yzhang65/scratch/pyscf/tmptj2xk49y
max_cycle_inner = 12
max_stepsize = 0.05
ah_start_tol = 1e+09
ah_level_shift = 0
ah_conv_tol = 1e-12
ah_lindep = 1e-14
ah_start_cycle = 1
ah_max_cycle = 40
ah_grad_trust_region = 2.5
kf_interval = 4
kf_trust_region = 5
canonicalization = True
max_memory 40000 MB (current use 2078 MB)
Set conv_tol_grad to 3.16228e-05
  alpha nocc = 32  HOMO = -0.453804061399496  LUMO = -0.0184272128754663
  beta  nocc = 32  HOMO = -0.452864202237792  LUMO = -0.0172203433323091
Initial guess E= -1620.66072175449  |g|= 0.294591
macro= 0  E= -1620.71922959878  delta_E= -0.0585078  |g|= 0.0292896  3 KF 9 JK
macro= 1  E= -1620.71923667624  delta_E= -7.07745e-06  |g|= 0.00012949  2 KF 8 JK
macro= 2  E= -1620.71923667623  delta_E= 3.18323e-12  |g|= 5.58765e-06  1 KF 2 JK
Canonicalize SCF orbitals
macro X = 3  E=-1620.71923667623  |g|= 5.58765e-06  total 7 KF 23 JK
converged SCF energy = -1620.71923667623  <S^2> = 2.5814018e-11  2S+1 = 1
uhf_internal: lowest eigs of H = [0.5005916  0.50063477 0.51274489]
<class 'pyscf.soscf.newton_ah.SecondOrderUHF'> wavefunction is stable in the internal stability analysis

******** <class 'pyscf.cc.uccsd.UCCSD'> ********
CC2 = 0
CCSD nocc = (np.int64(12), np.int64(12)), nmo = (116, 116)
frozen orbitals 20
max_cycle = 50
direct = 0
conv_tol = 1e-07
conv_tol_normt = 1e-06
diis_space = 6
diis_start_cycle = 0
diis_start_energy_diff = 1e+09
max_memory 40000 MB (current use 2090 MB)
Init t2, MP2 energy = -0.623971091495701
Init E_corr(UCCSD) = -0.623971091499055
cycle = 1  E_corr(UCCSD) = -0.657265654838757  dE = -0.0332945633  norm(t1,t2) = 0.0708385
cycle = 2  E_corr(UCCSD) = -0.66799413351568  dE = -0.0107284787  norm(t1,t2) = 0.019116
cycle = 3  E_corr(UCCSD) = -0.669765291411581  dE = -0.0017711579  norm(t1,t2) = 0.00881637
cycle = 4  E_corr(UCCSD) = -0.670883263055865  dE = -0.00111797164  norm(t1,t2) = 0.00299146
cycle = 5  E_corr(UCCSD) = -0.670756040600346  dE = 0.000127222456  norm(t1,t2) = 0.000841346
cycle = 6  E_corr(UCCSD) = -0.670732139594989  dE = 2.39010054e-05  norm(t1,t2) = 0.000201442
cycle = 7  E_corr(UCCSD) = -0.670737281481292  dE = -5.1418863e-06  norm(t1,t2) = 6.57356e-05
cycle = 8  E_corr(UCCSD) = -0.670739166089465  dE = -1.88460817e-06  norm(t1,t2) = 1.58077e-05
cycle = 9  E_corr(UCCSD) = -0.670738857291077  dE = 3.08798388e-07  norm(t1,t2) = 5.56161e-06
cycle = 10  E_corr(UCCSD) = -0.670738829450844  dE = 2.78402332e-08  norm(t1,t2) = 2.18865e-06
cycle = 11  E_corr(UCCSD) = -0.670738801090551  dE = 2.83602929e-08  norm(t1,t2) = 4.90241e-07
UCCSD converged
E(UCCSD) = -1621.389975477323  E_corr = -0.6707388010905512
