------------------------------------------- AFQMC Sampling Started -------------------------------------------
Hostname: gpua016.delta.ncsa.illinois.edu
System Type: Linux
Machine Type: x86_64
Processor: x86_64
Using GPU.
System: Linux
Node Name: gpua016.delta.ncsa.illinois.edu
Release: 5.14.0-427.91.1.el9_4.x86_64
Version: #1 SMP PREEMPT_DYNAMIC Wed Sep 17 10:08:59 EDT 2025
Machine: x86_64
Processor: x86_64
Decomposing Unrestricted T2 amplitudes
Throw 0 vectors in T2 deomposition
SVD cutoff = 1.00e-08 | error = 1.09e-15
number of T2 decomposition vectors 210
norb: 26
nelec: (5, 5)
n_eql: 120
n_blocks: 1000
n_walkers: 300
dt: 0.005
max_error: 0.0
seed: 17
walker_type: uhf
trial: uccsd_pt2
free_projection: False
use_gpu: True
n_exp_terms: 6
n_prop_steps: 50
save_walkers: False
n_batch: 1
nchol_chunk: 100
mix_precision: True
initial AFQMC/pt2CCSD Energy is -701.687354
Propagating with 300 walkers
----------------------------------------------- Equilibration ------------------------------------------------
inv_T        weight  killW        energy   runTime
 0.00    300.000000      0   -701.485200     12.52
 3.00    302.699503      0   -701.682350     18.93
 6.00    302.685399      0   -701.693461     19.50
 9.00    302.558292      0   -701.696530     20.06
12.00    302.688422      0   -701.715376     20.63
15.00    302.631089      0   -701.695831     21.20
18.00    302.912442      0   -701.689008     21.77
21.00    302.314078      0   -701.692581     22.34
24.00    302.425823      0   -701.688526     22.91
27.00    302.914715      0   -701.709989     23.48
30.00    302.608326      0   -701.707905     24.05
---------------------------------------------- Sampling Blocks -----------------------------------------------
blocks        weight  killW       E_Guide     error       E_Trial     error     olp_T/G     error  Walltime
    20    302.547695      0   -701.702808  0.012171   -701.692610  0.000949    1.003716  0.000304   31.25
    40    302.241604      0   -701.700447  0.006660   -701.692754  0.000689    1.003836  0.000228   32.74
    60    301.972169      0   -701.698477  0.004263   -701.692701  0.000477    1.003958  0.000228   34.23
    80    301.721093      0   -701.697256  0.003207   -701.692838  0.000405    1.003800  0.000233   35.72
   100    301.509102      0   -701.695927  0.002739   -701.692773  0.000334    1.003685  0.000181   37.21
   120    301.322475      0   -701.695697  0.002368   -701.692827  0.000296    1.003448  0.000217   38.71
   140    301.169007      1   -701.696416  0.002132   -701.692929  0.000277    1.003603  0.000222   40.19
   160    301.012198      1   -701.695802  0.001876   -701.692894  0.000252    1.003636  0.000207   41.68
   180    300.896592      1   -701.695990  0.001764   -701.692794  0.000229    1.003699  0.000183   43.18
   200    300.782767      1   -701.695615  0.001603   -701.692685  0.000211    1.003792  0.000180   44.66
   220    300.698027      1   -701.695978  0.001508   -701.692714  0.000196    1.003754  0.000166   46.15
   240    300.605040      1   -701.695956  0.001383   -701.692697  0.000186    1.003743  0.000156   47.64
   260    300.519734      1   -701.695445  0.001326   -701.692739  0.000176    1.003658  0.000149   49.13
   280    300.445059      1   -701.695286  0.001230   -701.692648  0.000167    1.003653  0.000145   50.62
   300    300.386257      1   -701.695257  0.001175   -701.692626  0.000158    1.003639  0.000138   52.11
   320    300.328274      1   -701.695073  0.001099   -701.692614  0.000151    1.003687  0.000135   53.60
   340    300.280583      1   -701.694650  0.001070   -701.692639  0.000147    1.003672  0.000129   55.09
   360    300.236910      1   -701.694312  0.001043   -701.692657  0.000140    1.003659  0.000122   56.58
   380    300.199447      1   -701.694303  0.000998   -701.692664  0.000134    1.003701  0.000121   58.07
   400    300.168865      2   -701.694607  0.000960   -701.692687  0.000133    1.003716  0.000115   59.56
   420    300.131199      2   -701.694453  0.000935   -701.692678  0.000128    1.003719  0.000110   61.11
   440    300.098452      2   -701.694332  0.000897   -701.692654  0.000123    1.003703  0.000110   62.64
   460    300.068973      2   -701.694230  0.000873   -701.692643  0.000119    1.003733  0.000108   64.13
   480    300.039903      2   -701.694195  0.000883   -701.692643  0.000115    1.003747  0.000110   65.62
   500    300.016238      2   -701.694448  0.000867   -701.692640  0.000112    1.003766  0.000108   67.10
   520    299.994046      2   -701.694473  0.000854   -701.692622  0.000109    1.003785  0.000105   68.59
   540    299.975446      2   -701.694617  0.000848   -701.692643  0.000106    1.003794  0.000101   70.08
   560    299.957706      2   -701.694691  0.000813   -701.692641  0.000103    1.003778  0.000099   71.57
   580    299.939083      2   -701.694588  0.000798   -701.692663  0.000100    1.003797  0.000097   73.05
   600    299.923691      2   -701.694686  0.000783   -701.692684  0.000098    1.003770  0.000100   74.55
   620    299.911042      2   -701.694925  0.000774   -701.692699  0.000096    1.003755  0.000100   76.04
   640    299.900469      2   -701.695068  0.000765   -701.692695  0.000094    1.003774  0.000099   77.52
   660    299.889305      2   -701.695047  0.000750   -701.692697  0.000092    1.003732  0.000101   79.01
   680    299.874401      2   -701.694904  0.000725   -701.692695  0.000090    1.003708  0.000104   80.50
   700    299.862695      2   -701.694933  0.000712   -701.692694  0.000088    1.003738  0.000104   81.99
   720    299.852067      2   -701.694998  0.000697   -701.692683  0.000087    1.003751  0.000104   83.48
   740    299.841217      2   -701.694933  0.000686   -701.692698  0.000085    1.003709  0.000106   84.96
   760    299.830295      2   -701.694941  0.000674   -701.692715  0.000085    1.003701  0.000108   86.45
   780    299.819444      2   -701.694892  0.000664   -701.692714  0.000083    1.003684  0.000106   87.94
   800    299.810596      2   -701.694943  0.000663   -701.692729  0.000083    1.003662  0.000106   89.43
   820    299.800899      2   -701.694951  0.000648   -701.692725  0.000082    1.003662  0.000104   90.92
   840    299.790418      2   -701.694806  0.000657   -701.692722  0.000081    1.003677  0.000104   92.42
   860    299.780976      2   -701.694880  0.000640   -701.692741  0.000079    1.003643  0.000105   93.91
   880    299.772189      2   -701.694862  0.000632   -701.692741  0.000078    1.003624  0.000108   95.40
   900    299.763373      3   -701.694860  0.000616   -701.692744  0.000077    1.003605  0.000107   96.89
   920    299.756438      3   -701.694853  0.000607   -701.692740  0.000076    1.003571  0.000107   98.39
   940    299.747533      3   -701.694750  0.000599   -701.692749  0.000075    1.003558  0.000111   99.87
   960    299.741248      3   -701.694845  0.000594   -701.692742  0.000073    1.003543  0.000109  101.37
   980    299.732741      3   -701.694765  0.000585   -701.692741  0.000072    1.003552  0.000109  102.86
  1000    299.728788      3   -701.694670  0.000584   -701.692723  0.000072    1.003588  0.000111  104.35
---------------------------------------------- Post Propagation ----------------------------------------------
Total number of samples 1000
Raw AFQMC/HF (Guide) energy:           -701.694670 ± 0.000584
Raw Trial/Guide overlap ratio:          1.003588 ± 0.000111
Raw AFQMC/pt2CCSD energy (covariance): -701.692723 ± 0.000072
Raw AFQMC/pt2CCSD energy (dir sample): -701.692723 ± 0.000057
--------------------------------------------- Clean Obeservation ---------------------------------------------
removing energies outside zeta > 30
Outlier energy bound [-701.734787, -701.650234]
Removed 0 outliers with energies []
Clean AFQMC/pt2CCSD overlap ratio:        1.003588 ± 0.000111
Clean AFQMC/pt2CCSD energy (covariance): -701.692723 ± 0.000072
Clean AFQMC/ptCCSD energy (dir sample):  -701.692723 ± 0.000057
--------------------------------------------- Blocking Analysis ----------------------------------------------
nsample = 1000, max_block_size = 25, min_nblocks = 40
   B    NB    NS  Observable     Error    dError
   1  1000  1000    1.003588  0.000033  0.000001
   2   500  1000    1.003588  0.000046  0.000001
   3   333   999    1.003586  0.000055  0.000002
   4   250  1000    1.003588  0.000062  0.000003
   5   200  1000    1.003588  0.000068  0.000003
   6   166   996    1.003581  0.000073  0.000004
   7   142   994    1.003575  0.000076  0.000005
   8   125  1000    1.003588  0.000081  0.000005
   9   111   999    1.003586  0.000084  0.000006
  10   100  1000    1.003588  0.000088  0.000006
  11    90   990    1.003566  0.000088  0.000007
  12    83   996    1.003581  0.000094  0.000007
  13    76   988    1.003565  0.000091  0.000007
  14    71   994    1.003575  0.000096  0.000008
  15    66   990    1.003566  0.000096  0.000008
  16    62   992    1.003570  0.000098  0.000009
  17    58   986    1.003561  0.000099  0.000009
  18    55   990    1.003566  0.000099  0.000010
  19    52   988    1.003565  0.000104  0.000010
  20    50  1000    1.003588  0.000107  0.000011
  21    47   987    1.003563  0.000109  0.000011
  22    45   990    1.003566  0.000104  0.000011
  23    43   989    1.003565  0.000105  0.000011
  24    41   984    1.003558  0.000107  0.000012
  25    40  1000    1.003588  0.000111  0.000013
Fit (variance): plateau_var = 1.315e-08 ± 1.564e-09
Fit (error):    plateau = 0.000115 ± 0.000007
     autocorrelation length ~ 11.8 blocks
     plateau reached at block size ~ 55
     !!!Failed to reach plateau in blocking
     Return max block error
nclean = 1000, max_block_size = 25, min_nblocks = 40
Blk_SZ   NBlk   NSmp      Energy     Error    dError
     1   1000   1000  -701.692668  0.000057  0.000001
     2    500   1000  -701.692677  0.000063  0.000002
     3    333    999  -701.692682  0.000067  0.000003
     4    250   1000  -701.692686  0.000068  0.000003
     5    200   1000  -701.692690  0.000070  0.000004
     6    166    996  -701.692698  0.000069  0.000004
     7    142    994  -701.692702  0.000071  0.000004
     8    125   1000  -701.692693  0.000073  0.000005
     9    111    999  -701.692700  0.000070  0.000005
    10    100   1000  -701.692700  0.000061  0.000004
    11     90    990  -701.692715  0.000068  0.000005
    12     83    996  -701.692708  0.000070  0.000005
    13     76    988  -701.692718  0.000070  0.000006
    14     71    994  -701.692713  0.000070  0.000006
    15     66    990  -701.692720  0.000059  0.000005
    16     62    992  -701.692718  0.000069  0.000006
    17     58    986  -701.692725  0.000068  0.000006
    18     55    990  -701.692722  0.000062  0.000006
    19     52    988  -701.692725  0.000070  0.000007
    20     50   1000  -701.692711  0.000064  0.000006
    21     47    987  -701.692725  0.000057  0.000006
    22     45    990  -701.692724  0.000070  0.000007
    23     43    989  -701.692725  0.000062  0.000007
    24     41    984  -701.692732  0.000062  0.000007
    25     40   1000  -701.692714  0.000065  0.000007
Fit (variance): plateau_var = 4.480547e-09 ± 1.497197e-10
Fit (error):    plateau = 0.000067 ± 0.000001
     autocorrelation length ~ 0.9 blocks
     plateau reached at block size ~ 4
Final AFQMC/pt2CCSD overlap ratio: 1.003588 ± 0.000111
Final AFQMC/pt2CCSD energy: -701.692723 ± 0.000067
Total run time: 113.57
------------------------------------------ AFQMC Sampling Finished -------------------------------------------
