
    ________                     _____                    
    ___  __ \___  __________________(_)_____________ _    
    __  /_/ /  / / /_  __ \_  __ \_  /__  __ \_  __ `/    
    _  _, _// /_/ /_  / / /  / / /  / _  / / /  /_/ /     
    /_/ |_| \__,_/ /_/ /_//_/ /_//_/  /_/ /_/_\__, /      
                                             /____/       
    _____________________________  ___________            
    ___    |__  ____/_  __ \__   |/  /_  ____/            
    __  /| |_  /_   _  / / /_  /|_/ /_  /                 
    _  ___ |  __/   / /_/ /_  /  / / / /___               
    /_/  |_/_/      \___\_\/_/  /_/  \____/               

Hostname:     gpua020.delta.ncsa.illinois.edu
System:       Linux
Node:         gpua020.delta.ncsa.illinois.edu
Release:      5.14.0-427.91.1.el9_4.x86_64
Machine:      x86_64
Processor:    x86_64
JAX backend:  GPU
JAX devices:  [CudaDevice(id=0)]
Device kind:  NVIDIA A100-SXM4-40GB
Platform:     gpu

Load system from Integral File
Maximum memory per walker:            66.67 MB
Maximum number of Cholesky per chunk: 696
Number of Cholesky chunks:            1
Number of Cholesky per chunk:         346
Number of padding Cholesky:           0

QMC System
Number of electrons: (3, 3)
Spin Multiplicity:   0
Number of orbitals:  56
Number of Chol:      346

QMC Parameters
eql_time            :                   50
n_blocks            :                 1000
n_walkers           :                  300
max_error           :                  0.0
seed                :                   17
walker_type         :                  uhf
trial               :             upt2ccsd
mix_precision       :                 True
max_memory          :                20000
dt                  :                0.005
n_exp_terms         :                    6
n_prop_steps        :                   50
save_walkers        :                False
free_projection     :                False
n_batch             :                    1
nchol_chunk         :                  346

Initalize QMC walkers by stochastic CCSD

Equilibration
inv_T        weight  killW        energy   runTime
 0.00    300.000000      0   -243.757314      8.81
 5.00    299.579989      0   -243.763390     15.16
10.00    299.252862      0   -243.759253     16.58
15.00    299.436727      0   -243.754205     18.00
20.00    299.536093      0   -243.767417     19.43
25.00    299.054789      0   -243.761712     20.85
30.00    299.372524      0   -243.759978     22.27
35.00    299.330930      0   -243.757951     23.69
40.00    299.012707      0   -243.760743     25.11
45.00    299.083069      0   -243.755853     26.54
50.00    299.392276      0   -243.763485     27.96

Sampling
blocks        weight  killW       E_Guide     error       E_Trial     error     olp_T/G     error  Walltime
    20    299.233590      0   -243.759643  0.002277   -243.759369  0.000205    1.001288  0.000224   40.27
    40    299.236507      0   -243.762175  0.003280   -243.759457  0.000156    1.000852  0.000302   48.33
    60    299.224303      0   -243.761438  0.002083   -243.759400  0.000112    1.000821  0.000194   56.46
    80    299.221731      0   -243.760510  0.001680   -243.759357  0.000089    1.000874  0.000146   64.60
   100    299.225768      0   -243.760487  0.001242   -243.759302  0.000075    1.000874  0.000118   72.73
   120    299.219640      0   -243.760092  0.001133   -243.759287  0.000065    1.000890  0.000100   80.86
   140    299.207307      1   -243.759673  0.001017   -243.759272  0.000057    1.000821  0.000097   88.99
   160    299.199764      1   -243.759226  0.000979   -243.759293  0.000053    1.000874  0.000092   97.13
   180    299.201592      1   -243.759168  0.000832   -243.759295  0.000048    1.000903  0.000084  105.26
   200    299.205028      1   -243.759365  0.000767   -243.759291  0.000045    1.000934  0.000079  113.39
   220    299.203755      1   -243.759788  0.000750   -243.759262  0.000044    1.000942  0.000073  121.53
   240    299.202279      1   -243.759660  0.000708   -243.759252  0.000041    1.000968  0.000069  129.66
   260    299.205077      1   -243.759463  0.000662   -243.759248  0.000038    1.001000  0.000067  137.79
   280    299.203170      1   -243.759531  0.000613   -243.759262  0.000036    1.000981  0.000064  145.92
   300    299.199295      1   -243.759870  0.000621   -243.759257  0.000035    1.000967  0.000060  154.05
   320    299.196220      1   -243.759870  0.000593   -243.759265  0.000034    1.000962  0.000058  162.19
   340    299.201213      2   -243.759909  0.000578   -243.759274  0.000034    1.000985  0.000058  170.32
   360    299.200588      2   -243.760105  0.000551   -243.759268  0.000035    1.000990  0.000055  178.46
   380    299.194040      2   -243.759957  0.000543   -243.759257  0.000034    1.000981  0.000053  186.59
   400    299.192405      3   -243.759905  0.000519   -243.759254  0.000033    1.000996  0.000052  194.72
   420    299.185245      3   -243.759734  0.000527   -243.759250  0.000032    1.000986  0.000050  202.86
   440    299.186956      3   -243.759986  0.000547   -243.759255  0.000031    1.000981  0.000048  210.98
   460    299.188014      3   -243.760120  0.000533   -243.759237  0.000031    1.000977  0.000047  219.12
   480    299.185679      3   -243.760031  0.000523   -243.759242  0.000030    1.000974  0.000045  227.25
   500    299.183499      3   -243.759970  0.000512   -243.759248  0.000029    1.000950  0.000047  235.38
   520    299.183291      3   -243.760011  0.000521   -243.759252  0.000028    1.000934  0.000049  243.51
   540    299.179998      3   -243.759992  0.000509   -243.759256  0.000028    1.000921  0.000049  251.65
   560    299.179955      3   -243.759870  0.000493   -243.759262  0.000027    1.000915  0.000048  259.78
   580    299.179645      3   -243.759845  0.000485   -243.759269  0.000027    1.000914  0.000046  267.92
   600    299.178607      3   -243.759875  0.000473   -243.759273  0.000026    1.000920  0.000045  276.05
   620    299.176064      3   -243.759863  0.000464   -243.759274  0.000026    1.000919  0.000044  284.18
   640    299.177009      3   -243.759860  0.000461   -243.759288  0.000026    1.000903  0.000045  292.31
   660    299.177364      4   -243.759853  0.000446   -243.759293  0.000025    1.000890  0.000045  300.45
   680    299.178285      4   -243.759869  0.000456   -243.759298  0.000025    1.000878  0.000046  308.58
   700    299.178613      4   -243.759900  0.000448   -243.759297  0.000024    1.000872  0.000046  316.72
   720    299.179123      4   -243.759857  0.000438   -243.759295  0.000024    1.000866  0.000045  324.85
   740    299.181577      4   -243.759867  0.000428   -243.759304  0.000023    1.000867  0.000044  332.98
   760    299.180997      4   -243.759780  0.000420   -243.759308  0.000023    1.000863  0.000043  341.11
   780    299.180804      5   -243.759853  0.000419   -243.759311  0.000023    1.000858  0.000043  349.25
   800    299.180316      5   -243.759901  0.000416   -243.759318  0.000023    1.000858  0.000044  357.38
   820    299.180126      5   -243.759992  0.000409   -243.759318  0.000023    1.000855  0.000043  365.52
   840    299.178473      6   -243.760030  0.000404   -243.759321  0.000022    1.000861  0.000043  373.65
   860    299.178955      6   -243.760050  0.000397   -243.759324  0.000022    1.000861  0.000042  381.79
   880    299.180102      6   -243.760073  0.000399   -243.759327  0.000023    1.000859  0.000041  389.93
   900    299.179739      6   -243.760051  0.000396   -243.759323  0.000022    1.000851  0.000041  398.07
   920    299.178795      6   -243.760031  0.000382   -243.759322  0.000022    1.000850  0.000041  406.22
   940    299.178840      6   -243.760095  0.000378   -243.759330  0.000022    1.000849  0.000041  414.33
   960    299.178429      7   -243.760110  0.000373   -243.759329  0.000022    1.000846  0.000040  422.47
   980    299.177247      7   -243.760029  0.000372   -243.759331  0.000022    1.000848  0.000039  430.60
  1000    299.176327      7   -243.759998  0.000368   -243.759338  0.000022    1.000849  0.000038  438.74

Post Propagation Process
Total number of samples 1000
Raw AFQMC/HF (Guide) energy:           -243.759998 ± 0.000368
Raw Trial/Guide overlap ratio:          1.000849 ± 0.000038
Raw AFQMC/pt2CCSD energy (covariance): -243.759338 ± 0.000022
Raw AFQMC/pt2CCSD energy (dir sample): -243.759338 ± 0.000017

Remove Outliers
removing energies outside zeta > 30
Outlier energy bound [-243.771577, -243.746998]
Removed 0 outliers with energies []
Clean AFQMC/pt2CCSD overlap ratio:        1.000849 ± 0.000038
Clean AFQMC/pt2CCSD energy (covariance): -243.759338 ± 0.000022
Clean AFQMC/ptCCSD energy (dir sample):  -243.759338 ± 0.000017

Blocking Analysis
nsample = 1000, max_block_size = 25, min_nblocks = 40
   B    NB    NS  Observable     Error    dError
   1  1000  1000    1.000849  0.000012  0.000000
   2   500  1000    1.000849  0.000017  0.000001
   3   333   999    1.000849  0.000020  0.000001
   4   250  1000    1.000849  0.000022  0.000001
   5   200  1000    1.000849  0.000024  0.000001
   6   166   996    1.000849  0.000025  0.000001
   7   142   994    1.000849  0.000027  0.000002
   8   125  1000    1.000849  0.000028  0.000002
   9   111   999    1.000849  0.000029  0.000002
  10   100  1000    1.000849  0.000031  0.000002
  11    90   990    1.000849  0.000031  0.000002
  12    83   996    1.000849  0.000031  0.000002
  13    76   988    1.000849  0.000033  0.000003
  14    71   994    1.000849  0.000032  0.000003
  15    66   990    1.000849  0.000034  0.000003
  16    62   992    1.000848  0.000034  0.000003
  17    58   986    1.000850  0.000035  0.000003
  18    55   990    1.000849  0.000035  0.000003
  19    52   988    1.000849  0.000035  0.000004
  20    50  1000    1.000849  0.000037  0.000004
  21    47   987    1.000850  0.000036  0.000004
  22    45   990    1.000849  0.000037  0.000004
  23    43   989    1.000849  0.000038  0.000004
  24    41   984    1.000850  0.000038  0.000004
  25    40  1000    1.000849  0.000038  0.000004
Fit (variance): plateau_var = 1.552e-09 ± 1.787e-10
Fit (error):    plateau = 0.000039 ± 0.000002
     autocorrelation length ~ 11.2 blocks
     plateau reached at block size ~ 52
     !!!Failed to reach plateau in blocking
     Return max block error
nclean = 1000, max_block_size = 25, min_nblocks = 40
Blk_SZ   NBlk   NSmp      Energy     Error    dError
     1   1000   1000  -243.759328  0.000017  0.000000
     2    500   1000  -243.759330  0.000020  0.000001
     3    333    999  -243.759329  0.000022  0.000001
     4    250   1000  -243.759331  0.000024  0.000001
     5    200   1000  -243.759332  0.000024  0.000001
     6    166    996  -243.759326  0.000026  0.000001
     7    142    994  -243.759326  0.000023  0.000001
     8    125   1000  -243.759333  0.000026  0.000002
     9    111    999  -243.759331  0.000026  0.000002
    10    100   1000  -243.759333  0.000024  0.000002
    11     90    990  -243.759328  0.000024  0.000002
    12     83    996  -243.759328  0.000025  0.000002
    13     76    988  -243.759327  0.000025  0.000002
    14     71    994  -243.759328  0.000025  0.000002
    15     66    990  -243.759328  0.000024  0.000002
    16     62    992  -243.759328  0.000027  0.000002
    17     58    986  -243.759327  0.000026  0.000002
    18     55    990  -243.759329  0.000027  0.000003
    19     52    988  -243.759329  0.000025  0.000002
    20     50   1000  -243.759335  0.000025  0.000003
    21     47    987  -243.759329  0.000024  0.000003
    22     45    990  -243.759330  0.000026  0.000003
    23     43    989  -243.759329  0.000027  0.000003
    24     41    984  -243.759329  0.000029  0.000003
    25     40   1000  -243.759336  0.000029  0.000003
Fit (variance): plateau_var = 6.538044e-10 ± 2.845918e-11
Fit (error):    plateau = 0.000026 ± 0.000001
     autocorrelation length ~ 2.5 blocks
     plateau reached at block size ~ 12
Final AFQMC/pt2CCSD overlap ratio: 1.000849 ± 0.000038
Final AFQMC/pt2CCSD energy: -243.759338 ± 0.000026
Total run time: 447.17

AFQMC Sampling Finished

