#INFO: **** input file is /projects/yizh8382/projects/w4_17/w4-17_all/pyscf_input/run_pyscf.py ****
import os
import glob
import numpy as np
from pyscf import gto, scf, cc

xyz_dir = "../w4_17_xyz/closed_shell"
results_file = "../result/closed_shell_rhf.dat"
out_dir = "../result/molout/closed_shell"
os.makedirs(out_dir, exist_ok=True)

# Set to a list of molecule names to run only those, e.g. ["acetaldehyde", "benzene"]
# Set to None to run all molecules in xyz_dir
select_molecules = None
# select_molecules = ["bn3pi","b2", "cf"]
symmetry = False

all_xyz = sorted(glob.glob(os.path.join(xyz_dir, "*.xyz")))
if select_molecules is not None:
    select_set = set(select_molecules)
    xyz_files = [p for p in all_xyz if os.path.splitext(os.path.basename(p))[0] in select_set]
    missing = select_set - {os.path.splitext(os.path.basename(p))[0] for p in xyz_files}
    if missing:
        print(f"Warning: no .xyz file found for: {', '.join(sorted(missing))} in {xyz_dir}")
else:
    xyz_files = all_xyz

with open(results_file, "w") as out:
    out.write(f"{'Molecule':<16s} {'Charge':>6s} {'2S':>6s} {'frozen':>6s} "
              f"{'E_RHF (Eh)':>20s} {'E_CCSD (Eh)':>20s} {'E_CCSD(T) (Eh)':>20s}\n")
    out.write("-" * 100 + "\n")

for xyz_path in xyz_files:
    with open(xyz_path, "r") as f:
        lines = f.readlines()

    # Parse charge and multiplicity from second line: "name charge=X mult=Y"
    second_line = lines[1]
    charge = int(second_line.split("charge=")[1].split()[0])
    mult   = int(second_line.split("mult=")[1].split()[0])
    spin   = mult - 1   # PySCF spin input is 2S = mult - 1
    mol_name = second_line.split()[0]

    # Coordinates only (skip the atom count and comment lines)
    atoms = "".join(lines[2:])

    print(f"\n{'='*60}")
    print(f"Running: {mol_name}  charge={charge}  spin={spin}")
    print(f"{'='*60}")

    mol = gto.M(
        atom=atoms,
        basis="ccpvdz",
        verbose=4,
        output=os.path.join(out_dir, f"{mol_name}.out"),
        unit="angstrom",
        symmetry=symmetry,
        charge=charge,
        spin=spin,
        max_memory=40000,
    )

    mf = scf.RHF(mol)
    mf.max_cycle = 200
    mf = mf.newton()
    mf.kernel()

    # Stability check loop — at most 10 attempts
    max_stability_cycles = 10
    stable = False
    for stability_iter in range(max_stability_cycles):
        mo_i, _, stable, _ = mf.stability(return_status=True)
        if stable:
            break
        dm = mf.make_rdm1(mo_i, mf.mo_occ)
        mf.kernel(dm0=dm)

    if not stable or not mf.converged:
        print(f"  !! SCF did not converge for {mol_name} — skipping.")
        with open(results_file, "a") as out:
            out.write(f"{mol_name:<16s} {charge:>6d} {spin:>6d} {'N/A':>6s} "
                      f"{'UNCONVERGED':>20s} {'UNCONVERGED':>20s} {'UNCONVERGED':>20s}\n")
        continue

    energy = mf.e_tot

    mycc = cc.CCSD(mf)
    mycc.set_frozen()
    mycc.kernel()
    e_ccsd = mycc.e_tot
    et = mycc.ccsd_t()
    e_ccsdt = e_ccsd + et
    frozen = mycc.frozen

    with open(results_file, "a") as out:
        out.write(f"{mol_name:<16s} {charge:>6d} {spin:>6d} {frozen:>6d} "
                  f"{energy:>20.10f} {e_ccsd:>20.10f} {e_ccsdt:>20.10f}\n")

    print(f"  => E_RHF({mol_name})     = {energy:.10f} Eh")
    print(f"  => E_CCSD({mol_name})    = {e_ccsd:.10f} Eh")
    print(f"  => E_CCSD(T)({mol_name}) = {e_ccsdt:.10f} Eh")

print(f"\nAll calculations complete. Results saved to {results_file}")
#INFO: ******************** input file end ********************


System: uname_result(system='Linux', node='bnode0303.rc.int.colorado.edu', release='4.18.0-477.27.1.el8_8.x86_64', version='#1 SMP Thu Aug 31 10:29:22 EDT 2023', machine='x86_64')  Threads 28
Python 3.10.2 | packaged by conda-forge | (main, Mar  8 2022, 15:52:01) [GCC 9.4.0]
numpy 2.0.2  scipy 1.14.1  h5py 3.12.1
Date: Tue May 12 10:49:57 2026
PySCF version 2.9.0
PySCF path  /projects/yizh8382/tools/lno_pyscf_gcc
GIT HEAD (branch master) 142756584ed3963728cc1f6823286f4605811a6c

[ENV] PYSCF_TMPDIR /scratch/alpine/yizh8382/pyscf
[ENV] PYSCF_EXT_PATH /home/yizh8382/tools/pyscf-forge
[CONFIG] conf_file None
[INPUT] verbose = 4
[INPUT] num. atoms = 10
[INPUT] num. electrons = 38
[INPUT] charge = 0
[INPUT] spin (= nelec alpha-beta = 2S) = 0
[INPUT] symmetry False subgroup None
[INPUT] Mole.unit = angstrom
[INPUT] Symbol           X                Y                Z      unit          X                Y                Z       unit  Magmom
[INPUT]  1 C      0.273253923800  -1.466836939200   0.000000000000 AA    0.516375078445  -2.771920084483   0.000000000000 Bohr   0.0
[INPUT]  2 C     -0.002335833900   0.472657608200   0.000000000000 AA   -0.004414086343   0.893193430190   0.000000000000 Bohr   0.0
[INPUT]  3 H      0.436726361900  -2.066519342600   0.893876584200 AA    0.825293215369  -3.905155588630   1.689181933300 Bohr   0.0
[INPUT]  4 H      0.436726361900  -2.066519342600  -0.893876584200 AA    0.825293215369  -3.905155588630  -1.689181933300 Bohr   0.0
[INPUT]  5 N      1.091374236500  -0.202478988700   0.000000000000 AA    2.062398406391  -0.382629834622   0.000000000000 Bohr   0.0
[INPUT]  6 H     -1.648244676000  -0.678094935300   0.893308920100 AA   -3.114731023912  -1.281413714172   1.688109203620 Bohr   0.0
[INPUT]  7 C     -1.029388164200  -0.614255667900   0.000000000000 AA   -1.945261706207  -1.160774982793   0.000000000000 Bohr   0.0
[INPUT]  8 H     -1.648244676000  -0.678094935300  -0.893308920100 AA   -3.114731023912  -1.281413714172  -1.688109203620 Bohr   0.0
[INPUT]  9 O     -0.174003864700   1.798345434100   0.000000000000 AA   -0.328819648899   3.398380347811   0.000000000000 Bohr   0.0
[INPUT] 10 H      0.705748330400   2.196251109400   0.000000000000 AA    1.333671057325   4.150313097538   0.000000000000 Bohr   0.0

nuclear repulsion = 170.885230883044
number of shells = 40
number of NR pGTOs = 165
number of NR cGTOs = 95
basis = ccpvdz
ecp = {}
CPU time:      1244.10




******** <class 'pyscf.soscf.newton_ah.SecondOrderRHF'> ********
method = SecondOrderRHF
initial guess = minao
damping factor = 0
level_shift factor = 0
DIIS = <class 'pyscf.scf.diis.CDIIS'>
diis_start_cycle = 1
diis_space = 8
diis_damp = 0
SCF conv_tol = 1e-09
SCF conv_tol_grad = None
SCF max_cycles = 200
direct_scf = True
direct_scf_tol = 1e-13
chkfile to save SCF result = /scratch/alpine/yizh8382/pyscf/tmphuz316xw
max_memory 40000 MB (current use 1139 MB)
******** <class 'pyscf.scf.hf.RHF'> Newton solver flags ********
SCF tol = 1e-09
conv_tol_grad = None
max. SCF cycles = 200
direct_scf = True
direct_scf_tol = 1e-13
chkfile to save SCF result = /scratch/alpine/yizh8382/pyscf/tmphuz316xw
max_cycle_inner = 12
max_stepsize = 0.05
ah_start_tol = 1e+09
ah_level_shift = 0
ah_conv_tol = 1e-12
ah_lindep = 1e-14
ah_start_cycle = 1
ah_max_cycle = 40
ah_grad_trust_region = 2.5
kf_interval = 4
kf_trust_region = 5
canonicalization = True
max_memory 40000 MB (current use 1139 MB)
Set conv_tol_grad to 3.16228e-05
Initial guess from minao.
  HOMO = -0.273792473983058  LUMO = 0.0885904456267023
Initial guess E= -245.701950025862  |g|= 0.613282
macro= 0  E= -245.800945910674  delta_E= -0.0989959  |g|= 0.000551997  4 KF 16 JK
macro= 1  E= -245.800945924428  delta_E= -1.3754e-08  |g|= 2.5073e-05  2 KF 6 JK
macro= 2  E= -245.800945924427  delta_E= 4.54747e-13  |g|= 8.00245e-06  1 KF 2 JK
Canonicalize SCF orbitals
macro X = 3  E=-245.800945924427  |g|= 8.00245e-06  total 8 KF 28 JK
converged SCF energy = -245.800945924427
rhf_internal: lowest eigs of H = [1.08803287 1.1715344  1.36407138]
<class 'pyscf.soscf.newton_ah.SecondOrderRHF'> wavefunction is stable in the internal stability analysis

******** <class 'pyscf.cc.ccsd.CCSD'> ********
CC2 = 0
CCSD nocc = 14, nmo = 90
frozen orbitals 5
max_cycle = 50
direct = 0
conv_tol = 1e-07
conv_tol_normt = 1e-05
diis_space = 6
diis_start_cycle = 0
diis_start_energy_diff = 1e+09
max_memory 40000 MB (current use 899 MB)
Init t2, MP2 energy = -246.551065685268  E_corr(MP2) -0.750119760840787
Init E_corr(CCSD) = -0.750119760859827
cycle = 1  E_corr(CCSD) = -0.760456239471289  dE = -0.0103364786  norm(t1,t2) = 0.0671883
cycle = 2  E_corr(CCSD) = -0.780578716650082  dE = -0.0201224772  norm(t1,t2) = 0.0224456
cycle = 3  E_corr(CCSD) = -0.782078503580186  dE = -0.00149978693  norm(t1,t2) = 0.0107852
cycle = 4  E_corr(CCSD) = -0.785121802287242  dE = -0.00304329871  norm(t1,t2) = 0.00462495
cycle = 5  E_corr(CCSD) = -0.785177934169954  dE = -5.61318827e-05  norm(t1,t2) = 0.00110025
cycle = 6  E_corr(CCSD) = -0.785032701021557  dE = 0.000145233148  norm(t1,t2) = 0.000396925
cycle = 7  E_corr(CCSD) = -0.785014039282913  dE = 1.86617386e-05  norm(t1,t2) = 9.64754e-05
cycle = 8  E_corr(CCSD) = -0.785022784408149  dE = -8.74512524e-06  norm(t1,t2) = 3.97935e-05
cycle = 9  E_corr(CCSD) = -0.785020638858102  dE = 2.14555005e-06  norm(t1,t2) = 1.3134e-05
cycle = 10  E_corr(CCSD) = -0.785021068607702  dE = -4.297496e-07  norm(t1,t2) = 4.37141e-06
cycle = 11  E_corr(CCSD) = -0.785020976185464  dE = 9.24222379e-08  norm(t1,t2) = 1.62732e-06
CCSD converged
E(CCSD) = -246.5859669006126  E_corr = -0.7850209761854643
CCSD(T) correction = -0.0270158067841689
