#INFO: **** input file is /projects/yizh8382/projects/w4_17/w4-17_all/pyscf_input/run_pyscf.py ****
import os
import glob
import numpy as np
from pyscf import gto, scf, cc

xyz_dir = "../w4_17_xyz/closed_shell"
results_file = "../result/closed_shell_rhf.dat"
out_dir = "../result/molout/closed_shell"
os.makedirs(out_dir, exist_ok=True)

# Set to a list of molecule names to run only those, e.g. ["acetaldehyde", "benzene"]
# Set to None to run all molecules in xyz_dir
select_molecules = None
# select_molecules = ["bn3pi","b2", "cf"]
symmetry = False

all_xyz = sorted(glob.glob(os.path.join(xyz_dir, "*.xyz")))
if select_molecules is not None:
    select_set = set(select_molecules)
    xyz_files = [p for p in all_xyz if os.path.splitext(os.path.basename(p))[0] in select_set]
    missing = select_set - {os.path.splitext(os.path.basename(p))[0] for p in xyz_files}
    if missing:
        print(f"Warning: no .xyz file found for: {', '.join(sorted(missing))} in {xyz_dir}")
else:
    xyz_files = all_xyz

with open(results_file, "w") as out:
    out.write(f"{'Molecule':<16s} {'Charge':>6s} {'2S':>6s} {'frozen':>6s} "
              f"{'E_RHF (Eh)':>20s} {'E_CCSD (Eh)':>20s} {'E_CCSD(T) (Eh)':>20s}\n")
    out.write("-" * 100 + "\n")

for xyz_path in xyz_files:
    with open(xyz_path, "r") as f:
        lines = f.readlines()

    # Parse charge and multiplicity from second line: "name charge=X mult=Y"
    second_line = lines[1]
    charge = int(second_line.split("charge=")[1].split()[0])
    mult   = int(second_line.split("mult=")[1].split()[0])
    spin   = mult - 1   # PySCF spin input is 2S = mult - 1
    mol_name = second_line.split()[0]

    # Coordinates only (skip the atom count and comment lines)
    atoms = "".join(lines[2:])

    print(f"\n{'='*60}")
    print(f"Running: {mol_name}  charge={charge}  spin={spin}")
    print(f"{'='*60}")

    mol = gto.M(
        atom=atoms,
        basis="ccpvdz",
        verbose=4,
        output=os.path.join(out_dir, f"{mol_name}.out"),
        unit="angstrom",
        symmetry=symmetry,
        charge=charge,
        spin=spin,
        max_memory=40000,
    )

    mf = scf.RHF(mol)
    mf.max_cycle = 200
    mf = mf.newton()
    mf.kernel()

    # Stability check loop — at most 10 attempts
    max_stability_cycles = 10
    stable = False
    for stability_iter in range(max_stability_cycles):
        mo_i, _, stable, _ = mf.stability(return_status=True)
        if stable:
            break
        dm = mf.make_rdm1(mo_i, mf.mo_occ)
        mf.kernel(dm0=dm)

    if not stable or not mf.converged:
        print(f"  !! SCF did not converge for {mol_name} — skipping.")
        with open(results_file, "a") as out:
            out.write(f"{mol_name:<16s} {charge:>6d} {spin:>6d} {'N/A':>6s} "
                      f"{'UNCONVERGED':>20s} {'UNCONVERGED':>20s} {'UNCONVERGED':>20s}\n")
        continue

    energy = mf.e_tot

    mycc = cc.CCSD(mf)
    mycc.set_frozen()
    mycc.kernel()
    e_ccsd = mycc.e_tot
    et = mycc.ccsd_t()
    e_ccsdt = e_ccsd + et
    frozen = mycc.frozen

    with open(results_file, "a") as out:
        out.write(f"{mol_name:<16s} {charge:>6d} {spin:>6d} {frozen:>6d} "
                  f"{energy:>20.10f} {e_ccsd:>20.10f} {e_ccsdt:>20.10f}\n")

    print(f"  => E_RHF({mol_name})     = {energy:.10f} Eh")
    print(f"  => E_CCSD({mol_name})    = {e_ccsd:.10f} Eh")
    print(f"  => E_CCSD(T)({mol_name}) = {e_ccsdt:.10f} Eh")

print(f"\nAll calculations complete. Results saved to {results_file}")
#INFO: ******************** input file end ********************


System: uname_result(system='Linux', node='bnode0303.rc.int.colorado.edu', release='4.18.0-477.27.1.el8_8.x86_64', version='#1 SMP Thu Aug 31 10:29:22 EDT 2023', machine='x86_64')  Threads 28
Python 3.10.2 | packaged by conda-forge | (main, Mar  8 2022, 15:52:01) [GCC 9.4.0]
numpy 2.0.2  scipy 1.14.1  h5py 3.12.1
Date: Tue May 12 10:50:17 2026
PySCF version 2.9.0
PySCF path  /projects/yizh8382/tools/lno_pyscf_gcc
GIT HEAD (branch master) 142756584ed3963728cc1f6823286f4605811a6c

[ENV] PYSCF_TMPDIR /scratch/alpine/yizh8382/pyscf
[ENV] PYSCF_EXT_PATH /home/yizh8382/tools/pyscf-forge
[CONFIG] conf_file None
[INPUT] verbose = 4
[INPUT] num. atoms = 2
[INPUT] num. electrons = 12
[INPUT] charge = 0
[INPUT] spin (= nelec alpha-beta = 2S) = 0
[INPUT] symmetry False subgroup None
[INPUT] Mole.unit = angstrom
[INPUT] Symbol           X                Y                Z      unit          X                Y                Z       unit  Magmom
[INPUT]  1 B      0.000000000000   0.000000000000  -0.748417000000 AA    0.000000000000   0.000000000000  -1.414303156969 Bohr   0.0
[INPUT]  2 N      0.000000000000   0.000000000000   0.534583000000 AA    0.000000000000   0.000000000000   1.010215460848 Bohr   0.0

nuclear repulsion = 14.4358553251754
number of shells = 10
number of NR pGTOs = 52
number of NR cGTOs = 28
basis = ccpvdz
ecp = {}
CPU time:      1793.29




******** <class 'pyscf.soscf.newton_ah.SecondOrderRHF'> ********
method = SecondOrderRHF
initial guess = minao
damping factor = 0
level_shift factor = 0
DIIS = <class 'pyscf.scf.diis.CDIIS'>
diis_start_cycle = 1
diis_space = 8
diis_damp = 0
SCF conv_tol = 1e-09
SCF conv_tol_grad = None
SCF max_cycles = 200
direct_scf = True
direct_scf_tol = 1e-13
chkfile to save SCF result = /scratch/alpine/yizh8382/pyscf/tmpya3p_nqf
max_memory 40000 MB (current use 843 MB)
******** <class 'pyscf.scf.hf.RHF'> Newton solver flags ********
SCF tol = 1e-09
conv_tol_grad = None
max. SCF cycles = 200
direct_scf = True
direct_scf_tol = 1e-13
chkfile to save SCF result = /scratch/alpine/yizh8382/pyscf/tmpya3p_nqf
max_cycle_inner = 12
max_stepsize = 0.05
ah_start_tol = 1e+09
ah_level_shift = 0
ah_conv_tol = 1e-12
ah_lindep = 1e-14
ah_start_cycle = 1
ah_max_cycle = 40
ah_grad_trust_region = 2.5
kf_interval = 4
kf_trust_region = 5
canonicalization = True
max_memory 40000 MB (current use 843 MB)
Set conv_tol_grad to 3.16228e-05
Initial guess from minao.
  HOMO = -0.307804597405058  LUMO = -0.183319677402269
Initial guess E= -78.7960723739148  |g|= 0.502036
macro= 0  E= -78.8836379663979  delta_E= -0.0875656  |g|= 0.502036  2 KF 5 JK
macro= 1  E= -78.8881219396078  delta_E= -0.00448397  |g|= 0.0148861  3 KF 10 JK
macro= 2  E= -78.8881230489518  delta_E= -1.10934e-06  |g|= 6.05789e-05  2 KF 8 JK
macro= 3  E= -78.8881230489518  delta_E= 0  |g|= 6.96007e-06  1 KF 2 JK
Canonicalize SCF orbitals
macro X = 4  E=-78.8881230489518  |g|= 6.96007e-06  total 9 KF 30 JK
converged SCF energy = -78.8881230489518
rhf_internal: lowest eigs of H = [-0.0383586 -0.0383577  0.3149966]
<class 'pyscf.soscf.newton_ah.SecondOrderRHF'> wavefunction has an internal instability




******** <class 'pyscf.soscf.newton_ah.SecondOrderRHF'> ********
method = SecondOrderRHF
initial guess = minao
damping factor = 0
level_shift factor = 0
DIIS = <class 'pyscf.scf.diis.CDIIS'>
diis_start_cycle = 1
diis_space = 8
diis_damp = 0
SCF conv_tol = 1e-09
SCF conv_tol_grad = None
SCF max_cycles = 200
direct_scf = True
direct_scf_tol = 1e-13
chkfile to save SCF result = /scratch/alpine/yizh8382/pyscf/tmpya3p_nqf
max_memory 40000 MB (current use 843 MB)
******** <class 'pyscf.scf.hf.RHF'> Newton solver flags ********
SCF tol = 1e-09
conv_tol_grad = None
max. SCF cycles = 200
direct_scf = True
direct_scf_tol = 1e-13
chkfile to save SCF result = /scratch/alpine/yizh8382/pyscf/tmpya3p_nqf
max_cycle_inner = 12
max_stepsize = 0.05
ah_start_tol = 1e+09
ah_level_shift = 0
ah_conv_tol = 1e-12
ah_lindep = 1e-14
ah_start_cycle = 1
ah_max_cycle = 40
ah_grad_trust_region = 2.5
kf_interval = 4
kf_trust_region = 5
canonicalization = True
max_memory 40000 MB (current use 843 MB)
Set conv_tol_grad to 3.16228e-05
  HOMO = -0.376147354604527  LUMO = -0.123723871738707
Initial guess E= -78.8371791529925  |g|= 0.445813
macro= 0  E= -78.8747234959409  delta_E= -0.0375443  |g|= 0.0498695  3 KF 12 JK
macro= 1  E= -78.890657801043  delta_E= -0.0159343  |g|= 0.00635465  4 KF 13 JK
macro= 2  E= -78.8906828173692  delta_E= -2.50163e-05  |g|= 6.29688e-05  3 KF 14 JK
macro= 3  E= -78.8906828173692  delta_E= -1.42109e-14  |g|= 2.9363e-06  1 KF 2 JK
Canonicalize SCF orbitals
macro X = 4  E=-78.8906828173692  |g|= 2.9363e-06  total 12 KF 46 JK
converged SCF energy = -78.8906828173692
rhf_internal: lowest eigs of H = [2.68969606e-07 6.08316746e-02 4.08408196e-01]
<class 'pyscf.soscf.newton_ah.SecondOrderRHF'> wavefunction is stable in the internal stability analysis

******** <class 'pyscf.cc.ccsd.CCSD'> ********
CC2 = 0
CCSD nocc = 4, nmo = 26
frozen orbitals 2
max_cycle = 50
direct = 0
conv_tol = 1e-07
conv_tol_normt = 1e-05
diis_space = 6
diis_start_cycle = 0
diis_start_energy_diff = 1e+09
max_memory 40000 MB (current use 843 MB)
Init t2, MP2 energy = -79.1514382302385  E_corr(MP2) -0.260755412869305
Init E_corr(CCSD) = -0.260755412871053
cycle = 1  E_corr(CCSD) = -0.245611486188213  dE = 0.0151439267  norm(t1,t2) = 0.116961
cycle = 2  E_corr(CCSD) = -0.270321875685075  dE = -0.0247103895  norm(t1,t2) = 0.065322
cycle = 3  E_corr(CCSD) = -0.269119849929776  dE = 0.00120202576  norm(t1,t2) = 0.0480288
cycle = 4  E_corr(CCSD) = -0.280770589458278  dE = -0.0116507395  norm(t1,t2) = 0.0365056
cycle = 5  E_corr(CCSD) = -0.283140045282862  dE = -0.00236945582  norm(t1,t2) = 0.023019
cycle = 6  E_corr(CCSD) = -0.28362161454515  dE = -0.000481569262  norm(t1,t2) = 0.0209616
cycle = 7  E_corr(CCSD) = -0.286019500093668  dE = -0.00239788555  norm(t1,t2) = 0.018119
cycle = 8  E_corr(CCSD) = -0.286870521544287  dE = -0.000851021451  norm(t1,t2) = 0.0151708
cycle = 9  E_corr(CCSD) = -0.289872351463628  dE = -0.00300182992  norm(t1,t2) = 0.0115055
cycle = 10  E_corr(CCSD) = -0.289335669029405  dE = 0.000536682434  norm(t1,t2) = 0.0176264
cycle = 11  E_corr(CCSD) = -0.290158047355066  dE = -0.000822378326  norm(t1,t2) = 0.0185506
cycle = 12  E_corr(CCSD) = -0.290072055046822  dE = 8.59923082e-05  norm(t1,t2) = 0.00358055
cycle = 13  E_corr(CCSD) = -0.290062082900587  dE = 9.97214624e-06  norm(t1,t2) = 0.00176053
cycle = 14  E_corr(CCSD) = -0.289968382639167  dE = 9.37002614e-05  norm(t1,t2) = 0.00149084
cycle = 15  E_corr(CCSD) = -0.289966921607734  dE = 1.46103143e-06  norm(t1,t2) = 0.000668713
cycle = 16  E_corr(CCSD) = -0.28997490323529  dE = -7.98162756e-06  norm(t1,t2) = 0.000291898
cycle = 17  E_corr(CCSD) = -0.289977240976063  dE = -2.33774077e-06  norm(t1,t2) = 0.000135085
cycle = 18  E_corr(CCSD) = -0.289977026507251  dE = 2.14468812e-07  norm(t1,t2) = 6.53892e-05
cycle = 19  E_corr(CCSD) = -0.289977088669343  dE = -6.21620918e-08  norm(t1,t2) = 2.45389e-05
cycle = 20  E_corr(CCSD) = -0.289975918203662  dE = 1.17046568e-06  norm(t1,t2) = 1.36374e-05
cycle = 21  E_corr(CCSD) = -0.289976382543052  dE = -4.64339389e-07  norm(t1,t2) = 1.00978e-05
cycle = 22  E_corr(CCSD) = -0.289976010273453  dE = 3.72269598e-07  norm(t1,t2) = 7.71415e-06
cycle = 23  E_corr(CCSD) = -0.289975583019699  dE = 4.27253754e-07  norm(t1,t2) = 6.56996e-06
cycle = 24  E_corr(CCSD) = -0.289974901057168  dE = 6.81962531e-07  norm(t1,t2) = 5.05135e-06
cycle = 25  E_corr(CCSD) = -0.28997406055034  dE = 8.40506828e-07  norm(t1,t2) = 3.25955e-06
cycle = 26  E_corr(CCSD) = -0.289973959550535  dE = 1.00999804e-07  norm(t1,t2) = 1.41956e-06
cycle = 27  E_corr(CCSD) = -0.289973901539776  dE = 5.80107587e-08  norm(t1,t2) = 7.26743e-07
CCSD converged
E(CCSD) = -79.18065671890896  E_corr = -0.2899739015397764
CCSD(T) correction = -0.0346662128714522
