#INFO: **** input file is /work/hdd/bdka/yzhang65/w4_17/w4-17_all/afqmc_input/batch2/run_afqmc.py ****
import os
import sys
import re
#sys.path.insert(0, os.path.join(os.path.dirname(os.path.abspath(__file__)), '..', 'script'))
sys.path.insert(0, '/u/yzhang65/mywork/yzhang65/w4_17/w4-17_all/script')

os.environ.setdefault("XLA_PYTHON_CLIENT_ALLOCATOR", "platform")
import jax
jax.config.update("jax_enable_x64", True)

from pyscf import gto, scf, cc
from afqmc import integral, launch_afqmc
from mol_select import get_xyz_files
import truncate_basis

# ---------------------------------------------------------------------------
# Configuration
# ---------------------------------------------------------------------------
shell            = "closed"  # "closed" or "open"
symmetry         = False
select_molecules = None  # e.g. ["acetaldehyde", "benzene"], or None for all
index            = "21-40"          # e.g. "1-10", "5", "1,3,5-8", or None for all
basis            = "vtzfp"

xyz_dir      = f"../../w4_17_xyz/{shell}_shell"
results_file = f"./{shell}_afqmc_{basis}.dat"
out_dir      = f"../../result/molout/{shell}_shell"
os.makedirs(out_dir, exist_ok=True)

xyz_files = get_xyz_files(xyz_dir, select_molecules=select_molecules, index=index)

# ---------------------------------------------------------------------------
# Write results header
# ---------------------------------------------------------------------------
with open(results_file, "w") as out:
    out.write(f"{'Molecule':<16s} {'E_HF (Eh)':>20s} {'E_CCSD (Eh)':>20s} "
              f"{'E_AFQMC (Eh)':>15s} {'E_AFQMC ERR (Eh)':>15s}\n")

# ---------------------------------------------------------------------------
# Helper
# ---------------------------------------------------------------------------
_afqmc_energy_re = re.compile(
    r"Final AFQMC/pt2CCSD energy:\s*([-+]?\d*\.?\d+(?:[eE][-+]?\d+)?)"
    r"\s*(?:±|\+/-)\s*([-+]?\d*\.?\d+(?:[eE][-+]?\d+)?)"
)

def extract_afqmc_energy(filename):
    try:
        with open(filename, encoding="utf-8") as f:
            for line in f:
                m = _afqmc_energy_re.search(line)
                if m:
                    return float(m.group(1)), float(m.group(2))
    except (OSError, IOError):
        pass
    return 0, 0

# ---------------------------------------------------------------------------
# Main loop
# ---------------------------------------------------------------------------
for xyz_path in xyz_files:
    with open(xyz_path) as f:
        lines = f.readlines()

    second_line = lines[1]
    charge   = int(second_line.split("charge=")[1].split()[0])
    spin     = int(second_line.split("mult=")[1].split()[0]) - 1
    mol_name = second_line.split()[0]
    atoms    = "".join(lines[2:])

    print(f"\n{'='*60}\nRunning: {mol_name}  charge={charge}  spin={spin}\n{'='*60}")

    mol = gto.M(
        atom=atoms,
        basis=truncate_basis.get_basis(atoms, basis),
        verbose=4,
        output=os.path.join(out_dir, f"{mol_name}_{basis}.out"),
        unit="angstrom",
        symmetry=symmetry,
        charge=charge,
        spin=spin,
        max_memory=40000,
    )

    mf = scf.UHF(mol)
    mf.max_cycle = 200
    mf = mf.newton()
    mf.kernel()

    if mol_name == "h":
        with open(results_file, "a") as out:
            out.write(f"{mol_name:<16s} {mf.e_tot:>20.10f} {mf.e_tot:>20.10f} "
                      f"{mf.e_tot:>15.5f} {0.0:>15.5f}\n")
        continue

    stable = False
    for _ in range(10):
        mo_i, _, stable, _ = mf.stability(return_status=True)
        if stable:
            break
        dm = mf.make_rdm1(mo_i, mf.mo_occ)
        mf.kernel(dm0=dm)

    if not stable or not mf.converged:
        print(f"  !! SCF did not converge for {mol_name} — skipping.")
        with open(results_file, "a") as out:
            out.write(f"{mol_name:<16s} {'UNCONVERGED':>20s} {'UNCONVERGED':>20s} {'UNCONVERGED':>20s}\n")
        continue

    mycc = cc.CCSD(mf)
    mycc.set_frozen()
    mycc.kernel()

    integral.prep_integral(mycc, chol_cut=1e-5)
    options = {
        'eql_time':      50,
        'n_blocks':      1000,
        'n_walkers':     300,
        'max_error':     0.0,
        'seed':          17,
        'walker_type':   'uhf',
        'trial':         'upt2ccsd',
        'mix_precision': True,
        'max_memory':    20000, #MB
    }
    launch_afqmc.ph_afqmc(options)

    afqmc_out = os.path.join(out_dir, f"{mol_name}_afqmc_{basis}.out")
    os.system(f"mv afqmc.out {afqmc_out}")
    eqmc, eqmc_err = extract_afqmc_energy(afqmc_out)

    with open(results_file, "a") as out:
        out.write(f"{mol_name:<16s} {mf.e_tot:>20.10f} {mycc.e_tot:>20.10f} "
                  f"{eqmc:>15.5f} {eqmc_err:>15.5f}\n")

    print(f"  => E_HF({mol_name})      = {mf.e_tot:.10f} Eh")
    print(f"  => E_CCSD({mol_name})    = {mycc.e_tot:.10f} Eh")
    print(f"  => E_AFQMC({mol_name})   = {eqmc:.5f} +/- {eqmc_err:.5f} Eh")

print(f"\nAll calculations complete. Results saved to {results_file}")
#INFO: ******************** input file end ********************


System: uname_result(system='Linux', node='gpua002.delta.ncsa.illinois.edu', release='5.14.0-427.91.1.el9_4.x86_64', version='#1 SMP PREEMPT_DYNAMIC Wed Sep 17 10:08:59 EDT 2025', machine='x86_64')  Threads 16
Python 3.11.14 (main, Oct 21 2025, 18:31:21) [GCC 11.2.0]
numpy 2.3.5  scipy 1.16.3  h5py 3.15.1
Date: Sat May 23 21:59:47 2026
PySCF version 2.11.0
PySCF path  /u/yzhang65/myprojects/software/pyscf
GIT HEAD (branch master) f520f5381c0b41f716d847009817cbc64e52c0d5

[ENV] PYSCF_TMPDIR /projects/bdka/yzhang65/scratch/pyscf
[ENV] PYSCF_EXT_PATH /u/yzhang65/myprojects/software/pyscf-forge
[CONFIG] conf_file None
[INPUT] verbose = 4
[INPUT] num. atoms = 4
[INPUT] num. electrons = 24
[INPUT] charge = 0
[INPUT] spin (= nelec alpha-beta = 2S) = 0
[INPUT] symmetry False subgroup None
[INPUT] Mole.unit = angstrom
[INPUT] Symbol           X                Y                Z      unit          X                Y                Z       unit  Magmom
[INPUT]  1 O      1.083192000000   0.071129000000   0.000000000000 AA    2.046936220320   0.134414329514   0.000000000000 Bohr   0.0
[INPUT]  2 N      0.000000000000   0.549439000000   0.000000000000 AA    0.000000000000   1.038289232155   0.000000000000 Bohr   0.0
[INPUT]  3 O     -1.014443000000  -0.395320000000   0.000000000000 AA   -1.917019438982  -0.747046531563   0.000000000000 Bohr   0.0
[INPUT]  4 H     -0.549996000000  -1.252549000000   0.000000000000 AA   -1.039341809606  -2.366974567598   0.000000000000 Bohr   0.0

nuclear repulsion = 70.4863076130733
number of shells = 32
number of NR pGTOs = 137
number of NR cGTOs = 99
basis = {'H': [[0, [33.87, 0.006068], [5.095, 0.045308], [1.159, 0.202822]], [0, [0.3258, 1.0]], [0, [0.1027, 1.0]], [1, [1.407, 1.0]], [1, [0.388, 1.0]]], 'O': [[0, [15330.0, 0.000508, -0.000115], [2299.0, 0.003929, -0.000895], [522.4, 0.020243, -0.004636], [147.3, 0.079181, -0.018724], [47.55, 0.230687, -0.058463], [16.76, 0.433118, -0.136463], [6.207, 0.35026, -0.17574], [0.6882, -0.008154, 0.603418]], [0, [1.752, 1.0]], [0, [0.2384, 1.0]], [1, [34.46, 0.015928], [7.749, 0.09974], [2.28, 0.310492]], [1, [0.7156, 1.0]], [1, [0.214, 1.0]], [2, [2.314, 1.0]], [2, [0.645, 1.0]], [3, [1.428, 1.0]]], 'N': [[0, [11420.0, 0.000523, -0.000115], [1712.0, 0.004045, -0.000895], [389.3, 0.020775, -0.004624], [110.0, 0.080727, -0.018528], [35.57, 0.233074, -0.057339], [12.54, 0.433501, -0.132076], [4.644, 0.347472, -0.17251], [0.5118, -0.008508, 0.599944]], [0, [1.293, 1.0]], [0, [0.1787, 1.0]], [1, [26.63, 0.01467], [5.948, 0.091764], [1.742, 0.298683]], [1, [0.555, 1.0]], [1, [0.1725, 1.0]], [2, [1.654, 1.0]], [2, [0.469, 1.0]], [3, [1.093, 1.0]]]}
ecp = {}
CPU time:         4.37




******** <class 'pyscf.soscf.newton_ah.SecondOrderUHF'> ********
method = SecondOrderUHF
initial guess = minao
damping factor = 0
level_shift factor = 0
DIIS = <class 'pyscf.scf.diis.CDIIS'>
diis_start_cycle = 1
diis_space = 8
diis_damp = 0
SCF conv_tol = 1e-09
SCF conv_tol_grad = None
SCF max_cycles = 200
direct_scf = True
direct_scf_tol = 1e-13
chkfile to save SCF result = /projects/bdka/yzhang65/scratch/pyscf/tmph5lbl91o
max_memory 40000 MB (current use 149 MB)
number electrons alpha = 12  beta = 12
******** <class 'pyscf.scf.uhf.UHF'> Newton solver flags ********
SCF tol = 1e-09
conv_tol_grad = None
max. SCF cycles = 200
direct_scf = True
direct_scf_tol = 1e-13
chkfile to save SCF result = /projects/bdka/yzhang65/scratch/pyscf/tmph5lbl91o
max_cycle_inner = 12
max_stepsize = 0.05
ah_start_tol = 1e+09
ah_level_shift = 0
ah_conv_tol = 1e-12
ah_lindep = 1e-14
ah_start_cycle = 1
ah_max_cycle = 40
ah_grad_trust_region = 2.5
kf_interval = 4
kf_trust_region = 5
canonicalization = True
max_memory 40000 MB (current use 149 MB)
Set conv_tol_grad to 3.16228e-05
  alpha nocc = 12  HOMO = -0.256984799765971  LUMO = -0.00275250862712895
  beta  nocc = 12  HOMO = -0.255215205271878  LUMO = -0.00485428470350341
Initial guess E= -204.55464198473  |g|= 0.657834
macro= 0  E= -204.722025639577  delta_E= -0.167384  |g|= 0.0720879  3 KF 9 JK
macro= 1  E= -204.722112602835  delta_E= -8.69633e-05  |g|= 4.97665e-05  3 KF 17 JK
macro= 2  E= -204.722112602842  delta_E= -6.87805e-12  |g|= 9.46033e-06  1 KF 2 JK
Canonicalize SCF orbitals
macro X = 3  E=-204.722112602842  |g|= 9.46033e-06  total 8 KF 32 JK
converged SCF energy = -204.722112602842  <S^2> = 8.9978293e-08  2S+1 = 1.0000002
uhf_internal: lowest eigs of H = [-0.01867261  0.05365269  0.29330196]
<class 'pyscf.soscf.newton_ah.SecondOrderUHF'> wavefunction has an internal instability




******** <class 'pyscf.soscf.newton_ah.SecondOrderUHF'> ********
method = SecondOrderUHF
initial guess = minao
damping factor = 0
level_shift factor = 0
DIIS = <class 'pyscf.scf.diis.CDIIS'>
diis_start_cycle = 1
diis_space = 8
diis_damp = 0
SCF conv_tol = 1e-09
SCF conv_tol_grad = None
SCF max_cycles = 200
direct_scf = True
direct_scf_tol = 1e-13
chkfile to save SCF result = /projects/bdka/yzhang65/scratch/pyscf/tmph5lbl91o
max_memory 40000 MB (current use 282 MB)
number electrons alpha = 12  beta = 12
******** <class 'pyscf.scf.uhf.UHF'> Newton solver flags ********
SCF tol = 1e-09
conv_tol_grad = None
max. SCF cycles = 200
direct_scf = True
direct_scf_tol = 1e-13
chkfile to save SCF result = /projects/bdka/yzhang65/scratch/pyscf/tmph5lbl91o
max_cycle_inner = 12
max_stepsize = 0.05
ah_start_tol = 1e+09
ah_level_shift = 0
ah_conv_tol = 1e-12
ah_lindep = 1e-14
ah_start_cycle = 1
ah_max_cycle = 40
ah_grad_trust_region = 2.5
kf_interval = 4
kf_trust_region = 5
canonicalization = True
max_memory 40000 MB (current use 282 MB)
Set conv_tol_grad to 3.16228e-05
  alpha nocc = 12  HOMO = -0.455557681293747  LUMO = 0.152675060311458
  beta  nocc = 12  HOMO = -0.456648561989678  LUMO = 0.128274502540706
Initial guess E= -204.683568937508  |g|= 0.152675
macro= 0  E= -204.719555073002  delta_E= -0.0359861  |g|= 0.0388504  3 KF 10 JK
macro= 1  E= -204.721882620028  delta_E= -0.00232755  |g|= 0.0178371  2 KF 7 JK
macro= 2  E= -204.722276644002  delta_E= -0.000394024  |g|= 0.00197847  3 KF 11 JK
macro= 3  E= -204.72229040861  delta_E= -1.37646e-05  |g|= 4.27389e-05  3 KF 14 JK
macro= 4  E= -204.722290410951  delta_E= -2.34132e-09  |g|= 1.75402e-05  1 KF 3 JK
macro= 5  E= -204.722290410951  delta_E= 0  |g|= 5.21224e-06  1 KF 2 JK
Canonicalize SCF orbitals
macro X = 6  E=-204.722290410951  |g|= 5.21224e-06  total 14 KF 54 JK
converged SCF energy = -204.722290410951  <S^2> = 0.074218671  2S+1 = 1.1388041
uhf_internal: lowest eigs of H = [0.03665015 0.06163522 0.27673251]
<class 'pyscf.soscf.newton_ah.SecondOrderUHF'> wavefunction is stable in the internal stability analysis

******** <class 'pyscf.cc.uccsd.UCCSD'> ********
CC2 = 0
CCSD nocc = (np.int64(9), np.int64(9)), nmo = (96, 96)
frozen orbitals 3
max_cycle = 50
direct = 0
conv_tol = 1e-07
conv_tol_normt = 1e-06
diis_space = 6
diis_start_cycle = 0
diis_start_energy_diff = 1e+09
max_memory 40000 MB (current use 282 MB)
Init t2, MP2 energy = -0.671100652245573
Init E_corr(UCCSD) = -0.671100652256841
cycle = 1  E_corr(UCCSD) = -0.646832170883563  dE = 0.0242684814  norm(t1,t2) = 0.124467
cycle = 2  E_corr(UCCSD) = -0.673328103563507  dE = -0.0264959327  norm(t1,t2) = 0.0462815
cycle = 3  E_corr(UCCSD) = -0.671470574417469  dE = 0.00185752915  norm(t1,t2) = 0.035664
cycle = 4  E_corr(UCCSD) = -0.676230278124794  dE = -0.00475970371  norm(t1,t2) = 0.0207972
cycle = 5  E_corr(UCCSD) = -0.677414215466588  dE = -0.00118393734  norm(t1,t2) = 0.00836484
cycle = 6  E_corr(UCCSD) = -0.676843317274253  dE = 0.000570898192  norm(t1,t2) = 0.00409304
cycle = 7  E_corr(UCCSD) = -0.676813047921181  dE = 3.02693531e-05  norm(t1,t2) = 0.00184209
cycle = 8  E_corr(UCCSD) = -0.67696292505214  dE = -0.000149877131  norm(t1,t2) = 0.000925166
cycle = 9  E_corr(UCCSD) = -0.676987057799052  dE = -2.41327469e-05  norm(t1,t2) = 0.000496577
cycle = 10  E_corr(UCCSD) = -0.676988346021988  dE = -1.28822294e-06  norm(t1,t2) = 0.000179492
cycle = 11  E_corr(UCCSD) = -0.676983128863748  dE = 5.21715824e-06  norm(t1,t2) = 7.81316e-05
cycle = 12  E_corr(UCCSD) = -0.676981254705644  dE = 1.8741581e-06  norm(t1,t2) = 4.15375e-05
cycle = 13  E_corr(UCCSD) = -0.67698206894052  dE = -8.14234876e-07  norm(t1,t2) = 1.48365e-05
cycle = 14  E_corr(UCCSD) = -0.676982412390095  dE = -3.43449575e-07  norm(t1,t2) = 1.0671e-05
cycle = 15  E_corr(UCCSD) = -0.676982258857556  dE = 1.53532539e-07  norm(t1,t2) = 4.02101e-06
cycle = 16  E_corr(UCCSD) = -0.676982563199827  dE = -3.04342271e-07  norm(t1,t2) = 2.26935e-06
cycle = 17  E_corr(UCCSD) = -0.676982616947811  dE = -5.37479835e-08  norm(t1,t2) = 1.22467e-06
cycle = 18  E_corr(UCCSD) = -0.676982678984813  dE = -6.20370028e-08  norm(t1,t2) = 4.42747e-07
UCCSD converged
E(UCCSD) = -205.3992730899363  E_corr = -0.6769826789848135
