#INFO: **** input file is /projects/yizh8382/projects/w4_17/w4-17_all/pyscf_input/run_pyscf.py ****
import os
import glob
import numpy as np
from pyscf import gto, scf, cc

xyz_dir = "../w4_17_xyz/closed_shell"
results_file = "../result/closed_shell_rhf.dat"
out_dir = "../result/molout/closed_shell"
os.makedirs(out_dir, exist_ok=True)

# Set to a list of molecule names to run only those, e.g. ["acetaldehyde", "benzene"]
# Set to None to run all molecules in xyz_dir
select_molecules = None
# select_molecules = ["bn3pi","b2", "cf"]
symmetry = False

all_xyz = sorted(glob.glob(os.path.join(xyz_dir, "*.xyz")))
if select_molecules is not None:
    select_set = set(select_molecules)
    xyz_files = [p for p in all_xyz if os.path.splitext(os.path.basename(p))[0] in select_set]
    missing = select_set - {os.path.splitext(os.path.basename(p))[0] for p in xyz_files}
    if missing:
        print(f"Warning: no .xyz file found for: {', '.join(sorted(missing))} in {xyz_dir}")
else:
    xyz_files = all_xyz

with open(results_file, "w") as out:
    out.write(f"{'Molecule':<16s} {'Charge':>6s} {'2S':>6s} {'frozen':>6s} "
              f"{'E_RHF (Eh)':>20s} {'E_CCSD (Eh)':>20s} {'E_CCSD(T) (Eh)':>20s}\n")
    out.write("-" * 100 + "\n")

for xyz_path in xyz_files:
    with open(xyz_path, "r") as f:
        lines = f.readlines()

    # Parse charge and multiplicity from second line: "name charge=X mult=Y"
    second_line = lines[1]
    charge = int(second_line.split("charge=")[1].split()[0])
    mult   = int(second_line.split("mult=")[1].split()[0])
    spin   = mult - 1   # PySCF spin input is 2S = mult - 1
    mol_name = second_line.split()[0]

    # Coordinates only (skip the atom count and comment lines)
    atoms = "".join(lines[2:])

    print(f"\n{'='*60}")
    print(f"Running: {mol_name}  charge={charge}  spin={spin}")
    print(f"{'='*60}")

    mol = gto.M(
        atom=atoms,
        basis="ccpvdz",
        verbose=4,
        output=os.path.join(out_dir, f"{mol_name}.out"),
        unit="angstrom",
        symmetry=symmetry,
        charge=charge,
        spin=spin,
        max_memory=40000,
    )

    mf = scf.RHF(mol)
    mf.max_cycle = 200
    mf = mf.newton()
    mf.kernel()

    # Stability check loop — at most 10 attempts
    max_stability_cycles = 10
    stable = False
    for stability_iter in range(max_stability_cycles):
        mo_i, _, stable, _ = mf.stability(return_status=True)
        if stable:
            break
        dm = mf.make_rdm1(mo_i, mf.mo_occ)
        mf.kernel(dm0=dm)

    if not stable or not mf.converged:
        print(f"  !! SCF did not converge for {mol_name} — skipping.")
        with open(results_file, "a") as out:
            out.write(f"{mol_name:<16s} {charge:>6d} {spin:>6d} {'N/A':>6s} "
                      f"{'UNCONVERGED':>20s} {'UNCONVERGED':>20s} {'UNCONVERGED':>20s}\n")
        continue

    energy = mf.e_tot

    mycc = cc.CCSD(mf)
    mycc.set_frozen()
    mycc.kernel()
    e_ccsd = mycc.e_tot
    et = mycc.ccsd_t()
    e_ccsdt = e_ccsd + et
    frozen = mycc.frozen

    with open(results_file, "a") as out:
        out.write(f"{mol_name:<16s} {charge:>6d} {spin:>6d} {frozen:>6d} "
                  f"{energy:>20.10f} {e_ccsd:>20.10f} {e_ccsdt:>20.10f}\n")

    print(f"  => E_RHF({mol_name})     = {energy:.10f} Eh")
    print(f"  => E_CCSD({mol_name})    = {e_ccsd:.10f} Eh")
    print(f"  => E_CCSD(T)({mol_name}) = {e_ccsdt:.10f} Eh")

print(f"\nAll calculations complete. Results saved to {results_file}")
#INFO: ******************** input file end ********************


System: uname_result(system='Linux', node='bnode0303.rc.int.colorado.edu', release='4.18.0-477.27.1.el8_8.x86_64', version='#1 SMP Thu Aug 31 10:29:22 EDT 2023', machine='x86_64')  Threads 28
Python 3.10.2 | packaged by conda-forge | (main, Mar  8 2022, 15:52:01) [GCC 9.4.0]
numpy 2.0.2  scipy 1.14.1  h5py 3.12.1
Date: Tue May 12 10:50:34 2026
PySCF version 2.9.0
PySCF path  /projects/yizh8382/tools/lno_pyscf_gcc
GIT HEAD (branch master) 142756584ed3963728cc1f6823286f4605811a6c

[ENV] PYSCF_TMPDIR /scratch/alpine/yizh8382/pyscf
[ENV] PYSCF_EXT_PATH /home/yizh8382/tools/pyscf-forge
[CONFIG] conf_file None
[INPUT] verbose = 4
[INPUT] num. atoms = 4
[INPUT] num. electrons = 16
[INPUT] charge = 0
[INPUT] spin (= nelec alpha-beta = 2S) = 0
[INPUT] symmetry False subgroup None
[INPUT] Mole.unit = angstrom
[INPUT] Symbol           X                Y                Z      unit          X                Y                Z       unit  Magmom
[INPUT]  1 H      0.000000000000   1.008140000000   0.840315000000 AA    0.000000000000   1.905108495219   1.587965208364 Bohr   0.0
[INPUT]  2 N      0.000000000000   0.624028000000  -0.120045000000 AA    0.000000000000   1.179242014060  -0.226852172623 Bohr   0.0
[INPUT]  3 N      0.000000000000  -0.624028000000  -0.120045000000 AA    0.000000000000  -1.179242014060  -0.226852172623 Bohr   0.0
[INPUT]  4 H      0.000000000000  -1.008140000000   0.840315000000 AA    0.000000000000  -1.905108495219   1.587965208364 Bohr   0.0

nuclear repulsion = 32.1131994546289
number of shells = 16
number of NR pGTOs = 66
number of NR cGTOs = 38
basis = ccpvdz
ecp = {}
CPU time:      2276.98




******** <class 'pyscf.soscf.newton_ah.SecondOrderRHF'> ********
method = SecondOrderRHF
initial guess = minao
damping factor = 0
level_shift factor = 0
DIIS = <class 'pyscf.scf.diis.CDIIS'>
diis_start_cycle = 1
diis_space = 8
diis_damp = 0
SCF conv_tol = 1e-09
SCF conv_tol_grad = None
SCF max_cycles = 200
direct_scf = True
direct_scf_tol = 1e-13
chkfile to save SCF result = /scratch/alpine/yizh8382/pyscf/tmphhhz18a_
max_memory 40000 MB (current use 826 MB)
******** <class 'pyscf.scf.hf.RHF'> Newton solver flags ********
SCF tol = 1e-09
conv_tol_grad = None
max. SCF cycles = 200
direct_scf = True
direct_scf_tol = 1e-13
chkfile to save SCF result = /scratch/alpine/yizh8382/pyscf/tmphhhz18a_
max_cycle_inner = 12
max_stepsize = 0.05
ah_start_tol = 1e+09
ah_level_shift = 0
ah_conv_tol = 1e-12
ah_lindep = 1e-14
ah_start_cycle = 1
ah_max_cycle = 40
ah_grad_trust_region = 2.5
kf_interval = 4
kf_trust_region = 5
canonicalization = True
max_memory 40000 MB (current use 826 MB)
Set conv_tol_grad to 3.16228e-05
Initial guess from minao.
  HOMO = -0.215077691541918  LUMO = -0.022990592756044
Initial guess E= -109.970090663071  |g|= 0.320818
macro= 0  E= -109.996709493457  delta_E= -0.0266188  |g|= 0.0121651  3 KF 9 JK
macro= 1  E= -109.996709679287  delta_E= -1.8583e-07  |g|= 1.9686e-05  2 KF 6 JK
macro= 2  E= -109.996709679287  delta_E= 1.7053e-13  |g|= 3.59394e-06  1 KF 2 JK
Canonicalize SCF orbitals
macro X = 3  E=-109.996709679287  |g|= 3.59394e-06  total 7 KF 21 JK
converged SCF energy = -109.996709679287
rhf_internal: lowest eigs of H = [0.64699737 1.09936322 1.22452035]
<class 'pyscf.soscf.newton_ah.SecondOrderRHF'> wavefunction is stable in the internal stability analysis

******** <class 'pyscf.cc.ccsd.CCSD'> ********
CC2 = 0
CCSD nocc = 6, nmo = 36
frozen orbitals 2
max_cycle = 50
direct = 0
conv_tol = 1e-07
conv_tol_normt = 1e-05
diis_space = 6
diis_start_cycle = 0
diis_start_energy_diff = 1e+09
max_memory 40000 MB (current use 826 MB)
Init t2, MP2 energy = -110.328555792508  E_corr(MP2) -0.331846113221242
Init E_corr(CCSD) = -0.331846113223608
cycle = 1  E_corr(CCSD) = -0.336836156854448  dE = -0.00499004363  norm(t1,t2) = 0.0465285
cycle = 2  E_corr(CCSD) = -0.347177226994932  dE = -0.0103410701  norm(t1,t2) = 0.0206182
cycle = 3  E_corr(CCSD) = -0.349243215174218  dE = -0.00206598818  norm(t1,t2) = 0.00904235
cycle = 4  E_corr(CCSD) = -0.35059452281137  dE = -0.00135130764  norm(t1,t2) = 0.00334682
cycle = 5  E_corr(CCSD) = -0.35052249895076  dE = 7.20238606e-05  norm(t1,t2) = 0.000868075
cycle = 6  E_corr(CCSD) = -0.350441387673229  dE = 8.11112775e-05  norm(t1,t2) = 0.000264976
cycle = 7  E_corr(CCSD) = -0.350453483831284  dE = -1.20961581e-05  norm(t1,t2) = 0.000123501
cycle = 8  E_corr(CCSD) = -0.35045274214374  dE = 7.41687544e-07  norm(t1,t2) = 3.39839e-05
cycle = 9  E_corr(CCSD) = -0.350451778928031  dE = 9.63215709e-07  norm(t1,t2) = 1.23759e-05
cycle = 10  E_corr(CCSD) = -0.35045164477411  dE = 1.34153922e-07  norm(t1,t2) = 3.20312e-06
cycle = 11  E_corr(CCSD) = -0.350451638786237  dE = 5.98787203e-09  norm(t1,t2) = 1.12553e-06
CCSD converged
E(CCSD) = -110.3471613180728  E_corr = -0.3504516387862375
CCSD(T) correction = -0.0120140752410801
