#INFO: **** input file is /projects/yizh8382/projects/w4_17/w4-17_all/pyscf_input/run_pyscf_vdzsd.py ****
import os
import glob
import numpy as np
from pyscf import gto, scf, cc

# basis = "ccpvdz"
xyz_dir = "../w4_17_xyz/closed_shell"
results_file = f"../result/closed_shell_rhf_vdzsd.dat"
out_dir = "../result/molout/closed_shell"
os.makedirs(out_dir, exist_ok=True)

# Set to a list of molecule names to run only those, e.g. ["acetaldehyde", "benzene"]
# Set to None to run all molecules in xyz_dir
select_molecules = None
# select_molecules = ["bn3pi","b2", "cf"]
symmetry = False

all_xyz = sorted(glob.glob(os.path.join(xyz_dir, "*.xyz")))
if select_molecules is not None:
    select_set = set(select_molecules)
    xyz_files = [p for p in all_xyz if os.path.splitext(os.path.basename(p))[0] in select_set]
    missing = select_set - {os.path.splitext(os.path.basename(p))[0] for p in xyz_files}
    if missing:
        print(f"Warning: no .xyz file found for: {', '.join(sorted(missing))} in {xyz_dir}")
else:
    xyz_files = all_xyz

with open(results_file, "w") as out:
    out.write(f"{'Molecule':<16s} {'Charge':>6s} {'2S':>6s} {'frozen':>6s} "
              f"{'E_RHF (Eh)':>20s} {'E_CCSD (Eh)':>20s} {'E_CCSD(T) (Eh)':>20s}\n")
    out.write("-" * 100 + "\n")

for xyz_path in xyz_files:
    with open(xyz_path, "r") as f:
        lines = f.readlines()

    # Parse charge and multiplicity from second line: "name charge=X mult=Y"
    second_line = lines[1]
    charge = int(second_line.split("charge=")[1].split()[0])
    mult   = int(second_line.split("mult=")[1].split()[0])
    spin   = mult - 1   # PySCF spin input is 2S = mult - 1
    mol_name = second_line.split()[0]

    # Coordinates only (skip the atom count and comment lines)
    atoms = "".join(lines[2:])

    print(f"\n{'='*60}")
    print(f"Running: {mol_name}  charge={charge}  spin={spin}")
    print(f"{'='*60}")
    
    h_basis = gto.basis.load('ccpvdz', 'H')
    h_basis_no_p = [b for b in h_basis if b[0] != 1]
    
    mol = gto.M(
        atom=atoms,
        basis={
            'H': h_basis_no_p,
            'default': 'ccpvdz'
            },
        verbose=4,
        output=os.path.join(out_dir, f"{mol_name}_vdzsd.out"),
        unit="angstrom",
        symmetry=symmetry,
        charge=charge,
        spin=spin,
        max_memory=40000,
    )

    mf = scf.RHF(mol)
    mf.max_cycle = 200
    mf = mf.newton()
    mf.kernel()

    # Stability check loop — at most 10 attempts
    max_stability_cycles = 10
    stable = False
    for stability_iter in range(max_stability_cycles):
        mo_i, _, stable, _ = mf.stability(return_status=True)
        if stable:
            break
        dm = mf.make_rdm1(mo_i, mf.mo_occ)
        mf.kernel(dm0=dm)

    if not stable or not mf.converged:
        print(f"  !! SCF did not converge for {mol_name} — skipping.")
        with open(results_file, "a") as out:
            out.write(f"{mol_name:<16s} {charge:>6d} {spin:>6d} {'N/A':>6s} "
                      f"{'UNCONVERGED':>20s} {'UNCONVERGED':>20s} {'UNCONVERGED':>20s}\n")
        continue

    energy = mf.e_tot

    mycc = cc.CCSD(mf)
    mycc.set_frozen()
    mycc.kernel()
    e_ccsd = mycc.e_tot
    et = mycc.ccsd_t()
    e_ccsdt = e_ccsd + et
    frozen = mycc.frozen

    with open(results_file, "a") as out:
        out.write(f"{mol_name:<16s} {charge:>6d} {spin:>6d} {frozen:>6d} "
                  f"{energy:>20.10f} {e_ccsd:>20.10f} {e_ccsdt:>20.10f}\n")

    print(f"  => E_RHF({mol_name})     = {energy:.10f} Eh")
    print(f"  => E_CCSD({mol_name})    = {e_ccsd:.10f} Eh")
    print(f"  => E_CCSD(T)({mol_name}) = {e_ccsdt:.10f} Eh")

print(f"\nAll calculations complete. Results saved to {results_file}")
#INFO: ******************** input file end ********************


System: uname_result(system='Linux', node='bnode0309.rc.int.colorado.edu', release='4.18.0-477.27.1.el8_8.x86_64', version='#1 SMP Thu Aug 31 10:29:22 EDT 2023', machine='x86_64')  Threads 28
Python 3.10.2 | packaged by conda-forge | (main, Mar  8 2022, 15:52:01) [GCC 9.4.0]
numpy 2.0.2  scipy 1.14.1  h5py 3.12.1
Date: Wed May 13 19:51:49 2026
PySCF version 2.9.0
PySCF path  /projects/yizh8382/tools/lno_pyscf_gcc
GIT HEAD (branch master) 142756584ed3963728cc1f6823286f4605811a6c

[ENV] PYSCF_TMPDIR /scratch/alpine/yizh8382/pyscf
[ENV] PYSCF_EXT_PATH /home/yizh8382/tools/pyscf-forge
[CONFIG] conf_file None
[INPUT] verbose = 4
[INPUT] num. atoms = 2
[INPUT] num. electrons = 12
[INPUT] charge = 0
[INPUT] spin (= nelec alpha-beta = 2S) = 0
[INPUT] symmetry False subgroup None
[INPUT] Mole.unit = angstrom
[INPUT] Symbol           X                Y                Z      unit          X                Y                Z       unit  Magmom
[INPUT]  1 C      0.000000000000   0.000000000000   0.620000000000 AA    0.000000000000   0.000000000000   1.171630197230 Bohr   0.0
[INPUT]  2 C      0.000000000000   0.000000000000  -0.620000000000 AA    0.000000000000   0.000000000000  -1.171630197230 Bohr   0.0

nuclear repulsion = 15.3632093492903
number of shells = 10
number of NR pGTOs = 52
number of NR cGTOs = 28
basis = {'H': [[0, [13.01, 0.019685], [1.962, 0.137977], [0.4446, 0.478148]], [0, [0.122, 1.0]]], 'default': 'ccpvdz'}
ecp = {}
CPU time:      1917.44




******** <class 'pyscf.soscf.newton_ah.SecondOrderRHF'> ********
method = SecondOrderRHF
initial guess = minao
damping factor = 0
level_shift factor = 0
DIIS = <class 'pyscf.scf.diis.CDIIS'>
diis_start_cycle = 1
diis_space = 8
diis_damp = 0
SCF conv_tol = 1e-09
SCF conv_tol_grad = None
SCF max_cycles = 200
direct_scf = True
direct_scf_tol = 1e-13
chkfile to save SCF result = /scratch/alpine/yizh8382/pyscf/tmpo_ywkbov
max_memory 40000 MB (current use 765 MB)
******** <class 'pyscf.scf.hf.RHF'> Newton solver flags ********
SCF tol = 1e-09
conv_tol_grad = None
max. SCF cycles = 200
direct_scf = True
direct_scf_tol = 1e-13
chkfile to save SCF result = /scratch/alpine/yizh8382/pyscf/tmpo_ywkbov
max_cycle_inner = 12
max_stepsize = 0.05
ah_start_tol = 1e+09
ah_level_shift = 0
ah_conv_tol = 1e-12
ah_lindep = 1e-14
ah_start_cycle = 1
ah_max_cycle = 40
ah_grad_trust_region = 2.5
kf_interval = 4
kf_trust_region = 5
canonicalization = True
max_memory 40000 MB (current use 765 MB)
Set conv_tol_grad to 3.16228e-05
Initial guess from minao.
  HOMO = -0.265707747676754  LUMO = -0.187088456982561
Initial guess E= -75.3721297945397  |g|= 0.197805
macro= 0  E= -75.3868171139415  delta_E= -0.0146873  |g|= 7.69342e-05  3 KF 11 JK
macro= 1  E= -75.3868171139421  delta_E= -5.96856e-13  |g|= 8.94389e-06  1 KF 2 JK
Canonicalize SCF orbitals
macro X = 2  E=-75.3868171139421  |g|= 8.94389e-06  total 5 KF 16 JK
converged SCF energy = -75.3868171139421
rhf_internal: lowest eigs of H = [-0.12333868 -0.12332645  0.34510753]
<class 'pyscf.soscf.newton_ah.SecondOrderRHF'> wavefunction has an internal instability




******** <class 'pyscf.soscf.newton_ah.SecondOrderRHF'> ********
method = SecondOrderRHF
initial guess = minao
damping factor = 0
level_shift factor = 0
DIIS = <class 'pyscf.scf.diis.CDIIS'>
diis_start_cycle = 1
diis_space = 8
diis_damp = 0
SCF conv_tol = 1e-09
SCF conv_tol_grad = None
SCF max_cycles = 200
direct_scf = True
direct_scf_tol = 1e-13
chkfile to save SCF result = /scratch/alpine/yizh8382/pyscf/tmpo_ywkbov
max_memory 40000 MB (current use 765 MB)
******** <class 'pyscf.scf.hf.RHF'> Newton solver flags ********
SCF tol = 1e-09
conv_tol_grad = None
max. SCF cycles = 200
direct_scf = True
direct_scf_tol = 1e-13
chkfile to save SCF result = /scratch/alpine/yizh8382/pyscf/tmpo_ywkbov
max_cycle_inner = 12
max_stepsize = 0.05
ah_start_tol = 1e+09
ah_level_shift = 0
ah_conv_tol = 1e-12
ah_lindep = 1e-14
ah_start_cycle = 1
ah_max_cycle = 40
ah_grad_trust_region = 2.5
kf_interval = 4
kf_trust_region = 5
canonicalization = True
max_memory 40000 MB (current use 765 MB)
Set conv_tol_grad to 3.16228e-05
  HOMO = -0.466678318491015  LUMO = -0.0910928831481596
Initial guess E= -75.4129178756225  |g|= 0.0396406
macro= 0  E= -75.4157922421353  delta_E= -0.00287437  |g|= 0.00705762  3 KF 11 JK
macro= 1  E= -75.4159402826242  delta_E= -0.00014804  |g|= 0.00666015  2 KF 8 JK
macro= 2  E= -75.4159591004887  delta_E= -1.88179e-05  |g|= 0.000439592  2 KF 11 JK
macro= 3  E= -75.4159592747417  delta_E= -1.74253e-07  |g|= 2.07135e-05  2 KF 10 JK
macro= 4  E= -75.415959274743  delta_E= -1.33582e-12  |g|= 6.88412e-06  1 KF 2 JK
Canonicalize SCF orbitals
macro X = 5  E=-75.415959274743  |g|= 6.88412e-06  total 11 KF 48 JK
converged SCF energy = -75.415959274743
rhf_internal: lowest eigs of H = [9.05394890e-07 9.35761727e-03 5.98358775e-01]
<class 'pyscf.soscf.newton_ah.SecondOrderRHF'> wavefunction is stable in the internal stability analysis

******** <class 'pyscf.cc.ccsd.CCSD'> ********
CC2 = 0
CCSD nocc = 4, nmo = 26
frozen orbitals 2
max_cycle = 50
direct = 0
conv_tol = 1e-07
conv_tol_normt = 1e-05
diis_space = 6
diis_start_cycle = 0
diis_start_energy_diff = 1e+09
max_memory 40000 MB (current use 765 MB)
Init t2, MP2 energy = -75.5855318632059  E_corr(MP2) -0.169572588462854
Init E_corr(CCSD) = -0.169572588469674
cycle = 1  E_corr(CCSD) = -0.194622177594447  dE = -0.0250495891  norm(t1,t2) = 0.0638559
cycle = 2  E_corr(CCSD) = -0.203314001296287  dE = -0.0086918237  norm(t1,t2) = 0.038509
cycle = 3  E_corr(CCSD) = -0.210713896698354  dE = -0.0073998954  norm(t1,t2) = 0.0300066
cycle = 4  E_corr(CCSD) = -0.212483705298005  dE = -0.0017698086  norm(t1,t2) = 0.0237012
cycle = 5  E_corr(CCSD) = -0.21248746971512  dE = -3.76441711e-06  norm(t1,t2) = 0.0262411
cycle = 6  E_corr(CCSD) = -0.209030571547159  dE = 0.00345689817  norm(t1,t2) = 0.024659
cycle = 7  E_corr(CCSD) = -0.209124798668965  dE = -9.42271218e-05  norm(t1,t2) = 0.0180717
cycle = 8  E_corr(CCSD) = -0.209845782173652  dE = -0.000720983505  norm(t1,t2) = 0.0175077
cycle = 9  E_corr(CCSD) = -0.209354933207064  dE = 0.000490848967  norm(t1,t2) = 0.0107632
cycle = 10  E_corr(CCSD) = -0.210539617054677  dE = -0.00118468385  norm(t1,t2) = 0.008728
cycle = 11  E_corr(CCSD) = -0.210354819008531  dE = 0.000184798046  norm(t1,t2) = 0.00744729
cycle = 12  E_corr(CCSD) = -0.210863176164124  dE = -0.000508357156  norm(t1,t2) = 0.00646758
cycle = 13  E_corr(CCSD) = -0.211338145126939  dE = -0.000474968963  norm(t1,t2) = 0.00565368
cycle = 14  E_corr(CCSD) = -0.211510292092838  dE = -0.000172146966  norm(t1,t2) = 0.00494549
cycle = 15  E_corr(CCSD) = -0.211844668508636  dE = -0.000334376416  norm(t1,t2) = 0.00395482
cycle = 16  E_corr(CCSD) = -0.212604028855419  dE = -0.000759360347  norm(t1,t2) = 0.00309888
cycle = 17  E_corr(CCSD) = -0.212936273478346  dE = -0.000332244623  norm(t1,t2) = 0.00135538
cycle = 18  E_corr(CCSD) = -0.212921242752625  dE = 1.50307257e-05  norm(t1,t2) = 0.000828912
cycle = 19  E_corr(CCSD) = -0.212875319368019  dE = 4.59233846e-05  norm(t1,t2) = 0.000385131
cycle = 20  E_corr(CCSD) = -0.21286990325164  dE = 5.41611638e-06  norm(t1,t2) = 0.000129854
cycle = 21  E_corr(CCSD) = -0.212875935669094  dE = -6.03241745e-06  norm(t1,t2) = 4.97496e-05
cycle = 22  E_corr(CCSD) = -0.212877270484843  dE = -1.33481575e-06  norm(t1,t2) = 1.32964e-05
cycle = 23  E_corr(CCSD) = -0.212877512933775  dE = -2.42448932e-07  norm(t1,t2) = 6.63064e-06
cycle = 24  E_corr(CCSD) = -0.212877710851501  dE = -1.97917726e-07  norm(t1,t2) = 4.12195e-06
cycle = 25  E_corr(CCSD) = -0.212877728469675  dE = -1.76181737e-08  norm(t1,t2) = 3.91978e-06
CCSD converged
E(CCSD) = -75.62883700321269  E_corr = -0.2128777284696751
CCSD(T) correction = -0.0198593367600979
