#INFO: **** input file is /projects/yizh8382/projects/w4_17/w4-17_all/pyscf_input/run_pyscf.py ****
import os
import glob
import numpy as np
from pyscf import gto, scf, cc

basis = "ccpvtz"
xyz_dir = "../w4_17_xyz/closed_shell"
results_file = f"../result/closed_shell_rhf_{basis}.dat"
out_dir = "../result/molout/closed_shell"
os.makedirs(out_dir, exist_ok=True)

# Set to a list of molecule names to run only those, e.g. ["acetaldehyde", "benzene"]
# Set to None to run all molecules in xyz_dir
select_molecules = None
# select_molecules = ["bn3pi","b2", "cf"]
symmetry = False

all_xyz = sorted(glob.glob(os.path.join(xyz_dir, "*.xyz")))
if select_molecules is not None:
    select_set = set(select_molecules)
    xyz_files = [p for p in all_xyz if os.path.splitext(os.path.basename(p))[0] in select_set]
    missing = select_set - {os.path.splitext(os.path.basename(p))[0] for p in xyz_files}
    if missing:
        print(f"Warning: no .xyz file found for: {', '.join(sorted(missing))} in {xyz_dir}")
else:
    xyz_files = all_xyz

with open(results_file, "w") as out:
    out.write(f"{'Molecule':<16s} {'Charge':>6s} {'2S':>6s} {'frozen':>6s} "
              f"{'E_RHF (Eh)':>20s} {'E_CCSD (Eh)':>20s} {'E_CCSD(T) (Eh)':>20s}\n")
    out.write("-" * 100 + "\n")

for xyz_path in xyz_files:
    with open(xyz_path, "r") as f:
        lines = f.readlines()

    # Parse charge and multiplicity from second line: "name charge=X mult=Y"
    second_line = lines[1]
    charge = int(second_line.split("charge=")[1].split()[0])
    mult   = int(second_line.split("mult=")[1].split()[0])
    spin   = mult - 1   # PySCF spin input is 2S = mult - 1
    mol_name = second_line.split()[0]

    # Coordinates only (skip the atom count and comment lines)
    atoms = "".join(lines[2:])

    print(f"\n{'='*60}")
    print(f"Running: {mol_name}  charge={charge}  spin={spin}")
    print(f"{'='*60}")

    mol = gto.M(
        atom=atoms,
        basis=basis,
        verbose=4,
        output=os.path.join(out_dir, f"{mol_name}_{basis}.out"),
        unit="angstrom",
        symmetry=symmetry,
        charge=charge,
        spin=spin,
        max_memory=40000,
    )

    mf = scf.RHF(mol)
    mf.max_cycle = 200
    mf = mf.newton()
    mf.kernel()

    # Stability check loop — at most 10 attempts
    max_stability_cycles = 10
    stable = False
    for stability_iter in range(max_stability_cycles):
        mo_i, _, stable, _ = mf.stability(return_status=True)
        if stable:
            break
        dm = mf.make_rdm1(mo_i, mf.mo_occ)
        mf.kernel(dm0=dm)

    if not stable or not mf.converged:
        print(f"  !! SCF did not converge for {mol_name} — skipping.")
        with open(results_file, "a") as out:
            out.write(f"{mol_name:<16s} {charge:>6d} {spin:>6d} {'N/A':>6s} "
                      f"{'UNCONVERGED':>20s} {'UNCONVERGED':>20s} {'UNCONVERGED':>20s}\n")
        continue

    energy = mf.e_tot

    mycc = cc.CCSD(mf)
    mycc.set_frozen()
    mycc.kernel()
    e_ccsd = mycc.e_tot
    et = mycc.ccsd_t()
    e_ccsdt = e_ccsd + et
    frozen = mycc.frozen

    with open(results_file, "a") as out:
        out.write(f"{mol_name:<16s} {charge:>6d} {spin:>6d} {frozen:>6d} "
                  f"{energy:>20.10f} {e_ccsd:>20.10f} {e_ccsdt:>20.10f}\n")

    print(f"  => E_RHF({mol_name})     = {energy:.10f} Eh")
    print(f"  => E_CCSD({mol_name})    = {e_ccsd:.10f} Eh")
    print(f"  => E_CCSD(T)({mol_name}) = {e_ccsdt:.10f} Eh")

print(f"\nAll calculations complete. Results saved to {results_file}")
#INFO: ******************** input file end ********************


System: uname_result(system='Linux', node='bnode0308.rc.int.colorado.edu', release='4.18.0-477.27.1.el8_8.x86_64', version='#1 SMP Thu Aug 31 10:29:22 EDT 2023', machine='x86_64')  Threads 28
Python 3.10.2 | packaged by conda-forge | (main, Mar  8 2022, 15:52:01) [GCC 9.4.0]
numpy 2.0.2  scipy 1.14.1  h5py 3.12.1
Date: Tue May 12 12:39:30 2026
PySCF version 2.9.0
PySCF path  /projects/yizh8382/tools/lno_pyscf_gcc
GIT HEAD (branch master) 142756584ed3963728cc1f6823286f4605811a6c

[ENV] PYSCF_TMPDIR /scratch/alpine/yizh8382/pyscf
[ENV] PYSCF_EXT_PATH /home/yizh8382/tools/pyscf-forge
[CONFIG] conf_file None
[INPUT] verbose = 4
[INPUT] num. atoms = 4
[INPUT] num. electrons = 30
[INPUT] charge = 0
[INPUT] spin (= nelec alpha-beta = 2S) = 0
[INPUT] symmetry False subgroup None
[INPUT] Mole.unit = angstrom
[INPUT] Symbol           X                Y                Z      unit          X                Y                Z       unit  Magmom
[INPUT]  1 Cl     0.000000000000   0.000000000000  -0.956484188600 AA    0.000000000000   0.000000000000  -1.807493158931 Bohr   0.0
[INPUT]  2 C      0.000000000000   0.000000000000   0.684506179500 AA    0.000000000000   0.000000000000   1.293529209827 Bohr   0.0
[INPUT]  3 C      0.000000000000   0.000000000000   1.890899535000 AA    0.000000000000   0.000000000000   3.573282250217 Bohr   0.0
[INPUT]  4 H      0.000000000000   0.000000000000   2.953584440000 AA    0.000000000000   0.000000000000   5.581465677377 Bohr   0.0

nuclear repulsion = 74.3277172400262
number of shells = 33
number of NR pGTOs = 159
number of NR cGTOs = 108
basis = ccpvtz
ecp = {}
CPU time:     29388.48




******** <class 'pyscf.soscf.newton_ah.SecondOrderRHF'> ********
method = SecondOrderRHF
initial guess = minao
damping factor = 0
level_shift factor = 0
DIIS = <class 'pyscf.scf.diis.CDIIS'>
diis_start_cycle = 1
diis_space = 8
diis_damp = 0
SCF conv_tol = 1e-09
SCF conv_tol_grad = None
SCF max_cycles = 200
direct_scf = True
direct_scf_tol = 1e-13
chkfile to save SCF result = /scratch/alpine/yizh8382/pyscf/tmpdgmf_rv0
max_memory 40000 MB (current use 7835 MB)
******** <class 'pyscf.scf.hf.RHF'> Newton solver flags ********
SCF tol = 1e-09
conv_tol_grad = None
max. SCF cycles = 200
direct_scf = True
direct_scf_tol = 1e-13
chkfile to save SCF result = /scratch/alpine/yizh8382/pyscf/tmpdgmf_rv0
max_cycle_inner = 12
max_stepsize = 0.05
ah_start_tol = 1e+09
ah_level_shift = 0
ah_conv_tol = 1e-12
ah_lindep = 1e-14
ah_start_cycle = 1
ah_max_cycle = 40
ah_grad_trust_region = 2.5
kf_interval = 4
kf_trust_region = 5
canonicalization = True
max_memory 40000 MB (current use 7835 MB)
Set conv_tol_grad to 3.16228e-05
Initial guess from minao.
  HOMO = -0.274210721928067  LUMO = 0.0766350955519706
Initial guess E= -535.734197576994  |g|= 0.345482
macro= 0  E= -535.774011302138  delta_E= -0.0398137  |g|= 0.00230196  4 KF 13 JK
macro= 1  E= -535.774011322172  delta_E= -2.00347e-08  |g|= 1.35276e-05  2 KF 6 JK
macro= 2  E= -535.774011322172  delta_E= 0  |g|= 3.6689e-06  1 KF 2 JK
Canonicalize SCF orbitals
macro X = 3  E=-535.774011322172  |g|= 3.6689e-06  total 8 KF 25 JK
converged SCF energy = -535.774011322172
rhf_internal: lowest eigs of H = [0.75975573 0.75976565 1.2012719 ]
<class 'pyscf.soscf.newton_ah.SecondOrderRHF'> wavefunction is stable in the internal stability analysis

******** <class 'pyscf.cc.ccsd.CCSD'> ********
CC2 = 0
CCSD nocc = 8, nmo = 101
frozen orbitals 7
max_cycle = 50
direct = 0
conv_tol = 1e-07
conv_tol_normt = 1e-05
diis_space = 6
diis_start_cycle = 0
diis_start_energy_diff = 1e+09
max_memory 40000 MB (current use 2865 MB)
Init t2, MP2 energy = -536.266118747123  E_corr(MP2) -0.492107424951105
Init E_corr(CCSD) = -0.492107424954568
cycle = 1  E_corr(CCSD) = -0.49431733825334  dE = -0.0022099133  norm(t1,t2) = 0.0558655
cycle = 2  E_corr(CCSD) = -0.509269307846268  dE = -0.0149519696  norm(t1,t2) = 0.0201671
cycle = 3  E_corr(CCSD) = -0.50943527899566  dE = -0.000165971149  norm(t1,t2) = 0.0082328
cycle = 4  E_corr(CCSD) = -0.511366685362414  dE = -0.00193140637  norm(t1,t2) = 0.00413755
cycle = 5  E_corr(CCSD) = -0.511513477508367  dE = -0.000146792146  norm(t1,t2) = 0.00101807
cycle = 6  E_corr(CCSD) = -0.511402826673026  dE = 0.000110650835  norm(t1,t2) = 0.000338171
cycle = 7  E_corr(CCSD) = -0.511408398322097  dE = -5.57164907e-06  norm(t1,t2) = 6.8634e-05
cycle = 8  E_corr(CCSD) = -0.511414784375536  dE = -6.38605344e-06  norm(t1,t2) = 2.25694e-05
cycle = 9  E_corr(CCSD) = -0.511415134393748  dE = -3.50018212e-07  norm(t1,t2) = 7.93693e-06
cycle = 10  E_corr(CCSD) = -0.511415244964291  dE = -1.10570543e-07  norm(t1,t2) = 1.99147e-06
cycle = 11  E_corr(CCSD) = -0.511415183036679  dE = 6.19276126e-08  norm(t1,t2) = 7.00366e-07
CCSD converged
E(CCSD) = -536.285426505209  E_corr = -0.5114151830366789
CCSD(T) correction = -0.0263368102320931
