------------------------------------------- AFQMC Sampling Started -------------------------------------------
Hostname: gpua016.delta.ncsa.illinois.edu
System Type: Linux
Machine Type: x86_64
Processor: x86_64
Using GPU.
System: Linux
Node Name: gpua016.delta.ncsa.illinois.edu
Release: 5.14.0-427.91.1.el9_4.x86_64
Version: #1 SMP PREEMPT_DYNAMIC Wed Sep 17 10:08:59 EDT 2025
Machine: x86_64
Processor: x86_64
Decomposing Unrestricted T2 amplitudes
Throw 0 vectors in T2 deomposition
SVD cutoff = 1.00e-08 | error = 3.50e-15
number of T2 decomposition vectors 902
norb: 52
nelec: (11, 11)
n_eql: 120
n_blocks: 1000
n_walkers: 300
dt: 0.005
max_error: 0.0
seed: 17
walker_type: uhf
trial: uccsd_pt2
free_projection: False
use_gpu: True
n_exp_terms: 6
n_prop_steps: 50
save_walkers: False
n_batch: 1
nchol_chunk: 100
mix_precision: True
initial AFQMC/pt2CCSD Energy is -995.188082
Propagating with 300 walkers
----------------------------------------------- Equilibration ------------------------------------------------
inv_T        weight  killW        energy   runTime
 0.00    300.000000      0   -994.642387     11.81
 3.00    308.477518      0   -995.237512     18.39
 6.00    307.599306      0   -995.207153     19.56
 9.00    307.693199      0   -995.201149     20.73
12.00    308.231926      0   -995.218117     21.90
15.00    307.899990      0   -995.220658     23.07
18.00    307.913070      0   -995.185303     24.24
21.00    307.299276      0   -995.189066     25.41
24.00    307.973179      0   -995.242968     26.57
27.00    307.531121      0   -995.222395     27.75
30.00    307.389623      0   -995.206220     28.91
---------------------------------------------- Sampling Blocks -----------------------------------------------
blocks        weight  killW       E_Guide     error       E_Trial     error     olp_T/G     error  Walltime
    20    307.700476      0   -995.203695  0.008350   -995.211122  0.001304    1.002942  0.000193   39.99
    40    306.970997      0   -995.212717  0.008377   -995.211582  0.002232    1.003036  0.000151   45.06
    60    306.224680      0   -995.217294  0.007341   -995.211382  0.001566    1.003038  0.000162   50.17
    80    305.489974      0   -995.213502  0.005677   -995.210686  0.001260    1.003066  0.000134   55.24
   100    304.935867      0   -995.215122  0.004765   -995.211410  0.001103    1.003240  0.000145   60.31
   120    304.431430      0   -995.215313  0.004332   -995.210924  0.000954    1.003270  0.000126   65.38
   140    303.953464      1   -995.213047  0.003898   -995.210607  0.000839    1.003284  0.000113   70.45
   160    303.585793      1   -995.214075  0.003495   -995.210425  0.000764    1.003297  0.000102   75.52
   180    303.247981      1   -995.214473  0.003222   -995.210272  0.000704    1.003288  0.000092   80.59
   200    302.956019      1   -995.215028  0.003031   -995.210102  0.000647    1.003277  0.000084   85.66
   220    302.682793      1   -995.213657  0.002911   -995.209933  0.000596    1.003302  0.000079   90.73
   240    302.444796      1   -995.212815  0.002706   -995.209682  0.000555    1.003313  0.000077   95.79
   260    302.224969      1   -995.212170  0.002711   -995.209495  0.000518    1.003310  0.000079  100.86
   280    302.040044      1   -995.212083  0.002560   -995.209623  0.000501    1.003337  0.000074  105.92
   300    301.871833      1   -995.212043  0.002418   -995.209450  0.000492    1.003347  0.000071  111.01
   320    301.718808      2   -995.212398  0.002281   -995.209536  0.000473    1.003346  0.000067  116.08
   340    301.588905      2   -995.212794  0.002216   -995.209604  0.000453    1.003374  0.000069  121.15
   360    301.449224      2   -995.212554  0.002147   -995.209521  0.000431    1.003415  0.000071  126.22
   380    301.335629      2   -995.212671  0.002049   -995.209542  0.000425    1.003402  0.000068  131.29
   400    301.227460      2   -995.212403  0.001967   -995.209395  0.000409    1.003372  0.000073  136.38
   420    301.132527      2   -995.211998  0.001903   -995.209301  0.000394    1.003374  0.000069  141.45
   440    301.051936      2   -995.212123  0.001839   -995.209625  0.000470    1.003379  0.000066  146.53
   460    300.962371      3   -995.211755  0.001751   -995.209622  0.000454    1.003397  0.000068  151.70
   480    300.883420      3   -995.211678  0.001686   -995.209703  0.000444    1.003411  0.000065  156.77
   500    300.817113      3   -995.211894  0.001632   -995.209690  0.000430    1.003421  0.000064  161.85
   520    300.754697      3   -995.212005  0.001586   -995.209736  0.000425    1.003410  0.000064  166.95
   540    300.697770      3   -995.212243  0.001548   -995.209679  0.000412    1.003401  0.000063  172.02
   560    300.644792      3   -995.212439  0.001508   -995.209643  0.000399    1.003367  0.000065  177.08
   580    300.585107      3   -995.212030  0.001487   -995.209623  0.000387    1.003378  0.000064  182.15
   600    300.545205      3   -995.212325  0.001443   -995.209630  0.000377    1.003356  0.000065  187.22
   620    300.494519      3   -995.212143  0.001407   -995.209587  0.000367    1.003344  0.000066  192.29
   640    300.447702      3   -995.211890  0.001488   -995.209490  0.000358    1.003336  0.000065  197.36
   660    300.406628      3   -995.211784  0.001457   -995.209405  0.000350    1.003335  0.000063  202.43
   680    300.373834      3   -995.211862  0.001423   -995.209336  0.000341    1.003329  0.000063  207.51
   700    300.341670      3   -995.212094  0.001402   -995.209342  0.000333    1.003309  0.000064  212.58
   720    300.308742      3   -995.212198  0.001369   -995.209323  0.000326    1.003296  0.000065  217.66
   740    300.272819      4   -995.212125  0.001340   -995.209318  0.000319    1.003295  0.000064  222.73
   760    300.238771      4   -995.212111  0.001344   -995.209287  0.000314    1.003298  0.000062  227.81
   780    300.212616      4   -995.212256  0.001317   -995.209294  0.000309    1.003299  0.000061  232.89
   800    300.182255      4   -995.212241  0.001268   -995.209265  0.000302    1.003314  0.000060  237.96
   820    300.166888      4   -995.212799  0.001387   -995.209289  0.000315    1.003336  0.000061  243.03
   840    300.145728      4   -995.212933  0.001365   -995.209308  0.000310    1.003341  0.000063  248.11
   860    300.120240      4   -995.212846  0.001355   -995.209294  0.000304    1.003317  0.000063  253.18
   880    300.093825      4   -995.212533  0.001342   -995.209221  0.000298    1.003307  0.000064  258.26
   900    300.074363      4   -995.212671  0.001339   -995.209298  0.000299    1.003305  0.000063  263.33
   920    300.049694      4   -995.212506  0.001328   -995.209264  0.000294    1.003308  0.000063  268.40
   940    300.027149      4   -995.212297  0.001332   -995.209298  0.000290    1.003313  0.000063  273.47
   960    300.010238      4   -995.212513  0.001313   -995.209312  0.000285    1.003295  0.000063  278.55
   980    299.996254      4   -995.212756  0.001313   -995.209362  0.000281    1.003285  0.000064  283.62
  1000    299.969776      4   -995.212204  0.001321   -995.209279  0.000277    1.003285  0.000062  288.71
---------------------------------------------- Post Propagation ----------------------------------------------
Total number of samples 1000
Raw AFQMC/HF (Guide) energy:           -995.212204 ± 0.001321
Raw Trial/Guide overlap ratio:          1.003285 ± 0.000062
Raw AFQMC/pt2CCSD energy (covariance): -995.209279 ± 0.000277
Raw AFQMC/pt2CCSD energy (dir sample): -995.209279 ± 0.000223
--------------------------------------------- Clean Obeservation ---------------------------------------------
removing energies outside zeta > 30
Outlier energy bound [-995.346977, -995.068758]
Removed 0 outliers with energies []
Clean AFQMC/pt2CCSD overlap ratio:        1.003285 ± 0.000062
Clean AFQMC/pt2CCSD energy (covariance): -995.209279 ± 0.000277
Clean AFQMC/ptCCSD energy (dir sample):  -995.209279 ± 0.000223
--------------------------------------------- Blocking Analysis ----------------------------------------------
nsample = 1000, max_block_size = 25, min_nblocks = 40
   B    NB    NS  Observable     Error    dError
   1  1000  1000    1.003286  0.000022  0.000001
   2   500  1000    1.003286  0.000030  0.000001
   3   333   999    1.003286  0.000035  0.000001
   4   250  1000    1.003286  0.000039  0.000002
   5   200  1000    1.003286  0.000041  0.000002
   6   166   996    1.003289  0.000044  0.000002
   7   142   994    1.003289  0.000045  0.000003
   8   125  1000    1.003286  0.000048  0.000003
   9   111   999    1.003286  0.000051  0.000003
  10   100  1000    1.003286  0.000052  0.000004
  11    90   990    1.003288  0.000054  0.000004
  12    83   996    1.003289  0.000053  0.000004
  13    76   988    1.003287  0.000054  0.000004
  14    71   994    1.003289  0.000055  0.000005
  15    66   990    1.003288  0.000056  0.000005
  16    62   992    1.003289  0.000057  0.000005
  17    58   986    1.003286  0.000059  0.000006
  18    55   990    1.003288  0.000060  0.000006
  19    52   988    1.003287  0.000059  0.000006
  20    50  1000    1.003286  0.000059  0.000006
  21    47   987    1.003286  0.000060  0.000006
  22    45   990    1.003288  0.000060  0.000006
  23    43   989    1.003288  0.000062  0.000007
  24    41   984    1.003286  0.000062  0.000007
  25    40  1000    1.003286  0.000058  0.000007
Fit (variance): plateau_var = 3.848e-09 ± 3.474e-10
Fit (error):    plateau = 0.000062 ± 0.000003
     autocorrelation length ~ 8.5 blocks
     plateau reached at block size ~ 40
     !!!Failed to reach plateau in blocking
     Return max block error
nclean = 1000, max_block_size = 25, min_nblocks = 40
Blk_SZ   NBlk   NSmp      Energy     Error    dError
     1   1000   1000  -995.209031  0.000223  0.000005
     2    500   1000  -995.209085  0.000253  0.000008
     3    333    999  -995.209120  0.000279  0.000011
     4    250   1000  -995.209125  0.000271  0.000012
     5    200   1000  -995.209147  0.000268  0.000013
     6    166    996  -995.209177  0.000278  0.000015
     7    142    994  -995.209209  0.000269  0.000016
     8    125   1000  -995.209180  0.000279  0.000018
     9    111    999  -995.209206  0.000282  0.000019
    10    100   1000  -995.209199  0.000273  0.000019
    11     90    990  -995.209265  0.000285  0.000021
    12     83    996  -995.209232  0.000267  0.000021
    13     76    988  -995.209287  0.000283  0.000023
    14     71    994  -995.209246  0.000281  0.000024
    15     66    990  -995.209274  0.000294  0.000026
    16     62    992  -995.209255  0.000283  0.000026
    17     58    986  -995.209295  0.000273  0.000026
    18     55    990  -995.209284  0.000283  0.000027
    19     52    988  -995.209297  0.000293  0.000029
    20     50   1000  -995.209235  0.000299  0.000030
    21     47    987  -995.209305  0.000281  0.000029
    22     45    990  -995.209292  0.000271  0.000029
    23     43    989  -995.209303  0.000279  0.000030
    24     41    984  -995.209319  0.000261  0.000029
    25     40   1000  -995.209240  0.000301  0.000034
Fit (variance): plateau_var = 7.735070e-08 ± 2.720207e-09
Fit (error):    plateau = 0.000278 ± 0.000005
     autocorrelation length ~ 1.2 blocks
     plateau reached at block size ~ 6
Final AFQMC/pt2CCSD overlap ratio: 1.003285 ± 0.000062
Final AFQMC/pt2CCSD energy: -995.209279 ± 0.000278
Total run time: 297.96
------------------------------------------ AFQMC Sampling Finished -------------------------------------------
