#INFO: **** input file is /projects/yizh8382/projects/w4_17/w4-17_all/pyscf_input/run_pyscf.py ****
import os
import glob
import numpy as np
from pyscf import gto, scf, cc

basis = "ccpvtz"
xyz_dir = "../w4_17_xyz/closed_shell"
results_file = f"../result/closed_shell_rhf_{basis}.dat"
out_dir = "../result/molout/closed_shell"
os.makedirs(out_dir, exist_ok=True)

# Set to a list of molecule names to run only those, e.g. ["acetaldehyde", "benzene"]
# Set to None to run all molecules in xyz_dir
select_molecules = None
# select_molecules = ["bn3pi","b2", "cf"]
symmetry = False

all_xyz = sorted(glob.glob(os.path.join(xyz_dir, "*.xyz")))
if select_molecules is not None:
    select_set = set(select_molecules)
    xyz_files = [p for p in all_xyz if os.path.splitext(os.path.basename(p))[0] in select_set]
    missing = select_set - {os.path.splitext(os.path.basename(p))[0] for p in xyz_files}
    if missing:
        print(f"Warning: no .xyz file found for: {', '.join(sorted(missing))} in {xyz_dir}")
else:
    xyz_files = all_xyz

with open(results_file, "w") as out:
    out.write(f"{'Molecule':<16s} {'Charge':>6s} {'2S':>6s} {'frozen':>6s} "
              f"{'E_RHF (Eh)':>20s} {'E_CCSD (Eh)':>20s} {'E_CCSD(T) (Eh)':>20s}\n")
    out.write("-" * 100 + "\n")

for xyz_path in xyz_files:
    with open(xyz_path, "r") as f:
        lines = f.readlines()

    # Parse charge and multiplicity from second line: "name charge=X mult=Y"
    second_line = lines[1]
    charge = int(second_line.split("charge=")[1].split()[0])
    mult   = int(second_line.split("mult=")[1].split()[0])
    spin   = mult - 1   # PySCF spin input is 2S = mult - 1
    mol_name = second_line.split()[0]

    # Coordinates only (skip the atom count and comment lines)
    atoms = "".join(lines[2:])

    print(f"\n{'='*60}")
    print(f"Running: {mol_name}  charge={charge}  spin={spin}")
    print(f"{'='*60}")

    mol = gto.M(
        atom=atoms,
        basis=basis,
        verbose=4,
        output=os.path.join(out_dir, f"{mol_name}_{basis}.out"),
        unit="angstrom",
        symmetry=symmetry,
        charge=charge,
        spin=spin,
        max_memory=40000,
    )

    mf = scf.RHF(mol)
    mf.max_cycle = 200
    mf = mf.newton()
    mf.kernel()

    # Stability check loop — at most 10 attempts
    max_stability_cycles = 10
    stable = False
    for stability_iter in range(max_stability_cycles):
        mo_i, _, stable, _ = mf.stability(return_status=True)
        if stable:
            break
        dm = mf.make_rdm1(mo_i, mf.mo_occ)
        mf.kernel(dm0=dm)

    if not stable or not mf.converged:
        print(f"  !! SCF did not converge for {mol_name} — skipping.")
        with open(results_file, "a") as out:
            out.write(f"{mol_name:<16s} {charge:>6d} {spin:>6d} {'N/A':>6s} "
                      f"{'UNCONVERGED':>20s} {'UNCONVERGED':>20s} {'UNCONVERGED':>20s}\n")
        continue

    energy = mf.e_tot

    mycc = cc.CCSD(mf)
    mycc.set_frozen()
    mycc.kernel()
    e_ccsd = mycc.e_tot
    et = mycc.ccsd_t()
    e_ccsdt = e_ccsd + et
    frozen = mycc.frozen

    with open(results_file, "a") as out:
        out.write(f"{mol_name:<16s} {charge:>6d} {spin:>6d} {frozen:>6d} "
                  f"{energy:>20.10f} {e_ccsd:>20.10f} {e_ccsdt:>20.10f}\n")

    print(f"  => E_RHF({mol_name})     = {energy:.10f} Eh")
    print(f"  => E_CCSD({mol_name})    = {e_ccsd:.10f} Eh")
    print(f"  => E_CCSD(T)({mol_name}) = {e_ccsdt:.10f} Eh")

print(f"\nAll calculations complete. Results saved to {results_file}")
#INFO: ******************** input file end ********************


System: uname_result(system='Linux', node='bnode0308.rc.int.colorado.edu', release='4.18.0-477.27.1.el8_8.x86_64', version='#1 SMP Thu Aug 31 10:29:22 EDT 2023', machine='x86_64')  Threads 28
Python 3.10.2 | packaged by conda-forge | (main, Mar  8 2022, 15:52:01) [GCC 9.4.0]
numpy 2.0.2  scipy 1.14.1  h5py 3.12.1
Date: Tue May 12 12:32:40 2026
PySCF version 2.9.0
PySCF path  /projects/yizh8382/tools/lno_pyscf_gcc
GIT HEAD (branch master) 142756584ed3963728cc1f6823286f4605811a6c

[ENV] PYSCF_TMPDIR /scratch/alpine/yizh8382/pyscf
[ENV] PYSCF_EXT_PATH /home/yizh8382/tools/pyscf-forge
[CONFIG] conf_file None
[INPUT] verbose = 4
[INPUT] num. atoms = 8
[INPUT] num. electrons = 114
[INPUT] charge = 0
[INPUT] spin (= nelec alpha-beta = 2S) = 0
[INPUT] symmetry False subgroup None
[INPUT] Mole.unit = angstrom
[INPUT] Symbol           X                Y                Z      unit          X                Y                Z       unit  Magmom
[INPUT]  1 C      0.000000000000   0.000000000000  -0.788569144419 AA    0.000000000000   0.000000000000  -1.490179713235 Bohr   0.0
[INPUT]  2 C      0.000000000000   0.000000000000   0.788569144419 AA    0.000000000000   0.000000000000   1.490179713235 Bohr   0.0
[INPUT]  3 Cl     1.664381454247   0.000000000000  -1.383838116111 AA    3.145225115333   0.000000000000  -2.615075040183 Bohr   0.0
[INPUT]  4 Cl    -1.664381454247   0.000000000000   1.383838116111 AA   -3.145225115333   0.000000000000   2.615075040183 Bohr   0.0
[INPUT]  5 Cl    -0.832190727388  -1.441396621236  -1.383838116111 AA   -1.572612558166  -2.723844851010  -2.615075040183 Bohr   0.0
[INPUT]  6 Cl    -0.832190727388   1.441396621236  -1.383838116111 AA   -1.572612558166   2.723844851010  -2.615075040183 Bohr   0.0
[INPUT]  7 Cl     0.832190727388  -1.441396621236   1.383838116111 AA    1.572612558166  -2.723844851010   2.615075040183 Bohr   0.0
[INPUT]  8 Cl     0.832190727388   1.441396621236   1.383838116111 AA    1.572612558166   2.723844851010   2.615075040183 Bohr   0.0

nuclear repulsion = 1022.03499761301
number of shells = 72
number of NR pGTOs = 438
number of NR cGTOs = 264
basis = ccpvtz
ecp = {}
CPU time:     20734.58




******** <class 'pyscf.soscf.newton_ah.SecondOrderRHF'> ********
method = SecondOrderRHF
initial guess = minao
damping factor = 0
level_shift factor = 0
DIIS = <class 'pyscf.scf.diis.CDIIS'>
diis_start_cycle = 1
diis_space = 8
diis_damp = 0
SCF conv_tol = 1e-09
SCF conv_tol_grad = None
SCF max_cycles = 200
direct_scf = True
direct_scf_tol = 1e-13
chkfile to save SCF result = /scratch/alpine/yizh8382/pyscf/tmp9lqe17op
max_memory 40000 MB (current use 3929 MB)
******** <class 'pyscf.scf.hf.RHF'> Newton solver flags ********
SCF tol = 1e-09
conv_tol_grad = None
max. SCF cycles = 200
direct_scf = True
direct_scf_tol = 1e-13
chkfile to save SCF result = /scratch/alpine/yizh8382/pyscf/tmp9lqe17op
max_cycle_inner = 12
max_stepsize = 0.05
ah_start_tol = 1e+09
ah_level_shift = 0
ah_conv_tol = 1e-12
ah_lindep = 1e-14
ah_start_cycle = 1
ah_max_cycle = 40
ah_grad_trust_region = 2.5
kf_interval = 4
kf_trust_region = 5
canonicalization = True
max_memory 40000 MB (current use 3929 MB)
Set conv_tol_grad to 3.16228e-05
Initial guess from minao.
  HOMO = -0.345538967210643  LUMO = 0.0263304910611164
Initial guess E= -2832.39263579465  |g|= 1.21477
macro= 0  E= -2832.80777478255  delta_E= -0.415139  |g|= 0.167949  3 KF 9 JK
macro= 1  E= -2832.80845371832  delta_E= -0.000678936  |g|= 0.000105451  3 KF 11 JK
macro= 2  E= -2832.8084537183  delta_E= 1.27329e-11  |g|= 5.11533e-06  1 KF 2 JK
Canonicalize SCF orbitals
macro X = 3  E=-2832.8084537183  |g|= 5.11533e-06  total 8 KF 26 JK
converged SCF energy = -2832.8084537183
rhf_internal: lowest eigs of H = [1.11222825 1.16913901 1.16915549]
<class 'pyscf.soscf.newton_ah.SecondOrderRHF'> wavefunction is stable in the internal stability analysis

******** <class 'pyscf.cc.ccsd.CCSD'> ********
CC2 = 0
CCSD nocc = 25, nmo = 232
frozen orbitals 32
max_cycle = 50
direct = 0
conv_tol = 1e-07
conv_tol_normt = 1e-05
diis_space = 6
diis_start_cycle = 0
diis_start_energy_diff = 1e+09
max_memory 40000 MB (current use 7406 MB)
Init t2, MP2 energy = -2834.2873545368  E_corr(MP2) -1.47890081849934
Init E_corr(CCSD) = -1.47890081850585
cycle = 1  E_corr(CCSD) = -1.50247986118832  dE = -0.0235790427  norm(t1,t2) = 0.0934481
cycle = 2  E_corr(CCSD) = -1.5442066849661  dE = -0.0417268238  norm(t1,t2) = 0.0311373
cycle = 3  E_corr(CCSD) = -1.54338243531308  dE = 0.000824249653  norm(t1,t2) = 0.0149756
cycle = 4  E_corr(CCSD) = -1.54729665914883  dE = -0.00391422384  norm(t1,t2) = 0.00455994
cycle = 5  E_corr(CCSD) = -1.54768785374355  dE = -0.000391194595  norm(t1,t2) = 0.0011654
cycle = 6  E_corr(CCSD) = -1.5474604505939  dE = 0.00022740315  norm(t1,t2) = 0.000499146
cycle = 7  E_corr(CCSD) = -1.54743219212708  dE = 2.82584668e-05  norm(t1,t2) = 0.000168206
cycle = 8  E_corr(CCSD) = -1.54744948549618  dE = -1.72933691e-05  norm(t1,t2) = 6.77355e-05
cycle = 9  E_corr(CCSD) = -1.54745171725872  dE = -2.23176255e-06  norm(t1,t2) = 2.60139e-05
cycle = 10  E_corr(CCSD) = -1.54745155647072  dE = 1.60788003e-07  norm(t1,t2) = 6.05755e-06
cycle = 11  E_corr(CCSD) = -1.54745140672184  dE = 1.49748882e-07  norm(t1,t2) = 2.77585e-06
cycle = 12  E_corr(CCSD) = -1.54745125383828  dE = 1.52883558e-07  norm(t1,t2) = 1.09021e-06
cycle = 13  E_corr(CCSD) = -1.54745129333792  dE = -3.94996404e-08  norm(t1,t2) = 4.23671e-07
CCSD converged
E(CCSD) = -2834.355905011643  E_corr = -1.547451293337921
CCSD(T) correction = -0.0763373420338729
