
    ________                     _____                    
    ___  __ \___  __________________(_)_____________ _    
    __  /_/ /  / / /_  __ \_  __ \_  /__  __ \_  __ `/    
    _  _, _// /_/ /_  / / /  / / /  / _  / / /  /_/ /     
    /_/ |_| \__,_/ /_/ /_//_/ /_//_/  /_/ /_/_\__, /      
                                             /____/       
    _____________________________  ___________            
    ___    |__  ____/_  __ \__   |/  /_  ____/            
    __  /| |_  /_   _  / / /_  /|_/ /_  /                 
    _  ___ |  __/   / /_/ /_  /  / / / /___               
    /_/  |_/_/      \___\_\/_/  /_/  \____/               

Hostname:     gpua002.delta.ncsa.illinois.edu
System:       Linux
Node:         gpua002.delta.ncsa.illinois.edu
Release:      5.14.0-427.91.1.el9_4.x86_64
Machine:      x86_64
Processor:    x86_64
JAX backend:  GPU
JAX devices:  [CudaDevice(id=0)]
Device kind:  NVIDIA A100-SXM4-40GB
Platform:     gpu

Load system from Integral File
Maximum memory per walker:            66.67 MB
Maximum number of Cholesky per chunk: 162
Number of Cholesky chunks:            5
Number of Cholesky per chunk:         146
Number of padding Cholesky:           4

QMC System
Number of electrons: (11, 11)
Spin Multiplicity:   0
Number of orbitals:  116
Number of Chol:      726

QMC Parameters
eql_time            :                   50
n_blocks            :                 1000
n_walkers           :                  300
max_error           :                  0.0
seed                :                   17
walker_type         :                  uhf
trial               :             upt2ccsd
mix_precision       :                 True
max_memory          :                20000
dt                  :                0.005
n_exp_terms         :                    6
n_prop_steps        :                   50
save_walkers        :                False
free_projection     :                False
n_batch             :                    1
nchol_chunk         :                  146

Initalize QMC walkers by stochastic CCSD

Equilibration
inv_T        weight  killW        energy   runTime
 0.00    300.000000      0   -995.396535     12.19
 5.00    298.757732      0   -995.434409     24.60
10.00    299.037742      0   -995.476207     30.97
15.00    298.589475      0   -995.416848     37.34
20.00    299.541946      0   -995.466025     43.70
25.00    299.530176      0   -995.443157     50.07
30.00    299.286224      0   -995.422923     56.44
35.00    299.165271      0   -995.409377     62.81
40.00    299.123213      0   -995.422390     69.18
45.00    298.499559      0   -995.407670     75.57
50.00    299.429963      0   -995.435415     81.93

Sampling
blocks        weight  killW       E_Guide     error       E_Trial     error     olp_T/G     error  Walltime
    20    298.896091      0   -995.430580  0.010929   -995.436524  0.002139    1.003811  0.000368  142.51
    40    298.913386      0   -995.436338  0.009125   -995.436574  0.002285    1.003921  0.000242  197.91
    60    298.842383      0   -995.436641  0.005837   -995.436133  0.001586    1.003903  0.000179  253.38
    80    298.790413      0   -995.434222  0.004904   -995.435649  0.001233    1.003877  0.000138  308.85
   100    298.784744      0   -995.437371  0.004261   -995.435950  0.001058    1.003698  0.000162  364.32
   120    298.732730      0   -995.436211  0.003871   -995.435665  0.000912    1.003729  0.000132  419.80
   140    298.709070      0   -995.437180  0.003406   -995.435869  0.000827    1.003686  0.000117  475.27
   160    298.700658      0   -995.438521  0.003114   -995.436025  0.000747    1.003718  0.000106  530.75
   180    298.701341      1   -995.440364  0.003149   -995.436174  0.000720    1.003811  0.000109  586.23
   200    298.689346      1   -995.440654  0.002773   -995.435913  0.000664    1.003839  0.000105  641.71
   220    298.674536      1   -995.439531  0.002625   -995.435887  0.000614    1.003771  0.000105  697.18
   240    298.655212      1   -995.439097  0.002470   -995.435796  0.000574    1.003746  0.000100  753.15
   260    298.640871      1   -995.438569  0.002405   -995.435583  0.000543    1.003702  0.000099  808.47
   280    298.616908      1   -995.438907  0.002218   -995.435723  0.000514    1.003717  0.000098  863.96
   300    298.592432      1   -995.438273  0.002190   -995.435684  0.000504    1.003753  0.000095  919.44
   320    298.587670      1   -995.438711  0.002085   -995.435741  0.000483    1.003776  0.000091  974.92
   340    298.591595      1   -995.438898  0.002029   -995.435871  0.000499    1.003750  0.000088 1030.45
   360    298.586936      2   -995.439149  0.001957   -995.435901  0.000486    1.003745  0.000082 1085.91
   380    298.575703      2   -995.438700  0.001901   -995.435836  0.000472    1.003746  0.000078 1141.39
   400    298.572197      2   -995.439222  0.001943   -995.435677  0.000464    1.003751  0.000075 1196.87
   420    298.561348      2   -995.438601  0.001941   -995.435582  0.000449    1.003745  0.000073 1252.35
   440    298.559860      2   -995.440143  0.002243   -995.436377  0.000590    1.003785  0.000090 1308.87
   460    298.545494      2   -995.440230  0.002154   -995.436376  0.000571    1.003822  0.000091 1364.47
   480    298.545170      2   -995.440784  0.002129   -995.436496  0.000557    1.003796  0.000098 1420.24
   500    298.542318      2   -995.440939  0.002057   -995.436559  0.000548    1.003793  0.000095 1476.01
   520    298.529022      2   -995.440640  0.002019   -995.436519  0.000529    1.003784  0.000091 1531.78
   540    298.515570      2   -995.440087  0.002000   -995.436351  0.000514    1.003772  0.000088 1587.53
   560    298.502611      2   -995.439933  0.001954   -995.436380  0.000498    1.003740  0.000092 1643.30
   580    298.500583      2   -995.440225  0.001910   -995.436280  0.000483    1.003727  0.000090 1699.07
   600    298.490076      2   -995.439971  0.001902   -995.436262  0.000470    1.003736  0.000088 1754.82
   620    298.481246      2   -995.439736  0.001905   -995.436247  0.000459    1.003710  0.000088 1810.61
   640    298.476667      2   -995.439580  0.001860   -995.436271  0.000448    1.003721  0.000089 1866.38
   660    298.476407      2   -995.439689  0.001778   -995.436186  0.000436    1.003738  0.000089 1922.06
   680    298.467587      2   -995.439571  0.001738   -995.436127  0.000426    1.003754  0.000087 1977.54
   700    298.472655      2   -995.439756  0.001708   -995.436106  0.000418    1.003757  0.000085 2033.02
   720    298.467323      2   -995.439525  0.001653   -995.436064  0.000408    1.003792  0.000087 2088.52
   740    298.463331      2   -995.439569  0.001622   -995.436110  0.000399    1.003793  0.000085 2147.98
   760    298.457589      2   -995.439502  0.001596   -995.436080  0.000391    1.003801  0.000083 2208.76
   780    298.457346      2   -995.439699  0.001550   -995.436159  0.000385    1.003786  0.000081 2269.58
   800    298.461322      2   -995.439966  0.001531   -995.436195  0.000378    1.003779  0.000079 2330.33
   820    298.458343      2   -995.439839  0.001503   -995.436196  0.000371    1.003781  0.000078 2391.11
   840    298.458348      2   -995.439790  0.001453   -995.436208  0.000365    1.003769  0.000076 2451.90
   860    298.462940      2   -995.440280  0.001497   -995.436268  0.000359    1.003754  0.000076 2512.67
   880    298.463848      2   -995.440289  0.001463   -995.436339  0.000355    1.003741  0.000075 2573.44
   900    298.464178      2   -995.440448  0.001438   -995.436335  0.000349    1.003733  0.000074 2634.24
   920    298.462372      2   -995.440240  0.001439   -995.436274  0.000343    1.003741  0.000074 2695.03
   940    298.462905      2   -995.440357  0.001439   -995.436314  0.000338    1.003757  0.000073 2755.80
   960    298.467656      2   -995.440593  0.001411   -995.436235  0.000332    1.003776  0.000083 2816.58
   980    298.461165      2   -995.440357  0.001390   -995.436221  0.000327    1.003786  0.000083 2877.33
  1000    298.461664      2   -995.440649  0.001383   -995.436236  0.000324    1.003800  0.000081 2938.12

Post Propagation Process
Total number of samples 1000
Raw AFQMC/HF (Guide) energy:           -995.440649 ± 0.001383
Raw Trial/Guide overlap ratio:          1.003800 ± 0.000081
Raw AFQMC/pt2CCSD energy (covariance): -995.436236 ± 0.000324
Raw AFQMC/pt2CCSD energy (dir sample): -995.436236 ± 0.000282

Remove Outliers
removing energies outside zeta > 30
Outlier energy bound [-995.603685, -995.265861]
Removed 0 outliers with energies []
Clean AFQMC/pt2CCSD overlap ratio:        1.003800 ± 0.000081
Clean AFQMC/pt2CCSD energy (covariance): -995.436236 ± 0.000324
Clean AFQMC/ptCCSD energy (dir sample):  -995.436236 ± 0.000282

Blocking Analysis
nsample = 1000, max_block_size = 25, min_nblocks = 40
   B    NB    NS  Observable     Error    dError
   1  1000  1000    1.003800  0.000026  0.000001
   2   500  1000    1.003800  0.000035  0.000001
   3   333   999    1.003799  0.000041  0.000002
   4   250  1000    1.003800  0.000046  0.000002
   5   200  1000    1.003800  0.000049  0.000002
   6   166   996    1.003795  0.000052  0.000003
   7   142   994    1.003792  0.000055  0.000003
   8   125  1000    1.003800  0.000058  0.000004
   9   111   999    1.003799  0.000061  0.000004
  10   100  1000    1.003800  0.000060  0.000004
  11    90   990    1.003785  0.000062  0.000005
  12    83   996    1.003795  0.000066  0.000005
  13    76   988    1.003782  0.000065  0.000005
  14    71   994    1.003792  0.000068  0.000006
  15    66   990    1.003785  0.000067  0.000006
  16    62   992    1.003789  0.000071  0.000006
  17    58   986    1.003782  0.000067  0.000006
  18    55   990    1.003785  0.000071  0.000007
  19    52   988    1.003782  0.000070  0.000007
  20    50  1000    1.003800  0.000072  0.000007
  21    47   987    1.003782  0.000069  0.000007
  22    45   990    1.003785  0.000071  0.000008
  23    43   989    1.003784  0.000072  0.000008
  24    41   984    1.003784  0.000081  0.000009
  25    40  1000    1.003800  0.000076  0.000009
Fit (variance): plateau_var = 5.681e-09 ± 5.454e-10
Fit (error):    plateau = 0.000075 ± 0.000004
     autocorrelation length ~ 9.1 blocks
     plateau reached at block size ~ 42
     !!!Failed to reach plateau in blocking
     Return max block error
nclean = 1000, max_block_size = 25, min_nblocks = 40
Blk_SZ   NBlk   NSmp      Energy     Error    dError
     1   1000   1000  -995.435973  0.000282  0.000006
     2    500   1000  -995.436019  0.000335  0.000011
     3    333    999  -995.436028  0.000371  0.000014
     4    250   1000  -995.436069  0.000392  0.000018
     5    200   1000  -995.436095  0.000373  0.000019
     6    166    996  -995.436084  0.000415  0.000023
     7    142    994  -995.436094  0.000440  0.000026
     8    125   1000  -995.436129  0.000421  0.000027
     9    111    999  -995.436128  0.000419  0.000028
    10    100   1000  -995.436152  0.000395  0.000028
    11     90    990  -995.436125  0.000412  0.000031
    12     83    996  -995.436146  0.000428  0.000033
    13     76    988  -995.436148  0.000425  0.000035
    14     71    994  -995.436156  0.000455  0.000038
    15     66    990  -995.436138  0.000487  0.000043
    16     62    992  -995.436144  0.000446  0.000040
    17     58    986  -995.436172  0.000453  0.000042
    18     55    990  -995.436160  0.000443  0.000043
    19     52    988  -995.436166  0.000455  0.000045
    20     50   1000  -995.436189  0.000421  0.000043
    21     47    987  -995.436171  0.000440  0.000046
    22     45    990  -995.436162  0.000429  0.000046
    23     43    989  -995.436165  0.000461  0.000050
    24     41    984  -995.436183  0.000448  0.000050
    25     40   1000  -995.436199  0.000441  0.000050
Fit (variance): plateau_var = 1.896728e-07 ± 9.090018e-09
Fit (error):    plateau = 0.000436 ± 0.000010
     autocorrelation length ~ 3.1 blocks
     plateau reached at block size ~ 14
Final AFQMC/pt2CCSD overlap ratio: 1.003800 ± 0.000081
Final AFQMC/pt2CCSD energy: -995.436236 ± 0.000436
Total run time: 2949.08

AFQMC Sampling Finished

