------------------------------------------- AFQMC Sampling Started -------------------------------------------
Hostname: gpua016.delta.ncsa.illinois.edu
System Type: Linux
Machine Type: x86_64
Processor: x86_64
Using GPU.
System: Linux
Node Name: gpua016.delta.ncsa.illinois.edu
Release: 5.14.0-427.91.1.el9_4.x86_64
Version: #1 SMP PREEMPT_DYNAMIC Wed Sep 17 10:08:59 EDT 2025
Machine: x86_64
Processor: x86_64
Decomposing Unrestricted T2 amplitudes
Throw 1 vectors in T2 deomposition
SVD cutoff = 1.00e-08 | error = 7.87e-09
number of T2 decomposition vectors 2159
norb: 78
nelec: (18, 18)
n_eql: 120
n_blocks: 1000
n_walkers: 300
dt: 0.005
max_error: 0.0
seed: 17
walker_type: uhf
trial: uccsd_pt2
free_projection: False
use_gpu: True
n_exp_terms: 6
n_prop_steps: 50
save_walkers: False
n_batch: 1
nchol_chunk: 100
mix_precision: True
initial AFQMC/pt2CCSD Energy is -474.447851
Propagating with 300 walkers
----------------------------------------------- Equilibration ------------------------------------------------
inv_T        weight  killW        energy   runTime
 0.00    300.000000      0   -473.441789     13.25
 3.00    314.598145      0   -474.452692     21.78
 6.00    315.494291      0   -474.433363     24.29
 9.00    314.835150      0   -474.494236     26.80
12.00    314.730843      0   -474.470530     29.32
15.00    316.056414      0   -474.524537     31.83
18.00    315.266791      0   -474.467421     34.34
21.00    313.985604      0   -474.427104     36.86
24.00    315.251349      0   -474.493771     39.37
27.00    313.544782      0   -474.497703     41.88
30.00    314.676137      0   -474.486031     44.40
---------------------------------------------- Sampling Blocks -----------------------------------------------
blocks        weight  killW       E_Guide     error       E_Trial     error     olp_T/G     error  Walltime
    20    314.849118      0   -474.479573  0.010154   -474.473302  0.001513    1.006230  0.000340   66.63
    40    313.108328      0   -474.471809  0.011383   -474.472412  0.001054    1.006173  0.000299   82.78
    60    311.700432      0   -474.478678  0.009552   -474.473990  0.001029    1.006230  0.000215   98.94
    80    310.594150      0   -474.482316  0.007446   -474.474311  0.000886    1.006201  0.000172  115.10
   100    309.528567      0   -474.480960  0.006155   -474.473919  0.000773    1.006294  0.000158  131.27
   120    308.637846      0   -474.479918  0.005004   -474.473898  0.000726    1.006311  0.000134  147.42
   140    307.812121      0   -474.477841  0.004821   -474.473762  0.000699    1.006403  0.000166  163.58
   160    307.092742      0   -474.477952  0.004295   -474.473596  0.000670    1.006471  0.000163  179.74
   180    306.487829      0   -474.478938  0.003927   -474.473676  0.000646    1.006472  0.000163  195.90
   200    305.957820      0   -474.479946  0.003599   -474.474536  0.000966    1.006468  0.000147  212.05
   220    305.473170      0   -474.480187  0.003491   -474.474169  0.000895    1.006452  0.000142  228.21
   240    305.037016      0   -474.480112  0.003269   -474.474084  0.000828    1.006400  0.000135  244.38
   260    304.621099      0   -474.478070  0.003351   -474.473928  0.000778    1.006482  0.000138  260.54
   280    304.272949      0   -474.479352  0.003318   -474.474064  0.000954    1.006474  0.000131  276.72
   300    303.969590      0   -474.478413  0.003166   -474.474012  0.000897    1.006548  0.000133  292.89
   320    303.679950      0   -474.478041  0.003077   -474.474140  0.000869    1.006566  0.000125  309.06
   340    303.452474      0   -474.478813  0.002945   -474.474198  0.000828    1.006588  0.000119  325.22
   360    303.224814      0   -474.479198  0.002808   -474.474361  0.000793    1.006569  0.000120  341.39
   380    303.006268      0   -474.478408  0.002731   -474.474252  0.000755    1.006526  0.000119  357.57
   400    302.815168      0   -474.478019  0.002621   -474.474110  0.000724    1.006541  0.000113  373.75
   420    302.650914      0   -474.478334  0.002513   -474.474222  0.000694    1.006499  0.000114  389.92
   440    302.480372      0   -474.478434  0.002437   -474.474252  0.000685    1.006494  0.000108  406.09
   460    302.317604      0   -474.477795  0.002399   -474.474160  0.000663    1.006543  0.000109  422.26
   480    302.172224      0   -474.477502  0.002332   -474.474192  0.000642    1.006553  0.000112  438.43
   500    302.046325      0   -474.477600  0.002268   -474.474209  0.000625    1.006534  0.000109  454.60
   520    301.915718      0   -474.477950  0.002226   -474.474180  0.000604    1.006556  0.000105  470.76
   540    301.808049      0   -474.478009  0.002173   -474.474165  0.000593    1.006590  0.000107  486.94
   560    301.706813      0   -474.477971  0.002098   -474.474168  0.000579    1.006582  0.000105  503.09
   580    301.608432      0   -474.478462  0.002054   -474.474093  0.000561    1.006531  0.000110  519.24
   600    301.516503      0   -474.478119  0.002044   -474.474107  0.000548    1.006530  0.000107  535.40
   620    301.438780      0   -474.478586  0.002009   -474.474121  0.000534    1.006501  0.000105  551.59
   640    301.365593      0   -474.479166  0.002017   -474.474189  0.000519    1.006467  0.000112  567.74
   660    301.283813      0   -474.479034  0.001979   -474.474182  0.000506    1.006490  0.000112  583.90
   680    301.211668      0   -474.478695  0.001932   -474.474200  0.000493    1.006518  0.000110  600.05
   700    301.150114      0   -474.479069  0.001916   -474.474217  0.000485    1.006529  0.000110  616.23
   720    301.090898      0   -474.479183  0.001862   -474.474346  0.000479    1.006533  0.000106  632.40
   740    301.030254      0   -474.478833  0.001875   -474.474290  0.000468    1.006517  0.000104  648.55
   760    300.966687      0   -474.478415  0.001926   -474.474243  0.000459    1.006529  0.000102  664.72
   780    300.912007      0   -474.478155  0.001897   -474.474208  0.000450    1.006543  0.000100  680.88
   800    300.863287      0   -474.478148  0.001851   -474.474195  0.000448    1.006553  0.000098  697.04
   820    300.812359      0   -474.478065  0.001823   -474.474168  0.000441    1.006557  0.000096  713.19
   840    300.774781      0   -474.478570  0.001866   -474.474152  0.000435    1.006557  0.000094  729.36
   860    300.731326      0   -474.478415  0.001825   -474.474089  0.000426    1.006554  0.000092  745.52
   880    300.694412      0   -474.478683  0.001866   -474.474015  0.000421    1.006529  0.000100  761.67
   900    300.658257      0   -474.479058  0.001866   -474.474002  0.000414    1.006533  0.000100  777.83
   920    300.619142      0   -474.479054  0.001869   -474.473989  0.000406    1.006513  0.000098  794.00
   940    300.581699      0   -474.479021  0.001834   -474.473949  0.000399    1.006521  0.000097  810.16
   960    300.540416      0   -474.478811  0.001791   -474.473965  0.000393    1.006518  0.000095  828.40
   980    300.510225      0   -474.478751  0.001756   -474.473925  0.000386    1.006504  0.000093  844.56
  1000    300.474378      0   -474.478787  0.001721   -474.473905  0.000383    1.006516  0.000091  860.72
---------------------------------------------- Post Propagation ----------------------------------------------
Total number of samples 1000
Raw AFQMC/HF (Guide) energy:           -474.478787 ± 0.001721
Raw Trial/Guide overlap ratio:          1.006516 ± 0.000091
Raw AFQMC/pt2CCSD energy (covariance): -474.473905 ± 0.000383
Raw AFQMC/pt2CCSD energy (dir sample): -474.473905 ± 0.000301
--------------------------------------------- Clean Obeservation ---------------------------------------------
removing energies outside zeta > 30
Outlier energy bound [-474.669198, -474.275793]
Removed 0 outliers with energies []
Clean AFQMC/pt2CCSD overlap ratio:        1.006516 ± 0.000091
Clean AFQMC/pt2CCSD energy (covariance): -474.473905 ± 0.000383
Clean AFQMC/ptCCSD energy (dir sample):  -474.473905 ± 0.000301
--------------------------------------------- Blocking Analysis ----------------------------------------------
nsample = 1000, max_block_size = 25, min_nblocks = 40
   B    NB    NS  Observable     Error    dError
   1  1000  1000    1.006517  0.000035  0.000001
   2   500  1000    1.006517  0.000045  0.000001
   3   333   999    1.006518  0.000053  0.000002
   4   250  1000    1.006517  0.000057  0.000003
   5   200  1000    1.006517  0.000061  0.000003
   6   166   996    1.006517  0.000064  0.000004
   7   142   994    1.006515  0.000067  0.000004
   8   125  1000    1.006517  0.000070  0.000004
   9   111   999    1.006518  0.000072  0.000005
  10   100  1000    1.006517  0.000075  0.000005
  11    90   990    1.006511  0.000077  0.000006
  12    83   996    1.006517  0.000076  0.000006
  13    76   988    1.006509  0.000081  0.000007
  14    71   994    1.006515  0.000081  0.000007
  15    66   990    1.006511  0.000076  0.000007
  16    62   992    1.006513  0.000084  0.000008
  17    58   986    1.006507  0.000080  0.000007
  18    55   990    1.006511  0.000079  0.000008
  19    52   988    1.006509  0.000081  0.000008
  20    50  1000    1.006517  0.000086  0.000009
  21    47   987    1.006508  0.000079  0.000008
  22    45   990    1.006511  0.000091  0.000010
  23    43   989    1.006510  0.000081  0.000009
  24    41   984    1.006503  0.000084  0.000009
  25    40  1000    1.006517  0.000084  0.000009
Fit (variance): plateau_var = 7.122e-09 ± 5.387e-10
Fit (error):    plateau = 0.000084 ± 0.000003
     autocorrelation length ~ 6.9 blocks
     plateau reached at block size ~ 32
     !!!Failed to reach plateau in blocking
     Return max block error
nclean = 1000, max_block_size = 25, min_nblocks = 40
Blk_SZ   NBlk   NSmp      Energy     Error    dError
     1   1000   1000  -474.473607  0.000301  0.000007
     2    500   1000  -474.473687  0.000321  0.000010
     3    333    999  -474.473722  0.000331  0.000013
     4    250   1000  -474.473766  0.000339  0.000015
     5    200   1000  -474.473775  0.000309  0.000016
     6    166    996  -474.473810  0.000328  0.000018
     7    142    994  -474.473836  0.000344  0.000020
     8    125   1000  -474.473818  0.000359  0.000023
     9    111    999  -474.473824  0.000332  0.000022
    10    100   1000  -474.473818  0.000304  0.000022
    11     90    990  -474.473831  0.000328  0.000025
    12     83    996  -474.473862  0.000315  0.000025
    13     76    988  -474.473836  0.000331  0.000027
    14     71    994  -474.473878  0.000301  0.000025
    15     66    990  -474.473852  0.000292  0.000026
    16     62    992  -474.473903  0.000314  0.000028
    17     58    986  -474.473864  0.000343  0.000032
    18     55    990  -474.473865  0.000345  0.000033
    19     52    988  -474.473839  0.000315  0.000031
    20     50   1000  -474.473856  0.000302  0.000030
    21     47    987  -474.473870  0.000333  0.000035
    22     45    990  -474.473853  0.000322  0.000034
    23     43    989  -474.473881  0.000289  0.000032
    24     41    984  -474.473878  0.000314  0.000035
    25     40   1000  -474.473872  0.000315  0.000036
Fit (variance): plateau_var = 1.041982e-07 ± 3.147378e-09
Fit (error):    plateau = 0.000323 ± 0.000005
     autocorrelation length ~ 0.3 blocks
     plateau reached at block size ~ 2
Final AFQMC/pt2CCSD overlap ratio: 1.006516 ± 0.000091
Final AFQMC/pt2CCSD energy: -474.473905 ± 0.000323
Total run time: 870.32
------------------------------------------ AFQMC Sampling Finished -------------------------------------------
