#INFO: **** input file is /projects/yizh8382/projects/w4_17/w4-17_all/pyscf_input/run_pyscf.py ****
import os
import glob
import numpy as np
from pyscf import gto, scf, cc

basis = "ccpvtz"
xyz_dir = "../w4_17_xyz/closed_shell"
results_file = f"../result/closed_shell_rhf_{basis}.dat"
out_dir = "../result/molout/closed_shell"
os.makedirs(out_dir, exist_ok=True)

# Set to a list of molecule names to run only those, e.g. ["acetaldehyde", "benzene"]
# Set to None to run all molecules in xyz_dir
select_molecules = None
# select_molecules = ["bn3pi","b2", "cf"]
symmetry = False

all_xyz = sorted(glob.glob(os.path.join(xyz_dir, "*.xyz")))
if select_molecules is not None:
    select_set = set(select_molecules)
    xyz_files = [p for p in all_xyz if os.path.splitext(os.path.basename(p))[0] in select_set]
    missing = select_set - {os.path.splitext(os.path.basename(p))[0] for p in xyz_files}
    if missing:
        print(f"Warning: no .xyz file found for: {', '.join(sorted(missing))} in {xyz_dir}")
else:
    xyz_files = all_xyz

with open(results_file, "w") as out:
    out.write(f"{'Molecule':<16s} {'Charge':>6s} {'2S':>6s} {'frozen':>6s} "
              f"{'E_RHF (Eh)':>20s} {'E_CCSD (Eh)':>20s} {'E_CCSD(T) (Eh)':>20s}\n")
    out.write("-" * 100 + "\n")

for xyz_path in xyz_files:
    with open(xyz_path, "r") as f:
        lines = f.readlines()

    # Parse charge and multiplicity from second line: "name charge=X mult=Y"
    second_line = lines[1]
    charge = int(second_line.split("charge=")[1].split()[0])
    mult   = int(second_line.split("mult=")[1].split()[0])
    spin   = mult - 1   # PySCF spin input is 2S = mult - 1
    mol_name = second_line.split()[0]

    # Coordinates only (skip the atom count and comment lines)
    atoms = "".join(lines[2:])

    print(f"\n{'='*60}")
    print(f"Running: {mol_name}  charge={charge}  spin={spin}")
    print(f"{'='*60}")

    mol = gto.M(
        atom=atoms,
        basis=basis,
        verbose=4,
        output=os.path.join(out_dir, f"{mol_name}_{basis}.out"),
        unit="angstrom",
        symmetry=symmetry,
        charge=charge,
        spin=spin,
        max_memory=40000,
    )

    mf = scf.RHF(mol)
    mf.max_cycle = 200
    mf = mf.newton()
    mf.kernel()

    # Stability check loop — at most 10 attempts
    max_stability_cycles = 10
    stable = False
    for stability_iter in range(max_stability_cycles):
        mo_i, _, stable, _ = mf.stability(return_status=True)
        if stable:
            break
        dm = mf.make_rdm1(mo_i, mf.mo_occ)
        mf.kernel(dm0=dm)

    if not stable or not mf.converged:
        print(f"  !! SCF did not converge for {mol_name} — skipping.")
        with open(results_file, "a") as out:
            out.write(f"{mol_name:<16s} {charge:>6d} {spin:>6d} {'N/A':>6s} "
                      f"{'UNCONVERGED':>20s} {'UNCONVERGED':>20s} {'UNCONVERGED':>20s}\n")
        continue

    energy = mf.e_tot

    mycc = cc.CCSD(mf)
    mycc.set_frozen()
    mycc.kernel()
    e_ccsd = mycc.e_tot
    et = mycc.ccsd_t()
    e_ccsdt = e_ccsd + et
    frozen = mycc.frozen

    with open(results_file, "a") as out:
        out.write(f"{mol_name:<16s} {charge:>6d} {spin:>6d} {frozen:>6d} "
                  f"{energy:>20.10f} {e_ccsd:>20.10f} {e_ccsdt:>20.10f}\n")

    print(f"  => E_RHF({mol_name})     = {energy:.10f} Eh")
    print(f"  => E_CCSD({mol_name})    = {e_ccsd:.10f} Eh")
    print(f"  => E_CCSD(T)({mol_name}) = {e_ccsdt:.10f} Eh")

print(f"\nAll calculations complete. Results saved to {results_file}")
#INFO: ******************** input file end ********************


System: uname_result(system='Linux', node='bnode0308.rc.int.colorado.edu', release='4.18.0-477.27.1.el8_8.x86_64', version='#1 SMP Thu Aug 31 10:29:22 EDT 2023', machine='x86_64')  Threads 28
Python 3.10.2 | packaged by conda-forge | (main, Mar  8 2022, 15:52:01) [GCC 9.4.0]
numpy 2.0.2  scipy 1.14.1  h5py 3.12.1
Date: Tue May 12 12:48:38 2026
PySCF version 2.9.0
PySCF path  /projects/yizh8382/tools/lno_pyscf_gcc
GIT HEAD (branch master) 142756584ed3963728cc1f6823286f4605811a6c

[ENV] PYSCF_TMPDIR /scratch/alpine/yizh8382/pyscf
[ENV] PYSCF_EXT_PATH /home/yizh8382/tools/pyscf-forge
[CONFIG] conf_file None
[INPUT] verbose = 4
[INPUT] num. atoms = 8
[INPUT] num. electrons = 26
[INPUT] charge = 0
[INPUT] spin (= nelec alpha-beta = 2S) = 0
[INPUT] symmetry False subgroup None
[INPUT] Mole.unit = angstrom
[INPUT] Symbol           X                Y                Z      unit          X                Y                Z       unit  Magmom
[INPUT]  1 F      1.223684000000  -0.102770000000   0.000000000000 AA    2.312427623012  -0.194207153822   0.000000000000 Bohr   0.0
[INPUT]  2 C      0.000000000000   0.558143000000   0.000000000000 AA    0.000000000000   1.054737408343   0.000000000000 Bohr   0.0
[INPUT]  3 C     -1.122802000000  -0.450951000000   0.000000000000 AA   -2.121788272114  -0.852173885599   0.000000000000 Bohr   0.0
[INPUT]  4 H     -2.084290000000   0.065246000000   0.000000000000 AA   -3.938737264170   0.123297070723   0.000000000000 Bohr   0.0
[INPUT]  5 H     -0.028060000000   1.191265000000   0.887974000000 AA   -0.053025715055   2.251164591780   1.678027665735 Bohr   0.0
[INPUT]  6 H     -0.028060000000   1.191265000000  -0.887974000000 AA   -0.053025715055   2.251164591780  -1.678027665735 Bohr   0.0
[INPUT]  7 H     -1.067967000000  -1.082997000000   0.885745000000 AA   -2.018165140073  -2.046567723726   1.673815466203 Bohr   0.0
[INPUT]  8 H     -1.067967000000  -1.082997000000  -0.885745000000 AA   -2.018165140073  -2.046567723726  -1.673815466203 Bohr   0.0

nuclear repulsion = 79.3110075244268
number of shells = 57
number of NR pGTOs = 206
number of NR cGTOs = 160
basis = ccpvtz
ecp = {}
CPU time:     41948.18




******** <class 'pyscf.soscf.newton_ah.SecondOrderRHF'> ********
method = SecondOrderRHF
initial guess = minao
damping factor = 0
level_shift factor = 0
DIIS = <class 'pyscf.scf.diis.CDIIS'>
diis_start_cycle = 1
diis_space = 8
diis_damp = 0
SCF conv_tol = 1e-09
SCF conv_tol_grad = None
SCF max_cycles = 200
direct_scf = True
direct_scf_tol = 1e-13
chkfile to save SCF result = /scratch/alpine/yizh8382/pyscf/tmp2qrae7vb
max_memory 40000 MB (current use 3138 MB)
******** <class 'pyscf.scf.hf.RHF'> Newton solver flags ********
SCF tol = 1e-09
conv_tol_grad = None
max. SCF cycles = 200
direct_scf = True
direct_scf_tol = 1e-13
chkfile to save SCF result = /scratch/alpine/yizh8382/pyscf/tmp2qrae7vb
max_cycle_inner = 12
max_stepsize = 0.05
ah_start_tol = 1e+09
ah_level_shift = 0
ah_conv_tol = 1e-12
ah_lindep = 1e-14
ah_start_cycle = 1
ah_max_cycle = 40
ah_grad_trust_region = 2.5
kf_interval = 4
kf_trust_region = 5
canonicalization = True
max_memory 40000 MB (current use 3138 MB)
Set conv_tol_grad to 3.16228e-05
Initial guess from minao.
  HOMO = -0.36344758425154  LUMO = 0.109263790431443
Initial guess E= -178.088103791295  |g|= 0.522088
macro= 0  E= -178.149551408179  delta_E= -0.0614476  |g|= 0.0043531  4 KF 13 JK
macro= 1  E= -178.14955156702  delta_E= -1.5884e-07  |g|= 6.47132e-05  2 KF 7 JK
macro= 2  E= -178.149551567019  delta_E= 2.27374e-13  |g|= 4.96655e-06  1 KF 2 JK
Canonicalize SCF orbitals
macro X = 3  E=-178.149551567019  |g|= 4.96655e-06  total 8 KF 26 JK
converged SCF energy = -178.149551567019
rhf_internal: lowest eigs of H = [1.64401243 1.72401692 1.77481972]
<class 'pyscf.soscf.newton_ah.SecondOrderRHF'> wavefunction is stable in the internal stability analysis

******** <class 'pyscf.cc.ccsd.CCSD'> ********
CC2 = 0
CCSD nocc = 10, nmo = 157
frozen orbitals 3
max_cycle = 50
direct = 0
conv_tol = 1e-07
conv_tol_normt = 1e-05
diis_space = 6
diis_start_cycle = 0
diis_start_energy_diff = 1e+09
max_memory 40000 MB (current use 3619 MB)
Init t2, MP2 energy = -178.756381985254  E_corr(MP2) -0.606830418234623
Init E_corr(CCSD) = -0.606830418238813
cycle = 1  E_corr(CCSD) = -0.618066799656515  dE = -0.0112363814  norm(t1,t2) = 0.0499198
cycle = 2  E_corr(CCSD) = -0.631345530772903  dE = -0.0132787311  norm(t1,t2) = 0.0147951
cycle = 3  E_corr(CCSD) = -0.632062150112771  dE = -0.00071661934  norm(t1,t2) = 0.00686534
cycle = 4  E_corr(CCSD) = -0.633594554278074  dE = -0.00153240417  norm(t1,t2) = 0.00237381
cycle = 5  E_corr(CCSD) = -0.633668302483928  dE = -7.37482059e-05  norm(t1,t2) = 0.000490924
cycle = 6  E_corr(CCSD) = -0.633628845748692  dE = 3.94567352e-05  norm(t1,t2) = 0.000170784
cycle = 7  E_corr(CCSD) = -0.633618515523401  dE = 1.03302253e-05  norm(t1,t2) = 4.64108e-05
cycle = 8  E_corr(CCSD) = -0.633621184706107  dE = -2.66918271e-06  norm(t1,t2) = 1.6641e-05
cycle = 9  E_corr(CCSD) = -0.633621776088522  dE = -5.91382415e-07  norm(t1,t2) = 6.65929e-06
cycle = 10  E_corr(CCSD) = -0.633621675105613  dE = 1.00982909e-07  norm(t1,t2) = 2.22813e-06
cycle = 11  E_corr(CCSD) = -0.633621701890621  dE = -2.6785008e-08  norm(t1,t2) = 9.88875e-07
CCSD converged
E(CCSD) = -178.78317326891  E_corr = -0.6336217018906209
CCSD(T) correction = -0.020637062427508
