------------------------------------------- AFQMC Sampling Started -------------------------------------------
Hostname: gpua016.delta.ncsa.illinois.edu
System Type: Linux
Machine Type: x86_64
Processor: x86_64
Using GPU.
System: Linux
Node Name: gpua016.delta.ncsa.illinois.edu
Release: 5.14.0-427.91.1.el9_4.x86_64
Version: #1 SMP PREEMPT_DYNAMIC Wed Sep 17 10:08:59 EDT 2025
Machine: x86_64
Processor: x86_64
Decomposing Unrestricted T2 amplitudes
Throw 0 vectors in T2 deomposition
SVD cutoff = 1.00e-08 | error = 3.77e-15
number of T2 decomposition vectors 1066
norb: 54
nelec: (13, 13)
n_eql: 120
n_blocks: 1000
n_walkers: 300
dt: 0.005
max_error: 0.0
seed: 17
walker_type: uhf
trial: uccsd_pt2
free_projection: False
use_gpu: True
n_exp_terms: 6
n_prop_steps: 50
save_walkers: False
n_batch: 1
nchol_chunk: 100
mix_precision: True
initial AFQMC/pt2CCSD Energy is -1417.515889
Propagating with 300 walkers
----------------------------------------------- Equilibration ------------------------------------------------
inv_T        weight  killW        energy   runTime
 0.00    300.000000      0  -1416.935288     12.29
 3.00    307.965502      0  -1417.522494     19.32
 6.00    308.257687      0  -1417.526113     20.66
 9.00    307.906704      0  -1417.542560     22.01
12.00    308.197091      0  -1417.567328     23.35
15.00    308.442971      0  -1417.527618     24.70
18.00    307.879522      0  -1417.544292     26.05
21.00    308.884679      0  -1417.555836     27.39
24.00    308.290609      0  -1417.563785     28.74
27.00    308.385237      0  -1417.545376     30.09
30.00    309.011014      0  -1417.577136     31.43
---------------------------------------------- Sampling Blocks -----------------------------------------------
blocks        weight  killW       E_Guide     error       E_Trial     error     olp_T/G     error  Walltime
    20    308.108936      0  -1417.527334  0.006678  -1417.532710  0.000755    1.002656  0.000325   44.12
    40    307.255624      0  -1417.533613  0.005629  -1417.532876  0.000581    1.002747  0.000190   50.78
    60    306.459780      0  -1417.535381  0.004634  -1417.533556  0.000530    1.002381  0.000262   57.42
    80    305.792358      0  -1417.536656  0.004465  -1417.533174  0.000441    1.002342  0.000199   64.05
   100    305.173340      1  -1417.534730  0.003809  -1417.533402  0.000457    1.002353  0.000162   70.68
   120    304.642517      1  -1417.534301  0.003434  -1417.533514  0.000408    1.002302  0.000139   77.31
   140    304.222155      1  -1417.535694  0.003081  -1417.533741  0.000380    1.002304  0.000119   83.93
   160    303.827344      1  -1417.536487  0.002798  -1417.533606  0.000343    1.002372  0.000115   90.57
   180    303.463137      1  -1417.535197  0.002646  -1417.533284  0.000324    1.002429  0.000109   97.20
   200    303.152481      1  -1417.535326  0.002526  -1417.533222  0.000303    1.002399  0.000101  103.83
   220    302.869154      1  -1417.535091  0.002330  -1417.533179  0.000285    1.002396  0.000094  110.49
   240    302.631803      1  -1417.536344  0.002398  -1417.533305  0.000278    1.002367  0.000088  117.12
   260    302.407549      1  -1417.536181  0.002288  -1417.533246  0.000265    1.002315  0.000090  123.75
   280    302.216698      1  -1417.536546  0.002125  -1417.533231  0.000260    1.002305  0.000084  130.39
   300    302.034929      1  -1417.536099  0.002023  -1417.533307  0.000253    1.002320  0.000079  137.01
   320    301.871665      1  -1417.536158  0.001942  -1417.533240  0.000249    1.002339  0.000076  143.64
   340    301.727170      1  -1417.536438  0.001878  -1417.533153  0.000241    1.002345  0.000072  150.27
   360    301.580033      1  -1417.535896  0.001785  -1417.533102  0.000232    1.002326  0.000069  156.90
   380    301.456789      1  -1417.535273  0.001760  -1417.533190  0.000225    1.002283  0.000072  163.53
   400    301.338965      1  -1417.535234  0.001681  -1417.533244  0.000231    1.002294  0.000071  170.17
   420    301.228881      1  -1417.534973  0.001647  -1417.533249  0.000225    1.002293  0.000070  176.80
   440    301.123406      1  -1417.534283  0.001622  -1417.533228  0.000217    1.002273  0.000069  183.42
   460    301.039738      1  -1417.534395  0.001550  -1417.533196  0.000210    1.002273  0.000066  190.05
   480    300.969741      1  -1417.534943  0.001552  -1417.533189  0.000207    1.002276  0.000063  196.68
   500    300.884503      1  -1417.534304  0.001552  -1417.533156  0.000201    1.002278  0.000061  203.30
   520    300.809162      1  -1417.533899  0.001531  -1417.533073  0.000196    1.002284  0.000062  209.93
   540    300.751415      2  -1417.533993  0.001461  -1417.533120  0.000196    1.002279  0.000061  216.56
   560    300.694630      2  -1417.534123  0.001546  -1417.533145  0.000191    1.002276  0.000059  223.18
   580    300.637935      2  -1417.534022  0.001508  -1417.533143  0.000186    1.002280  0.000058  229.84
   600    300.583060      2  -1417.533690  0.001487  -1417.533100  0.000183    1.002284  0.000058  236.48
   620    300.536189      2  -1417.533512  0.001441  -1417.533111  0.000179    1.002287  0.000057  243.11
   640    300.494370      2  -1417.533767  0.001456  -1417.533128  0.000176    1.002273  0.000055  249.73
   660    300.452784      2  -1417.533735  0.001421  -1417.533202  0.000194    1.002288  0.000057  256.38
   680    300.410425      2  -1417.533584  0.001389  -1417.533197  0.000190    1.002278  0.000059  263.01
   700    300.376136      2  -1417.533876  0.001386  -1417.533207  0.000186    1.002269  0.000059  269.64
   720    300.337657      2  -1417.533728  0.001377  -1417.533178  0.000183    1.002270  0.000058  276.26
   740    300.305295      2  -1417.533853  0.001348  -1417.533222  0.000181    1.002279  0.000057  282.89
   760    300.274549      2  -1417.533928  0.001365  -1417.533210  0.000177    1.002271  0.000056  289.53
   780    300.245799      2  -1417.533837  0.001337  -1417.533175  0.000174    1.002267  0.000056  296.16
   800    300.220267      2  -1417.533839  0.001305  -1417.533115  0.000174    1.002273  0.000054  302.78
   820    300.192798      2  -1417.533868  0.001276  -1417.533111  0.000173    1.002267  0.000053  309.41
   840    300.167813      2  -1417.533969  0.001249  -1417.533111  0.000170    1.002264  0.000052  316.04
   860    300.146872      2  -1417.534155  0.001241  -1417.533107  0.000168    1.002270  0.000051  322.66
   880    300.122603      2  -1417.534140  0.001220  -1417.533113  0.000165    1.002261  0.000051  329.29
   900    300.099265      2  -1417.534194  0.001201  -1417.533109  0.000163    1.002261  0.000050  335.91
   920    300.077295      2  -1417.534358  0.001178  -1417.533088  0.000161    1.002256  0.000051  342.55
   940    300.057483      2  -1417.534378  0.001168  -1417.533065  0.000159    1.002263  0.000051  349.19
   960    300.039970      2  -1417.534582  0.001161  -1417.533073  0.000158    1.002257  0.000050  355.81
   980    300.019910      2  -1417.534454  0.001156  -1417.533085  0.000156    1.002255  0.000050  362.44
  1000    300.002851      2  -1417.534427  0.001137  -1417.533079  0.000154    1.002266  0.000049  369.06
---------------------------------------------- Post Propagation ----------------------------------------------
Total number of samples 1000
Raw AFQMC/HF (Guide) energy:           -1417.534427 ± 0.001137
Raw Trial/Guide overlap ratio:          1.002266 ± 0.000049
Raw AFQMC/pt2CCSD energy (covariance): -1417.533079 ± 0.000154
Raw AFQMC/pt2CCSD energy (dir sample): -1417.533079 ± 0.000136
--------------------------------------------- Clean Obeservation ---------------------------------------------
removing energies outside zeta > 30
Outlier energy bound [-1417.633453, -1417.431369]
Removed 0 outliers with energies []
Clean AFQMC/pt2CCSD overlap ratio:        1.002266 ± 0.000049
Clean AFQMC/pt2CCSD energy (covariance): -1417.533079 ± 0.000154
Clean AFQMC/ptCCSD energy (dir sample):  -1417.533079 ± 0.000136
--------------------------------------------- Blocking Analysis ----------------------------------------------
nsample = 1000, max_block_size = 25, min_nblocks = 40
   B    NB    NS  Observable     Error    dError
   1  1000  1000    1.002266  0.000017  0.000000
   2   500  1000    1.002266  0.000022  0.000001
   3   333   999    1.002266  0.000026  0.000001
   4   250  1000    1.002266  0.000029  0.000001
   5   200  1000    1.002266  0.000031  0.000002
   6   166   996    1.002264  0.000033  0.000002
   7   142   994    1.002263  0.000035  0.000002
   8   125  1000    1.002266  0.000036  0.000002
   9   111   999    1.002266  0.000037  0.000003
  10   100  1000    1.002266  0.000040  0.000003
  11    90   990    1.002261  0.000040  0.000003
  12    83   996    1.002264  0.000039  0.000003
  13    76   988    1.002260  0.000041  0.000003
  14    71   994    1.002263  0.000042  0.000004
  15    66   990    1.002261  0.000044  0.000004
  16    62   992    1.002262  0.000040  0.000004
  17    58   986    1.002259  0.000045  0.000004
  18    55   990    1.002261  0.000044  0.000004
  19    52   988    1.002260  0.000045  0.000004
  20    50  1000    1.002266  0.000045  0.000005
  21    47   987    1.002259  0.000043  0.000004
  22    45   990    1.002261  0.000042  0.000005
  23    43   989    1.002261  0.000049  0.000005
  24    41   984    1.002258  0.000044  0.000005
  25    40  1000    1.002266  0.000042  0.000005
Fit (variance): plateau_var = 2.097e-09 ± 1.812e-10
Fit (error):    plateau = 0.000046 ± 0.000002
     autocorrelation length ~ 8.2 blocks
     plateau reached at block size ~ 38
     !!!Failed to reach plateau in blocking
     Return max block error
nclean = 1000, max_block_size = 25, min_nblocks = 40
Blk_SZ   NBlk   NSmp      Energy     Error    dError
     1   1000   1000  -1417.532956  0.000136  0.000003
     2    500   1000  -1417.532981  0.000157  0.000005
     3    333    999  -1417.533002  0.000167  0.000006
     4    250   1000  -1417.533009  0.000165  0.000007
     5    200   1000  -1417.533016  0.000174  0.000009
     6    166    996  -1417.533040  0.000175  0.000010
     7    142    994  -1417.533049  0.000169  0.000010
     8    125   1000  -1417.533031  0.000178  0.000011
     9    111    999  -1417.533036  0.000183  0.000012
    10    100   1000  -1417.533039  0.000174  0.000012
    11     90    990  -1417.533068  0.000177  0.000013
    12     83    996  -1417.533059  0.000179  0.000014
    13     76    988  -1417.533061  0.000196  0.000016
    14     71    994  -1417.533066  0.000168  0.000014
    15     66    990  -1417.533072  0.000167  0.000015
    16     62    992  -1417.533075  0.000177  0.000016
    17     58    986  -1417.533065  0.000182  0.000017
    18     55    990  -1417.533075  0.000199  0.000019
    19     52    988  -1417.533067  0.000174  0.000017
    20     50   1000  -1417.533059  0.000156  0.000016
    21     47    987  -1417.533071  0.000189  0.000020
    22     45    990  -1417.533083  0.000175  0.000019
    23     43    989  -1417.533073  0.000169  0.000018
    24     41    984  -1417.533071  0.000185  0.000021
    25     40   1000  -1417.533058  0.000201  0.000023
Fit (variance): plateau_var = 3.097143e-08 ± 1.187406e-09
Fit (error):    plateau = 0.000176 ± 0.000003
     autocorrelation length ~ 1.6 blocks
     plateau reached at block size ~ 8
Final AFQMC/pt2CCSD overlap ratio: 1.002266 ± 0.000049
Final AFQMC/pt2CCSD energy: -1417.533079 ± 0.000176
Total run time: 378.38
------------------------------------------ AFQMC Sampling Finished -------------------------------------------
