#INFO: **** input file is /projects/yizh8382/projects/w4_17/w4-17_all/pyscf_input/run_pyscf.py ****
import os
import glob
import numpy as np
from pyscf import gto, scf, cc

basis = "ccpvtz"
xyz_dir = "../w4_17_xyz/closed_shell"
results_file = f"../result/closed_shell_rhf_{basis}.dat"
out_dir = "../result/molout/closed_shell"
os.makedirs(out_dir, exist_ok=True)

# Set to a list of molecule names to run only those, e.g. ["acetaldehyde", "benzene"]
# Set to None to run all molecules in xyz_dir
select_molecules = None
# select_molecules = ["bn3pi","b2", "cf"]
symmetry = False

all_xyz = sorted(glob.glob(os.path.join(xyz_dir, "*.xyz")))
if select_molecules is not None:
    select_set = set(select_molecules)
    xyz_files = [p for p in all_xyz if os.path.splitext(os.path.basename(p))[0] in select_set]
    missing = select_set - {os.path.splitext(os.path.basename(p))[0] for p in xyz_files}
    if missing:
        print(f"Warning: no .xyz file found for: {', '.join(sorted(missing))} in {xyz_dir}")
else:
    xyz_files = all_xyz

with open(results_file, "w") as out:
    out.write(f"{'Molecule':<16s} {'Charge':>6s} {'2S':>6s} {'frozen':>6s} "
              f"{'E_RHF (Eh)':>20s} {'E_CCSD (Eh)':>20s} {'E_CCSD(T) (Eh)':>20s}\n")
    out.write("-" * 100 + "\n")

for xyz_path in xyz_files:
    with open(xyz_path, "r") as f:
        lines = f.readlines()

    # Parse charge and multiplicity from second line: "name charge=X mult=Y"
    second_line = lines[1]
    charge = int(second_line.split("charge=")[1].split()[0])
    mult   = int(second_line.split("mult=")[1].split()[0])
    spin   = mult - 1   # PySCF spin input is 2S = mult - 1
    mol_name = second_line.split()[0]

    # Coordinates only (skip the atom count and comment lines)
    atoms = "".join(lines[2:])

    print(f"\n{'='*60}")
    print(f"Running: {mol_name}  charge={charge}  spin={spin}")
    print(f"{'='*60}")

    mol = gto.M(
        atom=atoms,
        basis=basis,
        verbose=4,
        output=os.path.join(out_dir, f"{mol_name}_{basis}.out"),
        unit="angstrom",
        symmetry=symmetry,
        charge=charge,
        spin=spin,
        max_memory=40000,
    )

    mf = scf.RHF(mol)
    mf.max_cycle = 200
    mf = mf.newton()
    mf.kernel()

    # Stability check loop — at most 10 attempts
    max_stability_cycles = 10
    stable = False
    for stability_iter in range(max_stability_cycles):
        mo_i, _, stable, _ = mf.stability(return_status=True)
        if stable:
            break
        dm = mf.make_rdm1(mo_i, mf.mo_occ)
        mf.kernel(dm0=dm)

    if not stable or not mf.converged:
        print(f"  !! SCF did not converge for {mol_name} — skipping.")
        with open(results_file, "a") as out:
            out.write(f"{mol_name:<16s} {charge:>6d} {spin:>6d} {'N/A':>6s} "
                      f"{'UNCONVERGED':>20s} {'UNCONVERGED':>20s} {'UNCONVERGED':>20s}\n")
        continue

    energy = mf.e_tot

    mycc = cc.CCSD(mf)
    mycc.set_frozen()
    mycc.kernel()
    e_ccsd = mycc.e_tot
    et = mycc.ccsd_t()
    e_ccsdt = e_ccsd + et
    frozen = mycc.frozen

    with open(results_file, "a") as out:
        out.write(f"{mol_name:<16s} {charge:>6d} {spin:>6d} {frozen:>6d} "
                  f"{energy:>20.10f} {e_ccsd:>20.10f} {e_ccsdt:>20.10f}\n")

    print(f"  => E_RHF({mol_name})     = {energy:.10f} Eh")
    print(f"  => E_CCSD({mol_name})    = {e_ccsd:.10f} Eh")
    print(f"  => E_CCSD(T)({mol_name}) = {e_ccsdt:.10f} Eh")

print(f"\nAll calculations complete. Results saved to {results_file}")
#INFO: ******************** input file end ********************


System: uname_result(system='Linux', node='bnode0308.rc.int.colorado.edu', release='4.18.0-477.27.1.el8_8.x86_64', version='#1 SMP Thu Aug 31 10:29:22 EDT 2023', machine='x86_64')  Threads 28
Python 3.10.2 | packaged by conda-forge | (main, Mar  8 2022, 15:52:01) [GCC 9.4.0]
numpy 2.0.2  scipy 1.14.1  h5py 3.12.1
Date: Tue May 12 12:51:28 2026
PySCF version 2.9.0
PySCF path  /projects/yizh8382/tools/lno_pyscf_gcc
GIT HEAD (branch master) 142756584ed3963728cc1f6823286f4605811a6c

[ENV] PYSCF_TMPDIR /scratch/alpine/yizh8382/pyscf
[ENV] PYSCF_EXT_PATH /home/yizh8382/tools/pyscf-forge
[CONFIG] conf_file None
[INPUT] verbose = 4
[INPUT] num. atoms = 5
[INPUT] num. electrons = 26
[INPUT] charge = 0
[INPUT] spin (= nelec alpha-beta = 2S) = 0
[INPUT] symmetry False subgroup None
[INPUT] Mole.unit = angstrom
[INPUT] Symbol           X                Y                Z      unit          X                Y                Z       unit  Magmom
[INPUT]  1 Cl     0.000000000000   0.000000000000  -0.551401669400 AA    0.000000000000   0.000000000000  -1.041998139794 Bohr   0.0
[INPUT]  2 C      0.000000000000   0.000000000000   1.231289687200 AA    0.000000000000   0.000000000000   2.326800288809 Bohr   0.0
[INPUT]  3 H      1.029525249900   0.000000000000   1.574109224300 AA    1.945520760635   0.000000000000   2.974635324079 Bohr   0.0
[INPUT]  4 H     -0.514762625000   0.891595020300   1.574109224300 AA   -0.972760380412   1.684870402393   2.974635324079 Bohr   0.0
[INPUT]  5 H     -0.514762625000  -0.891595020300   1.574109224300 AA   -0.972760380412  -1.684870402393   2.974635324079 Bohr   0.0

nuclear repulsion = 51.3735648881584
number of shells = 36
number of NR pGTOs = 149
number of NR cGTOs = 106
basis = ccpvtz
ecp = {}
CPU time:     46391.37




******** <class 'pyscf.soscf.newton_ah.SecondOrderRHF'> ********
method = SecondOrderRHF
initial guess = minao
damping factor = 0
level_shift factor = 0
DIIS = <class 'pyscf.scf.diis.CDIIS'>
diis_start_cycle = 1
diis_space = 8
diis_damp = 0
SCF conv_tol = 1e-09
SCF conv_tol_grad = None
SCF max_cycles = 200
direct_scf = True
direct_scf_tol = 1e-13
chkfile to save SCF result = /scratch/alpine/yizh8382/pyscf/tmp363gae6k
max_memory 40000 MB (current use 3891 MB)
******** <class 'pyscf.scf.hf.RHF'> Newton solver flags ********
SCF tol = 1e-09
conv_tol_grad = None
max. SCF cycles = 200
direct_scf = True
direct_scf_tol = 1e-13
chkfile to save SCF result = /scratch/alpine/yizh8382/pyscf/tmp363gae6k
max_cycle_inner = 12
max_stepsize = 0.05
ah_start_tol = 1e+09
ah_level_shift = 0
ah_conv_tol = 1e-12
ah_lindep = 1e-14
ah_start_cycle = 1
ah_max_cycle = 40
ah_grad_trust_region = 2.5
kf_interval = 4
kf_trust_region = 5
canonicalization = True
max_memory 40000 MB (current use 3891 MB)
Set conv_tol_grad to 3.16228e-05
Initial guess from minao.
  HOMO = -0.373721418685214  LUMO = 0.0657558353191512
Initial guess E= -499.112483854536  |g|= 0.32788
macro= 0  E= -499.147776201465  delta_E= -0.0352923  |g|= 0.016442  3 KF 9 JK
macro= 1  E= -499.14777760859  delta_E= -1.40713e-06  |g|= 0.000100471  2 KF 7 JK
macro= 2  E= -499.147777608591  delta_E= -1.02318e-12  |g|= 4.89408e-06  1 KF 2 JK
Canonicalize SCF orbitals
macro X = 3  E=-499.147777608591  |g|= 4.89408e-06  total 7 KF 22 JK
converged SCF energy = -499.147777608591
rhf_internal: lowest eigs of H = [1.25241243 1.25241337 1.54204681]
<class 'pyscf.soscf.newton_ah.SecondOrderRHF'> wavefunction is stable in the internal stability analysis

******** <class 'pyscf.cc.ccsd.CCSD'> ********
CC2 = 0
CCSD nocc = 7, nmo = 100
frozen orbitals 6
max_cycle = 50
direct = 0
conv_tol = 1e-07
conv_tol_normt = 1e-05
diis_space = 6
diis_start_cycle = 0
diis_start_energy_diff = 1e+09
max_memory 40000 MB (current use 3217 MB)
Init t2, MP2 energy = -499.520224860522  E_corr(MP2) -0.372447251930876
Init E_corr(CCSD) = -0.372447251934077
cycle = 1  E_corr(CCSD) = -0.39287180621556  dE = -0.0204245543  norm(t1,t2) = 0.0395578
cycle = 2  E_corr(CCSD) = -0.400731247722146  dE = -0.00785944151  norm(t1,t2) = 0.0121316
cycle = 3  E_corr(CCSD) = -0.402406069150975  dE = -0.00167482143  norm(t1,t2) = 0.00463937
cycle = 4  E_corr(CCSD) = -0.403045957676047  dE = -0.000639888525  norm(t1,t2) = 0.00145157
cycle = 5  E_corr(CCSD) = -0.403000038226641  dE = 4.59194494e-05  norm(t1,t2) = 0.000372311
cycle = 6  E_corr(CCSD) = -0.402985255184843  dE = 1.47830418e-05  norm(t1,t2) = 7.73343e-05
cycle = 7  E_corr(CCSD) = -0.402989267974111  dE = -4.01278927e-06  norm(t1,t2) = 2.89792e-05
cycle = 8  E_corr(CCSD) = -0.402989964982153  dE = -6.97008042e-07  norm(t1,t2) = 7.0262e-06
cycle = 9  E_corr(CCSD) = -0.402989587639056  dE = 3.77343097e-07  norm(t1,t2) = 2.16156e-06
cycle = 10  E_corr(CCSD) = -0.402989600255928  dE = -1.26168722e-08  norm(t1,t2) = 8.24596e-07
CCSD converged
E(CCSD) = -499.550767208847  E_corr = -0.4029896002559282
CCSD(T) correction = -0.0151557493298798
