#INFO: **** input file is /projects/yizh8382/projects/w4_17/w4-17_all/pyscf_input/run_pyscf_vdzsd.py ****
import os
import glob
import numpy as np
from pyscf import gto, scf, cc

# basis = "ccpvdz"
xyz_dir = "../w4_17_xyz/closed_shell"
results_file = f"../result/closed_shell_rhf_vdzsd.dat"
out_dir = "../result/molout/closed_shell"
os.makedirs(out_dir, exist_ok=True)

# Set to a list of molecule names to run only those, e.g. ["acetaldehyde", "benzene"]
# Set to None to run all molecules in xyz_dir
select_molecules = None
# select_molecules = ["bn3pi","b2", "cf"]
symmetry = False

all_xyz = sorted(glob.glob(os.path.join(xyz_dir, "*.xyz")))
if select_molecules is not None:
    select_set = set(select_molecules)
    xyz_files = [p for p in all_xyz if os.path.splitext(os.path.basename(p))[0] in select_set]
    missing = select_set - {os.path.splitext(os.path.basename(p))[0] for p in xyz_files}
    if missing:
        print(f"Warning: no .xyz file found for: {', '.join(sorted(missing))} in {xyz_dir}")
else:
    xyz_files = all_xyz

with open(results_file, "w") as out:
    out.write(f"{'Molecule':<16s} {'Charge':>6s} {'2S':>6s} {'frozen':>6s} "
              f"{'E_RHF (Eh)':>20s} {'E_CCSD (Eh)':>20s} {'E_CCSD(T) (Eh)':>20s}\n")
    out.write("-" * 100 + "\n")

for xyz_path in xyz_files:
    with open(xyz_path, "r") as f:
        lines = f.readlines()

    # Parse charge and multiplicity from second line: "name charge=X mult=Y"
    second_line = lines[1]
    charge = int(second_line.split("charge=")[1].split()[0])
    mult   = int(second_line.split("mult=")[1].split()[0])
    spin   = mult - 1   # PySCF spin input is 2S = mult - 1
    mol_name = second_line.split()[0]

    # Coordinates only (skip the atom count and comment lines)
    atoms = "".join(lines[2:])

    print(f"\n{'='*60}")
    print(f"Running: {mol_name}  charge={charge}  spin={spin}")
    print(f"{'='*60}")
    
    h_basis = gto.basis.load('ccpvdz', 'H')
    h_basis_no_p = [b for b in h_basis if b[0] != 1]
    
    mol = gto.M(
        atom=atoms,
        basis={
            'H': h_basis_no_p,
            'default': 'ccpvdz'
            },
        verbose=4,
        output=os.path.join(out_dir, f"{mol_name}_vdzsd.out"),
        unit="angstrom",
        symmetry=symmetry,
        charge=charge,
        spin=spin,
        max_memory=40000,
    )

    mf = scf.RHF(mol)
    mf.max_cycle = 200
    mf = mf.newton()
    mf.kernel()

    # Stability check loop — at most 10 attempts
    max_stability_cycles = 10
    stable = False
    for stability_iter in range(max_stability_cycles):
        mo_i, _, stable, _ = mf.stability(return_status=True)
        if stable:
            break
        dm = mf.make_rdm1(mo_i, mf.mo_occ)
        mf.kernel(dm0=dm)

    if not stable or not mf.converged:
        print(f"  !! SCF did not converge for {mol_name} — skipping.")
        with open(results_file, "a") as out:
            out.write(f"{mol_name:<16s} {charge:>6d} {spin:>6d} {'N/A':>6s} "
                      f"{'UNCONVERGED':>20s} {'UNCONVERGED':>20s} {'UNCONVERGED':>20s}\n")
        continue

    energy = mf.e_tot

    mycc = cc.CCSD(mf)
    mycc.set_frozen()
    mycc.kernel()
    e_ccsd = mycc.e_tot
    et = mycc.ccsd_t()
    e_ccsdt = e_ccsd + et
    frozen = mycc.frozen

    with open(results_file, "a") as out:
        out.write(f"{mol_name:<16s} {charge:>6d} {spin:>6d} {frozen:>6d} "
                  f"{energy:>20.10f} {e_ccsd:>20.10f} {e_ccsdt:>20.10f}\n")

    print(f"  => E_RHF({mol_name})     = {energy:.10f} Eh")
    print(f"  => E_CCSD({mol_name})    = {e_ccsd:.10f} Eh")
    print(f"  => E_CCSD(T)({mol_name}) = {e_ccsdt:.10f} Eh")

print(f"\nAll calculations complete. Results saved to {results_file}")
#INFO: ******************** input file end ********************


System: uname_result(system='Linux', node='bnode0309.rc.int.colorado.edu', release='4.18.0-477.27.1.el8_8.x86_64', version='#1 SMP Thu Aug 31 10:29:22 EDT 2023', machine='x86_64')  Threads 28
Python 3.10.2 | packaged by conda-forge | (main, Mar  8 2022, 15:52:01) [GCC 9.4.0]
numpy 2.0.2  scipy 1.14.1  h5py 3.12.1
Date: Wed May 13 19:54:39 2026
PySCF version 2.9.0
PySCF path  /projects/yizh8382/tools/lno_pyscf_gcc
GIT HEAD (branch master) 142756584ed3963728cc1f6823286f4605811a6c

[ENV] PYSCF_TMPDIR /scratch/alpine/yizh8382/pyscf
[ENV] PYSCF_EXT_PATH /home/yizh8382/tools/pyscf-forge
[CONFIG] conf_file None
[INPUT] verbose = 4
[INPUT] num. atoms = 3
[INPUT] num. electrons = 24
[INPUT] charge = 0
[INPUT] spin (= nelec alpha-beta = 2S) = 0
[INPUT] symmetry False subgroup None
[INPUT] Mole.unit = angstrom
[INPUT] Symbol           X                Y                Z      unit          X                Y                Z       unit  Magmom
[INPUT]  1 C      0.000000000000   0.000000000000   0.593262000000 AA    0.000000000000   0.000000000000   1.121102700112 Bohr   0.0
[INPUT]  2 F      0.000000000000   1.027990000000  -0.197754000000 AA    0.000000000000   1.942619558792  -0.373700900037 Bohr   0.0
[INPUT]  3 F      0.000000000000  -1.027990000000  -0.197754000000 AA    0.000000000000  -1.942619558792  -0.373700900037 Bohr   0.0

nuclear repulsion = 64.9088237997991
number of shells = 15
number of NR pGTOs = 78
number of NR cGTOs = 42
basis = {'H': [[0, [13.01, 0.019685], [1.962, 0.137977], [0.4446, 0.478148]], [0, [0.122, 1.0]]], 'default': 'ccpvdz'}
ecp = {}
CPU time:      5246.54




******** <class 'pyscf.soscf.newton_ah.SecondOrderRHF'> ********
method = SecondOrderRHF
initial guess = minao
damping factor = 0
level_shift factor = 0
DIIS = <class 'pyscf.scf.diis.CDIIS'>
diis_start_cycle = 1
diis_space = 8
diis_damp = 0
SCF conv_tol = 1e-09
SCF conv_tol_grad = None
SCF max_cycles = 200
direct_scf = True
direct_scf_tol = 1e-13
chkfile to save SCF result = /scratch/alpine/yizh8382/pyscf/tmp1bv9yati
max_memory 40000 MB (current use 1495 MB)
******** <class 'pyscf.scf.hf.RHF'> Newton solver flags ********
SCF tol = 1e-09
conv_tol_grad = None
max. SCF cycles = 200
direct_scf = True
direct_scf_tol = 1e-13
chkfile to save SCF result = /scratch/alpine/yizh8382/pyscf/tmp1bv9yati
max_cycle_inner = 12
max_stepsize = 0.05
ah_start_tol = 1e+09
ah_level_shift = 0
ah_conv_tol = 1e-12
ah_lindep = 1e-14
ah_start_cycle = 1
ah_max_cycle = 40
ah_grad_trust_region = 2.5
kf_interval = 4
kf_trust_region = 5
canonicalization = True
max_memory 40000 MB (current use 1495 MB)
Set conv_tol_grad to 3.16228e-05
Initial guess from minao.
  HOMO = -0.270353539450533  LUMO = 0.0303065620859319
Initial guess E= -236.583971504466  |g|= 0.650756
macro= 0  E= -236.670859735192  delta_E= -0.0868882  |g|= 0.650756  2 KF 5 JK
macro= 1  E= -236.673145907134  delta_E= -0.00228617  |g|= 8.9809e-05  3 KF 11 JK
macro= 2  E= -236.673145907134  delta_E= 0  |g|= 5.72699e-06  1 KF 2 JK
Canonicalize SCF orbitals
macro X = 3  E=-236.673145907134  |g|= 5.72699e-06  total 7 KF 22 JK
converged SCF energy = -236.673145907134
rhf_internal: lowest eigs of H = [0.89920992 1.61644383 1.69899575]
<class 'pyscf.soscf.newton_ah.SecondOrderRHF'> wavefunction is stable in the internal stability analysis

******** <class 'pyscf.cc.ccsd.CCSD'> ********
CC2 = 0
CCSD nocc = 9, nmo = 39
frozen orbitals 3
max_cycle = 50
direct = 0
conv_tol = 1e-07
conv_tol_normt = 1e-05
diis_space = 6
diis_start_cycle = 0
diis_start_energy_diff = 1e+09
max_memory 40000 MB (current use 1495 MB)
Init t2, MP2 energy = -237.156879763396  E_corr(MP2) -0.483733856262085
Init E_corr(CCSD) = -0.483733856268109
cycle = 1  E_corr(CCSD) = -0.48070537760769  dE = 0.00302847866  norm(t1,t2) = 0.0698576
cycle = 2  E_corr(CCSD) = -0.495416329926337  dE = -0.0147109523  norm(t1,t2) = 0.0248301
cycle = 3  E_corr(CCSD) = -0.495149169542294  dE = 0.000267160384  norm(t1,t2) = 0.0149045
cycle = 4  E_corr(CCSD) = -0.498038174079149  dE = -0.00288900454  norm(t1,t2) = 0.00687031
cycle = 5  E_corr(CCSD) = -0.497840820179756  dE = 0.000197353899  norm(t1,t2) = 0.00110971
cycle = 6  E_corr(CCSD) = -0.497782312439351  dE = 5.85077404e-05  norm(t1,t2) = 0.000289662
cycle = 7  E_corr(CCSD) = -0.497790257711705  dE = -7.94527235e-06  norm(t1,t2) = 7.52457e-05
cycle = 8  E_corr(CCSD) = -0.497793057428025  dE = -2.79971632e-06  norm(t1,t2) = 1.77091e-05
cycle = 9  E_corr(CCSD) = -0.497792384987062  dE = 6.72440963e-07  norm(t1,t2) = 6.34169e-06
cycle = 10  E_corr(CCSD) = -0.49779221068941  dE = 1.74297652e-07  norm(t1,t2) = 2.34542e-06
cycle = 11  E_corr(CCSD) = -0.497792343649232  dE = -1.32959822e-07  norm(t1,t2) = 8.38876e-07
cycle = 12  E_corr(CCSD) = -0.497792324850117  dE = 1.87991152e-08  norm(t1,t2) = 2.64213e-07
CCSD converged
E(CCSD) = -237.1709382319837  E_corr = -0.4977923248501168
CCSD(T) correction = -0.0120741066404294
