
    ________                     _____                    
    ___  __ \___  __________________(_)_____________ _    
    __  /_/ /  / / /_  __ \_  __ \_  /__  __ \_  __ `/    
    _  _, _// /_/ /_  / / /  / / /  / _  / / /  /_/ /     
    /_/ |_| \__,_/ /_/ /_//_/ /_//_/  /_/ /_/_\__, /      
                                             /____/       
    _____________________________  ___________            
    ___    |__  ____/_  __ \__   |/  /_  ____/            
    __  /| |_  /_   _  / / /_  /|_/ /_  /                 
    _  ___ |  __/   / /_/ /_  /  / / / /___               
    /_/  |_/_/      \___\_\/_/  /_/  \____/               

Hostname:     gpua021.delta.ncsa.illinois.edu
System:       Linux
Node:         gpua021.delta.ncsa.illinois.edu
Release:      5.14.0-427.91.1.el9_4.x86_64
Machine:      x86_64
Processor:    x86_64
JAX backend:  GPU
JAX devices:  [CudaDevice(id=0)]
Device kind:  NVIDIA A100-SXM4-40GB
Platform:     gpu

Load system from Integral File
Maximum memory per walker:            66.67 MB
Maximum number of Cholesky per chunk: 103
Number of Cholesky chunks:            9
Number of Cholesky per chunk:         103
Number of padding Cholesky:           4

QMC System
Number of electrons: (16, 16)
Spin Multiplicity:   0
Number of orbitals:  145
Number of Chol:      923

QMC Parameters
eql_time            :                   50
n_blocks            :                 1000
n_walkers           :                  300
max_error           :                  0.0
seed                :                   17
walker_type         :                  uhf
trial               :             upt2ccsd
mix_precision       :                 True
max_memory          :                20000
dt                  :                0.005
n_exp_terms         :                    6
n_prop_steps        :                   50
save_walkers        :                False
free_projection     :                False
n_batch             :                    1
nchol_chunk         :                  103

Initalize QMC walkers by stochastic CCSD

Equilibration
inv_T        weight  killW        energy   runTime
 0.00    300.000000      0   -436.962896     19.80
 5.00    299.072608      0   -437.037411     38.55
10.00    299.137791      0   -437.040130     51.43
15.00    298.354080      0   -437.019809     64.32
20.00    300.272886      0   -437.055862     77.20
25.00    299.418489      0   -437.001731     90.08
30.00    298.729272      0   -436.998211    102.98
35.00    298.013646      0   -436.997492    115.86
40.00    298.721333      0   -436.984546    128.74
45.00    298.656380      0   -436.997977    141.63
50.00    299.589956      0   -437.056537    154.51

Sampling
blocks        weight  killW       E_Guide     error       E_Trial     error     olp_T/G     error  Walltime
    20    298.822694      0   -437.020299  0.014858   -437.003009  0.001435    1.004039  0.000307  268.41
    40    298.966204      0   -437.010170  0.014164   -437.001987  0.001003    1.004197  0.000184  376.44
    60    298.952799      0   -437.008280  0.009942   -437.001955  0.000858    1.004117  0.000169  484.43
    80    298.934743      0   -437.006014  0.008201   -437.001674  0.000780    1.004118  0.000176  592.58
   100    298.874653      0   -437.010473  0.007191   -437.002148  0.000783    1.004157  0.000152  700.60
   120    298.804294      0   -437.009689  0.006174   -437.002107  0.000690    1.004084  0.000155  808.76
   140    298.768928      0   -437.009661  0.005331   -437.002486  0.000660    1.004032  0.000147  916.79
   160    298.687826      0   -437.008787  0.004742   -437.002411  0.000620    1.004078  0.000132 1024.89
   180    298.657132      0   -437.008442  0.004066   -437.002324  0.000585    1.004057  0.000113 1132.94
   200    298.646570      0   -437.008978  0.003784   -437.002295  0.000556    1.003955  0.000122 1240.96
   220    298.621691      0   -437.009279  0.003713   -437.002451  0.000525    1.003959  0.000111 1349.06
   240    298.631550      0   -437.008918  0.003455   -437.002540  0.000493    1.003956  0.000103 1457.10
   260    298.597232      0   -437.008231  0.003219   -437.002404  0.000472    1.003963  0.000099 1565.18
   280    298.580269      0   -437.007542  0.003041   -437.002282  0.000449    1.003985  0.000091 1673.18
   300    298.575833      0   -437.008139  0.003055   -437.002551  0.000445    1.003981  0.000086 1781.28
   320    298.550393      0   -437.008648  0.002916   -437.002542  0.000430    1.003989  0.000081 1889.30
   340    298.540705      0   -437.008591  0.002759   -437.002494  0.000416    1.003998  0.000078 1998.69
   360    298.535207      0   -437.008291  0.002579   -437.002415  0.000398    1.004035  0.000078 2106.56
   380    298.530556      0   -437.008398  0.002475   -437.002526  0.000388    1.004041  0.000075 2214.61
   400    298.510995      0   -437.007941  0.002440   -437.002517  0.000376    1.004027  0.000072 2322.72
   420    298.511100      0   -437.008322  0.002356   -437.002494  0.000364    1.004013  0.000072 2430.75
   440    298.504978      0   -437.008441  0.002260   -437.002545  0.000356    1.004030  0.000074 2538.85
   460    298.499667      0   -437.008232  0.002138   -437.002443  0.000349    1.004034  0.000072 2646.92
   480    298.494839      0   -437.008239  0.002060   -437.002424  0.000350    1.004036  0.000070 2754.92
   500    298.491589      0   -437.008539  0.002018   -437.002513  0.000345    1.004011  0.000071 2862.87
   520    298.479988      0   -437.008717  0.001964   -437.002437  0.000337    1.004006  0.000069 2970.99
   540    298.469847      0   -437.008633  0.001877   -437.002413  0.000330    1.004026  0.000068 3079.05
   560    298.468604      0   -437.008656  0.001832   -437.002387  0.000321    1.004053  0.000071 3187.16
   580    298.469265      0   -437.008365  0.001786   -437.002381  0.000315    1.004089  0.000072 3295.23
   600    298.464101      0   -437.008199  0.001733   -437.002336  0.000308    1.004099  0.000073 3403.26
   620    298.459162      0   -437.008631  0.001726   -437.002266  0.000301    1.004111  0.000070 3515.89
   640    298.442699      0   -437.008186  0.001727   -437.002201  0.000295    1.004100  0.000069 3637.39
   660    298.443898      0   -437.008341  0.001669   -437.002241  0.000290    1.004086  0.000069 3758.91
   680    298.436414      0   -437.007817  0.001641   -437.002197  0.000285    1.004096  0.000070 3880.44
   700    298.436482      0   -437.007903  0.001619   -437.002164  0.000279    1.004097  0.000068 4001.93
   720    298.427144      0   -437.007743  0.001638   -437.002208  0.000276    1.004099  0.000072 4123.43
   740    298.424726      0   -437.007559  0.001604   -437.002202  0.000272    1.004086  0.000071 4244.93
   760    298.429164      0   -437.007862  0.001582   -437.002238  0.000270    1.004104  0.000070 4366.41
   780    298.417180      0   -437.007838  0.001547   -437.002212  0.000265    1.004107  0.000068 4487.89
   800    298.418686      0   -437.008188  0.001521   -437.002235  0.000262    1.004096  0.000067 4609.36
   820    298.421883      0   -437.008104  0.001494   -437.002231  0.000258    1.004099  0.000066 4730.84
   840    298.422451      0   -437.008257  0.001457   -437.002220  0.000257    1.004100  0.000065 4852.33
   860    298.424378      0   -437.008327  0.001434   -437.002221  0.000255    1.004109  0.000063 4973.79
   880    298.421139      0   -437.007761  0.001441   -437.002159  0.000251    1.004105  0.000062 5085.26
   900    298.418047      0   -437.007588  0.001482   -437.002186  0.000251    1.004100  0.000061 5200.21
   920    298.413136      0   -437.007478  0.001431   -437.002174  0.000248    1.004106  0.000060 5315.23
   940    298.412004      0   -437.007238  0.001431   -437.002144  0.000244    1.004104  0.000059 5430.26
   960    298.422309      0   -437.007515  0.001418   -437.002169  0.000245    1.004094  0.000059 5545.28
   980    298.423796      0   -437.007547  0.001395   -437.002173  0.000241    1.004101  0.000058 5657.76
  1000    298.420518      1   -437.007383  0.001378   -437.002197  0.000240    1.004098  0.000057 5765.98

Post Propagation Process
Total number of samples 1000
Raw AFQMC/HF (Guide) energy:           -437.007383 ± 0.001378
Raw Trial/Guide overlap ratio:          1.004098 ± 0.000057
Raw AFQMC/pt2CCSD energy (covariance): -437.002197 ± 0.000240
Raw AFQMC/pt2CCSD energy (dir sample): -437.002197 ± 0.000207

Remove Outliers
removing energies outside zeta > 30
Outlier energy bound [-437.183583, -436.818748]
Removed 0 outliers with energies []
Clean AFQMC/pt2CCSD overlap ratio:        1.004098 ± 0.000057
Clean AFQMC/pt2CCSD energy (covariance): -437.002197 ± 0.000240
Clean AFQMC/ptCCSD energy (dir sample):  -437.002197 ± 0.000207

Blocking Analysis
nsample = 1000, max_block_size = 25, min_nblocks = 40
   B    NB    NS  Observable     Error    dError
   1  1000  1000    1.004098  0.000025  0.000001
   2   500  1000    1.004098  0.000032  0.000001
   3   333   999    1.004098  0.000037  0.000001
   4   250  1000    1.004098  0.000040  0.000002
   5   200  1000    1.004098  0.000043  0.000002
   6   166   996    1.004097  0.000045  0.000002
   7   142   994    1.004098  0.000046  0.000003
   8   125  1000    1.004098  0.000047  0.000003
   9   111   999    1.004098  0.000049  0.000003
  10   100  1000    1.004098  0.000048  0.000003
  11    90   990    1.004098  0.000049  0.000004
  12    83   996    1.004097  0.000051  0.000004
  13    76   988    1.004096  0.000049  0.000004
  14    71   994    1.004098  0.000051  0.000004
  15    66   990    1.004098  0.000054  0.000005
  16    62   992    1.004098  0.000048  0.000004
  17    58   986    1.004096  0.000054  0.000005
  18    55   990    1.004098  0.000056  0.000005
  19    52   988    1.004096  0.000056  0.000006
  20    50  1000    1.004098  0.000053  0.000005
  21    47   987    1.004096  0.000053  0.000006
  22    45   990    1.004098  0.000057  0.000006
  23    43   989    1.004097  0.000051  0.000006
  24    41   984    1.004098  0.000055  0.000006
  25    40  1000    1.004098  0.000055  0.000006
Fit (variance): plateau_var = 2.814e-09 ± 1.732e-10
Fit (error):    plateau = 0.000053 ± 0.000002
     autocorrelation length ~ 5.1 blocks
     plateau reached at block size ~ 24
nclean = 1000, max_block_size = 25, min_nblocks = 40
Blk_SZ   NBlk   NSmp      Energy     Error    dError
     1   1000   1000  -437.002016  0.000208  0.000005
     2    500   1000  -437.002066  0.000228  0.000007
     3    333    999  -437.002102  0.000240  0.000009
     4    250   1000  -437.002120  0.000239  0.000011
     5    200   1000  -437.002130  0.000244  0.000012
     6    166    996  -437.002145  0.000256  0.000014
     7    142    994  -437.002136  0.000247  0.000015
     8    125   1000  -437.002149  0.000250  0.000016
     9    111    999  -437.002154  0.000235  0.000016
    10    100   1000  -437.002161  0.000230  0.000016
    11     90    990  -437.002168  0.000247  0.000019
    12     83    996  -437.002178  0.000233  0.000018
    13     76    988  -437.002184  0.000269  0.000022
    14     71    994  -437.002156  0.000236  0.000020
    15     66    990  -437.002180  0.000241  0.000021
    16     62    992  -437.002171  0.000216  0.000020
    17     58    986  -437.002200  0.000239  0.000022
    18     55    990  -437.002182  0.000237  0.000023
    19     52    988  -437.002197  0.000254  0.000025
    20     50   1000  -437.002182  0.000202  0.000020
    21     47    987  -437.002207  0.000231  0.000024
    22     45    990  -437.002185  0.000216  0.000023
    23     43    989  -437.002192  0.000212  0.000023
    24     41    984  -437.002185  0.000219  0.000025
    25     40   1000  -437.002190  0.000206  0.000023
Fit (variance): plateau_var = 5.589093e-08 ± 1.794775e-09
Fit (error):    plateau = 0.000236 ± 0.000004
     autocorrelation length ~ 0.7 blocks
     plateau reached at block size ~ 4
Final AFQMC/pt2CCSD overlap ratio: 1.004098 ± 0.000053
Final AFQMC/pt2CCSD energy: -437.002197 ± 0.000236
Total run time: 5782.42

AFQMC Sampling Finished

