
    ________                     _____                    
    ___  __ \___  __________________(_)_____________ _    
    __  /_/ /  / / /_  __ \_  __ \_  /__  __ \_  __ `/    
    _  _, _// /_/ /_  / / /  / / /  / _  / / /  /_/ /     
    /_/ |_| \__,_/ /_/ /_//_/ /_//_/  /_/ /_/_\__, /      
                                             /____/       
    _____________________________  ___________            
    ___    |__  ____/_  __ \__   |/  /_  ____/            
    __  /| |_  /_   _  / / /_  /|_/ /_  /                 
    _  ___ |  __/   / /_/ /_  /  / / / /___               
    /_/  |_/_/      \___\_\/_/  /_/  \____/               

Hostname:     gpua021.delta.ncsa.illinois.edu
System:       Linux
Node:         gpua021.delta.ncsa.illinois.edu
Release:      5.14.0-427.91.1.el9_4.x86_64
Machine:      x86_64
Processor:    x86_64
JAX backend:  GPU
JAX devices:  [CudaDevice(id=0)]
Device kind:  NVIDIA A100-SXM4-40GB
Platform:     gpu

Load system from Integral File
Maximum memory per walker:            66.67 MB
Maximum number of Cholesky per chunk: 302
Number of Cholesky chunks:            2
Number of Cholesky per chunk:         257
Number of padding Cholesky:           0

QMC System
Number of electrons: (6, 6)
Spin Multiplicity:   0
Number of orbitals:  85
Number of Chol:      514

QMC Parameters
eql_time            :                   50
n_blocks            :                 1000
n_walkers           :                  300
max_error           :                  0.0
seed                :                   17
walker_type         :                  uhf
trial               :             upt2ccsd
mix_precision       :                 True
max_memory          :                20000
dt                  :                0.005
n_exp_terms         :                    6
n_prop_steps        :                   50
save_walkers        :                False
free_projection     :                False
n_batch             :                    1
nchol_chunk         :                  257

Initalize QMC walkers by stochastic CCSD

Equilibration
inv_T        weight  killW        energy   runTime
 0.00    300.000000      0    -94.451041     12.58
 5.00    299.165026      0    -94.458745     21.68
10.00    299.293192      0    -94.466732     24.67
15.00    298.971067      0    -94.476992     28.43
20.00    299.531927      0    -94.464163     31.42
25.00    299.281894      0    -94.461981     35.14
30.00    299.338689      0    -94.475850     38.13
35.00    298.933576      0    -94.491458     41.85
40.00    299.349070      0    -94.463435     44.84
45.00    299.336191      0    -94.447897     48.56
50.00    298.952189      0    -94.411917     51.56

Sampling
blocks        weight  killW       E_Guide     error       E_Trial     error     olp_T/G     error  Walltime
    20    299.155618      0    -94.473178  0.010378    -94.468520  0.001212    1.005757  0.000320   86.91
    40    299.155304      0    -94.471880  0.007046    -94.469060  0.001003    1.005660  0.000252  116.46
    60    299.114201      0    -94.470342  0.004882    -94.468289  0.000715    1.005820  0.000191  146.11
    80    299.069507      0    -94.468648  0.003716    -94.468662  0.000640    1.006050  0.000212  175.82
   100    299.052670      0    -94.467582  0.003022    -94.468455  0.000525    1.006166  0.000194  205.51
   120    299.037980      0    -94.467407  0.002785    -94.468710  0.000486    1.006198  0.000163  235.30
   140    299.025181      1    -94.467783  0.002511    -94.469057  0.000503    1.006244  0.000145  264.94
   160    299.020554      1    -94.467885  0.002276    -94.469059  0.000455    1.006268  0.000137  294.62
   180    299.007409      1    -94.468207  0.002215    -94.468839  0.000414    1.006321  0.000125  324.29
   200    299.004387      1    -94.468102  0.002142    -94.469015  0.000392    1.006365  0.000118  353.93
   220    298.998744      1    -94.468148  0.001961    -94.468872  0.000366    1.006364  0.000109  383.66
   240    298.995017      1    -94.468568  0.001864    -94.468952  0.000368    1.006431  0.000113  413.35
   260    298.991267      1    -94.468691  0.001962    -94.469010  0.000382    1.006442  0.000106  443.07
   280    298.989361      2    -94.469141  0.001819    -94.469036  0.000375    1.006444  0.000097  472.71
   300    298.981816      2    -94.468804  0.001749    -94.469019  0.000356    1.006427  0.000092  502.35
   320    298.960804      2    -94.468060  0.001807    -94.468904  0.000339    1.006415  0.000089  532.04
   340    298.954064      2    -94.468255  0.001747    -94.468865  0.000324    1.006409  0.000084  561.67
   360    298.957297      2    -94.468626  0.001643    -94.468833  0.000312    1.006381  0.000081  591.32
   380    298.942727      2    -94.468529  0.001569    -94.468785  0.000298    1.006373  0.000077  621.00
   400    298.942769      2    -94.468349  0.001507    -94.468662  0.000286    1.006368  0.000074  650.66
   420    298.944596      2    -94.468939  0.001602    -94.468649  0.000276    1.006326  0.000078  680.35
   440    298.930869      2    -94.468538  0.001546    -94.468654  0.000267    1.006329  0.000076  710.01
   460    298.924930      2    -94.468585  0.001467    -94.468642  0.000259    1.006326  0.000074  739.70
   480    298.932803      2    -94.469002  0.001451    -94.468699  0.000252    1.006296  0.000076  769.37
   500    298.938037      2    -94.469159  0.001432    -94.468701  0.000246    1.006272  0.000076  799.03
   520    298.926452      2    -94.468666  0.001427    -94.468642  0.000239    1.006297  0.000078  828.70
   540    298.923969      2    -94.468661  0.001392    -94.468619  0.000231    1.006307  0.000076  858.32
   560    298.922966      2    -94.469043  0.001388    -94.468744  0.000252    1.006277  0.000077  888.06
   580    298.913396      2    -94.468765  0.001364    -94.468693  0.000246    1.006264  0.000074  917.75
   600    298.907939      2    -94.468632  0.001339    -94.468696  0.000239    1.006241  0.000074  947.46
   620    298.909571      2    -94.468937  0.001305    -94.468693  0.000233    1.006225  0.000073  977.10
   640    298.914097      2    -94.469207  0.001358    -94.468714  0.000228    1.006223  0.000076 1006.83
   660    298.922137      2    -94.469564  0.001328    -94.468747  0.000223    1.006220  0.000074 1036.48
   680    298.924898      2    -94.469773  0.001309    -94.468827  0.000230    1.006229  0.000072 1066.13
   700    298.927997      2    -94.469952  0.001281    -94.468850  0.000225    1.006237  0.000072 1095.76
   720    298.928530      2    -94.470145  0.001275    -94.468853  0.000221    1.006242  0.000075 1125.43
   740    298.928305      2    -94.470113  0.001250    -94.468800  0.000215    1.006247  0.000073 1155.17
   760    298.932531      2    -94.470484  0.001312    -94.468821  0.000212    1.006252  0.000071 1184.85
   780    298.933737      2    -94.470649  0.001286    -94.468796  0.000207    1.006257  0.000071 1214.49
   800    298.928307      2    -94.470356  0.001284    -94.468763  0.000203    1.006259  0.000069 1244.13
   820    298.930851      2    -94.470539  0.001260    -94.468783  0.000201    1.006268  0.000068 1273.85
   840    298.934326      2    -94.470637  0.001235    -94.468793  0.000197    1.006274  0.000067 1303.53
   860    298.929756      2    -94.470515  0.001207    -94.468728  0.000194    1.006282  0.000066 1333.16
   880    298.931677      2    -94.470577  0.001181    -94.468704  0.000190    1.006283  0.000065 1362.85
   900    298.932117      2    -94.470619  0.001164    -94.468701  0.000187    1.006303  0.000065 1392.47
   920    298.930931      2    -94.470617  0.001141    -94.468685  0.000184    1.006304  0.000064 1422.18
   940    298.930844      2    -94.470691  0.001118    -94.468700  0.000182    1.006303  0.000063 1451.87
   960    298.928720      2    -94.470605  0.001107    -94.468709  0.000179    1.006302  0.000063 1481.49
   980    298.929134      3    -94.470640  0.001090    -94.468736  0.000178    1.006297  0.000063 1511.16
  1000    298.928277      3    -94.470652  0.001069    -94.468712  0.000175    1.006302  0.000062 1540.83

Post Propagation Process
Total number of samples 1000
Raw AFQMC/HF (Guide) energy:           -94.470652 ± 0.001069
Raw Trial/Guide overlap ratio:          1.006302 ± 0.000062
Raw AFQMC/pt2CCSD energy (covariance): -94.468712 ± 0.000175
Raw AFQMC/pt2CCSD energy (dir sample): -94.468712 ± 0.000150

Remove Outliers
removing energies outside zeta > 30
Outlier energy bound [-94.558131, -94.377139]
Removed 0 outliers with energies []
Clean AFQMC/pt2CCSD overlap ratio:        1.006302 ± 0.000062
Clean AFQMC/pt2CCSD energy (covariance): -94.468712 ± 0.000175
Clean AFQMC/ptCCSD energy (dir sample):  -94.468712 ± 0.000150

Blocking Analysis
nsample = 1000, max_block_size = 25, min_nblocks = 40
   B    NB    NS  Observable     Error    dError
   1  1000  1000    1.006303  0.000022  0.000001
   2   500  1000    1.006303  0.000029  0.000001
   3   333   999    1.006303  0.000034  0.000001
   4   250  1000    1.006303  0.000038  0.000002
   5   200  1000    1.006302  0.000040  0.000002
   6   166   996    1.006301  0.000043  0.000002
   7   142   994    1.006302  0.000044  0.000003
   8   125  1000    1.006302  0.000047  0.000003
   9   111   999    1.006303  0.000048  0.000003
  10   100  1000    1.006302  0.000049  0.000003
  11    90   990    1.006304  0.000050  0.000004
  12    83   996    1.006301  0.000051  0.000004
  13    76   988    1.006303  0.000053  0.000004
  14    71   994    1.006302  0.000051  0.000004
  15    66   990    1.006304  0.000052  0.000005
  16    62   992    1.006303  0.000055  0.000005
  17    58   986    1.006299  0.000055  0.000005
  18    55   990    1.006304  0.000059  0.000006
  19    52   988    1.006303  0.000056  0.000006
  20    50  1000    1.006302  0.000056  0.000006
  21    47   987    1.006301  0.000058  0.000006
  22    45   990    1.006304  0.000060  0.000006
  23    43   989    1.006303  0.000059  0.000006
  24    41   984    1.006298  0.000062  0.000007
  25    40  1000    1.006302  0.000060  0.000007
Fit (variance): plateau_var = 3.536e-09 ± 3.270e-10
Fit (error):    plateau = 0.000059 ± 0.000003
     autocorrelation length ~ 8.5 blocks
     plateau reached at block size ~ 39
     !!!Failed to reach plateau in blocking
     Return max block error
nclean = 1000, max_block_size = 25, min_nblocks = 40
Blk_SZ   NBlk   NSmp      Energy     Error    dError
     1   1000   1000  -94.468586  0.000150  0.000003
     2    500   1000  -94.468610  0.000168  0.000005
     3    333    999  -94.468616  0.000179  0.000007
     4    250   1000  -94.468634  0.000187  0.000008
     5    200   1000  -94.468645  0.000183  0.000009
     6    166    996  -94.468654  0.000182  0.000010
     7    142    994  -94.468664  0.000185  0.000011
     8    125   1000  -94.468661  0.000189  0.000012
     9    111    999  -94.468660  0.000194  0.000013
    10    100   1000  -94.468672  0.000191  0.000014
    11     90    990  -94.468682  0.000193  0.000014
    12     83    996  -94.468680  0.000192  0.000015
    13     76    988  -94.468687  0.000181  0.000015
    14     71    994  -94.468693  0.000171  0.000014
    15     66    990  -94.468687  0.000186  0.000016
    16     62    992  -94.468693  0.000180  0.000016
    17     58    986  -94.468703  0.000177  0.000017
    18     55    990  -94.468699  0.000201  0.000019
    19     52    988  -94.468694  0.000193  0.000019
    20     50   1000  -94.468692  0.000184  0.000019
    21     47    987  -94.468701  0.000190  0.000020
    22     45    990  -94.468700  0.000175  0.000019
    23     43    989  -94.468700  0.000192  0.000021
    24     41    984  -94.468706  0.000184  0.000021
    25     40   1000  -94.468698  0.000184  0.000021
Fit (variance): plateau_var = 3.466375e-08 ± 1.268998e-09
Fit (error):    plateau = 0.000186 ± 0.000003
     autocorrelation length ~ 1.4 blocks
     plateau reached at block size ~ 7
Final AFQMC/pt2CCSD overlap ratio: 1.006302 ± 0.000062
Final AFQMC/pt2CCSD energy: -94.468712 ± 0.000186
Total run time: 1550.19

AFQMC Sampling Finished

