
    ________                     _____                    
    ___  __ \___  __________________(_)_____________ _    
    __  /_/ /  / / /_  __ \_  __ \_  /__  __ \_  __ `/    
    _  _, _// /_/ /_  / / /  / / /  / _  / / /  /_/ /     
    /_/ |_| \__,_/ /_/ /_//_/ /_//_/  /_/ /_/_\__, /      
                                             /____/       
    _____________________________  ___________            
    ___    |__  ____/_  __ \__   |/  /_  ____/            
    __  /| |_  /_   _  / / /_  /|_/ /_  /                 
    _  ___ |  __/   / /_/ /_  /  / / / /___               
    /_/  |_/_/      \___\_\/_/  /_/  \____/               

Hostname:     gpua021.delta.ncsa.illinois.edu
System:       Linux
Node:         gpua021.delta.ncsa.illinois.edu
Release:      5.14.0-427.91.1.el9_4.x86_64
Machine:      x86_64
Processor:    x86_64
JAX backend:  GPU
JAX devices:  [CudaDevice(id=0)]
Device kind:  NVIDIA A100-SXM4-40GB
Platform:     gpu

Load system from Integral File
Maximum memory per walker:            66.67 MB
Maximum number of Cholesky per chunk: 302
Number of Cholesky chunks:            2
Number of Cholesky per chunk:         262
Number of padding Cholesky:           1

QMC System
Number of electrons: (7, 7)
Spin Multiplicity:   0
Number of orbitals:  85
Number of Chol:      523

QMC Parameters
eql_time            :                   50
n_blocks            :                 1000
n_walkers           :                  300
max_error           :                  0.0
seed                :                   17
walker_type         :                  uhf
trial               :             upt2ccsd
mix_precision       :                 True
max_memory          :                20000
dt                  :                0.005
n_exp_terms         :                    6
n_prop_steps        :                   50
save_walkers        :                False
free_projection     :                False
n_batch             :                    1
nchol_chunk         :                  262

Initalize QMC walkers by stochastic CCSD

Equilibration
inv_T        weight  killW        energy   runTime
 0.00    300.000000      0   -139.540100     13.00
 5.00    299.763652      0   -139.552789     22.51
10.00    298.740058      0   -139.566534     25.54
15.00    298.946430      0   -139.537403     29.28
20.00    298.700491      0   -139.562803     32.31
25.00    299.626247      0   -139.546758     36.14
30.00    298.397114      0   -139.542639     39.17
35.00    299.620064      0   -139.530523     43.00
40.00    298.707704      0   -139.569787     46.02
45.00    299.580686      0   -139.537321     49.85
50.00    299.131213      0   -139.556395     52.88

Sampling
blocks        weight  killW       E_Guide     error       E_Trial     error     olp_T/G     error  Walltime
    20    299.496095      0   -139.564832  0.010160   -139.554256  0.000601    1.001389  0.000357   88.39
    40    299.300828      1   -139.557245  0.005952   -139.554079  0.000400    1.001371  0.000215  118.51
    60    299.246525      1   -139.555398  0.004143   -139.553992  0.000323    1.001346  0.000153  148.71
    80    299.222114      1   -139.556391  0.003375   -139.553820  0.000302    1.001331  0.000117  178.93
   100    299.186143      1   -139.556071  0.002808   -139.553703  0.000311    1.001373  0.000090  209.11
   120    299.185129      1   -139.557023  0.002472   -139.553890  0.000297    1.001364  0.000075  239.32
   140    299.158646      1   -139.555756  0.002265   -139.553889  0.000270    1.001343  0.000070  269.49
   160    299.137809      1   -139.556128  0.002061   -139.553926  0.000247    1.001348  0.000062  299.71
   180    299.104991      1   -139.554746  0.001986   -139.553756  0.000231    1.001359  0.000060  329.88
   200    299.072062      1   -139.553944  0.001881   -139.553660  0.000215    1.001354  0.000055  360.08
   220    299.063789      1   -139.553494  0.001755   -139.553688  0.000202    1.001369  0.000051  390.32
   240    299.059638      1   -139.553581  0.001597   -139.553651  0.000190    1.001338  0.000052  420.52
   260    299.046903      1   -139.553320  0.001533   -139.553684  0.000182    1.001362  0.000052  450.72
   280    299.051748      1   -139.553046  0.001448   -139.553720  0.000176    1.001345  0.000049  480.92
   300    299.051210      1   -139.553048  0.001355   -139.553652  0.000169    1.001330  0.000047  511.10
   320    299.062637      1   -139.553295  0.001351   -139.553739  0.000166    1.001317  0.000045  541.28
   340    299.073097      1   -139.553503  0.001279   -139.553743  0.000163    1.001335  0.000045  571.48
   360    299.083105      1   -139.553954  0.001253   -139.553791  0.000158    1.001320  0.000043  601.69
   380    299.073980      1   -139.554251  0.001269   -139.553776  0.000168    1.001325  0.000042  631.91
   400    299.073428      1   -139.553913  0.001230   -139.553748  0.000163    1.001322  0.000040  662.14
   420    299.090195      1   -139.554673  0.001293   -139.553804  0.000160    1.001313  0.000039  692.33
   440    299.088147      1   -139.555027  0.001261   -139.553833  0.000156    1.001294  0.000044  722.51
   460    299.080855      2   -139.555152  0.001228   -139.553901  0.000154    1.001297  0.000043  752.68
   480    299.082671      2   -139.555704  0.001265   -139.553939  0.000150    1.001289  0.000041  782.86
   500    299.082389      2   -139.555781  0.001244   -139.553981  0.000147    1.001286  0.000040  813.05
   520    299.078934      2   -139.555602  0.001215   -139.554005  0.000145    1.001292  0.000039  843.27
   540    299.081994      2   -139.555760  0.001190   -139.554038  0.000141    1.001289  0.000039  873.48
   560    299.077775      3   -139.555422  0.001217   -139.554049  0.000139    1.001308  0.000040  903.67
   580    299.075740      3   -139.555451  0.001188   -139.554031  0.000136    1.001306  0.000039  933.86
   600    299.073428      3   -139.555542  0.001160   -139.554049  0.000138    1.001324  0.000040  964.05
   620    299.075001      3   -139.555676  0.001110   -139.554066  0.000136    1.001330  0.000039  994.24
   640    299.067618      3   -139.555623  0.001128   -139.554072  0.000134    1.001339  0.000039 1024.43
   660    299.060710      3   -139.555591  0.001101   -139.554079  0.000133    1.001338  0.000038 1054.62
   680    299.062158      3   -139.555857  0.001091   -139.554101  0.000132    1.001342  0.000038 1084.83
   700    299.065618      3   -139.555932  0.001070   -139.554141  0.000131    1.001336  0.000038 1115.03
   720    299.074326      3   -139.556299  0.001077   -139.554149  0.000129    1.001335  0.000037 1145.22
   740    299.075797      3   -139.556509  0.001088   -139.554156  0.000127    1.001330  0.000036 1175.40
   760    299.073214      3   -139.556351  0.001064   -139.554151  0.000126    1.001341  0.000035 1205.58
   780    299.077077      3   -139.556513  0.001041   -139.554140  0.000123    1.001350  0.000036 1235.78
   800    299.077343      3   -139.556229  0.001075   -139.554132  0.000121    1.001344  0.000036 1266.01
   820    299.074379      3   -139.556024  0.001069   -139.554112  0.000119    1.001347  0.000035 1296.17
   840    299.073686      3   -139.555918  0.001048   -139.554116  0.000118    1.001345  0.000035 1326.38
   860    299.076933      3   -139.555810  0.001046   -139.554107  0.000117    1.001347  0.000034 1356.57
   880    299.074855      3   -139.555887  0.001026   -139.554100  0.000116    1.001345  0.000033 1386.76
   900    299.072758      3   -139.555814  0.001004   -139.554093  0.000115    1.001347  0.000032 1416.96
   920    299.075436      3   -139.555918  0.000982   -139.554101  0.000113    1.001348  0.000032 1447.14
   940    299.072962      3   -139.555876  0.000975   -139.554114  0.000112    1.001348  0.000031 1477.32
   960    299.070592      3   -139.555881  0.000954   -139.554111  0.000111    1.001350  0.000030 1507.52
   980    299.069942      3   -139.556103  0.000940   -139.554223  0.000181    1.001349  0.000030 1537.73
  1000    299.071898      3   -139.556306  0.000966   -139.554262  0.000179    1.001353  0.000030 1567.93

Post Propagation Process
Total number of samples 1000
Raw AFQMC/HF (Guide) energy:           -139.556306 ± 0.000966
Raw Trial/Guide overlap ratio:          1.001353 ± 0.000030
Raw AFQMC/pt2CCSD energy (covariance): -139.554262 ± 0.000179
Raw AFQMC/pt2CCSD energy (dir sample): -139.554262 ± 0.000111

Remove Outliers
removing energies outside zeta > 30
Outlier energy bound [-139.632795, -139.474498]
Removed 0 outliers with energies []
Clean AFQMC/pt2CCSD overlap ratio:        1.001353 ± 0.000030
Clean AFQMC/pt2CCSD energy (covariance): -139.554262 ± 0.000179
Clean AFQMC/ptCCSD energy (dir sample):  -139.554262 ± 0.000111

Blocking Analysis
nsample = 1000, max_block_size = 25, min_nblocks = 40
   B    NB    NS  Observable     Error    dError
   1  1000  1000    1.001353  0.000014  0.000000
   2   500  1000    1.001353  0.000017  0.000001
   3   333   999    1.001353  0.000020  0.000001
   4   250  1000    1.001353  0.000022  0.000001
   5   200  1000    1.001353  0.000023  0.000001
   6   166   996    1.001352  0.000024  0.000001
   7   142   994    1.001352  0.000025  0.000001
   8   125  1000    1.001353  0.000025  0.000002
   9   111   999    1.001353  0.000026  0.000002
  10   100  1000    1.001353  0.000028  0.000002
  11    90   990    1.001351  0.000028  0.000002
  12    83   996    1.001352  0.000028  0.000002
  13    76   988    1.001350  0.000028  0.000002
  14    71   994    1.001352  0.000026  0.000002
  15    66   990    1.001351  0.000027  0.000002
  16    62   992    1.001352  0.000028  0.000003
  17    58   986    1.001350  0.000030  0.000003
  18    55   990    1.001351  0.000027  0.000003
  19    52   988    1.001350  0.000029  0.000003
  20    50  1000    1.001353  0.000029  0.000003
  21    47   987    1.001350  0.000028  0.000003
  22    45   990    1.001351  0.000028  0.000003
  23    43   989    1.001351  0.000026  0.000003
  24    41   984    1.001349  0.000029  0.000003
  25    40  1000    1.001353  0.000025  0.000003
Fit (variance): plateau_var = 7.882e-10 ± 4.482e-11
Fit (error):    plateau = 0.000028 ± 0.000001
     autocorrelation length ~ 4.6 blocks
     plateau reached at block size ~ 22
nclean = 1000, max_block_size = 25, min_nblocks = 40
Blk_SZ   NBlk   NSmp      Energy     Error    dError
     1   1000   1000  -139.554195  0.000111  0.000002
     2    500   1000  -139.554213  0.000120  0.000004
     3    333    999  -139.554224  0.000135  0.000005
     4    250   1000  -139.554228  0.000125  0.000006
     5    200   1000  -139.554234  0.000136  0.000007
     6    166    996  -139.554238  0.000145  0.000008
     7    142    994  -139.554239  0.000144  0.000009
     8    125   1000  -139.554241  0.000126  0.000008
     9    111    999  -139.554245  0.000142  0.000010
    10    100   1000  -139.554244  0.000144  0.000010
    11     90    990  -139.554217  0.000147  0.000011
    12     83    996  -139.554248  0.000149  0.000012
    13     76    988  -139.554215  0.000143  0.000012
    14     71    994  -139.554248  0.000149  0.000013
    15     66    990  -139.554221  0.000146  0.000013
    16     62    992  -139.554231  0.000145  0.000013
    17     58    986  -139.554208  0.000139  0.000013
    18     55    990  -139.554222  0.000145  0.000014
    19     52    988  -139.554219  0.000151  0.000015
    20     50   1000  -139.554250  0.000150  0.000015
    21     47    987  -139.554220  0.000152  0.000016
    22     45    990  -139.554223  0.000149  0.000016
    23     43    989  -139.554219  0.000157  0.000017
    24     41    984  -139.554210  0.000151  0.000017
    25     40   1000  -139.554252  0.000170  0.000019
Fit (variance): plateau_var = 2.184371e-08 ± 1.287398e-09
Fit (error):    plateau = 0.000148 ± 0.000004
     autocorrelation length ~ 4.3 blocks
     plateau reached at block size ~ 18
Final AFQMC/pt2CCSD overlap ratio: 1.001353 ± 0.000028
Final AFQMC/pt2CCSD energy: -139.554262 ± 0.000148
Total run time: 1577.33

AFQMC Sampling Finished

