#INFO: **** input file is /projects/yizh8382/projects/w4_17/w4-17_all/pyscf_input/run_pyscf_vdzsd.py ****
import os
import glob
import numpy as np
from pyscf import gto, scf, cc

# basis = "ccpvdz"
xyz_dir = "../w4_17_xyz/closed_shell"
results_file = f"../result/closed_shell_rhf_vdzsd.dat"
out_dir = "../result/molout/closed_shell"
os.makedirs(out_dir, exist_ok=True)

# Set to a list of molecule names to run only those, e.g. ["acetaldehyde", "benzene"]
# Set to None to run all molecules in xyz_dir
select_molecules = None
# select_molecules = ["bn3pi","b2", "cf"]
symmetry = False

all_xyz = sorted(glob.glob(os.path.join(xyz_dir, "*.xyz")))
if select_molecules is not None:
    select_set = set(select_molecules)
    xyz_files = [p for p in all_xyz if os.path.splitext(os.path.basename(p))[0] in select_set]
    missing = select_set - {os.path.splitext(os.path.basename(p))[0] for p in xyz_files}
    if missing:
        print(f"Warning: no .xyz file found for: {', '.join(sorted(missing))} in {xyz_dir}")
else:
    xyz_files = all_xyz

with open(results_file, "w") as out:
    out.write(f"{'Molecule':<16s} {'Charge':>6s} {'2S':>6s} {'frozen':>6s} "
              f"{'E_RHF (Eh)':>20s} {'E_CCSD (Eh)':>20s} {'E_CCSD(T) (Eh)':>20s}\n")
    out.write("-" * 100 + "\n")

for xyz_path in xyz_files:
    with open(xyz_path, "r") as f:
        lines = f.readlines()

    # Parse charge and multiplicity from second line: "name charge=X mult=Y"
    second_line = lines[1]
    charge = int(second_line.split("charge=")[1].split()[0])
    mult   = int(second_line.split("mult=")[1].split()[0])
    spin   = mult - 1   # PySCF spin input is 2S = mult - 1
    mol_name = second_line.split()[0]

    # Coordinates only (skip the atom count and comment lines)
    atoms = "".join(lines[2:])

    print(f"\n{'='*60}")
    print(f"Running: {mol_name}  charge={charge}  spin={spin}")
    print(f"{'='*60}")
    
    h_basis = gto.basis.load('ccpvdz', 'H')
    h_basis_no_p = [b for b in h_basis if b[0] != 1]
    
    mol = gto.M(
        atom=atoms,
        basis={
            'H': h_basis_no_p,
            'default': 'ccpvdz'
            },
        verbose=4,
        output=os.path.join(out_dir, f"{mol_name}_vdzsd.out"),
        unit="angstrom",
        symmetry=symmetry,
        charge=charge,
        spin=spin,
        max_memory=40000,
    )

    mf = scf.RHF(mol)
    mf.max_cycle = 200
    mf = mf.newton()
    mf.kernel()

    # Stability check loop — at most 10 attempts
    max_stability_cycles = 10
    stable = False
    for stability_iter in range(max_stability_cycles):
        mo_i, _, stable, _ = mf.stability(return_status=True)
        if stable:
            break
        dm = mf.make_rdm1(mo_i, mf.mo_occ)
        mf.kernel(dm0=dm)

    if not stable or not mf.converged:
        print(f"  !! SCF did not converge for {mol_name} — skipping.")
        with open(results_file, "a") as out:
            out.write(f"{mol_name:<16s} {charge:>6d} {spin:>6d} {'N/A':>6s} "
                      f"{'UNCONVERGED':>20s} {'UNCONVERGED':>20s} {'UNCONVERGED':>20s}\n")
        continue

    energy = mf.e_tot

    mycc = cc.CCSD(mf)
    mycc.set_frozen()
    mycc.kernel()
    e_ccsd = mycc.e_tot
    et = mycc.ccsd_t()
    e_ccsdt = e_ccsd + et
    frozen = mycc.frozen

    with open(results_file, "a") as out:
        out.write(f"{mol_name:<16s} {charge:>6d} {spin:>6d} {frozen:>6d} "
                  f"{energy:>20.10f} {e_ccsd:>20.10f} {e_ccsdt:>20.10f}\n")

    print(f"  => E_RHF({mol_name})     = {energy:.10f} Eh")
    print(f"  => E_CCSD({mol_name})    = {e_ccsd:.10f} Eh")
    print(f"  => E_CCSD(T)({mol_name}) = {e_ccsdt:.10f} Eh")

print(f"\nAll calculations complete. Results saved to {results_file}")
#INFO: ******************** input file end ********************


System: uname_result(system='Linux', node='bnode0309.rc.int.colorado.edu', release='4.18.0-477.27.1.el8_8.x86_64', version='#1 SMP Thu Aug 31 10:29:22 EDT 2023', machine='x86_64')  Threads 28
Python 3.10.2 | packaged by conda-forge | (main, Mar  8 2022, 15:52:01) [GCC 9.4.0]
numpy 2.0.2  scipy 1.14.1  h5py 3.12.1
Date: Wed May 13 19:55:16 2026
PySCF version 2.9.0
PySCF path  /projects/yizh8382/tools/lno_pyscf_gcc
GIT HEAD (branch master) 142756584ed3963728cc1f6823286f4605811a6c

[ENV] PYSCF_TMPDIR /scratch/alpine/yizh8382/pyscf
[ENV] PYSCF_EXT_PATH /home/yizh8382/tools/pyscf-forge
[CONFIG] conf_file None
[INPUT] verbose = 4
[INPUT] num. atoms = 5
[INPUT] num. electrons = 34
[INPUT] charge = 0
[INPUT] spin (= nelec alpha-beta = 2S) = 0
[INPUT] symmetry False subgroup None
[INPUT] Mole.unit = angstrom
[INPUT] Symbol           X                Y                Z      unit          X                Y                Z       unit  Magmom
[INPUT]  1 H      0.000000000000   0.000000000000  -1.449640839900 AA    0.000000000000   0.000000000000  -2.739424166395 Bohr   0.0
[INPUT]  2 C      0.000000000000   0.000000000000  -0.362943994700 AA    0.000000000000   0.000000000000  -0.685864748539 Bohr   0.0
[INPUT]  3 F      1.248039938300   0.000000000000   0.102122115400 AA    2.358453675906   0.000000000000   0.192982829367 Bohr   0.0
[INPUT]  4 F     -0.624019969200   1.080834291500   0.102122115400 AA   -1.179226838048   2.042480796973   0.192982829367 Bohr   0.0
[INPUT]  5 F     -0.624019969200  -1.080834291500   0.102122115400 AA   -1.179226838048  -2.042480796973   0.192982829367 Bohr   0.0

nuclear repulsion = 133.948521704787
number of shells = 22
number of NR pGTOs = 108
number of NR cGTOs = 58
basis = {'H': [[0, [13.01, 0.019685], [1.962, 0.137977], [0.4446, 0.478148]], [0, [0.122, 1.0]]], 'default': 'ccpvdz'}
ecp = {}
CPU time:      6089.41




******** <class 'pyscf.soscf.newton_ah.SecondOrderRHF'> ********
method = SecondOrderRHF
initial guess = minao
damping factor = 0
level_shift factor = 0
DIIS = <class 'pyscf.scf.diis.CDIIS'>
diis_start_cycle = 1
diis_space = 8
diis_damp = 0
SCF conv_tol = 1e-09
SCF conv_tol_grad = None
SCF max_cycles = 200
direct_scf = True
direct_scf_tol = 1e-13
chkfile to save SCF result = /scratch/alpine/yizh8382/pyscf/tmpwp5684ax
max_memory 40000 MB (current use 1494 MB)
******** <class 'pyscf.scf.hf.RHF'> Newton solver flags ********
SCF tol = 1e-09
conv_tol_grad = None
max. SCF cycles = 200
direct_scf = True
direct_scf_tol = 1e-13
chkfile to save SCF result = /scratch/alpine/yizh8382/pyscf/tmpwp5684ax
max_cycle_inner = 12
max_stepsize = 0.05
ah_start_tol = 1e+09
ah_level_shift = 0
ah_conv_tol = 1e-12
ah_lindep = 1e-14
ah_start_cycle = 1
ah_max_cycle = 40
ah_grad_trust_region = 2.5
kf_interval = 4
kf_trust_region = 5
canonicalization = True
max_memory 40000 MB (current use 1494 MB)
Set conv_tol_grad to 3.16228e-05
Initial guess from minao.
  HOMO = -0.452173248900181  LUMO = 0.202573116106304
Initial guess E= -336.634701219059  |g|= 0.873932
macro= 0  E= -336.78346553683  delta_E= -0.148764  |g|= 0.873932  2 KF 5 JK
macro= 1  E= -336.78608238879  delta_E= -0.00261685  |g|= 9.2858e-05  3 KF 11 JK
macro= 2  E= -336.786082388791  delta_E= -2.27374e-13  |g|= 7.59574e-06  1 KF 2 JK
Canonicalize SCF orbitals
macro X = 3  E=-336.786082388791  |g|= 7.59574e-06  total 7 KF 22 JK
converged SCF energy = -336.786082388791
rhf_internal: lowest eigs of H = [2.15019357 2.23351524 2.23352425]
<class 'pyscf.soscf.newton_ah.SecondOrderRHF'> wavefunction is stable in the internal stability analysis

******** <class 'pyscf.cc.ccsd.CCSD'> ********
CC2 = 0
CCSD nocc = 13, nmo = 54
frozen orbitals 4
max_cycle = 50
direct = 0
conv_tol = 1e-07
conv_tol_normt = 1e-05
diis_space = 6
diis_start_cycle = 0
diis_start_energy_diff = 1e+09
max_memory 40000 MB (current use 1494 MB)
Init t2, MP2 energy = -337.469314060397  E_corr(MP2) -0.683231671606588
Init E_corr(CCSD) = -0.683231671620545
cycle = 1  E_corr(CCSD) = -0.680015911300426  dE = 0.00321576032  norm(t1,t2) = 0.0560875
cycle = 2  E_corr(CCSD) = -0.694217468075735  dE = -0.0142015568  norm(t1,t2) = 0.0155625
cycle = 3  E_corr(CCSD) = -0.694361047778429  dE = -0.000143579703  norm(t1,t2) = 0.00824267
cycle = 4  E_corr(CCSD) = -0.696203468030837  dE = -0.00184242025  norm(t1,t2) = 0.00291885
cycle = 5  E_corr(CCSD) = -0.69618268389744  dE = 2.07841334e-05  norm(t1,t2) = 0.000626033
cycle = 6  E_corr(CCSD) = -0.696122876014336  dE = 5.98078831e-05  norm(t1,t2) = 0.000199651
cycle = 7  E_corr(CCSD) = -0.696120265556239  dE = 2.6104581e-06  norm(t1,t2) = 4.82729e-05
cycle = 8  E_corr(CCSD) = -0.696122653682845  dE = -2.38812661e-06  norm(t1,t2) = 1.17148e-05
cycle = 9  E_corr(CCSD) = -0.696122535504176  dE = 1.18178668e-07  norm(t1,t2) = 3.73366e-06
cycle = 10  E_corr(CCSD) = -0.696122493039237  dE = 4.2464939e-08  norm(t1,t2) = 1.11697e-06
CCSD converged
E(CCSD) = -337.4822048818298  E_corr = -0.6961224930392375
CCSD(T) correction = -0.012820371939472
