#INFO: **** input file is /work/hdd/bdka/yzhang65/w4_17/w4-17_all/afqmc_input/run_afqmc.py ****
import os
os.environ.setdefault("XLA_PYTHON_CLIENT_ALLOCATOR", "platform")

import jax
jax.config.update("jax_enable_x64", True)

import glob
import numpy as np
from pyscf import gto, scf, cc
from afqmc import prep, launch_afqmc
import re

def extract_afqmc_energy(filename):
    """Extract the final AFQMC/pt2CCSD energy and its uncertainty from an afqmc.out file.
    
    Returns (0, 0) if the value cannot be found or the file cannot be read.
    """
    pattern = re.compile(
        r"Final AFQMC/pt2CCSD energy:\s*"
        r"([-+]?\d*\.?\d+(?:[eE][-+]?\d+)?)"   # energy
        r"\s*(?:±|\+/-)\s*"
        r"([-+]?\d*\.?\d+(?:[eE][-+]?\d+)?)"   # error
    )
    try:
        with open(filename, "r", encoding="utf-8") as f:
            for line in f:
                m = pattern.search(line)
                if m:
                    return float(m.group(1)), float(m.group(2))
    except (OSError, IOError):
        pass
    return 0, 0

# basis = "ccpvdz"
xyz_dir = "../w4_17_xyz/closed_shell"
results_file = f"./closed_shell_uhf_vdzsd.dat"
out_dir = "../result/molout/closed_shell"
os.makedirs(out_dir, exist_ok=True)

# Set to a list of molecule names to run only those, e.g. ["acetaldehyde", "benzene"]
# Set to None to run all molecules in xyz_dir
select_molecules = None
symmetry = False

def vdzsd(elem):
    if elem in ('H', 'He'):
        raw_basis = gto.basis.load('ccpvdz', elem)
        return [b for b in raw_basis if b[0] != 1]
    else:
        return gto.basis.load('ccpvdz', elem)

def get_vdzsd_basis(atoms):
    elems = {line.split()[0] for line in atoms.strip().splitlines() if line.strip()}
    basis_dict = {el: vdzsd(el) for el in elems}
    return basis_dict

all_xyz = sorted(glob.glob(os.path.join(xyz_dir, "*.xyz")))
if select_molecules is not None:
    select_set = set(select_molecules)
    xyz_files = [p for p in all_xyz if os.path.splitext(os.path.basename(p))[0] in select_set]
    missing = select_set - {os.path.splitext(os.path.basename(p))[0] for p in xyz_files}
    if missing:
        print(f"Warning: no .xyz file found for: {', '.join(sorted(missing))} in {xyz_dir}")
else:
    xyz_files = all_xyz

with open(results_file, "w") as out:
    out.write(f"{'Molecule':<16s} {'Charge':>6s} {'2S':>6s} {'frozen':>6s} "
              f"{'E_HF (Eh)':>20s} {'E_CCSD (Eh)':>20s} {'E_CCSD(T) (Eh)':>20s} "
              f"{'E_AFQMC (Eh)':>20s} {'E_AFQMC ERR (Eh)':>20s} \n")
    out.write("-" * 100 + "\n")

for xyz_path in xyz_files:
    with open(xyz_path, "r") as f:
        lines = f.readlines()

    # Parse charge and multiplicity from second line: "name charge=X mult=Y"
    second_line = lines[1]
    charge = int(second_line.split("charge=")[1].split()[0])
    mult   = int(second_line.split("mult=")[1].split()[0])
    spin   = mult - 1   # PySCF spin input is 2S = mult - 1
    mol_name = second_line.split()[0]

    # Coordinates only (skip the atom count and comment lines)
    atoms = "".join(lines[2:])
    basis_dict = get_vdzsd_basis(atoms)

    print(f"\n{'='*60}")
    print(f"Running: {mol_name}  charge={charge}  spin={spin}")
    print(f"{'='*60}")

    mol = gto.M(
        atom=atoms,
        basis=basis_dict,
        verbose=4,
        output=os.path.join(out_dir, f"{mol_name}_vdzsd.out"),
        unit="angstrom",
        symmetry=symmetry,
        charge=charge,
        spin=spin,
        max_memory=40000,
    )

    mf = scf.UHF(mol)
    mf.max_cycle = 200
    mf = mf.newton()
    mf.kernel()

    # Stability check loop — at most 10 attempts
    max_stability_cycles = 10
    stable = False
    for stability_iter in range(max_stability_cycles):
        mo_i, _, stable, _ = mf.stability(return_status=True)
        if stable:
            break
        dm = mf.make_rdm1(mo_i, mf.mo_occ)
        mf.kernel(dm0=dm)

    if not stable or not mf.converged:
        print(f"  !! SCF did not converge for {mol_name} — skipping.")
        with open(results_file, "a") as out:
            out.write(f"{mol_name:<16s} {charge:>6d} {spin:>6d} {'N/A':>6s} "
                      f"{'UNCONVERGED':>20s} {'UNCONVERGED':>20s} {'UNCONVERGED':>20s}\n")
        continue

    energy = mf.e_tot

    mycc = cc.CCSD(mf)
    mycc.set_frozen()
    mycc.kernel()
    e_ccsd = mycc.e_tot
    et = mycc.ccsd_t()
    e_ccsdt = e_ccsd + et
    frozen = mycc.frozen

    prep.prep_afqmc(mycc, chol_cut=1e-5)
    options = {'n_eql': 120,
               'n_blocks': 1000,
               'n_walkers': 300,
               'dt':0.005,
               'max_error': 0.0,
               #'nchol_chunk': 200,
               'seed': 17,
               'walker_type': 'uhf',
               'trial': 'uccsd_pt2',
               'free_projection': False,
               'use_gpu': True,
               }
    launch_afqmc.run_afqmc(options)
    afqmc_file = os.path.join(out_dir, f'{mol_name}_afqmc_vdzsd.out')
    os.system(f"mv afqmc.out {afqmc_file}")
    eqmc, eqmc_err = extract_afqmc_energy(f"{afqmc_file}")

    with open(results_file, "a") as out:
        out.write(f"{mol_name:<16s} {charge:>6d} {spin:>6d} {frozen:>6d} "
                  f"{energy:>20.10f} {e_ccsd:>20.10f} {e_ccsdt:>20.10f}"
                  f"{eqmc:>20.10f} {eqmc_err:>20.10f} \n")

    print(f"  => E_HF({mol_name})      = {energy:.10f} Eh")
    print(f"  => E_CCSD({mol_name})    = {e_ccsd:.10f} Eh")
    print(f"  => E_CCSD(T)({mol_name}) = {e_ccsdt:.10f} Eh")
    print(f"  => E_AFQMC({mol_name})   = {eqmc:.10f} +/- {eqmc_err:.10f} Eh")

print(f"\nAll calculations complete. Results saved to {results_file}")
#INFO: ******************** input file end ********************


System: uname_result(system='Linux', node='gpua016.delta.ncsa.illinois.edu', release='5.14.0-427.91.1.el9_4.x86_64', version='#1 SMP PREEMPT_DYNAMIC Wed Sep 17 10:08:59 EDT 2025', machine='x86_64')  Threads 16
Python 3.11.14 (main, Oct 21 2025, 18:31:21) [GCC 11.2.0]
numpy 2.3.5  scipy 1.16.3  h5py 3.15.1
Date: Sat May 16 23:39:16 2026
PySCF version 2.11.0
PySCF path  /u/yzhang65/myprojects/software/pyscf
GIT HEAD (branch master) f520f5381c0b41f716d847009817cbc64e52c0d5

[ENV] PYSCF_TMPDIR /projects/bdka/yzhang65/scratch/pyscf
[ENV] PYSCF_EXT_PATH /u/yzhang65/myprojects/software/pyscf-forge
[CONFIG] conf_file None
[INPUT] verbose = 4
[INPUT] num. atoms = 6
[INPUT] num. electrons = 64
[INPUT] charge = 0
[INPUT] spin (= nelec alpha-beta = 2S) = 0
[INPUT] symmetry False subgroup None
[INPUT] Mole.unit = angstrom
[INPUT] Symbol           X                Y                Z      unit          X                Y                Z       unit  Magmom
[INPUT]  1 C      0.000000000000   0.667634062500   0.415003484400 AA    0.000000000000   1.261645529556   0.784242926256 Bohr   0.0
[INPUT]  2 C      0.000000000000  -0.667634062500   0.415003484400 AA    0.000000000000  -1.261645529556   0.784242926256 Bohr   0.0
[INPUT]  3 Cl     0.000000000000   1.643828821700  -0.975068554700 AA    0.000000000000   3.106386268679  -1.842612521058 Bohr   0.0
[INPUT]  4 Cl     0.000000000000  -1.643828821700  -0.975068554700 AA    0.000000000000  -3.106386268679  -1.842612521058 Bohr   0.0
[INPUT]  5 F      0.000000000000   1.331604227900   1.563976070400 AA    0.000000000000   2.516367297044   2.955486438429 Bohr   0.0
[INPUT]  6 F      0.000000000000  -1.331604227900   1.563976070400 AA    0.000000000000  -2.516367297044   2.955486438429 Bohr   0.0

nuclear repulsion = 353.003626028493
number of shells = 30
number of NR pGTOs = 186
number of NR cGTOs = 92
basis = {'C': [[0, [6665.0, 0.000692, -0.000146], [1000.0, 0.005329, -0.001154], [228.0, 0.027077, -0.005725], [64.71, 0.101718, -0.023312], [21.06, 0.27474, -0.063955], [7.495, 0.448564, -0.149981], [2.797, 0.285074, -0.127262], [0.5215, 0.015204, 0.544529]], [0, [0.1596, 1.0]], [1, [9.439, 0.038109], [2.002, 0.20948], [0.5456, 0.508557]], [1, [0.1517, 1.0]], [2, [0.55, 1.0]]], 'F': [[0, [14710.0, 0.000721, -0.000165], [2207.0, 0.005553, -0.001308], [502.8, 0.028267, -0.006495], [142.6, 0.106444, -0.026691], [46.47, 0.286814, -0.07369], [16.7, 0.448641, -0.170776], [6.356, 0.264761, -0.112327], [1.316, 0.015333, 0.562814]], [0, [0.3897, 1.0]], [1, [22.67, 0.044878], [4.977, 0.235718], [1.347, 0.508521]], [1, [0.3471, 1.0]], [2, [1.64, 1.0]]], 'Cl': [[0, [127900.0, 0.000241153, -6.78922e-05, 2.04986e-05], [19170.0, 0.00187095, -0.000521836, 0.000158298], [4363.0, 0.00970827, -0.00276513, 0.000833639], [1236.0, 0.0393153, -0.0111537, 0.0033988], [403.6, 0.125932, -0.0385919, 0.0116738], [145.7, 0.299341, -0.0994848, 0.0309622], [56.81, 0.421886, -0.201392, 0.0629533], [23.23, 0.237201, -0.130313, 0.0460257], [6.644, 0.0191531, 0.509443, -0.219312], [2.575, -0.00334792, 0.610725, -0.408773], [0.5371, 0.000929883, 0.0421549, 0.638465]], [0, [0.1938, 1.0]], [1, [417.6, 0.00525982, -0.0014357], [98.33, 0.0398332, -0.0107796], [31.04, 0.164655, -0.0470075], [11.19, 0.387322, -0.11103], [4.249, 0.457072, -0.153275], [1.624, 0.151636, 0.0894609], [0.5322, 0.00181615, 0.579444]], [1, [0.162, 1.0]], [2, [0.6, 1.0]]]}
ecp = {}
CPU time:      7794.66




******** <class 'pyscf.soscf.newton_ah.SecondOrderUHF'> ********
method = SecondOrderUHF
initial guess = minao
damping factor = 0
level_shift factor = 0
DIIS = <class 'pyscf.scf.diis.CDIIS'>
diis_start_cycle = 1
diis_space = 8
diis_damp = 0
SCF conv_tol = 1e-09
SCF conv_tol_grad = None
SCF max_cycles = 200
direct_scf = True
direct_scf_tol = 1e-13
chkfile to save SCF result = /projects/bdka/yzhang65/scratch/pyscf/tmphlrfw4se
max_memory 40000 MB (current use 2579 MB)
number electrons alpha = 32  beta = 32
******** <class 'pyscf.scf.uhf.UHF'> Newton solver flags ********
SCF tol = 1e-09
conv_tol_grad = None
max. SCF cycles = 200
direct_scf = True
direct_scf_tol = 1e-13
chkfile to save SCF result = /projects/bdka/yzhang65/scratch/pyscf/tmphlrfw4se
max_cycle_inner = 12
max_stepsize = 0.05
ah_start_tol = 1e+09
ah_level_shift = 0
ah_conv_tol = 1e-12
ah_lindep = 1e-14
ah_start_cycle = 1
ah_max_cycle = 40
ah_grad_trust_region = 2.5
kf_interval = 4
kf_trust_region = 5
canonicalization = True
max_memory 40000 MB (current use 2579 MB)
Set conv_tol_grad to 3.16228e-05
  alpha nocc = 32  HOMO = -0.124198751880145  LUMO = 0.143794409595952
  beta  nocc = 32  HOMO = -0.135877654943906  LUMO = 0.137499954163183
Initial guess E= -1193.30783704352  |g|= 0.734823
macro= 0  E= -1193.56229481063  delta_E= -0.254458  |g|= 0.103927  3 KF 9 JK
macro= 1  E= -1193.56266320345  delta_E= -0.000368393  |g|= 0.000103566  3 KF 11 JK
macro= 2  E= -1193.56266320345  delta_E= 0  |g|= 1.14871e-05  1 KF 2 JK
Canonicalize SCF orbitals
macro X = 3  E=-1193.56266320345  |g|= 1.14871e-05  total 8 KF 26 JK
converged SCF energy = -1193.56266320345  <S^2> = 1.630589e-10  2S+1 = 1
uhf_internal: lowest eigs of H = [-0.00882143  0.40621918  0.42533152]
<class 'pyscf.soscf.newton_ah.SecondOrderUHF'> wavefunction has an internal instability




******** <class 'pyscf.soscf.newton_ah.SecondOrderUHF'> ********
method = SecondOrderUHF
initial guess = minao
damping factor = 0
level_shift factor = 0
DIIS = <class 'pyscf.scf.diis.CDIIS'>
diis_start_cycle = 1
diis_space = 8
diis_damp = 0
SCF conv_tol = 1e-09
SCF conv_tol_grad = None
SCF max_cycles = 200
direct_scf = True
direct_scf_tol = 1e-13
chkfile to save SCF result = /projects/bdka/yzhang65/scratch/pyscf/tmphlrfw4se
max_memory 40000 MB (current use 2579 MB)
number electrons alpha = 32  beta = 32
******** <class 'pyscf.scf.uhf.UHF'> Newton solver flags ********
SCF tol = 1e-09
conv_tol_grad = None
max. SCF cycles = 200
direct_scf = True
direct_scf_tol = 1e-13
chkfile to save SCF result = /projects/bdka/yzhang65/scratch/pyscf/tmphlrfw4se
max_cycle_inner = 12
max_stepsize = 0.05
ah_start_tol = 1e+09
ah_level_shift = 0
ah_conv_tol = 1e-12
ah_lindep = 1e-14
ah_start_cycle = 1
ah_max_cycle = 40
ah_grad_trust_region = 2.5
kf_interval = 4
kf_trust_region = 5
canonicalization = True
max_memory 40000 MB (current use 2579 MB)
Set conv_tol_grad to 3.16228e-05
  alpha nocc = 32  HOMO = -0.408496719759323  LUMO = 0.180876124241128
  beta  nocc = 32  HOMO = -0.408480143275417  LUMO = 0.180860140047629
Initial guess E= -1193.52967261602  |g|= 0.0889704
macro= 0  E= -1193.55621304209  delta_E= -0.0265404  |g|= 0.0889704  2 KF 6 JK
macro= 1  E= -1193.56220697467  delta_E= -0.00599393  |g|= 0.0090303  3 KF 9 JK
macro= 2  E= -1193.56267454596  delta_E= -0.000467571  |g|= 0.0016046  3 KF 11 JK
macro= 3  E= -1193.56270351547  delta_E= -2.89695e-05  |g|= 0.000217914  2 KF 12 JK
macro= 4  E= -1193.56270398031  delta_E= -4.64838e-07  |g|= 9.61561e-05  1 KF 9 JK
macro= 5  E= -1193.56270398051  delta_E= -2.05546e-10  |g|= 1.27784e-05  1 KF 3 JK
Canonicalize SCF orbitals
macro X = 6  E=-1193.56270398051  |g|= 1.27784e-05  total 13 KF 57 JK
converged SCF energy = -1193.56270398051  <S^2> = 0.036873096  2S+1 = 1.0712107
uhf_internal: lowest eigs of H = [0.01769125 0.40788675 0.42561278]
<class 'pyscf.soscf.newton_ah.SecondOrderUHF'> wavefunction is stable in the internal stability analysis

******** <class 'pyscf.cc.uccsd.UCCSD'> ********
CC2 = 0
CCSD nocc = (np.int64(18), np.int64(18)), nmo = (78, 78)
frozen orbitals 14
max_cycle = 50
direct = 0
conv_tol = 1e-07
conv_tol_normt = 1e-06
diis_space = 6
diis_start_cycle = 0
diis_start_energy_diff = 1e+09
max_memory 40000 MB (current use 2579 MB)
Init t2, MP2 energy = -0.895426083234465
Init E_corr(UCCSD) = -0.895426083289299
cycle = 1  E_corr(UCCSD) = -0.902418301025495  dE = -0.00699221774  norm(t1,t2) = 0.115124
cycle = 2  E_corr(UCCSD) = -0.924339332006114  dE = -0.021921031  norm(t1,t2) = 0.039169
cycle = 3  E_corr(UCCSD) = -0.924607853290978  dE = -0.000268521285  norm(t1,t2) = 0.0245078
cycle = 4  E_corr(UCCSD) = -0.928798820009454  dE = -0.00419096672  norm(t1,t2) = 0.0136147
cycle = 5  E_corr(UCCSD) = -0.929026211057059  dE = -0.000227391048  norm(t1,t2) = 0.00664813
cycle = 6  E_corr(UCCSD) = -0.928671231759061  dE = 0.000354979298  norm(t1,t2) = 0.00343693
cycle = 7  E_corr(UCCSD) = -0.928734968811677  dE = -6.37370526e-05  norm(t1,t2) = 0.00114129
cycle = 8  E_corr(UCCSD) = -0.928796744433802  dE = -6.17756221e-05  norm(t1,t2) = 0.000343729
cycle = 9  E_corr(UCCSD) = -0.928801002211845  dE = -4.25777804e-06  norm(t1,t2) = 0.000141236
cycle = 10  E_corr(UCCSD) = -0.928799404535205  dE = 1.59767664e-06  norm(t1,t2) = 3.92882e-05
cycle = 11  E_corr(UCCSD) = -0.92879856591038  dE = 8.38624824e-07  norm(t1,t2) = 1.48307e-05
cycle = 12  E_corr(UCCSD) = -0.928798381007929  dE = 1.84902451e-07  norm(t1,t2) = 6.41222e-06
cycle = 13  E_corr(UCCSD) = -0.928798204734678  dE = 1.76273251e-07  norm(t1,t2) = 2.25488e-06
cycle = 14  E_corr(UCCSD) = -0.928798215410358  dE = -1.06756802e-08  norm(t1,t2) = 1.09306e-06
cycle = 15  E_corr(UCCSD) = -0.928798207757454  dE = 7.65290453e-09  norm(t1,t2) = 4.27867e-07
UCCSD converged
E(UCCSD) = -1194.491502188269  E_corr = -0.9287982077574536
UCCSD(T) correction = -0.0259501702998532
