#INFO: **** input file is /projects/yizh8382/projects/w4_17/w4-17_all/pyscf_input/run_pyscf.py ****
import os
import glob
import numpy as np
from pyscf import gto, scf, cc

xyz_dir = "../w4_17_xyz/closed_shell"
results_file = "../result/closed_shell_rhf.dat"
out_dir = "../result/molout/closed_shell"
os.makedirs(out_dir, exist_ok=True)

# Set to a list of molecule names to run only those, e.g. ["acetaldehyde", "benzene"]
# Set to None to run all molecules in xyz_dir
select_molecules = None
# select_molecules = ["bn3pi","b2", "cf"]
symmetry = False

all_xyz = sorted(glob.glob(os.path.join(xyz_dir, "*.xyz")))
if select_molecules is not None:
    select_set = set(select_molecules)
    xyz_files = [p for p in all_xyz if os.path.splitext(os.path.basename(p))[0] in select_set]
    missing = select_set - {os.path.splitext(os.path.basename(p))[0] for p in xyz_files}
    if missing:
        print(f"Warning: no .xyz file found for: {', '.join(sorted(missing))} in {xyz_dir}")
else:
    xyz_files = all_xyz

with open(results_file, "w") as out:
    out.write(f"{'Molecule':<16s} {'Charge':>6s} {'2S':>6s} {'frozen':>6s} "
              f"{'E_RHF (Eh)':>20s} {'E_CCSD (Eh)':>20s} {'E_CCSD(T) (Eh)':>20s}\n")
    out.write("-" * 100 + "\n")

for xyz_path in xyz_files:
    with open(xyz_path, "r") as f:
        lines = f.readlines()

    # Parse charge and multiplicity from second line: "name charge=X mult=Y"
    second_line = lines[1]
    charge = int(second_line.split("charge=")[1].split()[0])
    mult   = int(second_line.split("mult=")[1].split()[0])
    spin   = mult - 1   # PySCF spin input is 2S = mult - 1
    mol_name = second_line.split()[0]

    # Coordinates only (skip the atom count and comment lines)
    atoms = "".join(lines[2:])

    print(f"\n{'='*60}")
    print(f"Running: {mol_name}  charge={charge}  spin={spin}")
    print(f"{'='*60}")

    mol = gto.M(
        atom=atoms,
        basis="ccpvdz",
        verbose=4,
        output=os.path.join(out_dir, f"{mol_name}.out"),
        unit="angstrom",
        symmetry=symmetry,
        charge=charge,
        spin=spin,
        max_memory=40000,
    )

    mf = scf.RHF(mol)
    mf.max_cycle = 200
    mf = mf.newton()
    mf.kernel()

    # Stability check loop — at most 10 attempts
    max_stability_cycles = 10
    stable = False
    for stability_iter in range(max_stability_cycles):
        mo_i, _, stable, _ = mf.stability(return_status=True)
        if stable:
            break
        dm = mf.make_rdm1(mo_i, mf.mo_occ)
        mf.kernel(dm0=dm)

    if not stable or not mf.converged:
        print(f"  !! SCF did not converge for {mol_name} — skipping.")
        with open(results_file, "a") as out:
            out.write(f"{mol_name:<16s} {charge:>6d} {spin:>6d} {'N/A':>6s} "
                      f"{'UNCONVERGED':>20s} {'UNCONVERGED':>20s} {'UNCONVERGED':>20s}\n")
        continue

    energy = mf.e_tot

    mycc = cc.CCSD(mf)
    mycc.set_frozen()
    mycc.kernel()
    e_ccsd = mycc.e_tot
    et = mycc.ccsd_t()
    e_ccsdt = e_ccsd + et
    frozen = mycc.frozen

    with open(results_file, "a") as out:
        out.write(f"{mol_name:<16s} {charge:>6d} {spin:>6d} {frozen:>6d} "
                  f"{energy:>20.10f} {e_ccsd:>20.10f} {e_ccsdt:>20.10f}\n")

    print(f"  => E_RHF({mol_name})     = {energy:.10f} Eh")
    print(f"  => E_CCSD({mol_name})    = {e_ccsd:.10f} Eh")
    print(f"  => E_CCSD(T)({mol_name}) = {e_ccsdt:.10f} Eh")

print(f"\nAll calculations complete. Results saved to {results_file}")
#INFO: ******************** input file end ********************


System: uname_result(system='Linux', node='bnode0303.rc.int.colorado.edu', release='4.18.0-477.27.1.el8_8.x86_64', version='#1 SMP Thu Aug 31 10:29:22 EDT 2023', machine='x86_64')  Threads 28
Python 3.10.2 | packaged by conda-forge | (main, Mar  8 2022, 15:52:01) [GCC 9.4.0]
numpy 2.0.2  scipy 1.14.1  h5py 3.12.1
Date: Tue May 12 10:54:10 2026
PySCF version 2.9.0
PySCF path  /projects/yizh8382/tools/lno_pyscf_gcc
GIT HEAD (branch master) 142756584ed3963728cc1f6823286f4605811a6c

[ENV] PYSCF_TMPDIR /scratch/alpine/yizh8382/pyscf
[ENV] PYSCF_EXT_PATH /home/yizh8382/tools/pyscf-forge
[CONFIG] conf_file None
[INPUT] verbose = 4
[INPUT] num. atoms = 4
[INPUT] num. electrons = 44
[INPUT] charge = 0
[INPUT] spin (= nelec alpha-beta = 2S) = 0
[INPUT] symmetry False subgroup None
[INPUT] Mole.unit = angstrom
[INPUT] Symbol           X                Y                Z      unit          X                Y                Z       unit  Magmom
[INPUT]  1 Cl     0.000000000000   0.000000000000  -0.370295350200 AA    0.000000000000   0.000000000000  -0.699756797078 Bohr   0.0
[INPUT]  2 F      0.000000000000   0.000000000000   1.228194783700 AA    0.000000000000   0.000000000000   2.320951768812 Bohr   0.0
[INPUT]  3 F      0.000000000000   1.694035844300  -0.286222436800 AA    0.000000000000   3.201263790923  -0.540882016258 Bohr   0.0
[INPUT]  4 F      0.000000000000  -1.694035844300  -0.286222436800 AA    0.000000000000  -3.201263790923  -0.540882016258 Bohr   0.0

nuclear repulsion = 196.498691701434
number of shells = 20
number of NR pGTOs = 119
number of NR cGTOs = 60
basis = ccpvdz
ecp = {}
CPU time:      7343.52




******** <class 'pyscf.soscf.newton_ah.SecondOrderRHF'> ********
method = SecondOrderRHF
initial guess = minao
damping factor = 0
level_shift factor = 0
DIIS = <class 'pyscf.scf.diis.CDIIS'>
diis_start_cycle = 1
diis_space = 8
diis_damp = 0
SCF conv_tol = 1e-09
SCF conv_tol_grad = None
SCF max_cycles = 200
direct_scf = True
direct_scf_tol = 1e-13
chkfile to save SCF result = /scratch/alpine/yizh8382/pyscf/tmpz_1xaym3
max_memory 40000 MB (current use 1618 MB)
******** <class 'pyscf.scf.hf.RHF'> Newton solver flags ********
SCF tol = 1e-09
conv_tol_grad = None
max. SCF cycles = 200
direct_scf = True
direct_scf_tol = 1e-13
chkfile to save SCF result = /scratch/alpine/yizh8382/pyscf/tmpz_1xaym3
max_cycle_inner = 12
max_stepsize = 0.05
ah_start_tol = 1e+09
ah_level_shift = 0
ah_conv_tol = 1e-12
ah_lindep = 1e-14
ah_start_cycle = 1
ah_max_cycle = 40
ah_grad_trust_region = 2.5
kf_interval = 4
kf_trust_region = 5
canonicalization = True
max_memory 40000 MB (current use 1618 MB)
Set conv_tol_grad to 3.16228e-05
Initial guess from minao.
  HOMO = -0.347976484934427  LUMO = -0.0910270558442621
Initial guess E= -757.345705548775  |g|= 0.893255
macro= 0  E= -757.508439488711  delta_E= -0.162734  |g|= 0.112633  3 KF 9 JK
macro= 1  E= -757.509135397748  delta_E= -0.000695909  |g|= 9.3735e-05  3 KF 12 JK
macro= 2  E= -757.509135397745  delta_E= 2.84217e-12  |g|= 7.19162e-06  1 KF 2 JK
Canonicalize SCF orbitals
macro X = 3  E=-757.509135397745  |g|= 7.19162e-06  total 8 KF 27 JK
converged SCF energy = -757.509135397745
rhf_internal: lowest eigs of H = [0.8637548  1.14643009 1.15702693]
<class 'pyscf.soscf.newton_ah.SecondOrderRHF'> wavefunction is stable in the internal stability analysis

******** <class 'pyscf.cc.ccsd.CCSD'> ********
CC2 = 0
CCSD nocc = 14, nmo = 52
frozen orbitals 8
max_cycle = 50
direct = 0
conv_tol = 1e-07
conv_tol_normt = 1e-05
diis_space = 6
diis_start_cycle = 0
diis_start_energy_diff = 1e+09
max_memory 40000 MB (current use 1618 MB)
Init t2, MP2 energy = -758.251658742701  E_corr(MP2) -0.74252334495626
Init E_corr(CCSD) = -0.742523344966771
cycle = 1  E_corr(CCSD) = -0.728917719069409  dE = 0.0136056259  norm(t1,t2) = 0.0757452
cycle = 2  E_corr(CCSD) = -0.750931731394221  dE = -0.0220140123  norm(t1,t2) = 0.0313561
cycle = 3  E_corr(CCSD) = -0.749470974272552  dE = 0.00146075712  norm(t1,t2) = 0.0197311
cycle = 4  E_corr(CCSD) = -0.75186882805555  dE = -0.00239785378  norm(t1,t2) = 0.00640196
cycle = 5  E_corr(CCSD) = -0.752331932551211  dE = -0.000463104496  norm(t1,t2) = 0.00319412
cycle = 6  E_corr(CCSD) = -0.752138473498118  dE = 0.000193459053  norm(t1,t2) = 0.001458
cycle = 7  E_corr(CCSD) = -0.752073068779986  dE = 6.54047181e-05  norm(t1,t2) = 0.000484052
cycle = 8  E_corr(CCSD) = -0.752102841674812  dE = -2.97728948e-05  norm(t1,t2) = 0.00022523
cycle = 9  E_corr(CCSD) = -0.752113180730394  dE = -1.03390556e-05  norm(t1,t2) = 9.52948e-05
cycle = 10  E_corr(CCSD) = -0.752111568192685  dE = 1.61253771e-06  norm(t1,t2) = 3.17895e-05
cycle = 11  E_corr(CCSD) = -0.752111240334117  dE = 3.27858569e-07  norm(t1,t2) = 1.70671e-05
cycle = 12  E_corr(CCSD) = -0.752110606883266  dE = 6.3345085e-07  norm(t1,t2) = 8.71006e-06
cycle = 13  E_corr(CCSD) = -0.752110480426104  dE = 1.26457162e-07  norm(t1,t2) = 3.77247e-06
cycle = 14  E_corr(CCSD) = -0.752110298317951  dE = 1.82108153e-07  norm(t1,t2) = 1.56139e-06
cycle = 15  E_corr(CCSD) = -0.75211030264926  dE = -4.33130976e-09  norm(t1,t2) = 6.00757e-07
CCSD converged
E(CCSD) = -758.2612457003944  E_corr = -0.7521103026492604
CCSD(T) correction = -0.0188079485103341
