#INFO: **** input file is /projects/yizh8382/projects/w4_17/w4-17_all/pyscf_input/run_pyscf_vdzsd.py ****
import os
import glob
import numpy as np
from pyscf import gto, scf, cc

# basis = "ccpvdz"
xyz_dir = "../w4_17_xyz/closed_shell"
results_file = f"../result/closed_shell_rhf_vdzsd.dat"
out_dir = "../result/molout/closed_shell"
os.makedirs(out_dir, exist_ok=True)

# Set to a list of molecule names to run only those, e.g. ["acetaldehyde", "benzene"]
# Set to None to run all molecules in xyz_dir
select_molecules = None
# select_molecules = ["bn3pi","b2", "cf"]
symmetry = False

all_xyz = sorted(glob.glob(os.path.join(xyz_dir, "*.xyz")))
if select_molecules is not None:
    select_set = set(select_molecules)
    xyz_files = [p for p in all_xyz if os.path.splitext(os.path.basename(p))[0] in select_set]
    missing = select_set - {os.path.splitext(os.path.basename(p))[0] for p in xyz_files}
    if missing:
        print(f"Warning: no .xyz file found for: {', '.join(sorted(missing))} in {xyz_dir}")
else:
    xyz_files = all_xyz

with open(results_file, "w") as out:
    out.write(f"{'Molecule':<16s} {'Charge':>6s} {'2S':>6s} {'frozen':>6s} "
              f"{'E_RHF (Eh)':>20s} {'E_CCSD (Eh)':>20s} {'E_CCSD(T) (Eh)':>20s}\n")
    out.write("-" * 100 + "\n")

for xyz_path in xyz_files:
    with open(xyz_path, "r") as f:
        lines = f.readlines()

    # Parse charge and multiplicity from second line: "name charge=X mult=Y"
    second_line = lines[1]
    charge = int(second_line.split("charge=")[1].split()[0])
    mult   = int(second_line.split("mult=")[1].split()[0])
    spin   = mult - 1   # PySCF spin input is 2S = mult - 1
    mol_name = second_line.split()[0]

    # Coordinates only (skip the atom count and comment lines)
    atoms = "".join(lines[2:])

    print(f"\n{'='*60}")
    print(f"Running: {mol_name}  charge={charge}  spin={spin}")
    print(f"{'='*60}")
    
    h_basis = gto.basis.load('ccpvdz', 'H')
    h_basis_no_p = [b for b in h_basis if b[0] != 1]
    
    mol = gto.M(
        atom=atoms,
        basis={
            'H': h_basis_no_p,
            'default': 'ccpvdz'
            },
        verbose=4,
        output=os.path.join(out_dir, f"{mol_name}_vdzsd.out"),
        unit="angstrom",
        symmetry=symmetry,
        charge=charge,
        spin=spin,
        max_memory=40000,
    )

    mf = scf.RHF(mol)
    mf.max_cycle = 200
    mf = mf.newton()
    mf.kernel()

    # Stability check loop — at most 10 attempts
    max_stability_cycles = 10
    stable = False
    for stability_iter in range(max_stability_cycles):
        mo_i, _, stable, _ = mf.stability(return_status=True)
        if stable:
            break
        dm = mf.make_rdm1(mo_i, mf.mo_occ)
        mf.kernel(dm0=dm)

    if not stable or not mf.converged:
        print(f"  !! SCF did not converge for {mol_name} — skipping.")
        with open(results_file, "a") as out:
            out.write(f"{mol_name:<16s} {charge:>6d} {spin:>6d} {'N/A':>6s} "
                      f"{'UNCONVERGED':>20s} {'UNCONVERGED':>20s} {'UNCONVERGED':>20s}\n")
        continue

    energy = mf.e_tot

    mycc = cc.CCSD(mf)
    mycc.set_frozen()
    mycc.kernel()
    e_ccsd = mycc.e_tot
    et = mycc.ccsd_t()
    e_ccsdt = e_ccsd + et
    frozen = mycc.frozen

    with open(results_file, "a") as out:
        out.write(f"{mol_name:<16s} {charge:>6d} {spin:>6d} {frozen:>6d} "
                  f"{energy:>20.10f} {e_ccsd:>20.10f} {e_ccsdt:>20.10f}\n")

    print(f"  => E_RHF({mol_name})     = {energy:.10f} Eh")
    print(f"  => E_CCSD({mol_name})    = {e_ccsd:.10f} Eh")
    print(f"  => E_CCSD(T)({mol_name}) = {e_ccsdt:.10f} Eh")

print(f"\nAll calculations complete. Results saved to {results_file}")
#INFO: ******************** input file end ********************


System: uname_result(system='Linux', node='bnode0309.rc.int.colorado.edu', release='4.18.0-477.27.1.el8_8.x86_64', version='#1 SMP Thu Aug 31 10:29:22 EDT 2023', machine='x86_64')  Threads 28
Python 3.10.2 | packaged by conda-forge | (main, Mar  8 2022, 15:52:01) [GCC 9.4.0]
numpy 2.0.2  scipy 1.14.1  h5py 3.12.1
Date: Wed May 13 19:55:48 2026
PySCF version 2.9.0
PySCF path  /projects/yizh8382/tools/lno_pyscf_gcc
GIT HEAD (branch master) 142756584ed3963728cc1f6823286f4605811a6c

[ENV] PYSCF_TMPDIR /scratch/alpine/yizh8382/pyscf
[ENV] PYSCF_EXT_PATH /home/yizh8382/tools/pyscf-forge
[CONFIG] conf_file None
[INPUT] verbose = 4
[INPUT] num. atoms = 6
[INPUT] num. electrons = 62
[INPUT] charge = 0
[INPUT] spin (= nelec alpha-beta = 2S) = 0
[INPUT] symmetry False subgroup None
[INPUT] Mole.unit = angstrom
[INPUT] Symbol           X                Y                Z      unit          X                Y                Z       unit  Magmom
[INPUT]  1 Cl     0.000000000000   0.000000000000  -0.088819724000 AA    0.000000000000   0.000000000000  -0.167844952819 Bohr   0.0
[INPUT]  2 F      0.000000000000   0.000000000000   1.508382678400 AA    0.000000000000   0.000000000000   2.850430153214 Bohr   0.0
[INPUT]  3 F      0.000000000000   1.652806766500   0.037609261400 AA    0.000000000000   3.123352125513   0.071071203793 Bohr   0.0
[INPUT]  4 F     -1.652806766500   0.000000000000   0.037609261400 AA   -3.123352125513   0.000000000000   0.071071203793 Bohr   0.0
[INPUT]  5 F      0.000000000000  -1.652806766500   0.037609261400 AA    0.000000000000  -3.123352125513   0.071071203793 Bohr   0.0
[INPUT]  6 F      1.652806766500   0.000000000000   0.037609261400 AA    3.123352125513   0.000000000000   0.071071203793 Bohr   0.0

nuclear repulsion = 422.843705829155
number of shells = 30
number of NR pGTOs = 171
number of NR cGTOs = 88
basis = {'H': [[0, [13.01, 0.019685], [1.962, 0.137977], [0.4446, 0.478148]], [0, [0.122, 1.0]]], 'default': 'ccpvdz'}
ecp = {}
CPU time:      6899.63




******** <class 'pyscf.soscf.newton_ah.SecondOrderRHF'> ********
method = SecondOrderRHF
initial guess = minao
damping factor = 0
level_shift factor = 0
DIIS = <class 'pyscf.scf.diis.CDIIS'>
diis_start_cycle = 1
diis_space = 8
diis_damp = 0
SCF conv_tol = 1e-09
SCF conv_tol_grad = None
SCF max_cycles = 200
direct_scf = True
direct_scf_tol = 1e-13
chkfile to save SCF result = /scratch/alpine/yizh8382/pyscf/tmpwbalit6i
max_memory 40000 MB (current use 1522 MB)
******** <class 'pyscf.scf.hf.RHF'> Newton solver flags ********
SCF tol = 1e-09
conv_tol_grad = None
max. SCF cycles = 200
direct_scf = True
direct_scf_tol = 1e-13
chkfile to save SCF result = /scratch/alpine/yizh8382/pyscf/tmpwbalit6i
max_cycle_inner = 12
max_stepsize = 0.05
ah_start_tol = 1e+09
ah_level_shift = 0
ah_conv_tol = 1e-12
ah_lindep = 1e-14
ah_start_cycle = 1
ah_max_cycle = 40
ah_grad_trust_region = 2.5
kf_interval = 4
kf_trust_region = 5
canonicalization = True
max_memory 40000 MB (current use 1522 MB)
Set conv_tol_grad to 3.16228e-05
Initial guess from minao.
  HOMO = -0.388824491231769  LUMO = -0.0339021895046947
Initial guess E= -955.776097115858  |g|= 1.34756
macro= 0  E= -956.152614759025  delta_E= -0.376518  |g|= 0.183485  3 KF 9 JK
macro= 1  E= -956.15485033511  delta_E= -0.00223558  |g|= 0.000571158  3 KF 12 JK
macro= 2  E= -956.154850335182  delta_E= -7.20775e-11  |g|= 1.48523e-05  1 KF 3 JK
Canonicalize SCF orbitals
macro X = 3  E=-956.154850335182  |g|= 1.48523e-05  total 8 KF 28 JK
converged SCF energy = -956.154850335182
rhf_internal: lowest eigs of H = [1.09451489 1.17396179 1.17397921]
<class 'pyscf.soscf.newton_ah.SecondOrderRHF'> wavefunction is stable in the internal stability analysis

******** <class 'pyscf.cc.ccsd.CCSD'> ********
CC2 = 0
CCSD nocc = 21, nmo = 78
frozen orbitals 10
max_cycle = 50
direct = 0
conv_tol = 1e-07
conv_tol_normt = 1e-05
diis_space = 6
diis_start_cycle = 0
diis_start_energy_diff = 1e+09
max_memory 40000 MB (current use 1522 MB)
Init t2, MP2 energy = -957.326213262144  E_corr(MP2) -1.1713629269617
Init E_corr(CCSD) = -1.17136292697768
cycle = 1  E_corr(CCSD) = -1.13248685611319  dE = 0.0388760709  norm(t1,t2) = 0.091462
cycle = 2  E_corr(CCSD) = -1.16845873344777  dE = -0.0359718773  norm(t1,t2) = 0.0366971
cycle = 3  E_corr(CCSD) = -1.16517127332825  dE = 0.00328746012  norm(t1,t2) = 0.0222018
cycle = 4  E_corr(CCSD) = -1.16831708147716  dE = -0.00314580815  norm(t1,t2) = 0.00693313
cycle = 5  E_corr(CCSD) = -1.16892273978048  dE = -0.000605658303  norm(t1,t2) = 0.00370722
cycle = 6  E_corr(CCSD) = -1.16873532128392  dE = 0.000187418497  norm(t1,t2) = 0.00184196
cycle = 7  E_corr(CCSD) = -1.1686251047511  dE = 0.000110216533  norm(t1,t2) = 0.000670493
cycle = 8  E_corr(CCSD) = -1.16868137172226  dE = -5.62669712e-05  norm(t1,t2) = 0.000270743
cycle = 9  E_corr(CCSD) = -1.16870160344521  dE = -2.0231723e-05  norm(t1,t2) = 0.000168097
cycle = 10  E_corr(CCSD) = -1.16868834645787  dE = 1.32569873e-05  norm(t1,t2) = 4.67106e-05
cycle = 11  E_corr(CCSD) = -1.1686907489484  dE = -2.40249053e-06  norm(t1,t2) = 2.55011e-05
cycle = 12  E_corr(CCSD) = -1.16868937983001  dE = 1.36911839e-06  norm(t1,t2) = 9.553e-06
cycle = 13  E_corr(CCSD) = -1.16868908451866  dE = 2.95311349e-07  norm(t1,t2) = 3.2045e-06
cycle = 14  E_corr(CCSD) = -1.16868884379811  dE = 2.40720548e-07  norm(t1,t2) = 1.66344e-06
cycle = 15  E_corr(CCSD) = -1.16868877261875  dE = 7.1179364e-08  norm(t1,t2) = 6.15498e-07
CCSD converged
E(CCSD) = -957.3235391078013  E_corr = -1.168688772618748
CCSD(T) correction = -0.0316572462972775
