------------------------------------------- AFQMC Sampling Started -------------------------------------------
Hostname: gpua016.delta.ncsa.illinois.edu
System Type: Linux
Machine Type: x86_64
Processor: x86_64
Using GPU.
System: Linux
Node Name: gpua016.delta.ncsa.illinois.edu
Release: 5.14.0-427.91.1.el9_4.x86_64
Version: #1 SMP PREEMPT_DYNAMIC Wed Sep 17 10:08:59 EDT 2025
Machine: x86_64
Processor: x86_64
Decomposing Unrestricted T2 amplitudes
Throw 0 vectors in T2 deomposition
SVD cutoff = 1.00e-08 | error = 2.40e-15
number of T2 decomposition vectors 496
norb: 39
nelec: (8, 8)
n_eql: 120
n_blocks: 1000
n_walkers: 300
dt: 0.005
max_error: 0.0
seed: 17
walker_type: uhf
trial: uccsd_pt2
free_projection: False
use_gpu: True
n_exp_terms: 6
n_prop_steps: 50
save_walkers: False
n_batch: 1
nchol_chunk: 100
mix_precision: True
initial AFQMC/pt2CCSD Energy is -188.129635
Propagating with 300 walkers
----------------------------------------------- Equilibration ------------------------------------------------
inv_T        weight  killW        energy   runTime
 0.00    300.000000      0   -187.650624     12.20
 3.00    307.178730      0   -188.149887     18.94
 6.00    307.579185      0   -188.174188     19.78
 9.00    306.520178      0   -188.147858     20.63
12.00    307.646537      0   -188.160216     21.47
15.00    307.224157      0   -188.150472     22.31
18.00    306.391167      0   -188.122306     23.16
21.00    306.972113      0   -188.156295     24.00
24.00    306.618736      0   -188.130250     24.85
27.00    307.158656      0   -188.157328     25.69
30.00    306.772354      0   -188.166981     26.53
---------------------------------------------- Sampling Blocks -----------------------------------------------
blocks        weight  killW       E_Guide     error       E_Trial     error     olp_T/G     error  Walltime
    20    306.963803      0   -188.153776  0.007436   -188.151023  0.002863    1.008438  0.000424   35.23
    40    306.093351      0   -188.152542  0.004660   -188.149783  0.001866    1.008475  0.000318   37.91
    60    305.403011      0   -188.152813  0.004747   -188.148548  0.001865    1.008417  0.000238   40.59
    80    304.806522      0   -188.148938  0.004303   -188.147385  0.001459    1.008725  0.000225   43.27
   100    304.321436      0   -188.149783  0.003901   -188.148079  0.001404    1.008756  0.000216   45.95
   120    303.914143      0   -188.151335  0.003240   -188.148503  0.001333    1.008829  0.000214   48.63
   140    303.581281      0   -188.154212  0.003838   -188.149154  0.001202    1.008660  0.000227   51.31
   160    303.265959      0   -188.154692  0.003267   -188.148909  0.001075    1.008683  0.000233   53.98
   180    302.960794      0   -188.153665  0.003000   -188.148746  0.000969    1.008551  0.000233   56.66
   200    302.692710      0   -188.153930  0.002669   -188.148819  0.000891    1.008402  0.000234   59.33
   220    302.448060      0   -188.154102  0.002473   -188.148886  0.000830    1.008412  0.000212   62.01
   240    302.246611      0   -188.153875  0.002226   -188.148695  0.000782    1.008493  0.000203   64.77
   260    302.047315      0   -188.152948  0.002487   -188.148671  0.000766    1.008459  0.000198   67.45
   280    301.859914      1   -188.151954  0.002551   -188.148337  0.000726    1.008464  0.000184   70.13
   300    301.711487      2   -188.152223  0.002417   -188.148299  0.000686    1.008418  0.000181   72.80
   320    301.563580      3   -188.151574  0.002351   -188.148396  0.000664    1.008450  0.000175   75.48
   340    301.447010      3   -188.151889  0.002235   -188.148177  0.000651    1.008442  0.000166   78.16
   360    301.339136      3   -188.151862  0.002213   -188.148251  0.000652    1.008434  0.000155   80.83
   380    301.248704      3   -188.152419  0.002145   -188.148314  0.000625    1.008390  0.000154   83.50
   400    301.162867      3   -188.152617  0.002054   -188.148332  0.000609    1.008347  0.000150   86.17
   420    301.072857      3   -188.152416  0.001990   -188.148285  0.000584    1.008311  0.000148   88.85
   440    301.008177      3   -188.153393  0.001963   -188.148373  0.000578    1.008273  0.000147   91.53
   460    300.938292      3   -188.153510  0.001902   -188.148380  0.000557    1.008268  0.000140   94.20
   480    300.874139      3   -188.153638  0.001838   -188.148332  0.000537    1.008292  0.000135   96.88
   500    300.805126      3   -188.153516  0.001831   -188.148341  0.000525    1.008301  0.000132   99.55
   520    300.752174      3   -188.153871  0.001806   -188.148365  0.000514    1.008260  0.000130  102.22
   540    300.708060      3   -188.154255  0.001781   -188.148463  0.000501    1.008253  0.000126  104.89
   560    300.658137      3   -188.154121  0.001751   -188.148436  0.000485    1.008237  0.000136  107.57
   580    300.611784      3   -188.154352  0.001706   -188.148433  0.000478    1.008252  0.000133  110.24
   600    300.574599      3   -188.154983  0.001727   -188.148535  0.000472    1.008282  0.000133  112.94
   620    300.538916      3   -188.155208  0.001686   -188.148627  0.000464    1.008275  0.000128  115.63
   640    300.498183      3   -188.154809  0.001670   -188.148566  0.000453    1.008261  0.000126  118.31
   660    300.467260      3   -188.154765  0.001607   -188.148481  0.000441    1.008244  0.000126  121.01
   680    300.437717      3   -188.155257  0.001602   -188.148536  0.000430    1.008227  0.000124  123.74
   700    300.408902      3   -188.155814  0.001632   -188.148639  0.000446    1.008243  0.000121  127.67
   720    300.382331      3   -188.156275  0.001652   -188.148729  0.000442    1.008253  0.000119  130.35
   740    300.355300      3   -188.156483  0.001630   -188.148773  0.000434    1.008240  0.000117  133.03
   760    300.325715      3   -188.156374  0.001592   -188.148767  0.000426    1.008252  0.000118  135.70
   780    300.300156      3   -188.156263  0.001555   -188.148899  0.000423    1.008233  0.000116  138.47
   800    300.276037      3   -188.156159  0.001539   -188.148916  0.000415    1.008204  0.000118  141.14
   820    300.257554      3   -188.156261  0.001519   -188.148939  0.000406    1.008192  0.000115  143.82
   840    300.234023      3   -188.156355  0.001497   -188.148960  0.000404    1.008176  0.000117  146.50
   860    300.210463      3   -188.156297  0.001471   -188.149041  0.000402    1.008169  0.000114  149.18
   880    300.189268      3   -188.156045  0.001454   -188.148957  0.000394    1.008196  0.000113  151.85
   900    300.168510      4   -188.155961  0.001416   -188.148987  0.000388    1.008191  0.000111  154.53
   920    300.153694      4   -188.156255  0.001440   -188.149005  0.000382    1.008189  0.000109  157.20
   940    300.135831      4   -188.156233  0.001440   -188.149013  0.000376    1.008200  0.000111  159.88
   960    300.117209      4   -188.156076  0.001404   -188.149095  0.000374    1.008202  0.000109  162.55
   980    300.096677      4   -188.155986  0.001384   -188.149034  0.000368    1.008190  0.000108  165.23
  1000    300.083658      4   -188.155988  0.001358   -188.148987  0.000362    1.008193  0.000106  167.90
---------------------------------------------- Post Propagation ----------------------------------------------
Total number of samples 1000
Raw AFQMC/HF (Guide) energy:           -188.155988 ± 0.001358
Raw Trial/Guide overlap ratio:          1.008193 ± 0.000106
Raw AFQMC/pt2CCSD energy (covariance): -188.148987 ± 0.000362
Raw AFQMC/pt2CCSD energy (dir sample): -188.148987 ± 0.000277
--------------------------------------------- Clean Obeservation ---------------------------------------------
removing energies outside zeta > 30
Outlier energy bound [-188.334828, -187.959787]
Removed 0 outliers with energies []
Clean AFQMC/pt2CCSD overlap ratio:        1.008193 ± 0.000106
Clean AFQMC/pt2CCSD energy (covariance): -188.148987 ± 0.000362
Clean AFQMC/ptCCSD energy (dir sample):  -188.148987 ± 0.000277
--------------------------------------------- Blocking Analysis ----------------------------------------------
nsample = 1000, max_block_size = 25, min_nblocks = 40
   B    NB    NS  Observable     Error    dError
   1  1000  1000    1.008193  0.000047  0.000001
   2   500  1000    1.008193  0.000061  0.000002
   3   333   999    1.008195  0.000071  0.000003
   4   250  1000    1.008193  0.000077  0.000003
   5   200  1000    1.008192  0.000080  0.000004
   6   166   996    1.008196  0.000085  0.000005
   7   142   994    1.008197  0.000089  0.000005
   8   125  1000    1.008192  0.000092  0.000006
   9   111   999    1.008195  0.000095  0.000006
  10   100  1000    1.008192  0.000092  0.000007
  11    90   990    1.008196  0.000095  0.000007
  12    83   996    1.008196  0.000090  0.000007
  13    76   988    1.008193  0.000098  0.000008
  14    71   994    1.008196  0.000100  0.000008
  15    66   990    1.008196  0.000100  0.000009
  16    62   992    1.008197  0.000098  0.000009
  17    58   986    1.008193  0.000101  0.000009
  18    55   990    1.008196  0.000096  0.000009
  19    52   988    1.008193  0.000106  0.000011
  20    50  1000    1.008192  0.000089  0.000009
  21    47   987    1.008194  0.000097  0.000010
  22    45   990    1.008196  0.000099  0.000011
  23    43   989    1.008195  0.000094  0.000010
  24    41   984    1.008192  0.000097  0.000011
  25    40  1000    1.008192  0.000098  0.000011
Fit (variance): plateau_var = 9.637e-09 ± 5.264e-10
Fit (error):    plateau = 0.000098 ± 0.000003
     autocorrelation length ~ 4.3 blocks
     plateau reached at block size ~ 20
nclean = 1000, max_block_size = 25, min_nblocks = 40
Blk_SZ   NBlk   NSmp      Energy     Error    dError
     1   1000   1000  -188.148783  0.000277  0.000006
     2    500   1000  -188.148834  0.000284  0.000009
     3    333    999  -188.148855  0.000296  0.000011
     4    250   1000  -188.148880  0.000302  0.000014
     5    200   1000  -188.148894  0.000298  0.000015
     6    166    996  -188.148915  0.000303  0.000017
     7    142    994  -188.148934  0.000314  0.000019
     8    125   1000  -188.148918  0.000295  0.000019
     9    111    999  -188.148910  0.000303  0.000020
    10    100   1000  -188.148928  0.000307  0.000022
    11     90    990  -188.148975  0.000318  0.000024
    12     83    996  -188.148955  0.000304  0.000024
    13     76    988  -188.148998  0.000313  0.000026
    14     71    994  -188.148973  0.000308  0.000026
    15     66    990  -188.148991  0.000303  0.000027
    16     62    992  -188.148987  0.000296  0.000027
    17     58    986  -188.149010  0.000308  0.000029
    18     55    990  -188.148995  0.000327  0.000031
    19     52    988  -188.149013  0.000306  0.000030
    20     50   1000  -188.148955  0.000330  0.000033
    21     47    987  -188.149008  0.000301  0.000031
    22     45    990  -188.149002  0.000355  0.000038
    23     43    989  -188.149005  0.000310  0.000034
    24     41    984  -188.149019  0.000305  0.000034
    25     40   1000  -188.148962  0.000293  0.000033
Fit (variance): plateau_var = 9.546225e-08 ± 4.554676e-09
Fit (error):    plateau = 0.000309 ± 0.000007
     autocorrelation length ~ 2.9 blocks
     plateau reached at block size ~ 10
Final AFQMC/pt2CCSD overlap ratio: 1.008193 ± 0.000098
Final AFQMC/pt2CCSD energy: -188.148987 ± 0.000309
Total run time: 177.99
------------------------------------------ AFQMC Sampling Finished -------------------------------------------
