------------------------------------------- AFQMC Sampling Started -------------------------------------------
Hostname: gpua016.delta.ncsa.illinois.edu
System Type: Linux
Machine Type: x86_64
Processor: x86_64
Using GPU.
System: Linux
Node Name: gpua016.delta.ncsa.illinois.edu
Release: 5.14.0-427.91.1.el9_4.x86_64
Version: #1 SMP PREEMPT_DYNAMIC Wed Sep 17 10:08:59 EDT 2025
Machine: x86_64
Processor: x86_64
Decomposing Unrestricted T2 amplitudes
Throw 0 vectors in T2 deomposition
SVD cutoff = 1.00e-08 | error = 2.09e-15
number of T2 decomposition vectors 496
norb: 39
nelec: (8, 8)
n_eql: 120
n_blocks: 1000
n_walkers: 300
dt: 0.005
max_error: 0.0
seed: 17
walker_type: uhf
trial: uccsd_pt2
free_projection: False
use_gpu: True
n_exp_terms: 6
n_prop_steps: 50
save_walkers: False
n_batch: 1
nchol_chunk: 100
mix_precision: True
initial AFQMC/pt2CCSD Energy is -833.330626
Propagating with 300 walkers
----------------------------------------------- Equilibration ------------------------------------------------
inv_T        weight  killW        energy   runTime
 0.00    300.000000      0   -832.925934     12.05
 3.00    305.651671      0   -833.330046     18.83
 6.00    306.110945      0   -833.383326     19.67
 9.00    305.500930      0   -833.361190     20.52
12.00    306.711030      0   -833.400928     21.37
15.00    305.143351      0   -833.333847     22.21
18.00    305.459217      0   -833.350661     23.06
21.00    305.647838      0   -833.372661     23.91
24.00    304.825734      0   -833.325535     24.75
27.00    305.794257      0   -833.367141     25.60
30.00    305.478397      0   -833.359494     26.45
---------------------------------------------- Sampling Blocks -----------------------------------------------
blocks        weight  killW       E_Guide     error       E_Trial     error     olp_T/G     error  Walltime
    20    305.691109      0   -833.375730  0.008572   -833.366414  0.012265    1.009588  0.001005   35.18
    40    305.024237      0   -833.373103  0.009852   -833.358745  0.006505    1.010816  0.001068   37.87
    60    304.395414      4   -833.368955  0.006776   -833.355464  0.004419    1.010924  0.000738   40.55
    80    303.900511      4   -833.367116  0.005292   -833.354641  0.003346    1.011160  0.000531   43.22
   100    303.500622      4   -833.370241  0.004560   -833.355155  0.002707    1.010812  0.000465   45.90
   120    303.100534      4   -833.369481  0.004140   -833.354808  0.002383    1.010796  0.000404   48.59
   140    302.779187      4   -833.369503  0.004211   -833.355325  0.002137    1.010900  0.000375   51.28
   160    302.476718      4   -833.368623  0.003855   -833.354806  0.001884    1.011026  0.000335   53.95
   180    302.205772      4   -833.366985  0.003482   -833.354405  0.001685    1.011022  0.000315   56.62
   200    301.964386      4   -833.365291  0.003348   -833.354555  0.001522    1.010843  0.000302   59.30
   220    301.766330      4   -833.365616  0.003115   -833.354756  0.001399    1.010731  0.000291   61.98
   240    301.565952      5   -833.363955  0.003066   -833.354337  0.001291    1.010737  0.000266   64.65
   260    301.394279      5   -833.362746  0.003024   -833.354185  0.001205    1.010661  0.000255   67.34
   280    301.236756      5   -833.362007  0.002802   -833.353995  0.001126    1.010775  0.000244   70.02
   300    301.112450      5   -833.362129  0.002644   -833.353943  0.001055    1.010817  0.000231   72.76
   320    301.007150      5   -833.362087  0.002499   -833.353914  0.000997    1.010793  0.000216   75.44
   340    300.913259      5   -833.362516  0.002404   -833.354195  0.000957    1.010814  0.000206   78.11
   360    300.819294      6   -833.362686  0.002250   -833.354172  0.000908    1.010831  0.000194   80.80
   380    300.726618      6   -833.362280  0.002179   -833.354024  0.000863    1.010903  0.000192   83.48
   400    300.645225      6   -833.362008  0.002088   -833.354040  0.000829    1.010972  0.000190   86.16
   420    300.571011      6   -833.361613  0.002051   -833.353993  0.000793    1.010979  0.000182   88.85
   440    300.505899      7   -833.361196  0.001978   -833.354074  0.000765    1.010866  0.000198   91.53
   460    300.450502      7   -833.361896  0.002057   -833.354540  0.000819    1.010779  0.000199   94.21
   480    300.383654      8   -833.361269  0.002020   -833.354376  0.000788    1.010813  0.000213   96.89
   500    300.330680      8   -833.360722  0.002018   -833.354237  0.000758    1.010833  0.000208   99.58
   520    300.284533      9   -833.360576  0.001981   -833.354030  0.000747    1.010842  0.000199  102.26
   540    300.241177      9   -833.360433  0.001933   -833.353925  0.000730    1.010870  0.000194  104.95
   560    300.205763      9   -833.360667  0.001993   -833.353932  0.000711    1.010880  0.000190  107.63
   580    300.163575     10   -833.360410  0.001962   -833.353766  0.000707    1.010851  0.000187  110.32
   600    300.130464     10   -833.360633  0.001918   -833.353799  0.000687    1.010843  0.000185  112.99
   620    300.097278     10   -833.360590  0.001830   -833.353784  0.000667    1.010854  0.000180  115.67
   640    300.064374     10   -833.360534  0.001791   -833.353809  0.000648    1.010929  0.000187  118.34
   660    300.033124     11   -833.360392  0.001723   -833.353782  0.000630    1.010946  0.000183  121.02
   680    300.005917     11   -833.360354  0.001687   -833.353678  0.000613    1.010936  0.000180  123.70
   700    299.981623     11   -833.360118  0.001633   -833.353706  0.000598    1.010945  0.000176  126.38
   720    299.957611     11   -833.360205  0.001613   -833.353609  0.000586    1.010958  0.000172  129.05
   740    299.934839     12   -833.360208  0.001599   -833.353718  0.000573    1.010925  0.000170  131.77
   760    299.914199     14   -833.360213  0.001543   -833.353686  0.000561    1.010913  0.000167  134.45
   780    299.898479     14   -833.360636  0.001530   -833.353659  0.000552    1.010879  0.000167  137.13
   800    299.879172     15   -833.360742  0.001496   -833.353512  0.000545    1.010905  0.000165  139.81
   820    299.862302     15   -833.360817  0.001477   -833.353570  0.000549    1.010925  0.000163  142.49
   840    299.844941     15   -833.360951  0.001433   -833.353589  0.000540    1.010870  0.000179  145.17
   860    299.829416     15   -833.361083  0.001430   -833.353702  0.000561    1.010880  0.000179  147.85
   880    299.808916     15   -833.360709  0.001440   -833.353654  0.000551    1.010862  0.000175  150.52
   900    299.791990     15   -833.360571  0.001430   -833.353620  0.000539    1.010884  0.000172  153.20
   920    299.777158     15   -833.360485  0.001502   -833.353620  0.000529    1.010838  0.000168  155.88
   940    299.762755     15   -833.360420  0.001502   -833.353563  0.000519    1.010858  0.000171  158.57
   960    299.749735     16   -833.360424  0.001467   -833.353615  0.000510    1.010880  0.000173  161.24
   980    299.738469     16   -833.360441  0.001462   -833.353591  0.000501    1.010874  0.000170  163.92
  1000    299.728885     16   -833.360619  0.001443   -833.353594  0.000492    1.010864  0.000176  166.59
---------------------------------------------- Post Propagation ----------------------------------------------
Total number of samples 1000
Raw AFQMC/HF (Guide) energy:           -833.360619 ± 0.001443
Raw Trial/Guide overlap ratio:          1.010864 ± 0.000176
Raw AFQMC/pt2CCSD energy (covariance): -833.353594 ± 0.000492
Raw AFQMC/pt2CCSD energy (dir sample): -833.353594 ± 0.000393
--------------------------------------------- Clean Obeservation ---------------------------------------------
removing energies outside zeta > 30
Outlier energy bound [-833.518914, -833.185046]
Removed 1 outliers with energies [-833.56090326]
Clean AFQMC/pt2CCSD overlap ratio:        1.010868 ± 0.000169
Clean AFQMC/pt2CCSD energy (covariance): -833.353383 ± 0.000433
Clean AFQMC/ptCCSD energy (dir sample):  -833.353383 ± 0.000334
--------------------------------------------- Blocking Analysis ----------------------------------------------
nsample = 999, max_block_size = 24, min_nblocks = 40
   B    NB    NS  Observable     Error    dError
   1   999   999    1.010868  0.000058  0.000001
   2   499   998    1.010867  0.000077  0.000002
   3   333   999    1.010868  0.000090  0.000003
   4   249   996    1.010865  0.000100  0.000004
   5   199   995    1.010865  0.000107  0.000005
   6   166   996    1.010865  0.000115  0.000006
   7   142   994    1.010866  0.000115  0.000007
   8   124   992    1.010866  0.000123  0.000008
   9   111   999    1.010868  0.000124  0.000008
  10    99   990    1.010869  0.000133  0.000009
  11    90   990    1.010869  0.000137  0.000010
  12    83   996    1.010865  0.000138  0.000011
  13    76   988    1.010870  0.000142  0.000012
  14    71   994    1.010866  0.000146  0.000012
  15    66   990    1.010869  0.000140  0.000012
  16    62   992    1.010866  0.000148  0.000013
  17    58   986    1.010870  0.000147  0.000014
  18    55   990    1.010869  0.000150  0.000014
  19    52   988    1.010870  0.000153  0.000015
  20    49   980    1.010877  0.000155  0.000016
  21    47   987    1.010871  0.000163  0.000017
  22    45   990    1.010869  0.000169  0.000018
  23    43   989    1.010871  0.000160  0.000017
  24    41   984    1.010871  0.000162  0.000018
Fit (variance): plateau_var = 2.645e-08 ± 2.751e-09
Fit (error):    plateau = 0.000163 ± 0.000008
     autocorrelation length ~ 9.3 blocks
     plateau reached at block size ~ 43
     !!!Failed to reach plateau in blocking
     Return max block error
nclean = 999, max_block_size = 24, min_nblocks = 40
Blk_SZ   NBlk   NSmp      Energy     Error    dError
     1    999    999  -833.353157  0.000334  0.000007
     2    499    998  -833.353182  0.000376  0.000012
     3    333    999  -833.353215  0.000407  0.000016
     4    249    996  -833.353232  0.000451  0.000020
     5    199    995  -833.353249  0.000452  0.000023
     6    166    996  -833.353252  0.000460  0.000025
     7    142    994  -833.353276  0.000470  0.000028
     8    124    992  -833.353272  0.000452  0.000029
     9    111    999  -833.353274  0.000432  0.000029
    10     99    990  -833.353296  0.000465  0.000033
    11     90    990  -833.353299  0.000467  0.000035
    12     83    996  -833.353309  0.000485  0.000038
    13     76    988  -833.353300  0.000431  0.000035
    14     71    994  -833.353302  0.000520  0.000044
    15     66    990  -833.353322  0.000496  0.000043
    16     62    992  -833.353313  0.000535  0.000048
    17     58    986  -833.353315  0.000447  0.000042
    18     55    990  -833.353324  0.000510  0.000049
    19     52    988  -833.353315  0.000513  0.000051
    20     49    980  -833.353313  0.000466  0.000048
    21     47    987  -833.353334  0.000427  0.000045
    22     45    990  -833.353336  0.000447  0.000048
    23     43    989  -833.353316  0.000509  0.000056
    24     41    984  -833.353327  0.000493  0.000055
Fit (variance): plateau_var = 2.228097e-07 ± 1.024259e-08
Fit (error):    plateau = 0.000472 ± 0.000011
     autocorrelation length ~ 2.7 blocks
     plateau reached at block size ~ 12
Final AFQMC/pt2CCSD overlap ratio: 1.010868 ± 0.000169
Final AFQMC/pt2CCSD energy: -833.353383 ± 0.000472
Total run time: 175.61
------------------------------------------ AFQMC Sampling Finished -------------------------------------------
