------------------------------------------- AFQMC Sampling Started -------------------------------------------
Hostname: gpua016.delta.ncsa.illinois.edu
System Type: Linux
Machine Type: x86_64
Processor: x86_64
Using GPU.
System: Linux
Node Name: gpua016.delta.ncsa.illinois.edu
Release: 5.14.0-427.91.1.el9_4.x86_64
Version: #1 SMP PREEMPT_DYNAMIC Wed Sep 17 10:08:59 EDT 2025
Machine: x86_64
Processor: x86_64
Decomposing Unrestricted T2 amplitudes
Throw 0 vectors in T2 deomposition
SVD cutoff = 1.00e-08 | error = 1.99e-15
number of T2 decomposition vectors 756
norb: 51
nelec: (9, 9)
n_eql: 120
n_blocks: 1000
n_walkers: 300
dt: 0.005
max_error: 0.0
seed: 17
walker_type: uhf
trial: uccsd_pt2
free_projection: False
use_gpu: True
n_exp_terms: 6
n_prop_steps: 50
save_walkers: False
n_batch: 1
nchol_chunk: 100
mix_precision: True
initial AFQMC/pt2CCSD Energy is -117.468227
Propagating with 300 walkers
----------------------------------------------- Equilibration ------------------------------------------------
inv_T        weight  killW        energy   runTime
 0.00    300.000000      0   -117.046764     12.54
 3.00    305.930942      0   -117.481914     19.78
 6.00    305.704984      0   -117.484594     20.82
 9.00    305.393642      0   -117.494953     21.87
12.00    306.169063      0   -117.472425     22.91
15.00    306.157122      0   -117.530976     23.96
18.00    306.129013      0   -117.504455     25.00
21.00    305.822448      0   -117.475922     26.05
24.00    306.138417      0   -117.497731     27.10
27.00    306.128539      0   -117.462912     28.14
30.00    306.332091      0   -117.491898     29.19
---------------------------------------------- Sampling Blocks -----------------------------------------------
blocks        weight  killW       E_Guide     error       E_Trial     error     olp_T/G     error  Walltime
    20    305.979427      0   -117.492343  0.008378   -117.481117  0.000710    1.001208  0.000068   40.59
    40    305.302448      0   -117.488909  0.005331   -117.481355  0.000516    1.001151  0.000043   45.31
    60    304.717648      0   -117.488831  0.003708   -117.481857  0.000574    1.001162  0.000035   50.02
    80    304.179912      0   -117.486864  0.003162   -117.481628  0.000488    1.001166  0.000040   54.74
   100    303.717817      0   -117.484870  0.002833   -117.481494  0.000428    1.001191  0.000041   59.46
   120    303.335115      0   -117.484423  0.002443   -117.481706  0.000384    1.001176  0.000037   64.19
   140    303.000783      0   -117.483769  0.002191   -117.481382  0.000349    1.001177  0.000034   68.95
   160    302.724544      0   -117.484757  0.002189   -117.481388  0.000317    1.001151  0.000036   73.67
   180    302.471367      0   -117.484876  0.001971   -117.481280  0.000291    1.001108  0.000044   78.38
   200    302.262238      0   -117.485328  0.001821   -117.481300  0.000274    1.001116  0.000043   83.10
   220    302.065217      0   -117.485593  0.001789   -117.481311  0.000254    1.001086  0.000045   87.82
   240    301.879470      0   -117.485328  0.001704   -117.481305  0.000241    1.001095  0.000042   92.54
   260    301.726110      0   -117.485228  0.001578   -117.481234  0.000228    1.001107  0.000040   97.25
   280    301.581472      0   -117.484911  0.001486   -117.481224  0.000219    1.001120  0.000038  101.97
   300    301.444060      0   -117.484024  0.001493   -117.481138  0.000208    1.001149  0.000041  106.69
   320    301.319702      0   -117.482727  0.001669   -117.481105  0.000200    1.001148  0.000038  111.41
   340    301.219604      1   -117.482859  0.001573   -117.481159  0.000198    1.001147  0.000036  116.13
   360    301.119343      1   -117.482751  0.001526   -117.481148  0.000190    1.001142  0.000034  120.84
   380    301.027016      1   -117.482608  0.001531   -117.481084  0.000184    1.001146  0.000033  125.58
   400    300.947763      1   -117.482399  0.001519   -117.481061  0.000178    1.001156  0.000032  130.31
   420    300.872709      1   -117.482276  0.001452   -117.481014  0.000171    1.001160  0.000031  135.04
   440    300.807958      1   -117.482665  0.001414   -117.481017  0.000169    1.001147  0.000034  139.76
   460    300.746549      1   -117.482390  0.001394   -117.481014  0.000163    1.001154  0.000034  144.49
   480    300.684628      1   -117.481933  0.001379   -117.481001  0.000157    1.001163  0.000033  149.21
   500    300.636164      1   -117.482041  0.001329   -117.481001  0.000154    1.001158  0.000031  153.93
   520    300.587736      1   -117.481953  0.001351   -117.480974  0.000149    1.001160  0.000032  158.65
   540    300.538033      1   -117.481818  0.001320   -117.480928  0.000146    1.001157  0.000031  163.37
   560    300.492015      1   -117.481775  0.001280   -117.480899  0.000143    1.001154  0.000031  168.10
   580    300.452441      1   -117.481978  0.001253   -117.480885  0.000140    1.001160  0.000030  172.81
   600    300.416111      1   -117.482099  0.001226   -117.480922  0.000139    1.001163  0.000029  177.53
   620    300.374932      1   -117.481995  0.001187   -117.480931  0.000137    1.001154  0.000030  182.25
   640    300.349284      1   -117.482351  0.001285   -117.480958  0.000135    1.001157  0.000029  187.00
   660    300.316571      1   -117.482231  0.001254   -117.480916  0.000134    1.001160  0.000028  191.72
   680    300.288536      1   -117.482283  0.001225   -117.480967  0.000135    1.001162  0.000029  196.44
   700    300.262096      1   -117.482315  0.001198   -117.480944  0.000132    1.001159  0.000029  201.16
   720    300.233613      1   -117.482252  0.001145   -117.480945  0.000129    1.001164  0.000029  205.87
   740    300.211985      1   -117.482366  0.001129   -117.480954  0.000127    1.001156  0.000029  210.59
   760    300.189455      1   -117.482309  0.001105   -117.480970  0.000128    1.001163  0.000028  215.31
   780    300.168679      1   -117.482177  0.001099   -117.480941  0.000126    1.001167  0.000028  220.02
   800    300.146644      1   -117.482128  0.001057   -117.480936  0.000123    1.001169  0.000027  224.73
   820    300.127445      1   -117.482273  0.001047   -117.480910  0.000121    1.001169  0.000027  229.45
   840    300.107313      1   -117.482177  0.001027   -117.480886  0.000120    1.001169  0.000026  234.17
   860    300.090164      1   -117.482125  0.001018   -117.480879  0.000118    1.001172  0.000026  238.88
   880    300.070601      1   -117.482040  0.000991   -117.480890  0.000116    1.001173  0.000026  243.66
   900    300.053026      1   -117.482110  0.000974   -117.480928  0.000116    1.001175  0.000026  248.42
   920    300.030334      1   -117.481762  0.001017   -117.480903  0.000114    1.001180  0.000027  253.13
   940    300.017536      1   -117.481931  0.001017   -117.480907  0.000112    1.001180  0.000027  257.85
   960    300.007464      1   -117.482185  0.001008   -117.480936  0.000111    1.001180  0.000027  262.56
   980    299.993580      1   -117.482011  0.000997   -117.480912  0.000109    1.001182  0.000026  267.27
  1000    299.979533      1   -117.482101  0.000973   -117.480910  0.000108    1.001178  0.000026  271.98
---------------------------------------------- Post Propagation ----------------------------------------------
Total number of samples 1000
Raw AFQMC/HF (Guide) energy:           -117.482101 ± 0.000973
Raw Trial/Guide overlap ratio:          1.001178 ± 0.000026
Raw AFQMC/pt2CCSD energy (covariance): -117.480910 ± 0.000108
Raw AFQMC/pt2CCSD energy (dir sample): -117.480910 ± 0.000091
--------------------------------------------- Clean Obeservation ---------------------------------------------
removing energies outside zeta > 30
Outlier energy bound [-117.557351, -117.403675]
Removed 0 outliers with energies []
Clean AFQMC/pt2CCSD overlap ratio:        1.001178 ± 0.000026
Clean AFQMC/pt2CCSD energy (covariance): -117.480910 ± 0.000108
Clean AFQMC/ptCCSD energy (dir sample):  -117.480910 ± 0.000091
--------------------------------------------- Blocking Analysis ----------------------------------------------
nsample = 1000, max_block_size = 25, min_nblocks = 40
   B    NB    NS  Observable     Error    dError
   1  1000  1000    1.001179  0.000009  0.000000
   2   500  1000    1.001179  0.000012  0.000000
   3   333   999    1.001179  0.000014  0.000001
   4   250  1000    1.001179  0.000016  0.000001
   5   200  1000    1.001179  0.000016  0.000001
   6   166   996    1.001179  0.000018  0.000001
   7   142   994    1.001179  0.000018  0.000001
   8   125  1000    1.001179  0.000019  0.000001
   9   111   999    1.001178  0.000020  0.000001
  10   100  1000    1.001179  0.000020  0.000001
  11    90   990    1.001180  0.000022  0.000002
  12    83   996    1.001178  0.000021  0.000002
  13    76   988    1.001180  0.000022  0.000002
  14    71   994    1.001179  0.000022  0.000002
  15    66   990    1.001180  0.000021  0.000002
  16    62   992    1.001179  0.000021  0.000002
  17    58   986    1.001180  0.000023  0.000002
  18    55   990    1.001180  0.000020  0.000002
  19    52   988    1.001180  0.000022  0.000002
  20    50  1000    1.001179  0.000023  0.000002
  21    47   987    1.001180  0.000023  0.000002
  22    45   990    1.001180  0.000024  0.000003
  23    43   989    1.001180  0.000026  0.000003
  24    41   984    1.001182  0.000023  0.000003
  25    40  1000    1.001179  0.000023  0.000003
Fit (variance): plateau_var = 5.362e-10 ± 4.143e-11
Fit (error):    plateau = 0.000023 ± 0.000001
     autocorrelation length ~ 7.0 blocks
     plateau reached at block size ~ 33
     !!!Failed to reach plateau in blocking
     Return max block error
nclean = 1000, max_block_size = 25, min_nblocks = 40
Blk_SZ   NBlk   NSmp      Energy     Error    dError
     1   1000   1000  -117.480819  0.000091  0.000002
     2    500   1000  -117.480838  0.000102  0.000003
     3    333    999  -117.480852  0.000106  0.000004
     4    250   1000  -117.480855  0.000114  0.000005
     5    200   1000  -117.480862  0.000113  0.000006
     6    166    996  -117.480869  0.000113  0.000006
     7    142    994  -117.480876  0.000113  0.000007
     8    125   1000  -117.480874  0.000115  0.000007
     9    111    999  -117.480877  0.000117  0.000008
    10    100   1000  -117.480876  0.000117  0.000008
    11     90    990  -117.480887  0.000111  0.000008
    12     83    996  -117.480887  0.000119  0.000009
    13     76    988  -117.480889  0.000119  0.000010
    14     71    994  -117.480890  0.000111  0.000009
    15     66    990  -117.480894  0.000113  0.000010
    16     62    992  -117.480894  0.000114  0.000010
    17     58    986  -117.480899  0.000130  0.000012
    18     55    990  -117.480897  0.000118  0.000011
    19     52    988  -117.480901  0.000110  0.000011
    20     50   1000  -117.480893  0.000125  0.000013
    21     47    987  -117.480903  0.000106  0.000011
    22     45    990  -117.480901  0.000122  0.000013
    23     43    989  -117.480898  0.000119  0.000013
    24     41    984  -117.480898  0.000119  0.000013
    25     40   1000  -117.480893  0.000112  0.000013
Fit (variance): plateau_var = 1.334113e-08 ± 5.226049e-10
Fit (error):    plateau = 0.000116 ± 0.000002
     autocorrelation length ~ 1.8 blocks
     plateau reached at block size ~ 8
Final AFQMC/pt2CCSD overlap ratio: 1.001178 ± 0.000026
Final AFQMC/pt2CCSD energy: -117.480910 ± 0.000116
Total run time: 281.57
------------------------------------------ AFQMC Sampling Finished -------------------------------------------
