#INFO: **** input file is /projects/yizh8382/projects/w4_17/w4-17_all/pyscf_input/run_pyscf.py ****
import os
import glob
import numpy as np
from pyscf import gto, scf, cc

basis = "ccpvtz"
xyz_dir = "../w4_17_xyz/closed_shell"
results_file = f"../result/closed_shell_rhf_{basis}.dat"
out_dir = "../result/molout/closed_shell"
os.makedirs(out_dir, exist_ok=True)

# Set to a list of molecule names to run only those, e.g. ["acetaldehyde", "benzene"]
# Set to None to run all molecules in xyz_dir
select_molecules = None
# select_molecules = ["bn3pi","b2", "cf"]
symmetry = False

all_xyz = sorted(glob.glob(os.path.join(xyz_dir, "*.xyz")))
if select_molecules is not None:
    select_set = set(select_molecules)
    xyz_files = [p for p in all_xyz if os.path.splitext(os.path.basename(p))[0] in select_set]
    missing = select_set - {os.path.splitext(os.path.basename(p))[0] for p in xyz_files}
    if missing:
        print(f"Warning: no .xyz file found for: {', '.join(sorted(missing))} in {xyz_dir}")
else:
    xyz_files = all_xyz

with open(results_file, "w") as out:
    out.write(f"{'Molecule':<16s} {'Charge':>6s} {'2S':>6s} {'frozen':>6s} "
              f"{'E_RHF (Eh)':>20s} {'E_CCSD (Eh)':>20s} {'E_CCSD(T) (Eh)':>20s}\n")
    out.write("-" * 100 + "\n")

for xyz_path in xyz_files:
    with open(xyz_path, "r") as f:
        lines = f.readlines()

    # Parse charge and multiplicity from second line: "name charge=X mult=Y"
    second_line = lines[1]
    charge = int(second_line.split("charge=")[1].split()[0])
    mult   = int(second_line.split("mult=")[1].split()[0])
    spin   = mult - 1   # PySCF spin input is 2S = mult - 1
    mol_name = second_line.split()[0]

    # Coordinates only (skip the atom count and comment lines)
    atoms = "".join(lines[2:])

    print(f"\n{'='*60}")
    print(f"Running: {mol_name}  charge={charge}  spin={spin}")
    print(f"{'='*60}")

    mol = gto.M(
        atom=atoms,
        basis=basis,
        verbose=4,
        output=os.path.join(out_dir, f"{mol_name}_{basis}.out"),
        unit="angstrom",
        symmetry=symmetry,
        charge=charge,
        spin=spin,
        max_memory=40000,
    )

    mf = scf.RHF(mol)
    mf.max_cycle = 200
    mf = mf.newton()
    mf.kernel()

    # Stability check loop — at most 10 attempts
    max_stability_cycles = 10
    stable = False
    for stability_iter in range(max_stability_cycles):
        mo_i, _, stable, _ = mf.stability(return_status=True)
        if stable:
            break
        dm = mf.make_rdm1(mo_i, mf.mo_occ)
        mf.kernel(dm0=dm)

    if not stable or not mf.converged:
        print(f"  !! SCF did not converge for {mol_name} — skipping.")
        with open(results_file, "a") as out:
            out.write(f"{mol_name:<16s} {charge:>6d} {spin:>6d} {'N/A':>6s} "
                      f"{'UNCONVERGED':>20s} {'UNCONVERGED':>20s} {'UNCONVERGED':>20s}\n")
        continue

    energy = mf.e_tot

    mycc = cc.CCSD(mf)
    mycc.set_frozen()
    mycc.kernel()
    e_ccsd = mycc.e_tot
    et = mycc.ccsd_t()
    e_ccsdt = e_ccsd + et
    frozen = mycc.frozen

    with open(results_file, "a") as out:
        out.write(f"{mol_name:<16s} {charge:>6d} {spin:>6d} {frozen:>6d} "
                  f"{energy:>20.10f} {e_ccsd:>20.10f} {e_ccsdt:>20.10f}\n")

    print(f"  => E_RHF({mol_name})     = {energy:.10f} Eh")
    print(f"  => E_CCSD({mol_name})    = {e_ccsd:.10f} Eh")
    print(f"  => E_CCSD(T)({mol_name}) = {e_ccsdt:.10f} Eh")

print(f"\nAll calculations complete. Results saved to {results_file}")
#INFO: ******************** input file end ********************


System: uname_result(system='Linux', node='bnode0308.rc.int.colorado.edu', release='4.18.0-477.27.1.el8_8.x86_64', version='#1 SMP Thu Aug 31 10:29:22 EDT 2023', machine='x86_64')  Threads 28
Python 3.10.2 | packaged by conda-forge | (main, Mar  8 2022, 15:52:01) [GCC 9.4.0]
numpy 2.0.2  scipy 1.14.1  h5py 3.12.1
Date: Tue May 12 13:04:31 2026
PySCF version 2.9.0
PySCF path  /projects/yizh8382/tools/lno_pyscf_gcc
GIT HEAD (branch master) 142756584ed3963728cc1f6823286f4605811a6c

[ENV] PYSCF_TMPDIR /scratch/alpine/yizh8382/pyscf
[ENV] PYSCF_EXT_PATH /home/yizh8382/tools/pyscf-forge
[CONFIG] conf_file None
[INPUT] verbose = 4
[INPUT] num. atoms = 11
[INPUT] num. electrons = 36
[INPUT] charge = 0
[INPUT] spin (= nelec alpha-beta = 2S) = 0
[INPUT] symmetry False subgroup None
[INPUT] Mole.unit = angstrom
[INPUT] Symbol           X                Y                Z      unit          X                Y                Z       unit  Magmom
[INPUT]  1 C      0.000000000000   0.000000000000   1.218901563600 AA    0.000000000000   0.000000000000   2.303390128008 Bohr   0.0
[INPUT]  2 H      0.878543583700   0.000000000000   1.873137869500 AA    1.660206761687   0.000000000000   3.539717566906 Bohr   0.0
[INPUT]  3 H     -0.878543583700   0.000000000000   1.873137869500 AA   -1.660206761687   0.000000000000   3.539717566906 Bohr   0.0
[INPUT]  4 C      0.000000000000   1.177586724900   0.283320793400 AA    0.000000000000   2.225316397985   0.535398704920 Bohr   0.0
[INPUT]  5 H      0.000000000000   2.207777544600   0.607512294500 AA    0.000000000000   4.172094903259   1.148031853911 Bohr   0.0
[INPUT]  6 C      0.000000000000   0.735189865900  -0.991807117700 AA    0.000000000000   1.389307496107  -1.874243820847 Bohr   0.0
[INPUT]  7 H      0.000000000000   1.350798491400  -1.880020621400 AA    0.000000000000   2.552639198222  -3.552724082981 Bohr   0.0
[INPUT]  8 C      0.000000000000  -1.177586724900   0.283320793400 AA    0.000000000000  -2.225316397985   0.535398704920 Bohr   0.0
[INPUT]  9 H      0.000000000000  -2.207777544600   0.607512294500 AA    0.000000000000  -4.172094903259   1.148031853911 Bohr   0.0
[INPUT] 10 C      0.000000000000  -0.735189865900  -0.991807117700 AA    0.000000000000  -1.389307496107  -1.874243820847 Bohr   0.0
[INPUT] 11 H      0.000000000000  -1.350798491400  -1.880020621400 AA    0.000000000000  -2.552639198222  -3.552724082981 Bohr   0.0

nuclear repulsion = 156.607744382084
number of shells = 81
number of NR pGTOs = 306
number of NR cGTOs = 234
basis = ccpvtz
ecp = {}
CPU time:     66368.83




******** <class 'pyscf.soscf.newton_ah.SecondOrderRHF'> ********
method = SecondOrderRHF
initial guess = minao
damping factor = 0
level_shift factor = 0
DIIS = <class 'pyscf.scf.diis.CDIIS'>
diis_start_cycle = 1
diis_space = 8
diis_damp = 0
SCF conv_tol = 1e-09
SCF conv_tol_grad = None
SCF max_cycles = 200
direct_scf = True
direct_scf_tol = 1e-13
chkfile to save SCF result = /scratch/alpine/yizh8382/pyscf/tmpsfxhfit2
max_memory 40000 MB (current use 5490 MB)
******** <class 'pyscf.scf.hf.RHF'> Newton solver flags ********
SCF tol = 1e-09
conv_tol_grad = None
max. SCF cycles = 200
direct_scf = True
direct_scf_tol = 1e-13
chkfile to save SCF result = /scratch/alpine/yizh8382/pyscf/tmpsfxhfit2
max_cycle_inner = 12
max_stepsize = 0.05
ah_start_tol = 1e+09
ah_level_shift = 0
ah_conv_tol = 1e-12
ah_lindep = 1e-14
ah_start_cycle = 1
ah_max_cycle = 40
ah_grad_trust_region = 2.5
kf_interval = 4
kf_trust_region = 5
canonicalization = True
max_memory 40000 MB (current use 5490 MB)
Set conv_tol_grad to 3.16228e-05
Initial guess from minao.
  HOMO = -0.203418348266783  LUMO = 0.0152816566818668
Initial guess E= -192.800983744284  |g|= 0.373423
macro= 0  E= -192.857614826241  delta_E= -0.0566311  |g|= 0.000101182  4 KF 15 JK
macro= 1  E= -192.857614826241  delta_E= 5.68434e-13  |g|= 9.42565e-06  1 KF 2 JK
Canonicalize SCF orbitals
macro X = 2  E=-192.857614826241  |g|= 9.42565e-06  total 6 KF 20 JK
converged SCF energy = -192.857614826241
rhf_internal: lowest eigs of H = [0.76899416 1.08431783 1.1387023 ]
<class 'pyscf.soscf.newton_ah.SecondOrderRHF'> wavefunction is stable in the internal stability analysis

******** <class 'pyscf.cc.ccsd.CCSD'> ********
CC2 = 0
CCSD nocc = 13, nmo = 229
frozen orbitals 5
max_cycle = 50
direct = 0
conv_tol = 1e-07
conv_tol_normt = 1e-05
diis_space = 6
diis_start_cycle = 0
diis_start_energy_diff = 1e+09
max_memory 40000 MB (current use 6731 MB)
Init t2, MP2 energy = -193.663213878  E_corr(MP2) -0.805599051759585
Init E_corr(CCSD) = -0.805599051784254
cycle = 1  E_corr(CCSD) = -0.811434263987833  dE = -0.0058352122  norm(t1,t2) = 0.0661379
cycle = 2  E_corr(CCSD) = -0.832821801199638  dE = -0.0213875372  norm(t1,t2) = 0.0236261
cycle = 3  E_corr(CCSD) = -0.833998074550345  dE = -0.00117627335  norm(t1,t2) = 0.0100466
cycle = 4  E_corr(CCSD) = -0.836693082536641  dE = -0.00269500799  norm(t1,t2) = 0.00492511
cycle = 5  E_corr(CCSD) = -0.836812856674437  dE = -0.000119774138  norm(t1,t2) = 0.00117738
cycle = 6  E_corr(CCSD) = -0.83661891381758  dE = 0.000193942857  norm(t1,t2) = 0.00042615
cycle = 7  E_corr(CCSD) = -0.836616098698543  dE = 2.81511904e-06  norm(t1,t2) = 0.00012576
cycle = 8  E_corr(CCSD) = -0.836628773609581  dE = -1.2674911e-05  norm(t1,t2) = 4.80594e-05
cycle = 9  E_corr(CCSD) = -0.836624908984363  dE = 3.86462522e-06  norm(t1,t2) = 2.63223e-05
cycle = 10  E_corr(CCSD) = -0.836625864946152  dE = -9.55961788e-07  norm(t1,t2) = 1.02907e-05
cycle = 11  E_corr(CCSD) = -0.836625798237888  dE = 6.67082635e-08  norm(t1,t2) = 3.8988e-06
CCSD converged
E(CCSD) = -193.6942406244786  E_corr = -0.8366257982378882
CCSD(T) correction = -0.0418345153292378
