#INFO: **** input file is /work/hdd/bdka/yzhang65/w4_17/w4-17_all/afqmc_input/run_afqmc.py ****
import os
os.environ.setdefault("XLA_PYTHON_CLIENT_ALLOCATOR", "platform")

import jax
jax.config.update("jax_enable_x64", True)

import glob
import numpy as np
from pyscf import gto, scf, cc
from afqmc import prep, launch_afqmc
import re

def extract_afqmc_energy(filename):
    """Extract the final AFQMC/pt2CCSD energy and its uncertainty from an afqmc.out file.
    
    Returns (0, 0) if the value cannot be found or the file cannot be read.
    """
    pattern = re.compile(
        r"Final AFQMC/pt2CCSD energy:\s*"
        r"([-+]?\d*\.?\d+(?:[eE][-+]?\d+)?)"   # energy
        r"\s*(?:±|\+/-)\s*"
        r"([-+]?\d*\.?\d+(?:[eE][-+]?\d+)?)"   # error
    )
    try:
        with open(filename, "r", encoding="utf-8") as f:
            for line in f:
                m = pattern.search(line)
                if m:
                    return float(m.group(1)), float(m.group(2))
    except (OSError, IOError):
        pass
    return 0, 0

# basis = "ccpvdz"
xyz_dir = "../w4_17_xyz/closed_shell"
results_file = f"./closed_shell_uhf_vdzsd.dat"
out_dir = "../result/molout/closed_shell"
os.makedirs(out_dir, exist_ok=True)

# Set to a list of molecule names to run only those, e.g. ["acetaldehyde", "benzene"]
# Set to None to run all molecules in xyz_dir
select_molecules = None
symmetry = False

def vdzsd(elem):
    if elem in ('H', 'He'):
        raw_basis = gto.basis.load('ccpvdz', elem)
        return [b for b in raw_basis if b[0] != 1]
    else:
        return gto.basis.load('ccpvdz', elem)

def get_vdzsd_basis(atoms):
    elems = {line.split()[0] for line in atoms.strip().splitlines() if line.strip()}
    basis_dict = {el: vdzsd(el) for el in elems}
    return basis_dict

all_xyz = sorted(glob.glob(os.path.join(xyz_dir, "*.xyz")))
if select_molecules is not None:
    select_set = set(select_molecules)
    xyz_files = [p for p in all_xyz if os.path.splitext(os.path.basename(p))[0] in select_set]
    missing = select_set - {os.path.splitext(os.path.basename(p))[0] for p in xyz_files}
    if missing:
        print(f"Warning: no .xyz file found for: {', '.join(sorted(missing))} in {xyz_dir}")
else:
    xyz_files = all_xyz

with open(results_file, "w") as out:
    out.write(f"{'Molecule':<16s} {'Charge':>6s} {'2S':>6s} {'frozen':>6s} "
              f"{'E_HF (Eh)':>20s} {'E_CCSD (Eh)':>20s} {'E_CCSD(T) (Eh)':>20s} "
              f"{'E_AFQMC (Eh)':>20s} {'E_AFQMC ERR (Eh)':>20s} \n")
    out.write("-" * 100 + "\n")

for xyz_path in xyz_files:
    with open(xyz_path, "r") as f:
        lines = f.readlines()

    # Parse charge and multiplicity from second line: "name charge=X mult=Y"
    second_line = lines[1]
    charge = int(second_line.split("charge=")[1].split()[0])
    mult   = int(second_line.split("mult=")[1].split()[0])
    spin   = mult - 1   # PySCF spin input is 2S = mult - 1
    mol_name = second_line.split()[0]

    # Coordinates only (skip the atom count and comment lines)
    atoms = "".join(lines[2:])
    basis_dict = get_vdzsd_basis(atoms)

    print(f"\n{'='*60}")
    print(f"Running: {mol_name}  charge={charge}  spin={spin}")
    print(f"{'='*60}")

    mol = gto.M(
        atom=atoms,
        basis=basis_dict,
        verbose=4,
        output=os.path.join(out_dir, f"{mol_name}_vdzsd.out"),
        unit="angstrom",
        symmetry=symmetry,
        charge=charge,
        spin=spin,
        max_memory=40000,
    )

    mf = scf.UHF(mol)
    mf.max_cycle = 200
    mf = mf.newton()
    mf.kernel()

    # Stability check loop — at most 10 attempts
    max_stability_cycles = 10
    stable = False
    for stability_iter in range(max_stability_cycles):
        mo_i, _, stable, _ = mf.stability(return_status=True)
        if stable:
            break
        dm = mf.make_rdm1(mo_i, mf.mo_occ)
        mf.kernel(dm0=dm)

    if not stable or not mf.converged:
        print(f"  !! SCF did not converge for {mol_name} — skipping.")
        with open(results_file, "a") as out:
            out.write(f"{mol_name:<16s} {charge:>6d} {spin:>6d} {'N/A':>6s} "
                      f"{'UNCONVERGED':>20s} {'UNCONVERGED':>20s} {'UNCONVERGED':>20s}\n")
        continue

    energy = mf.e_tot

    mycc = cc.CCSD(mf)
    mycc.set_frozen()
    mycc.kernel()
    e_ccsd = mycc.e_tot
    et = mycc.ccsd_t()
    e_ccsdt = e_ccsd + et
    frozen = mycc.frozen

    prep.prep_afqmc(mycc, chol_cut=1e-5)
    options = {'n_eql': 120,
               'n_blocks': 1000,
               'n_walkers': 300,
               'dt':0.005,
               'max_error': 0.0,
               #'nchol_chunk': 200,
               'seed': 17,
               'walker_type': 'uhf',
               'trial': 'uccsd_pt2',
               'free_projection': False,
               'use_gpu': True,
               }
    launch_afqmc.run_afqmc(options)
    afqmc_file = os.path.join(out_dir, f'{mol_name}_afqmc_vdzsd.out')
    os.system(f"mv afqmc.out {afqmc_file}")
    eqmc, eqmc_err = extract_afqmc_energy(f"{afqmc_file}")

    with open(results_file, "a") as out:
        out.write(f"{mol_name:<16s} {charge:>6d} {spin:>6d} {frozen:>6d} "
                  f"{energy:>20.10f} {e_ccsd:>20.10f} {e_ccsdt:>20.10f}"
                  f"{eqmc:>20.10f} {eqmc_err:>20.10f} \n")

    print(f"  => E_HF({mol_name})      = {energy:.10f} Eh")
    print(f"  => E_CCSD({mol_name})    = {e_ccsd:.10f} Eh")
    print(f"  => E_CCSD(T)({mol_name}) = {e_ccsdt:.10f} Eh")
    print(f"  => E_AFQMC({mol_name})   = {eqmc:.10f} +/- {eqmc_err:.10f} Eh")

print(f"\nAll calculations complete. Results saved to {results_file}")
#INFO: ******************** input file end ********************


System: uname_result(system='Linux', node='gpua016.delta.ncsa.illinois.edu', release='5.14.0-427.91.1.el9_4.x86_64', version='#1 SMP PREEMPT_DYNAMIC Wed Sep 17 10:08:59 EDT 2025', machine='x86_64')  Threads 16
Python 3.11.14 (main, Oct 21 2025, 18:31:21) [GCC 11.2.0]
numpy 2.3.5  scipy 1.16.3  h5py 3.15.1
Date: Sun May 17 01:14:58 2026
PySCF version 2.11.0
PySCF path  /u/yzhang65/myprojects/software/pyscf
GIT HEAD (branch master) f520f5381c0b41f716d847009817cbc64e52c0d5

[ENV] PYSCF_TMPDIR /projects/bdka/yzhang65/scratch/pyscf
[ENV] PYSCF_EXT_PATH /u/yzhang65/myprojects/software/pyscf-forge
[CONFIG] conf_file None
[INPUT] verbose = 4
[INPUT] num. atoms = 11
[INPUT] num. electrons = 36
[INPUT] charge = 0
[INPUT] spin (= nelec alpha-beta = 2S) = 0
[INPUT] symmetry False subgroup None
[INPUT] Mole.unit = angstrom
[INPUT] Symbol           X                Y                Z      unit          X                Y                Z       unit  Magmom
[INPUT]  1 C      0.000000000000   0.000000000000   1.218901563600 AA    0.000000000000   0.000000000000   2.303390128008 Bohr   0.0
[INPUT]  2 H      0.878543583700   0.000000000000   1.873137869500 AA    1.660206761687   0.000000000000   3.539717566906 Bohr   0.0
[INPUT]  3 H     -0.878543583700   0.000000000000   1.873137869500 AA   -1.660206761687   0.000000000000   3.539717566906 Bohr   0.0
[INPUT]  4 C      0.000000000000   1.177586724900   0.283320793400 AA    0.000000000000   2.225316397985   0.535398704920 Bohr   0.0
[INPUT]  5 H      0.000000000000   2.207777544600   0.607512294500 AA    0.000000000000   4.172094903259   1.148031853911 Bohr   0.0
[INPUT]  6 C      0.000000000000   0.735189865900  -0.991807117700 AA    0.000000000000   1.389307496107  -1.874243820847 Bohr   0.0
[INPUT]  7 H      0.000000000000   1.350798491400  -1.880020621400 AA    0.000000000000   2.552639198222  -3.552724082981 Bohr   0.0
[INPUT]  8 C      0.000000000000  -1.177586724900   0.283320793400 AA    0.000000000000  -2.225316397985   0.535398704920 Bohr   0.0
[INPUT]  9 H      0.000000000000  -2.207777544600   0.607512294500 AA    0.000000000000  -4.172094903259   1.148031853911 Bohr   0.0
[INPUT] 10 C      0.000000000000  -0.735189865900  -0.991807117700 AA    0.000000000000  -1.389307496107  -1.874243820847 Bohr   0.0
[INPUT] 11 H      0.000000000000  -1.350798491400  -1.880020621400 AA    0.000000000000  -2.552639198222  -3.552724082981 Bohr   0.0

nuclear repulsion = 156.607744382084
number of shells = 37
number of NR pGTOs = 154
number of NR cGTOs = 82
basis = {'C': [[0, [6665.0, 0.000692, -0.000146], [1000.0, 0.005329, -0.001154], [228.0, 0.027077, -0.005725], [64.71, 0.101718, -0.023312], [21.06, 0.27474, -0.063955], [7.495, 0.448564, -0.149981], [2.797, 0.285074, -0.127262], [0.5215, 0.015204, 0.544529]], [0, [0.1596, 1.0]], [1, [9.439, 0.038109], [2.002, 0.20948], [0.5456, 0.508557]], [1, [0.1517, 1.0]], [2, [0.55, 1.0]]], 'H': [[0, [13.01, 0.019685], [1.962, 0.137977], [0.4446, 0.478148]], [0, [0.122, 1.0]]]}
ecp = {}
CPU time:      9811.16




******** <class 'pyscf.soscf.newton_ah.SecondOrderUHF'> ********
method = SecondOrderUHF
initial guess = minao
damping factor = 0
level_shift factor = 0
DIIS = <class 'pyscf.scf.diis.CDIIS'>
diis_start_cycle = 1
diis_space = 8
diis_damp = 0
SCF conv_tol = 1e-09
SCF conv_tol_grad = None
SCF max_cycles = 200
direct_scf = True
direct_scf_tol = 1e-13
chkfile to save SCF result = /projects/bdka/yzhang65/scratch/pyscf/tmpw7gj4pen
max_memory 40000 MB (current use 2726 MB)
number electrons alpha = 18  beta = 18
******** <class 'pyscf.scf.uhf.UHF'> Newton solver flags ********
SCF tol = 1e-09
conv_tol_grad = None
max. SCF cycles = 200
direct_scf = True
direct_scf_tol = 1e-13
chkfile to save SCF result = /projects/bdka/yzhang65/scratch/pyscf/tmpw7gj4pen
max_cycle_inner = 12
max_stepsize = 0.05
ah_start_tol = 1e+09
ah_level_shift = 0
ah_conv_tol = 1e-12
ah_lindep = 1e-14
ah_start_cycle = 1
ah_max_cycle = 40
ah_grad_trust_region = 2.5
kf_interval = 4
kf_trust_region = 5
canonicalization = True
max_memory 40000 MB (current use 2726 MB)
Set conv_tol_grad to 3.16228e-05
  alpha nocc = 18  HOMO = -0.0471050391837173  LUMO = 0.164360734447989
  beta  nocc = 18  HOMO = -0.0588852887071916  LUMO = 0.155626966926849
Initial guess E= -192.697483901694  |g|= 0.34188
macro= 0  E= -192.788268907347  delta_E= -0.090785  |g|= 0.000139095  4 KF 15 JK
macro= 1  E= -192.788268907652  delta_E= -3.05022e-10  |g|= 1.89977e-05  1 KF 3 JK
Canonicalize SCF orbitals
macro X = 2  E=-192.788268907652  |g|= 1.89977e-05  total 6 KF 21 JK
converged SCF energy = -192.788268907652  <S^2> = 2.2148328e-10  2S+1 = 1
uhf_internal: lowest eigs of H = [-0.05978456  0.08569586  0.39717719]
<class 'pyscf.soscf.newton_ah.SecondOrderUHF'> wavefunction has an internal instability




******** <class 'pyscf.soscf.newton_ah.SecondOrderUHF'> ********
method = SecondOrderUHF
initial guess = minao
damping factor = 0
level_shift factor = 0
DIIS = <class 'pyscf.scf.diis.CDIIS'>
diis_start_cycle = 1
diis_space = 8
diis_damp = 0
SCF conv_tol = 1e-09
SCF conv_tol_grad = None
SCF max_cycles = 200
direct_scf = True
direct_scf_tol = 1e-13
chkfile to save SCF result = /projects/bdka/yzhang65/scratch/pyscf/tmpw7gj4pen
max_memory 40000 MB (current use 2726 MB)
number electrons alpha = 18  beta = 18
******** <class 'pyscf.scf.uhf.UHF'> Newton solver flags ********
SCF tol = 1e-09
conv_tol_grad = None
max. SCF cycles = 200
direct_scf = True
direct_scf_tol = 1e-13
chkfile to save SCF result = /projects/bdka/yzhang65/scratch/pyscf/tmpw7gj4pen
max_cycle_inner = 12
max_stepsize = 0.05
ah_start_tol = 1e+09
ah_level_shift = 0
ah_conv_tol = 1e-12
ah_lindep = 1e-14
ah_start_cycle = 1
ah_max_cycle = 40
ah_grad_trust_region = 2.5
kf_interval = 4
kf_trust_region = 5
canonicalization = True
max_memory 40000 MB (current use 2726 MB)
Set conv_tol_grad to 3.16228e-05
  alpha nocc = 18  HOMO = -0.356428325088962  LUMO = 0.170757993650686
  beta  nocc = 18  HOMO = -0.356419721003415  LUMO = 0.170743640460461
Initial guess E= -192.77572192529  |g|= 0.0562608
macro= 0  E= -192.789887338077  delta_E= -0.0141654  |g|= 0.0562608  2 KF 6 JK
macro= 1  E= -192.791468895923  delta_E= -0.00158156  |g|= 0.00341644  3 KF 10 JK
macro= 2  E= -192.791482333786  delta_E= -1.34379e-05  |g|= 0.000174282  2 KF 10 JK
macro= 3  E= -192.791482333786  delta_E= 0  |g|= 5.95743e-06  1 KF 2 JK
Canonicalize SCF orbitals
macro X = 4  E=-192.791482333786  |g|= 5.95743e-06  total 9 KF 33 JK
converged SCF energy = -192.791482333786  <S^2> = 0.3980455  2S+1 = 1.6100255
uhf_internal: lowest eigs of H = [0.11190823 0.21500601 0.4310366 ]
<class 'pyscf.soscf.newton_ah.SecondOrderUHF'> wavefunction is stable in the internal stability analysis

******** <class 'pyscf.cc.uccsd.UCCSD'> ********
CC2 = 0
CCSD nocc = (np.int64(13), np.int64(13)), nmo = (77, 77)
frozen orbitals 5
max_cycle = 50
direct = 0
conv_tol = 1e-07
conv_tol_normt = 1e-06
diis_space = 6
diis_start_cycle = 0
diis_start_energy_diff = 1e+09
max_memory 40000 MB (current use 2726 MB)
Init t2, MP2 energy = -0.600867132332186
Init E_corr(UCCSD) = -0.600867132367478
cycle = 1  E_corr(UCCSD) = -0.6274379073938  dE = -0.026570775  norm(t1,t2) = 0.121645
cycle = 2  E_corr(UCCSD) = -0.64672953458028  dE = -0.0192916272  norm(t1,t2) = 0.0561143
cycle = 3  E_corr(UCCSD) = -0.655153376648034  dE = -0.00842384207  norm(t1,t2) = 0.0451171
cycle = 4  E_corr(UCCSD) = -0.664338507212525  dE = -0.00918513056  norm(t1,t2) = 0.0288048
cycle = 5  E_corr(UCCSD) = -0.66415523423128  dE = 0.000183272981  norm(t1,t2) = 0.0149602
cycle = 6  E_corr(UCCSD) = -0.664384859324587  dE = -0.000229625093  norm(t1,t2) = 0.00457742
cycle = 7  E_corr(UCCSD) = -0.664656777431543  dE = -0.000271918107  norm(t1,t2) = 0.0019351
cycle = 8  E_corr(UCCSD) = -0.664609439463447  dE = 4.73379681e-05  norm(t1,t2) = 0.000547049
cycle = 9  E_corr(UCCSD) = -0.664611624981103  dE = -2.18551766e-06  norm(t1,t2) = 0.000239668
cycle = 10  E_corr(UCCSD) = -0.664607339359569  dE = 4.28562153e-06  norm(t1,t2) = 6.94884e-05
cycle = 11  E_corr(UCCSD) = -0.664606977537185  dE = 3.61822384e-07  norm(t1,t2) = 2.65435e-05
cycle = 12  E_corr(UCCSD) = -0.664605359672004  dE = 1.61786518e-06  norm(t1,t2) = 1.12423e-05
cycle = 13  E_corr(UCCSD) = -0.664604824398847  dE = 5.35273157e-07  norm(t1,t2) = 3.36353e-06
cycle = 14  E_corr(UCCSD) = -0.664604661780669  dE = 1.62618178e-07  norm(t1,t2) = 1.20099e-06
cycle = 15  E_corr(UCCSD) = -0.664604687525014  dE = -2.57443459e-08  norm(t1,t2) = 5.03409e-07
UCCSD converged
E(UCCSD) = -193.4560870213105  E_corr = -0.6646046875250144
UCCSD(T) correction = -0.0263523444675259
