#INFO: **** input file is /projects/yizh8382/projects/w4_17/w4-17_all/pyscf_input/run_pyscf_vdzsd.py ****
import os
import glob
import numpy as np
from pyscf import gto, scf, cc

# basis = "ccpvdz"
xyz_dir = "../w4_17_xyz/closed_shell"
results_file = f"../result/closed_shell_rhf_vdzsd.dat"
out_dir = "../result/molout/closed_shell"
os.makedirs(out_dir, exist_ok=True)

# Set to a list of molecule names to run only those, e.g. ["acetaldehyde", "benzene"]
# Set to None to run all molecules in xyz_dir
select_molecules = None
# select_molecules = ["bn3pi","b2", "cf"]
symmetry = False

all_xyz = sorted(glob.glob(os.path.join(xyz_dir, "*.xyz")))
if select_molecules is not None:
    select_set = set(select_molecules)
    xyz_files = [p for p in all_xyz if os.path.splitext(os.path.basename(p))[0] in select_set]
    missing = select_set - {os.path.splitext(os.path.basename(p))[0] for p in xyz_files}
    if missing:
        print(f"Warning: no .xyz file found for: {', '.join(sorted(missing))} in {xyz_dir}")
else:
    xyz_files = all_xyz

with open(results_file, "w") as out:
    out.write(f"{'Molecule':<16s} {'Charge':>6s} {'2S':>6s} {'frozen':>6s} "
              f"{'E_RHF (Eh)':>20s} {'E_CCSD (Eh)':>20s} {'E_CCSD(T) (Eh)':>20s}\n")
    out.write("-" * 100 + "\n")

for xyz_path in xyz_files:
    with open(xyz_path, "r") as f:
        lines = f.readlines()

    # Parse charge and multiplicity from second line: "name charge=X mult=Y"
    second_line = lines[1]
    charge = int(second_line.split("charge=")[1].split()[0])
    mult   = int(second_line.split("mult=")[1].split()[0])
    spin   = mult - 1   # PySCF spin input is 2S = mult - 1
    mol_name = second_line.split()[0]

    # Coordinates only (skip the atom count and comment lines)
    atoms = "".join(lines[2:])

    print(f"\n{'='*60}")
    print(f"Running: {mol_name}  charge={charge}  spin={spin}")
    print(f"{'='*60}")
    
    h_basis = gto.basis.load('ccpvdz', 'H')
    h_basis_no_p = [b for b in h_basis if b[0] != 1]
    
    mol = gto.M(
        atom=atoms,
        basis={
            'H': h_basis_no_p,
            'default': 'ccpvdz'
            },
        verbose=4,
        output=os.path.join(out_dir, f"{mol_name}_vdzsd.out"),
        unit="angstrom",
        symmetry=symmetry,
        charge=charge,
        spin=spin,
        max_memory=40000,
    )

    mf = scf.RHF(mol)
    mf.max_cycle = 200
    mf = mf.newton()
    mf.kernel()

    # Stability check loop — at most 10 attempts
    max_stability_cycles = 10
    stable = False
    for stability_iter in range(max_stability_cycles):
        mo_i, _, stable, _ = mf.stability(return_status=True)
        if stable:
            break
        dm = mf.make_rdm1(mo_i, mf.mo_occ)
        mf.kernel(dm0=dm)

    if not stable or not mf.converged:
        print(f"  !! SCF did not converge for {mol_name} — skipping.")
        with open(results_file, "a") as out:
            out.write(f"{mol_name:<16s} {charge:>6d} {spin:>6d} {'N/A':>6s} "
                      f"{'UNCONVERGED':>20s} {'UNCONVERGED':>20s} {'UNCONVERGED':>20s}\n")
        continue

    energy = mf.e_tot

    mycc = cc.CCSD(mf)
    mycc.set_frozen()
    mycc.kernel()
    e_ccsd = mycc.e_tot
    et = mycc.ccsd_t()
    e_ccsdt = e_ccsd + et
    frozen = mycc.frozen

    with open(results_file, "a") as out:
        out.write(f"{mol_name:<16s} {charge:>6d} {spin:>6d} {frozen:>6d} "
                  f"{energy:>20.10f} {e_ccsd:>20.10f} {e_ccsdt:>20.10f}\n")

    print(f"  => E_RHF({mol_name})     = {energy:.10f} Eh")
    print(f"  => E_CCSD({mol_name})    = {e_ccsd:.10f} Eh")
    print(f"  => E_CCSD(T)({mol_name}) = {e_ccsdt:.10f} Eh")

print(f"\nAll calculations complete. Results saved to {results_file}")
#INFO: ******************** input file end ********************


System: uname_result(system='Linux', node='bnode0309.rc.int.colorado.edu', release='4.18.0-477.27.1.el8_8.x86_64', version='#1 SMP Thu Aug 31 10:29:22 EDT 2023', machine='x86_64')  Threads 28
Python 3.10.2 | packaged by conda-forge | (main, Mar  8 2022, 15:52:01) [GCC 9.4.0]
numpy 2.0.2  scipy 1.14.1  h5py 3.12.1
Date: Wed May 13 19:56:24 2026
PySCF version 2.9.0
PySCF path  /projects/yizh8382/tools/lno_pyscf_gcc
GIT HEAD (branch master) 142756584ed3963728cc1f6823286f4605811a6c

[ENV] PYSCF_TMPDIR /scratch/alpine/yizh8382/pyscf
[ENV] PYSCF_EXT_PATH /home/yizh8382/tools/pyscf-forge
[CONFIG] conf_file None
[INPUT] verbose = 4
[INPUT] num. atoms = 8
[INPUT] num. electrons = 28
[INPUT] charge = 0
[INPUT] spin (= nelec alpha-beta = 2S) = 0
[INPUT] symmetry False subgroup None
[INPUT] Mole.unit = angstrom
[INPUT] Symbol           X                Y                Z      unit          X                Y                Z       unit  Magmom
[INPUT]  1 C      0.672077362700  -0.784575719300   0.000000000000 AA    1.270042150023  -1.482633233461   0.000000000000 Bohr   0.0
[INPUT]  2 C      0.672077362700   0.784575719300   0.000000000000 AA    1.270042150023   1.482633233461   0.000000000000 Bohr   0.0
[INPUT]  3 C     -0.672077362700   0.784575719300   0.000000000000 AA   -1.270042150023   1.482633233461   0.000000000000 Bohr   0.0
[INPUT]  4 C     -0.672077362700  -0.784575719300   0.000000000000 AA   -1.270042150023  -1.482633233461   0.000000000000 Bohr   0.0
[INPUT]  5 H     -1.435623235900   1.547177272100   0.000000000000 AA   -2.712934733913   2.923741310421   0.000000000000 Bohr   0.0
[INPUT]  6 H     -1.435623235900  -1.547177272100   0.000000000000 AA   -2.712934733913  -2.923741310421   0.000000000000 Bohr   0.0
[INPUT]  7 H      1.435623235900  -1.547177272100   0.000000000000 AA    2.712934733913  -2.923741310421   0.000000000000 Bohr   0.0
[INPUT]  8 H      1.435623235900   1.547177272100   0.000000000000 AA    2.712934733913   2.923741310421   0.000000000000 Bohr   0.0

nuclear repulsion = 98.6801533399056
number of shells = 28
number of NR pGTOs = 120
number of NR cGTOs = 64
basis = {'H': [[0, [13.01, 0.019685], [1.962, 0.137977], [0.4446, 0.478148]], [0, [0.122, 1.0]]], 'default': 'ccpvdz'}
ecp = {}
CPU time:      7722.02




******** <class 'pyscf.soscf.newton_ah.SecondOrderRHF'> ********
method = SecondOrderRHF
initial guess = minao
damping factor = 0
level_shift factor = 0
DIIS = <class 'pyscf.scf.diis.CDIIS'>
diis_start_cycle = 1
diis_space = 8
diis_damp = 0
SCF conv_tol = 1e-09
SCF conv_tol_grad = None
SCF max_cycles = 200
direct_scf = True
direct_scf_tol = 1e-13
chkfile to save SCF result = /scratch/alpine/yizh8382/pyscf/tmpp0f_2zzh
max_memory 40000 MB (current use 1538 MB)
******** <class 'pyscf.scf.hf.RHF'> Newton solver flags ********
SCF tol = 1e-09
conv_tol_grad = None
max. SCF cycles = 200
direct_scf = True
direct_scf_tol = 1e-13
chkfile to save SCF result = /scratch/alpine/yizh8382/pyscf/tmpp0f_2zzh
max_cycle_inner = 12
max_stepsize = 0.05
ah_start_tol = 1e+09
ah_level_shift = 0
ah_conv_tol = 1e-12
ah_lindep = 1e-14
ah_start_cycle = 1
ah_max_cycle = 40
ah_grad_trust_region = 2.5
kf_interval = 4
kf_trust_region = 5
canonicalization = True
max_memory 40000 MB (current use 1538 MB)
Set conv_tol_grad to 3.16228e-05
Initial guess from minao.
  HOMO = -0.138558222779137  LUMO = -0.0321912657724776
Initial guess E= -153.59798864378  |g|= 0.317884
macro= 0  E= -153.641346380136  delta_E= -0.0433577  |g|= 0.0100427  3 KF 9 JK
macro= 1  E= -153.641346578435  delta_E= -1.98299e-07  |g|= 2.46995e-05  2 KF 6 JK
macro= 2  E= -153.641346578435  delta_E= 8.52651e-14  |g|= 3.10101e-06  1 KF 2 JK
Canonicalize SCF orbitals
macro X = 3  E=-153.641346578435  |g|= 3.10101e-06  total 7 KF 21 JK
converged SCF energy = -153.641346578435
rhf_internal: lowest eigs of H = [0.41142114 0.98597739 1.06857692]
<class 'pyscf.soscf.newton_ah.SecondOrderRHF'> wavefunction is stable in the internal stability analysis

******** <class 'pyscf.cc.ccsd.CCSD'> ********
CC2 = 0
CCSD nocc = 10, nmo = 60
frozen orbitals 4
max_cycle = 50
direct = 0
conv_tol = 1e-07
conv_tol_normt = 1e-05
diis_space = 6
diis_start_cycle = 0
diis_start_energy_diff = 1e+09
max_memory 40000 MB (current use 1538 MB)
Init t2, MP2 energy = -154.141643163516  E_corr(MP2) -0.500296585081505
Init E_corr(CCSD) = -0.500296585084222
cycle = 1  E_corr(CCSD) = -0.514440011555311  dE = -0.0141434265  norm(t1,t2) = 0.0626385
cycle = 2  E_corr(CCSD) = -0.529879972786946  dE = -0.0154399612  norm(t1,t2) = 0.0281013
cycle = 3  E_corr(CCSD) = -0.535132993408714  dE = -0.00525302062  norm(t1,t2) = 0.0149359
cycle = 4  E_corr(CCSD) = -0.537243778595044  dE = -0.00211078519  norm(t1,t2) = 0.00620475
cycle = 5  E_corr(CCSD) = -0.536695479030824  dE = 0.000548299564  norm(t1,t2) = 0.00250384
cycle = 6  E_corr(CCSD) = -0.536605732982186  dE = 8.97460486e-05  norm(t1,t2) = 0.00078861
cycle = 7  E_corr(CCSD) = -0.536657833775602  dE = -5.21007934e-05  norm(t1,t2) = 0.000326948
cycle = 8  E_corr(CCSD) = -0.536653196851369  dE = 4.63692423e-06  norm(t1,t2) = 7.53382e-05
cycle = 9  E_corr(CCSD) = -0.536651249774265  dE = 1.9470771e-06  norm(t1,t2) = 2.40705e-05
cycle = 10  E_corr(CCSD) = -0.536651368536694  dE = -1.1876243e-07  norm(t1,t2) = 5.85306e-06
cycle = 11  E_corr(CCSD) = -0.536651464288162  dE = -9.57514672e-08  norm(t1,t2) = 1.69526e-06
CCSD converged
E(CCSD) = -154.177998042723  E_corr = -0.5366514642881617
CCSD(T) correction = -0.0233147793964434
