------------------------------------------- AFQMC Sampling Started -------------------------------------------
Hostname: gpua016.delta.ncsa.illinois.edu
System Type: Linux
Machine Type: x86_64
Processor: x86_64
Using GPU.
System: Linux
Node Name: gpua016.delta.ncsa.illinois.edu
Release: 5.14.0-427.91.1.el9_4.x86_64
Version: #1 SMP PREEMPT_DYNAMIC Wed Sep 17 10:08:59 EDT 2025
Machine: x86_64
Processor: x86_64
Decomposing Unrestricted T2 amplitudes
Throw 0 vectors in T2 deomposition
SVD cutoff = 1.00e-08 | error = 1.10e-15
number of T2 decomposition vectors 580
norb: 39
nelec: (10, 10)
n_eql: 120
n_blocks: 1000
n_walkers: 300
dt: 0.005
max_error: 0.0
seed: 17
walker_type: uhf
trial: uccsd_pt2
free_projection: False
use_gpu: True
n_exp_terms: 6
n_prop_steps: 50
save_walkers: False
n_batch: 1
nchol_chunk: 100
mix_precision: True
initial AFQMC/pt2CCSD Energy is -274.055403
Propagating with 300 walkers
----------------------------------------------- Equilibration ------------------------------------------------
inv_T        weight  killW        energy   runTime
 0.00    300.000000      0   -273.463866     11.83
 3.00    308.323844      0   -274.085903     18.21
 6.00    308.114312      0   -274.072912     19.12
 9.00    307.482900      0   -274.032164     20.03
12.00    308.548603      0   -274.053135     20.94
15.00    308.864455      0   -274.120330     21.85
18.00    307.872052      0   -274.071583     22.76
21.00    308.703243      0   -274.059678     23.67
24.00    307.727597      0   -274.064819     24.64
27.00    308.503365      0   -274.079916     25.59
30.00    308.626551      0   -274.084051     26.50
---------------------------------------------- Sampling Blocks -----------------------------------------------
blocks        weight  killW       E_Guide     error       E_Trial     error     olp_T/G     error  Walltime
    20    308.266686      1   -274.083374  0.013267   -274.075628  0.004479    1.023742  0.000752   35.03
    40    307.158310      1   -274.079019  0.011231   -274.073933  0.002350    1.025381  0.000977   37.87
    60    306.336680      2   -274.074078  0.008486   -274.072712  0.001671    1.025394  0.000689   40.70
    80    305.637062      3   -274.075642  0.005841   -274.071953  0.001293    1.025607  0.000524   43.52
   100    304.963699      4   -274.074386  0.004949   -274.073067  0.001275    1.025798  0.000466   46.36
   120    304.438149      5   -274.075818  0.004114   -274.073567  0.001119    1.026018  0.000413   49.19
   140    303.966584      6   -274.075783  0.004154   -274.073213  0.000999    1.026203  0.000375   52.04
   160    303.599129      6   -274.078321  0.003776   -274.073124  0.000919    1.026056  0.000349   54.87
   180    303.240164      6   -274.078987  0.003568   -274.073235  0.000863    1.025976  0.000315   57.70
   200    302.922379      6   -274.079152  0.003241   -274.073207  0.000795    1.026120  0.000299   60.53
   220    302.638644      7   -274.079760  0.003123   -274.073136  0.000759    1.026289  0.000296   64.69
   240    302.380303      7   -274.078555  0.002997   -274.073118  0.000717    1.026558  0.000330   68.74
   260    302.161496      7   -274.077936  0.003038   -274.073011  0.000674    1.026620  0.000309   71.58
   280    301.949629      7   -274.077438  0.002994   -274.072976  0.000630    1.026538  0.000294   74.41
   300    301.771132      7   -274.078067  0.002930   -274.073031  0.000612    1.026424  0.000286   77.25
   320    301.588199      7   -274.077472  0.002742   -274.072959  0.000580    1.026385  0.000272   80.08
   340    301.445541      7   -274.077804  0.002636   -274.072769  0.000554    1.026360  0.000257   82.91
   360    301.321304      8   -274.078602  0.002640   -274.072816  0.000529    1.026261  0.000253   85.77
   380    301.193676      8   -274.078546  0.002531   -274.072802  0.000505    1.026151  0.000255   88.60
   400    301.072026      8   -274.077790  0.002450   -274.072878  0.000489    1.026193  0.000246   91.43
   420    300.970523      9   -274.077905  0.002420   -274.072927  0.000484    1.026246  0.000238   94.26
   440    300.889393      9   -274.078894  0.002425   -274.073015  0.000486    1.026268  0.000231   97.10
   460    300.797138      9   -274.078897  0.002340   -274.072901  0.000468    1.026243  0.000227   99.93
   480    300.709017     10   -274.078418  0.002289   -274.072859  0.000457    1.026194  0.000232  102.75
   500    300.626681     11   -274.077700  0.002245   -274.072788  0.000445    1.026185  0.000226  105.58
   520    300.557447     11   -274.077806  0.002199   -274.072650  0.000440    1.026149  0.000230  108.41
   540    300.500092     12   -274.077817  0.002137   -274.072681  0.000427    1.026129  0.000225  111.23
   560    300.444711     13   -274.078002  0.002080   -274.072663  0.000416    1.026194  0.000222  114.06
   580    300.391541     13   -274.078393  0.002032   -274.072704  0.000407    1.026108  0.000222  116.89
   600    300.342194     14   -274.078983  0.002008   -274.072729  0.000401    1.026138  0.000214  119.72
   620    300.287958     16   -274.078979  0.001961   -274.072599  0.000392    1.026166  0.000212  122.55
   640    300.245907     18   -274.079022  0.001917   -274.072568  0.000383    1.026162  0.000208  125.38
   660    300.197083     19   -274.078546  0.001867   -274.072525  0.000376    1.026193  0.000203  128.21
   680    300.149460     19   -274.078615  0.001833   -274.072494  0.000380    1.026218  0.000201  131.04
   700    300.104654     20   -274.078464  0.001797   -274.072550  0.000371    1.026194  0.000198  133.87
   720    300.066743     20   -274.078364  0.001760   -274.072725  0.000384    1.026217  0.000194  136.70
   740    300.038508     20   -274.078734  0.001933   -274.072677  0.000379    1.026194  0.000191  139.53
   760    300.005758     20   -274.078910  0.001942   -274.072710  0.000375    1.026170  0.000187  142.56
   780    299.970998     20   -274.078684  0.001906   -274.072667  0.000368    1.026144  0.000184  145.41
   800    299.943016     21   -274.078704  0.001848   -274.072725  0.000364    1.026094  0.000202  148.24
   820    299.914872     22   -274.078508  0.001820   -274.072764  0.000360    1.026075  0.000198  151.08
   840    299.887354     22   -274.078636  0.001759   -274.072918  0.000400    1.026013  0.000203  153.91
   860    299.860579     23   -274.078769  0.001744   -274.072922  0.000393    1.025971  0.000203  156.76
   880    299.835961     23   -274.078868  0.001715   -274.072961  0.000389    1.025925  0.000203  159.66
   900    299.807369     23   -274.078703  0.001709   -274.072966  0.000383    1.025904  0.000200  162.49
   920    299.783716     25   -274.078819  0.001670   -274.072946  0.000377    1.025843  0.000205  165.32
   940    299.753489     25   -274.078463  0.001636   -274.072931  0.000370    1.025814  0.000203  168.16
   960    299.732292     26   -274.078417  0.001612   -274.072968  0.000365    1.025815  0.000201  170.99
   980    299.705783     27   -274.078209  0.001582   -274.072926  0.000359    1.025868  0.000201  173.82
  1000    299.683324     27   -274.077908  0.001570   -274.072918  0.000354    1.025863  0.000201  176.64
---------------------------------------------- Post Propagation ----------------------------------------------
Total number of samples 1000
Raw AFQMC/HF (Guide) energy:           -274.077908 ± 0.001570
Raw Trial/Guide overlap ratio:          1.025863 ± 0.000201
Raw AFQMC/pt2CCSD energy (covariance): -274.072918 ± 0.000354
Raw AFQMC/pt2CCSD energy (dir sample): -274.072918 ± 0.000299
--------------------------------------------- Clean Obeservation ---------------------------------------------
removing energies outside zeta > 30
Outlier energy bound [-274.247044, -273.895504]
Removed 0 outliers with energies []
Clean AFQMC/pt2CCSD overlap ratio:        1.025863 ± 0.000201
Clean AFQMC/pt2CCSD energy (covariance): -274.072918 ± 0.000354
Clean AFQMC/ptCCSD energy (dir sample):  -274.072918 ± 0.000299
--------------------------------------------- Blocking Analysis ----------------------------------------------
nsample = 1000, max_block_size = 25, min_nblocks = 40
   B    NB    NS  Observable     Error    dError
   1  1000  1000    1.025864  0.000068  0.000002
   2   500  1000    1.025863  0.000088  0.000003
   3   333   999    1.025865  0.000102  0.000004
   4   250  1000    1.025863  0.000114  0.000005
   5   200  1000    1.025863  0.000124  0.000006
   6   166   996    1.025859  0.000132  0.000007
   7   142   994    1.025860  0.000137  0.000008
   8   125  1000    1.025863  0.000146  0.000009
   9   111   999    1.025864  0.000148  0.000010
  10   100  1000    1.025863  0.000155  0.000011
  11    90   990    1.025860  0.000160  0.000012
  12    83   996    1.025859  0.000164  0.000013
  13    76   988    1.025863  0.000169  0.000014
  14    71   994    1.025860  0.000167  0.000014
  15    66   990    1.025860  0.000167  0.000015
  16    62   992    1.025861  0.000179  0.000016
  17    58   986    1.025866  0.000177  0.000017
  18    55   990    1.025860  0.000179  0.000017
  19    52   988    1.025862  0.000181  0.000018
  20    50  1000    1.025863  0.000197  0.000020
  21    47   987    1.025864  0.000187  0.000019
  22    45   990    1.025860  0.000195  0.000021
  23    43   989    1.025861  0.000196  0.000021
  24    41   984    1.025871  0.000201  0.000022
  25    40  1000    1.025863  0.000189  0.000021
Fit (variance): plateau_var = 4.163e-08 ± 5.185e-09
Fit (error):    plateau = 0.000204 ± 0.000013
     autocorrelation length ~ 11.8 blocks
     plateau reached at block size ~ 54
     !!!Failed to reach plateau in blocking
     Return max block error
nclean = 1000, max_block_size = 25, min_nblocks = 40
Blk_SZ   NBlk   NSmp      Energy     Error    dError
     1   1000   1000  -274.072555  0.000299  0.000007
     2    500   1000  -274.072663  0.000310  0.000010
     3    333    999  -274.072700  0.000306  0.000012
     4    250   1000  -274.072735  0.000319  0.000014
     5    200   1000  -274.072757  0.000315  0.000016
     6    166    996  -274.072768  0.000321  0.000018
     7    142    994  -274.072774  0.000310  0.000018
     8    125   1000  -274.072794  0.000320  0.000020
     9    111    999  -274.072808  0.000325  0.000022
    10    100   1000  -274.072829  0.000310  0.000022
    11     90    990  -274.072823  0.000320  0.000024
    12     83    996  -274.072833  0.000326  0.000025
    13     76    988  -274.072841  0.000308  0.000025
    14     71    994  -274.072833  0.000306  0.000026
    15     66    990  -274.072866  0.000307  0.000027
    16     62    992  -274.072865  0.000311  0.000028
    17     58    986  -274.072856  0.000310  0.000029
    18     55    990  -274.072867  0.000317  0.000031
    19     52    988  -274.072875  0.000303  0.000030
    20     50   1000  -274.072881  0.000314  0.000032
    21     47    987  -274.072875  0.000328  0.000034
    22     45    990  -274.072863  0.000270  0.000029
    23     43    989  -274.072874  0.000308  0.000034
    24     41    984  -274.072884  0.000350  0.000039
    25     40   1000  -274.072879  0.000300  0.000034
Fit (variance): plateau_var = 9.799744e-08 ± 3.255051e-09
Fit (error):    plateau = 0.000313 ± 0.000005
     autocorrelation length ~ 0.8 blocks
     plateau reached at block size ~ 3
Final AFQMC/pt2CCSD overlap ratio: 1.025863 ± 0.000201
Final AFQMC/pt2CCSD energy: -274.072918 ± 0.000313
Total run time: 185.96
------------------------------------------ AFQMC Sampling Finished -------------------------------------------
