#INFO: **** input file is /projects/yizh8382/projects/w4_17/w4-17_all/pyscf_input/run_pyscf.py ****
import os
import glob
import numpy as np
from pyscf import gto, scf, cc

xyz_dir = "../w4_17_xyz/closed_shell"
results_file = "../result/closed_shell_rhf.dat"
out_dir = "../result/molout/closed_shell"
os.makedirs(out_dir, exist_ok=True)

# Set to a list of molecule names to run only those, e.g. ["acetaldehyde", "benzene"]
# Set to None to run all molecules in xyz_dir
select_molecules = None
# select_molecules = ["bn3pi","b2", "cf"]
symmetry = False

all_xyz = sorted(glob.glob(os.path.join(xyz_dir, "*.xyz")))
if select_molecules is not None:
    select_set = set(select_molecules)
    xyz_files = [p for p in all_xyz if os.path.splitext(os.path.basename(p))[0] in select_set]
    missing = select_set - {os.path.splitext(os.path.basename(p))[0] for p in xyz_files}
    if missing:
        print(f"Warning: no .xyz file found for: {', '.join(sorted(missing))} in {xyz_dir}")
else:
    xyz_files = all_xyz

with open(results_file, "w") as out:
    out.write(f"{'Molecule':<16s} {'Charge':>6s} {'2S':>6s} {'frozen':>6s} "
              f"{'E_RHF (Eh)':>20s} {'E_CCSD (Eh)':>20s} {'E_CCSD(T) (Eh)':>20s}\n")
    out.write("-" * 100 + "\n")

for xyz_path in xyz_files:
    with open(xyz_path, "r") as f:
        lines = f.readlines()

    # Parse charge and multiplicity from second line: "name charge=X mult=Y"
    second_line = lines[1]
    charge = int(second_line.split("charge=")[1].split()[0])
    mult   = int(second_line.split("mult=")[1].split()[0])
    spin   = mult - 1   # PySCF spin input is 2S = mult - 1
    mol_name = second_line.split()[0]

    # Coordinates only (skip the atom count and comment lines)
    atoms = "".join(lines[2:])

    print(f"\n{'='*60}")
    print(f"Running: {mol_name}  charge={charge}  spin={spin}")
    print(f"{'='*60}")

    mol = gto.M(
        atom=atoms,
        basis="ccpvdz",
        verbose=4,
        output=os.path.join(out_dir, f"{mol_name}.out"),
        unit="angstrom",
        symmetry=symmetry,
        charge=charge,
        spin=spin,
        max_memory=40000,
    )

    mf = scf.RHF(mol)
    mf.max_cycle = 200
    mf = mf.newton()
    mf.kernel()

    # Stability check loop — at most 10 attempts
    max_stability_cycles = 10
    stable = False
    for stability_iter in range(max_stability_cycles):
        mo_i, _, stable, _ = mf.stability(return_status=True)
        if stable:
            break
        dm = mf.make_rdm1(mo_i, mf.mo_occ)
        mf.kernel(dm0=dm)

    if not stable or not mf.converged:
        print(f"  !! SCF did not converge for {mol_name} — skipping.")
        with open(results_file, "a") as out:
            out.write(f"{mol_name:<16s} {charge:>6d} {spin:>6d} {'N/A':>6s} "
                      f"{'UNCONVERGED':>20s} {'UNCONVERGED':>20s} {'UNCONVERGED':>20s}\n")
        continue

    energy = mf.e_tot

    mycc = cc.CCSD(mf)
    mycc.set_frozen()
    mycc.kernel()
    e_ccsd = mycc.e_tot
    et = mycc.ccsd_t()
    e_ccsdt = e_ccsd + et
    frozen = mycc.frozen

    with open(results_file, "a") as out:
        out.write(f"{mol_name:<16s} {charge:>6d} {spin:>6d} {frozen:>6d} "
                  f"{energy:>20.10f} {e_ccsd:>20.10f} {e_ccsdt:>20.10f}\n")

    print(f"  => E_RHF({mol_name})     = {energy:.10f} Eh")
    print(f"  => E_CCSD({mol_name})    = {e_ccsd:.10f} Eh")
    print(f"  => E_CCSD(T)({mol_name}) = {e_ccsdt:.10f} Eh")

print(f"\nAll calculations complete. Results saved to {results_file}")
#INFO: ******************** input file end ********************


System: uname_result(system='Linux', node='bnode0303.rc.int.colorado.edu', release='4.18.0-477.27.1.el8_8.x86_64', version='#1 SMP Thu Aug 31 10:29:22 EDT 2023', machine='x86_64')  Threads 28
Python 3.10.2 | packaged by conda-forge | (main, Mar  8 2022, 15:52:01) [GCC 9.4.0]
numpy 2.0.2  scipy 1.14.1  h5py 3.12.1
Date: Tue May 12 10:55:53 2026
PySCF version 2.9.0
PySCF path  /projects/yizh8382/tools/lno_pyscf_gcc
GIT HEAD (branch master) 142756584ed3963728cc1f6823286f4605811a6c

[ENV] PYSCF_TMPDIR /scratch/alpine/yizh8382/pyscf
[ENV] PYSCF_EXT_PATH /home/yizh8382/tools/pyscf-forge
[CONFIG] conf_file None
[INPUT] verbose = 4
[INPUT] num. atoms = 3
[INPUT] num. electrons = 26
[INPUT] charge = 0
[INPUT] spin (= nelec alpha-beta = 2S) = 0
[INPUT] symmetry False subgroup None
[INPUT] Mole.unit = angstrom
[INPUT] Symbol           X                Y                Z      unit          X                Y                Z       unit  Magmom
[INPUT]  1 F      0.000000000000   1.100771000000  -0.268941000000 AA    0.000000000000   2.080155715864  -0.508224833667 Bohr   0.0
[INPUT]  2 O      0.000000000000   0.000000000000   0.605118000000 AA    0.000000000000   0.000000000000   1.143507293045 Bohr   0.0
[INPUT]  3 F      0.000000000000  -1.100771000000  -0.268941000000 AA    0.000000000000  -2.080155715864  -0.508224833667 Bohr   0.0

nuclear repulsion = 73.6829871406671
number of shells = 15
number of NR pGTOs = 78
number of NR cGTOs = 42
basis = ccpvdz
ecp = {}
CPU time:     10172.74




******** <class 'pyscf.soscf.newton_ah.SecondOrderRHF'> ********
method = SecondOrderRHF
initial guess = minao
damping factor = 0
level_shift factor = 0
DIIS = <class 'pyscf.scf.diis.CDIIS'>
diis_start_cycle = 1
diis_space = 8
diis_damp = 0
SCF conv_tol = 1e-09
SCF conv_tol_grad = None
SCF max_cycles = 200
direct_scf = True
direct_scf_tol = 1e-13
chkfile to save SCF result = /scratch/alpine/yizh8382/pyscf/tmppts4uh7m
max_memory 40000 MB (current use 1657 MB)
******** <class 'pyscf.scf.hf.RHF'> Newton solver flags ********
SCF tol = 1e-09
conv_tol_grad = None
max. SCF cycles = 200
direct_scf = True
direct_scf_tol = 1e-13
chkfile to save SCF result = /scratch/alpine/yizh8382/pyscf/tmppts4uh7m
max_cycle_inner = 12
max_stepsize = 0.05
ah_start_tol = 1e+09
ah_level_shift = 0
ah_conv_tol = 1e-12
ah_lindep = 1e-14
ah_start_cycle = 1
ah_max_cycle = 40
ah_grad_trust_region = 2.5
kf_interval = 4
kf_trust_region = 5
canonicalization = True
max_memory 40000 MB (current use 1657 MB)
Set conv_tol_grad to 3.16228e-05
Initial guess from minao.
  HOMO = -0.32467307930114  LUMO = -0.0700280192789657
Initial guess E= -273.360558827299  |g|= 0.722126
macro= 0  E= -273.463189673606  delta_E= -0.102631  |g|= 0.0890803  3 KF 9 JK
macro= 1  E= -273.463516175296  delta_E= -0.000326502  |g|= 5.90987e-05  3 KF 11 JK
macro= 2  E= -273.463516175296  delta_E= 1.13687e-13  |g|= 5.22657e-06  1 KF 2 JK
Canonicalize SCF orbitals
macro X = 3  E=-273.463516175296  |g|= 5.22657e-06  total 8 KF 26 JK
converged SCF energy = -273.463516175296
rhf_internal: lowest eigs of H = [0.87936009 0.92733899 1.19496551]
<class 'pyscf.soscf.newton_ah.SecondOrderRHF'> wavefunction is stable in the internal stability analysis

******** <class 'pyscf.cc.ccsd.CCSD'> ********
CC2 = 0
CCSD nocc = 10, nmo = 39
frozen orbitals 3
max_cycle = 50
direct = 0
conv_tol = 1e-07
conv_tol_normt = 1e-05
diis_space = 6
diis_start_cycle = 0
diis_start_energy_diff = 1e+09
max_memory 40000 MB (current use 1657 MB)
Init t2, MP2 energy = -274.045035996848  E_corr(MP2) -0.581519821552196
Init E_corr(CCSD) = -0.581519821556206
cycle = 1  E_corr(CCSD) = -0.570487849290888  dE = 0.0110319723  norm(t1,t2) = 0.0592154
cycle = 2  E_corr(CCSD) = -0.589204845842417  dE = -0.0187169966  norm(t1,t2) = 0.0253657
cycle = 3  E_corr(CCSD) = -0.589048913124759  dE = 0.000155932718  norm(t1,t2) = 0.0132681
cycle = 4  E_corr(CCSD) = -0.591989674144833  dE = -0.00294076102  norm(t1,t2) = 0.00608836
cycle = 5  E_corr(CCSD) = -0.592417007989448  dE = -0.000427333845  norm(t1,t2) = 0.0022864
cycle = 6  E_corr(CCSD) = -0.592203869527346  dE = 0.000213138462  norm(t1,t2) = 0.00103238
cycle = 7  E_corr(CCSD) = -0.592133576768958  dE = 7.02927584e-05  norm(t1,t2) = 0.000356267
cycle = 8  E_corr(CCSD) = -0.592169016619119  dE = -3.54398502e-05  norm(t1,t2) = 0.000119579
cycle = 9  E_corr(CCSD) = -0.592159720608834  dE = 9.29601029e-06  norm(t1,t2) = 5.66737e-05
cycle = 10  E_corr(CCSD) = -0.592162412076581  dE = -2.69146775e-06  norm(t1,t2) = 1.80541e-05
cycle = 11  E_corr(CCSD) = -0.59216179000211  dE = 6.22074471e-07  norm(t1,t2) = 6.5483e-06
cycle = 12  E_corr(CCSD) = -0.592161538028081  dE = 2.51974029e-07  norm(t1,t2) = 2.24462e-06
cycle = 13  E_corr(CCSD) = -0.592161414282187  dE = 1.23745894e-07  norm(t1,t2) = 1.35847e-06
cycle = 14  E_corr(CCSD) = -0.592161345889372  dE = 6.83928153e-08  norm(t1,t2) = 4.6246e-07
CCSD converged
E(CCSD) = -274.0556775211857  E_corr = -0.5921613458893715
CCSD(T) correction = -0.0159460645879412
