
    ________                     _____                    
    ___  __ \___  __________________(_)_____________ _    
    __  /_/ /  / / /_  __ \_  __ \_  /__  __ \_  __ `/    
    _  _, _// /_/ /_  / / /  / / /  / _  / / /  /_/ /     
    /_/ |_| \__,_/ /_/ /_//_/ /_//_/  /_/ /_/_\__, /      
                                             /____/       
    _____________________________  ___________            
    ___    |__  ____/_  __ \__   |/  /_  ____/            
    __  /| |_  /_   _  / / /_  /|_/ /_  /                 
    _  ___ |  __/   / /_/ /_  /  / / / /___               
    /_/  |_/_/      \___\_\/_/  /_/  \____/               

Hostname:     gpua057.delta.ncsa.illinois.edu
System:       Linux
Node:         gpua057.delta.ncsa.illinois.edu
Release:      5.14.0-427.91.1.el9_4.x86_64
Machine:      x86_64
Processor:    x86_64
JAX backend:  GPU
JAX devices:  [CudaDevice(id=0)]
Device kind:  NVIDIA A100-SXM4-40GB
Platform:     gpu

Load system from Integral File
Maximum memory per walker:            66.67 MB
Maximum number of Cholesky per chunk: 162
Number of Cholesky chunks:            5
Number of Cholesky per chunk:         146
Number of padding Cholesky:           1

QMC System
Number of electrons: (11, 11)
Spin Multiplicity:   0
Number of orbitals:  116
Number of Chol:      729

QMC Parameters
eql_time            :                   50
n_blocks            :                 1000
n_walkers           :                  300
max_error           :                  0.0
seed                :                   17
walker_type         :                  uhf
trial               :             upt2ccsd
mix_precision       :                 True
max_memory          :                20000
dt                  :                0.005
n_exp_terms         :                    6
n_prop_steps        :                   50
save_walkers        :                False
free_projection     :                False
n_batch             :                    1
nchol_chunk         :                  146

Initalize QMC walkers by stochastic CCSD

Equilibration
inv_T        weight  killW        energy   runTime
 0.00    300.000000      0   -275.356710     12.12
 5.00    299.416844      0   -275.415369     24.47
10.00    300.387626      0   -275.385712     30.83
15.00    299.514753      0   -275.417726     37.19
20.00    298.984833      0   -275.394772     43.55
25.00    298.105774      0   -275.361981     49.91
30.00    299.785449      0   -275.431451     56.26
35.00    300.583648      0   -275.458923     62.62
40.00    299.200831      0   -275.394341     68.97
45.00    299.686524      0   -275.381703     75.32
50.00    299.560881      0   -275.379366     81.68

Sampling
blocks        weight  killW       E_Guide     error       E_Trial     error     olp_T/G     error  Walltime
    20    299.123954      0   -275.392764  0.008049   -275.391090  0.001761    1.004977  0.000174  142.18
    40    299.228653      0   -275.403236  0.008218   -275.393070  0.001277    1.004588  0.000225  197.51
    60    299.080110      0   -275.401150  0.006353   -275.392481  0.001059    1.004418  0.000205  252.93
    80    298.987455      0   -275.399006  0.004875   -275.392153  0.000893    1.004474  0.000183  308.34
   100    298.904744      0   -275.398138  0.004287   -275.392186  0.000871    1.004550  0.000154  363.77
   120    298.838148      0   -275.395457  0.003930   -275.391742  0.000762    1.004634  0.000161  419.20
   140    298.844745      0   -275.397265  0.003667   -275.392325  0.000710    1.004611  0.000141  474.63
   160    298.846156      0   -275.396597  0.003330   -275.392337  0.000655    1.004639  0.000132  530.05
   180    298.814547      0   -275.397523  0.003174   -275.392364  0.000620    1.004682  0.000125  585.48
   200    298.786108      0   -275.397638  0.003085   -275.392566  0.000589    1.004657  0.000111  640.90
   220    298.782959      1   -275.398591  0.002905   -275.392864  0.000623    1.004599  0.000106  696.33
   240    298.748066      1   -275.398017  0.002688   -275.392544  0.000589    1.004711  0.000123  751.76
   260    298.758682      1   -275.399307  0.002787   -275.392675  0.000567    1.004729  0.000123  807.17
   280    298.763561      1   -275.399758  0.002756   -275.392675  0.000537    1.004682  0.000117  862.59
   300    298.732639      1   -275.398836  0.002660   -275.392460  0.000510    1.004688  0.000110  918.02
   320    298.707693      1   -275.398931  0.002500   -275.392424  0.000488    1.004689  0.000104  973.43
   340    298.707371      1   -275.398965  0.002442   -275.392527  0.000473    1.004666  0.000101 1028.85
   360    298.677487      1   -275.398874  0.002257   -275.392490  0.000453    1.004737  0.000105 1084.28
   380    298.665079      1   -275.399131  0.002160   -275.392556  0.000443    1.004752  0.000102 1139.70
   400    298.652163      1   -275.399292  0.002062   -275.392516  0.000425    1.004734  0.000099 1195.13
   420    298.642200      1   -275.399549  0.002050   -275.392535  0.000414    1.004690  0.000101 1250.59
   440    298.621597      1   -275.398944  0.001964   -275.392390  0.000399    1.004686  0.000101 1306.00
   460    298.625466      1   -275.399357  0.001941   -275.392412  0.000390    1.004684  0.000100 1361.41
   480    298.619545      1   -275.398931  0.001883   -275.392293  0.000378    1.004667  0.000099 1416.85
   500    298.619156      1   -275.399067  0.001847   -275.392268  0.000367    1.004654  0.000095 1472.29
   520    298.616857      1   -275.399046  0.001824   -275.392347  0.000366    1.004635  0.000101 1527.70
   540    298.607203      1   -275.398782  0.001773   -275.392318  0.000359    1.004663  0.000102 1583.11
   560    298.602359      1   -275.398368  0.001750   -275.392299  0.000354    1.004649  0.000097 1638.53
   580    298.596325      2   -275.398407  0.001756   -275.392283  0.000350    1.004650  0.000095 1693.96
   600    298.594282      2   -275.398837  0.001776   -275.392384  0.000354    1.004654  0.000093 1749.38
   620    298.581161      2   -275.398759  0.001727   -275.392339  0.000347    1.004631  0.000092 1804.81
   640    298.571486      2   -275.398793  0.001745   -275.392301  0.000341    1.004653  0.000093 1860.24
   660    298.572612      2   -275.398958  0.001701   -275.392340  0.000335    1.004657  0.000091 1915.67
   680    298.572540      2   -275.399416  0.001702   -275.392496  0.000345    1.004641  0.000091 1971.11
   700    298.570884      2   -275.399605  0.001659   -275.392609  0.000349    1.004639  0.000089 2026.52
   720    298.563408      2   -275.399213  0.001643   -275.392516  0.000344    1.004663  0.000088 2081.94
   740    298.556091      2   -275.399467  0.001615   -275.392500  0.000341    1.004659  0.000086 2137.36
   760    298.554334      2   -275.399259  0.001594   -275.392516  0.000336    1.004632  0.000087 2192.78
   780    298.564403      2   -275.399649  0.001576   -275.392601  0.000336    1.004594  0.000090 2248.22
   800    298.568057      2   -275.399799  0.001548   -275.392595  0.000331    1.004566  0.000094 2303.65
   820    298.567430      2   -275.399976  0.001502   -275.392558  0.000325    1.004570  0.000092 2359.06
   840    298.567463      2   -275.400134  0.001474   -275.392516  0.000321    1.004576  0.000090 2414.48
   860    298.569864      2   -275.400309  0.001464   -275.392537  0.000316    1.004576  0.000088 2469.92
   880    298.558301      2   -275.399792  0.001504   -275.392500  0.000312    1.004582  0.000089 2525.35
   900    298.557734      2   -275.399567  0.001514   -275.392460  0.000307    1.004582  0.000089 2580.77
   920    298.554141      2   -275.399742  0.001482   -275.392509  0.000303    1.004585  0.000087 2636.20
   940    298.555430      2   -275.399873  0.001456   -275.392530  0.000300    1.004586  0.000085 2691.62
   960    298.553570      2   -275.400019  0.001430   -275.392521  0.000296    1.004592  0.000083 2747.06
   980    298.552403      2   -275.400114  0.001417   -275.392564  0.000292    1.004588  0.000081 2802.49
  1000    298.549508      2   -275.399756  0.001388   -275.392531  0.000290    1.004594  0.000080 2857.90

Post Propagation Process
Total number of samples 1000
Raw AFQMC/HF (Guide) energy:           -275.399756 ± 0.001388
Raw Trial/Guide overlap ratio:          1.004594 ± 0.000080
Raw AFQMC/pt2CCSD energy (covariance): -275.392531 ± 0.000290
Raw AFQMC/pt2CCSD energy (dir sample): -275.392531 ± 0.000230

Remove Outliers
removing energies outside zeta > 30
Outlier energy bound [-275.585571, -275.197292]
Removed 0 outliers with energies []
Clean AFQMC/pt2CCSD overlap ratio:        1.004594 ± 0.000080
Clean AFQMC/pt2CCSD energy (covariance): -275.392531 ± 0.000290
Clean AFQMC/ptCCSD energy (dir sample):  -275.392531 ± 0.000230

Blocking Analysis
nsample = 1000, max_block_size = 25, min_nblocks = 40
   B    NB    NS  Observable     Error    dError
   1  1000  1000    1.004594  0.000031  0.000001
   2   500  1000    1.004594  0.000040  0.000001
   3   333   999    1.004594  0.000046  0.000002
   4   250  1000    1.004594  0.000052  0.000002
   5   200  1000    1.004594  0.000055  0.000003
   6   166   996    1.004594  0.000059  0.000003
   7   142   994    1.004594  0.000061  0.000004
   8   125  1000    1.004594  0.000064  0.000004
   9   111   999    1.004594  0.000065  0.000004
  10   100  1000    1.004594  0.000068  0.000005
  11    90   990    1.004592  0.000069  0.000005
  12    83   996    1.004594  0.000069  0.000005
  13    76   988    1.004592  0.000073  0.000006
  14    71   994    1.004594  0.000073  0.000006
  15    66   990    1.004592  0.000072  0.000006
  16    62   992    1.004593  0.000078  0.000007
  17    58   986    1.004590  0.000075  0.000007
  18    55   990    1.004592  0.000073  0.000007
  19    52   988    1.004592  0.000079  0.000008
  20    50  1000    1.004594  0.000076  0.000008
  21    47   987    1.004591  0.000075  0.000008
  22    45   990    1.004592  0.000080  0.000009
  23    43   989    1.004591  0.000079  0.000009
  24    41   984    1.004590  0.000079  0.000009
  25    40  1000    1.004594  0.000080  0.000009
Fit (variance): plateau_var = 6.414e-09 ± 5.597e-10
Fit (error):    plateau = 0.000080 ± 0.000003
     autocorrelation length ~ 8.1 blocks
     plateau reached at block size ~ 38
     !!!Failed to reach plateau in blocking
     Return max block error
nclean = 1000, max_block_size = 25, min_nblocks = 40
Blk_SZ   NBlk   NSmp      Energy     Error    dError
     1   1000   1000  -275.392314  0.000230  0.000005
     2    500   1000  -275.392375  0.000252  0.000008
     3    333    999  -275.392408  0.000256  0.000010
     4    250   1000  -275.392419  0.000283  0.000013
     5    200   1000  -275.392432  0.000279  0.000014
     6    166    996  -275.392460  0.000284  0.000016
     7    142    994  -275.392454  0.000285  0.000017
     8    125   1000  -275.392451  0.000294  0.000019
     9    111    999  -275.392466  0.000275  0.000019
    10    100   1000  -275.392466  0.000304  0.000022
    11     90    990  -275.392478  0.000296  0.000022
    12     83    996  -275.392496  0.000271  0.000021
    13     76    988  -275.392517  0.000275  0.000022
    14     71    994  -275.392493  0.000305  0.000026
    15     66    990  -275.392484  0.000304  0.000027
    16     62    992  -275.392481  0.000303  0.000027
    17     58    986  -275.392534  0.000284  0.000027
    18     55    990  -275.392498  0.000284  0.000027
    19     52    988  -275.392520  0.000289  0.000029
    20     50   1000  -275.392501  0.000288  0.000029
    21     47    987  -275.392532  0.000290  0.000030
    22     45    990  -275.392499  0.000319  0.000034
    23     43    989  -275.392514  0.000262  0.000029
    24     41    984  -275.392534  0.000284  0.000032
    25     40   1000  -275.392504  0.000294  0.000033
Fit (variance): plateau_var = 8.360661e-08 ± 3.633196e-09
Fit (error):    plateau = 0.000289 ± 0.000006
     autocorrelation length ~ 2.5 blocks
     plateau reached at block size ~ 10
Final AFQMC/pt2CCSD overlap ratio: 1.004594 ± 0.000080
Final AFQMC/pt2CCSD energy: -275.392531 ± 0.000289
Total run time: 2866.52

AFQMC Sampling Finished

