
    ________                     _____                    
    ___  __ \___  __________________(_)_____________ _    
    __  /_/ /  / / /_  __ \_  __ \_  /__  __ \_  __ `/    
    _  _, _// /_/ /_  / / /  / / /  / _  / / /  /_/ /     
    /_/ |_| \__,_/ /_/ /_//_/ /_//_/  /_/ /_/_\__, /      
                                             /____/       
    _____________________________  ___________            
    ___    |__  ____/_  __ \__   |/  /_  ____/            
    __  /| |_  /_   _  / / /_  /|_/ /_  /                 
    _  ___ |  __/   / /_/ /_  /  / / / /___               
    /_/  |_/_/      \___\_\/_/  /_/  \____/               

Hostname:     gpua057.delta.ncsa.illinois.edu
System:       Linux
Node:         gpua057.delta.ncsa.illinois.edu
Release:      5.14.0-427.91.1.el9_4.x86_64
Machine:      x86_64
Processor:    x86_64
JAX backend:  GPU
JAX devices:  [CudaDevice(id=0)]
Device kind:  NVIDIA A100-SXM4-40GB
Platform:     gpu

Load system from Integral File
Maximum memory per walker:            66.67 MB
Maximum number of Cholesky per chunk: 162
Number of Cholesky chunks:            5
Number of Cholesky per chunk:         152
Number of padding Cholesky:           1

QMC System
Number of electrons: (13, 13)
Spin Multiplicity:   0
Number of orbitals:  116
Number of Chol:      759

QMC Parameters
eql_time            :                   50
n_blocks            :                 1000
n_walkers           :                  300
max_error           :                  0.0
seed                :                   17
walker_type         :                  uhf
trial               :             upt2ccsd
mix_precision       :                 True
max_memory          :                20000
dt                  :                0.005
n_exp_terms         :                    6
n_prop_steps        :                   50
save_walkers        :                False
free_projection     :                False
n_batch             :                    1
nchol_chunk         :                  152

Initalize QMC walkers by stochastic CCSD

Equilibration
inv_T        weight  killW        energy   runTime
 0.00    300.000000      0   -349.347462     12.49
 5.00    298.126473      0   -349.398908     25.28
10.00    299.724287      0   -349.391462     32.12
15.00    296.700616      0   -349.394665     38.97
20.00    298.444648      1   -349.402427     45.82
25.00    297.956159      0   -349.415137     52.66
30.00    298.802317      0   -349.397052     59.51
35.00    299.882196      1   -349.431455     66.35
40.00    298.837962      0   -349.407971     73.19
45.00    299.761452      0   -349.435996     80.03
50.00    299.118594      0   -349.391398     86.87

Sampling
blocks        weight  killW       E_Guide     error       E_Trial     error     olp_T/G     error  Walltime
    20    298.500477      6   -349.417725  0.012404   -349.411172  0.004675    1.273724  0.007631  157.46
    40    298.472684     12   -349.416734  0.008011   -349.408801  0.002543    1.278018  0.004580  223.09
    60    298.393740     17   -349.414387  0.006061   -349.409188  0.001948    1.277106  0.003434  288.80
    80    298.256952     19   -349.415888  0.005366   -349.410223  0.001631    1.278631  0.002621  354.47
   100    298.286010     22   -349.418660  0.004717   -349.411936  0.001554    1.279318  0.001987  420.16
   120    298.254775     24   -349.417822  0.004318   -349.411228  0.001375    1.279621  0.001642  485.87
   140    298.177844     28   -349.417058  0.003935   -349.411407  0.001254    1.280697  0.001710  551.56
   160    298.156024     33   -349.417551  0.003463   -349.412016  0.001269    1.280568  0.001534  617.24
   180    298.147144     36   -349.416950  0.003136   -349.411939  0.001184    1.280456  0.001423  682.92
   200    298.110034     38   -349.416759  0.002798   -349.411268  0.001095    1.280204  0.001298  748.62
   220    298.097200     38   -349.415766  0.002674   -349.410706  0.001036    1.280737  0.001233  814.29
   240    298.071468     43   -349.416323  0.002496   -349.410831  0.000987    1.281708  0.001341  879.95
   260    298.034126     46   -349.415623  0.002362   -349.410800  0.000967    1.282331  0.001422  945.63
   280    297.997633     49   -349.415633  0.002244   -349.411219  0.000945    1.283147  0.001434 1011.30
   300    297.951111     52   -349.415674  0.002112   -349.411353  0.000917    1.283673  0.001382 1076.97
   320    297.909678     55   -349.415926  0.002081   -349.411115  0.000891    1.284217  0.001347 1142.67
   340    297.910014     59   -349.415896  0.002000   -349.411024  0.000861    1.284230  0.001279 1208.39
   360    297.905700     63   -349.415741  0.001903   -349.410990  0.000828    1.284248  0.001199 1274.07
   380    297.886260     69   -349.416313  0.002239   -349.411114  0.000805    1.284310  0.001220 1339.76
   400    297.890723     69   -349.416217  0.002229   -349.411043  0.000775    1.284091  0.001172 1405.44
   420    297.900182     71   -349.415817  0.002148   -349.410965  0.000750    1.283860  0.001131 1471.11
   440    297.896078     74   -349.416273  0.002074   -349.411113  0.000744    1.283879  0.001088 1536.78
   460    297.880359     81   -349.416473  0.002029   -349.411122  0.000721    1.283712  0.001084 1602.43
   480    297.872279     87   -349.415768  0.002008   -349.411010  0.000702    1.283783  0.001054 1668.10
   500    297.860194     90   -349.414886  0.002024   -349.410872  0.000680    1.283581  0.001024 1733.78
   520    297.858115     91   -349.414682  0.001952   -349.410842  0.000661    1.283782  0.000994 1799.44
   540    297.855978     92   -349.414740  0.001880   -349.410630  0.000645    1.284012  0.000965 1865.14
   560    297.842166     92   -349.414563  0.001822   -349.410524  0.000629    1.283804  0.000998 1930.81
   580    297.835667     93   -349.414353  0.001766   -349.410595  0.000621    1.283525  0.000989 1996.48
   600    297.833682     98   -349.414306  0.001730   -349.410465  0.000613    1.283441  0.000985 2062.16
   620    297.830757    104   -349.414368  0.001680   -349.410622  0.000604    1.283151  0.000979 2127.86
   640    297.831316    107   -349.414543  0.001639   -349.410799  0.000596    1.283130  0.000970 2193.51
   660    297.838150    112   -349.414523  0.001607   -349.410849  0.000587    1.283084  0.000946 2259.18
   680    297.841974    116   -349.415057  0.001706   -349.410892  0.000578    1.282968  0.000941 2324.87
   700    297.825952    121   -349.414688  0.001697   -349.410814  0.000566    1.282966  0.000920 2390.58
   720    297.824480    125   -349.414740  0.001651   -349.410747  0.000557    1.282951  0.000882 2456.26
   740    297.816129    127   -349.414813  0.001657   -349.410744  0.000549    1.283037  0.000866 2521.93
   760    297.805436    132   -349.414758  0.001635   -349.410676  0.000543    1.283216  0.000862 2587.60
   780    297.796194    134   -349.414489  0.001606   -349.410509  0.000533    1.283482  0.000855 2653.26
   800    297.798080    137   -349.414503  0.001570   -349.410566  0.000524    1.283453  0.000876 2718.92
   820    297.790953    140   -349.414498  0.001539   -349.410553  0.000516    1.283366  0.000863 2784.61
   840    297.779497    143   -349.413998  0.001557   -349.410409  0.000509    1.283402  0.000846 2850.29
   860    297.776565    145   -349.413750  0.001550   -349.410343  0.000502    1.283160  0.000836 2915.96
   880    297.777544    148   -349.414155  0.001533   -349.410337  0.000495    1.282989  0.000855 2981.65
   900    297.771158    148   -349.413760  0.001540   -349.410233  0.000487    1.282903  0.000853 3047.34
   920    297.767767    151   -349.413629  0.001535   -349.410242  0.000481    1.282881  0.000840 3113.00
   940    297.769307    153   -349.413628  0.001518   -349.410197  0.000474    1.282818  0.000822 3178.67
   960    297.766676    157   -349.413531  0.001494   -349.410182  0.000467    1.282776  0.000826 3244.36
   980    297.769734    157   -349.413785  0.001477   -349.410162  0.000461    1.282792  0.000826 3310.05
  1000    297.767230    158   -349.413373  0.001477   -349.410121  0.000453    1.282987  0.000807 3375.73

Post Propagation Process
Total number of samples 1000
Raw AFQMC/HF (Guide) energy:           -349.413373 ± 0.001477
Raw Trial/Guide overlap ratio:          1.282987 ± 0.000807
Raw AFQMC/pt2CCSD energy (covariance): -349.410121 ± 0.000453
Raw AFQMC/pt2CCSD energy (dir sample): -349.410121 ± 0.000371

Remove Outliers
removing energies outside zeta > 30
Outlier energy bound [-349.720409, -349.097060]
Removed 0 outliers with energies []
Clean AFQMC/pt2CCSD overlap ratio:        1.282987 ± 0.000807
Clean AFQMC/pt2CCSD energy (covariance): -349.410121 ± 0.000453
Clean AFQMC/ptCCSD energy (dir sample):  -349.410121 ± 0.000371

Blocking Analysis
nsample = 1000, max_block_size = 25, min_nblocks = 40
   B    NB    NS  Observable     Error    dError
   1  1000  1000    1.282991  0.000351  0.000008
   2   500  1000    1.282991  0.000450  0.000014
   3   333   999    1.282987  0.000506  0.000020
   4   250  1000    1.282989  0.000544  0.000024
   5   200  1000    1.282989  0.000578  0.000029
   6   166   996    1.282978  0.000615  0.000034
   7   142   994    1.282956  0.000647  0.000039
   8   125  1000    1.282988  0.000648  0.000041
   9   111   999    1.282986  0.000674  0.000045
  10   100  1000    1.282989  0.000702  0.000050
  11    90   990    1.282910  0.000695  0.000052
  12    83   996    1.282978  0.000702  0.000055
  13    76   988    1.282866  0.000697  0.000057
  14    71   994    1.282955  0.000752  0.000064
  15    66   990    1.282910  0.000749  0.000066
  16    62   992    1.282941  0.000763  0.000069
  17    58   986    1.282842  0.000707  0.000066
  18    55   990    1.282910  0.000744  0.000072
  19    52   988    1.282867  0.000724  0.000072
  20    50  1000    1.282989  0.000759  0.000077
  21    47   987    1.282848  0.000769  0.000080
  22    45   990    1.282910  0.000749  0.000080
  23    43   989    1.282884  0.000769  0.000084
  24    41   984    1.282827  0.000807  0.000090
  25    40  1000    1.282988  0.000800  0.000091
Fit (variance): plateau_var = 5.843e-07 ± 4.111e-08
Fit (error):    plateau = 0.000764 ± 0.000027
     autocorrelation length ~ 6.1 blocks
     plateau reached at block size ~ 28
     !!!Failed to reach plateau in blocking
     Return max block error
nclean = 1000, max_block_size = 25, min_nblocks = 40
Blk_SZ   NBlk   NSmp      Energy     Error    dError
     1   1000   1000  -349.409845  0.000371  0.000008
     2    500   1000  -349.409917  0.000415  0.000013
     3    333    999  -349.409982  0.000426  0.000017
     4    250   1000  -349.409983  0.000438  0.000020
     5    200   1000  -349.410015  0.000445  0.000022
     6    166    996  -349.410032  0.000478  0.000026
     7    142    994  -349.410050  0.000479  0.000029
     8    125   1000  -349.410050  0.000470  0.000030
     9    111    999  -349.410058  0.000479  0.000032
    10    100   1000  -349.410047  0.000481  0.000034
    11     90    990  -349.410083  0.000506  0.000038
    12     83    996  -349.410057  0.000497  0.000039
    13     76    988  -349.410111  0.000473  0.000039
    14     71    994  -349.410087  0.000503  0.000043
    15     66    990  -349.410113  0.000522  0.000046
    16     62    992  -349.410100  0.000496  0.000045
    17     58    986  -349.410119  0.000522  0.000049
    18     55    990  -349.410114  0.000517  0.000050
    19     52    988  -349.410125  0.000501  0.000050
    20     50   1000  -349.410084  0.000474  0.000048
    21     47    987  -349.410115  0.000495  0.000052
    22     45    990  -349.410098  0.000514  0.000055
    23     43    989  -349.410123  0.000487  0.000053
    24     41    984  -349.410135  0.000503  0.000056
    25     40   1000  -349.410092  0.000567  0.000064
Fit (variance): plateau_var = 2.527635e-07 ± 1.453929e-08
Fit (error):    plateau = 0.000503 ± 0.000014
     autocorrelation length ~ 4.2 blocks
     plateau reached at block size ~ 18
Final AFQMC/pt2CCSD overlap ratio: 1.282987 ± 0.000807
Final AFQMC/pt2CCSD energy: -349.410121 ± 0.000503
Total run time: 3384.18

AFQMC Sampling Finished

