------------------------------------------- AFQMC Sampling Started -------------------------------------------
Hostname: gpua016.delta.ncsa.illinois.edu
System Type: Linux
Machine Type: x86_64
Processor: x86_64
Using GPU.
System: Linux
Node Name: gpua016.delta.ncsa.illinois.edu
Release: 5.14.0-427.91.1.el9_4.x86_64
Version: #1 SMP PREEMPT_DYNAMIC Wed Sep 17 10:08:59 EDT 2025
Machine: x86_64
Processor: x86_64
Decomposing Unrestricted T2 amplitudes
Throw 0 vectors in T2 deomposition
SVD cutoff = 1.00e-08 | error = 1.94e-15
number of T2 decomposition vectors 612
norb: 43
nelec: (9, 9)
n_eql: 120
n_blocks: 1000
n_walkers: 300
dt: 0.005
max_error: 0.0
seed: 17
walker_type: uhf
trial: uccsd_pt2
free_projection: False
use_gpu: True
n_exp_terms: 6
n_prop_steps: 50
save_walkers: False
n_batch: 1
nchol_chunk: 100
mix_precision: True
initial AFQMC/pt2CCSD Energy is -189.265680
Propagating with 300 walkers
----------------------------------------------- Equilibration ------------------------------------------------
inv_T        weight  killW        energy   runTime
 0.00    300.000000      0   -188.766861     12.67
 3.00    306.638693      0   -189.261134     19.77
 6.00    307.324872      0   -189.285794     20.71
 9.00    306.392769      0   -189.263312     21.64
12.00    306.964874      0   -189.311365     22.58
15.00    307.263853      0   -189.285298     23.51
18.00    306.792550      0   -189.273964     24.44
21.00    306.663899      0   -189.305045     25.38
24.00    306.530008      0   -189.269198     26.31
27.00    306.586262      0   -189.255289     27.25
30.00    307.184328      0   -189.286876     28.18
---------------------------------------------- Sampling Blocks -----------------------------------------------
blocks        weight  killW       E_Guide     error       E_Trial     error     olp_T/G     error  Walltime
    20    307.422144      0   -189.292562  0.011515   -189.281445  0.001178    1.007465  0.000895   38.00
    40    306.488856      0   -189.288735  0.008470   -189.281443  0.000814    1.007666  0.000503   41.14
    60    305.677320      0   -189.285018  0.007003   -189.280758  0.000619    1.007280  0.000497   44.31
    80    305.038960      0   -189.284276  0.004832   -189.280769  0.000519    1.007120  0.000373   47.44
   100    304.555377      0   -189.286347  0.004307   -189.281160  0.000553    1.007196  0.000319   50.58
   120    304.087578      0   -189.283919  0.003778   -189.280831  0.000506    1.007089  0.000288   53.71
   140    303.692198      0   -189.284415  0.003821   -189.280750  0.000594    1.007043  0.000262   56.84
   160    303.347076      0   -189.284129  0.003296   -189.280626  0.000538    1.007100  0.000247   59.97
   180    303.022300      0   -189.282967  0.003046   -189.280595  0.000499    1.007083  0.000216   63.10
   200    302.750958      0   -189.282451  0.003079   -189.280545  0.000465    1.007183  0.000213   66.23
   220    302.509980      0   -189.282867  0.002860   -189.280710  0.000438    1.007002  0.000236   69.36
   240    302.285806      0   -189.282019  0.002756   -189.280782  0.000414    1.007034  0.000224   72.50
   260    302.106109      0   -189.282715  0.002625   -189.280881  0.000420    1.007107  0.000224   75.63
   280    301.923211      0   -189.282552  0.002404   -189.280760  0.000398    1.007123  0.000204   78.77
   300    301.776311      0   -189.282305  0.002274   -189.280732  0.000378    1.007178  0.000193   81.90
   320    301.638141      0   -189.281975  0.002143   -189.280704  0.000375    1.007285  0.000197   85.04
   340    301.514084      0   -189.281832  0.002142   -189.280520  0.000363    1.007288  0.000189   88.18
   360    301.401479      0   -189.282031  0.002063   -189.280570  0.000349    1.007234  0.000188   91.32
   380    301.299853      0   -189.282207  0.001981   -189.280751  0.000381    1.007179  0.000189   94.46
   400    301.207352      0   -189.282091  0.001875   -189.280684  0.000368    1.007218  0.000184   97.59
   420    301.127480      0   -189.282419  0.001811   -189.280679  0.000355    1.007203  0.000177  100.74
   440    301.044737      0   -189.281963  0.001745   -189.280621  0.000351    1.007276  0.000193  103.91
   460    300.974919      0   -189.281737  0.001684   -189.280559  0.000342    1.007313  0.000190  107.05
   480    300.926604      0   -189.283103  0.001927   -189.280700  0.000339    1.007270  0.000191  110.18
   500    300.860713      0   -189.282846  0.001887   -189.280731  0.000329    1.007291  0.000188  113.31
   520    300.801079      0   -189.282954  0.001823   -189.280742  0.000323    1.007233  0.000186  116.44
   540    300.753889      0   -189.283308  0.001863   -189.280825  0.000317    1.007218  0.000182  119.57
   560    300.701841      0   -189.282960  0.001860   -189.280750  0.000308    1.007248  0.000176  122.71
   580    300.665435      0   -189.283464  0.001830   -189.280888  0.000305    1.007238  0.000171  125.84
   600    300.620520      0   -189.283539  0.001910   -189.280889  0.000299    1.007250  0.000163  128.97
   620    300.592038      1   -189.284483  0.001977   -189.280993  0.000300    1.007231  0.000164  132.11
   640    300.555022      1   -189.284563  0.001972   -189.280997  0.000294    1.007246  0.000160  135.24
   660    300.519603      3   -189.284768  0.001917   -189.281031  0.000289    1.007211  0.000160  138.37
   680    300.489387      3   -189.285243  0.001877   -189.281118  0.000299    1.007219  0.000163  141.51
   700    300.456043      3   -189.285100  0.001854   -189.281115  0.000293    1.007224  0.000159  144.66
   720    300.431548      3   -189.285307  0.001782   -189.281097  0.000288    1.007232  0.000156  147.80
   740    300.398680      4   -189.285074  0.001752   -189.281043  0.000282    1.007231  0.000152  150.93
   760    300.375806      4   -189.285286  0.001715   -189.281094  0.000278    1.007202  0.000151  154.07
   780    300.352646      4   -189.285712  0.001743   -189.281079  0.000286    1.007253  0.000148  157.20
   800    300.325169      4   -189.285815  0.001688   -189.281093  0.000280    1.007264  0.000154  160.33
   820    300.301865      5   -189.285889  0.001655   -189.281193  0.000281    1.007251  0.000151  163.49
   840    300.279831      5   -189.286035  0.001628   -189.281232  0.000276    1.007261  0.000148  166.66
   860    300.253737      5   -189.285774  0.001598   -189.281213  0.000271    1.007283  0.000146  169.80
   880    300.229280      5   -189.285441  0.001669   -189.281172  0.000266    1.007298  0.000145  172.93
   900    300.207269      5   -189.285598  0.001669   -189.281178  0.000262    1.007293  0.000144  176.07
   920    300.185022      5   -189.285483  0.001631   -189.281215  0.000259    1.007264  0.000141  179.20
   940    300.162262      6   -189.285274  0.001604   -189.281237  0.000260    1.007253  0.000142  182.34
   960    300.142580      7   -189.285324  0.001572   -189.281214  0.000256    1.007266  0.000139  185.47
   980    300.126821      7   -189.285380  0.001538   -189.281233  0.000253    1.007289  0.000136  188.60
  1000    300.120104      7   -189.286000  0.001557   -189.281339  0.000253    1.007319  0.000139  191.73
---------------------------------------------- Post Propagation ----------------------------------------------
Total number of samples 1000
Raw AFQMC/HF (Guide) energy:           -189.286000 ± 0.001557
Raw Trial/Guide overlap ratio:          1.007319 ± 0.000139
Raw AFQMC/pt2CCSD energy (covariance): -189.281339 ± 0.000253
Raw AFQMC/pt2CCSD energy (dir sample): -189.281339 ± 0.000194
--------------------------------------------- Clean Obeservation ---------------------------------------------
removing energies outside zeta > 30
Outlier energy bound [-189.423344, -189.136573]
Removed 0 outliers with energies []
Clean AFQMC/pt2CCSD overlap ratio:        1.007319 ± 0.000139
Clean AFQMC/pt2CCSD energy (covariance): -189.281339 ± 0.000253
Clean AFQMC/ptCCSD energy (dir sample):  -189.281339 ± 0.000194
--------------------------------------------- Blocking Analysis ----------------------------------------------
nsample = 1000, max_block_size = 25, min_nblocks = 40
   B    NB    NS  Observable     Error    dError
   1  1000  1000    1.007320  0.000047  0.000001
   2   500  1000    1.007320  0.000063  0.000002
   3   333   999    1.007318  0.000074  0.000003
   4   250  1000    1.007320  0.000083  0.000004
   5   200  1000    1.007320  0.000089  0.000004
   6   166   996    1.007308  0.000096  0.000005
   7   142   994    1.007303  0.000100  0.000006
   8   125  1000    1.007319  0.000101  0.000006
   9   111   999    1.007318  0.000107  0.000007
  10   100  1000    1.007319  0.000110  0.000008
  11    90   990    1.007299  0.000117  0.000009
  12    83   996    1.007308  0.000121  0.000009
  13    76   988    1.007298  0.000122  0.000010
  14    71   994    1.007303  0.000117  0.000010
  15    66   990    1.007299  0.000123  0.000011
  16    62   992    1.007300  0.000118  0.000011
  17    58   986    1.007298  0.000136  0.000013
  18    55   990    1.007299  0.000125  0.000012
  19    52   988    1.007298  0.000122  0.000012
  20    50  1000    1.007319  0.000122  0.000012
  21    47   987    1.007297  0.000127  0.000013
  22    45   990    1.007299  0.000139  0.000015
  23    43   989    1.007298  0.000133  0.000014
  24    41   984    1.007294  0.000107  0.000012
  25    40  1000    1.007319  0.000133  0.000015
Fit (variance): plateau_var = 1.699e-08 ± 1.437e-09
Fit (error):    plateau = 0.000130 ± 0.000006
     autocorrelation length ~ 8.1 blocks
     plateau reached at block size ~ 37
     !!!Failed to reach plateau in blocking
     Return max block error
nclean = 1000, max_block_size = 25, min_nblocks = 40
Blk_SZ   NBlk   NSmp      Energy     Error    dError
     1   1000   1000  -189.281121  0.000194  0.000004
     2    500   1000  -189.281171  0.000209  0.000007
     3    333    999  -189.281193  0.000212  0.000008
     4    250   1000  -189.281213  0.000218  0.000010
     5    200   1000  -189.281230  0.000225  0.000011
     6    166    996  -189.281233  0.000230  0.000013
     7    142    994  -189.281231  0.000230  0.000014
     8    125   1000  -189.281250  0.000225  0.000014
     9    111    999  -189.281268  0.000230  0.000016
    10    100   1000  -189.281269  0.000243  0.000017
    11     90    990  -189.281228  0.000233  0.000017
    12     83    996  -189.281276  0.000222  0.000017
    13     76    988  -189.281239  0.000237  0.000019
    14     71    994  -189.281264  0.000261  0.000022
    15     66    990  -189.281237  0.000249  0.000022
    16     62    992  -189.281260  0.000257  0.000023
    17     58    986  -189.281234  0.000248  0.000023
    18     55    990  -189.281255  0.000256  0.000025
    19     52    988  -189.281252  0.000238  0.000024
    20     50   1000  -189.281294  0.000255  0.000026
    21     47    987  -189.281252  0.000247  0.000026
    22     45    990  -189.281251  0.000232  0.000025
    23     43    989  -189.281252  0.000227  0.000025
    24     41    984  -189.281239  0.000229  0.000026
    25     40   1000  -189.281307  0.000241  0.000027
Fit (variance): plateau_var = 5.822442e-08 ± 3.451177e-09
Fit (error):    plateau = 0.000241 ± 0.000007
     autocorrelation length ~ 4.3 blocks
     plateau reached at block size ~ 17
Final AFQMC/pt2CCSD overlap ratio: 1.007319 ± 0.000139
Final AFQMC/pt2CCSD energy: -189.281339 ± 0.000241
Total run time: 201.17
------------------------------------------ AFQMC Sampling Finished -------------------------------------------
