------------------------------------------- AFQMC Sampling Started -------------------------------------------
Hostname: gpua016.delta.ncsa.illinois.edu
System Type: Linux
Machine Type: x86_64
Processor: x86_64
Using GPU.
System: Linux
Node Name: gpua016.delta.ncsa.illinois.edu
Release: 5.14.0-427.91.1.el9_4.x86_64
Version: #1 SMP PREEMPT_DYNAMIC Wed Sep 17 10:08:59 EDT 2025
Machine: x86_64
Processor: x86_64
Decomposing Unrestricted T2 amplitudes
Throw 0 vectors in T2 deomposition
SVD cutoff = 1.00e-08 | error = 1.45e-15
number of T2 decomposition vectors 288
norb: 30
nelec: (6, 6)
n_eql: 120
n_blocks: 1000
n_walkers: 300
dt: 0.005
max_error: 0.0
seed: 17
walker_type: uhf
trial: uccsd_pt2
free_projection: False
use_gpu: True
n_exp_terms: 6
n_prop_steps: 50
save_walkers: False
n_batch: 1
nchol_chunk: 100
mix_precision: True
initial AFQMC/pt2CCSD Energy is -114.187621
Propagating with 300 walkers
----------------------------------------------- Equilibration ------------------------------------------------
inv_T        weight  killW        energy   runTime
 0.00    300.000000      0   -113.869223     11.15
 3.00    304.420554      0   -114.181283     17.47
 6.00    303.959954      0   -114.162684     18.09
 9.00    304.875563      0   -114.209792     18.71
12.00    304.501896      0   -114.215139     19.33
15.00    303.953835      0   -114.207317     19.95
18.00    304.398533      0   -114.196735     20.57
21.00    304.256650      0   -114.192980     21.19
24.00    304.670060      0   -114.199587     21.81
27.00    304.542395      0   -114.194131     22.43
30.00    304.747977      0   -114.214667     23.05
---------------------------------------------- Sampling Blocks -----------------------------------------------
blocks        weight  killW       E_Guide     error       E_Trial     error     olp_T/G     error  Walltime
    20    304.485687      1   -114.205865  0.005004   -114.197955  0.001396    1.004925  0.000291   30.38
    40    303.805127      1   -114.197059  0.006437   -114.196954  0.000820    1.004868  0.000264   31.96
    60    303.454812      1   -114.200649  0.004511   -114.198665  0.001475    1.004576  0.000240   33.50
    80    303.069080      1   -114.201384  0.003674   -114.197971  0.001124    1.004447  0.000232   35.03
   100    302.731545      1   -114.199854  0.003637   -114.198156  0.001032    1.004414  0.000186   36.56
   120    302.405453      1   -114.199001  0.003078   -114.197922  0.000870    1.004221  0.000202   38.09
   140    302.195729      1   -114.200739  0.002794   -114.198034  0.000760    1.004069  0.000203   39.61
   160    301.988662      1   -114.201717  0.002697   -114.198033  0.000673    1.004075  0.000185   41.13
   180    301.770763      1   -114.200209  0.002530   -114.197906  0.000606    1.004212  0.000190   42.65
   200    301.593205      1   -114.199838  0.002311   -114.197779  0.000551    1.004233  0.000172   44.18
   220    301.448687      1   -114.199659  0.002136   -114.197663  0.000510    1.004254  0.000159   45.70
   240    301.319765      1   -114.200034  0.001991   -114.197629  0.000472    1.004292  0.000148   47.21
   260    301.191889      1   -114.199774  0.001873   -114.197586  0.000443    1.004282  0.000138   48.74
   280    301.080521      1   -114.199727  0.001736   -114.197595  0.000417    1.004254  0.000132   50.26
   300    300.975132      1   -114.199407  0.001672   -114.197433  0.000394    1.004210  0.000130   51.78
   320    300.895055      1   -114.199827  0.001675   -114.197346  0.000373    1.004134  0.000134   53.30
   340    300.825434      1   -114.200111  0.001634   -114.197388  0.000358    1.004165  0.000129   54.82
   360    300.754804      1   -114.199960  0.001534   -114.197381  0.000342    1.004201  0.000126   56.34
   380    300.690881      1   -114.199899  0.001512   -114.197329  0.000327    1.004246  0.000123   57.88
   400    300.630268      2   -114.199849  0.001449   -114.197325  0.000313    1.004226  0.000118   59.40
   420    300.576504      2   -114.199532  0.001390   -114.197286  0.000301    1.004230  0.000112   60.92
   440    300.520167      2   -114.199290  0.001367   -114.197410  0.000313    1.004229  0.000108   62.44
   460    300.472108      2   -114.199451  0.001314   -114.197392  0.000303    1.004261  0.000108   63.96
   480    300.419910      2   -114.199412  0.001315   -114.197480  0.000307    1.004264  0.000106   65.49
   500    300.371401      2   -114.199336  0.001291   -114.197427  0.000296    1.004269  0.000103   67.01
   520    300.326971      2   -114.198840  0.001304   -114.197499  0.000315    1.004268  0.000099   68.54
   540    300.295256      2   -114.199165  0.001293   -114.197468  0.000307    1.004270  0.000097   70.07
   560    300.272584      2   -114.199885  0.001518   -114.197494  0.000298    1.004300  0.000094   71.60
   580    300.244332      2   -114.199986  0.001483   -114.197509  0.000291    1.004293  0.000093   73.12
   600    300.211002      2   -114.199670  0.001437   -114.197474  0.000282    1.004300  0.000091   74.65
   620    300.181624      2   -114.199505  0.001437   -114.197518  0.000278    1.004315  0.000090   76.17
   640    300.154950      2   -114.199324  0.001390   -114.197528  0.000271    1.004317  0.000092   77.69
   660    300.126443      2   -114.199013  0.001359   -114.197482  0.000264    1.004316  0.000090   79.21
   680    300.108727      2   -114.199345  0.001396   -114.197524  0.000271    1.004296  0.000090   80.74
   700    300.084318      2   -114.199155  0.001372   -114.197466  0.000264    1.004280  0.000088   82.26
   720    300.063061      2   -114.199030  0.001345   -114.197438  0.000258    1.004285  0.000086   83.78
   740    300.043789      2   -114.199026  0.001314   -114.197432  0.000253    1.004291  0.000084   85.30
   760    300.029485      2   -114.199303  0.001379   -114.197456  0.000248    1.004278  0.000083   86.82
   780    300.014107      2   -114.199327  0.001347   -114.197470  0.000245    1.004291  0.000082   88.34
   800    299.998739      2   -114.199254  0.001321   -114.197460  0.000240    1.004286  0.000084   89.86
   820    299.981498      2   -114.199152  0.001290   -114.197459  0.000236    1.004290  0.000082   91.38
   840    299.972354      2   -114.199520  0.001285   -114.197516  0.000232    1.004276  0.000081   92.97
   860    299.958470      2   -114.199604  0.001272   -114.197515  0.000228    1.004268  0.000080   94.54
   880    299.948841      2   -114.199668  0.001254   -114.197478  0.000224    1.004261  0.000078   96.10
   900    299.936927      2   -114.199526  0.001254   -114.197424  0.000220    1.004260  0.000076   97.62
   920    299.926498      2   -114.199623  0.001230   -114.197405  0.000216    1.004244  0.000076   99.14
   940    299.918746      3   -114.199719  0.001212   -114.197411  0.000213    1.004239  0.000075  100.66
   960    299.910864      3   -114.199823  0.001190   -114.197418  0.000210    1.004235  0.000073  102.19
   980    299.897335      3   -114.199586  0.001163   -114.197405  0.000206    1.004222  0.000073  103.71
  1000    299.889304      3   -114.199731  0.001139   -114.197407  0.000203    1.004200  0.000078  105.23
---------------------------------------------- Post Propagation ----------------------------------------------
Total number of samples 1000
Raw AFQMC/HF (Guide) energy:           -114.199731 ± 0.001139
Raw Trial/Guide overlap ratio:          1.004200 ± 0.000078
Raw AFQMC/pt2CCSD energy (covariance): -114.197407 ± 0.000203
Raw AFQMC/pt2CCSD energy (dir sample): -114.197407 ± 0.000177
--------------------------------------------- Clean Obeservation ---------------------------------------------
removing energies outside zeta > 30
Outlier energy bound [-114.289185, -114.103722]
Removed 0 outliers with energies []
Clean AFQMC/pt2CCSD overlap ratio:        1.004200 ± 0.000078
Clean AFQMC/pt2CCSD energy (covariance): -114.197407 ± 0.000203
Clean AFQMC/ptCCSD energy (dir sample):  -114.197407 ± 0.000177
--------------------------------------------- Blocking Analysis ----------------------------------------------
nsample = 1000, max_block_size = 25, min_nblocks = 40
   B    NB    NS  Observable     Error    dError
   1  1000  1000    1.004200  0.000030  0.000001
   2   500  1000    1.004200  0.000039  0.000001
   3   333   999    1.004200  0.000045  0.000002
   4   250  1000    1.004200  0.000049  0.000002
   5   200  1000    1.004200  0.000052  0.000003
   6   166   996    1.004203  0.000054  0.000003
   7   142   994    1.004202  0.000058  0.000003
   8   125  1000    1.004200  0.000059  0.000004
   9   111   999    1.004200  0.000062  0.000004
  10   100  1000    1.004200  0.000062  0.000004
  11    90   990    1.004208  0.000064  0.000005
  12    83   996    1.004203  0.000064  0.000005
  13    76   988    1.004211  0.000064  0.000005
  14    71   994    1.004202  0.000067  0.000006
  15    66   990    1.004208  0.000067  0.000006
  16    62   992    1.004205  0.000070  0.000006
  17    58   986    1.004213  0.000070  0.000007
  18    55   990    1.004208  0.000068  0.000007
  19    52   988    1.004211  0.000071  0.000007
  20    50  1000    1.004200  0.000075  0.000008
  21    47   987    1.004213  0.000073  0.000008
  22    45   990    1.004208  0.000072  0.000008
  23    43   989    1.004209  0.000073  0.000008
  24    41   984    1.004214  0.000072  0.000008
  25    40  1000    1.004200  0.000078  0.000009
Fit (variance): plateau_var = 5.329e-09 ± 4.479e-10
Fit (error):    plateau = 0.000073 ± 0.000003
     autocorrelation length ~ 7.5 blocks
     plateau reached at block size ~ 35
     !!!Failed to reach plateau in blocking
     Return max block error
nclean = 1000, max_block_size = 25, min_nblocks = 40
Blk_SZ   NBlk   NSmp      Energy     Error    dError
     1   1000   1000  -114.197269  0.000177  0.000004
     2    500   1000  -114.197304  0.000186  0.000006
     3    333    999  -114.197322  0.000181  0.000007
     4    250   1000  -114.197332  0.000196  0.000009
     5    200   1000  -114.197340  0.000182  0.000009
     6    166    996  -114.197339  0.000181  0.000010
     7    142    994  -114.197355  0.000183  0.000011
     8    125   1000  -114.197357  0.000185  0.000012
     9    111    999  -114.197362  0.000179  0.000012
    10    100   1000  -114.197366  0.000194  0.000014
    11     90    990  -114.197369  0.000186  0.000014
    12     83    996  -114.197363  0.000180  0.000014
    13     76    988  -114.197373  0.000184  0.000015
    14     71    994  -114.197370  0.000186  0.000016
    15     66    990  -114.197381  0.000185  0.000016
    16     62    992  -114.197375  0.000198  0.000018
    17     58    986  -114.197372  0.000189  0.000018
    18     55    990  -114.197375  0.000173  0.000017
    19     52    988  -114.197378  0.000191  0.000019
    20     50   1000  -114.197382  0.000189  0.000019
    21     47    987  -114.197381  0.000187  0.000019
    22     45    990  -114.197379  0.000184  0.000020
    23     43    989  -114.197390  0.000170  0.000019
    24     41    984  -114.197385  0.000161  0.000018
    25     40   1000  -114.197385  0.000170  0.000019
Fit (variance): plateau_var = 3.379414e-08 ± 9.989994e-10
Fit (error):    plateau = 0.000184 ± 0.000003
     autocorrelation length ~ 0.1 blocks
     plateau reached at block size ~ 2
Final AFQMC/pt2CCSD overlap ratio: 1.004200 ± 0.000078
Final AFQMC/pt2CCSD energy: -114.197407 ± 0.000184
Total run time: 114.54
------------------------------------------ AFQMC Sampling Finished -------------------------------------------
