#INFO: **** input file is /projects/yizh8382/projects/w4_17/w4-17_all/pyscf_input/run_pyscf.py ****
import os
import glob
import numpy as np
from pyscf import gto, scf, cc

basis = "ccpvtz"
xyz_dir = "../w4_17_xyz/closed_shell"
results_file = f"../result/closed_shell_rhf_{basis}.dat"
out_dir = "../result/molout/closed_shell"
os.makedirs(out_dir, exist_ok=True)

# Set to a list of molecule names to run only those, e.g. ["acetaldehyde", "benzene"]
# Set to None to run all molecules in xyz_dir
select_molecules = None
# select_molecules = ["bn3pi","b2", "cf"]
symmetry = False

all_xyz = sorted(glob.glob(os.path.join(xyz_dir, "*.xyz")))
if select_molecules is not None:
    select_set = set(select_molecules)
    xyz_files = [p for p in all_xyz if os.path.splitext(os.path.basename(p))[0] in select_set]
    missing = select_set - {os.path.splitext(os.path.basename(p))[0] for p in xyz_files}
    if missing:
        print(f"Warning: no .xyz file found for: {', '.join(sorted(missing))} in {xyz_dir}")
else:
    xyz_files = all_xyz

with open(results_file, "w") as out:
    out.write(f"{'Molecule':<16s} {'Charge':>6s} {'2S':>6s} {'frozen':>6s} "
              f"{'E_RHF (Eh)':>20s} {'E_CCSD (Eh)':>20s} {'E_CCSD(T) (Eh)':>20s}\n")
    out.write("-" * 100 + "\n")

for xyz_path in xyz_files:
    with open(xyz_path, "r") as f:
        lines = f.readlines()

    # Parse charge and multiplicity from second line: "name charge=X mult=Y"
    second_line = lines[1]
    charge = int(second_line.split("charge=")[1].split()[0])
    mult   = int(second_line.split("mult=")[1].split()[0])
    spin   = mult - 1   # PySCF spin input is 2S = mult - 1
    mol_name = second_line.split()[0]

    # Coordinates only (skip the atom count and comment lines)
    atoms = "".join(lines[2:])

    print(f"\n{'='*60}")
    print(f"Running: {mol_name}  charge={charge}  spin={spin}")
    print(f"{'='*60}")

    mol = gto.M(
        atom=atoms,
        basis=basis,
        verbose=4,
        output=os.path.join(out_dir, f"{mol_name}_{basis}.out"),
        unit="angstrom",
        symmetry=symmetry,
        charge=charge,
        spin=spin,
        max_memory=40000,
    )

    mf = scf.RHF(mol)
    mf.max_cycle = 200
    mf = mf.newton()
    mf.kernel()

    # Stability check loop — at most 10 attempts
    max_stability_cycles = 10
    stable = False
    for stability_iter in range(max_stability_cycles):
        mo_i, _, stable, _ = mf.stability(return_status=True)
        if stable:
            break
        dm = mf.make_rdm1(mo_i, mf.mo_occ)
        mf.kernel(dm0=dm)

    if not stable or not mf.converged:
        print(f"  !! SCF did not converge for {mol_name} — skipping.")
        with open(results_file, "a") as out:
            out.write(f"{mol_name:<16s} {charge:>6d} {spin:>6d} {'N/A':>6s} "
                      f"{'UNCONVERGED':>20s} {'UNCONVERGED':>20s} {'UNCONVERGED':>20s}\n")
        continue

    energy = mf.e_tot

    mycc = cc.CCSD(mf)
    mycc.set_frozen()
    mycc.kernel()
    e_ccsd = mycc.e_tot
    et = mycc.ccsd_t()
    e_ccsdt = e_ccsd + et
    frozen = mycc.frozen

    with open(results_file, "a") as out:
        out.write(f"{mol_name:<16s} {charge:>6d} {spin:>6d} {frozen:>6d} "
                  f"{energy:>20.10f} {e_ccsd:>20.10f} {e_ccsdt:>20.10f}\n")

    print(f"  => E_RHF({mol_name})     = {energy:.10f} Eh")
    print(f"  => E_CCSD({mol_name})    = {e_ccsd:.10f} Eh")
    print(f"  => E_CCSD(T)({mol_name}) = {e_ccsdt:.10f} Eh")

print(f"\nAll calculations complete. Results saved to {results_file}")
#INFO: ******************** input file end ********************


System: uname_result(system='Linux', node='bnode0308.rc.int.colorado.edu', release='4.18.0-477.27.1.el8_8.x86_64', version='#1 SMP Thu Aug 31 10:29:22 EDT 2023', machine='x86_64')  Threads 28
Python 3.10.2 | packaged by conda-forge | (main, Mar  8 2022, 15:52:01) [GCC 9.4.0]
numpy 2.0.2  scipy 1.14.1  h5py 3.12.1
Date: Tue May 12 13:16:41 2026
PySCF version 2.9.0
PySCF path  /projects/yizh8382/tools/lno_pyscf_gcc
GIT HEAD (branch master) 142756584ed3963728cc1f6823286f4605811a6c

[ENV] PYSCF_TMPDIR /scratch/alpine/yizh8382/pyscf
[ENV] PYSCF_EXT_PATH /home/yizh8382/tools/pyscf-forge
[CONFIG] conf_file None
[INPUT] verbose = 4
[INPUT] num. atoms = 3
[INPUT] num. electrons = 10
[INPUT] charge = 0
[INPUT] spin (= nelec alpha-beta = 2S) = 0
[INPUT] symmetry False subgroup None
[INPUT] Mole.unit = angstrom
[INPUT] Symbol           X                Y                Z      unit          X                Y                Z       unit  Magmom
[INPUT]  1 O      0.000000000000   0.000000000000   0.117790000000 AA    0.000000000000   0.000000000000   0.222590840213 Bohr   0.0
[INPUT]  2 H      0.000000000000   0.755453000000  -0.471161000000 AA    0.000000000000   1.427599269981  -0.890365250576 Bohr   0.0
[INPUT]  3 H      0.000000000000  -0.755453000000  -0.471161000000 AA    0.000000000000  -1.427599269981  -0.890365250576 Bohr   0.0

nuclear repulsion = 9.18919322930975
number of shells = 21
number of NR pGTOs = 74
number of NR cGTOs = 58
basis = ccpvtz
ecp = {}
CPU time:     84954.72




******** <class 'pyscf.soscf.newton_ah.SecondOrderRHF'> ********
method = SecondOrderRHF
initial guess = minao
damping factor = 0
level_shift factor = 0
DIIS = <class 'pyscf.scf.diis.CDIIS'>
diis_start_cycle = 1
diis_space = 8
diis_damp = 0
SCF conv_tol = 1e-09
SCF conv_tol_grad = None
SCF max_cycles = 200
direct_scf = True
direct_scf_tol = 1e-13
chkfile to save SCF result = /scratch/alpine/yizh8382/pyscf/tmp6ilugqom
max_memory 40000 MB (current use 4295 MB)
******** <class 'pyscf.scf.hf.RHF'> Newton solver flags ********
SCF tol = 1e-09
conv_tol_grad = None
max. SCF cycles = 200
direct_scf = True
direct_scf_tol = 1e-13
chkfile to save SCF result = /scratch/alpine/yizh8382/pyscf/tmp6ilugqom
max_cycle_inner = 12
max_stepsize = 0.05
ah_start_tol = 1e+09
ah_level_shift = 0
ah_conv_tol = 1e-12
ah_lindep = 1e-14
ah_start_cycle = 1
ah_max_cycle = 40
ah_grad_trust_region = 2.5
kf_interval = 4
kf_trust_region = 5
canonicalization = True
max_memory 40000 MB (current use 4295 MB)
Set conv_tol_grad to 3.16228e-05
Initial guess from minao.
  HOMO = -0.478475779349594  LUMO = 0.0772404489239841
Initial guess E= -76.0204199714291  |g|= 0.443418
macro= 0  E= -76.0570969249429  delta_E= -0.036677  |g|= 0.018772  3 KF 9 JK
macro= 1  E= -76.0570982356582  delta_E= -1.31072e-06  |g|= 0.000104997  2 KF 7 JK
macro= 2  E= -76.057098235658  delta_E= 1.98952e-13  |g|= 5.5217e-06  1 KF 2 JK
Canonicalize SCF orbitals
macro X = 3  E=-76.057098235658  |g|= 5.5217e-06  total 7 KF 22 JK
converged SCF energy = -76.057098235658
rhf_internal: lowest eigs of H = [1.37445233 1.61249632 1.71760239]
<class 'pyscf.soscf.newton_ah.SecondOrderRHF'> wavefunction is stable in the internal stability analysis

******** <class 'pyscf.cc.ccsd.CCSD'> ********
CC2 = 0
CCSD nocc = 4, nmo = 57
frozen orbitals 1
max_cycle = 50
direct = 0
conv_tol = 1e-07
conv_tol_normt = 1e-05
diis_space = 6
diis_start_cycle = 0
diis_start_energy_diff = 1e+09
max_memory 40000 MB (current use 4235 MB)
Init t2, MP2 energy = -76.3186476808451  E_corr(MP2) -0.2615494451871
Init E_corr(CCSD) = -0.261549445188792
cycle = 1  E_corr(CCSD) = -0.261909331270528  dE = -0.000359886082  norm(t1,t2) = 0.023843
cycle = 2  E_corr(CCSD) = -0.266637900825544  dE = -0.00472856956  norm(t1,t2) = 0.00788827
cycle = 3  E_corr(CCSD) = -0.267097980833723  dE = -0.000460080008  norm(t1,t2) = 0.00261952
cycle = 4  E_corr(CCSD) = -0.267463486225997  dE = -0.000365505392  norm(t1,t2) = 0.000870226
cycle = 5  E_corr(CCSD) = -0.267469118137714  dE = -5.63191172e-06  norm(t1,t2) = 0.000192965
cycle = 6  E_corr(CCSD) = -0.267453001581394  dE = 1.61165563e-05  norm(t1,t2) = 5.7556e-05
cycle = 7  E_corr(CCSD) = -0.26745610137225  dE = -3.09979086e-06  norm(t1,t2) = 2.41432e-05
cycle = 8  E_corr(CCSD) = -0.267455712432302  dE = 3.88939948e-07  norm(t1,t2) = 4.6513e-06
cycle = 9  E_corr(CCSD) = -0.267455459494048  dE = 2.52938254e-07  norm(t1,t2) = 1.25704e-06
cycle = 10  E_corr(CCSD) = -0.267455446704865  dE = 1.2789183e-08  norm(t1,t2) = 2.32214e-07
CCSD converged
E(CCSD) = -76.32455368236289  E_corr = -0.2674554467048649
CCSD(T) correction = -0.00765283850354617
