#INFO: **** input file is /projects/yizh8382/projects/w4_17/w4-17_all/pyscf_input/run_pyscf_vdzsd.py ****
import os
import glob
import numpy as np
from pyscf import gto, scf, cc

# basis = "ccpvdz"
xyz_dir = "../w4_17_xyz/closed_shell"
results_file = f"../result/closed_shell_rhf_vdzsd.dat"
out_dir = "../result/molout/closed_shell"
os.makedirs(out_dir, exist_ok=True)

# Set to a list of molecule names to run only those, e.g. ["acetaldehyde", "benzene"]
# Set to None to run all molecules in xyz_dir
select_molecules = None
# select_molecules = ["bn3pi","b2", "cf"]
symmetry = False

all_xyz = sorted(glob.glob(os.path.join(xyz_dir, "*.xyz")))
if select_molecules is not None:
    select_set = set(select_molecules)
    xyz_files = [p for p in all_xyz if os.path.splitext(os.path.basename(p))[0] in select_set]
    missing = select_set - {os.path.splitext(os.path.basename(p))[0] for p in xyz_files}
    if missing:
        print(f"Warning: no .xyz file found for: {', '.join(sorted(missing))} in {xyz_dir}")
else:
    xyz_files = all_xyz

with open(results_file, "w") as out:
    out.write(f"{'Molecule':<16s} {'Charge':>6s} {'2S':>6s} {'frozen':>6s} "
              f"{'E_RHF (Eh)':>20s} {'E_CCSD (Eh)':>20s} {'E_CCSD(T) (Eh)':>20s}\n")
    out.write("-" * 100 + "\n")

for xyz_path in xyz_files:
    with open(xyz_path, "r") as f:
        lines = f.readlines()

    # Parse charge and multiplicity from second line: "name charge=X mult=Y"
    second_line = lines[1]
    charge = int(second_line.split("charge=")[1].split()[0])
    mult   = int(second_line.split("mult=")[1].split()[0])
    spin   = mult - 1   # PySCF spin input is 2S = mult - 1
    mol_name = second_line.split()[0]

    # Coordinates only (skip the atom count and comment lines)
    atoms = "".join(lines[2:])

    print(f"\n{'='*60}")
    print(f"Running: {mol_name}  charge={charge}  spin={spin}")
    print(f"{'='*60}")
    
    h_basis = gto.basis.load('ccpvdz', 'H')
    h_basis_no_p = [b for b in h_basis if b[0] != 1]
    
    mol = gto.M(
        atom=atoms,
        basis={
            'H': h_basis_no_p,
            'default': 'ccpvdz'
            },
        verbose=4,
        output=os.path.join(out_dir, f"{mol_name}_vdzsd.out"),
        unit="angstrom",
        symmetry=symmetry,
        charge=charge,
        spin=spin,
        max_memory=40000,
    )

    mf = scf.RHF(mol)
    mf.max_cycle = 200
    mf = mf.newton()
    mf.kernel()

    # Stability check loop — at most 10 attempts
    max_stability_cycles = 10
    stable = False
    for stability_iter in range(max_stability_cycles):
        mo_i, _, stable, _ = mf.stability(return_status=True)
        if stable:
            break
        dm = mf.make_rdm1(mo_i, mf.mo_occ)
        mf.kernel(dm0=dm)

    if not stable or not mf.converged:
        print(f"  !! SCF did not converge for {mol_name} — skipping.")
        with open(results_file, "a") as out:
            out.write(f"{mol_name:<16s} {charge:>6d} {spin:>6d} {'N/A':>6s} "
                      f"{'UNCONVERGED':>20s} {'UNCONVERGED':>20s} {'UNCONVERGED':>20s}\n")
        continue

    energy = mf.e_tot

    mycc = cc.CCSD(mf)
    mycc.set_frozen()
    mycc.kernel()
    e_ccsd = mycc.e_tot
    et = mycc.ccsd_t()
    e_ccsdt = e_ccsd + et
    frozen = mycc.frozen

    with open(results_file, "a") as out:
        out.write(f"{mol_name:<16s} {charge:>6d} {spin:>6d} {frozen:>6d} "
                  f"{energy:>20.10f} {e_ccsd:>20.10f} {e_ccsdt:>20.10f}\n")

    print(f"  => E_RHF({mol_name})     = {energy:.10f} Eh")
    print(f"  => E_CCSD({mol_name})    = {e_ccsd:.10f} Eh")
    print(f"  => E_CCSD(T)({mol_name}) = {e_ccsdt:.10f} Eh")

print(f"\nAll calculations complete. Results saved to {results_file}")
#INFO: ******************** input file end ********************


System: uname_result(system='Linux', node='bnode0309.rc.int.colorado.edu', release='4.18.0-477.27.1.el8_8.x86_64', version='#1 SMP Thu Aug 31 10:29:22 EDT 2023', machine='x86_64')  Threads 28
Python 3.10.2 | packaged by conda-forge | (main, Mar  8 2022, 15:52:01) [GCC 9.4.0]
numpy 2.0.2  scipy 1.14.1  h5py 3.12.1
Date: Wed May 13 19:58:03 2026
PySCF version 2.9.0
PySCF path  /projects/yizh8382/tools/lno_pyscf_gcc
GIT HEAD (branch master) 142756584ed3963728cc1f6823286f4605811a6c

[ENV] PYSCF_TMPDIR /scratch/alpine/yizh8382/pyscf
[ENV] PYSCF_EXT_PATH /home/yizh8382/tools/pyscf-forge
[CONFIG] conf_file None
[INPUT] verbose = 4
[INPUT] num. atoms = 4
[INPUT] num. electrons = 22
[INPUT] charge = 0
[INPUT] spin (= nelec alpha-beta = 2S) = 0
[INPUT] symmetry False subgroup None
[INPUT] Mole.unit = angstrom
[INPUT] Symbol           X                Y                Z      unit          X                Y                Z       unit  Magmom
[INPUT]  1 C      0.000000000000   0.000000000000  -1.292877000000 AA    0.000000000000   0.000000000000  -2.443183442749 Bohr   0.0
[INPUT]  2 C      0.000000000000   0.000000000000  -0.093379000000 AA    0.000000000000   0.000000000000  -0.176460735786 Bohr   0.0
[INPUT]  3 H      0.000000000000   0.000000000000  -2.354022000000 AA    0.000000000000   0.000000000000  -4.448456871201 Bohr   0.0
[INPUT]  4 F      0.000000000000   0.000000000000   1.185729000000 AA    0.000000000000   0.000000000000   2.240703067954 Bohr   0.0

nuclear repulsion = 55.4931463187911
number of shells = 17
number of NR pGTOs = 82
number of NR cGTOs = 44
basis = {'H': [[0, [13.01, 0.019685], [1.962, 0.137977], [0.4446, 0.478148]], [0, [0.122, 1.0]]], 'default': 'ccpvdz'}
ecp = {}
CPU time:     10287.38




******** <class 'pyscf.soscf.newton_ah.SecondOrderRHF'> ********
method = SecondOrderRHF
initial guess = minao
damping factor = 0
level_shift factor = 0
DIIS = <class 'pyscf.scf.diis.CDIIS'>
diis_start_cycle = 1
diis_space = 8
diis_damp = 0
SCF conv_tol = 1e-09
SCF conv_tol_grad = None
SCF max_cycles = 200
direct_scf = True
direct_scf_tol = 1e-13
chkfile to save SCF result = /scratch/alpine/yizh8382/pyscf/tmpuw9f83oz
max_memory 40000 MB (current use 1561 MB)
******** <class 'pyscf.scf.hf.RHF'> Newton solver flags ********
SCF tol = 1e-09
conv_tol_grad = None
max. SCF cycles = 200
direct_scf = True
direct_scf_tol = 1e-13
chkfile to save SCF result = /scratch/alpine/yizh8382/pyscf/tmpuw9f83oz
max_cycle_inner = 12
max_stepsize = 0.05
ah_start_tol = 1e+09
ah_level_shift = 0
ah_conv_tol = 1e-12
ah_lindep = 1e-14
ah_start_cycle = 1
ah_max_cycle = 40
ah_grad_trust_region = 2.5
kf_interval = 4
kf_trust_region = 5
canonicalization = True
max_memory 40000 MB (current use 1561 MB)
Set conv_tol_grad to 3.16228e-05
Initial guess from minao.
  HOMO = -0.276475270578551  LUMO = 0.11246330508066
Initial guess E= -175.602609393175  |g|= 0.440956
macro= 0  E= -175.651777717452  delta_E= -0.0491683  |g|= 0.0394035  3 KF 9 JK
macro= 1  E= -175.651780723298  delta_E= -3.00585e-06  |g|= 0.000161412  2 KF 8 JK
macro= 2  E= -175.651780723298  delta_E= -2.27374e-13  |g|= 3.29302e-06  1 KF 2 JK
Canonicalize SCF orbitals
macro X = 3  E=-175.651780723298  |g|= 3.29302e-06  total 7 KF 23 JK
converged SCF energy = -175.651780723298
rhf_internal: lowest eigs of H = [0.8833211  0.88332186 1.37508897]
<class 'pyscf.soscf.newton_ah.SecondOrderRHF'> wavefunction is stable in the internal stability analysis

******** <class 'pyscf.cc.ccsd.CCSD'> ********
CC2 = 0
CCSD nocc = 8, nmo = 41
frozen orbitals 3
max_cycle = 50
direct = 0
conv_tol = 1e-07
conv_tol_normt = 1e-05
diis_space = 6
diis_start_cycle = 0
diis_start_energy_diff = 1e+09
max_memory 40000 MB (current use 1561 MB)
Init t2, MP2 energy = -176.08341286139  E_corr(MP2) -0.431632138091645
Init E_corr(CCSD) = -0.431632138093997
cycle = 1  E_corr(CCSD) = -0.430047820458063  dE = 0.00158431764  norm(t1,t2) = 0.0555615
cycle = 2  E_corr(CCSD) = -0.442272281043734  dE = -0.0122244606  norm(t1,t2) = 0.0200719
cycle = 3  E_corr(CCSD) = -0.442688408339089  dE = -0.000416127295  norm(t1,t2) = 0.0102344
cycle = 4  E_corr(CCSD) = -0.444812069464296  dE = -0.00212366113  norm(t1,t2) = 0.00459922
cycle = 5  E_corr(CCSD) = -0.444974028752282  dE = -0.000161959288  norm(t1,t2) = 0.00104862
cycle = 6  E_corr(CCSD) = -0.444884855398109  dE = 8.91733542e-05  norm(t1,t2) = 0.000345567
cycle = 7  E_corr(CCSD) = -0.444883455545698  dE = 1.39985241e-06  norm(t1,t2) = 7.37335e-05
cycle = 8  E_corr(CCSD) = -0.444889788736308  dE = -6.33319061e-06  norm(t1,t2) = 2.54928e-05
cycle = 9  E_corr(CCSD) = -0.444889944762671  dE = -1.56026363e-07  norm(t1,t2) = 1.0882e-05
cycle = 10  E_corr(CCSD) = -0.444889724316589  dE = 2.20446082e-07  norm(t1,t2) = 3.02333e-06
cycle = 11  E_corr(CCSD) = -0.444889665052885  dE = 5.92637041e-08  norm(t1,t2) = 1.01867e-06
CCSD converged
E(CCSD) = -176.096670388351  E_corr = -0.4448896650528854
CCSD(T) correction = -0.014384824742841
