------------------------------------------- AFQMC Sampling Started -------------------------------------------
Hostname: gpua016.delta.ncsa.illinois.edu
System Type: Linux
Machine Type: x86_64
Processor: x86_64
Using GPU.
System: Linux
Node Name: gpua016.delta.ncsa.illinois.edu
Release: 5.14.0-427.91.1.el9_4.x86_64
Version: #1 SMP PREEMPT_DYNAMIC Wed Sep 17 10:08:59 EDT 2025
Machine: x86_64
Processor: x86_64
Decomposing Unrestricted T2 amplitudes
Throw 0 vectors in T2 deomposition
SVD cutoff = 1.00e-08 | error = 4.67e-15
number of T2 decomposition vectors 1632
norb: 67
nelec: (16, 16)
n_eql: 120
n_blocks: 1000
n_walkers: 300
dt: 0.005
max_error: 0.0
seed: 17
walker_type: uhf
trial: uccsd_pt2
free_projection: False
use_gpu: True
n_exp_terms: 6
n_prop_steps: 50
save_walkers: False
n_batch: 1
nchol_chunk: 100
mix_precision: True
initial AFQMC/pt2CCSD Energy is -759.976376
Propagating with 300 walkers
----------------------------------------------- Equilibration ------------------------------------------------
inv_T        weight  killW        energy   runTime
 0.00    300.000000      0   -759.068206     12.81
 3.00    314.078503      0   -760.043229     20.49
 6.00    313.302963      0   -759.992560     22.48
 9.00    312.767182      0   -759.999175     24.44
12.00    312.807177      0   -760.007835     26.40
15.00    312.096811      0   -759.996462     28.36
18.00    314.337549      0   -760.097078     30.32
21.00    312.643458      0   -760.019940     32.28
24.00    313.348829      0   -760.007958     34.24
27.00    313.587017      0   -760.026496     36.19
30.00    313.518631      0   -760.024199     38.15
---------------------------------------------- Sampling Blocks -----------------------------------------------
blocks        weight  killW       E_Guide     error       E_Trial     error     olp_T/G     error  Walltime
    20    313.355443      0   -760.004699  0.013823   -760.008853  0.003349    1.013216  0.000699   54.40
    40    311.693918      0   -760.002266  0.007315   -760.007284  0.001901    1.013466  0.000457   64.82
    60    310.466956      0   -760.005893  0.005335   -760.007767  0.001419    1.013887  0.000398   75.23
    80    309.400675      0   -760.008470  0.004285   -760.006950  0.001185    1.013765  0.000347   85.67
   100    308.482636      0   -760.011235  0.004461   -760.008053  0.001171    1.013882  0.000276   96.08
   120    307.648742      0   -760.010048  0.003934   -760.007357  0.001021    1.014030  0.000284  106.49
   140    306.918220      0   -760.013629  0.004190   -760.008683  0.001722    1.014154  0.000256  116.91
   160    306.265585      0   -760.013063  0.003743   -760.008459  0.001525    1.014235  0.000253  127.32
   180    305.697173      0   -760.012045  0.003561   -760.008652  0.001380    1.014194  0.000232  137.73
   200    305.215073      0   -760.012501  0.003238   -760.008272  0.001273    1.013958  0.000261  148.21
   220    304.773853      0   -760.012309  0.002966   -760.008156  0.001168    1.013896  0.000246  158.62
   240    304.398408      0   -760.012434  0.002729   -760.008058  0.001081    1.013891  0.000242  169.04
   260    304.024175      0   -760.012064  0.002636   -760.008082  0.001004    1.013879  0.000225  179.46
   280    303.722154      0   -760.013080  0.002552   -760.008228  0.000948    1.013914  0.000210  189.87
   300    303.459121      0   -760.012966  0.002436   -760.008084  0.000900    1.013912  0.000198  200.28
   320    303.211127      0   -760.013170  0.002334   -760.008191  0.000851    1.014003  0.000196  210.71
   340    302.985763      0   -760.013401  0.002320   -760.008284  0.000819    1.013954  0.000198  221.13
   360    302.749667      0   -760.012481  0.002335   -760.008193  0.000779    1.014021  0.000204  231.54
   380    302.537957      1   -760.011686  0.002295   -760.008076  0.000787    1.014038  0.000196  241.95
   400    302.364813      1   -760.012262  0.002331   -760.008579  0.000877    1.014022  0.000190  252.36
   420    302.214885      1   -760.013190  0.002355   -760.008702  0.000851    1.014017  0.000189  262.78
   440    302.067250      1   -760.012344  0.002645   -760.008796  0.000820    1.014004  0.000192  273.19
   460    301.950337      2   -760.013465  0.002642   -760.008964  0.000803    1.013964  0.000190  283.60
   480    301.815216      2   -760.013536  0.002586   -760.008991  0.000777    1.013945  0.000181  294.01
   500    301.696967      2   -760.012992  0.002472   -760.008886  0.000749    1.014038  0.000183  304.42
   520    301.579971      2   -760.012730  0.002466   -760.008889  0.000727    1.014074  0.000178  314.83
   540    301.480783      2   -760.012499  0.002453   -760.008768  0.000704    1.014013  0.000179  325.26
   560    301.380060      2   -760.011825  0.002449   -760.008708  0.000682    1.013944  0.000180  335.67
   580    301.296469      2   -760.012188  0.002484   -760.008751  0.000663    1.013861  0.000198  346.08
   600    301.214338      2   -760.011876  0.002491   -760.008607  0.000645    1.013856  0.000194  356.49
   620    301.137115      2   -760.011740  0.002385   -760.008673  0.000629    1.013848  0.000190  366.90
   640    301.071327      2   -760.012552  0.002333   -760.008902  0.000620    1.013821  0.000186  377.32
   660    301.005477      2   -760.012542  0.002328   -760.008917  0.000613    1.013807  0.000182  387.77
   680    300.939736      2   -760.012549  0.002284   -760.008872  0.000600    1.013815  0.000178  398.19
   700    300.883700      2   -760.012972  0.002228   -760.008959  0.000590    1.013805  0.000174  408.59
   720    300.818695      2   -760.012384  0.002215   -760.008851  0.000577    1.013814  0.000168  419.01
   740    300.761535      2   -760.012202  0.002214   -760.008807  0.000564    1.013825  0.000165  429.41
   760    300.707411      2   -760.011941  0.002134   -760.008772  0.000551    1.013849  0.000168  439.83
   780    300.661697      2   -760.012099  0.002094   -760.008800  0.000540    1.013853  0.000164  450.27
   800    300.619284      2   -760.012084  0.002022   -760.008849  0.000530    1.013877  0.000160  460.68
   820    300.584613      2   -760.012360  0.001997   -760.008831  0.000521    1.013846  0.000159  471.09
   840    300.542257      2   -760.012265  0.001967   -760.008794  0.000511    1.013850  0.000156  481.50
   860    300.501861      2   -760.012468  0.001964   -760.008869  0.000505    1.013848  0.000153  491.92
   880    300.466913      2   -760.012424  0.001937   -760.008879  0.000496    1.013825  0.000151  502.35
   900    300.431899      2   -760.012217  0.001887   -760.008870  0.000487    1.013806  0.000148  512.76
   920    300.402619      2   -760.012653  0.001860   -760.008958  0.000480    1.013789  0.000145  523.17
   940    300.371117      3   -760.012597  0.001854   -760.008966  0.000474    1.013772  0.000144  533.58
   960    300.340261      3   -760.012561  0.001823   -760.008984  0.000466    1.013751  0.000143  543.99
   980    300.314295      3   -760.012678  0.001808   -760.008951  0.000458    1.013742  0.000143  554.41
  1000    300.288209      3   -760.012998  0.001819   -760.008987  0.000452    1.013749  0.000148  564.84
---------------------------------------------- Post Propagation ----------------------------------------------
Total number of samples 1000
Raw AFQMC/HF (Guide) energy:           -760.012998 ± 0.001819
Raw Trial/Guide overlap ratio:          1.013749 ± 0.000148
Raw AFQMC/pt2CCSD energy (covariance): -760.008987 ± 0.000452
Raw AFQMC/pt2CCSD energy (dir sample): -760.008987 ± 0.000353
--------------------------------------------- Clean Obeservation ---------------------------------------------
removing energies outside zeta > 30
Outlier energy bound [-760.238325, -759.775717]
Removed 0 outliers with energies []
Clean AFQMC/pt2CCSD overlap ratio:        1.013749 ± 0.000148
Clean AFQMC/pt2CCSD energy (covariance): -760.008987 ± 0.000452
Clean AFQMC/ptCCSD energy (dir sample):  -760.008987 ± 0.000353
--------------------------------------------- Blocking Analysis ----------------------------------------------
nsample = 1000, max_block_size = 25, min_nblocks = 40
   B    NB    NS  Observable     Error    dError
   1  1000  1000    1.013749  0.000060  0.000001
   2   500  1000    1.013749  0.000079  0.000002
   3   333   999    1.013750  0.000092  0.000004
   4   250  1000    1.013748  0.000099  0.000004
   5   200  1000    1.013748  0.000106  0.000005
   6   166   996    1.013748  0.000113  0.000006
   7   142   994    1.013744  0.000117  0.000007
   8   125  1000    1.013748  0.000122  0.000008
   9   111   999    1.013750  0.000127  0.000009
  10   100  1000    1.013748  0.000126  0.000009
  11    90   990    1.013741  0.000130  0.000010
  12    83   996    1.013748  0.000131  0.000010
  13    76   988    1.013741  0.000130  0.000011
  14    71   994    1.013744  0.000135  0.000011
  15    66   990    1.013741  0.000137  0.000012
  16    62   992    1.013741  0.000132  0.000012
  17    58   986    1.013741  0.000138  0.000013
  18    55   990    1.013741  0.000136  0.000013
  19    52   988    1.013741  0.000134  0.000013
  20    50  1000    1.013748  0.000131  0.000013
  21    47   987    1.013741  0.000135  0.000014
  22    45   990    1.013741  0.000137  0.000015
  23    43   989    1.013741  0.000138  0.000015
  24    41   984    1.013738  0.000140  0.000016
  25    40  1000    1.013748  0.000148  0.000017
Fit (variance): plateau_var = 1.927e-08 ± 1.251e-09
Fit (error):    plateau = 0.000139 ± 0.000005
     autocorrelation length ~ 5.7 blocks
     plateau reached at block size ~ 26
     !!!Failed to reach plateau in blocking
     Return max block error
nclean = 1000, max_block_size = 25, min_nblocks = 40
Blk_SZ   NBlk   NSmp      Energy     Error    dError
     1   1000   1000  -760.008667  0.000354  0.000008
     2    500   1000  -760.008740  0.000402  0.000013
     3    333    999  -760.008785  0.000408  0.000016
     4    250   1000  -760.008812  0.000443  0.000020
     5    200   1000  -760.008845  0.000425  0.000021
     6    166    996  -760.008816  0.000425  0.000023
     7    142    994  -760.008847  0.000437  0.000026
     8    125   1000  -760.008885  0.000468  0.000030
     9    111    999  -760.008889  0.000422  0.000028
    10    100   1000  -760.008904  0.000465  0.000033
    11     90    990  -760.008879  0.000432  0.000032
    12     83    996  -760.008889  0.000443  0.000035
    13     76    988  -760.008874  0.000424  0.000035
    14     71    994  -760.008890  0.000426  0.000036
    15     66    990  -760.008916  0.000462  0.000041
    16     62    992  -760.008915  0.000425  0.000038
    17     58    986  -760.008884  0.000489  0.000046
    18     55    990  -760.008913  0.000421  0.000041
    19     52    988  -760.008886  0.000410  0.000041
    20     50   1000  -760.008950  0.000433  0.000044
    21     47    987  -760.008901  0.000372  0.000039
    22     45    990  -760.008924  0.000387  0.000041
    23     43    989  -760.008902  0.000448  0.000049
    24     41    984  -760.008919  0.000490  0.000055
    25     40   1000  -760.008961  0.000353  0.000040
Fit (variance): plateau_var = 1.836120e-07 ± 6.378880e-09
Fit (error):    plateau = 0.000428 ± 0.000007
     autocorrelation length ~ 1.1 blocks
     plateau reached at block size ~ 5
Final AFQMC/pt2CCSD overlap ratio: 1.013749 ± 0.000148
Final AFQMC/pt2CCSD energy: -760.008987 ± 0.000428
Total run time: 574.16
------------------------------------------ AFQMC Sampling Finished -------------------------------------------
