#INFO: **** input file is /projects/yizh8382/projects/w4_17/w4-17_all/pyscf_input/run_pyscf.py ****
import os
import glob
import numpy as np
from pyscf import gto, scf, cc

basis = "ccpvtz"
xyz_dir = "../w4_17_xyz/closed_shell"
results_file = f"../result/closed_shell_rhf_{basis}.dat"
out_dir = "../result/molout/closed_shell"
os.makedirs(out_dir, exist_ok=True)

# Set to a list of molecule names to run only those, e.g. ["acetaldehyde", "benzene"]
# Set to None to run all molecules in xyz_dir
select_molecules = None
# select_molecules = ["bn3pi","b2", "cf"]
symmetry = False

all_xyz = sorted(glob.glob(os.path.join(xyz_dir, "*.xyz")))
if select_molecules is not None:
    select_set = set(select_molecules)
    xyz_files = [p for p in all_xyz if os.path.splitext(os.path.basename(p))[0] in select_set]
    missing = select_set - {os.path.splitext(os.path.basename(p))[0] for p in xyz_files}
    if missing:
        print(f"Warning: no .xyz file found for: {', '.join(sorted(missing))} in {xyz_dir}")
else:
    xyz_files = all_xyz

with open(results_file, "w") as out:
    out.write(f"{'Molecule':<16s} {'Charge':>6s} {'2S':>6s} {'frozen':>6s} "
              f"{'E_RHF (Eh)':>20s} {'E_CCSD (Eh)':>20s} {'E_CCSD(T) (Eh)':>20s}\n")
    out.write("-" * 100 + "\n")

for xyz_path in xyz_files:
    with open(xyz_path, "r") as f:
        lines = f.readlines()

    # Parse charge and multiplicity from second line: "name charge=X mult=Y"
    second_line = lines[1]
    charge = int(second_line.split("charge=")[1].split()[0])
    mult   = int(second_line.split("mult=")[1].split()[0])
    spin   = mult - 1   # PySCF spin input is 2S = mult - 1
    mol_name = second_line.split()[0]

    # Coordinates only (skip the atom count and comment lines)
    atoms = "".join(lines[2:])

    print(f"\n{'='*60}")
    print(f"Running: {mol_name}  charge={charge}  spin={spin}")
    print(f"{'='*60}")

    mol = gto.M(
        atom=atoms,
        basis=basis,
        verbose=4,
        output=os.path.join(out_dir, f"{mol_name}_{basis}.out"),
        unit="angstrom",
        symmetry=symmetry,
        charge=charge,
        spin=spin,
        max_memory=40000,
    )

    mf = scf.RHF(mol)
    mf.max_cycle = 200
    mf = mf.newton()
    mf.kernel()

    # Stability check loop — at most 10 attempts
    max_stability_cycles = 10
    stable = False
    for stability_iter in range(max_stability_cycles):
        mo_i, _, stable, _ = mf.stability(return_status=True)
        if stable:
            break
        dm = mf.make_rdm1(mo_i, mf.mo_occ)
        mf.kernel(dm0=dm)

    if not stable or not mf.converged:
        print(f"  !! SCF did not converge for {mol_name} — skipping.")
        with open(results_file, "a") as out:
            out.write(f"{mol_name:<16s} {charge:>6d} {spin:>6d} {'N/A':>6s} "
                      f"{'UNCONVERGED':>20s} {'UNCONVERGED':>20s} {'UNCONVERGED':>20s}\n")
        continue

    energy = mf.e_tot

    mycc = cc.CCSD(mf)
    mycc.set_frozen()
    mycc.kernel()
    e_ccsd = mycc.e_tot
    et = mycc.ccsd_t()
    e_ccsdt = e_ccsd + et
    frozen = mycc.frozen

    with open(results_file, "a") as out:
        out.write(f"{mol_name:<16s} {charge:>6d} {spin:>6d} {frozen:>6d} "
                  f"{energy:>20.10f} {e_ccsd:>20.10f} {e_ccsdt:>20.10f}\n")

    print(f"  => E_RHF({mol_name})     = {energy:.10f} Eh")
    print(f"  => E_CCSD({mol_name})    = {e_ccsd:.10f} Eh")
    print(f"  => E_CCSD(T)({mol_name}) = {e_ccsdt:.10f} Eh")

print(f"\nAll calculations complete. Results saved to {results_file}")
#INFO: ******************** input file end ********************


System: uname_result(system='Linux', node='bnode0308.rc.int.colorado.edu', release='4.18.0-477.27.1.el8_8.x86_64', version='#1 SMP Thu Aug 31 10:29:22 EDT 2023', machine='x86_64')  Threads 28
Python 3.10.2 | packaged by conda-forge | (main, Mar  8 2022, 15:52:01) [GCC 9.4.0]
numpy 2.0.2  scipy 1.14.1  h5py 3.12.1
Date: Tue May 12 13:18:16 2026
PySCF version 2.9.0
PySCF path  /projects/yizh8382/tools/lno_pyscf_gcc
GIT HEAD (branch master) 142756584ed3963728cc1f6823286f4605811a6c

[ENV] PYSCF_TMPDIR /scratch/alpine/yizh8382/pyscf
[ENV] PYSCF_EXT_PATH /home/yizh8382/tools/pyscf-forge
[CONFIG] conf_file None
[INPUT] verbose = 4
[INPUT] num. atoms = 4
[INPUT] num. electrons = 24
[INPUT] charge = 0
[INPUT] spin (= nelec alpha-beta = 2S) = 0
[INPUT] symmetry False subgroup None
[INPUT] Mole.unit = angstrom
[INPUT] Symbol           X                Y                Z      unit          X                Y                Z       unit  Magmom
[INPUT]  1 C      0.000000000000   0.397532000000   0.000000000000 AA    0.000000000000   0.751226605751   0.000000000000 Bohr   0.0
[INPUT]  2 O      1.147071000000   0.120481000000   0.000000000000 AA    2.167650035431   0.227676093214   0.000000000000 Bohr   0.0
[INPUT]  3 H     -0.445830000000   1.393761000000   0.000000000000 AA   -0.842496598115   2.633826573100   0.000000000000 Bohr   0.0
[INPUT]  4 F     -0.970082000000  -0.526978000000   0.000000000000 AA   -1.833189298370  -0.995844093671   0.000000000000 Bohr   0.0

nuclear repulsion = 67.435401188
number of shells = 33
number of NR pGTOs = 142
number of NR cGTOs = 104
basis = ccpvtz
ecp = {}
CPU time:     87518.89




******** <class 'pyscf.soscf.newton_ah.SecondOrderRHF'> ********
method = SecondOrderRHF
initial guess = minao
damping factor = 0
level_shift factor = 0
DIIS = <class 'pyscf.scf.diis.CDIIS'>
diis_start_cycle = 1
diis_space = 8
diis_damp = 0
SCF conv_tol = 1e-09
SCF conv_tol_grad = None
SCF max_cycles = 200
direct_scf = True
direct_scf_tol = 1e-13
chkfile to save SCF result = /scratch/alpine/yizh8382/pyscf/tmpn2k1f2vv
max_memory 40000 MB (current use 4516 MB)
******** <class 'pyscf.scf.hf.RHF'> Newton solver flags ********
SCF tol = 1e-09
conv_tol_grad = None
max. SCF cycles = 200
direct_scf = True
direct_scf_tol = 1e-13
chkfile to save SCF result = /scratch/alpine/yizh8382/pyscf/tmpn2k1f2vv
max_cycle_inner = 12
max_stepsize = 0.05
ah_start_tol = 1e+09
ah_level_shift = 0
ah_conv_tol = 1e-12
ah_lindep = 1e-14
ah_start_cycle = 1
ah_max_cycle = 40
ah_grad_trust_region = 2.5
kf_interval = 4
kf_trust_region = 5
canonicalization = True
max_memory 40000 MB (current use 4516 MB)
Set conv_tol_grad to 3.16228e-05
Initial guess from minao.
  HOMO = -0.420404369993371  LUMO = 0.0408477048167819
Initial guess E= -212.695491578483  |g|= 0.815154
macro= 0  E= -212.831980415002  delta_E= -0.136489  |g|= 0.0927643  3 KF 9 JK
macro= 1  E= -212.832031450964  delta_E= -5.1036e-05  |g|= 8.47073e-05  3 KF 11 JK
macro= 2  E= -212.832031450963  delta_E= 3.97904e-13  |g|= 3.09011e-06  1 KF 2 JK
Canonicalize SCF orbitals
macro X = 3  E=-212.832031450963  |g|= 3.09011e-06  total 8 KF 26 JK
converged SCF energy = -212.832031450963
rhf_internal: lowest eigs of H = [0.97356516 1.3819312  1.5702687 ]
<class 'pyscf.soscf.newton_ah.SecondOrderRHF'> wavefunction is stable in the internal stability analysis

******** <class 'pyscf.cc.ccsd.CCSD'> ********
CC2 = 0
CCSD nocc = 9, nmo = 101
frozen orbitals 3
max_cycle = 50
direct = 0
conv_tol = 1e-07
conv_tol_normt = 1e-05
diis_space = 6
diis_start_cycle = 0
diis_start_energy_diff = 1e+09
max_memory 40000 MB (current use 4516 MB)
Init t2, MP2 energy = -213.470421978442  E_corr(MP2) -0.638390527478743
Init E_corr(CCSD) = -0.638390527479839
cycle = 1  E_corr(CCSD) = -0.621069636168676  dE = 0.0173208913  norm(t1,t2) = 0.0649623
cycle = 2  E_corr(CCSD) = -0.640127177887471  dE = -0.0190575417  norm(t1,t2) = 0.0227811
cycle = 3  E_corr(CCSD) = -0.638654449840696  dE = 0.00147272805  norm(t1,t2) = 0.0130584
cycle = 4  E_corr(CCSD) = -0.640344317161875  dE = -0.00168986732  norm(t1,t2) = 0.004663
cycle = 5  E_corr(CCSD) = -0.640557997658841  dE = -0.000213680497  norm(t1,t2) = 0.00103266
cycle = 6  E_corr(CCSD) = -0.640441741649574  dE = 0.000116256009  norm(t1,t2) = 0.000342123
cycle = 7  E_corr(CCSD) = -0.640415372932012  dE = 2.63687176e-05  norm(t1,t2) = 0.000112074
cycle = 8  E_corr(CCSD) = -0.640424141703244  dE = -8.76877123e-06  norm(t1,t2) = 4.28719e-05
cycle = 9  E_corr(CCSD) = -0.64042460192076  dE = -4.60217516e-07  norm(t1,t2) = 2.08638e-05
cycle = 10  E_corr(CCSD) = -0.640424012267264  dE = 5.89653497e-07  norm(t1,t2) = 6.01068e-06
cycle = 11  E_corr(CCSD) = -0.640423807580614  dE = 2.04686649e-07  norm(t1,t2) = 3.05415e-06
cycle = 12  E_corr(CCSD) = -0.640423707614403  dE = 9.99662112e-08  norm(t1,t2) = 9.91152e-07
CCSD converged
E(CCSD) = -213.4724551585777  E_corr = -0.6404237076144029
CCSD(T) correction = -0.024776414409973
