------------------------------------------- AFQMC Sampling Started -------------------------------------------
Hostname: gpua016.delta.ncsa.illinois.edu
System Type: Linux
Machine Type: x86_64
Processor: x86_64
Using GPU.
System: Linux
Node Name: gpua016.delta.ncsa.illinois.edu
Release: 5.14.0-427.91.1.el9_4.x86_64
Version: #1 SMP PREEMPT_DYNAMIC Wed Sep 17 10:08:59 EDT 2025
Machine: x86_64
Processor: x86_64
Decomposing Unrestricted T2 amplitudes
Throw 0 vectors in T2 deomposition
SVD cutoff = 1.00e-08 | error = 1.55e-15
number of T2 decomposition vectors 230
norb: 28
nelec: (5, 5)
n_eql: 120
n_blocks: 1000
n_walkers: 300
dt: 0.005
max_error: 0.0
seed: 17
walker_type: uhf
trial: uccsd_pt2
free_projection: False
use_gpu: True
n_exp_terms: 6
n_prop_steps: 50
save_walkers: False
n_batch: 1
nchol_chunk: 100
mix_precision: True
initial AFQMC/pt2CCSD Energy is -93.140380
Propagating with 300 walkers
----------------------------------------------- Equilibration ------------------------------------------------
inv_T        weight  killW        energy   runTime
 0.00    300.000000      0    -92.858678     11.00
 3.00    304.059173      0    -93.144835     17.46
 6.00    304.247293      0    -93.151972     18.03
 9.00    303.564310      0    -93.128840     18.61
12.00    303.521764      0    -93.132704     19.19
15.00    303.926528      0    -93.176615     19.77
18.00    303.677206      0    -93.152484     20.35
21.00    303.820101      0    -93.131044     20.93
24.00    303.998767      0    -93.172368     21.50
27.00    303.280399      0    -93.163431     22.08
30.00    304.026690      0    -93.185039     22.66
---------------------------------------------- Sampling Blocks -----------------------------------------------
blocks        weight  killW       E_Guide     error       E_Trial     error     olp_T/G     error  Walltime
    20    303.888148      0    -93.149245  0.005448    -93.151881  0.000947    1.003890  0.000416   29.76
    40    303.420078      0    -93.147467  0.003154    -93.151449  0.000650    1.004079  0.000260   31.15
    60    303.136157      0    -93.156323  0.005687    -93.152533  0.000933    1.004113  0.000233   32.54
    80    302.770362      1    -93.155685  0.004678    -93.152206  0.000744    1.004097  0.000206   33.92
   100    302.481642      1    -93.155165  0.003474    -93.151917  0.000718    1.004101  0.000165   35.31
   120    302.203058      1    -93.154071  0.003841    -93.151910  0.000651    1.004216  0.000153   36.70
   140    301.975154      2    -93.153436  0.003317    -93.151960  0.000600    1.004220  0.000133   38.09
   160    301.797562      2    -93.154148  0.002931    -93.151838  0.000536    1.004163  0.000127   39.47
   180    301.628017      2    -93.154927  0.002702    -93.152130  0.000548    1.004062  0.000132   40.86
   200    301.472366      2    -93.155153  0.002450    -93.152050  0.000523    1.004017  0.000130   42.25
   220    301.329238      2    -93.155409  0.002313    -93.151939  0.000485    1.003972  0.000125   43.63
   240    301.214307      2    -93.155823  0.002196    -93.151902  0.000449    1.003961  0.000115   45.01
   260    301.089851      2    -93.154636  0.002189    -93.151910  0.000434    1.003978  0.000109   46.40
   280    300.985362      3    -93.154288  0.002045    -93.151825  0.000408    1.003958  0.000104   47.80
   300    300.896914      3    -93.154527  0.001915    -93.151816  0.000390    1.003914  0.000104   49.19
   320    300.816011      3    -93.155029  0.001891    -93.151638  0.000393    1.003929  0.000100   50.58
   340    300.735181      3    -93.154546  0.001839    -93.151613  0.000374    1.003870  0.000103   51.96
   360    300.685846      3    -93.155872  0.002015    -93.151640  0.000378    1.003887  0.000098   53.35
   380    300.627749      3    -93.156114  0.001917    -93.151647  0.000362    1.003846  0.000098   54.74
   400    300.575979      3    -93.156082  0.001824    -93.151659  0.000348    1.003830  0.000094   56.12
   420    300.524567      3    -93.155828  0.001852    -93.151776  0.000351    1.003834  0.000092   57.51
   440    300.487241      3    -93.156177  0.001842    -93.151775  0.000337    1.003849  0.000095   58.89
   460    300.451537      3    -93.156822  0.001815    -93.151764  0.000327    1.003834  0.000093   60.33
   480    300.412530      3    -93.157174  0.001888    -93.151807  0.000318    1.003832  0.000092   61.71
   500    300.372881      3    -93.157177  0.001842    -93.151830  0.000311    1.003826  0.000090   63.10
   520    300.336808      3    -93.157072  0.001762    -93.151730  0.000304    1.003832  0.000088   64.49
   540    300.296622      3    -93.156644  0.001735    -93.151733  0.000295    1.003827  0.000085   65.88
   560    300.266868      3    -93.156683  0.001697    -93.151724  0.000288    1.003815  0.000084   67.27
   580    300.231549      3    -93.156349  0.001631    -93.151628  0.000280    1.003828  0.000082   68.65
   600    300.203479      3    -93.156483  0.001634    -93.151641  0.000275    1.003803  0.000081   70.04
   620    300.180121      3    -93.156390  0.001596    -93.151620  0.000268    1.003822  0.000079   71.43
   640    300.154494      3    -93.156422  0.001566    -93.151582  0.000261    1.003836  0.000077   72.81
   660    300.136170      3    -93.156663  0.001506    -93.151591  0.000255    1.003883  0.000088   74.20
   680    300.117633      3    -93.156942  0.001486    -93.151657  0.000252    1.003887  0.000093   75.60
   700    300.092080      3    -93.156579  0.001463    -93.151591  0.000246    1.003918  0.000094   76.98
   720    300.075068      3    -93.156595  0.001417    -93.151598  0.000242    1.003896  0.000092   78.36
   740    300.055832      3    -93.156569  0.001389    -93.151522  0.000248    1.003903  0.000090   79.75
   760    300.035806      3    -93.156256  0.001373    -93.151535  0.000242    1.003897  0.000089   81.14
   780    300.020310      3    -93.156213  0.001339    -93.151584  0.000245    1.003892  0.000087   82.53
   800    300.005677      3    -93.156262  0.001317    -93.151644  0.000246    1.003895  0.000083   83.92
   820    299.992671      3    -93.156243  0.001296    -93.151637  0.000242    1.003898  0.000082   85.31
   840    299.980748      3    -93.156220  0.001264    -93.151584  0.000238    1.003904  0.000080   86.70
   860    299.970421      3    -93.156348  0.001264    -93.151587  0.000248    1.003893  0.000078   88.09
   880    299.954434      3    -93.156195  0.001238    -93.151575  0.000243    1.003888  0.000077   89.48
   900    299.944968      3    -93.156339  0.001210    -93.151551  0.000240    1.003866  0.000077   90.87
   920    299.930808      3    -93.156273  0.001186    -93.151556  0.000236    1.003842  0.000078   92.25
   940    299.918396      3    -93.156133  0.001160    -93.151560  0.000234    1.003826  0.000080   93.65
   960    299.908583      3    -93.156169  0.001134    -93.151560  0.000231    1.003799  0.000083   95.04
   980    299.901043      3    -93.156305  0.001110    -93.151563  0.000228    1.003780  0.000083   96.43
  1000    299.890200      3    -93.156140  0.001096    -93.151569  0.000225    1.003782  0.000083   97.82
---------------------------------------------- Post Propagation ----------------------------------------------
Total number of samples 1000
Raw AFQMC/HF (Guide) energy:           -93.156140 ± 0.001096
Raw Trial/Guide overlap ratio:          1.003782 ± 0.000083
Raw AFQMC/pt2CCSD energy (covariance): -93.151569 ± 0.000225
Raw AFQMC/pt2CCSD energy (dir sample): -93.151569 ± 0.000175
--------------------------------------------- Clean Obeservation ---------------------------------------------
removing energies outside zeta > 30
Outlier energy bound [-93.258139, -93.042663]
Removed 0 outliers with energies []
Clean AFQMC/pt2CCSD overlap ratio:        1.003782 ± 0.000083
Clean AFQMC/pt2CCSD energy (covariance): -93.151569 ± 0.000225
Clean AFQMC/ptCCSD energy (dir sample):  -93.151569 ± 0.000175
--------------------------------------------- Blocking Analysis ----------------------------------------------
nsample = 1000, max_block_size = 25, min_nblocks = 40
   B    NB    NS  Observable     Error    dError
   1  1000  1000    1.003782  0.000032  0.000001
   2   500  1000    1.003782  0.000042  0.000001
   3   333   999    1.003779  0.000048  0.000002
   4   250  1000    1.003782  0.000054  0.000002
   5   200  1000    1.003782  0.000056  0.000003
   6   166   996    1.003776  0.000060  0.000003
   7   142   994    1.003777  0.000062  0.000004
   8   125  1000    1.003782  0.000064  0.000004
   9   111   999    1.003779  0.000065  0.000004
  10   100  1000    1.003782  0.000066  0.000005
  11    90   990    1.003781  0.000069  0.000005
  12    83   996    1.003776  0.000070  0.000005
  13    76   988    1.003781  0.000072  0.000006
  14    71   994    1.003777  0.000074  0.000006
  15    66   990    1.003781  0.000075  0.000007
  16    62   992    1.003779  0.000072  0.000007
  17    58   986    1.003780  0.000079  0.000007
  18    55   990    1.003781  0.000077  0.000007
  19    52   988    1.003781  0.000075  0.000007
  20    50  1000    1.003782  0.000080  0.000008
  21    47   987    1.003781  0.000079  0.000008
  22    45   990    1.003781  0.000082  0.000009
  23    43   989    1.003781  0.000077  0.000008
  24    41   984    1.003779  0.000083  0.000009
  25    40  1000    1.003782  0.000082  0.000009
Fit (variance): plateau_var = 6.415e-09 ± 5.443e-10
Fit (error):    plateau = 0.000080 ± 0.000003
     autocorrelation length ~ 7.7 blocks
     plateau reached at block size ~ 36
     !!!Failed to reach plateau in blocking
     Return max block error
nclean = 1000, max_block_size = 25, min_nblocks = 40
Blk_SZ   NBlk   NSmp      Energy     Error    dError
     1   1000   1000  -93.151428  0.000175  0.000004
     2    500   1000  -93.151456  0.000195  0.000006
     3    333    999  -93.151474  0.000207  0.000008
     4    250   1000  -93.151487  0.000205  0.000009
     5    200   1000  -93.151493  0.000209  0.000010
     6    166    996  -93.151509  0.000203  0.000011
     7    142    994  -93.151500  0.000210  0.000013
     8    125   1000  -93.151507  0.000202  0.000013
     9    111    999  -93.151517  0.000214  0.000014
    10    100   1000  -93.151518  0.000207  0.000015
    11     90    990  -93.151503  0.000210  0.000016
    12     83    996  -93.151529  0.000183  0.000014
    13     76    988  -93.151519  0.000180  0.000015
    14     71    994  -93.151531  0.000192  0.000016
    15     66    990  -93.151513  0.000193  0.000017
    16     62    992  -93.151533  0.000191  0.000017
    17     58    986  -93.151523  0.000190  0.000018
    18     55    990  -93.151525  0.000212  0.000020
    19     52    988  -93.151522  0.000207  0.000020
    20     50   1000  -93.151538  0.000186  0.000019
    21     47    987  -93.151528  0.000178  0.000019
    22     45    990  -93.151525  0.000207  0.000022
    23     43    989  -93.151535  0.000177  0.000019
    24     41    984  -93.151533  0.000183  0.000021
    25     40   1000  -93.151551  0.000173  0.000020
Fit (variance): plateau_var = 3.941051e-08 ± 1.212995e-09
Fit (error):    plateau = 0.000199 ± 0.000003
     autocorrelation length ~ 0.5 blocks
     plateau reached at block size ~ 3
Final AFQMC/pt2CCSD overlap ratio: 1.003782 ± 0.000083
Final AFQMC/pt2CCSD energy: -93.151569 ± 0.000199
Total run time: 107.19
------------------------------------------ AFQMC Sampling Finished -------------------------------------------
