
    ________                     _____                    
    ___  __ \___  __________________(_)_____________ _    
    __  /_/ /  / / /_  __ \_  __ \_  /__  __ \_  __ `/    
    _  _, _// /_/ /_  / / /  / / /  / _  / / /  /_/ /     
    /_/ |_| \__,_/ /_/ /_//_/ /_//_/  /_/ /_/_\__, /      
                                             /____/       
    _____________________________  ___________            
    ___    |__  ____/_  __ \__   |/  /_  ____/            
    __  /| |_  /_   _  / / /_  /|_/ /_  /                 
    _  ___ |  __/   / /_/ /_  /  / / / /___               
    /_/  |_/_/      \___\_\/_/  /_/  \____/               

Hostname:     gpua011.delta.ncsa.illinois.edu
System:       Linux
Node:         gpua011.delta.ncsa.illinois.edu
Release:      5.14.0-427.91.1.el9_4.x86_64
Machine:      x86_64
Processor:    x86_64
JAX backend:  GPU
JAX devices:  [CudaDevice(id=0)]
Device kind:  NVIDIA A100-SXM4-40GB
Platform:     gpu

Load system from Integral File
Maximum memory per walker:            66.67 MB
Maximum number of Cholesky per chunk: 486
Number of Cholesky chunks:            1
Number of Cholesky per chunk:         402
Number of padding Cholesky:           0

QMC System
Number of electrons: (5, 5)
Spin Multiplicity:   0
Number of orbitals:  67
Number of Chol:      402

QMC Parameters
eql_time            :                   50
n_blocks            :                 1000
n_walkers           :                  300
max_error           :                  0.0
seed                :                   17
walker_type         :                  uhf
trial               :             upt2ccsd
mix_precision       :                 True
max_memory          :                20000
dt                  :                0.005
n_exp_terms         :                    6
n_prop_steps        :                   50
save_walkers        :                False
free_projection     :                False
n_batch             :                    1
nchol_chunk         :                  402

Initalize QMC walkers by stochastic CCSD

Equilibration
inv_T        weight  killW        energy   runTime
 0.00    300.000000      0    -93.231759     10.54
 5.00    299.323473      0    -93.225155     18.87
10.00    299.411894      0    -93.226389     21.01
15.00    299.336257      0    -93.232867     23.14
20.00    300.449042      0    -93.268285     25.28
25.00    299.289242      0    -93.267003     27.43
30.00    299.869088      0    -93.266400     29.57
35.00    299.843972      0    -93.300181     31.70
40.00    300.363996      0    -93.258775     33.84
45.00    299.492240      0    -93.237741     35.97
50.00    298.917889      0    -93.240450     38.11

Sampling
blocks        weight  killW       E_Guide     error       E_Trial     error     olp_T/G     error  Walltime
    20    299.316255      0    -93.259974  0.009044    -93.250494  0.001364    1.002940  0.000736   64.41
    40    299.100555      0    -93.245879  0.009994    -93.249747  0.000812    1.003392  0.000497   85.42
    60    299.143805      0    -93.246064  0.006340    -93.250026  0.000683    1.003432  0.000320  106.52
    80    299.140400      0    -93.244271  0.004968    -93.249470  0.000634    1.003660  0.000278  127.59
   100    299.123325      0    -93.245033  0.004093    -93.249490  0.000568    1.003608  0.000223  148.69
   120    299.184202      0    -93.249538  0.004835    -93.249941  0.000621    1.003803  0.000227  169.79
   140    299.187593      0    -93.251787  0.004397    -93.250084  0.000623    1.003841  0.000196  190.86
   160    299.191252      0    -93.254364  0.004215    -93.250829  0.000692    1.003824  0.000173  211.96
   180    299.184892      0    -93.253817  0.003771    -93.250509  0.000638    1.003792  0.000156  233.03
   200    299.172942      0    -93.253621  0.003414    -93.250386  0.000589    1.003790  0.000141  254.12
   220    299.142427      0    -93.252604  0.003178    -93.250140  0.000546    1.003830  0.000132  275.21
   240    299.131275      0    -93.252678  0.002924    -93.250126  0.000523    1.003857  0.000124  296.31
   260    299.129166      1    -93.252441  0.002700    -93.250115  0.000495    1.003869  0.000116  317.39
   280    299.124091      1    -93.252267  0.002516    -93.250071  0.000467    1.003853  0.000107  338.49
   300    299.117757      1    -93.252030  0.002351    -93.249945  0.000441    1.003823  0.000104  359.58
   320    299.095560      1    -93.251548  0.002279    -93.249832  0.000419    1.003810  0.000099  380.65
   340    299.100319      1    -93.252118  0.002190    -93.249809  0.000401    1.003773  0.000096  401.74
   360    299.097726      1    -93.252160  0.002070    -93.249809  0.000384    1.003772  0.000091  422.82
   380    299.086570      1    -93.251874  0.001984    -93.249798  0.000372    1.003784  0.000087  443.91
   400    299.087394      2    -93.252295  0.001929    -93.250051  0.000409    1.003737  0.000088  465.00
   420    299.080466      3    -93.251822  0.001867    -93.249972  0.000399    1.003737  0.000085  486.08
   440    299.084168      3    -93.252078  0.001797    -93.249950  0.000382    1.003693  0.000091  507.17
   460    299.084784      3    -93.252321  0.001739    -93.250075  0.000426    1.003678  0.000089  528.26
   480    299.093255      3    -93.253030  0.001777    -93.250198  0.000432    1.003653  0.000086  549.34
   500    299.090931      3    -93.252746  0.001733    -93.250120  0.000418    1.003673  0.000084  570.45
   520    299.080135      3    -93.252449  0.001684    -93.250158  0.000408    1.003670  0.000086  591.53
   540    299.075214      3    -93.252570  0.001651    -93.250155  0.000394    1.003667  0.000084  613.19
   560    299.077539      3    -93.252572  0.001577    -93.250158  0.000383    1.003692  0.000083  634.25
   580    299.071024      3    -93.252168  0.001556    -93.250105  0.000372    1.003693  0.000081  655.33
   600    299.063313      3    -93.251875  0.001644    -93.250040  0.000364    1.003721  0.000081  676.42
   620    299.057417      3    -93.251668  0.001605    -93.250098  0.000379    1.003754  0.000086  697.50
   640    299.051998      3    -93.251442  0.001635    -93.250009  0.000369    1.003753  0.000083  718.60
   660    299.054651      5    -93.251714  0.001588    -93.250130  0.000380    1.003728  0.000082  739.68
   680    299.047856      5    -93.251460  0.001561    -93.250105  0.000371    1.003694  0.000091  760.77
   700    299.049847      6    -93.251492  0.001527    -93.250111  0.000363    1.003697  0.000088  781.87
   720    299.047268      6    -93.251473  0.001463    -93.250129  0.000356    1.003672  0.000088  802.94
   740    299.046644      6    -93.251457  0.001434    -93.250107  0.000350    1.003642  0.000091  824.03
   760    299.042761      6    -93.251154  0.001405    -93.250060  0.000342    1.003639  0.000090  845.10
   780    299.043857      6    -93.251271  0.001369    -93.250071  0.000337    1.003633  0.000088  866.20
   800    299.038084      6    -93.251011  0.001454    -93.249997  0.000330    1.003662  0.000092  887.27
   820    299.040439      6    -93.251342  0.001456    -93.250034  0.000324    1.003646  0.000092  908.35
   840    299.040441      6    -93.251333  0.001483    -93.250019  0.000318    1.003665  0.000091  929.46
   860    299.041097      6    -93.251458  0.001483    -93.249983  0.000314    1.003679  0.000090  950.55
   880    299.042668      6    -93.251808  0.001450    -93.249979  0.000308    1.003682  0.000089  971.64
   900    299.040604      6    -93.251850  0.001457    -93.249983  0.000303    1.003675  0.000087  992.75
   920    299.039764      6    -93.251934  0.001423    -93.250073  0.000303    1.003696  0.000087 1013.83
   940    299.037065      6    -93.251807  0.001391    -93.250035  0.000298    1.003711  0.000087 1034.92
   960    299.035681      7    -93.251975  0.001360    -93.250078  0.000294    1.003701  0.000086 1056.00
   980    299.034202      7    -93.251908  0.001330    -93.250065  0.000289    1.003685  0.000085 1077.08
  1000    299.035457      7    -93.252155  0.001314    -93.250118  0.000286    1.003674  0.000086 1098.18

Post Propagation Process
Total number of samples 1000
Raw AFQMC/HF (Guide) energy:           -93.252155 ± 0.001314
Raw Trial/Guide overlap ratio:          1.003674 ± 0.000086
Raw AFQMC/pt2CCSD energy (covariance): -93.250118 ± 0.000286
Raw AFQMC/pt2CCSD energy (dir sample): -93.250118 ± 0.000234

Remove Outliers
removing energies outside zeta > 30
Outlier energy bound [-93.370927, -93.126415]
Removed 0 outliers with energies []
Clean AFQMC/pt2CCSD overlap ratio:        1.003674 ± 0.000086
Clean AFQMC/pt2CCSD energy (covariance): -93.250118 ± 0.000286
Clean AFQMC/ptCCSD energy (dir sample):  -93.250118 ± 0.000234

Blocking Analysis
nsample = 1000, max_block_size = 25, min_nblocks = 40
   B    NB    NS  Observable     Error    dError
   1  1000  1000    1.003675  0.000031  0.000001
   2   500  1000    1.003675  0.000040  0.000001
   3   333   999    1.003673  0.000046  0.000002
   4   250  1000    1.003675  0.000051  0.000002
   5   200  1000    1.003675  0.000054  0.000003
   6   166   996    1.003674  0.000059  0.000003
   7   142   994    1.003674  0.000060  0.000004
   8   125  1000    1.003675  0.000063  0.000004
   9   111   999    1.003673  0.000065  0.000004
  10   100  1000    1.003675  0.000068  0.000005
  11    90   990    1.003676  0.000072  0.000005
  12    83   996    1.003674  0.000072  0.000006
  13    76   988    1.003677  0.000076  0.000006
  14    71   994    1.003674  0.000075  0.000006
  15    66   990    1.003676  0.000074  0.000007
  16    62   992    1.003676  0.000078  0.000007
  17    58   986    1.003679  0.000081  0.000008
  18    55   990    1.003676  0.000077  0.000007
  19    52   988    1.003677  0.000081  0.000008
  20    50  1000    1.003674  0.000084  0.000009
  21    47   987    1.003678  0.000086  0.000009
  22    45   990    1.003676  0.000085  0.000009
  23    43   989    1.003676  0.000083  0.000009
  24    41   984    1.003682  0.000082  0.000009
  25    40  1000    1.003674  0.000085  0.000010
Fit (variance): plateau_var = 7.754e-09 ± 8.925e-10
Fit (error):    plateau = 0.000088 ± 0.000005
     autocorrelation length ~ 10.8 blocks
     plateau reached at block size ~ 50
     !!!Failed to reach plateau in blocking
     Return max block error
nclean = 1000, max_block_size = 25, min_nblocks = 40
Blk_SZ   NBlk   NSmp      Energy     Error    dError
     1   1000   1000  -93.249968  0.000235  0.000005
     2    500   1000  -93.249996  0.000260  0.000008
     3    333    999  -93.250020  0.000261  0.000010
     4    250   1000  -93.250035  0.000274  0.000012
     5    200   1000  -93.250041  0.000280  0.000014
     6    166    996  -93.250017  0.000275  0.000015
     7    142    994  -93.250024  0.000287  0.000017
     8    125   1000  -93.250061  0.000290  0.000018
     9    111    999  -93.250071  0.000275  0.000019
    10    100   1000  -93.250061  0.000291  0.000021
    11     90    990  -93.250026  0.000301  0.000023
    12     83    996  -93.250044  0.000283  0.000022
    13     76    988  -93.250036  0.000286  0.000023
    14     71    994  -93.250052  0.000264  0.000022
    15     66    990  -93.250039  0.000284  0.000025
    16     62    992  -93.250036  0.000289  0.000026
    17     58    986  -93.250043  0.000253  0.000024
    18     55    990  -93.250044  0.000294  0.000028
    19     52    988  -93.250043  0.000280  0.000028
    20     50   1000  -93.250081  0.000281  0.000028
    21     47    987  -93.250037  0.000308  0.000032
    22     45    990  -93.250045  0.000263  0.000028
    23     43    989  -93.250051  0.000275  0.000030
    24     41    984  -93.250046  0.000292  0.000033
    25     40   1000  -93.250091  0.000285  0.000032
Fit (variance): plateau_var = 7.931945e-08 ± 3.111610e-09
Fit (error):    plateau = 0.000282 ± 0.000006
     autocorrelation length ~ 1.8 blocks
     plateau reached at block size ~ 8
Final AFQMC/pt2CCSD overlap ratio: 1.003674 ± 0.000086
Final AFQMC/pt2CCSD energy: -93.250118 ± 0.000282
Total run time: 1121.13

AFQMC Sampling Finished

