#INFO: **** input file is /work/hdd/bdka/yzhang65/w4_17/w4-17_all/afqmc_input/run_afqmc.py ****
import os
os.environ.setdefault("XLA_PYTHON_CLIENT_ALLOCATOR", "platform")

import jax
jax.config.update("jax_enable_x64", True)

import glob
import numpy as np
from pyscf import gto, scf, cc
from afqmc import prep, launch_afqmc
import re

def extract_afqmc_energy(filename):
    """Extract the final AFQMC/pt2CCSD energy and its uncertainty from an afqmc.out file.
    
    Returns (0, 0) if the value cannot be found or the file cannot be read.
    """
    pattern = re.compile(
        r"Final AFQMC/pt2CCSD energy:\s*"
        r"([-+]?\d*\.?\d+(?:[eE][-+]?\d+)?)"   # energy
        r"\s*(?:±|\+/-)\s*"
        r"([-+]?\d*\.?\d+(?:[eE][-+]?\d+)?)"   # error
    )
    try:
        with open(filename, "r", encoding="utf-8") as f:
            for line in f:
                m = pattern.search(line)
                if m:
                    return float(m.group(1)), float(m.group(2))
    except (OSError, IOError):
        pass
    return 0, 0

# basis = "ccpvdz"
xyz_dir = "../w4_17_xyz/closed_shell"
results_file = f"./closed_shell_uhf_vdzsd.dat"
out_dir = "../result/molout/closed_shell"
os.makedirs(out_dir, exist_ok=True)

# Set to a list of molecule names to run only those, e.g. ["acetaldehyde", "benzene"]
# Set to None to run all molecules in xyz_dir
select_molecules = None
symmetry = False

def vdzsd(elem):
    if elem in ('H', 'He'):
        raw_basis = gto.basis.load('ccpvdz', elem)
        return [b for b in raw_basis if b[0] != 1]
    else:
        return gto.basis.load('ccpvdz', elem)

def get_vdzsd_basis(atoms):
    elems = {line.split()[0] for line in atoms.strip().splitlines() if line.strip()}
    basis_dict = {el: vdzsd(el) for el in elems}
    return basis_dict

all_xyz = sorted(glob.glob(os.path.join(xyz_dir, "*.xyz")))
if select_molecules is not None:
    select_set = set(select_molecules)
    xyz_files = [p for p in all_xyz if os.path.splitext(os.path.basename(p))[0] in select_set]
    missing = select_set - {os.path.splitext(os.path.basename(p))[0] for p in xyz_files}
    if missing:
        print(f"Warning: no .xyz file found for: {', '.join(sorted(missing))} in {xyz_dir}")
else:
    xyz_files = all_xyz

with open(results_file, "w") as out:
    out.write(f"{'Molecule':<16s} {'Charge':>6s} {'2S':>6s} {'frozen':>6s} "
              f"{'E_HF (Eh)':>20s} {'E_CCSD (Eh)':>20s} {'E_CCSD(T) (Eh)':>20s} "
              f"{'E_AFQMC (Eh)':>20s} {'E_AFQMC ERR (Eh)':>20s} \n")
    out.write("-" * 100 + "\n")

for xyz_path in xyz_files:
    with open(xyz_path, "r") as f:
        lines = f.readlines()

    # Parse charge and multiplicity from second line: "name charge=X mult=Y"
    second_line = lines[1]
    charge = int(second_line.split("charge=")[1].split()[0])
    mult   = int(second_line.split("mult=")[1].split()[0])
    spin   = mult - 1   # PySCF spin input is 2S = mult - 1
    mol_name = second_line.split()[0]

    # Coordinates only (skip the atom count and comment lines)
    atoms = "".join(lines[2:])
    basis_dict = get_vdzsd_basis(atoms)

    print(f"\n{'='*60}")
    print(f"Running: {mol_name}  charge={charge}  spin={spin}")
    print(f"{'='*60}")

    mol = gto.M(
        atom=atoms,
        basis=basis_dict,
        verbose=4,
        output=os.path.join(out_dir, f"{mol_name}_vdzsd.out"),
        unit="angstrom",
        symmetry=symmetry,
        charge=charge,
        spin=spin,
        max_memory=40000,
    )

    mf = scf.UHF(mol)
    mf.max_cycle = 200
    mf = mf.newton()
    mf.kernel()

    # Stability check loop — at most 10 attempts
    max_stability_cycles = 10
    stable = False
    for stability_iter in range(max_stability_cycles):
        mo_i, _, stable, _ = mf.stability(return_status=True)
        if stable:
            break
        dm = mf.make_rdm1(mo_i, mf.mo_occ)
        mf.kernel(dm0=dm)

    if not stable or not mf.converged:
        print(f"  !! SCF did not converge for {mol_name} — skipping.")
        with open(results_file, "a") as out:
            out.write(f"{mol_name:<16s} {charge:>6d} {spin:>6d} {'N/A':>6s} "
                      f"{'UNCONVERGED':>20s} {'UNCONVERGED':>20s} {'UNCONVERGED':>20s}\n")
        continue

    energy = mf.e_tot

    mycc = cc.CCSD(mf)
    mycc.set_frozen()
    mycc.kernel()
    e_ccsd = mycc.e_tot
    et = mycc.ccsd_t()
    e_ccsdt = e_ccsd + et
    frozen = mycc.frozen

    prep.prep_afqmc(mycc, chol_cut=1e-5)
    options = {'n_eql': 120,
               'n_blocks': 1000,
               'n_walkers': 300,
               'dt':0.005,
               'max_error': 0.0,
               #'nchol_chunk': 200,
               'seed': 17,
               'walker_type': 'uhf',
               'trial': 'uccsd_pt2',
               'free_projection': False,
               'use_gpu': True,
               }
    launch_afqmc.run_afqmc(options)
    afqmc_file = os.path.join(out_dir, f'{mol_name}_afqmc_vdzsd.out')
    os.system(f"mv afqmc.out {afqmc_file}")
    eqmc, eqmc_err = extract_afqmc_energy(f"{afqmc_file}")

    with open(results_file, "a") as out:
        out.write(f"{mol_name:<16s} {charge:>6d} {spin:>6d} {frozen:>6d} "
                  f"{energy:>20.10f} {e_ccsd:>20.10f} {e_ccsdt:>20.10f}"
                  f"{eqmc:>20.10f} {eqmc_err:>20.10f} \n")

    print(f"  => E_HF({mol_name})      = {energy:.10f} Eh")
    print(f"  => E_CCSD({mol_name})    = {e_ccsd:.10f} Eh")
    print(f"  => E_CCSD(T)({mol_name}) = {e_ccsdt:.10f} Eh")
    print(f"  => E_AFQMC({mol_name})   = {eqmc:.10f} +/- {eqmc_err:.10f} Eh")

print(f"\nAll calculations complete. Results saved to {results_file}")
#INFO: ******************** input file end ********************


System: uname_result(system='Linux', node='gpua016.delta.ncsa.illinois.edu', release='5.14.0-427.91.1.el9_4.x86_64', version='#1 SMP PREEMPT_DYNAMIC Wed Sep 17 10:08:59 EDT 2025', machine='x86_64')  Threads 16
Python 3.11.14 (main, Oct 21 2025, 18:31:21) [GCC 11.2.0]
numpy 2.3.5  scipy 1.16.3  h5py 3.15.1
Date: Sun May 17 03:48:08 2026
PySCF version 2.11.0
PySCF path  /u/yzhang65/myprojects/software/pyscf
GIT HEAD (branch master) f520f5381c0b41f716d847009817cbc64e52c0d5

[ENV] PYSCF_TMPDIR /projects/bdka/yzhang65/scratch/pyscf
[ENV] PYSCF_EXT_PATH /u/yzhang65/myprojects/software/pyscf-forge
[CONFIG] conf_file None
[INPUT] verbose = 4
[INPUT] num. atoms = 3
[INPUT] num. electrons = 16
[INPUT] charge = 0
[INPUT] spin (= nelec alpha-beta = 2S) = 0
[INPUT] symmetry False subgroup None
[INPUT] Mole.unit = angstrom
[INPUT] Symbol           X                Y                Z      unit          X                Y                Z       unit  Magmom
[INPUT]  1 N      0.062619000000   0.584988000000   0.000000000000 AA    0.118332760194   1.105467106157   0.000000000000 Bohr   0.0
[INPUT]  2 H     -0.939290000000   0.910719000000   0.000000000000 AA   -1.775000851543   1.721009486438   0.000000000000 Bohr   0.0
[INPUT]  3 O      0.062619000000  -0.625704000000   0.000000000000 AA    0.118332760194  -1.182409195045   0.000000000000 Bohr   0.0

nuclear repulsion = 30.300882342511
number of shells = 12
number of NR pGTOs = 56
number of NR cGTOs = 30
basis = {'O': [[0, [11720.0, 0.00071, -0.00016], [1759.0, 0.00547, -0.001263], [400.8, 0.027837, -0.006267], [113.7, 0.1048, -0.025716], [37.03, 0.283062, -0.070924], [13.27, 0.448719, -0.165411], [5.025, 0.270952, -0.116955], [1.013, 0.015458, 0.557368]], [0, [0.3023, 1.0]], [1, [17.7, 0.043018], [3.854, 0.228913], [1.046, 0.508728]], [1, [0.2753, 1.0]], [2, [1.185, 1.0]]], 'H': [[0, [13.01, 0.019685], [1.962, 0.137977], [0.4446, 0.478148]], [0, [0.122, 1.0]]], 'N': [[0, [9046.0, 0.0007, -0.000153], [1357.0, 0.005389, -0.001208], [309.3, 0.027406, -0.005992], [87.73, 0.103207, -0.024544], [28.56, 0.278723, -0.067459], [10.21, 0.44854, -0.158078], [3.838, 0.278238, -0.121831], [0.7466, 0.01544, 0.549003]], [0, [0.2248, 1.0]], [1, [13.55, 0.039919], [2.917, 0.217169], [0.7973, 0.510319]], [1, [0.2185, 1.0]], [2, [0.817, 1.0]]]}
ecp = {}
CPU time:     12327.64




******** <class 'pyscf.soscf.newton_ah.SecondOrderUHF'> ********
method = SecondOrderUHF
initial guess = minao
damping factor = 0
level_shift factor = 0
DIIS = <class 'pyscf.scf.diis.CDIIS'>
diis_start_cycle = 1
diis_space = 8
diis_damp = 0
SCF conv_tol = 1e-09
SCF conv_tol_grad = None
SCF max_cycles = 200
direct_scf = True
direct_scf_tol = 1e-13
chkfile to save SCF result = /projects/bdka/yzhang65/scratch/pyscf/tmpz40np4m1
max_memory 40000 MB (current use 3133 MB)
number electrons alpha = 8  beta = 8
******** <class 'pyscf.scf.uhf.UHF'> Newton solver flags ********
SCF tol = 1e-09
conv_tol_grad = None
max. SCF cycles = 200
direct_scf = True
direct_scf_tol = 1e-13
chkfile to save SCF result = /projects/bdka/yzhang65/scratch/pyscf/tmpz40np4m1
max_cycle_inner = 12
max_stepsize = 0.05
ah_start_tol = 1e+09
ah_level_shift = 0
ah_conv_tol = 1e-12
ah_lindep = 1e-14
ah_start_cycle = 1
ah_max_cycle = 40
ah_grad_trust_region = 2.5
kf_interval = 4
kf_trust_region = 5
canonicalization = True
max_memory 40000 MB (current use 3133 MB)
Set conv_tol_grad to 3.16228e-05
  alpha nocc = 8  HOMO = -0.219340081724344  LUMO = -0.0956371282446172
  beta  nocc = 8  HOMO = -0.218893525158394  LUMO = -0.0942916520795755
Initial guess E= -129.696836285019  |g|= 0.46827
macro= 0  E= -129.792647785634  delta_E= -0.0958115  |g|= 0.0334577  3 KF 9 JK
macro= 1  E= -129.792676435363  delta_E= -2.86497e-05  |g|= 0.00120816  2 KF 7 JK
macro= 2  E= -129.792671724632  delta_E= 4.71073e-06  |g|= 7.6546e-05  2 KF 8 JK
macro= 3  E= -129.792671724632  delta_E= -2.84217e-14  |g|= 1.09519e-05  1 KF 2 JK
Canonicalize SCF orbitals
macro X = 4  E=-129.792671724632  |g|= 1.09519e-05  total 9 KF 31 JK
converged SCF energy = -129.792671724632  <S^2> = 1.262066e-10  2S+1 = 1
uhf_internal: lowest eigs of H = [-0.11302077 -0.04730608  0.16919117]
<class 'pyscf.soscf.newton_ah.SecondOrderUHF'> wavefunction has an internal instability




******** <class 'pyscf.soscf.newton_ah.SecondOrderUHF'> ********
method = SecondOrderUHF
initial guess = minao
damping factor = 0
level_shift factor = 0
DIIS = <class 'pyscf.scf.diis.CDIIS'>
diis_start_cycle = 1
diis_space = 8
diis_damp = 0
SCF conv_tol = 1e-09
SCF conv_tol_grad = None
SCF max_cycles = 200
direct_scf = True
direct_scf_tol = 1e-13
chkfile to save SCF result = /projects/bdka/yzhang65/scratch/pyscf/tmpz40np4m1
max_memory 40000 MB (current use 3133 MB)
number electrons alpha = 8  beta = 8
******** <class 'pyscf.scf.uhf.UHF'> Newton solver flags ********
SCF tol = 1e-09
conv_tol_grad = None
max. SCF cycles = 200
direct_scf = True
direct_scf_tol = 1e-13
chkfile to save SCF result = /projects/bdka/yzhang65/scratch/pyscf/tmpz40np4m1
max_cycle_inner = 12
max_stepsize = 0.05
ah_start_tol = 1e+09
ah_level_shift = 0
ah_conv_tol = 1e-12
ah_lindep = 1e-14
ah_start_cycle = 1
ah_max_cycle = 40
ah_grad_trust_region = 2.5
kf_interval = 4
kf_trust_region = 5
canonicalization = True
max_memory 40000 MB (current use 3133 MB)
Set conv_tol_grad to 3.16228e-05
  alpha nocc = 8  HOMO = -0.408360216402078  LUMO = 0.164505045255285
  beta  nocc = 8  HOMO = -0.407569491761461  LUMO = 0.161821415518236
Initial guess E= -129.769711836675  |g|= 0.106709
macro= 0  E= -129.793114283271  delta_E= -0.0234024  |g|= 0.106709  2 KF 6 JK
macro= 1  E= -129.797342317171  delta_E= -0.00422803  |g|= 0.0059894  3 KF 9 JK
macro= 2  E= -129.797392819465  delta_E= -5.05023e-05  |g|= 2.45245e-05  3 KF 12 JK
macro= 3  E= -129.797392819511  delta_E= -4.61569e-11  |g|= 5.89531e-06  1 KF 2 JK
Canonicalize SCF orbitals
macro X = 4  E=-129.797392819511  |g|= 5.89531e-06  total 10 KF 34 JK
converged SCF energy = -129.797392819511  <S^2> = 0.30459898  2S+1 = 1.489428
uhf_internal: lowest eigs of H = [-0.01435446  0.1618713   0.20703845]
<class 'pyscf.soscf.newton_ah.SecondOrderUHF'> wavefunction has an internal instability




******** <class 'pyscf.soscf.newton_ah.SecondOrderUHF'> ********
method = SecondOrderUHF
initial guess = minao
damping factor = 0
level_shift factor = 0
DIIS = <class 'pyscf.scf.diis.CDIIS'>
diis_start_cycle = 1
diis_space = 8
diis_damp = 0
SCF conv_tol = 1e-09
SCF conv_tol_grad = None
SCF max_cycles = 200
direct_scf = True
direct_scf_tol = 1e-13
chkfile to save SCF result = /projects/bdka/yzhang65/scratch/pyscf/tmpz40np4m1
max_memory 40000 MB (current use 3133 MB)
number electrons alpha = 8  beta = 8
******** <class 'pyscf.scf.uhf.UHF'> Newton solver flags ********
SCF tol = 1e-09
conv_tol_grad = None
max. SCF cycles = 200
direct_scf = True
direct_scf_tol = 1e-13
chkfile to save SCF result = /projects/bdka/yzhang65/scratch/pyscf/tmpz40np4m1
max_cycle_inner = 12
max_stepsize = 0.05
ah_start_tol = 1e+09
ah_level_shift = 0
ah_conv_tol = 1e-12
ah_lindep = 1e-14
ah_start_cycle = 1
ah_max_cycle = 40
ah_grad_trust_region = 2.5
kf_interval = 4
kf_trust_region = 5
canonicalization = True
max_memory 40000 MB (current use 3133 MB)
Set conv_tol_grad to 3.16228e-05
  alpha nocc = 8  HOMO = -0.427513980634423  LUMO = 0.129123793941512
  beta  nocc = 8  HOMO = -0.437923257708728  LUMO = 0.141505621898484
Initial guess E= -129.783302756464  |g|= 0.050774
macro= 0  E= -129.795909832035  delta_E= -0.0126071  |g|= 0.0180255  3 KF 14 JK
macro= 1  E= -129.797830084205  delta_E= -0.00192025  |g|= 0.00152845  4 KF 17 JK
macro= 2  E= -129.797837277362  delta_E= -7.19316e-06  |g|= 4.99728e-05  3 KF 17 JK
macro= 3  E= -129.797837277362  delta_E= -5.11591e-13  |g|= 5.84174e-06  1 KF 2 JK
Canonicalize SCF orbitals
macro X = 4  E=-129.797837277362  |g|= 5.84174e-06  total 12 KF 55 JK
converged SCF energy = -129.797837277362  <S^2> = 0.42690176  2S+1 = 1.6454808
uhf_internal: lowest eigs of H = [0.02670971 0.1242956  0.21261369]
<class 'pyscf.soscf.newton_ah.SecondOrderUHF'> wavefunction is stable in the internal stability analysis

******** <class 'pyscf.cc.uccsd.UCCSD'> ********
CC2 = 0
CCSD nocc = (np.int64(6), np.int64(6)), nmo = (28, 28)
frozen orbitals 2
max_cycle = 50
direct = 0
conv_tol = 1e-07
conv_tol_normt = 1e-06
diis_space = 6
diis_start_cycle = 0
diis_start_energy_diff = 1e+09
max_memory 40000 MB (current use 3133 MB)
Init t2, MP2 energy = -0.31120458470653
Init E_corr(UCCSD) = -0.311204584724199
cycle = 1  E_corr(UCCSD) = -0.317964185092135  dE = -0.00675960037  norm(t1,t2) = 0.0986703
cycle = 2  E_corr(UCCSD) = -0.330697113056056  dE = -0.012732928  norm(t1,t2) = 0.0505201
cycle = 3  E_corr(UCCSD) = -0.3364360360577  dE = -0.005738923  norm(t1,t2) = 0.0424397
cycle = 4  E_corr(UCCSD) = -0.347318885840914  dE = -0.0108828498  norm(t1,t2) = 0.027962
cycle = 5  E_corr(UCCSD) = -0.346119231185432  dE = 0.00119965466  norm(t1,t2) = 0.0134108
cycle = 6  E_corr(UCCSD) = -0.347015658861798  dE = -0.000896427676  norm(t1,t2) = 0.0100994
cycle = 7  E_corr(UCCSD) = -0.34775392538506  dE = -0.000738266523  norm(t1,t2) = 0.00903507
cycle = 8  E_corr(UCCSD) = -0.348364072713297  dE = -0.000610147328  norm(t1,t2) = 0.00688756
cycle = 9  E_corr(UCCSD) = -0.348952848406634  dE = -0.000588775693  norm(t1,t2) = 0.00445339
cycle = 10  E_corr(UCCSD) = -0.348888997501493  dE = 6.38509051e-05  norm(t1,t2) = 0.00238371
cycle = 11  E_corr(UCCSD) = -0.348919058536065  dE = -3.00610346e-05  norm(t1,t2) = 0.00168301
cycle = 12  E_corr(UCCSD) = -0.348853806419025  dE = 6.5252117e-05  norm(t1,t2) = 0.00112929
cycle = 13  E_corr(UCCSD) = -0.348857834883537  dE = -4.02846451e-06  norm(t1,t2) = 0.000792589
cycle = 14  E_corr(UCCSD) = -0.348897037477507  dE = -3.9202594e-05  norm(t1,t2) = 0.000583023
cycle = 15  E_corr(UCCSD) = -0.348941452048516  dE = -4.4414571e-05  norm(t1,t2) = 0.000369508
cycle = 16  E_corr(UCCSD) = -0.348972893980429  dE = -3.14419319e-05  norm(t1,t2) = 0.000199104
cycle = 17  E_corr(UCCSD) = -0.348971126600565  dE = 1.76737986e-06  norm(t1,t2) = 7.97658e-05
cycle = 18  E_corr(UCCSD) = -0.348969627946444  dE = 1.49865412e-06  norm(t1,t2) = 4.22865e-05
cycle = 19  E_corr(UCCSD) = -0.348966220119058  dE = 3.40782739e-06  norm(t1,t2) = 2.93332e-05
cycle = 20  E_corr(UCCSD) = -0.348964225853067  dE = 1.99426599e-06  norm(t1,t2) = 1.62234e-05
cycle = 21  E_corr(UCCSD) = -0.348963970396634  dE = 2.55456433e-07  norm(t1,t2) = 6.2572e-06
cycle = 22  E_corr(UCCSD) = -0.3489639498454  dE = 2.05512339e-08  norm(t1,t2) = 4.50982e-06
cycle = 23  E_corr(UCCSD) = -0.348963932097023  dE = 1.77483764e-08  norm(t1,t2) = 3.6541e-06
cycle = 24  E_corr(UCCSD) = -0.348963891357859  dE = 4.07391645e-08  norm(t1,t2) = 3.00251e-06
cycle = 25  E_corr(UCCSD) = -0.348963772898053  dE = 1.18459806e-07  norm(t1,t2) = 2.04839e-06
cycle = 26  E_corr(UCCSD) = -0.34896359736292  dE = 1.75535133e-07  norm(t1,t2) = 1.43116e-06
cycle = 27  E_corr(UCCSD) = -0.348963442096618  dE = 1.55266302e-07  norm(t1,t2) = 8.30247e-07
cycle = 28  E_corr(UCCSD) = -0.348963399569438  dE = 4.25271797e-08  norm(t1,t2) = 4.76364e-07
UCCSD converged
E(UCCSD) = -130.1468006769317  E_corr = -0.3489633995694379
UCCSD(T) correction = -0.0108146937323773
