#INFO: **** input file is /work/hdd/bdka/yzhang65/w4_17/w4-17_all/afqmc_input/run_afqmc.py ****
import os
os.environ.setdefault("XLA_PYTHON_CLIENT_ALLOCATOR", "platform")

import jax
jax.config.update("jax_enable_x64", True)

import glob
import numpy as np
from pyscf import gto, scf, cc
from afqmc import prep, launch_afqmc
import re

def extract_afqmc_energy(filename):
    """Extract the final AFQMC/pt2CCSD energy and its uncertainty from an afqmc.out file.
    
    Returns (0, 0) if the value cannot be found or the file cannot be read.
    """
    pattern = re.compile(
        r"Final AFQMC/pt2CCSD energy:\s*"
        r"([-+]?\d*\.?\d+(?:[eE][-+]?\d+)?)"   # energy
        r"\s*(?:±|\+/-)\s*"
        r"([-+]?\d*\.?\d+(?:[eE][-+]?\d+)?)"   # error
    )
    try:
        with open(filename, "r", encoding="utf-8") as f:
            for line in f:
                m = pattern.search(line)
                if m:
                    return float(m.group(1)), float(m.group(2))
    except (OSError, IOError):
        pass
    return 0, 0

# basis = "ccpvdz"
xyz_dir = "../w4_17_xyz/closed_shell"
results_file = f"./closed_shell_uhf_vdzsd.dat"
out_dir = "../result/molout/closed_shell"
os.makedirs(out_dir, exist_ok=True)

# Set to a list of molecule names to run only those, e.g. ["acetaldehyde", "benzene"]
# Set to None to run all molecules in xyz_dir
select_molecules = None
symmetry = False

def vdzsd(elem):
    if elem in ('H', 'He'):
        raw_basis = gto.basis.load('ccpvdz', elem)
        return [b for b in raw_basis if b[0] != 1]
    else:
        return gto.basis.load('ccpvdz', elem)

def get_vdzsd_basis(atoms):
    elems = {line.split()[0] for line in atoms.strip().splitlines() if line.strip()}
    basis_dict = {el: vdzsd(el) for el in elems}
    return basis_dict

all_xyz = sorted(glob.glob(os.path.join(xyz_dir, "*.xyz")))
if select_molecules is not None:
    select_set = set(select_molecules)
    xyz_files = [p for p in all_xyz if os.path.splitext(os.path.basename(p))[0] in select_set]
    missing = select_set - {os.path.splitext(os.path.basename(p))[0] for p in xyz_files}
    if missing:
        print(f"Warning: no .xyz file found for: {', '.join(sorted(missing))} in {xyz_dir}")
else:
    xyz_files = all_xyz

with open(results_file, "w") as out:
    out.write(f"{'Molecule':<16s} {'Charge':>6s} {'2S':>6s} {'frozen':>6s} "
              f"{'E_HF (Eh)':>20s} {'E_CCSD (Eh)':>20s} {'E_CCSD(T) (Eh)':>20s} "
              f"{'E_AFQMC (Eh)':>20s} {'E_AFQMC ERR (Eh)':>20s} \n")
    out.write("-" * 100 + "\n")

for xyz_path in xyz_files:
    with open(xyz_path, "r") as f:
        lines = f.readlines()

    # Parse charge and multiplicity from second line: "name charge=X mult=Y"
    second_line = lines[1]
    charge = int(second_line.split("charge=")[1].split()[0])
    mult   = int(second_line.split("mult=")[1].split()[0])
    spin   = mult - 1   # PySCF spin input is 2S = mult - 1
    mol_name = second_line.split()[0]

    # Coordinates only (skip the atom count and comment lines)
    atoms = "".join(lines[2:])
    basis_dict = get_vdzsd_basis(atoms)

    print(f"\n{'='*60}")
    print(f"Running: {mol_name}  charge={charge}  spin={spin}")
    print(f"{'='*60}")

    mol = gto.M(
        atom=atoms,
        basis=basis_dict,
        verbose=4,
        output=os.path.join(out_dir, f"{mol_name}_vdzsd.out"),
        unit="angstrom",
        symmetry=symmetry,
        charge=charge,
        spin=spin,
        max_memory=40000,
    )

    mf = scf.UHF(mol)
    mf.max_cycle = 200
    mf = mf.newton()
    mf.kernel()

    # Stability check loop — at most 10 attempts
    max_stability_cycles = 10
    stable = False
    for stability_iter in range(max_stability_cycles):
        mo_i, _, stable, _ = mf.stability(return_status=True)
        if stable:
            break
        dm = mf.make_rdm1(mo_i, mf.mo_occ)
        mf.kernel(dm0=dm)

    if not stable or not mf.converged:
        print(f"  !! SCF did not converge for {mol_name} — skipping.")
        with open(results_file, "a") as out:
            out.write(f"{mol_name:<16s} {charge:>6d} {spin:>6d} {'N/A':>6s} "
                      f"{'UNCONVERGED':>20s} {'UNCONVERGED':>20s} {'UNCONVERGED':>20s}\n")
        continue

    energy = mf.e_tot

    mycc = cc.CCSD(mf)
    mycc.set_frozen()
    mycc.kernel()
    e_ccsd = mycc.e_tot
    et = mycc.ccsd_t()
    e_ccsdt = e_ccsd + et
    frozen = mycc.frozen

    prep.prep_afqmc(mycc, chol_cut=1e-5)
    options = {'n_eql': 120,
               'n_blocks': 1000,
               'n_walkers': 300,
               'dt':0.005,
               'max_error': 0.0,
               #'nchol_chunk': 200,
               'seed': 17,
               'walker_type': 'uhf',
               'trial': 'uccsd_pt2',
               'free_projection': False,
               'use_gpu': True,
               }
    launch_afqmc.run_afqmc(options)
    afqmc_file = os.path.join(out_dir, f'{mol_name}_afqmc_vdzsd.out')
    os.system(f"mv afqmc.out {afqmc_file}")
    eqmc, eqmc_err = extract_afqmc_energy(f"{afqmc_file}")

    with open(results_file, "a") as out:
        out.write(f"{mol_name:<16s} {charge:>6d} {spin:>6d} {frozen:>6d} "
                  f"{energy:>20.10f} {e_ccsd:>20.10f} {e_ccsdt:>20.10f}"
                  f"{eqmc:>20.10f} {eqmc_err:>20.10f} \n")

    print(f"  => E_HF({mol_name})      = {energy:.10f} Eh")
    print(f"  => E_CCSD({mol_name})    = {e_ccsd:.10f} Eh")
    print(f"  => E_CCSD(T)({mol_name}) = {e_ccsdt:.10f} Eh")
    print(f"  => E_AFQMC({mol_name})   = {eqmc:.10f} +/- {eqmc_err:.10f} Eh")

print(f"\nAll calculations complete. Results saved to {results_file}")
#INFO: ******************** input file end ********************


System: uname_result(system='Linux', node='gpua016.delta.ncsa.illinois.edu', release='5.14.0-427.91.1.el9_4.x86_64', version='#1 SMP PREEMPT_DYNAMIC Wed Sep 17 10:08:59 EDT 2025', machine='x86_64')  Threads 16
Python 3.11.14 (main, Oct 21 2025, 18:31:21) [GCC 11.2.0]
numpy 2.3.5  scipy 1.16.3  h5py 3.15.1
Date: Sun May 17 03:52:07 2026
PySCF version 2.11.0
PySCF path  /u/yzhang65/myprojects/software/pyscf
GIT HEAD (branch master) f520f5381c0b41f716d847009817cbc64e52c0d5

[ENV] PYSCF_TMPDIR /projects/bdka/yzhang65/scratch/pyscf
[ENV] PYSCF_EXT_PATH /u/yzhang65/myprojects/software/pyscf-forge
[CONFIG] conf_file None
[INPUT] verbose = 4
[INPUT] num. atoms = 4
[INPUT] num. electrons = 34
[INPUT] charge = 0
[INPUT] spin (= nelec alpha-beta = 2S) = 0
[INPUT] symmetry False subgroup None
[INPUT] Mole.unit = angstrom
[INPUT] Symbol           X                Y                Z      unit          X                Y                Z       unit  Magmom
[INPUT]  1 H      1.549461000000   0.644167000000   0.773792000000 AA    2.928056930695   1.217299208483   1.462254957379 Bohr   0.0
[INPUT]  2 O      1.369289000000   0.318684000000  -0.119210000000 AA    2.587581195380   0.602225480281  -0.225274251309 Bohr   0.0
[INPUT]  3 Cl    -0.137557000000  -0.443711000000   0.017415000000 AA   -0.259945056517  -0.838492268457   0.032909580459 Bohr   0.0
[INPUT]  4 O     -1.270663000000   0.543681000000  -0.014522000000 AA   -2.401205066618   1.027408189130  -0.027442602781 Bohr   0.0

nuclear repulsion = 113.138472268396
number of shells = 17
number of NR pGTOs = 97
number of NR cGTOs = 48
basis = {'O': [[0, [11720.0, 0.00071, -0.00016], [1759.0, 0.00547, -0.001263], [400.8, 0.027837, -0.006267], [113.7, 0.1048, -0.025716], [37.03, 0.283062, -0.070924], [13.27, 0.448719, -0.165411], [5.025, 0.270952, -0.116955], [1.013, 0.015458, 0.557368]], [0, [0.3023, 1.0]], [1, [17.7, 0.043018], [3.854, 0.228913], [1.046, 0.508728]], [1, [0.2753, 1.0]], [2, [1.185, 1.0]]], 'H': [[0, [13.01, 0.019685], [1.962, 0.137977], [0.4446, 0.478148]], [0, [0.122, 1.0]]], 'Cl': [[0, [127900.0, 0.000241153, -6.78922e-05, 2.04986e-05], [19170.0, 0.00187095, -0.000521836, 0.000158298], [4363.0, 0.00970827, -0.00276513, 0.000833639], [1236.0, 0.0393153, -0.0111537, 0.0033988], [403.6, 0.125932, -0.0385919, 0.0116738], [145.7, 0.299341, -0.0994848, 0.0309622], [56.81, 0.421886, -0.201392, 0.0629533], [23.23, 0.237201, -0.130313, 0.0460257], [6.644, 0.0191531, 0.509443, -0.219312], [2.575, -0.00334792, 0.610725, -0.408773], [0.5371, 0.000929883, 0.0421549, 0.638465]], [0, [0.1938, 1.0]], [1, [417.6, 0.00525982, -0.0014357], [98.33, 0.0398332, -0.0107796], [31.04, 0.164655, -0.0470075], [11.19, 0.387322, -0.11103], [4.249, 0.457072, -0.153275], [1.624, 0.151636, 0.0894609], [0.5322, 0.00181615, 0.579444]], [1, [0.162, 1.0]], [2, [0.6, 1.0]]]}
ecp = {}
CPU time:     12369.78




******** <class 'pyscf.soscf.newton_ah.SecondOrderUHF'> ********
method = SecondOrderUHF
initial guess = minao
damping factor = 0
level_shift factor = 0
DIIS = <class 'pyscf.scf.diis.CDIIS'>
diis_start_cycle = 1
diis_space = 8
diis_damp = 0
SCF conv_tol = 1e-09
SCF conv_tol_grad = None
SCF max_cycles = 200
direct_scf = True
direct_scf_tol = 1e-13
chkfile to save SCF result = /projects/bdka/yzhang65/scratch/pyscf/tmppsjcl0ar
max_memory 40000 MB (current use 3134 MB)
number electrons alpha = 17  beta = 17
******** <class 'pyscf.scf.uhf.UHF'> Newton solver flags ********
SCF tol = 1e-09
conv_tol_grad = None
max. SCF cycles = 200
direct_scf = True
direct_scf_tol = 1e-13
chkfile to save SCF result = /projects/bdka/yzhang65/scratch/pyscf/tmppsjcl0ar
max_cycle_inner = 12
max_stepsize = 0.05
ah_start_tol = 1e+09
ah_level_shift = 0
ah_conv_tol = 1e-12
ah_lindep = 1e-14
ah_start_cycle = 1
ah_max_cycle = 40
ah_grad_trust_region = 2.5
kf_interval = 4
kf_trust_region = 5
canonicalization = True
max_memory 40000 MB (current use 3134 MB)
Set conv_tol_grad to 3.16228e-05
  alpha nocc = 17  HOMO = -0.300069948783672  LUMO = -0.0779894031006197
  beta  nocc = 17  HOMO = -0.298362575760084  LUMO = -0.0752713778842162
Initial guess E= -609.451571376974  |g|= 0.509112
macro= 0  E= -609.565492224256  delta_E= -0.113921  |g|= 0.0105716  4 KF 13 JK
macro= 1  E= -609.565501953556  delta_E= -9.7293e-06  |g|= 2.35644e-05  3 KF 15 JK
macro= 2  E= -609.565501953557  delta_E= -9.09495e-13  |g|= 1.16857e-05  1 KF 2 JK
Canonicalize SCF orbitals
macro X = 3  E=-609.565501953557  |g|= 1.16857e-05  total 9 KF 34 JK
converged SCF energy = -609.565501953557  <S^2> = 1.8918307e-09  2S+1 = 1
uhf_internal: lowest eigs of H = [0.06571478 0.19161356 0.24938439]
<class 'pyscf.soscf.newton_ah.SecondOrderUHF'> wavefunction is stable in the internal stability analysis

******** <class 'pyscf.cc.uccsd.UCCSD'> ********
CC2 = 0
CCSD nocc = (np.int64(10), np.int64(10)), nmo = (41, 41)
frozen orbitals 7
max_cycle = 50
direct = 0
conv_tol = 1e-07
conv_tol_normt = 1e-06
diis_space = 6
diis_start_cycle = 0
diis_start_energy_diff = 1e+09
max_memory 40000 MB (current use 3134 MB)
Init t2, MP2 energy = -0.522852461324549
Init E_corr(UCCSD) = -0.522852461393058
cycle = 1  E_corr(UCCSD) = -0.516364104727159  dE = 0.00648835667  norm(t1,t2) = 0.118473
cycle = 2  E_corr(UCCSD) = -0.535552655390232  dE = -0.0191885507  norm(t1,t2) = 0.0429504
cycle = 3  E_corr(UCCSD) = -0.534729928286324  dE = 0.000822727104  norm(t1,t2) = 0.0355776
cycle = 4  E_corr(UCCSD) = -0.538208865209175  dE = -0.00347893692  norm(t1,t2) = 0.0169875
cycle = 5  E_corr(UCCSD) = -0.538746835211352  dE = -0.000537970002  norm(t1,t2) = 0.00646898
cycle = 6  E_corr(UCCSD) = -0.53832957749428  dE = 0.000417257717  norm(t1,t2) = 0.00255921
cycle = 7  E_corr(UCCSD) = -0.538277523818922  dE = 5.20536754e-05  norm(t1,t2) = 0.000645813
cycle = 8  E_corr(UCCSD) = -0.538309681184002  dE = -3.21573651e-05  norm(t1,t2) = 0.000255084
cycle = 9  E_corr(UCCSD) = -0.538314070625725  dE = -4.38944172e-06  norm(t1,t2) = 0.00012321
cycle = 10  E_corr(UCCSD) = -0.53831401144266  dE = 5.91830654e-08  norm(t1,t2) = 4.49305e-05
cycle = 11  E_corr(UCCSD) = -0.538312610908572  dE = 1.40053409e-06  norm(t1,t2) = 2.27857e-05
cycle = 12  E_corr(UCCSD) = -0.538312271267104  dE = 3.39641468e-07  norm(t1,t2) = 1.37806e-05
cycle = 13  E_corr(UCCSD) = -0.538312389660297  dE = -1.18393193e-07  norm(t1,t2) = 8.32762e-06
cycle = 14  E_corr(UCCSD) = -0.538312317882667  dE = 7.17776301e-08  norm(t1,t2) = 5.1205e-06
cycle = 15  E_corr(UCCSD) = -0.538312271304895  dE = 4.65777722e-08  norm(t1,t2) = 2.17618e-06
cycle = 16  E_corr(UCCSD) = -0.538312265011369  dE = 6.29352626e-09  norm(t1,t2) = 1.03267e-06
cycle = 17  E_corr(UCCSD) = -0.538312260208407  dE = 4.80296125e-09  norm(t1,t2) = 4.43271e-07
UCCSD converged
E(UCCSD) = -610.1038142137653  E_corr = -0.5383122602084074
UCCSD(T) correction = -0.0168945946612377
