------------------------------------------- AFQMC Sampling Started -------------------------------------------
Hostname: gpua016.delta.ncsa.illinois.edu
System Type: Linux
Machine Type: x86_64
Processor: x86_64
Using GPU.
System: Linux
Node Name: gpua016.delta.ncsa.illinois.edu
Release: 5.14.0-427.91.1.el9_4.x86_64
Version: #1 SMP PREEMPT_DYNAMIC Wed Sep 17 10:08:59 EDT 2025
Machine: x86_64
Processor: x86_64
Decomposing Unrestricted T2 amplitudes
Throw 0 vectors in T2 deomposition
SVD cutoff = 1.00e-08 | error = 1.30e-15
number of T2 decomposition vectors 620
norb: 41
nelec: (10, 10)
n_eql: 120
n_blocks: 1000
n_walkers: 300
dt: 0.005
max_error: 0.0
seed: 17
walker_type: uhf
trial: uccsd_pt2
free_projection: False
use_gpu: True
n_exp_terms: 6
n_prop_steps: 50
save_walkers: False
n_batch: 1
nchol_chunk: 100
mix_precision: True
initial AFQMC/pt2CCSD Energy is -610.103817
Propagating with 300 walkers
----------------------------------------------- Equilibration ------------------------------------------------
inv_T        weight  killW        energy   runTime
 0.00    300.000000      0   -609.565509     11.62
 3.00    308.167469      0   -610.131549     18.05
 6.00    308.649907      0   -610.147528     18.99
 9.00    307.398801      0   -610.092120     19.93
12.00    307.755112      0   -610.146240     20.87
15.00    307.895081      0   -610.127152     21.81
18.00    307.511219      0   -610.125120     22.75
21.00    307.010786      0   -610.110484     23.69
24.00    307.376766      0   -610.122199     24.63
27.00    308.097815      1   -610.159971     25.57
30.00    307.463060      0   -610.156023     26.51
---------------------------------------------- Sampling Blocks -----------------------------------------------
blocks        weight  killW       E_Guide     error       E_Trial     error     olp_T/G     error  Walltime
    20    307.486501      2   -610.141517  0.012363   -610.121119  0.001854    1.028412  0.001539   35.22
    40    306.692624      2   -610.136762  0.009320   -610.122836  0.001469    1.027323  0.000917   38.24
    60    305.870246      2   -610.132312  0.010384   -610.122367  0.001157    1.026509  0.000889   41.24
    80    305.205442      2   -610.131811  0.007607   -610.122704  0.001112    1.025436  0.000948   44.26
   100    304.615192      2   -610.129277  0.006240   -610.122263  0.000937    1.025562  0.000763   47.27
   120    304.106062      3   -610.127652  0.005279   -610.122158  0.000805    1.024880  0.000844   50.31
   140    303.728531      3   -610.129740  0.004823   -610.122214  0.000864    1.024865  0.000749   53.32
   160    303.370890      3   -610.130223  0.004218   -610.121997  0.000786    1.025065  0.000684   56.33
   180    303.041713      3   -610.130389  0.003948   -610.122054  0.000719    1.024939  0.000592   59.35
   200    302.771352      4   -610.131329  0.003602   -610.122101  0.000667    1.024707  0.000564   62.36
   220    302.489976      4   -610.129135  0.003616   -610.122023  0.000620    1.024687  0.000521   65.37
   240    302.263858      4   -610.129404  0.003315   -610.122211  0.000598    1.024512  0.000502   68.39
   260    302.048192      4   -610.128305  0.003158   -610.122298  0.000592    1.024399  0.000480   71.41
   280    301.852429      5   -610.127558  0.003036   -610.121955  0.000567    1.024536  0.000453   74.41
   300    301.698985      5   -610.128153  0.002875   -610.121989  0.000555    1.024493  0.000423   77.42
   320    301.564835      6   -610.129831  0.002948   -610.122258  0.000547    1.024433  0.000399   80.43
   340    301.418300      6   -610.129571  0.002781   -610.122193  0.000529    1.024717  0.000430   83.44
   360    301.296179      6   -610.129596  0.002655   -610.122180  0.000560    1.024744  0.000411   86.44
   380    301.180132      7   -610.129276  0.002537   -610.122143  0.000539    1.024893  0.000403   89.45
   400    301.081602      7   -610.129844  0.002546   -610.122318  0.000561    1.024707  0.000416   92.46
   420    300.983524      7   -610.129622  0.002428   -610.122284  0.000537    1.024913  0.000425   95.47
   440    300.887867      8   -610.129771  0.002348   -610.122326  0.000517    1.024956  0.000417   98.48
   460    300.802048      8   -610.129369  0.002251   -610.122328  0.000505    1.024750  0.000424  101.49
   480    300.725310      8   -610.129332  0.002161   -610.122321  0.000487    1.024630  0.000439  104.49
   500    300.660117      8   -610.129139  0.002100   -610.122188  0.000473    1.024424  0.000449  107.50
   520    300.606133      8   -610.129612  0.002082   -610.122238  0.000460    1.024214  0.000476  110.60
   540    300.551364      8   -610.129741  0.002031   -610.122293  0.000454    1.024229  0.000465  113.61
   560    300.491104      9   -610.128995  0.002013   -610.122234  0.000440    1.024312  0.000467  116.62
   580    300.441295     10   -610.129037  0.001963   -610.122208  0.000428    1.024399  0.000458  119.63
   600    300.391328     10   -610.128934  0.001917   -610.122113  0.000419    1.024462  0.000461  122.65
   620    300.351485     10   -610.129616  0.001997   -610.122020  0.000421    1.024461  0.000444  125.66
   640    300.315400     10   -610.130173  0.001954   -610.122105  0.000412    1.024481  0.000434  128.67
   660    300.284693     10   -610.130459  0.001960   -610.122172  0.000407    1.024441  0.000422  131.68
   680    300.246747     10   -610.130448  0.001925   -610.122192  0.000399    1.024314  0.000436  134.70
   700    300.209586     10   -610.130211  0.001877   -610.122172  0.000390    1.024373  0.000427  137.71
   720    300.181294     10   -610.130201  0.001837   -610.122125  0.000382    1.024372  0.000423  140.73
   740    300.142325     12   -610.130216  0.001812   -610.122164  0.000374    1.024447  0.000419  143.75
   760    300.113414     12   -610.130159  0.001752   -610.122104  0.000366    1.024405  0.000423  146.76
   780    300.088370     14   -610.130214  0.001720   -610.122081  0.000362    1.024338  0.000419  149.77
   800    300.059967     14   -610.130207  0.001662   -610.122064  0.000357    1.024371  0.000412  152.78
   820    300.028077     15   -610.129917  0.001662   -610.122098  0.000355    1.024375  0.000403  155.79
   840    300.005806     15   -610.130091  0.001614   -610.122141  0.000354    1.024345  0.000397  158.80
   860    299.982939     16   -610.129973  0.001591   -610.122123  0.000348    1.024322  0.000397  161.81
   880    299.960702     17   -610.129964  0.001579   -610.122158  0.000347    1.024308  0.000388  164.82
   900    299.938850     17   -610.130221  0.001547   -610.122217  0.000343    1.024294  0.000378  167.87
   920    299.912680     17   -610.130067  0.001539   -610.122154  0.000339    1.024296  0.000370  170.91
   940    299.895697     18   -610.130089  0.001500   -610.122199  0.000334    1.024348  0.000362  173.92
   960    299.879688     18   -610.130284  0.001514   -610.122183  0.000331    1.024355  0.000356  176.93
   980    299.859527     19   -610.130474  0.001480   -610.122215  0.000326    1.024481  0.000361  179.94
  1000    299.844482     19   -610.130548  0.001625   -610.122216  0.000323    1.024530  0.000374  182.96
---------------------------------------------- Post Propagation ----------------------------------------------
Total number of samples 1000
Raw AFQMC/HF (Guide) energy:           -610.130548 ± 0.001625
Raw Trial/Guide overlap ratio:          1.024530 ± 0.000374
Raw AFQMC/pt2CCSD energy (covariance): -610.122216 ± 0.000323
Raw AFQMC/pt2CCSD energy (dir sample): -610.122216 ± 0.000253
--------------------------------------------- Clean Obeservation ---------------------------------------------
removing energies outside zeta > 30
Outlier energy bound [-610.295291, -609.946621]
Removed 0 outliers with energies []
Clean AFQMC/pt2CCSD overlap ratio:        1.024530 ± 0.000374
Clean AFQMC/pt2CCSD energy (covariance): -610.122216 ± 0.000323
Clean AFQMC/ptCCSD energy (dir sample):  -610.122216 ± 0.000253
--------------------------------------------- Blocking Analysis ----------------------------------------------
nsample = 1000, max_block_size = 25, min_nblocks = 40
   B    NB    NS  Observable     Error    dError
   1  1000  1000    1.024529  0.000126  0.000003
   2   500  1000    1.024529  0.000169  0.000005
   3   333   999    1.024522  0.000199  0.000008
   4   250  1000    1.024529  0.000221  0.000010
   5   200  1000    1.024529  0.000243  0.000012
   6   166   996    1.024517  0.000259  0.000014
   7   142   994    1.024520  0.000271  0.000016
   8   125  1000    1.024529  0.000279  0.000018
   9   111   999    1.024522  0.000287  0.000019
  10   100  1000    1.024529  0.000300  0.000021
  11    90   990    1.024517  0.000296  0.000022
  12    83   996    1.024517  0.000311  0.000024
  13    76   988    1.024510  0.000322  0.000026
  14    71   994    1.024520  0.000324  0.000027
  15    66   990    1.024517  0.000330  0.000029
  16    62   992    1.024516  0.000326  0.000029
  17    58   986    1.024507  0.000344  0.000032
  18    55   990    1.024517  0.000354  0.000034
  19    52   988    1.024510  0.000366  0.000036
  20    50  1000    1.024529  0.000357  0.000036
  21    47   987    1.024507  0.000374  0.000039
  22    45   990    1.024517  0.000356  0.000038
  23    43   989    1.024513  0.000364  0.000040
  24    41   984    1.024500  0.000368  0.000041
  25    40  1000    1.024529  0.000369  0.000042
Fit (variance): plateau_var = 1.423e-07 ± 1.489e-08
Fit (error):    plateau = 0.000377 ± 0.000020
     autocorrelation length ~ 9.9 blocks
     plateau reached at block size ~ 46
     !!!Failed to reach plateau in blocking
     Return max block error
nclean = 1000, max_block_size = 25, min_nblocks = 40
Blk_SZ   NBlk   NSmp      Energy     Error    dError
     1   1000   1000  -610.121954  0.000253  0.000006
     2    500   1000  -610.122018  0.000264  0.000008
     3    333    999  -610.122047  0.000286  0.000011
     4    250   1000  -610.122081  0.000282  0.000013
     5    200   1000  -610.122088  0.000277  0.000014
     6    166    996  -610.122115  0.000289  0.000016
     7    142    994  -610.122107  0.000284  0.000017
     8    125   1000  -610.122123  0.000294  0.000019
     9    111    999  -610.122129  0.000296  0.000020
    10    100   1000  -610.122144  0.000315  0.000022
    11     90    990  -610.122118  0.000297  0.000022
    12     83    996  -610.122152  0.000267  0.000021
    13     76    988  -610.122134  0.000299  0.000024
    14     71    994  -610.122155  0.000280  0.000024
    15     66    990  -610.122145  0.000312  0.000027
    16     62    992  -610.122173  0.000275  0.000025
    17     58    986  -610.122162  0.000282  0.000026
    18     55    990  -610.122148  0.000279  0.000027
    19     52    988  -610.122157  0.000279  0.000028
    20     50   1000  -610.122181  0.000258  0.000026
    21     47    987  -610.122159  0.000279  0.000029
    22     45    990  -610.122167  0.000314  0.000033
    23     43    989  -610.122164  0.000271  0.000030
    24     41    984  -610.122166  0.000271  0.000030
    25     40   1000  -610.122174  0.000282  0.000032
Fit (variance): plateau_var = 8.162742e-08 ± 3.078727e-09
Fit (error):    plateau = 0.000286 ± 0.000005
     autocorrelation length ~ 1.6 blocks
     plateau reached at block size ~ 6
Final AFQMC/pt2CCSD overlap ratio: 1.024530 ± 0.000374
Final AFQMC/pt2CCSD energy: -610.122216 ± 0.000286
Total run time: 192.27
------------------------------------------ AFQMC Sampling Finished -------------------------------------------
