#INFO: **** input file is /projects/yizh8382/projects/w4_17/w4-17_all/pyscf_input/run_pyscf.py ****
import os
import glob
import numpy as np
from pyscf import gto, scf, cc

basis = "ccpvtz"
xyz_dir = "../w4_17_xyz/closed_shell"
results_file = f"../result/closed_shell_rhf_{basis}.dat"
out_dir = "../result/molout/closed_shell"
os.makedirs(out_dir, exist_ok=True)

# Set to a list of molecule names to run only those, e.g. ["acetaldehyde", "benzene"]
# Set to None to run all molecules in xyz_dir
select_molecules = None
# select_molecules = ["bn3pi","b2", "cf"]
symmetry = False

all_xyz = sorted(glob.glob(os.path.join(xyz_dir, "*.xyz")))
if select_molecules is not None:
    select_set = set(select_molecules)
    xyz_files = [p for p in all_xyz if os.path.splitext(os.path.basename(p))[0] in select_set]
    missing = select_set - {os.path.splitext(os.path.basename(p))[0] for p in xyz_files}
    if missing:
        print(f"Warning: no .xyz file found for: {', '.join(sorted(missing))} in {xyz_dir}")
else:
    xyz_files = all_xyz

with open(results_file, "w") as out:
    out.write(f"{'Molecule':<16s} {'Charge':>6s} {'2S':>6s} {'frozen':>6s} "
              f"{'E_RHF (Eh)':>20s} {'E_CCSD (Eh)':>20s} {'E_CCSD(T) (Eh)':>20s}\n")
    out.write("-" * 100 + "\n")

for xyz_path in xyz_files:
    with open(xyz_path, "r") as f:
        lines = f.readlines()

    # Parse charge and multiplicity from second line: "name charge=X mult=Y"
    second_line = lines[1]
    charge = int(second_line.split("charge=")[1].split()[0])
    mult   = int(second_line.split("mult=")[1].split()[0])
    spin   = mult - 1   # PySCF spin input is 2S = mult - 1
    mol_name = second_line.split()[0]

    # Coordinates only (skip the atom count and comment lines)
    atoms = "".join(lines[2:])

    print(f"\n{'='*60}")
    print(f"Running: {mol_name}  charge={charge}  spin={spin}")
    print(f"{'='*60}")

    mol = gto.M(
        atom=atoms,
        basis=basis,
        verbose=4,
        output=os.path.join(out_dir, f"{mol_name}_{basis}.out"),
        unit="angstrom",
        symmetry=symmetry,
        charge=charge,
        spin=spin,
        max_memory=40000,
    )

    mf = scf.RHF(mol)
    mf.max_cycle = 200
    mf = mf.newton()
    mf.kernel()

    # Stability check loop — at most 10 attempts
    max_stability_cycles = 10
    stable = False
    for stability_iter in range(max_stability_cycles):
        mo_i, _, stable, _ = mf.stability(return_status=True)
        if stable:
            break
        dm = mf.make_rdm1(mo_i, mf.mo_occ)
        mf.kernel(dm0=dm)

    if not stable or not mf.converged:
        print(f"  !! SCF did not converge for {mol_name} — skipping.")
        with open(results_file, "a") as out:
            out.write(f"{mol_name:<16s} {charge:>6d} {spin:>6d} {'N/A':>6s} "
                      f"{'UNCONVERGED':>20s} {'UNCONVERGED':>20s} {'UNCONVERGED':>20s}\n")
        continue

    energy = mf.e_tot

    mycc = cc.CCSD(mf)
    mycc.set_frozen()
    mycc.kernel()
    e_ccsd = mycc.e_tot
    et = mycc.ccsd_t()
    e_ccsdt = e_ccsd + et
    frozen = mycc.frozen

    with open(results_file, "a") as out:
        out.write(f"{mol_name:<16s} {charge:>6d} {spin:>6d} {frozen:>6d} "
                  f"{energy:>20.10f} {e_ccsd:>20.10f} {e_ccsdt:>20.10f}\n")

    print(f"  => E_RHF({mol_name})     = {energy:.10f} Eh")
    print(f"  => E_CCSD({mol_name})    = {e_ccsd:.10f} Eh")
    print(f"  => E_CCSD(T)({mol_name}) = {e_ccsdt:.10f} Eh")

print(f"\nAll calculations complete. Results saved to {results_file}")
#INFO: ******************** input file end ********************


System: uname_result(system='Linux', node='bnode0308.rc.int.colorado.edu', release='4.18.0-477.27.1.el8_8.x86_64', version='#1 SMP Thu Aug 31 10:29:22 EDT 2023', machine='x86_64')  Threads 28
Python 3.10.2 | packaged by conda-forge | (main, Mar  8 2022, 15:52:01) [GCC 9.4.0]
numpy 2.0.2  scipy 1.14.1  h5py 3.12.1
Date: Tue May 12 13:19:17 2026
PySCF version 2.9.0
PySCF path  /projects/yizh8382/tools/lno_pyscf_gcc
GIT HEAD (branch master) 142756584ed3963728cc1f6823286f4605811a6c

[ENV] PYSCF_TMPDIR /scratch/alpine/yizh8382/pyscf
[ENV] PYSCF_EXT_PATH /home/yizh8382/tools/pyscf-forge
[CONFIG] conf_file None
[INPUT] verbose = 4
[INPUT] num. atoms = 5
[INPUT] num. electrons = 42
[INPUT] charge = 0
[INPUT] spin (= nelec alpha-beta = 2S) = 0
[INPUT] symmetry False subgroup None
[INPUT] Mole.unit = angstrom
[INPUT] Symbol           X                Y                Z      unit          X                Y                Z       unit  Magmom
[INPUT]  1 H      1.738675000000   0.159202000000  -0.584163000000 AA    3.285619569628   0.300848178483  -1.103908082104 Bohr   0.0
[INPUT]  2 O      1.347986000000  -0.576413000000  -0.086822000000 AA    2.547324359748  -1.089262704639  -0.164069801587 Bohr   0.0
[INPUT]  3 Cl    -0.169548000000   0.032768000000   0.336138000000 AA   -0.320399284968   0.061922545650   0.635208760059 Bohr   0.0
[INPUT]  4 O     -1.073915000000  -0.867672000000  -0.310144000000 AA   -2.029405231062  -1.639662445954  -0.586087219177 Bohr   0.0
[INPUT]  5 O     -0.131116000000   1.354553000000  -0.244308000000 AA   -0.247773330548   2.559734191208  -0.461675210040 Bohr   0.0

nuclear repulsion = 196.394270810661
number of shells = 42
number of NR pGTOs = 201
number of NR cGTOs = 138
basis = ccpvtz
ecp = {}
CPU time:     89191.09




******** <class 'pyscf.soscf.newton_ah.SecondOrderRHF'> ********
method = SecondOrderRHF
initial guess = minao
damping factor = 0
level_shift factor = 0
DIIS = <class 'pyscf.scf.diis.CDIIS'>
diis_start_cycle = 1
diis_space = 8
diis_damp = 0
SCF conv_tol = 1e-09
SCF conv_tol_grad = None
SCF max_cycles = 200
direct_scf = True
direct_scf_tol = 1e-13
chkfile to save SCF result = /scratch/alpine/yizh8382/pyscf/tmp11rky42b
max_memory 40000 MB (current use 4633 MB)
******** <class 'pyscf.scf.hf.RHF'> Newton solver flags ********
SCF tol = 1e-09
conv_tol_grad = None
max. SCF cycles = 200
direct_scf = True
direct_scf_tol = 1e-13
chkfile to save SCF result = /scratch/alpine/yizh8382/pyscf/tmp11rky42b
max_cycle_inner = 12
max_stepsize = 0.05
ah_start_tol = 1e+09
ah_level_shift = 0
ah_conv_tol = 1e-12
ah_lindep = 1e-14
ah_start_cycle = 1
ah_max_cycle = 40
ah_grad_trust_region = 2.5
kf_interval = 4
kf_trust_region = 5
canonicalization = True
max_memory 40000 MB (current use 4633 MB)
Set conv_tol_grad to 3.16228e-05
Initial guess from minao.
  HOMO = -0.335812999465271  LUMO = -0.0102772979772242
Initial guess E= -684.272487098182  |g|= 1.02481
macro= 0  E= -684.474636769918  delta_E= -0.20215  |g|= 0.0997987  3 KF 9 JK
macro= 1  E= -684.474818214012  delta_E= -0.000181444  |g|= 0.000142073  3 KF 12 JK
macro= 2  E= -684.474818214013  delta_E= -1.36424e-12  |g|= 9.10056e-06  1 KF 2 JK
Canonicalize SCF orbitals
macro X = 3  E=-684.474818214013  |g|= 9.10056e-06  total 8 KF 27 JK
converged SCF energy = -684.474818214013
rhf_internal: lowest eigs of H = [0.96703797 1.10823197 1.18085937]
<class 'pyscf.soscf.newton_ah.SecondOrderRHF'> wavefunction is stable in the internal stability analysis

******** <class 'pyscf.cc.ccsd.CCSD'> ********
CC2 = 0
CCSD nocc = 13, nmo = 130
frozen orbitals 8
max_cycle = 50
direct = 0
conv_tol = 1e-07
conv_tol_normt = 1e-05
diis_space = 6
diis_start_cycle = 0
diis_start_energy_diff = 1e+09
max_memory 40000 MB (current use 4864 MB)
Init t2, MP2 energy = -685.423463400291  E_corr(MP2) -0.948645186277429
Init E_corr(CCSD) = -0.948645186296724
cycle = 1  E_corr(CCSD) = -0.906853853251293  dE = 0.041791333  norm(t1,t2) = 0.101227
cycle = 2  E_corr(CCSD) = -0.945191301332386  dE = -0.0383374481  norm(t1,t2) = 0.0387518
cycle = 3  E_corr(CCSD) = -0.940777263218691  dE = 0.00441403811  norm(t1,t2) = 0.0304097
cycle = 4  E_corr(CCSD) = -0.943126451111374  dE = -0.00234918789  norm(t1,t2) = 0.0110456
cycle = 5  E_corr(CCSD) = -0.944165251352181  dE = -0.00103880024  norm(t1,t2) = 0.00440888
cycle = 6  E_corr(CCSD) = -0.943903738326784  dE = 0.000261513025  norm(t1,t2) = 0.00169592
cycle = 7  E_corr(CCSD) = -0.943736890101626  dE = 0.000166848225  norm(t1,t2) = 0.000578812
cycle = 8  E_corr(CCSD) = -0.943790374173315  dE = -5.34840717e-05  norm(t1,t2) = 0.000245124
cycle = 9  E_corr(CCSD) = -0.94380230280124  dE = -1.19286279e-05  norm(t1,t2) = 0.000136261
cycle = 10  E_corr(CCSD) = -0.943793552333243  dE = 8.750468e-06  norm(t1,t2) = 4.80061e-05
cycle = 11  E_corr(CCSD) = -0.943794315116495  dE = -7.62783252e-07  norm(t1,t2) = 2.07787e-05
cycle = 12  E_corr(CCSD) = -0.943792322973114  dE = 1.99214338e-06  norm(t1,t2) = 7.12037e-06
cycle = 13  E_corr(CCSD) = -0.943792440193419  dE = -1.17220305e-07  norm(t1,t2) = 3.51478e-06
cycle = 14  E_corr(CCSD) = -0.943792536147112  dE = -9.59536934e-08  norm(t1,t2) = 1.70124e-06
CCSD converged
E(CCSD) = -685.4186107501606  E_corr = -0.943792536147112
CCSD(T) correction = -0.0457971653382746
