
    ________                     _____                    
    ___  __ \___  __________________(_)_____________ _    
    __  /_/ /  / / /_  __ \_  __ \_  /__  __ \_  __ `/    
    _  _, _// /_/ /_  / / /  / / /  / _  / / /  /_/ /     
    /_/ |_| \__,_/ /_/ /_//_/ /_//_/  /_/ /_/_\__, /      
                                             /____/       
    _____________________________  ___________            
    ___    |__  ____/_  __ \__   |/  /_  ____/            
    __  /| |_  /_   _  / / /_  /|_/ /_  /                 
    _  ___ |  __/   / /_/ /_  /  / / / /___               
    /_/  |_/_/      \___\_\/_/  /_/  \____/               

Hostname:     gpua011.delta.ncsa.illinois.edu
System:       Linux
Node:         gpua011.delta.ncsa.illinois.edu
Release:      5.14.0-427.91.1.el9_4.x86_64
Machine:      x86_64
Processor:    x86_64
JAX backend:  GPU
JAX devices:  [CudaDevice(id=0)]
Device kind:  NVIDIA A100-SXM4-40GB
Platform:     gpu

Load system from Integral File
Maximum memory per walker:            66.67 MB
Maximum number of Cholesky per chunk: 237
Number of Cholesky chunks:            3
Number of Cholesky per chunk:         209
Number of padding Cholesky:           1

QMC System
Number of electrons: (10, 10)
Spin Multiplicity:   0
Number of orbitals:  96
Number of Chol:      626

QMC Parameters
eql_time            :                   50
n_blocks            :                 1000
n_walkers           :                  300
max_error           :                  0.0
seed                :                   17
walker_type         :                  uhf
trial               :             upt2ccsd
mix_precision       :                 True
max_memory          :                20000
dt                  :                0.005
n_exp_terms         :                    6
n_prop_steps        :                   50
save_walkers        :                False
free_projection     :                False
n_batch             :                    1
nchol_chunk         :                  209

Initalize QMC walkers by stochastic CCSD

Equilibration
inv_T        weight  killW        energy   runTime
 0.00    300.000000      0   -610.370644     20.83
 5.00    299.739834      0   -610.369067     31.25
10.00    298.722120      0   -610.385297     35.47
15.00    298.290660      0   -610.386220     39.70
20.00    299.096906      0   -610.422676     43.92
25.00    298.857063      0   -610.384075     48.14
30.00    298.792615      0   -610.379955     52.37
35.00    299.147235      0   -610.421036     56.59
40.00    299.398158      0   -610.414994     60.81
45.00    299.432891      0   -610.404301     65.10
50.00    298.990106      0   -610.358006     69.33

Sampling
blocks        weight  killW       E_Guide     error       E_Trial     error     olp_T/G     error  Walltime
    20    300.451177      0   -610.525367  0.104884   -610.392574  0.039203    1.032852  0.012330  111.12
    40    299.466601      0   -610.479971  0.052461   -610.403144  0.017364    1.031862  0.005548  147.87
    60    299.060412      0   -610.454935  0.037161   -610.403795  0.010718    1.029463  0.003417  184.72
    80    298.874756      1   -610.444127  0.028135   -610.404816  0.007774    1.028352  0.002660  221.58
   100    298.717855      1   -610.436166  0.021173   -610.405208  0.006119    1.027233  0.002210  258.44
   120    298.620035      1   -610.432639  0.017786   -610.405458  0.005055    1.026141  0.001975  295.29
   140    298.518630      2   -610.426567  0.015938   -610.405019  0.004263    1.025262  0.001789  332.16
   160    298.451825      3   -610.424753  0.014046   -610.405211  0.003735    1.024347  0.001678  369.01
   180    298.375660      4   -610.422097  0.012224   -610.405349  0.003298    1.024216  0.001492  405.86
   200    298.350377      4   -610.422443  0.010974   -610.405194  0.002983    1.024058  0.001343  442.74
   220    298.342101      5   -610.421795  0.010019   -610.405384  0.002720    1.023800  0.001237  479.60
   240    298.330367      5   -610.421311  0.009268   -610.405732  0.002498    1.023645  0.001138  516.45
   260    298.325772      5   -610.421385  0.008616   -610.406067  0.002315    1.023287  0.001084  553.33
   280    298.313335      5   -610.420726  0.007971   -610.405985  0.002150    1.022866  0.001047  590.17
   300    298.297484      6   -610.419813  0.007486   -610.405849  0.002005    1.022548  0.001000  627.32
   320    298.281012      6   -610.418282  0.007154   -610.405724  0.001874    1.022284  0.000958  664.11
   340    298.284321      6   -610.418075  0.006763   -610.405807  0.001766    1.022246  0.000905  700.98
   360    298.270129      7   -610.417080  0.006323   -610.405798  0.001668    1.022179  0.000861  737.83
   380    298.277152      8   -610.417418  0.005996   -610.406019  0.001592    1.022314  0.000820  774.69
   400    298.274452      8   -610.417154  0.005735   -610.406115  0.001516    1.022198  0.000792  811.56
   420    298.264558      8   -610.415718  0.005561   -610.405891  0.001441    1.022151  0.000756  848.42
   440    298.258950      8   -610.415013  0.005414   -610.405749  0.001376    1.021945  0.000785  885.28
   460    298.254930      9   -610.414697  0.005281   -610.406008  0.001342    1.021963  0.000766  922.15
   480    298.263396      9   -610.415071  0.005048   -610.406057  0.001300    1.022104  0.000799  959.01
   500    298.259325      9   -610.414736  0.004838   -610.405936  0.001250    1.022226  0.000781  995.89
   520    298.250059     10   -610.414064  0.004636   -610.405842  0.001201    1.022160  0.000749 1032.77
   540    298.252786     10   -610.413673  0.004482   -610.405836  0.001157    1.022019  0.000725 1069.62
   560    298.248328     11   -610.413697  0.004392   -610.405782  0.001120    1.021993  0.000710 1106.49
   580    298.250753     12   -610.413963  0.004237   -610.405752  0.001083    1.022118  0.000685 1143.34
   600    298.265911     12   -610.414285  0.004111   -610.405783  0.001051    1.022142  0.000660 1180.18
   620    298.276026     12   -610.414582  0.004027   -610.405902  0.001021    1.022109  0.000648 1217.13
   640    298.275743     12   -610.414298  0.003931   -610.405858  0.000990    1.022125  0.000623 1254.22
   660    298.283483     12   -610.414669  0.003799   -610.405912  0.000963    1.022061  0.000606 1291.05
   680    298.294758     12   -610.414863  0.003728   -610.405948  0.000936    1.022088  0.000595 1327.96
   700    298.295716     13   -610.414501  0.003653   -610.405921  0.000910    1.022151  0.000577 1364.80
   720    298.301288     13   -610.414649  0.003553   -610.405951  0.000888    1.022197  0.000559 1401.66
   740    298.297072     13   -610.414381  0.003470   -610.405870  0.000865    1.022166  0.000550 1438.51
   760    298.290840     13   -610.413994  0.003448   -610.405840  0.000843    1.022134  0.000535 1475.40
   780    298.295530     13   -610.414073  0.003364   -610.405903  0.000823    1.022192  0.000520 1512.24
   800    298.296364     13   -610.413969  0.003316   -610.405829  0.000804    1.022165  0.000512 1549.10
   820    298.299951     13   -610.413742  0.003242   -610.405764  0.000785    1.022187  0.000498 1585.98
   840    298.291745     15   -610.413612  0.003240   -610.405768  0.000768    1.022133  0.000512 1622.84
   860    298.291520     15   -610.413398  0.003240   -610.405729  0.000751    1.022046  0.000512 1659.70
   880    298.292010     15   -610.413066  0.003168   -610.405709  0.000734    1.022000  0.000508 1696.58
   900    298.290995     15   -610.412817  0.003113   -610.405670  0.000718    1.022080  0.000506 1733.42
   920    298.292398     15   -610.412943  0.003045   -610.405676  0.000706    1.022123  0.000501 1770.30
   940    298.291293     15   -610.413042  0.002980   -610.405708  0.000694    1.022075  0.000492 1807.18
   960    298.294328     15   -610.413096  0.002913   -610.405698  0.000680    1.022061  0.000487 1844.79
   980    298.299317     16   -610.413212  0.002851   -610.405695  0.000670    1.022081  0.000476 1881.44
  1000    298.294011     16   -610.412877  0.002969   -610.405678  0.000658    1.022127  0.000478 1918.26

Post Propagation Process
Total number of samples 1000
Raw AFQMC/HF (Guide) energy:           -610.412877 ± 0.002969
Raw Trial/Guide overlap ratio:          1.022127 ± 0.000478
Raw AFQMC/pt2CCSD energy (covariance): -610.405678 ± 0.000658
Raw AFQMC/pt2CCSD energy (dir sample): -610.405678 ± 0.000417

Remove Outliers
removing energies outside zeta > 30
Outlier energy bound [-610.604687, -610.204118]
Removed 1 outliers with energies [-610.09754127]
Clean AFQMC/pt2CCSD overlap ratio:        1.022024 ± 0.000426
Clean AFQMC/pt2CCSD energy (covariance): -610.405933 ± 0.000377
Clean AFQMC/ptCCSD energy (dir sample):  -610.405933 ± 0.000282

Blocking Analysis
nsample = 999, max_block_size = 24, min_nblocks = 40
   B    NB    NS  Observable     Error    dError
   1   999   999    1.022024  0.000132  0.000003
   2   499   998    1.022025  0.000178  0.000006
   3   333   999    1.022023  0.000213  0.000008
   4   249   996    1.022026  0.000242  0.000011
   5   199   995    1.022025  0.000256  0.000013
   6   166   996    1.022026  0.000286  0.000016
   7   142   994    1.022024  0.000293  0.000017
   8   124   992    1.022024  0.000304  0.000019
   9   111   999    1.022023  0.000316  0.000021
  10    99   990    1.022030  0.000337  0.000024
  11    90   990    1.022030  0.000347  0.000026
  12    83   996    1.022026  0.000371  0.000029
  13    76   988    1.022029  0.000375  0.000031
  14    71   994    1.022024  0.000359  0.000030
  15    66   990    1.022029  0.000375  0.000033
  16    62   992    1.022023  0.000379  0.000034
  17    58   986    1.022023  0.000377  0.000035
  18    55   990    1.022029  0.000395  0.000038
  19    52   988    1.022028  0.000405  0.000040
  20    49   980    1.021983  0.000393  0.000040
  21    47   987    1.022027  0.000421  0.000044
  22    45   990    1.022029  0.000426  0.000045
  23    43   989    1.022031  0.000420  0.000046
  24    41   984    1.022010  0.000417  0.000047
Fit (variance): plateau_var = 2.040e-07 ± 2.760e-08
Fit (error):    plateau = 0.000452 ± 0.000031
     autocorrelation length ~ 12.6 blocks
     plateau reached at block size ~ 59
     !!!Failed to reach plateau in blocking
     Return max block error
nclean = 999, max_block_size = 24, min_nblocks = 40
Blk_SZ   NBlk   NSmp      Energy     Error    dError
     1    999    999  -610.405627  0.000282  0.000006
     2    499    998  -610.405697  0.000314  0.000010
     3    333    999  -610.405755  0.000330  0.000013
     4    249    996  -610.405763  0.000335  0.000015
     5    199    995  -610.405780  0.000346  0.000017
     6    166    996  -610.405790  0.000355  0.000020
     7    142    994  -610.405808  0.000357  0.000021
     8    124    992  -610.405810  0.000352  0.000022
     9    111    999  -610.405828  0.000357  0.000024
    10     99    990  -610.405783  0.000351  0.000025
    11     90    990  -610.405798  0.000365  0.000027
    12     83    996  -610.405845  0.000372  0.000029
    13     76    988  -610.405824  0.000370  0.000030
    14     71    994  -610.405851  0.000350  0.000030
    15     66    990  -610.405808  0.000395  0.000035
    16     62    992  -610.405849  0.000330  0.000030
    17     58    986  -610.405851  0.000350  0.000033
    18     55    990  -610.405826  0.000340  0.000033
    19     52    988  -610.405838  0.000372  0.000037
    20     49    980  -610.405887  0.000362  0.000037
    21     47    987  -610.405844  0.000367  0.000038
    22     45    990  -610.405838  0.000378  0.000040
    23     43    989  -610.405842  0.000321  0.000035
    24     41    984  -610.405871  0.000355  0.000040
Fit (variance): plateau_var = 1.272454e-07 ± 5.329171e-09
Fit (error):    plateau = 0.000357 ± 0.000007
     autocorrelation length ~ 2.1 blocks
     plateau reached at block size ~ 9
Final AFQMC/pt2CCSD overlap ratio: 1.022024 ± 0.000426
Final AFQMC/pt2CCSD energy: -610.405933 ± 0.000357
Total run time: 1947.69

AFQMC Sampling Finished

