#INFO: **** input file is /projects/yizh8382/projects/w4_17/w4-17_all/pyscf_input/run_pyscf.py ****
import os
import glob
import numpy as np
from pyscf import gto, scf, cc

xyz_dir = "../w4_17_xyz/closed_shell"
results_file = "../result/closed_shell_rhf.dat"
out_dir = "../result/molout/closed_shell"
os.makedirs(out_dir, exist_ok=True)

# Set to a list of molecule names to run only those, e.g. ["acetaldehyde", "benzene"]
# Set to None to run all molecules in xyz_dir
select_molecules = None
# select_molecules = ["bn3pi","b2", "cf"]
symmetry = False

all_xyz = sorted(glob.glob(os.path.join(xyz_dir, "*.xyz")))
if select_molecules is not None:
    select_set = set(select_molecules)
    xyz_files = [p for p in all_xyz if os.path.splitext(os.path.basename(p))[0] in select_set]
    missing = select_set - {os.path.splitext(os.path.basename(p))[0] for p in xyz_files}
    if missing:
        print(f"Warning: no .xyz file found for: {', '.join(sorted(missing))} in {xyz_dir}")
else:
    xyz_files = all_xyz

with open(results_file, "w") as out:
    out.write(f"{'Molecule':<16s} {'Charge':>6s} {'2S':>6s} {'frozen':>6s} "
              f"{'E_RHF (Eh)':>20s} {'E_CCSD (Eh)':>20s} {'E_CCSD(T) (Eh)':>20s}\n")
    out.write("-" * 100 + "\n")

for xyz_path in xyz_files:
    with open(xyz_path, "r") as f:
        lines = f.readlines()

    # Parse charge and multiplicity from second line: "name charge=X mult=Y"
    second_line = lines[1]
    charge = int(second_line.split("charge=")[1].split()[0])
    mult   = int(second_line.split("mult=")[1].split()[0])
    spin   = mult - 1   # PySCF spin input is 2S = mult - 1
    mol_name = second_line.split()[0]

    # Coordinates only (skip the atom count and comment lines)
    atoms = "".join(lines[2:])

    print(f"\n{'='*60}")
    print(f"Running: {mol_name}  charge={charge}  spin={spin}")
    print(f"{'='*60}")

    mol = gto.M(
        atom=atoms,
        basis="ccpvdz",
        verbose=4,
        output=os.path.join(out_dir, f"{mol_name}.out"),
        unit="angstrom",
        symmetry=symmetry,
        charge=charge,
        spin=spin,
        max_memory=40000,
    )

    mf = scf.RHF(mol)
    mf.max_cycle = 200
    mf = mf.newton()
    mf.kernel()

    # Stability check loop — at most 10 attempts
    max_stability_cycles = 10
    stable = False
    for stability_iter in range(max_stability_cycles):
        mo_i, _, stable, _ = mf.stability(return_status=True)
        if stable:
            break
        dm = mf.make_rdm1(mo_i, mf.mo_occ)
        mf.kernel(dm0=dm)

    if not stable or not mf.converged:
        print(f"  !! SCF did not converge for {mol_name} — skipping.")
        with open(results_file, "a") as out:
            out.write(f"{mol_name:<16s} {charge:>6d} {spin:>6d} {'N/A':>6s} "
                      f"{'UNCONVERGED':>20s} {'UNCONVERGED':>20s} {'UNCONVERGED':>20s}\n")
        continue

    energy = mf.e_tot

    mycc = cc.CCSD(mf)
    mycc.set_frozen()
    mycc.kernel()
    e_ccsd = mycc.e_tot
    et = mycc.ccsd_t()
    e_ccsdt = e_ccsd + et
    frozen = mycc.frozen

    with open(results_file, "a") as out:
        out.write(f"{mol_name:<16s} {charge:>6d} {spin:>6d} {frozen:>6d} "
                  f"{energy:>20.10f} {e_ccsd:>20.10f} {e_ccsdt:>20.10f}\n")

    print(f"  => E_RHF({mol_name})     = {energy:.10f} Eh")
    print(f"  => E_CCSD({mol_name})    = {e_ccsd:.10f} Eh")
    print(f"  => E_CCSD(T)({mol_name}) = {e_ccsdt:.10f} Eh")

print(f"\nAll calculations complete. Results saved to {results_file}")
#INFO: ******************** input file end ********************


System: uname_result(system='Linux', node='bnode0303.rc.int.colorado.edu', release='4.18.0-477.27.1.el8_8.x86_64', version='#1 SMP Thu Aug 31 10:29:22 EDT 2023', machine='x86_64')  Threads 28
Python 3.10.2 | packaged by conda-forge | (main, Mar  8 2022, 15:52:01) [GCC 9.4.0]
numpy 2.0.2  scipy 1.14.1  h5py 3.12.1
Date: Tue May 12 10:57:11 2026
PySCF version 2.9.0
PySCF path  /projects/yizh8382/tools/lno_pyscf_gcc
GIT HEAD (branch master) 142756584ed3963728cc1f6823286f4605811a6c

[ENV] PYSCF_TMPDIR /scratch/alpine/yizh8382/pyscf
[ENV] PYSCF_EXT_PATH /home/yizh8382/tools/pyscf-forge
[CONFIG] conf_file None
[INPUT] verbose = 4
[INPUT] num. atoms = 5
[INPUT] num. electrons = 42
[INPUT] charge = 0
[INPUT] spin (= nelec alpha-beta = 2S) = 0
[INPUT] symmetry False subgroup None
[INPUT] Mole.unit = angstrom
[INPUT] Symbol           X                Y                Z      unit          X                Y                Z       unit  Magmom
[INPUT]  1 H      1.738675000000   0.159202000000  -0.584163000000 AA    3.285619569628   0.300848178483  -1.103908082104 Bohr   0.0
[INPUT]  2 O      1.347986000000  -0.576413000000  -0.086822000000 AA    2.547324359748  -1.089262704639  -0.164069801587 Bohr   0.0
[INPUT]  3 Cl    -0.169548000000   0.032768000000   0.336138000000 AA   -0.320399284968   0.061922545650   0.635208760059 Bohr   0.0
[INPUT]  4 O     -1.073915000000  -0.867672000000  -0.310144000000 AA   -2.029405231062  -1.639662445954  -0.586087219177 Bohr   0.0
[INPUT]  5 O     -0.131116000000   1.354553000000  -0.244308000000 AA   -0.247773330548   2.559734191208  -0.461675210040 Bohr   0.0

nuclear repulsion = 196.394270810661
number of shells = 23
number of NR pGTOs = 126
number of NR cGTOs = 65
basis = ccpvdz
ecp = {}
CPU time:     12326.24




******** <class 'pyscf.soscf.newton_ah.SecondOrderRHF'> ********
method = SecondOrderRHF
initial guess = minao
damping factor = 0
level_shift factor = 0
DIIS = <class 'pyscf.scf.diis.CDIIS'>
diis_start_cycle = 1
diis_space = 8
diis_damp = 0
SCF conv_tol = 1e-09
SCF conv_tol_grad = None
SCF max_cycles = 200
direct_scf = True
direct_scf_tol = 1e-13
chkfile to save SCF result = /scratch/alpine/yizh8382/pyscf/tmp8jtdr0sa
max_memory 40000 MB (current use 1697 MB)
******** <class 'pyscf.scf.hf.RHF'> Newton solver flags ********
SCF tol = 1e-09
conv_tol_grad = None
max. SCF cycles = 200
direct_scf = True
direct_scf_tol = 1e-13
chkfile to save SCF result = /scratch/alpine/yizh8382/pyscf/tmp8jtdr0sa
max_cycle_inner = 12
max_stepsize = 0.05
ah_start_tol = 1e+09
ah_level_shift = 0
ah_conv_tol = 1e-12
ah_lindep = 1e-14
ah_start_cycle = 1
ah_max_cycle = 40
ah_grad_trust_region = 2.5
kf_interval = 4
kf_trust_region = 5
canonicalization = True
max_memory 40000 MB (current use 1697 MB)
Set conv_tol_grad to 3.16228e-05
Initial guess from minao.
  HOMO = -0.332647265789151  LUMO = -0.00471783994586058
Initial guess E= -684.115960929676  |g|= 1.01217
macro= 0  E= -684.323585845156  delta_E= -0.207625  |g|= 0.0956256  3 KF 9 JK
macro= 1  E= -684.323798111856  delta_E= -0.000212267  |g|= 0.000147497  3 KF 12 JK
macro= 2  E= -684.323798111854  delta_E= 2.50111e-12  |g|= 9.97765e-06  1 KF 2 JK
Canonicalize SCF orbitals
macro X = 3  E=-684.323798111854  |g|= 9.97765e-06  total 8 KF 27 JK
converged SCF energy = -684.323798111854
rhf_internal: lowest eigs of H = [0.95695326 1.10058783 1.15608656]
<class 'pyscf.soscf.newton_ah.SecondOrderRHF'> wavefunction is stable in the internal stability analysis

******** <class 'pyscf.cc.ccsd.CCSD'> ********
CC2 = 0
CCSD nocc = 13, nmo = 57
frozen orbitals 8
max_cycle = 50
direct = 0
conv_tol = 1e-07
conv_tol_normt = 1e-05
diis_space = 6
diis_start_cycle = 0
diis_start_energy_diff = 1e+09
max_memory 40000 MB (current use 1697 MB)
Init t2, MP2 energy = -685.054370150197  E_corr(MP2) -0.730572038342915
Init E_corr(CCSD) = -0.730572038367041
cycle = 1  E_corr(CCSD) = -0.705309162370241  dE = 0.025262876  norm(t1,t2) = 0.0979767
cycle = 2  E_corr(CCSD) = -0.734784670126495  dE = -0.0294755078  norm(t1,t2) = 0.0362554
cycle = 3  E_corr(CCSD) = -0.7321720031108  dE = 0.00261266702  norm(t1,t2) = 0.0282124
cycle = 4  E_corr(CCSD) = -0.735745877466666  dE = -0.00357387436  norm(t1,t2) = 0.011543
cycle = 5  E_corr(CCSD) = -0.736322066942926  dE = -0.000576189476  norm(t1,t2) = 0.00377929
cycle = 6  E_corr(CCSD) = -0.735953246753176  dE = 0.00036882019  norm(t1,t2) = 0.00150999
cycle = 7  E_corr(CCSD) = -0.735873704290926  dE = 7.95424623e-05  norm(t1,t2) = 0.000477728
cycle = 8  E_corr(CCSD) = -0.735922853789255  dE = -4.91494983e-05  norm(t1,t2) = 0.000224973
cycle = 9  E_corr(CCSD) = -0.735927354756752  dE = -4.5009675e-06  norm(t1,t2) = 0.000118669
cycle = 10  E_corr(CCSD) = -0.735923786943774  dE = 3.56781298e-06  norm(t1,t2) = 4.04369e-05
cycle = 11  E_corr(CCSD) = -0.735923878562697  dE = -9.16189229e-08  norm(t1,t2) = 1.6092e-05
cycle = 12  E_corr(CCSD) = -0.735922435439464  dE = 1.44312323e-06  norm(t1,t2) = 6.16731e-06
cycle = 13  E_corr(CCSD) = -0.735922208772734  dE = 2.2666673e-07  norm(t1,t2) = 3.0342e-06
cycle = 14  E_corr(CCSD) = -0.73592214612684  dE = 6.26458942e-08  norm(t1,t2) = 1.45515e-06
CCSD converged
E(CCSD) = -685.0597202579809  E_corr = -0.7359221461268401
CCSD(T) correction = -0.0257836130848494
