#INFO: **** input file is /projects/yizh8382/projects/w4_17/w4-17_all/pyscf_input/run_pyscf.py ****
import os
import glob
import numpy as np
from pyscf import gto, scf, cc

xyz_dir = "../w4_17_xyz/closed_shell"
results_file = "../result/closed_shell_rhf.dat"
out_dir = "../result/molout/closed_shell"
os.makedirs(out_dir, exist_ok=True)

# Set to a list of molecule names to run only those, e.g. ["acetaldehyde", "benzene"]
# Set to None to run all molecules in xyz_dir
select_molecules = None
# select_molecules = ["bn3pi","b2", "cf"]
symmetry = False

all_xyz = sorted(glob.glob(os.path.join(xyz_dir, "*.xyz")))
if select_molecules is not None:
    select_set = set(select_molecules)
    xyz_files = [p for p in all_xyz if os.path.splitext(os.path.basename(p))[0] in select_set]
    missing = select_set - {os.path.splitext(os.path.basename(p))[0] for p in xyz_files}
    if missing:
        print(f"Warning: no .xyz file found for: {', '.join(sorted(missing))} in {xyz_dir}")
else:
    xyz_files = all_xyz

with open(results_file, "w") as out:
    out.write(f"{'Molecule':<16s} {'Charge':>6s} {'2S':>6s} {'frozen':>6s} "
              f"{'E_RHF (Eh)':>20s} {'E_CCSD (Eh)':>20s} {'E_CCSD(T) (Eh)':>20s}\n")
    out.write("-" * 100 + "\n")

for xyz_path in xyz_files:
    with open(xyz_path, "r") as f:
        lines = f.readlines()

    # Parse charge and multiplicity from second line: "name charge=X mult=Y"
    second_line = lines[1]
    charge = int(second_line.split("charge=")[1].split()[0])
    mult   = int(second_line.split("mult=")[1].split()[0])
    spin   = mult - 1   # PySCF spin input is 2S = mult - 1
    mol_name = second_line.split()[0]

    # Coordinates only (skip the atom count and comment lines)
    atoms = "".join(lines[2:])

    print(f"\n{'='*60}")
    print(f"Running: {mol_name}  charge={charge}  spin={spin}")
    print(f"{'='*60}")

    mol = gto.M(
        atom=atoms,
        basis="ccpvdz",
        verbose=4,
        output=os.path.join(out_dir, f"{mol_name}.out"),
        unit="angstrom",
        symmetry=symmetry,
        charge=charge,
        spin=spin,
        max_memory=40000,
    )

    mf = scf.RHF(mol)
    mf.max_cycle = 200
    mf = mf.newton()
    mf.kernel()

    # Stability check loop — at most 10 attempts
    max_stability_cycles = 10
    stable = False
    for stability_iter in range(max_stability_cycles):
        mo_i, _, stable, _ = mf.stability(return_status=True)
        if stable:
            break
        dm = mf.make_rdm1(mo_i, mf.mo_occ)
        mf.kernel(dm0=dm)

    if not stable or not mf.converged:
        print(f"  !! SCF did not converge for {mol_name} — skipping.")
        with open(results_file, "a") as out:
            out.write(f"{mol_name:<16s} {charge:>6d} {spin:>6d} {'N/A':>6s} "
                      f"{'UNCONVERGED':>20s} {'UNCONVERGED':>20s} {'UNCONVERGED':>20s}\n")
        continue

    energy = mf.e_tot

    mycc = cc.CCSD(mf)
    mycc.set_frozen()
    mycc.kernel()
    e_ccsd = mycc.e_tot
    et = mycc.ccsd_t()
    e_ccsdt = e_ccsd + et
    frozen = mycc.frozen

    with open(results_file, "a") as out:
        out.write(f"{mol_name:<16s} {charge:>6d} {spin:>6d} {frozen:>6d} "
                  f"{energy:>20.10f} {e_ccsd:>20.10f} {e_ccsdt:>20.10f}\n")

    print(f"  => E_RHF({mol_name})     = {energy:.10f} Eh")
    print(f"  => E_CCSD({mol_name})    = {e_ccsd:.10f} Eh")
    print(f"  => E_CCSD(T)({mol_name}) = {e_ccsdt:.10f} Eh")

print(f"\nAll calculations complete. Results saved to {results_file}")
#INFO: ******************** input file end ********************


System: uname_result(system='Linux', node='bnode0303.rc.int.colorado.edu', release='4.18.0-477.27.1.el8_8.x86_64', version='#1 SMP Thu Aug 31 10:29:22 EDT 2023', machine='x86_64')  Threads 28
Python 3.10.2 | packaged by conda-forge | (main, Mar  8 2022, 15:52:01) [GCC 9.4.0]
numpy 2.0.2  scipy 1.14.1  h5py 3.12.1
Date: Tue May 12 10:57:23 2026
PySCF version 2.9.0
PySCF path  /projects/yizh8382/tools/lno_pyscf_gcc
GIT HEAD (branch master) 142756584ed3963728cc1f6823286f4605811a6c

[ENV] PYSCF_TMPDIR /scratch/alpine/yizh8382/pyscf
[ENV] PYSCF_EXT_PATH /home/yizh8382/tools/pyscf-forge
[CONFIG] conf_file None
[INPUT] verbose = 4
[INPUT] num. atoms = 5
[INPUT] num. electrons = 22
[INPUT] charge = 0
[INPUT] spin (= nelec alpha-beta = 2S) = 0
[INPUT] symmetry False subgroup None
[INPUT] Mole.unit = angstrom
[INPUT] Symbol           X                Y                Z      unit          X                Y                Z       unit  Magmom
[INPUT]  1 C      0.000000000000   0.000000000000  -1.212911000000 AA    0.000000000000   0.000000000000  -2.292069603472 Bohr   0.0
[INPUT]  2 H      0.000000000000   0.941658000000  -1.736011000000 AA    0.000000000000   1.779475723006  -3.280585339232 Bohr   0.0
[INPUT]  3 H      0.000000000000  -0.941658000000  -1.736011000000 AA    0.000000000000  -1.779475723006  -3.280585339232 Bohr   0.0
[INPUT]  4 C      0.000000000000   0.000000000000   0.103124000000 AA    0.000000000000   0.000000000000   0.194876116870 Bohr   0.0
[INPUT]  5 O      0.000000000000   0.000000000000   1.266343000000 AA    0.000000000000   0.000000000000   2.393041449760 Bohr   0.0

nuclear repulsion = 58.4974025766468
number of shells = 21
number of NR pGTOs = 92
number of NR cGTOs = 52
basis = ccpvdz
ecp = {}
CPU time:     12665.13




******** <class 'pyscf.soscf.newton_ah.SecondOrderRHF'> ********
method = SecondOrderRHF
initial guess = minao
damping factor = 0
level_shift factor = 0
DIIS = <class 'pyscf.scf.diis.CDIIS'>
diis_start_cycle = 1
diis_space = 8
diis_damp = 0
SCF conv_tol = 1e-09
SCF conv_tol_grad = None
SCF max_cycles = 200
direct_scf = True
direct_scf_tol = 1e-13
chkfile to save SCF result = /scratch/alpine/yizh8382/pyscf/tmp4jfo59d3
max_memory 40000 MB (current use 1701 MB)
******** <class 'pyscf.scf.hf.RHF'> Newton solver flags ********
SCF tol = 1e-09
conv_tol_grad = None
max. SCF cycles = 200
direct_scf = True
direct_scf_tol = 1e-13
chkfile to save SCF result = /scratch/alpine/yizh8382/pyscf/tmp4jfo59d3
max_cycle_inner = 12
max_stepsize = 0.05
ah_start_tol = 1e+09
ah_level_shift = 0
ah_conv_tol = 1e-12
ah_lindep = 1e-14
ah_start_cycle = 1
ah_max_cycle = 40
ah_grad_trust_region = 2.5
kf_interval = 4
kf_trust_region = 5
canonicalization = True
max_memory 40000 MB (current use 1701 MB)
Set conv_tol_grad to 3.16228e-05
Initial guess from minao.
  HOMO = -0.219947103744159  LUMO = 0.030069983407002
Initial guess E= -151.65444484856  |g|= 0.602029
macro= 0  E= -151.739765815815  delta_E= -0.085321  |g|= 0.0761422  3 KF 9 JK
macro= 1  E= -151.739926513071  delta_E= -0.000160697  |g|= 6.79145e-05  3 KF 11 JK
macro= 2  E= -151.739926513071  delta_E= 2.84217e-14  |g|= 4.23676e-06  1 KF 2 JK
Canonicalize SCF orbitals
macro X = 3  E=-151.739926513071  |g|= 4.23676e-06  total 8 KF 26 JK
converged SCF energy = -151.739926513071
rhf_internal: lowest eigs of H = [0.63387518 1.13397833 1.2544802 ]
<class 'pyscf.soscf.newton_ah.SecondOrderRHF'> wavefunction is stable in the internal stability analysis

******** <class 'pyscf.cc.ccsd.CCSD'> ********
CC2 = 0
CCSD nocc = 8, nmo = 49
frozen orbitals 3
max_cycle = 50
direct = 0
conv_tol = 1e-07
conv_tol_normt = 1e-05
diis_space = 6
diis_start_cycle = 0
diis_start_energy_diff = 1e+09
max_memory 40000 MB (current use 1701 MB)
Init t2, MP2 energy = -152.176651246074  E_corr(MP2) -0.43672473300307
Init E_corr(CCSD) = -0.436724733005457
cycle = 1  E_corr(CCSD) = -0.434632690421586  dE = 0.00209204258  norm(t1,t2) = 0.069755
cycle = 2  E_corr(CCSD) = -0.450474207687003  dE = -0.0158415173  norm(t1,t2) = 0.0256529
cycle = 3  E_corr(CCSD) = -0.44980804166594  dE = 0.000666166021  norm(t1,t2) = 0.0142583
cycle = 4  E_corr(CCSD) = -0.45205777621373  dE = -0.00224973455  norm(t1,t2) = 0.00504987
cycle = 5  E_corr(CCSD) = -0.452187924328065  dE = -0.000130148114  norm(t1,t2) = 0.000906603
cycle = 6  E_corr(CCSD) = -0.452101684279348  dE = 8.62400487e-05  norm(t1,t2) = 0.000351178
cycle = 7  E_corr(CCSD) = -0.452089490881872  dE = 1.21933975e-05  norm(t1,t2) = 0.000101695
cycle = 8  E_corr(CCSD) = -0.452099233450932  dE = -9.74256906e-06  norm(t1,t2) = 4.07775e-05
cycle = 9  E_corr(CCSD) = -0.452098307995888  dE = 9.25455044e-07  norm(t1,t2) = 1.82702e-05
cycle = 10  E_corr(CCSD) = -0.452097849847912  dE = 4.58147976e-07  norm(t1,t2) = 5.08103e-06
cycle = 11  E_corr(CCSD) = -0.452097936119187  dE = -8.62712756e-08  norm(t1,t2) = 2.05977e-06
CCSD converged
E(CCSD) = -152.1920244491904  E_corr = -0.4520979361191873
CCSD(T) correction = -0.0170289323140256
