------------------------------------------- AFQMC Sampling Started -------------------------------------------
Hostname: gpua016.delta.ncsa.illinois.edu
System Type: Linux
Machine Type: x86_64
Processor: x86_64
Using GPU.
System: Linux
Node Name: gpua016.delta.ncsa.illinois.edu
Release: 5.14.0-427.91.1.el9_4.x86_64
Version: #1 SMP PREEMPT_DYNAMIC Wed Sep 17 10:08:59 EDT 2025
Machine: x86_64
Processor: x86_64
Decomposing Unrestricted T2 amplitudes
Throw 0 vectors in T2 deomposition
SVD cutoff = 1.00e-08 | error = 1.69e-15
number of T2 decomposition vectors 322
norb: 30
nelec: (7, 7)
n_eql: 120
n_blocks: 1000
n_walkers: 300
dt: 0.005
max_error: 0.0
seed: 17
walker_type: uhf
trial: uccsd_pt2
free_projection: False
use_gpu: True
n_exp_terms: 6
n_prop_steps: 50
save_walkers: False
n_batch: 1
nchol_chunk: 100
mix_precision: True
initial AFQMC/pt2CCSD Energy is -515.383867
Propagating with 300 walkers
----------------------------------------------- Equilibration ------------------------------------------------
inv_T        weight  killW        energy   runTime
 0.00    300.000000      0   -515.059934     12.24
 3.00    304.780437      0   -515.407692     18.77
 6.00    304.436805      0   -515.395690     19.41
 9.00    304.115222      0   -515.388479     20.04
12.00    304.962845      0   -515.407032     20.67
15.00    304.734708      0   -515.411621     21.31
18.00    303.938524      0   -515.371079     21.94
21.00    304.632220      0   -515.419366     22.57
24.00    304.895201      0   -515.412733     23.20
27.00    304.644537      0   -515.394424     23.84
30.00    303.934038      0   -515.390584     24.47
---------------------------------------------- Sampling Blocks -----------------------------------------------
blocks        weight  killW       E_Guide     error       E_Trial     error     olp_T/G     error  Walltime
    20    304.603406      0   -515.397928  0.007589   -515.391062  0.000380    1.001104  0.000087   32.34
    40    304.074766      0   -515.398208  0.005516   -515.390721  0.000327    1.001094  0.000066   34.15
    60    303.575206      0   -515.392287  0.005236   -515.390675  0.000247    1.001157  0.000070   35.91
    80    303.184623      0   -515.393684  0.004101   -515.390938  0.000219    1.001147  0.000065   37.68
   100    302.858648      0   -515.395039  0.003467   -515.390886  0.000205    1.001099  0.000066   39.45
   120    302.576601      0   -515.394984  0.002927   -515.391181  0.000198    1.001019  0.000077   41.22
   140    302.317400      0   -515.394397  0.002568   -515.391211  0.000200    1.000979  0.000073   42.98
   160    302.096361      0   -515.395778  0.002371   -515.391452  0.000218    1.000934  0.000074   44.74
   180    301.892249      0   -515.394995  0.002184   -515.391591  0.000217    1.000936  0.000067   46.52
   200    301.718750      0   -515.395228  0.002029   -515.391735  0.000228    1.000954  0.000063   48.29
   220    301.556608      0   -515.394453  0.001921   -515.391681  0.000216    1.000960  0.000058   50.05
   240    301.418861      0   -515.394527  0.001787   -515.391736  0.000204    1.000970  0.000054   51.82
   260    301.295058      0   -515.394595  0.001671   -515.391754  0.000196    1.000974  0.000050   53.58
   280    301.181330      0   -515.394900  0.001585   -515.391775  0.000187    1.000986  0.000047   55.35
   300    301.081775      0   -515.394660  0.001491   -515.391751  0.000179    1.001010  0.000047   57.11
   320    300.989679      0   -515.394582  0.001398   -515.391749  0.000170    1.001020  0.000045   58.88
   340    300.905044      0   -515.393911  0.001398   -515.391734  0.000164    1.001041  0.000047   60.65
   360    300.829773      0   -515.394097  0.001384   -515.391763  0.000163    1.001055  0.000045   62.42
   380    300.768011      0   -515.394805  0.001473   -515.391898  0.000171    1.001032  0.000048   64.19
   400    300.703509      0   -515.394667  0.001417   -515.391939  0.000169    1.001029  0.000046   65.95
   420    300.649282      0   -515.394819  0.001362   -515.391917  0.000164    1.001045  0.000045   67.73
   440    300.599429      0   -515.394643  0.001313   -515.391927  0.000159    1.001047  0.000043   69.49
   460    300.549728      0   -515.394683  0.001266   -515.391932  0.000156    1.001054  0.000042   71.26
   480    300.505954      0   -515.395077  0.001272   -515.391879  0.000152    1.001045  0.000041   73.02
   500    300.460192      0   -515.394894  0.001242   -515.391870  0.000147    1.001038  0.000041   74.80
   520    300.415920      0   -515.394356  0.001260   -515.391845  0.000143    1.001040  0.000040   76.57
   540    300.383775      0   -515.394360  0.001210   -515.391927  0.000150    1.001033  0.000038   78.34
   560    300.347625      0   -515.393949  0.001257   -515.391889  0.000146    1.001021  0.000038   80.11
   580    300.317835      0   -515.394137  0.001225   -515.391861  0.000143    1.001017  0.000037   81.87
   600    300.291204      0   -515.394183  0.001182   -515.391835  0.000140    1.001021  0.000038   83.64
   620    300.266299      0   -515.394099  0.001159   -515.391859  0.000138    1.001022  0.000037   85.41
   640    300.243074      0   -515.394133  0.001115   -515.391876  0.000136    1.001022  0.000037   87.18
   660    300.221358      0   -515.394072  0.001081   -515.391885  0.000133    1.001025  0.000036   88.95
   680    300.196539      0   -515.393969  0.001111   -515.391909  0.000131    1.001023  0.000036   90.72
   700    300.174358      0   -515.393801  0.001085   -515.391925  0.000129    1.001011  0.000036   92.49
   720    300.150573      0   -515.393585  0.001059   -515.391910  0.000126    1.001017  0.000037   94.30
   740    300.127332      0   -515.393515  0.001037   -515.391880  0.000123    1.001027  0.000037   96.06
   760    300.111412      0   -515.393568  0.001018   -515.391867  0.000122    1.001027  0.000036   97.84
   780    300.096803      0   -515.393689  0.000999   -515.391885  0.000120    1.001035  0.000036   99.61
   800    300.079122      0   -515.393616  0.000979   -515.391870  0.000119    1.001032  0.000036  101.38
   820    300.065162      0   -515.393627  0.000955   -515.391868  0.000117    1.001032  0.000035  103.14
   840    300.051734      0   -515.393734  0.000938   -515.391861  0.000114    1.001029  0.000034  104.90
   860    300.036800      0   -515.393639  0.000921   -515.391863  0.000112    1.001023  0.000034  106.67
   880    300.025879      0   -515.393869  0.000929   -515.391855  0.000110    1.001014  0.000035  108.45
   900    300.009114      0   -515.393730  0.000919   -515.391832  0.000109    1.001016  0.000035  110.22
   920    299.995369      0   -515.393712  0.000899   -515.391809  0.000107    1.001014  0.000034  111.99
   940    299.983269      0   -515.393766  0.000881   -515.391798  0.000106    1.001011  0.000034  113.76
   960    299.970610      0   -515.393756  0.000863   -515.391805  0.000104    1.001014  0.000034  115.54
   980    299.959228      0   -515.393796  0.000846   -515.391860  0.000107    1.001023  0.000033  117.30
  1000    299.948938      0   -515.393810  0.000829   -515.391858  0.000106    1.001030  0.000034  119.07
---------------------------------------------- Post Propagation ----------------------------------------------
Total number of samples 1000
Raw AFQMC/HF (Guide) energy:           -515.393810 ± 0.000829
Raw Trial/Guide overlap ratio:          1.001030 ± 0.000034
Raw AFQMC/pt2CCSD energy (covariance): -515.391858 ± 0.000106
Raw AFQMC/pt2CCSD energy (dir sample): -515.391858 ± 0.000090
--------------------------------------------- Clean Obeservation ---------------------------------------------
removing energies outside zeta > 30
Outlier energy bound [-515.455270, -515.327242]
Removed 0 outliers with energies []
Clean AFQMC/pt2CCSD overlap ratio:        1.001030 ± 0.000034
Clean AFQMC/pt2CCSD energy (covariance): -515.391858 ± 0.000106
Clean AFQMC/ptCCSD energy (dir sample):  -515.391858 ± 0.000090
--------------------------------------------- Blocking Analysis ----------------------------------------------
nsample = 1000, max_block_size = 25, min_nblocks = 40
   B    NB    NS  Observable     Error    dError
   1  1000  1000    1.001030  0.000011  0.000000
   2   500  1000    1.001030  0.000015  0.000000
   3   333   999    1.001030  0.000018  0.000001
   4   250  1000    1.001030  0.000020  0.000001
   5   200  1000    1.001030  0.000021  0.000001
   6   166   996    1.001029  0.000023  0.000001
   7   142   994    1.001029  0.000024  0.000001
   8   125  1000    1.001030  0.000025  0.000002
   9   111   999    1.001030  0.000025  0.000002
  10   100  1000    1.001030  0.000026  0.000002
  11    90   990    1.001028  0.000027  0.000002
  12    83   996    1.001029  0.000028  0.000002
  13    76   988    1.001027  0.000028  0.000002
  14    71   994    1.001029  0.000028  0.000002
  15    66   990    1.001028  0.000030  0.000003
  16    62   992    1.001028  0.000031  0.000003
  17    58   986    1.001025  0.000030  0.000003
  18    55   990    1.001028  0.000032  0.000003
  19    52   988    1.001027  0.000032  0.000003
  20    50  1000    1.001030  0.000032  0.000003
  21    47   987    1.001026  0.000032  0.000003
  22    45   990    1.001028  0.000033  0.000004
  23    43   989    1.001027  0.000034  0.000004
  24    41   984    1.001025  0.000033  0.000004
  25    40  1000    1.001030  0.000033  0.000004
Fit (variance): plateau_var = 1.213e-09 ± 1.481e-10
Fit (error):    plateau = 0.000035 ± 0.000002
     autocorrelation length ~ 11.5 blocks
     plateau reached at block size ~ 53
     !!!Failed to reach plateau in blocking
     Return max block error
nclean = 1000, max_block_size = 25, min_nblocks = 40
Blk_SZ   NBlk   NSmp      Energy     Error    dError
     1   1000   1000  -515.391779  0.000090  0.000002
     2    500   1000  -515.391799  0.000102  0.000003
     3    333    999  -515.391807  0.000111  0.000004
     4    250   1000  -515.391814  0.000115  0.000005
     5    200   1000  -515.391821  0.000117  0.000006
     6    166    996  -515.391822  0.000119  0.000007
     7    142    994  -515.391831  0.000124  0.000007
     8    125   1000  -515.391831  0.000123  0.000008
     9    111    999  -515.391835  0.000124  0.000008
    10    100   1000  -515.391836  0.000125  0.000009
    11     90    990  -515.391843  0.000131  0.000010
    12     83    996  -515.391836  0.000125  0.000010
    13     76    988  -515.391839  0.000131  0.000011
    14     71    994  -515.391846  0.000133  0.000011
    15     66    990  -515.391846  0.000134  0.000012
    16     62    992  -515.391847  0.000143  0.000013
    17     58    986  -515.391843  0.000121  0.000011
    18     55    990  -515.391846  0.000124  0.000012
    19     52    988  -515.391844  0.000128  0.000013
    20     50   1000  -515.391846  0.000131  0.000013
    21     47    987  -515.391841  0.000124  0.000013
    22     45    990  -515.391854  0.000132  0.000014
    23     43    989  -515.391846  0.000133  0.000015
    24     41    984  -515.391847  0.000135  0.000015
    25     40   1000  -515.391853  0.000125  0.000014
Fit (variance): plateau_var = 1.661986e-08 ± 8.219217e-10
Fit (error):    plateau = 0.000129 ± 0.000003
     autocorrelation length ~ 3.3 blocks
     plateau reached at block size ~ 14
Final AFQMC/pt2CCSD overlap ratio: 1.001030 ± 0.000034
Final AFQMC/pt2CCSD energy: -515.391858 ± 0.000129
Total run time: 129.35
------------------------------------------ AFQMC Sampling Finished -------------------------------------------
