------------------------------------------- AFQMC Sampling Started -------------------------------------------
Hostname: gpua016.delta.ncsa.illinois.edu
System Type: Linux
Machine Type: x86_64
Processor: x86_64
Using GPU.
System: Linux
Node Name: gpua016.delta.ncsa.illinois.edu
Release: 5.14.0-427.91.1.el9_4.x86_64
Version: #1 SMP PREEMPT_DYNAMIC Wed Sep 17 10:08:59 EDT 2025
Machine: x86_64
Processor: x86_64
Decomposing Unrestricted T2 amplitudes
Throw 0 vectors in T2 deomposition
SVD cutoff = 1.00e-08 | error = 1.45e-15
number of T2 decomposition vectors 540
norb: 39
nelec: (9, 9)
n_eql: 120
n_blocks: 1000
n_walkers: 300
dt: 0.005
max_error: 0.0
seed: 17
walker_type: uhf
trial: uccsd_pt2
free_projection: False
use_gpu: True
n_exp_terms: 6
n_prop_steps: 50
save_walkers: False
n_batch: 1
nchol_chunk: 100
mix_precision: True
initial AFQMC/pt2CCSD Energy is -224.879876
Propagating with 300 walkers
----------------------------------------------- Equilibration ------------------------------------------------
inv_T        weight  killW        energy   runTime
 0.00    300.000000      0   -224.353566     12.53
 3.00    308.200049      0   -224.923134     19.60
 6.00    307.606628      0   -224.876456     20.52
 9.00    307.242573      0   -224.910494     21.45
12.00    308.242170      0   -224.973645     22.33
15.00    307.957822      0   -224.924516     23.22
18.00    307.598243      0   -224.897333     24.11
21.00    307.247812      0   -224.934408     24.99
24.00    307.175253      0   -224.894169     25.88
27.00    307.904699      0   -224.902618     26.77
30.00    307.141023      1   -224.927605     27.65
---------------------------------------------- Sampling Blocks -----------------------------------------------
blocks        weight  killW       E_Guide     error       E_Trial     error     olp_T/G     error  Walltime
    20    307.316399      2   -224.929786  0.007202   -224.914421  0.002090    1.193745  0.006982   36.92
    40    306.272820      4   -224.917110  0.007964   -224.911932  0.003138    1.205135  0.007783   39.70
    60    305.603391      4   -224.918394  0.009091   -224.913565  0.002309    1.205411  0.004951   42.48
    80    305.012296      6   -224.919865  0.006813   -224.913482  0.001793    1.211662  0.005496   45.25
   100    304.463051      7   -224.919967  0.005440   -224.913661  0.001488    1.216253  0.005316   48.03
   120    304.029064     10   -224.922478  0.004818   -224.914099  0.001331    1.217328  0.004453   50.81
   140    303.614840     15   -224.923187  0.004189   -224.913492  0.001176    1.221065  0.004581   53.59
   160    303.195085     17   -224.921492  0.004014   -224.913579  0.001074    1.222211  0.004067   56.37
   180    302.839895     21   -224.920984  0.003553   -224.913278  0.000987    1.225603  0.004302   59.15
   200    302.536339     23   -224.920241  0.003232   -224.913245  0.000901    1.226907  0.003986   61.96
   220    302.231848     24   -224.919228  0.003049   -224.913253  0.000840    1.228070  0.003728   66.32
   240    301.997003     26   -224.919234  0.002883   -224.913150  0.000787    1.228671  0.003468   69.10
   260    301.783648     26   -224.919586  0.002718   -224.913040  0.000761    1.229141  0.003262   71.88
   280    301.594529     29   -224.918905  0.002622   -224.912801  0.000716    1.229251  0.003028   74.66
   300    301.430076     36   -224.919695  0.002531   -224.913085  0.000695    1.228593  0.002869   77.45
   320    301.275466     41   -224.920172  0.002433   -224.913294  0.000679    1.228443  0.002694   80.23
   340    301.130268     46   -224.920228  0.002311   -224.913049  0.000732    1.229272  0.002616   83.08
   360    301.013831     50   -224.921054  0.002252   -224.913357  0.000745    1.229598  0.002483   85.86
   380    300.902564     53   -224.921310  0.002151   -224.913248  0.000714    1.230356  0.002443   88.64
   400    300.788889     56   -224.920670  0.002119   -224.913437  0.000694    1.230408  0.002356   91.42
   420    300.693174     60   -224.920891  0.002068   -224.913390  0.000668    1.229923  0.002271   94.20
   440    300.596650     64   -224.920553  0.002006   -224.913315  0.000642    1.229882  0.002318   96.98
   460    300.503974     66   -224.919927  0.001942   -224.913343  0.000619    1.229530  0.002280   99.77
   480    300.425657     70   -224.919963  0.001884   -224.913409  0.000613    1.229403  0.002193  102.55
   500    300.356018     72   -224.919495  0.001853   -224.913371  0.000593    1.229609  0.002162  105.33
   520    300.294578     78   -224.919323  0.001981   -224.913361  0.000577    1.228867  0.002140  108.10
   540    300.237862     83   -224.919557  0.001933   -224.913141  0.000561    1.228791  0.002070  110.89
   560    300.182616     86   -224.919547  0.001870   -224.913203  0.000546    1.228397  0.002088  113.67
   580    300.130511     88   -224.919589  0.001829   -224.913260  0.000533    1.228032  0.002046  116.45
   600    300.085732     90   -224.919492  0.001778   -224.913175  0.000518    1.227974  0.002029  119.23
   620    300.040083     92   -224.919493  0.001741   -224.913211  0.000507    1.228133  0.001958  122.01
   640    299.996250     92   -224.919355  0.001689   -224.913091  0.000495    1.228537  0.001932  124.78
   660    299.957368     96   -224.919403  0.001663   -224.913072  0.000484    1.228526  0.001875  127.56
   680    299.913844    100   -224.919330  0.001599   -224.913066  0.000474    1.228487  0.001850  130.34
   700    299.870838    105   -224.918813  0.001635   -224.913036  0.000465    1.228821  0.001826  133.12
   720    299.842103    108   -224.918880  0.001603   -224.913035  0.000454    1.228711  0.001784  135.90
   740    299.799125    113   -224.918243  0.001660   -224.912999  0.000445    1.228351  0.001767  138.68
   760    299.766930    119   -224.918008  0.001651   -224.912929  0.000435    1.228356  0.001849  141.54
   780    299.737886    121   -224.917786  0.001630   -224.912871  0.000425    1.228374  0.001804  144.32
   800    299.709853    125   -224.917566  0.001602   -224.912851  0.000418    1.228323  0.001776  147.10
   820    299.685378    127   -224.917372  0.001567   -224.912800  0.000413    1.228575  0.001751  149.89
   840    299.664145    132   -224.917473  0.001545   -224.912846  0.000407    1.228303  0.001730  152.68
   860    299.639800    134   -224.917279  0.001512   -224.912809  0.000401    1.228018  0.001714  155.45
   880    299.615521    135   -224.917281  0.001488   -224.912881  0.000394    1.227962  0.001675  158.23
   900    299.589275    137   -224.917364  0.001435   -224.912882  0.000391    1.227842  0.001642  161.00
   920    299.574523    141   -224.917377  0.001404   -224.912900  0.000388    1.228087  0.001655  163.78
   940    299.555351    143   -224.917172  0.001384   -224.912873  0.000383    1.228419  0.001655  166.56
   960    299.537766    145   -224.917050  0.001419   -224.912875  0.000377    1.228500  0.001649  169.34
   980    299.514692    148   -224.916822  0.001419   -224.912874  0.000371    1.228598  0.001614  172.12
  1000    299.497100    152   -224.916771  0.001406   -224.912863  0.000367    1.228786  0.001613  174.90
---------------------------------------------- Post Propagation ----------------------------------------------
Total number of samples 1000
Raw AFQMC/HF (Guide) energy:           -224.916771 ± 0.001406
Raw Trial/Guide overlap ratio:          1.228786 ± 0.001613
Raw AFQMC/pt2CCSD energy (covariance): -224.912863 ± 0.000367
Raw AFQMC/pt2CCSD energy (dir sample): -224.912863 ± 0.000274
--------------------------------------------- Clean Obeservation ---------------------------------------------
removing energies outside zeta > 30
Outlier energy bound [-225.118672, -224.704188]
Removed 0 outliers with energies []
Clean AFQMC/pt2CCSD overlap ratio:        1.228786 ± 0.001613
Clean AFQMC/pt2CCSD energy (covariance): -224.912863 ± 0.000367
Clean AFQMC/ptCCSD energy (dir sample):  -224.912863 ± 0.000274
--------------------------------------------- Blocking Analysis ----------------------------------------------
nsample = 1000, max_block_size = 25, min_nblocks = 40
   B    NB    NS  Observable     Error    dError
   1  1000  1000    1.228815  0.000488  0.000011
   2   500  1000    1.228814  0.000653  0.000021
   3   333   999    1.228798  0.000777  0.000030
   4   250  1000    1.228814  0.000874  0.000039
   5   200  1000    1.228814  0.000953  0.000048
   6   166   996    1.228782  0.001024  0.000056
   7   142   994    1.228779  0.001094  0.000065
   8   125  1000    1.228813  0.001123  0.000071
   9   111   999    1.228797  0.001179  0.000079
  10   100  1000    1.228813  0.001221  0.000087
  11    90   990    1.228777  0.001287  0.000096
  12    83   996    1.228781  0.001314  0.000103
  13    76   988    1.228752  0.001331  0.000109
  14    71   994    1.228777  0.001370  0.000116
  15    66   990    1.228778  0.001377  0.000121
  16    62   992    1.228783  0.001400  0.000127
  17    58   986    1.228718  0.001438  0.000135
  18    55   990    1.228778  0.001426  0.000137
  19    52   988    1.228753  0.001525  0.000151
  20    50  1000    1.228813  0.001542  0.000156
  21    47   987    1.228734  0.001484  0.000155
  22    45   990    1.228777  0.001481  0.000158
  23    43   989    1.228768  0.001587  0.000173
  24    41   984    1.228684  0.001566  0.000175
  25    40  1000    1.228812  0.001613  0.000183
Fit (variance): plateau_var = 2.925e-06 ± 4.155e-07
Fit (error):    plateau = 0.001710 ± 0.000121
     autocorrelation length ~ 13.9 blocks
     plateau reached at block size ~ 64
     !!!Failed to reach plateau in blocking
     Return max block error
nclean = 1000, max_block_size = 25, min_nblocks = 40
Blk_SZ   NBlk   NSmp      Energy     Error    dError
     1   1000   1000  -224.912639  0.000274  0.000006
     2    500   1000  -224.912699  0.000298  0.000009
     3    333    999  -224.912743  0.000317  0.000012
     4    250   1000  -224.912748  0.000320  0.000014
     5    200   1000  -224.912773  0.000318  0.000016
     6    166    996  -224.912795  0.000336  0.000018
     7    142    994  -224.912803  0.000339  0.000020
     8    125   1000  -224.912801  0.000326  0.000021
     9    111    999  -224.912807  0.000346  0.000023
    10    100   1000  -224.912811  0.000305  0.000022
    11     90    990  -224.912791  0.000341  0.000026
    12     83    996  -224.912834  0.000293  0.000023
    13     76    988  -224.912786  0.000318  0.000026
    14     71    994  -224.912832  0.000339  0.000029
    15     66    990  -224.912795  0.000342  0.000030
    16     62    992  -224.912830  0.000315  0.000029
    17     58    986  -224.912788  0.000317  0.000030
    18     55    990  -224.912792  0.000282  0.000027
    19     52    988  -224.912800  0.000318  0.000031
    20     50   1000  -224.912838  0.000332  0.000034
    21     47    987  -224.912799  0.000313  0.000033
    22     45    990  -224.912807  0.000300  0.000032
    23     43    989  -224.912803  0.000322  0.000035
    24     41    984  -224.912819  0.000288  0.000032
    25     40   1000  -224.912827  0.000258  0.000029
Fit (variance): plateau_var = 1.006470e-07 ± 3.435799e-09
Fit (error):    plateau = 0.000317 ± 0.000005
     autocorrelation length ~ 1.0 blocks
     plateau reached at block size ~ 5
Final AFQMC/pt2CCSD overlap ratio: 1.228786 ± 0.001613
Final AFQMC/pt2CCSD energy: -224.912863 ± 0.000317
Total run time: 242.44
------------------------------------------ AFQMC Sampling Finished -------------------------------------------
