
    ________                     _____                    
    ___  __ \___  __________________(_)_____________ _    
    __  /_/ /  / / /_  __ \_  __ \_  /__  __ \_  __ `/    
    _  _, _// /_/ /_  / / /  / / /  / _  / / /  /_/ /     
    /_/ |_| \__,_/ /_/ /_//_/ /_//_/  /_/ /_/_\__, /      
                                             /____/       
    _____________________________  ___________            
    ___    |__  ____/_  __ \__   |/  /_  ____/            
    __  /| |_  /_   _  / / /_  /|_/ /_  /                 
    _  ___ |  __/   / /_/ /_  /  / / / /___               
    /_/  |_/_/      \___\_\/_/  /_/  \____/               

Hostname:     gpua021.delta.ncsa.illinois.edu
System:       Linux
Node:         gpua021.delta.ncsa.illinois.edu
Release:      5.14.0-427.91.1.el9_4.x86_64
Machine:      x86_64
Processor:    x86_64
JAX backend:  GPU
JAX devices:  [CudaDevice(id=0)]
Device kind:  NVIDIA A100-SXM4-40GB
Platform:     gpu

Load system from Integral File
Maximum memory per walker:            66.67 MB
Maximum number of Cholesky per chunk: 288
Number of Cholesky chunks:            2
Number of Cholesky per chunk:         280
Number of padding Cholesky:           1

QMC System
Number of electrons: (9, 9)
Spin Multiplicity:   0
Number of orbitals:  87
Number of Chol:      559

QMC Parameters
eql_time            :                   50
n_blocks            :                 1000
n_walkers           :                  300
max_error           :                  0.0
seed                :                   17
walker_type         :                  uhf
trial               :             upt2ccsd
mix_precision       :                 True
max_memory          :                20000
dt                  :                0.005
n_exp_terms         :                    6
n_prop_steps        :                   50
save_walkers        :                False
free_projection     :                False
n_batch             :                    1
nchol_chunk         :                  280

Initalize QMC walkers by stochastic CCSD

Equilibration
inv_T        weight  killW        energy   runTime
 0.00    300.000000      0   -225.088921     13.09
 5.00    298.658454      0   -225.101073     24.09
10.00    298.853512      0   -225.155511     28.30
15.00    299.556466      0   -225.121154     31.73
20.00    300.004723      0   -225.079867     35.90
25.00    298.410802      0   -225.112615     40.10
30.00    299.293457      0   -225.116476     44.29
35.00    298.219405      0   -225.150813     47.72
40.00    299.352530      0   -225.131170     51.91
45.00    299.500648      0   -225.126137     56.10
50.00    298.985515      1   -225.126915     60.29

Sampling
blocks        weight  killW       E_Guide     error       E_Trial     error     olp_T/G     error  Walltime
    20    298.722185      2   -225.124740  0.007786   -225.134283  0.002167    1.220508  0.003328  101.29
    40    298.797329      5   -225.128788  0.005208   -225.132463  0.001543    1.225512  0.003597  135.21
    60    298.781538      7   -225.130941  0.004293   -225.133295  0.001261    1.223744  0.002684  168.35
    80    298.754653     11   -225.135899  0.004176   -225.134559  0.001292    1.221876  0.002423  201.58
   100    298.675594     16   -225.134894  0.004029   -225.135254  0.001295    1.224876  0.002688  234.97
   120    298.663571     17   -225.136199  0.003890   -225.135641  0.001192    1.223763  0.002533  268.35
   140    298.635902     20   -225.135904  0.003380   -225.135720  0.001070    1.224324  0.002245  301.73
   160    298.622125     25   -225.136617  0.003261   -225.136199  0.001188    1.223894  0.001983  335.10
   180    298.580673     32   -225.137264  0.003162   -225.135982  0.001077    1.224277  0.001747  368.48
   200    298.545854     35   -225.136419  0.002979   -225.135901  0.001070    1.221471  0.002519  401.87
   220    298.541648     40   -225.137827  0.002885   -225.135922  0.000999    1.220800  0.002385  435.26
   240    298.514002     44   -225.137416  0.002686   -225.135902  0.000936    1.220358  0.002205  468.61
   260    298.503950     46   -225.137469  0.002578   -225.135836  0.000883    1.220945  0.002073  501.74
   280    298.463558     48   -225.136693  0.002446   -225.135724  0.000831    1.221810  0.002059  534.87
   300    298.449309     51   -225.137603  0.002467   -225.135466  0.000793    1.221669  0.001924  567.99
   320    298.432683     55   -225.137234  0.002428   -225.135434  0.000756    1.222143  0.001833  601.36
   340    298.419178     59   -225.137288  0.002330   -225.136033  0.000998    1.222991  0.001842  634.78
   360    298.417353     61   -225.137679  0.002237   -225.136290  0.000972    1.223258  0.001751  668.19
   380    298.404082     63   -225.137327  0.002176   -225.136078  0.000926    1.224022  0.001755  701.61
   400    298.397176     70   -225.138026  0.002142   -225.136119  0.000890    1.223800  0.001674  735.02
   420    298.384338     76   -225.137251  0.002111   -225.136097  0.000855    1.223860  0.001604  768.44
   440    298.385257     76   -225.137844  0.002347   -225.136045  0.000828    1.223940  0.001587  801.86
   460    298.379620     83   -225.138424  0.002296   -225.136138  0.000797    1.223755  0.001568  835.29
   480    298.368925     84   -225.138205  0.002221   -225.135936  0.000769    1.224015  0.001508  868.71
   500    298.362002     86   -225.137881  0.002138   -225.135873  0.000742    1.224220  0.001468  902.14
   520    298.353625     88   -225.138254  0.002091   -225.135705  0.000720    1.224072  0.001449  935.58
   540    298.351183     96   -225.138340  0.002062   -225.135952  0.000710    1.224307  0.001428  969.00
   560    298.356769     98   -225.138697  0.002039   -225.136175  0.000700    1.223674  0.001440 1002.43
   580    298.347906    101   -225.138524  0.001972   -225.136251  0.000679    1.223743  0.001409 1035.85
   600    298.338476    103   -225.138469  0.001912   -225.136275  0.000661    1.223620  0.001390 1069.27
   620    298.336986    111   -225.138510  0.001868   -225.136114  0.000643    1.223785  0.001356 1102.68
   640    298.334730    112   -225.138444  0.001835   -225.136048  0.000627    1.223836  0.001340 1136.09
   660    298.326379    115   -225.138011  0.001812   -225.136111  0.000611    1.223614  0.001310 1169.51
   680    298.319265    116   -225.138013  0.001765   -225.136112  0.000597    1.223707  0.001283 1202.91
   700    298.318142    120   -225.138125  0.001719   -225.136077  0.000581    1.223894  0.001256 1236.34
   720    298.319087    122   -225.138411  0.001675   -225.136081  0.000569    1.223853  0.001276 1269.74
   740    298.313942    125   -225.138416  0.001635   -225.136114  0.000560    1.223416  0.001307 1303.17
   760    298.308939    125   -225.138523  0.001598   -225.136162  0.000552    1.223322  0.001295 1336.58
   780    298.310048    130   -225.139029  0.001647   -225.136176  0.000541    1.223607  0.001280 1370.00
   800    298.306577    130   -225.138678  0.001605   -225.136153  0.000530    1.223423  0.001355 1403.40
   820    298.308113    134   -225.139011  0.001599   -225.136155  0.000519    1.223336  0.001324 1436.57
   840    298.307615    136   -225.138834  0.001559   -225.136132  0.000509    1.223238  0.001296 1469.68
   860    298.307710    138   -225.139213  0.001539   -225.136200  0.000501    1.223175  0.001267 1502.80
   880    298.300311    138   -225.139085  0.001506   -225.136239  0.000491    1.223491  0.001278 1535.90
   900    298.295742    139   -225.139007  0.001494   -225.136163  0.000482    1.223704  0.001267 1569.39
   920    298.298205    140   -225.139203  0.001463   -225.136156  0.000474    1.223897  0.001254 1612.08
   940    298.296705    141   -225.139236  0.001430   -225.136116  0.000465    1.223970  0.001229 1654.79
   960    298.289910    144   -225.139045  0.001398   -225.136084  0.000458    1.223931  0.001204 1697.48
   980    298.287499    147   -225.139105  0.001383   -225.136018  0.000452    1.224123  0.001195 1740.16
  1000    298.284580    149   -225.138967  0.001369   -225.135964  0.000446    1.224133  0.001171 1782.85

Post Propagation Process
Total number of samples 1000
Raw AFQMC/HF (Guide) energy:           -225.138967 ± 0.001369
Raw Trial/Guide overlap ratio:          1.224133 ± 0.001171
Raw AFQMC/pt2CCSD energy (covariance): -225.135964 ± 0.000446
Raw AFQMC/pt2CCSD energy (dir sample): -225.135964 ± 0.000372

Remove Outliers
removing energies outside zeta > 30
Outlier energy bound [-225.374627, -224.893899]
Removed 0 outliers with energies []
Clean AFQMC/pt2CCSD overlap ratio:        1.224133 ± 0.001171
Clean AFQMC/pt2CCSD energy (covariance): -225.135964 ± 0.000446
Clean AFQMC/ptCCSD energy (dir sample):  -225.135964 ± 0.000372

Blocking Analysis
nsample = 1000, max_block_size = 25, min_nblocks = 40
   B    NB    NS  Observable     Error    dError
   1  1000  1000    1.224135  0.000423  0.000009
   2   500  1000    1.224134  0.000562  0.000018
   3   333   999    1.224127  0.000657  0.000026
   4   250  1000    1.224134  0.000729  0.000033
   5   200  1000    1.224134  0.000777  0.000039
   6   166   996    1.224139  0.000830  0.000046
   7   142   994    1.224130  0.000868  0.000052
   8   125  1000    1.224134  0.000912  0.000058
   9   111   999    1.224127  0.000954  0.000064
  10   100  1000    1.224133  0.000955  0.000068
  11    90   990    1.224130  0.001023  0.000077
  12    83   996    1.224139  0.001011  0.000079
  13    76   988    1.224130  0.001070  0.000087
  14    71   994    1.224130  0.001027  0.000087
  15    66   990    1.224131  0.001068  0.000094
  16    62   992    1.224133  0.001101  0.000100
  17    58   986    1.224149  0.001075  0.000101
  18    55   990    1.224130  0.001135  0.000109
  19    52   988    1.224131  0.001091  0.000108
  20    50  1000    1.224134  0.001171  0.000118
  21    47   987    1.224141  0.001025  0.000107
  22    45   990    1.224129  0.001119  0.000119
  23    43   989    1.224128  0.001073  0.000117
  24    41   984    1.224148  0.001074  0.000120
  25    40  1000    1.224133  0.001155  0.000131
Fit (variance): plateau_var = 1.314e-06 ± 1.120e-07
Fit (error):    plateau = 0.001146 ± 0.000049
     autocorrelation length ~ 8.1 blocks
     plateau reached at block size ~ 37
     !!!Failed to reach plateau in blocking
     Return max block error
nclean = 1000, max_block_size = 25, min_nblocks = 40
Blk_SZ   NBlk   NSmp      Energy     Error    dError
     1   1000   1000  -225.135694  0.000372  0.000008
     2    500   1000  -225.135768  0.000400  0.000013
     3    333    999  -225.135790  0.000419  0.000016
     4    250   1000  -225.135836  0.000411  0.000018
     5    200   1000  -225.135858  0.000425  0.000021
     6    166    996  -225.135860  0.000430  0.000024
     7    142    994  -225.135892  0.000429  0.000026
     8    125   1000  -225.135899  0.000428  0.000027
     9    111    999  -225.135882  0.000450  0.000030
    10    100   1000  -225.135901  0.000438  0.000031
    11     90    990  -225.135951  0.000438  0.000033
    12     83    996  -225.135911  0.000436  0.000034
    13     76    988  -225.135971  0.000446  0.000036
    14     71    994  -225.135934  0.000449  0.000038
    15     66    990  -225.135971  0.000410  0.000036
    16     62    992  -225.135964  0.000414  0.000037
    17     58    986  -225.135962  0.000404  0.000038
    18     55    990  -225.135985  0.000427  0.000041
    19     52    988  -225.135990  0.000427  0.000042
    20     50   1000  -225.135936  0.000420  0.000042
    21     47    987  -225.135976  0.000456  0.000048
    22     45    990  -225.135989  0.000412  0.000044
    23     43    989  -225.135996  0.000395  0.000043
    24     41    984  -225.135984  0.000489  0.000055
    25     40   1000  -225.135947  0.000387  0.000044
Fit (variance): plateau_var = 1.830902e-07 ± 6.863142e-09
Fit (error):    plateau = 0.000428 ± 0.000008
     autocorrelation length ~ 1.5 blocks
     plateau reached at block size ~ 6
Final AFQMC/pt2CCSD overlap ratio: 1.224133 ± 0.001171
Final AFQMC/pt2CCSD energy: -225.135964 ± 0.000428
Total run time: 1794.74

AFQMC Sampling Finished

