#INFO: **** input file is /work/hdd/bdka/yzhang65/w4_17/w4-17_all/afqmc_input/batch7/run_afqmc.py ****
import os
import sys
import re
#sys.path.insert(0, os.path.join(os.path.dirname(os.path.abspath(__file__)), '..', 'script'))
sys.path.insert(0, '/u/yzhang65/mywork/yzhang65/w4_17/w4-17_all/script')

os.environ.setdefault("XLA_PYTHON_CLIENT_ALLOCATOR", "platform")
import jax
jax.config.update("jax_enable_x64", True)

from pyscf import gto, scf, cc
from afqmc import integral, launch_afqmc
from mol_select import get_xyz_files
import truncate_basis

# ---------------------------------------------------------------------------
# Configuration
# ---------------------------------------------------------------------------
shell            = "closed"  # "closed" or "open"
symmetry         = False
select_molecules = None  # e.g. ["acetaldehyde", "benzene"], or None for all
index            = "121-140"          # e.g. "1-10", "5", "1,3,5-8", or None for all
basis            = "vtzfp"

xyz_dir      = f"../../w4_17_xyz/{shell}_shell"
results_file = f"./{shell}_afqmc_{basis}.dat"
out_dir      = f"../../result/molout/{shell}_shell"
os.makedirs(out_dir, exist_ok=True)

xyz_files = get_xyz_files(xyz_dir, select_molecules=select_molecules, index=index)

# ---------------------------------------------------------------------------
# Write results header
# ---------------------------------------------------------------------------
with open(results_file, "w") as out:
    out.write(f"{'Molecule':<16s} {'E_HF (Eh)':>20s} {'E_CCSD (Eh)':>20s} "
              f"{'E_AFQMC (Eh)':>15s} {'E_AFQMC ERR (Eh)':>15s}\n")

# ---------------------------------------------------------------------------
# Helper
# ---------------------------------------------------------------------------
_afqmc_energy_re = re.compile(
    r"Final AFQMC/pt2CCSD energy:\s*([-+]?\d*\.?\d+(?:[eE][-+]?\d+)?)"
    r"\s*(?:±|\+/-)\s*([-+]?\d*\.?\d+(?:[eE][-+]?\d+)?)"
)

def extract_afqmc_energy(filename):
    try:
        with open(filename, encoding="utf-8") as f:
            for line in f:
                m = _afqmc_energy_re.search(line)
                if m:
                    return float(m.group(1)), float(m.group(2))
    except (OSError, IOError):
        pass
    return 0, 0

# ---------------------------------------------------------------------------
# Main loop
# ---------------------------------------------------------------------------
for xyz_path in xyz_files:
    with open(xyz_path) as f:
        lines = f.readlines()

    second_line = lines[1]
    charge   = int(second_line.split("charge=")[1].split()[0])
    spin     = int(second_line.split("mult=")[1].split()[0]) - 1
    mol_name = second_line.split()[0]
    atoms    = "".join(lines[2:])

    print(f"\n{'='*60}\nRunning: {mol_name}  charge={charge}  spin={spin}\n{'='*60}")

    mol = gto.M(
        atom=atoms,
        basis=truncate_basis.get_basis(atoms, basis),
        verbose=4,
        output=os.path.join(out_dir, f"{mol_name}_{basis}.out"),
        unit="angstrom",
        symmetry=symmetry,
        charge=charge,
        spin=spin,
        max_memory=40000,
    )

    mf = scf.UHF(mol)
    mf.max_cycle = 200
    mf = mf.newton()
    mf.kernel()

    if mol_name == "h":
        with open(results_file, "a") as out:
            out.write(f"{mol_name:<16s} {mf.e_tot:>20.10f} {mf.e_tot:>20.10f} "
                      f"{mf.e_tot:>15.5f} {0.0:>15.5f}\n")
        continue

    stable = False
    for _ in range(10):
        mo_i, _, stable, _ = mf.stability(return_status=True)
        if stable:
            break
        dm = mf.make_rdm1(mo_i, mf.mo_occ)
        mf.kernel(dm0=dm)

    if not stable or not mf.converged:
        print(f"  !! SCF did not converge for {mol_name} — skipping.")
        with open(results_file, "a") as out:
            out.write(f"{mol_name:<16s} {'UNCONVERGED':>20s} {'UNCONVERGED':>20s} {'UNCONVERGED':>20s}\n")
        continue

    mycc = cc.CCSD(mf)
    mycc.set_frozen()
    mycc.kernel()

    integral.prep_integral(mycc, chol_cut=1e-5)
    options = {
        'eql_time':      50,
        'n_blocks':      1000,
        'n_walkers':     300,
        'max_error':     0.0,
        'seed':          17,
        'walker_type':   'uhf',
        'trial':         'upt2ccsd',
        'mix_precision': True,
        'max_memory':    20000, #MB
    }
    launch_afqmc.ph_afqmc(options)

    afqmc_out = os.path.join(out_dir, f"{mol_name}_afqmc_{basis}.out")
    os.system(f"mv afqmc.out {afqmc_out}")
    eqmc, eqmc_err = extract_afqmc_energy(afqmc_out)

    with open(results_file, "a") as out:
        out.write(f"{mol_name:<16s} {mf.e_tot:>20.10f} {mycc.e_tot:>20.10f} "
                  f"{eqmc:>15.5f} {eqmc_err:>15.5f}\n")

    print(f"  => E_HF({mol_name})      = {mf.e_tot:.10f} Eh")
    print(f"  => E_CCSD({mol_name})    = {mycc.e_tot:.10f} Eh")
    print(f"  => E_AFQMC({mol_name})   = {eqmc:.5f} +/- {eqmc_err:.5f} Eh")

print(f"\nAll calculations complete. Results saved to {results_file}")
#INFO: ******************** input file end ********************


System: uname_result(system='Linux', node='gpua021.delta.ncsa.illinois.edu', release='5.14.0-427.91.1.el9_4.x86_64', version='#1 SMP PREEMPT_DYNAMIC Wed Sep 17 10:08:59 EDT 2025', machine='x86_64')  Threads 16
Python 3.11.14 (main, Oct 21 2025, 18:31:21) [GCC 11.2.0]
numpy 2.3.5  scipy 1.16.3  h5py 3.15.1
Date: Sun May 24 04:48:12 2026
PySCF version 2.11.0
PySCF path  /u/yzhang65/myprojects/software/pyscf
GIT HEAD (branch master) f520f5381c0b41f716d847009817cbc64e52c0d5

[ENV] PYSCF_TMPDIR /projects/bdka/yzhang65/scratch/pyscf
[ENV] PYSCF_EXT_PATH /u/yzhang65/myprojects/software/pyscf-forge
[CONFIG] conf_file None
[INPUT] verbose = 4
[INPUT] num. atoms = 3
[INPUT] num. electrons = 24
[INPUT] charge = 0
[INPUT] spin (= nelec alpha-beta = 2S) = 0
[INPUT] symmetry False subgroup None
[INPUT] Mole.unit = angstrom
[INPUT] Symbol           X                Y                Z      unit          X                Y                Z       unit  Magmom
[INPUT]  1 O      0.000000000000   0.000000000000   0.441224000000 AA    0.000000000000   0.000000000000   0.833792519585 Bohr   0.0
[INPUT]  2 O      0.000000000000   1.082525000000  -0.220612000000 AA    0.000000000000   2.045675772995  -0.416896259793 Bohr   0.0
[INPUT]  3 O      0.000000000000  -1.082525000000  -0.220612000000 AA    0.000000000000  -2.045675772995  -0.416896259793 Bohr   0.0

nuclear repulsion = 69.0270301631236
number of shells = 27
number of NR pGTOs = 126
number of NR cGTOs = 90
basis = {'O': [[0, [15330.0, 0.000508, -0.000115], [2299.0, 0.003929, -0.000895], [522.4, 0.020243, -0.004636], [147.3, 0.079181, -0.018724], [47.55, 0.230687, -0.058463], [16.76, 0.433118, -0.136463], [6.207, 0.35026, -0.17574], [0.6882, -0.008154, 0.603418]], [0, [1.752, 1.0]], [0, [0.2384, 1.0]], [1, [34.46, 0.015928], [7.749, 0.09974], [2.28, 0.310492]], [1, [0.7156, 1.0]], [1, [0.214, 1.0]], [2, [2.314, 1.0]], [2, [0.645, 1.0]], [3, [1.428, 1.0]]]}
ecp = {}
CPU time:      4993.14




******** <class 'pyscf.soscf.newton_ah.SecondOrderUHF'> ********
method = SecondOrderUHF
initial guess = minao
damping factor = 0
level_shift factor = 0
DIIS = <class 'pyscf.scf.diis.CDIIS'>
diis_start_cycle = 1
diis_space = 8
diis_damp = 0
SCF conv_tol = 1e-09
SCF conv_tol_grad = None
SCF max_cycles = 200
direct_scf = True
direct_scf_tol = 1e-13
chkfile to save SCF result = /projects/bdka/yzhang65/scratch/pyscf/tmp03yfjhsi
max_memory 40000 MB (current use 2018 MB)
number electrons alpha = 12  beta = 12
******** <class 'pyscf.scf.uhf.UHF'> Newton solver flags ********
SCF tol = 1e-09
conv_tol_grad = None
max. SCF cycles = 200
direct_scf = True
direct_scf_tol = 1e-13
chkfile to save SCF result = /projects/bdka/yzhang65/scratch/pyscf/tmp03yfjhsi
max_cycle_inner = 12
max_stepsize = 0.05
ah_start_tol = 1e+09
ah_level_shift = 0
ah_conv_tol = 1e-12
ah_lindep = 1e-14
ah_start_cycle = 1
ah_max_cycle = 40
ah_grad_trust_region = 2.5
kf_interval = 4
kf_trust_region = 5
canonicalization = True
max_memory 40000 MB (current use 2018 MB)
Set conv_tol_grad to 3.16228e-05
  alpha nocc = 12  HOMO = -0.268032727010538  LUMO = -0.102461506414873
  beta  nocc = 12  HOMO = -0.268276218158228  LUMO = -0.101370544016973
Initial guess E= -224.107364306201  |g|= 0.801175
macro= 0  E= -224.341462689901  delta_E= -0.234098  |g|= 0.0771895  3 KF 9 JK
macro= 1  E= -224.341630584705  delta_E= -0.000167895  |g|= 9.98661e-05  3 KF 12 JK
macro= 2  E= -224.341630584705  delta_E= -1.7053e-13  |g|= 9.95704e-06  1 KF 2 JK
Canonicalize SCF orbitals
macro X = 3  E=-224.341630584705  |g|= 9.95704e-06  total 8 KF 27 JK
converged SCF energy = -224.341630584705  <S^2> = 6.8310726e-09  2S+1 = 1
uhf_internal: lowest eigs of H = [-0.42417126 -0.03238559  0.02309617]
<class 'pyscf.soscf.newton_ah.SecondOrderUHF'> wavefunction has an internal instability




******** <class 'pyscf.soscf.newton_ah.SecondOrderUHF'> ********
method = SecondOrderUHF
initial guess = minao
damping factor = 0
level_shift factor = 0
DIIS = <class 'pyscf.scf.diis.CDIIS'>
diis_start_cycle = 1
diis_space = 8
diis_damp = 0
SCF conv_tol = 1e-09
SCF conv_tol_grad = None
SCF max_cycles = 200
direct_scf = True
direct_scf_tol = 1e-13
chkfile to save SCF result = /projects/bdka/yzhang65/scratch/pyscf/tmp03yfjhsi
max_memory 40000 MB (current use 2093 MB)
number electrons alpha = 12  beta = 12
******** <class 'pyscf.scf.uhf.UHF'> Newton solver flags ********
SCF tol = 1e-09
conv_tol_grad = None
max. SCF cycles = 200
direct_scf = True
direct_scf_tol = 1e-13
chkfile to save SCF result = /projects/bdka/yzhang65/scratch/pyscf/tmp03yfjhsi
max_cycle_inner = 12
max_stepsize = 0.05
ah_start_tol = 1e+09
ah_level_shift = 0
ah_conv_tol = 1e-12
ah_lindep = 1e-14
ah_start_cycle = 1
ah_max_cycle = 40
ah_grad_trust_region = 2.5
kf_interval = 4
kf_trust_region = 5
canonicalization = True
max_memory 40000 MB (current use 2093 MB)
Set conv_tol_grad to 3.16228e-05
  alpha nocc = 12  HOMO = -0.524322987334933  LUMO = 0.0846959809778169
  beta  nocc = 12  HOMO = -0.524173977320814  LUMO = 0.0849030347488422
Initial guess E= -224.414383180288  |g|= 0.123416
macro= 0  E= -224.426905474049  delta_E= -0.0125223  |g|= 0.0189647  3 KF 9 JK
macro= 1  E= -224.426910719808  delta_E= -5.24576e-06  |g|= 2.35147e-05  3 KF 10 JK
macro= 2  E= -224.426910719808  delta_E= -1.13687e-13  |g|= 1.15337e-05  1 KF 2 JK
Canonicalize SCF orbitals
macro X = 3  E=-224.426910719808  |g|= 1.15337e-05  total 8 KF 25 JK
converged SCF energy = -224.426910719808  <S^2> = 0.9306644  2S+1 = 2.1731676
uhf_internal: lowest eigs of H = [0.07186504 0.08053706 0.36492925]
<class 'pyscf.soscf.newton_ah.SecondOrderUHF'> wavefunction is stable in the internal stability analysis

******** <class 'pyscf.cc.uccsd.UCCSD'> ********
CC2 = 0
CCSD nocc = (np.int64(9), np.int64(9)), nmo = (87, 87)
frozen orbitals 3
max_cycle = 50
direct = 0
conv_tol = 1e-07
conv_tol_normt = 1e-06
diis_space = 6
diis_start_cycle = 0
diis_start_energy_diff = 1e+09
max_memory 40000 MB (current use 2093 MB)
Init t2, MP2 energy = -0.6291040621205
Init E_corr(UCCSD) = -0.629104062171873
cycle = 1  E_corr(UCCSD) = -0.623346354012973  dE = 0.00575770816  norm(t1,t2) = 0.128022
cycle = 2  E_corr(UCCSD) = -0.646522820359571  dE = -0.0231764663  norm(t1,t2) = 0.0462525
cycle = 3  E_corr(UCCSD) = -0.646724387849397  dE = -0.00020156749  norm(t1,t2) = 0.047919
cycle = 4  E_corr(UCCSD) = -0.658161665596638  dE = -0.0114372777  norm(t1,t2) = 0.0386398
cycle = 5  E_corr(UCCSD) = -0.659561409096191  dE = -0.0013997435  norm(t1,t2) = 0.018908
cycle = 6  E_corr(UCCSD) = -0.659956440587741  dE = -0.000395031492  norm(t1,t2) = 0.013147
cycle = 7  E_corr(UCCSD) = -0.661838739809937  dE = -0.00188229922  norm(t1,t2) = 0.00826483
cycle = 8  E_corr(UCCSD) = -0.662458097568834  dE = -0.000619357759  norm(t1,t2) = 0.00343742
cycle = 9  E_corr(UCCSD) = -0.662497381399645  dE = -3.92838308e-05  norm(t1,t2) = 0.00186313
cycle = 10  E_corr(UCCSD) = -0.662547313919561  dE = -4.99325199e-05  norm(t1,t2) = 0.000999456
cycle = 11  E_corr(UCCSD) = -0.662555737709907  dE = -8.42379035e-06  norm(t1,t2) = 0.000348613
cycle = 12  E_corr(UCCSD) = -0.662562109260252  dE = -6.37155035e-06  norm(t1,t2) = 0.000134845
cycle = 13  E_corr(UCCSD) = -0.662560322655427  dE = 1.78660483e-06  norm(t1,t2) = 6.70105e-05
cycle = 14  E_corr(UCCSD) = -0.662554905581183  dE = 5.41707424e-06  norm(t1,t2) = 3.47459e-05
cycle = 15  E_corr(UCCSD) = -0.662551979477914  dE = 2.92610327e-06  norm(t1,t2) = 1.10398e-05
cycle = 16  E_corr(UCCSD) = -0.66255072883354  dE = 1.25064437e-06  norm(t1,t2) = 3.776e-06
cycle = 17  E_corr(UCCSD) = -0.662550602966638  dE = 1.25866902e-07  norm(t1,t2) = 1.7167e-06
cycle = 18  E_corr(UCCSD) = -0.662550556313475  dE = 4.66531626e-08  norm(t1,t2) = 1.27043e-06
cycle = 19  E_corr(UCCSD) = -0.662550444119508  dE = 1.12193967e-07  norm(t1,t2) = 7.46714e-07
cycle = 20  E_corr(UCCSD) = -0.662550417828093  dE = 2.62914143e-08  norm(t1,t2) = 3.91563e-07
UCCSD converged
E(UCCSD) = -225.0894611376361  E_corr = -0.6625504178280934
