#INFO: **** input file is /projects/yizh8382/projects/w4_17/w4-17_all/pyscf_input/run_pyscf.py ****
import os
import glob
import numpy as np
from pyscf import gto, scf, cc

xyz_dir = "../w4_17_xyz/closed_shell"
results_file = "../result/closed_shell_rhf.dat"
out_dir = "../result/molout/closed_shell"
os.makedirs(out_dir, exist_ok=True)

# Set to a list of molecule names to run only those, e.g. ["acetaldehyde", "benzene"]
# Set to None to run all molecules in xyz_dir
select_molecules = None
# select_molecules = ["bn3pi","b2", "cf"]
symmetry = False

all_xyz = sorted(glob.glob(os.path.join(xyz_dir, "*.xyz")))
if select_molecules is not None:
    select_set = set(select_molecules)
    xyz_files = [p for p in all_xyz if os.path.splitext(os.path.basename(p))[0] in select_set]
    missing = select_set - {os.path.splitext(os.path.basename(p))[0] for p in xyz_files}
    if missing:
        print(f"Warning: no .xyz file found for: {', '.join(sorted(missing))} in {xyz_dir}")
else:
    xyz_files = all_xyz

with open(results_file, "w") as out:
    out.write(f"{'Molecule':<16s} {'Charge':>6s} {'2S':>6s} {'frozen':>6s} "
              f"{'E_RHF (Eh)':>20s} {'E_CCSD (Eh)':>20s} {'E_CCSD(T) (Eh)':>20s}\n")
    out.write("-" * 100 + "\n")

for xyz_path in xyz_files:
    with open(xyz_path, "r") as f:
        lines = f.readlines()

    # Parse charge and multiplicity from second line: "name charge=X mult=Y"
    second_line = lines[1]
    charge = int(second_line.split("charge=")[1].split()[0])
    mult   = int(second_line.split("mult=")[1].split()[0])
    spin   = mult - 1   # PySCF spin input is 2S = mult - 1
    mol_name = second_line.split()[0]

    # Coordinates only (skip the atom count and comment lines)
    atoms = "".join(lines[2:])

    print(f"\n{'='*60}")
    print(f"Running: {mol_name}  charge={charge}  spin={spin}")
    print(f"{'='*60}")

    mol = gto.M(
        atom=atoms,
        basis="ccpvdz",
        verbose=4,
        output=os.path.join(out_dir, f"{mol_name}.out"),
        unit="angstrom",
        symmetry=symmetry,
        charge=charge,
        spin=spin,
        max_memory=40000,
    )

    mf = scf.RHF(mol)
    mf.max_cycle = 200
    mf = mf.newton()
    mf.kernel()

    # Stability check loop — at most 10 attempts
    max_stability_cycles = 10
    stable = False
    for stability_iter in range(max_stability_cycles):
        mo_i, _, stable, _ = mf.stability(return_status=True)
        if stable:
            break
        dm = mf.make_rdm1(mo_i, mf.mo_occ)
        mf.kernel(dm0=dm)

    if not stable or not mf.converged:
        print(f"  !! SCF did not converge for {mol_name} — skipping.")
        with open(results_file, "a") as out:
            out.write(f"{mol_name:<16s} {charge:>6d} {spin:>6d} {'N/A':>6s} "
                      f"{'UNCONVERGED':>20s} {'UNCONVERGED':>20s} {'UNCONVERGED':>20s}\n")
        continue

    energy = mf.e_tot

    mycc = cc.CCSD(mf)
    mycc.set_frozen()
    mycc.kernel()
    e_ccsd = mycc.e_tot
    et = mycc.ccsd_t()
    e_ccsdt = e_ccsd + et
    frozen = mycc.frozen

    with open(results_file, "a") as out:
        out.write(f"{mol_name:<16s} {charge:>6d} {spin:>6d} {frozen:>6d} "
                  f"{energy:>20.10f} {e_ccsd:>20.10f} {e_ccsdt:>20.10f}\n")

    print(f"  => E_RHF({mol_name})     = {energy:.10f} Eh")
    print(f"  => E_CCSD({mol_name})    = {e_ccsd:.10f} Eh")
    print(f"  => E_CCSD(T)({mol_name}) = {e_ccsdt:.10f} Eh")

print(f"\nAll calculations complete. Results saved to {results_file}")
#INFO: ******************** input file end ********************


System: uname_result(system='Linux', node='bnode0303.rc.int.colorado.edu', release='4.18.0-477.27.1.el8_8.x86_64', version='#1 SMP Thu Aug 31 10:29:22 EDT 2023', machine='x86_64')  Threads 28
Python 3.10.2 | packaged by conda-forge | (main, Mar  8 2022, 15:52:01) [GCC 9.4.0]
numpy 2.0.2  scipy 1.14.1  h5py 3.12.1
Date: Tue May 12 10:58:50 2026
PySCF version 2.9.0
PySCF path  /projects/yizh8382/tools/lno_pyscf_gcc
GIT HEAD (branch master) 142756584ed3963728cc1f6823286f4605811a6c

[ENV] PYSCF_TMPDIR /scratch/alpine/yizh8382/pyscf
[ENV] PYSCF_EXT_PATH /home/yizh8382/tools/pyscf-forge
[CONFIG] conf_file None
[INPUT] verbose = 4
[INPUT] num. atoms = 10
[INPUT] num. electrons = 32
[INPUT] charge = 0
[INPUT] spin (= nelec alpha-beta = 2S) = 0
[INPUT] symmetry False subgroup None
[INPUT] Mole.unit = angstrom
[INPUT] Symbol           X                Y                Z      unit          X                Y                Z       unit  Magmom
[INPUT]  1 C     -0.027081970300  -0.064786406000   1.035133648400 AA   -0.051177506781  -0.122428563935   1.956119097798 Bohr   0.0
[INPUT]  2 C     -0.027305556700   1.074045402000   0.000000000000 AA   -0.051600023842   2.029651655128   0.000000000000 Bohr   0.0
[INPUT]  3 C     -0.027081970300  -0.064786406000  -1.035133648400 AA   -0.051177506781  -0.122428563935  -1.956119097798 Bohr   0.0
[INPUT]  4 H      0.816158094900  -0.092142453100   1.726644238400 AA    1.542315273708  -0.174124000805   3.262884725134 Bohr   0.0
[INPUT]  5 H     -0.959319252200  -0.181097474100   1.592614988900 AA   -1.812850652681  -0.342224627900   3.009606150898 Bohr   0.0
[INPUT]  6 H      0.876027861400   1.679337478900   0.000000000000 AA    1.655452735534   3.173487905839   0.000000000000 Bohr   0.0
[INPUT]  7 H     -0.902110330300   1.719497724500   0.000000000000 AA   -1.704741458408   3.249379771118   0.000000000000 Bohr   0.0
[INPUT]  8 H      0.816158094900  -0.092142453100  -1.726644238400 AA    1.542315273708  -0.174124000805  -3.262884725134 Bohr   0.0
[INPUT]  9 H     -0.959319252200  -0.181097474100  -1.592614988900 AA   -1.812850652681  -0.342224627900  -3.009606150898 Bohr   0.0
[INPUT] 10 O      0.098341280800  -1.065541939200   0.000000000000 AA    0.185838087451  -2.013582439326   0.000000000000 Bohr   0.0

nuclear repulsion = 128.265112478733
number of shells = 38
number of NR pGTOs = 146
number of NR cGTOs = 86
basis = ccpvdz
ecp = {}
CPU time:     14959.22




******** <class 'pyscf.soscf.newton_ah.SecondOrderRHF'> ********
method = SecondOrderRHF
initial guess = minao
damping factor = 0
level_shift factor = 0
DIIS = <class 'pyscf.scf.diis.CDIIS'>
diis_start_cycle = 1
diis_space = 8
diis_damp = 0
SCF conv_tol = 1e-09
SCF conv_tol_grad = None
SCF max_cycles = 200
direct_scf = True
direct_scf_tol = 1e-13
chkfile to save SCF result = /scratch/alpine/yizh8382/pyscf/tmpenjkllv6
max_memory 40000 MB (current use 1815 MB)
******** <class 'pyscf.scf.hf.RHF'> Newton solver flags ********
SCF tol = 1e-09
conv_tol_grad = None
max. SCF cycles = 200
direct_scf = True
direct_scf_tol = 1e-13
chkfile to save SCF result = /scratch/alpine/yizh8382/pyscf/tmpenjkllv6
max_cycle_inner = 12
max_stepsize = 0.05
ah_start_tol = 1e+09
ah_level_shift = 0
ah_conv_tol = 1e-12
ah_lindep = 1e-14
ah_start_cycle = 1
ah_max_cycle = 40
ah_grad_trust_region = 2.5
kf_interval = 4
kf_trust_region = 5
canonicalization = True
max_memory 40000 MB (current use 1815 MB)
Set conv_tol_grad to 3.16228e-05
Initial guess from minao.
  HOMO = -0.295938730526048  LUMO = 0.127148407813627
Initial guess E= -191.83480221269  |g|= 0.58896
macro= 0  E= -191.921478387029  delta_E= -0.0866762  |g|= 0.00345796  4 KF 13 JK
macro= 1  E= -191.921478511603  delta_E= -1.24573e-07  |g|= 4.31773e-05  2 KF 7 JK
macro= 2  E= -191.921478511603  delta_E= -3.41061e-13  |g|= 3.80745e-06  1 KF 2 JK
Canonicalize SCF orbitals
macro X = 3  E=-191.921478511603  |g|= 3.80745e-06  total 8 KF 26 JK
converged SCF energy = -191.921478511603
rhf_internal: lowest eigs of H = [1.40514125 1.5072288  1.55126299]
<class 'pyscf.soscf.newton_ah.SecondOrderRHF'> wavefunction is stable in the internal stability analysis

******** <class 'pyscf.cc.ccsd.CCSD'> ********
CC2 = 0
CCSD nocc = 12, nmo = 82
frozen orbitals 4
max_cycle = 50
direct = 0
conv_tol = 1e-07
conv_tol_normt = 1e-05
diis_space = 6
diis_start_cycle = 0
diis_start_energy_diff = 1e+09
max_memory 40000 MB (current use 1871 MB)
Init t2, MP2 energy = -192.521832894977  E_corr(MP2) -0.600354383374011
Init E_corr(CCSD) = -0.600354383378538
cycle = 1  E_corr(CCSD) = -0.62354409405324  dE = -0.0231897107  norm(t1,t2) = 0.0556177
cycle = 2  E_corr(CCSD) = -0.638555982327304  dE = -0.0150118883  norm(t1,t2) = 0.016952
cycle = 3  E_corr(CCSD) = -0.641016532899911  dE = -0.00246055057  norm(t1,t2) = 0.00765553
cycle = 4  E_corr(CCSD) = -0.642938695902283  dE = -0.001922163  norm(t1,t2) = 0.00280199
cycle = 5  E_corr(CCSD) = -0.642964166403123  dE = -2.54705008e-05  norm(t1,t2) = 0.000889143
cycle = 6  E_corr(CCSD) = -0.642884988094085  dE = 7.9178309e-05  norm(t1,t2) = 0.00030639
cycle = 7  E_corr(CCSD) = -0.642882177677788  dE = 2.8104163e-06  norm(t1,t2) = 0.000115512
cycle = 8  E_corr(CCSD) = -0.642888520039658  dE = -6.34236187e-06  norm(t1,t2) = 3.63856e-05
cycle = 9  E_corr(CCSD) = -0.642886320065024  dE = 2.19997463e-06  norm(t1,t2) = 1.16232e-05
cycle = 10  E_corr(CCSD) = -0.642886560660147  dE = -2.40595123e-07  norm(t1,t2) = 3.61396e-06
cycle = 11  E_corr(CCSD) = -0.642886536645225  dE = 2.40149215e-08  norm(t1,t2) = 1.18471e-06
CCSD converged
E(CCSD) = -192.5643650482481  E_corr = -0.6428865366452253
CCSD(T) correction = -0.0188102380572504
