
    ________                     _____                    
    ___  __ \___  __________________(_)_____________ _    
    __  /_/ /  / / /_  __ \_  __ \_  /__  __ \_  __ `/    
    _  _, _// /_/ /_  / / /  / / /  / _  / / /  /_/ /     
    /_/ |_| \__,_/ /_/ /_//_/ /_//_/  /_/ /_/_\__, /      
                                             /____/       
    _____________________________  ___________            
    ___    |__  ____/_  __ \__   |/  /_  ____/            
    __  /| |_  /_   _  / / /_  /|_/ /_  /                 
    _  ___ |  __/   / /_/ /_  /  / / / /___               
    /_/  |_/_/      \___\_\/_/  /_/  \____/               

Hostname:     gpua021.delta.ncsa.illinois.edu
System:       Linux
Node:         gpua021.delta.ncsa.illinois.edu
Release:      5.14.0-427.91.1.el9_4.x86_64
Machine:      x86_64
Processor:    x86_64
JAX backend:  GPU
JAX devices:  [CudaDevice(id=0)]
Device kind:  NVIDIA A100-SXM4-40GB
Platform:     gpu

Load system from Integral File
Maximum memory per walker:            66.67 MB
Maximum number of Cholesky per chunk: 198
Number of Cholesky chunks:            4
Number of Cholesky per chunk:         158
Number of padding Cholesky:           3

QMC System
Number of electrons: (8, 8)
Spin Multiplicity:   0
Number of orbitals:  105
Number of Chol:      629

QMC Parameters
eql_time            :                   50
n_blocks            :                 1000
n_walkers           :                  300
max_error           :                  0.0
seed                :                   17
walker_type         :                  uhf
trial               :             upt2ccsd
mix_precision       :                 True
max_memory          :                20000
dt                  :                0.005
n_exp_terms         :                    6
n_prop_steps        :                   50
save_walkers        :                False
free_projection     :                False
n_batch             :                    1
nchol_chunk         :                  158

Initalize QMC walkers by stochastic CCSD

Equilibration
inv_T        weight  killW        energy   runTime
 0.00    300.000000      0   -152.200382     21.87
 5.00    299.341250      0   -152.276613     33.18
10.00    298.965663      0   -152.278554     38.50
15.00    298.798372      0   -152.204788     43.04
20.00    299.088966      0   -152.235197     48.24
25.00    298.234903      0   -152.174923     52.78
30.00    299.467789      0   -152.263599     57.99
35.00    299.175108      0   -152.242818     62.53
40.00    298.984798      0   -152.267458     67.73
45.00    299.313906      0   -152.243732     72.27
50.00    298.406763      0   -152.217166     77.48

Sampling
blocks        weight  killW       E_Guide     error       E_Trial     error     olp_T/G     error  Walltime
    20    299.136439      0   -152.242559  0.010508   -152.231757  0.002149    1.060486  0.001296  123.27
    40    298.929222      0   -152.228941  0.011382   -152.230879  0.001305    1.061383  0.000787  163.24
    60    298.924492      0   -152.230489  0.007218   -152.230933  0.001015    1.062075  0.000838  203.27
    80    298.897725      0   -152.228730  0.005326   -152.230412  0.000816    1.062096  0.000645  243.30
   100    298.888275      1   -152.231811  0.004517   -152.231047  0.000766    1.062075  0.000540  283.34
   120    298.927159      1   -152.236117  0.004710   -152.231051  0.000854    1.062585  0.000558  323.38
   140    298.901224      2   -152.237120  0.004216   -152.230960  0.000765    1.062342  0.000545  363.41
   160    298.847119      3   -152.235330  0.004031   -152.230594  0.000689    1.062356  0.000509  403.45
   180    298.869276      4   -152.239062  0.005174   -152.234939  0.004167    1.062066  0.000487  443.49
   200    298.839371      4   -152.239643  0.004707   -152.235039  0.003755    1.062049  0.000442  483.53
   220    298.846618      4   -152.240099  0.004366   -152.234696  0.003416    1.061981  0.000435  523.59
   240    298.809709      4   -152.239599  0.004081   -152.234258  0.003135    1.062099  0.000420  563.64
   260    298.800440      5   -152.240488  0.003799   -152.234293  0.002896    1.061869  0.000420  603.68
   280    298.767178      7   -152.239805  0.003679   -152.234012  0.002693    1.061776  0.000414  643.71
   300    298.744000      7   -152.239324  0.003470   -152.233615  0.002517    1.061839  0.000394  683.75
   320    298.725058      7   -152.238501  0.003336   -152.233424  0.002364    1.062044  0.000408  723.78
   340    298.711144      7   -152.238520  0.003165   -152.233277  0.002227    1.061858  0.000423  763.84
   360    298.702903      7   -152.238571  0.002947   -152.233165  0.002106    1.061822  0.000406  803.89
   380    298.696124      8   -152.238292  0.002812   -152.233085  0.001999    1.061824  0.000392  843.94
   400    298.688752      9   -152.238458  0.002696   -152.233059  0.001902    1.061897  0.000382  883.99
   420    298.679734     10   -152.237942  0.002605   -152.232857  0.001813    1.061971  0.000370  924.04
   440    298.665141     10   -152.237474  0.002504   -152.232762  0.001733    1.061830  0.000385  964.07
   460    298.655114     10   -152.236980  0.002400   -152.232736  0.001664    1.061812  0.000377 1004.12
   480    298.646732     10   -152.237044  0.002434   -152.232728  0.001600    1.061848  0.000360 1044.18
   500    298.631201     10   -152.236563  0.002407   -152.232646  0.001538    1.062003  0.000358 1084.22
   520    298.632006     10   -152.236767  0.002297   -152.232628  0.001481    1.061983  0.000352 1124.61
   540    298.626290     10   -152.236295  0.002219   -152.232441  0.001427    1.062066  0.000353 1164.70
   560    298.622505     11   -152.236032  0.002176   -152.232376  0.001378    1.062061  0.000341 1204.72
   580    298.616781     11   -152.236013  0.002143   -152.232361  0.001334    1.062032  0.000333 1244.77
   600    298.624840     12   -152.236672  0.002212   -152.232396  0.001292    1.062030  0.000336 1284.82
   620    298.627366     12   -152.236551  0.002160   -152.232355  0.001252    1.061992  0.000331 1324.85
   640    298.628897     13   -152.236823  0.002111   -152.232350  0.001216    1.061898  0.000325 1364.90
   660    298.620718     15   -152.236680  0.002016   -152.232323  0.001180    1.061885  0.000318 1404.96
   680    298.618136     15   -152.236889  0.001983   -152.232257  0.001146    1.061885  0.000311 1444.99
   700    298.612343     15   -152.236637  0.001945   -152.232227  0.001116    1.061974  0.000310 1485.03
   720    298.610628     15   -152.236250  0.001911   -152.232110  0.001087    1.061984  0.000300 1525.08
   740    298.609475     15   -152.236329  0.001871   -152.232107  0.001058    1.062017  0.000298 1565.10
   760    298.603733     15   -152.236114  0.001844   -152.231999  0.001032    1.061986  0.000297 1605.15
   780    298.596258     15   -152.235752  0.001825   -152.231860  0.001006    1.062001  0.000287 1645.20
   800    298.589309     16   -152.235303  0.001837   -152.231832  0.000982    1.062022  0.000281 1685.23
   820    298.595858     16   -152.235417  0.001812   -152.231835  0.000960    1.062015  0.000278 1725.29
   840    298.593277     16   -152.235392  0.001781   -152.231765  0.000938    1.061971  0.000273 1765.33
   860    298.596655     16   -152.235618  0.001745   -152.231772  0.000917    1.061892  0.000279 1805.37
   880    298.589968     17   -152.235319  0.001715   -152.231692  0.000897    1.061957  0.000276 1845.41
   900    298.585473     18   -152.235197  0.001705   -152.231673  0.000878    1.062013  0.000275 1885.46
   920    298.579854     18   -152.234842  0.001671   -152.231575  0.000859    1.062053  0.000273 1925.48
   940    298.579656     20   -152.234726  0.001661   -152.231554  0.000843    1.062065  0.000268 1965.53
   960    298.575397     20   -152.234773  0.001658   -152.231485  0.000827    1.062088  0.000261 2005.57
   980    298.577750     20   -152.234834  0.001658   -152.231459  0.000810    1.062140  0.000262 2045.59
  1000    298.577554     20   -152.234969  0.001627   -152.231448  0.000795    1.062149  0.000259 2085.62

Post Propagation Process
Total number of samples 1000
Raw AFQMC/HF (Guide) energy:           -152.234969 ± 0.001627
Raw Trial/Guide overlap ratio:          1.062149 ± 0.000259
Raw AFQMC/pt2CCSD energy (covariance): -152.231448 ± 0.000795
Raw AFQMC/pt2CCSD energy (dir sample): -152.231448 ± 0.000633

Remove Outliers
removing energies outside zeta > 30
Outlier energy bound [-152.387947, -152.070263]
Removed 1 outliers with energies [-152.81687977]
Clean AFQMC/pt2CCSD overlap ratio:        1.062155 ± 0.000258
Clean AFQMC/pt2CCSD energy (covariance): -152.230733 ± 0.000289
Clean AFQMC/ptCCSD energy (dir sample):  -152.230733 ± 0.000238

Blocking Analysis
nsample = 999, max_block_size = 24, min_nblocks = 40
   B    NB    NS  Observable     Error    dError
   1   999   999    1.062156  0.000097  0.000002
   2   499   998    1.062152  0.000128  0.000004
   3   333   999    1.062156  0.000151  0.000006
   4   249   996    1.062150  0.000168  0.000008
   5   199   995    1.062151  0.000182  0.000009
   6   166   996    1.062150  0.000195  0.000011
   7   142   994    1.062151  0.000204  0.000012
   8   124   992    1.062147  0.000216  0.000014
   9   111   999    1.062156  0.000216  0.000015
  10    99   990    1.062140  0.000225  0.000016
  11    90   990    1.062140  0.000230  0.000017
  12    83   996    1.062150  0.000237  0.000018
  13    76   988    1.062138  0.000242  0.000020
  14    71   994    1.062151  0.000243  0.000021
  15    66   990    1.062139  0.000253  0.000022
  16    62   992    1.062147  0.000251  0.000023
  17    58   986    1.062141  0.000244  0.000023
  18    55   990    1.062139  0.000251  0.000024
  19    52   988    1.062138  0.000250  0.000025
  20    49   980    1.062146  0.000253  0.000026
  21    47   987    1.062139  0.000258  0.000027
  22    45   990    1.062139  0.000248  0.000026
  23    43   989    1.062137  0.000245  0.000027
  24    41   984    1.062142  0.000255  0.000029
Fit (variance): plateau_var = 6.975e-08 ± 6.019e-09
Fit (error):    plateau = 0.000264 ± 0.000011
     autocorrelation length ~ 7.9 blocks
     plateau reached at block size ~ 37
     !!!Failed to reach plateau in blocking
     Return max block error
nclean = 999, max_block_size = 24, min_nblocks = 40
Blk_SZ   NBlk   NSmp      Energy     Error    dError
     1    999    999  -152.230520  0.000239  0.000005
     2    499    998  -152.230565  0.000268  0.000008
     3    333    999  -152.230589  0.000273  0.000011
     4    249    996  -152.230580  0.000289  0.000013
     5    199    995  -152.230603  0.000286  0.000014
     6    166    996  -152.230603  0.000304  0.000017
     7    142    994  -152.230624  0.000287  0.000017
     8    124    992  -152.230630  0.000306  0.000020
     9    111    999  -152.230658  0.000273  0.000018
    10     99    990  -152.230650  0.000296  0.000021
    11     90    990  -152.230657  0.000286  0.000021
    12     83    996  -152.230646  0.000298  0.000023
    13     76    988  -152.230672  0.000301  0.000025
    14     71    994  -152.230661  0.000287  0.000024
    15     66    990  -152.230667  0.000320  0.000028
    16     62    992  -152.230662  0.000315  0.000029
    17     58    986  -152.230696  0.000301  0.000028
    18     55    990  -152.230672  0.000287  0.000028
    19     52    988  -152.230683  0.000322  0.000032
    20     49    980  -152.230682  0.000287  0.000029
    21     47    987  -152.230688  0.000299  0.000031
    22     45    990  -152.230682  0.000264  0.000028
    23     43    989  -152.230696  0.000269  0.000029
    24     41    984  -152.230692  0.000284  0.000032
Fit (variance): plateau_var = 8.546041e-08 ± 3.270084e-09
Fit (error):    plateau = 0.000292 ± 0.000006
     autocorrelation length ~ 1.6 blocks
     plateau reached at block size ~ 7
Final AFQMC/pt2CCSD overlap ratio: 1.062155 ± 0.000258
Final AFQMC/pt2CCSD energy: -152.230733 ± 0.000292
Total run time: 2094.64

AFQMC Sampling Finished

