------------------------------------------- AFQMC Sampling Started -------------------------------------------
Hostname: gpua016.delta.ncsa.illinois.edu
System Type: Linux
Machine Type: x86_64
Processor: x86_64
Using GPU.
System: Linux
Node Name: gpua016.delta.ncsa.illinois.edu
Release: 5.14.0-427.91.1.el9_4.x86_64
Version: #1 SMP PREEMPT_DYNAMIC Wed Sep 17 10:08:59 EDT 2025
Machine: x86_64
Processor: x86_64
Decomposing Unrestricted T2 amplitudes
Throw 0 vectors in T2 deomposition
SVD cutoff = 1.00e-08 | error = 2.73e-15
number of T2 decomposition vectors 624
norb: 47
nelec: (8, 8)
n_eql: 120
n_blocks: 1000
n_walkers: 300
dt: 0.005
max_error: 0.0
seed: 17
walker_type: uhf
trial: uccsd_pt2
free_projection: False
use_gpu: True
n_exp_terms: 6
n_prop_steps: 50
save_walkers: False
n_batch: 1
nchol_chunk: 100
mix_precision: True
initial AFQMC/pt2CCSD Energy is -116.261741
Propagating with 300 walkers
----------------------------------------------- Equilibration ------------------------------------------------
inv_T        weight  killW        energy   runTime
 0.00    300.000000      0   -115.860530     12.08
 3.00    305.682071      0   -116.278289     18.95
 6.00    306.125643      0   -116.291307     19.87
 9.00    306.279344      0   -116.294170     20.80
12.00    306.709555      0   -116.330144     21.73
15.00    305.494367      0   -116.265735     22.65
18.00    305.500824      0   -116.270267     23.58
21.00    304.975570      0   -116.284479     24.50
24.00    305.863953      0   -116.281465     25.43
27.00    305.364750      0   -116.262382     26.35
30.00    305.104665      0   -116.279447     27.28
---------------------------------------------- Sampling Blocks -----------------------------------------------
blocks        weight  killW       E_Guide     error       E_Trial     error     olp_T/G     error  Walltime
    20    305.542203      0   -116.269067  0.006745   -116.278752  0.001380    1.002892  0.000153   36.65
    40    304.867023      0   -116.270743  0.003905   -116.277394  0.000873    1.002801  0.000132   40.04
    60    304.374467      0   -116.274053  0.003801   -116.276785  0.000680    1.002623  0.000165   43.44
    80    303.912242      0   -116.275274  0.002896   -116.277023  0.000554    1.002483  0.000170   46.83
   100    303.518442      0   -116.274222  0.003106   -116.276680  0.000480    1.002430  0.000139   50.23
   120    303.185733      0   -116.276740  0.003326   -116.276968  0.000445    1.002364  0.000123   53.62
   140    302.880798      0   -116.276664  0.002983   -116.276890  0.000424    1.002436  0.000124   57.01
   160    302.623422      0   -116.278800  0.003025   -116.277258  0.000447    1.002369  0.000119   60.45
   180    302.359013      0   -116.277942  0.002751   -116.277078  0.000421    1.002357  0.000106   63.86
   200    302.132000      0   -116.277523  0.002489   -116.277262  0.000409    1.002341  0.000097   67.25
   220    301.939553      0   -116.278010  0.002386   -116.277277  0.000389    1.002313  0.000093   70.64
   240    301.753664      0   -116.277487  0.002226   -116.277218  0.000367    1.002311  0.000086   74.04
   260    301.589680      0   -116.276843  0.002106   -116.277095  0.000346    1.002297  0.000080   77.42
   280    301.449856      0   -116.277014  0.001915   -116.277085  0.000338    1.002270  0.000080   80.81
   300    301.321061      0   -116.276716  0.001811   -116.276983  0.000327    1.002278  0.000075   84.21
   320    301.222951      0   -116.277845  0.001862   -116.276950  0.000314    1.002277  0.000071   87.60
   340    301.117799      0   -116.277525  0.001775   -116.276828  0.000301    1.002275  0.000067   90.99
   360    301.018536      0   -116.277063  0.001706   -116.276779  0.000289    1.002288  0.000065   94.39
   380    300.932565      0   -116.276743  0.001632   -116.276725  0.000278    1.002304  0.000064   97.77
   400    300.856614      0   -116.276604  0.001554   -116.276688  0.000267    1.002311  0.000061  101.16
   420    300.785678      0   -116.276719  0.001490   -116.276705  0.000258    1.002314  0.000059  104.56
   440    300.721536      0   -116.277064  0.001481   -116.276769  0.000251    1.002303  0.000058  107.95
   460    300.673541      0   -116.277380  0.001499   -116.276886  0.000250    1.002297  0.000059  111.34
   480    300.622761      0   -116.277809  0.001533   -116.276896  0.000258    1.002308  0.000058  114.73
   500    300.575858      0   -116.278089  0.001532   -116.276843  0.000266    1.002306  0.000055  118.12
   520    300.530239      0   -116.278043  0.001479   -116.276832  0.000259    1.002315  0.000054  121.56
   540    300.488874      0   -116.278044  0.001501   -116.276838  0.000262    1.002324  0.000053  124.96
   560    300.447470      0   -116.278075  0.001506   -116.276883  0.000276    1.002319  0.000052  128.36
   580    300.411179      0   -116.278440  0.001530   -116.276896  0.000268    1.002307  0.000052  131.75
   600    300.378233      0   -116.278335  0.001496   -116.276883  0.000262    1.002305  0.000050  135.14
   620    300.342339      0   -116.278340  0.001436   -116.276853  0.000256    1.002306  0.000050  138.52
   640    300.304891      0   -116.278263  0.001411   -116.276855  0.000253    1.002313  0.000052  141.91
   660    300.272603      0   -116.277931  0.001411   -116.276846  0.000249    1.002322  0.000051  145.30
   680    300.241689      0   -116.277735  0.001383   -116.276817  0.000243    1.002317  0.000051  148.70
   700    300.214554      0   -116.277810  0.001342   -116.276815  0.000239    1.002301  0.000052  152.10
   720    300.189501      0   -116.277905  0.001372   -116.276806  0.000236    1.002305  0.000051  155.50
   740    300.166892      0   -116.278083  0.001349   -116.276745  0.000230    1.002302  0.000050  158.89
   760    300.141993      0   -116.277874  0.001322   -116.276751  0.000226    1.002299  0.000049  162.28
   780    300.123526      0   -116.277938  0.001295   -116.276746  0.000222    1.002300  0.000048  165.67
   800    300.099224      0   -116.277765  0.001265   -116.276690  0.000218    1.002307  0.000046  169.06
   820    300.078262      0   -116.277640  0.001245   -116.276654  0.000214    1.002307  0.000045  172.46
   840    300.061959      0   -116.277735  0.001220   -116.276639  0.000210    1.002305  0.000044  175.85
   860    300.043214      0   -116.277809  0.001200   -116.276609  0.000206    1.002296  0.000044  179.25
   880    300.029151      0   -116.277970  0.001176   -116.276605  0.000203    1.002285  0.000045  182.67
   900    300.010942      0   -116.277975  0.001137   -116.276622  0.000200    1.002292  0.000044  186.06
   920    299.995460      0   -116.277971  0.001115   -116.276609  0.000197    1.002300  0.000044  189.49
   940    299.980835      0   -116.278009  0.001096   -116.276628  0.000195    1.002293  0.000044  192.88
   960    299.970294      0   -116.278154  0.001076   -116.276633  0.000191    1.002294  0.000043  196.27
   980    299.956628      1   -116.278230  0.001089   -116.276638  0.000188    1.002285  0.000042  199.67
  1000    299.946201      1   -116.278350  0.001070   -116.276703  0.000189    1.002285  0.000043  203.07
---------------------------------------------- Post Propagation ----------------------------------------------
Total number of samples 1000
Raw AFQMC/HF (Guide) energy:           -116.278350 ± 0.001070
Raw Trial/Guide overlap ratio:          1.002285 ± 0.000043
Raw AFQMC/pt2CCSD energy (covariance): -116.276703 ± 0.000189
Raw AFQMC/pt2CCSD energy (dir sample): -116.276703 ± 0.000152
--------------------------------------------- Clean Obeservation ---------------------------------------------
removing energies outside zeta > 30
Outlier energy bound [-116.386500, -116.165141]
Removed 0 outliers with energies []
Clean AFQMC/pt2CCSD overlap ratio:        1.002285 ± 0.000043
Clean AFQMC/pt2CCSD energy (covariance): -116.276703 ± 0.000189
Clean AFQMC/ptCCSD energy (dir sample):  -116.276703 ± 0.000152
--------------------------------------------- Blocking Analysis ----------------------------------------------
nsample = 1000, max_block_size = 25, min_nblocks = 40
   B    NB    NS  Observable     Error    dError
   1  1000  1000    1.002285  0.000017  0.000000
   2   500  1000    1.002285  0.000022  0.000001
   3   333   999    1.002285  0.000026  0.000001
   4   250  1000    1.002285  0.000029  0.000001
   5   200  1000    1.002285  0.000030  0.000002
   6   166   996    1.002283  0.000032  0.000002
   7   142   994    1.002282  0.000034  0.000002
   8   125  1000    1.002285  0.000036  0.000002
   9   111   999    1.002284  0.000036  0.000002
  10   100  1000    1.002285  0.000038  0.000003
  11    90   990    1.002282  0.000038  0.000003
  12    83   996    1.002283  0.000038  0.000003
  13    76   988    1.002282  0.000040  0.000003
  14    71   994    1.002282  0.000037  0.000003
  15    66   990    1.002282  0.000039  0.000003
  16    62   992    1.002282  0.000041  0.000004
  17    58   986    1.002282  0.000042  0.000004
  18    55   990    1.002282  0.000041  0.000004
  19    52   988    1.002282  0.000040  0.000004
  20    50  1000    1.002285  0.000038  0.000004
  21    47   987    1.002282  0.000040  0.000004
  22    45   990    1.002282  0.000040  0.000004
  23    43   989    1.002282  0.000042  0.000005
  24    41   984    1.002282  0.000043  0.000005
  25    40  1000    1.002285  0.000042  0.000005
Fit (variance): plateau_var = 1.730e-09 ± 1.246e-10
Fit (error):    plateau = 0.000042 ± 0.000001
     autocorrelation length ~ 6.5 blocks
     plateau reached at block size ~ 30
     !!!Failed to reach plateau in blocking
     Return max block error
nclean = 1000, max_block_size = 25, min_nblocks = 40
Blk_SZ   NBlk   NSmp      Energy     Error    dError
     1   1000   1000  -116.276566  0.000152  0.000003
     2    500   1000  -116.276592  0.000166  0.000005
     3    333    999  -116.276585  0.000169  0.000007
     4    250   1000  -116.276621  0.000173  0.000008
     5    200   1000  -116.276634  0.000171  0.000009
     6    166    996  -116.276620  0.000174  0.000010
     7    142    994  -116.276624  0.000180  0.000011
     8    125   1000  -116.276654  0.000178  0.000011
     9    111    999  -116.276630  0.000189  0.000013
    10    100   1000  -116.276657  0.000176  0.000013
    11     90    990  -116.276641  0.000182  0.000014
    12     83    996  -116.276639  0.000177  0.000014
    13     76    988  -116.276630  0.000172  0.000014
    14     71    994  -116.276646  0.000174  0.000015
    15     66    990  -116.276650  0.000190  0.000017
    16     62    992  -116.276669  0.000176  0.000016
    17     58    986  -116.276636  0.000170  0.000016
    18     55    990  -116.276649  0.000186  0.000018
    19     52    988  -116.276639  0.000181  0.000018
    20     50   1000  -116.276680  0.000177  0.000018
    21     47    987  -116.276646  0.000180  0.000019
    22     45    990  -116.276661  0.000179  0.000019
    23     43    989  -116.276654  0.000191  0.000021
    24     41    984  -116.276642  0.000173  0.000019
    25     40   1000  -116.276679  0.000183  0.000021
Fit (variance): plateau_var = 3.181232e-08 ± 1.252975e-09
Fit (error):    plateau = 0.000178 ± 0.000004
     autocorrelation length ~ 1.8 blocks
     plateau reached at block size ~ 7
Final AFQMC/pt2CCSD overlap ratio: 1.002285 ± 0.000043
Final AFQMC/pt2CCSD energy: -116.276703 ± 0.000178
Total run time: 212.47
------------------------------------------ AFQMC Sampling Finished -------------------------------------------
