#INFO: **** input file is /projects/yizh8382/projects/w4_17/w4-17_all/pyscf_input/run_pyscf_vdzsd.py ****
import os
import glob
import numpy as np
from pyscf import gto, scf, cc

# basis = "ccpvdz"
xyz_dir = "../w4_17_xyz/closed_shell"
results_file = f"../result/closed_shell_rhf_sym_vdzsd.dat"
out_dir = "../result/molout/closed_shell"
os.makedirs(out_dir, exist_ok=True)

# Set to a list of molecule names to run only those, e.g. ["acetaldehyde", "benzene"]
# Set to None to run all molecules in xyz_dir
select_molecules = None
symmetry = True

def vdzsd(elem):
    if elem in ('H', 'He'):
        raw_basis = gto.basis.load('ccpvdz', elem)
        return [b for b in raw_basis if b[0] != 1]
    else:
        return gto.basis.load('ccpvdz', elem)

def get_vdzsd_basis(atoms):
    elems = {line.split()[0] for line in atoms.strip().splitlines() if line.strip()}
    basis_dict = {el: vdzsd(el) for el in elems}
    return basis_dict

all_xyz = sorted(glob.glob(os.path.join(xyz_dir, "*.xyz")))
if select_molecules is not None:
    select_set = set(select_molecules)
    xyz_files = [p for p in all_xyz if os.path.splitext(os.path.basename(p))[0] in select_set]
    missing = select_set - {os.path.splitext(os.path.basename(p))[0] for p in xyz_files}
    if missing:
        print(f"Warning: no .xyz file found for: {', '.join(sorted(missing))} in {xyz_dir}")
else:
    xyz_files = all_xyz

with open(results_file, "w") as out:
    out.write(f"{'Molecule':<16s} {'Charge':>6s} {'2S':>6s} {'frozen':>6s} "
              f"{'E_RHF (Eh)':>20s} {'E_CCSD (Eh)':>20s} {'E_CCSD(T) (Eh)':>20s}\n")
    out.write("-" * 100 + "\n")

for xyz_path in xyz_files:
    with open(xyz_path, "r") as f:
        lines = f.readlines()

    # Parse charge and multiplicity from second line: "name charge=X mult=Y"
    second_line = lines[1]
    charge = int(second_line.split("charge=")[1].split()[0])
    mult   = int(second_line.split("mult=")[1].split()[0])
    spin   = mult - 1   # PySCF spin input is 2S = mult - 1
    mol_name = second_line.split()[0]

    # Coordinates only (skip the atom count and comment lines)
    atoms = "".join(lines[2:])
    basis_dict = get_vdzsd_basis(atoms)

    print(f"\n{'='*60}")
    print(f"Running: {mol_name}  charge={charge}  spin={spin}")
    print(f"{'='*60}")
    
    mol = gto.M(
        atom=atoms,
        basis=basis_dict,
        verbose=4,
        output=os.path.join(out_dir, f"{mol_name}_sym_vdzsd.out"),
        unit="angstrom",
        symmetry=symmetry,
        charge=charge,
        spin=spin,
        max_memory=40000,
    )

    mf = scf.RHF(mol)
    mf.max_cycle = 200
    mf = mf.newton()
    mf.kernel()

    # Stability check loop — at most 10 attempts
    max_stability_cycles = 10
    stable = False
    for stability_iter in range(max_stability_cycles):
        mo_i, _, stable, _ = mf.stability(return_status=True)
        if stable:
            break
        dm = mf.make_rdm1(mo_i, mf.mo_occ)
        mf.kernel(dm0=dm)

    if not stable or not mf.converged:
        print(f"  !! SCF did not converge for {mol_name} — skipping.")
        with open(results_file, "a") as out:
            out.write(f"{mol_name:<16s} {charge:>6d} {spin:>6d} {'N/A':>6s} "
                      f"{'UNCONVERGED':>20s} {'UNCONVERGED':>20s} {'UNCONVERGED':>20s}\n")
        continue

    energy = mf.e_tot

    mycc = cc.CCSD(mf)
    mycc.set_frozen()
    mycc.kernel()
    e_ccsd = mycc.e_tot
    et = mycc.ccsd_t()
    e_ccsdt = e_ccsd + et
    frozen = mycc.frozen

    with open(results_file, "a") as out:
        out.write(f"{mol_name:<16s} {charge:>6d} {spin:>6d} {frozen:>6d} "
                  f"{energy:>20.10f} {e_ccsd:>20.10f} {e_ccsdt:>20.10f}\n")

    print(f"  => E_RHF({mol_name})     = {energy:.10f} Eh")
    print(f"  => E_CCSD({mol_name})    = {e_ccsd:.10f} Eh")
    print(f"  => E_CCSD(T)({mol_name}) = {e_ccsdt:.10f} Eh")

print(f"\nAll calculations complete. Results saved to {results_file}")
#INFO: ******************** input file end ********************


System: uname_result(system='Linux', node='bnode0309.rc.int.colorado.edu', release='4.18.0-477.27.1.el8_8.x86_64', version='#1 SMP Thu Aug 31 10:29:22 EDT 2023', machine='x86_64')  Threads 28
Python 3.10.2 | packaged by conda-forge | (main, Mar  8 2022, 15:52:01) [GCC 9.4.0]
numpy 2.0.2  scipy 1.14.1  h5py 3.12.1
Date: Thu May 14 10:00:24 2026
PySCF version 2.9.0
PySCF path  /projects/yizh8382/tools/lno_pyscf_gcc
GIT HEAD (branch master) 142756584ed3963728cc1f6823286f4605811a6c

[ENV] PYSCF_TMPDIR /scratch/alpine/yizh8382/pyscf
[ENV] PYSCF_EXT_PATH /home/yizh8382/tools/pyscf-forge
[CONFIG] conf_file None
[INPUT] verbose = 4
[INPUT] num. atoms = 10
[INPUT] num. electrons = 36
[INPUT] charge = 0
[INPUT] spin (= nelec alpha-beta = 2S) = 0
[INPUT] symmetry True subgroup None
[INPUT] Mole.unit = angstrom
[INPUT] Symbol           X                Y                Z      unit          X                Y                Z       unit  Magmom
[INPUT]  1 C      0.000000000000   1.122816442700   0.331318362700 AA    0.000000000000   2.121815564861   0.626100965542 Bohr   0.0
[INPUT]  2 C      0.000000000000   0.712828381200  -0.982938231900 AA    0.000000000000   1.347050414285  -1.857484055655 Bohr   0.0
[INPUT]  3 C      0.000000000000  -0.712828381200  -0.982938231900 AA    0.000000000000  -1.347050414285  -1.857484055655 Bohr   0.0
[INPUT]  4 C      0.000000000000  -1.122816442700   0.331318362700 AA    0.000000000000  -2.121815564861   0.626100965542 Bohr   0.0
[INPUT]  5 N      0.000000000000   0.000000000000   1.119574570400 AA    0.000000000000   0.000000000000   2.115689314084 Bohr   0.0
[INPUT]  6 H      0.000000000000   0.000000000000   2.121725917000 AA    0.000000000000   0.000000000000   4.009480894522 Bohr   0.0
[INPUT]  7 H      0.000000000000   2.107700477900   0.765390318700 AA    0.000000000000   3.982976655846   1.446378080737 Bohr   0.0
[INPUT]  8 H      0.000000000000   1.360634025600  -1.843486193100 AA    0.000000000000   2.571225664148  -3.483684019376 Bohr   0.0
[INPUT]  9 H      0.000000000000  -1.360634025600  -1.843486193100 AA    0.000000000000  -2.571225664148  -3.483684019376 Bohr   0.0
[INPUT] 10 H      0.000000000000  -2.107700477900   0.765390318700 AA    0.000000000000  -3.982976655846   1.446378080737 Bohr   0.0

nuclear repulsion = 161.033860391231
point group symmetry = C2v
symmetry origin: [ 0.00000000e+00 -1.23358114e-17 -8.86190709e-04]
symmetry axis x: [1. 0. 0.]
symmetry axis y: [0. 1. 0.]
symmetry axis z: [0. 0. 1.]
num. orbitals of irrep A1 = 33
num. orbitals of irrep A2 = 9
num. orbitals of irrep B1 = 11
num. orbitals of irrep B2 = 27
number of shells = 35
number of NR pGTOs = 150
number of NR cGTOs = 80
basis = {'C': [[0, [6665.0, 0.000692, -0.000146], [1000.0, 0.005329, -0.001154], [228.0, 0.027077, -0.005725], [64.71, 0.101718, -0.023312], [21.06, 0.27474, -0.063955], [7.495, 0.448564, -0.149981], [2.797, 0.285074, -0.127262], [0.5215, 0.015204, 0.544529]], [0, [0.1596, 1.0]], [1, [9.439, 0.038109], [2.002, 0.20948], [0.5456, 0.508557]], [1, [0.1517, 1.0]], [2, [0.55, 1.0]]], 'N': [[0, [9046.0, 0.0007, -0.000153], [1357.0, 0.005389, -0.001208], [309.3, 0.027406, -0.005992], [87.73, 0.103207, -0.024544], [28.56, 0.278723, -0.067459], [10.21, 0.44854, -0.158078], [3.838, 0.278238, -0.121831], [0.7466, 0.01544, 0.549003]], [0, [0.2248, 1.0]], [1, [13.55, 0.039919], [2.917, 0.217169], [0.7973, 0.510319]], [1, [0.2185, 1.0]], [2, [0.817, 1.0]]], 'H': [[0, [13.01, 0.019685], [1.962, 0.137977], [0.4446, 0.478148]], [0, [0.122, 1.0]]]}
ecp = {}
CPU time:     14449.91
Freeze 0 electrons in irreps []
    36 free electrons in irreps A1 A2 B1 B2




******** <class 'pyscf.soscf.newton_ah.SecondOrderSymAdaptedRHF'> ********
method = SecondOrderSymAdaptedRHF
initial guess = minao
damping factor = 0
level_shift factor = 0
DIIS = <class 'pyscf.scf.diis.CDIIS'>
diis_start_cycle = 1
diis_space = 8
diis_damp = 0
SCF conv_tol = 1e-09
SCF conv_tol_grad = None
SCF max_cycles = 200
direct_scf = True
direct_scf_tol = 1e-13
chkfile to save SCF result = /scratch/alpine/yizh8382/pyscf/tmpso5rh3tb
max_memory 40000 MB (current use 1817 MB)
******** <class 'pyscf.scf.hf_symm.SymAdaptedRHF'> Newton solver flags ********
SCF tol = 1e-09
conv_tol_grad = None
max. SCF cycles = 200
direct_scf = True
direct_scf_tol = 1e-13
chkfile to save SCF result = /scratch/alpine/yizh8382/pyscf/tmpso5rh3tb
max_cycle_inner = 12
max_stepsize = 0.05
ah_start_tol = 1e+09
ah_level_shift = 0
ah_conv_tol = 1e-12
ah_lindep = 1e-14
ah_start_cycle = 1
ah_max_cycle = 40
ah_grad_trust_region = 2.5
kf_interval = 4
kf_trust_region = 5
canonicalization = True
max_memory 40000 MB (current use 1817 MB)
Set conv_tol_grad to 3.16228e-05
Initial guess from minao.
HOMO (A2) = -0.186604727671374  LUMO (B1) = 0.102638689517615
Initial guess E= -208.747632693198  |g|= 0.395335
macro= 0  E= -208.80734005069  delta_E= -0.0597074  |g|= 0.000113311  4 KF 15 JK
macro= 1  E= -208.807340050753  delta_E= -6.33236e-11  |g|= 1.37707e-05  1 KF 3 JK
Canonicalize SCF orbitals
macro X = 2  E=-208.807340050753  |g|= 1.37707e-05  total 6 KF 21 JK
converged SCF energy = -208.807340050753
rhf_internal: lowest eigs of H = [0.98327168 1.44664999 1.89360548]
<class 'pyscf.soscf.newton_ah.SecondOrderSymAdaptedRHF'> wavefunction is stable in the internal stability analysis

******** <class 'pyscf.cc.ccsd.CCSD'> ********
CC2 = 0
CCSD nocc = 13, nmo = 75
frozen orbitals 5
max_cycle = 50
direct = 0
conv_tol = 1e-07
conv_tol_normt = 1e-05
diis_space = 6
diis_start_cycle = 0
diis_start_energy_diff = 1e+09
max_memory 40000 MB (current use 1817 MB)
Init t2, MP2 energy = -209.474222370331  E_corr(MP2) -0.666882319577588
Init E_corr(CCSD) = -0.666882319586673
cycle = 1  E_corr(CCSD) = -0.67244862818937  dE = -0.0055663086  norm(t1,t2) = 0.0666104
cycle = 2  E_corr(CCSD) = -0.691628630537845  dE = -0.0191800023  norm(t1,t2) = 0.0219846
cycle = 3  E_corr(CCSD) = -0.693304592387587  dE = -0.00167596185  norm(t1,t2) = 0.00940787
cycle = 4  E_corr(CCSD) = -0.695878057730626  dE = -0.00257346534  norm(t1,t2) = 0.00397855
cycle = 5  E_corr(CCSD) = -0.69593559037242  dE = -5.75326418e-05  norm(t1,t2) = 0.00108123
cycle = 6  E_corr(CCSD) = -0.695785709885529  dE = 0.000149880487  norm(t1,t2) = 0.000382892
cycle = 7  E_corr(CCSD) = -0.695783573745713  dE = 2.13613982e-06  norm(t1,t2) = 0.000183051
cycle = 8  E_corr(CCSD) = -0.69579369153358  dE = -1.01177879e-05  norm(t1,t2) = 6.0076e-05
cycle = 9  E_corr(CCSD) = -0.695789883311934  dE = 3.80822165e-06  norm(t1,t2) = 2.12391e-05
cycle = 10  E_corr(CCSD) = -0.695790480761264  dE = -5.97449329e-07  norm(t1,t2) = 5.96837e-06
cycle = 11  E_corr(CCSD) = -0.695790323505177  dE = 1.57256086e-07  norm(t1,t2) = 1.47148e-06
cycle = 12  E_corr(CCSD) = -0.695790290935752  dE = 3.25694249e-08  norm(t1,t2) = 5.1845e-07
CCSD converged
E(CCSD) = -209.5031303416889  E_corr = -0.6957902909357523
CCSD(T) correction = -0.0274447802228977
