#INFO: **** input file is /projects/yizh8382/projects/w4_17/w4-17_all/pyscf_input/run_pyscf.py ****
import os
import glob
import numpy as np
from pyscf import gto, scf, cc

basis = "ccpvtz"
xyz_dir = "../w4_17_xyz/closed_shell"
results_file = f"../result/closed_shell_rhf_{basis}.dat"
out_dir = "../result/molout/closed_shell"
os.makedirs(out_dir, exist_ok=True)

# Set to a list of molecule names to run only those, e.g. ["acetaldehyde", "benzene"]
# Set to None to run all molecules in xyz_dir
select_molecules = None
# select_molecules = ["bn3pi","b2", "cf"]
symmetry = False

all_xyz = sorted(glob.glob(os.path.join(xyz_dir, "*.xyz")))
if select_molecules is not None:
    select_set = set(select_molecules)
    xyz_files = [p for p in all_xyz if os.path.splitext(os.path.basename(p))[0] in select_set]
    missing = select_set - {os.path.splitext(os.path.basename(p))[0] for p in xyz_files}
    if missing:
        print(f"Warning: no .xyz file found for: {', '.join(sorted(missing))} in {xyz_dir}")
else:
    xyz_files = all_xyz

with open(results_file, "w") as out:
    out.write(f"{'Molecule':<16s} {'Charge':>6s} {'2S':>6s} {'frozen':>6s} "
              f"{'E_RHF (Eh)':>20s} {'E_CCSD (Eh)':>20s} {'E_CCSD(T) (Eh)':>20s}\n")
    out.write("-" * 100 + "\n")

for xyz_path in xyz_files:
    with open(xyz_path, "r") as f:
        lines = f.readlines()

    # Parse charge and multiplicity from second line: "name charge=X mult=Y"
    second_line = lines[1]
    charge = int(second_line.split("charge=")[1].split()[0])
    mult   = int(second_line.split("mult=")[1].split()[0])
    spin   = mult - 1   # PySCF spin input is 2S = mult - 1
    mol_name = second_line.split()[0]

    # Coordinates only (skip the atom count and comment lines)
    atoms = "".join(lines[2:])

    print(f"\n{'='*60}")
    print(f"Running: {mol_name}  charge={charge}  spin={spin}")
    print(f"{'='*60}")

    mol = gto.M(
        atom=atoms,
        basis=basis,
        verbose=4,
        output=os.path.join(out_dir, f"{mol_name}_{basis}.out"),
        unit="angstrom",
        symmetry=symmetry,
        charge=charge,
        spin=spin,
        max_memory=40000,
    )

    mf = scf.RHF(mol)
    mf.max_cycle = 200
    mf = mf.newton()
    mf.kernel()

    # Stability check loop — at most 10 attempts
    max_stability_cycles = 10
    stable = False
    for stability_iter in range(max_stability_cycles):
        mo_i, _, stable, _ = mf.stability(return_status=True)
        if stable:
            break
        dm = mf.make_rdm1(mo_i, mf.mo_occ)
        mf.kernel(dm0=dm)

    if not stable or not mf.converged:
        print(f"  !! SCF did not converge for {mol_name} — skipping.")
        with open(results_file, "a") as out:
            out.write(f"{mol_name:<16s} {charge:>6d} {spin:>6d} {'N/A':>6s} "
                      f"{'UNCONVERGED':>20s} {'UNCONVERGED':>20s} {'UNCONVERGED':>20s}\n")
        continue

    energy = mf.e_tot

    mycc = cc.CCSD(mf)
    mycc.set_frozen()
    mycc.kernel()
    e_ccsd = mycc.e_tot
    et = mycc.ccsd_t()
    e_ccsdt = e_ccsd + et
    frozen = mycc.frozen

    with open(results_file, "a") as out:
        out.write(f"{mol_name:<16s} {charge:>6d} {spin:>6d} {frozen:>6d} "
                  f"{energy:>20.10f} {e_ccsd:>20.10f} {e_ccsdt:>20.10f}\n")

    print(f"  => E_RHF({mol_name})     = {energy:.10f} Eh")
    print(f"  => E_CCSD({mol_name})    = {e_ccsd:.10f} Eh")
    print(f"  => E_CCSD(T)({mol_name}) = {e_ccsdt:.10f} Eh")

print(f"\nAll calculations complete. Results saved to {results_file}")
#INFO: ******************** input file end ********************


System: uname_result(system='Linux', node='bnode0308.rc.int.colorado.edu', release='4.18.0-477.27.1.el8_8.x86_64', version='#1 SMP Thu Aug 31 10:29:22 EDT 2023', machine='x86_64')  Threads 28
Python 3.10.2 | packaged by conda-forge | (main, Mar  8 2022, 15:52:01) [GCC 9.4.0]
numpy 2.0.2  scipy 1.14.1  h5py 3.12.1
Date: Tue May 12 13:51:55 2026
PySCF version 2.9.0
PySCF path  /projects/yizh8382/tools/lno_pyscf_gcc
GIT HEAD (branch master) 142756584ed3963728cc1f6823286f4605811a6c

[ENV] PYSCF_TMPDIR /scratch/alpine/yizh8382/pyscf
[ENV] PYSCF_EXT_PATH /home/yizh8382/tools/pyscf-forge
[CONFIG] conf_file None
[INPUT] verbose = 4
[INPUT] num. atoms = 3
[INPUT] num. electrons = 40
[INPUT] charge = 0
[INPUT] spin (= nelec alpha-beta = 2S) = 0
[INPUT] symmetry False subgroup None
[INPUT] Mole.unit = angstrom
[INPUT] Symbol           X                Y                Z      unit          X                Y                Z       unit  Magmom
[INPUT]  1 S     -0.726771000000  -1.075032000000   0.000000000000 AA   -1.373398145276  -2.031516055143   0.000000000000 Bohr   0.0
[INPUT]  2 S      0.000000000000   0.671244000000   0.000000000000 AA    0.000000000000   1.268467322758   0.000000000000 Bohr   0.0
[INPUT]  3 O      1.453541000000   0.807576000000   0.000000000000 AA    2.746794400826   1.526097464772   0.000000000000 Bohr   0.0

nuclear repulsion = 141.531103441405
number of shells = 27
number of NR pGTOs = 160
number of NR cGTOs = 98
basis = ccpvtz
ecp = {}
CPU time:    130449.01




******** <class 'pyscf.soscf.newton_ah.SecondOrderRHF'> ********
method = SecondOrderRHF
initial guess = minao
damping factor = 0
level_shift factor = 0
DIIS = <class 'pyscf.scf.diis.CDIIS'>
diis_start_cycle = 1
diis_space = 8
diis_damp = 0
SCF conv_tol = 1e-09
SCF conv_tol_grad = None
SCF max_cycles = 200
direct_scf = True
direct_scf_tol = 1e-13
chkfile to save SCF result = /scratch/alpine/yizh8382/pyscf/tmp9d0zd5qz
max_memory 40000 MB (current use 7926 MB)
******** <class 'pyscf.scf.hf.RHF'> Newton solver flags ********
SCF tol = 1e-09
conv_tol_grad = None
max. SCF cycles = 200
direct_scf = True
direct_scf_tol = 1e-13
chkfile to save SCF result = /scratch/alpine/yizh8382/pyscf/tmp9d0zd5qz
max_cycle_inner = 12
max_stepsize = 0.05
ah_start_tol = 1e+09
ah_level_shift = 0
ah_conv_tol = 1e-12
ah_lindep = 1e-14
ah_start_cycle = 1
ah_max_cycle = 40
ah_grad_trust_region = 2.5
kf_interval = 4
kf_trust_region = 5
canonicalization = True
max_memory 40000 MB (current use 7926 MB)
Set conv_tol_grad to 3.16228e-05
Initial guess from minao.
  HOMO = -0.285793596963187  LUMO = -0.137160445039975
Initial guess E= -869.830328165332  |g|= 0.651457
macro= 0  E= -869.930744431569  delta_E= -0.100416  |g|= 0.0721538  3 KF 9 JK
macro= 1  E= -869.930853319919  delta_E= -0.000108888  |g|= 7.51018e-05  3 KF 12 JK
macro= 2  E= -869.930853319918  delta_E= 9.09495e-13  |g|= 6.83122e-06  1 KF 2 JK
Canonicalize SCF orbitals
macro X = 3  E=-869.930853319918  |g|= 6.83122e-06  total 8 KF 27 JK
converged SCF energy = -869.930853319918
rhf_internal: lowest eigs of H = [0.39711814 0.47735979 0.5501854 ]
<class 'pyscf.soscf.newton_ah.SecondOrderRHF'> wavefunction is stable in the internal stability analysis

******** <class 'pyscf.cc.ccsd.CCSD'> ********
CC2 = 0
CCSD nocc = 9, nmo = 87
frozen orbitals 11
max_cycle = 50
direct = 0
conv_tol = 1e-07
conv_tol_normt = 1e-05
diis_space = 6
diis_start_cycle = 0
diis_start_energy_diff = 1e+09
max_memory 40000 MB (current use 5601 MB)
Init t2, MP2 energy = -870.527802055378  E_corr(MP2) -0.5969487354596
Init E_corr(CCSD) = -0.596948735467504
cycle = 1  E_corr(CCSD) = -0.57683520509802  dE = 0.0201135304  norm(t1,t2) = 0.0953943
cycle = 2  E_corr(CCSD) = -0.605233288449958  dE = -0.0283980834  norm(t1,t2) = 0.0449487
cycle = 3  E_corr(CCSD) = -0.601422890609382  dE = 0.00381039784  norm(t1,t2) = 0.0301146
cycle = 4  E_corr(CCSD) = -0.603164071702214  dE = -0.00174118109  norm(t1,t2) = 0.00851072
cycle = 5  E_corr(CCSD) = -0.604123579731425  dE = -0.000959508029  norm(t1,t2) = 0.00391105
cycle = 6  E_corr(CCSD) = -0.604043361574161  dE = 8.02181573e-05  norm(t1,t2) = 0.0015137
cycle = 7  E_corr(CCSD) = -0.60386409958329  dE = 0.000179261991  norm(t1,t2) = 0.000419875
cycle = 8  E_corr(CCSD) = -0.603888709503944  dE = -2.46099207e-05  norm(t1,t2) = 0.000161614
cycle = 9  E_corr(CCSD) = -0.603898396649132  dE = -9.68714519e-06  norm(t1,t2) = 7.38987e-05
cycle = 10  E_corr(CCSD) = -0.603892945206481  dE = 5.45144265e-06  norm(t1,t2) = 3.41704e-05
cycle = 11  E_corr(CCSD) = -0.603894031766643  dE = -1.08656016e-06  norm(t1,t2) = 1.52727e-05
cycle = 12  E_corr(CCSD) = -0.60389365519515  dE = 3.76571493e-07  norm(t1,t2) = 7.49242e-06
cycle = 13  E_corr(CCSD) = -0.603893689140975  dE = -3.3945825e-08  norm(t1,t2) = 2.63463e-06
CCSD converged
E(CCSD) = -870.5347470090589  E_corr = -0.6038936891409747
CCSD(T) correction = -0.036703479797099
