#INFO: **** input file is /projects/yizh8382/projects/w4_17/w4-17_all/pyscf_input/run_pyscf.py ****
import os
import glob
import numpy as np
from pyscf import gto, scf, cc

xyz_dir = "../w4_17_xyz/closed_shell"
results_file = "../result/closed_shell_rhf.dat"
out_dir = "../result/molout/closed_shell"
os.makedirs(out_dir, exist_ok=True)

# Set to a list of molecule names to run only those, e.g. ["acetaldehyde", "benzene"]
# Set to None to run all molecules in xyz_dir
select_molecules = None
# select_molecules = ["bn3pi","b2", "cf"]
symmetry = False

all_xyz = sorted(glob.glob(os.path.join(xyz_dir, "*.xyz")))
if select_molecules is not None:
    select_set = set(select_molecules)
    xyz_files = [p for p in all_xyz if os.path.splitext(os.path.basename(p))[0] in select_set]
    missing = select_set - {os.path.splitext(os.path.basename(p))[0] for p in xyz_files}
    if missing:
        print(f"Warning: no .xyz file found for: {', '.join(sorted(missing))} in {xyz_dir}")
else:
    xyz_files = all_xyz

with open(results_file, "w") as out:
    out.write(f"{'Molecule':<16s} {'Charge':>6s} {'2S':>6s} {'frozen':>6s} "
              f"{'E_RHF (Eh)':>20s} {'E_CCSD (Eh)':>20s} {'E_CCSD(T) (Eh)':>20s}\n")
    out.write("-" * 100 + "\n")

for xyz_path in xyz_files:
    with open(xyz_path, "r") as f:
        lines = f.readlines()

    # Parse charge and multiplicity from second line: "name charge=X mult=Y"
    second_line = lines[1]
    charge = int(second_line.split("charge=")[1].split()[0])
    mult   = int(second_line.split("mult=")[1].split()[0])
    spin   = mult - 1   # PySCF spin input is 2S = mult - 1
    mol_name = second_line.split()[0]

    # Coordinates only (skip the atom count and comment lines)
    atoms = "".join(lines[2:])

    print(f"\n{'='*60}")
    print(f"Running: {mol_name}  charge={charge}  spin={spin}")
    print(f"{'='*60}")

    mol = gto.M(
        atom=atoms,
        basis="ccpvdz",
        verbose=4,
        output=os.path.join(out_dir, f"{mol_name}.out"),
        unit="angstrom",
        symmetry=symmetry,
        charge=charge,
        spin=spin,
        max_memory=40000,
    )

    mf = scf.RHF(mol)
    mf.max_cycle = 200
    mf = mf.newton()
    mf.kernel()

    # Stability check loop — at most 10 attempts
    max_stability_cycles = 10
    stable = False
    for stability_iter in range(max_stability_cycles):
        mo_i, _, stable, _ = mf.stability(return_status=True)
        if stable:
            break
        dm = mf.make_rdm1(mo_i, mf.mo_occ)
        mf.kernel(dm0=dm)

    if not stable or not mf.converged:
        print(f"  !! SCF did not converge for {mol_name} — skipping.")
        with open(results_file, "a") as out:
            out.write(f"{mol_name:<16s} {charge:>6d} {spin:>6d} {'N/A':>6s} "
                      f"{'UNCONVERGED':>20s} {'UNCONVERGED':>20s} {'UNCONVERGED':>20s}\n")
        continue

    energy = mf.e_tot

    mycc = cc.CCSD(mf)
    mycc.set_frozen()
    mycc.kernel()
    e_ccsd = mycc.e_tot
    et = mycc.ccsd_t()
    e_ccsdt = e_ccsd + et
    frozen = mycc.frozen

    with open(results_file, "a") as out:
        out.write(f"{mol_name:<16s} {charge:>6d} {spin:>6d} {frozen:>6d} "
                  f"{energy:>20.10f} {e_ccsd:>20.10f} {e_ccsdt:>20.10f}\n")

    print(f"  => E_RHF({mol_name})     = {energy:.10f} Eh")
    print(f"  => E_CCSD({mol_name})    = {e_ccsd:.10f} Eh")
    print(f"  => E_CCSD(T)({mol_name}) = {e_ccsdt:.10f} Eh")

print(f"\nAll calculations complete. Results saved to {results_file}")
#INFO: ******************** input file end ********************


System: uname_result(system='Linux', node='bnode0303.rc.int.colorado.edu', release='4.18.0-477.27.1.el8_8.x86_64', version='#1 SMP Thu Aug 31 10:29:22 EDT 2023', machine='x86_64')  Threads 28
Python 3.10.2 | packaged by conda-forge | (main, Mar  8 2022, 15:52:01) [GCC 9.4.0]
numpy 2.0.2  scipy 1.14.1  h5py 3.12.1
Date: Tue May 12 11:00:27 2026
PySCF version 2.9.0
PySCF path  /projects/yizh8382/tools/lno_pyscf_gcc
GIT HEAD (branch master) 142756584ed3963728cc1f6823286f4605811a6c

[ENV] PYSCF_TMPDIR /scratch/alpine/yizh8382/pyscf
[ENV] PYSCF_EXT_PATH /home/yizh8382/tools/pyscf-forge
[CONFIG] conf_file None
[INPUT] verbose = 4
[INPUT] num. atoms = 5
[INPUT] num. electrons = 26
[INPUT] charge = 0
[INPUT] spin (= nelec alpha-beta = 2S) = 0
[INPUT] symmetry False subgroup None
[INPUT] Mole.unit = angstrom
[INPUT] Symbol           X                Y                Z      unit          X                Y                Z       unit  Magmom
[INPUT]  1 F      0.000000000000   0.000000000000  -1.099839000000 AA    0.000000000000   0.000000000000  -2.078394491116 Bohr   0.0
[INPUT]  2 Si     0.000000000000   0.000000000000   0.495525000000 AA    0.000000000000   0.000000000000   0.936406537875 Bohr   0.0
[INPUT]  3 H      0.000000000000   1.390293000000   0.987068000000 AA    0.000000000000   2.627273002900   1.865288186322 Bohr   0.0
[INPUT]  4 H     -1.204029000000  -0.695146000000   0.987068000000 AA   -2.275285056034  -1.313635556587   1.865288186322 Bohr   0.0
[INPUT]  5 H      1.204029000000  -0.695146000000   0.987068000000 AA    2.275285056034  -1.313635556587   1.865288186322 Bohr   0.0

nuclear repulsion = 63.2227318627324
number of shells = 19
number of NR pGTOs = 88
number of NR cGTOs = 47
basis = ccpvdz
ecp = {}
CPU time:     17513.60




******** <class 'pyscf.soscf.newton_ah.SecondOrderRHF'> ********
method = SecondOrderRHF
initial guess = minao
damping factor = 0
level_shift factor = 0
DIIS = <class 'pyscf.scf.diis.CDIIS'>
diis_start_cycle = 1
diis_space = 8
diis_damp = 0
SCF conv_tol = 1e-09
SCF conv_tol_grad = None
SCF max_cycles = 200
direct_scf = True
direct_scf_tol = 1e-13
chkfile to save SCF result = /scratch/alpine/yizh8382/pyscf/tmp3gql6lh9
max_memory 40000 MB (current use 2011 MB)
******** <class 'pyscf.scf.hf.RHF'> Newton solver flags ********
SCF tol = 1e-09
conv_tol_grad = None
max. SCF cycles = 200
direct_scf = True
direct_scf_tol = 1e-13
chkfile to save SCF result = /scratch/alpine/yizh8382/pyscf/tmp3gql6lh9
max_cycle_inner = 12
max_stepsize = 0.05
ah_start_tol = 1e+09
ah_level_shift = 0
ah_conv_tol = 1e-12
ah_lindep = 1e-14
ah_start_cycle = 1
ah_max_cycle = 40
ah_grad_trust_region = 2.5
kf_interval = 4
kf_trust_region = 5
canonicalization = True
max_memory 40000 MB (current use 2011 MB)
Set conv_tol_grad to 3.16228e-05
Initial guess from minao.
  HOMO = -0.388519443759607  LUMO = 0.0606852114103573
Initial guess E= -390.113402778083  |g|= 0.460648
macro= 0  E= -390.160765873974  delta_E= -0.0473631  |g|= 0.460648  2 KF 5 JK
macro= 1  E= -390.161242379185  delta_E= -0.000476505  |g|= 0.00182021  2 KF 8 JK
macro= 2  E= -390.161242379185  delta_E= -1.13687e-13  |g|= 7.36744e-06  1 KF 2 JK
Canonicalize SCF orbitals
macro X = 3  E=-390.161242379185  |g|= 7.36744e-06  total 6 KF 19 JK
converged SCF energy = -390.161242379185
rhf_internal: lowest eigs of H = [1.47488331 1.47488646 1.62837466]
<class 'pyscf.soscf.newton_ah.SecondOrderRHF'> wavefunction is stable in the internal stability analysis

******** <class 'pyscf.cc.ccsd.CCSD'> ********
CC2 = 0
CCSD nocc = 7, nmo = 41
frozen orbitals 6
max_cycle = 50
direct = 0
conv_tol = 1e-07
conv_tol_normt = 1e-05
diis_space = 6
diis_start_cycle = 0
diis_start_energy_diff = 1e+09
max_memory 40000 MB (current use 2011 MB)
Init t2, MP2 energy = -390.454324558613  E_corr(MP2) -0.293082179428386
Init E_corr(CCSD) = -0.293082179442098
cycle = 1  E_corr(CCSD) = -0.306981300236032  dE = -0.0138991208  norm(t1,t2) = 0.0476874
cycle = 2  E_corr(CCSD) = -0.315400913659447  dE = -0.00841961342  norm(t1,t2) = 0.0142332
cycle = 3  E_corr(CCSD) = -0.316382147899684  dE = -0.00098123424  norm(t1,t2) = 0.00689227
cycle = 4  E_corr(CCSD) = -0.317672705294929  dE = -0.0012905574  norm(t1,t2) = 0.0024092
cycle = 5  E_corr(CCSD) = -0.31762554517099  dE = 4.71601239e-05  norm(t1,t2) = 0.000484072
cycle = 6  E_corr(CCSD) = -0.317602297950371  dE = 2.32472206e-05  norm(t1,t2) = 0.000136891
cycle = 7  E_corr(CCSD) = -0.317602118737102  dE = 1.79213269e-07  norm(t1,t2) = 3.36156e-05
cycle = 8  E_corr(CCSD) = -0.317602913030873  dE = -7.94293771e-07  norm(t1,t2) = 8.31594e-06
cycle = 9  E_corr(CCSD) = -0.317602816606159  dE = 9.64247141e-08  norm(t1,t2) = 2.80611e-06
CCSD converged
E(CCSD) = -390.4788451957912  E_corr = -0.317602816606159
CCSD(T) correction = -0.00476171320764711
