------------------------------------------- AFQMC Sampling Started -------------------------------------------
Hostname: gpua016.delta.ncsa.illinois.edu
System Type: Linux
Machine Type: x86_64
Processor: x86_64
Using GPU.
System: Linux
Node Name: gpua016.delta.ncsa.illinois.edu
Release: 5.14.0-427.91.1.el9_4.x86_64
Version: #1 SMP PREEMPT_DYNAMIC Wed Sep 17 10:08:59 EDT 2025
Machine: x86_64
Processor: x86_64
Decomposing Unrestricted T2 amplitudes
Throw 0 vectors in T2 deomposition
SVD cutoff = 1.00e-08 | error = 1.27e-15
number of T2 decomposition vectors 210
norb: 26
nelec: (5, 5)
n_eql: 120
n_blocks: 1000
n_walkers: 300
dt: 0.005
max_error: 0.0
seed: 17
walker_type: uhf
trial: uccsd_pt2
free_projection: False
use_gpu: True
n_exp_terms: 6
n_prop_steps: 50
save_walkers: False
n_batch: 1
nchol_chunk: 100
mix_precision: True
initial AFQMC/pt2CCSD Energy is -364.069095
Propagating with 300 walkers
----------------------------------------------- Equilibration ------------------------------------------------
inv_T        weight  killW        energy   runTime
 0.00    300.000000      0   -363.789779     11.09
 3.00    303.798616      0   -364.091374     17.43
 6.00    303.773201      0   -364.065950     18.00
 9.00    303.155363      0   -364.055042     18.58
12.00    303.987285      0   -364.098673     19.15
15.00    303.517748      0   -364.090606     19.73
18.00    303.515087      0   -364.067260     20.30
21.00    304.069117      0   -364.094365     20.88
24.00    304.420270      0   -364.094237     21.46
27.00    304.021653      0   -364.098439     22.03
30.00    303.674397      0   -364.075393     22.61
---------------------------------------------- Sampling Blocks -----------------------------------------------
blocks        weight  killW       E_Guide     error       E_Trial     error     olp_T/G     error  Walltime
    20    303.843909      0   -364.086512  0.012393   -364.079902  0.003600    1.019815  0.001455   29.65
    40    303.391980      0   -364.086175  0.005813   -364.079994  0.002256    1.017609  0.001433   30.99
    60    303.033240      0   -364.087137  0.004462   -364.079702  0.001577    1.017924  0.000989   32.33
    80    302.672627      0   -364.087155  0.003440   -364.079814  0.001241    1.017207  0.000801   33.66
   100    302.378335      1   -364.087630  0.003791   -364.080353  0.001159    1.016816  0.000684   35.00
   120    302.086197      2   -364.086970  0.003248   -364.080238  0.000992    1.017009  0.000580   36.33
   140    301.838805      2   -364.086743  0.002927   -364.080062  0.000881    1.016982  0.000495   37.67
   160    301.624222      3   -364.087499  0.002705   -364.080056  0.000915    1.016783  0.000477   39.00
   180    301.440262      4   -364.088170  0.002528   -364.080557  0.001112    1.016770  0.000433   40.34
   200    301.298515      4   -364.088582  0.002376   -364.080324  0.001019    1.016937  0.000395   41.68
   220    301.162316      4   -364.088586  0.002222   -364.080234  0.000938    1.016930  0.000365   43.03
   240    301.035093      5   -364.088264  0.002128   -364.080484  0.000903    1.016792  0.000348   44.37
   260    300.910342      5   -364.087484  0.002043   -364.080544  0.000841    1.016587  0.000359   45.72
   280    300.811478      5   -364.088022  0.002196   -364.080934  0.000831    1.016574  0.000329   47.06
   300    300.723015      5   -364.088001  0.002049   -364.081040  0.000807    1.016683  0.000319   48.39
   320    300.633940      6   -364.087672  0.001935   -364.080801  0.000767    1.016593  0.000305   49.74
   340    300.549949      6   -364.087307  0.001843   -364.080798  0.000731    1.016720  0.000314   51.09
   360    300.491748      6   -364.087662  0.001757   -364.080657  0.000738    1.016712  0.000297   52.43
   380    300.422597      6   -364.087276  0.001698   -364.080537  0.000744    1.016740  0.000283   53.77
   400    300.362101      7   -364.086752  0.001655   -364.080425  0.000728    1.016677  0.000275   55.12
   420    300.314541      7   -364.086779  0.001630   -364.080314  0.000701    1.016686  0.000265   56.46
   440    300.275154      7   -364.087239  0.001593   -364.080499  0.000716    1.016788  0.000281   57.80
   460    300.230470      7   -364.087272  0.001543   -364.080592  0.000711    1.016730  0.000275   59.14
   480    300.186344      7   -364.087369  0.001484   -364.080415  0.000689    1.016758  0.000269   60.48
   500    300.148924      8   -364.087577  0.001524   -364.080599  0.000733    1.016740  0.000266   61.82
   520    300.114413      8   -364.087158  0.001506   -364.080542  0.000711    1.016814  0.000264   63.17
   540    300.081094      8   -364.087117  0.001490   -364.080325  0.000697    1.016820  0.000254   64.61
   560    300.055330      9   -364.087424  0.001460   -364.080304  0.000681    1.016756  0.000256   65.94
   580    300.027441     11   -364.087721  0.001445   -364.080248  0.000661    1.016657  0.000252   67.28
   600    300.002167     12   -364.087912  0.001415   -364.080256  0.000645    1.016611  0.000266   68.63
   620    299.985458     12   -364.088383  0.001394   -364.080282  0.000641    1.016630  0.000260   69.97
   640    299.961653     12   -364.088508  0.001368   -364.080135  0.000630    1.016742  0.000261   71.31
   660    299.942747     12   -364.088630  0.001327   -364.080027  0.000619    1.016758  0.000255   72.66
   680    299.924970     12   -364.088756  0.001353   -364.079635  0.000713    1.016744  0.000249   74.00
   700    299.903222     12   -364.088537  0.001331   -364.079639  0.000693    1.016741  0.000244   75.35
   720    299.880001     12   -364.088472  0.001316   -364.079607  0.000678    1.016676  0.000247   76.68
   740    299.862969     12   -364.088390  0.001286   -364.079601  0.000662    1.016740  0.000243   78.02
   760    299.843256     13   -364.088145  0.001284   -364.079513  0.000646    1.016792  0.000250   79.36
   780    299.834025     13   -364.088793  0.001414   -364.079539  0.000634    1.016756  0.000246   80.71
   800    299.822272     13   -364.088924  0.001381   -364.079546  0.000625    1.016758  0.000252   82.04
   820    299.805079     13   -364.088780  0.001349   -364.079554  0.000612    1.016787  0.000248   83.39
   840    299.804887     13   -364.089579  0.001539   -364.079663  0.000671    1.016861  0.000253   84.73
   860    299.786252     13   -364.089387  0.001525   -364.079660  0.000657    1.016861  0.000247   86.07
   880    299.772953     13   -364.089255  0.001491   -364.079688  0.000645    1.016859  0.000241   87.41
   900    299.762135     15   -364.089222  0.001467   -364.079682  0.000635    1.016816  0.000240   88.74
   920    299.747001     16   -364.089030  0.001455   -364.079713  0.000623    1.016812  0.000235   90.07
   940    299.737471     16   -364.089035  0.001418   -364.079699  0.000611    1.016774  0.000233   91.42
   960    299.723878     16   -364.088904  0.001387   -364.079660  0.000600    1.016716  0.000235   92.76
   980    299.713918     16   -364.089041  0.001370   -364.079731  0.000591    1.016760  0.000234   94.10
  1000    299.704059     17   -364.089123  0.001349   -364.079718  0.000580    1.016788  0.000231   95.45
---------------------------------------------- Post Propagation ----------------------------------------------
Total number of samples 1000
Raw AFQMC/HF (Guide) energy:           -364.089123 ± 0.001349
Raw Trial/Guide overlap ratio:          1.016788 ± 0.000231
Raw AFQMC/pt2CCSD energy (covariance): -364.079718 ± 0.000580
Raw AFQMC/pt2CCSD energy (dir sample): -364.079718 ± 0.000459
--------------------------------------------- Clean Obeservation ---------------------------------------------
removing energies outside zeta > 30
Outlier energy bound [-364.259365, -363.897365]
Removed 1 outliers with energies [-363.81689738]
Clean AFQMC/pt2CCSD overlap ratio:        1.016793 ± 0.000234
Clean AFQMC/pt2CCSD energy (covariance): -364.079962 ± 0.000524
Clean AFQMC/ptCCSD energy (dir sample):  -364.079962 ± 0.000377
--------------------------------------------- Blocking Analysis ----------------------------------------------
nsample = 999, max_block_size = 24, min_nblocks = 40
   B    NB    NS  Observable     Error    dError
   1   999   999    1.016793  0.000093  0.000002
   2   499   998    1.016790  0.000122  0.000004
   3   333   999    1.016793  0.000142  0.000006
   4   249   996    1.016786  0.000157  0.000007
   5   199   995    1.016786  0.000169  0.000008
   6   166   996    1.016786  0.000173  0.000010
   7   142   994    1.016785  0.000185  0.000011
   8   124   992    1.016782  0.000193  0.000012
   9   111   999    1.016792  0.000182  0.000012
  10    99   990    1.016778  0.000199  0.000014
  11    90   990    1.016778  0.000197  0.000015
  12    83   996    1.016785  0.000195  0.000015
  13    76   988    1.016774  0.000200  0.000016
  14    71   994    1.016785  0.000205  0.000017
  15    66   990    1.016778  0.000210  0.000018
  16    62   992    1.016782  0.000204  0.000018
  17    58   986    1.016769  0.000210  0.000020
  18    55   990    1.016778  0.000216  0.000021
  19    52   988    1.016774  0.000217  0.000022
  20    49   980    1.016764  0.000234  0.000024
  21    47   987    1.016771  0.000216  0.000023
  22    45   990    1.016778  0.000215  0.000023
  23    43   989    1.016776  0.000220  0.000024
  24    41   984    1.016773  0.000219  0.000024
Fit (variance): plateau_var = 4.644e-08 ± 3.152e-09
Fit (error):    plateau = 0.000215 ± 0.000007
     autocorrelation length ~ 5.6 blocks
     plateau reached at block size ~ 26
     !!!Failed to reach plateau in blocking
     Return max block error
nclean = 999, max_block_size = 24, min_nblocks = 40
Blk_SZ   NBlk   NSmp      Energy     Error    dError
     1    999    999  -364.079524  0.000378  0.000008
     2    499    998  -364.079648  0.000380  0.000012
     3    333    999  -364.079667  0.000382  0.000015
     4    249    996  -364.079697  0.000376  0.000017
     5    199    995  -364.079793  0.000387  0.000019
     6    166    996  -364.079758  0.000380  0.000021
     7    142    994  -364.079787  0.000353  0.000021
     8    124    992  -364.079814  0.000379  0.000024
     9    111    999  -364.079807  0.000371  0.000025
    10     99    990  -364.079865  0.000401  0.000029
    11     90    990  -364.079831  0.000340  0.000025
    12     83    996  -364.079852  0.000351  0.000027
    13     76    988  -364.079880  0.000349  0.000028
    14     71    994  -364.079868  0.000347  0.000029
    15     66    990  -364.079866  0.000345  0.000030
    16     62    992  -364.079900  0.000369  0.000033
    17     58    986  -364.079897  0.000369  0.000035
    18     55    990  -364.079887  0.000319  0.000031
    19     52    988  -364.079902  0.000330  0.000033
    20     49    980  -364.079922  0.000350  0.000036
    21     47    987  -364.079920  0.000366  0.000038
    22     45    990  -364.079910  0.000312  0.000033
    23     43    989  -364.079918  0.000339  0.000037
    24     41    984  -364.079918  0.000358  0.000040
Fit (variance): plateau_var = -5.608862e-05 ± 2.015148e-01
Fit (error):    plateau = nan ± nan
     autocorrelation length ~ 36310.3 blocks
     plateau reached at block size ~ 167311
     !!!Failed to reach plateau in blocking
     Return max block error
Final AFQMC/pt2CCSD overlap ratio: 1.016793 ± 0.000234
Final AFQMC/pt2CCSD energy: -364.079962 ± 0.000401
Total run time: 104.44
------------------------------------------ AFQMC Sampling Finished -------------------------------------------
