#INFO: **** input file is /projects/yizh8382/projects/w4_17/w4-17_all/pyscf_input/run_pyscf_vdzsd.py ****
import os
import glob
import numpy as np
from pyscf import gto, scf, cc

# basis = "ccpvdz"
xyz_dir = "../w4_17_xyz/closed_shell"
results_file = f"../result/closed_shell_rhf_sym_vdzsd.dat"
out_dir = "../result/molout/closed_shell"
os.makedirs(out_dir, exist_ok=True)

# Set to a list of molecule names to run only those, e.g. ["acetaldehyde", "benzene"]
# Set to None to run all molecules in xyz_dir
select_molecules = None
symmetry = True

def vdzsd(elem):
    if elem in ('H', 'He'):
        raw_basis = gto.basis.load('ccpvdz', elem)
        return [b for b in raw_basis if b[0] != 1]
    else:
        return gto.basis.load('ccpvdz', elem)

def get_vdzsd_basis(atoms):
    elems = {line.split()[0] for line in atoms.strip().splitlines() if line.strip()}
    basis_dict = {el: vdzsd(el) for el in elems}
    return basis_dict

all_xyz = sorted(glob.glob(os.path.join(xyz_dir, "*.xyz")))
if select_molecules is not None:
    select_set = set(select_molecules)
    xyz_files = [p for p in all_xyz if os.path.splitext(os.path.basename(p))[0] in select_set]
    missing = select_set - {os.path.splitext(os.path.basename(p))[0] for p in xyz_files}
    if missing:
        print(f"Warning: no .xyz file found for: {', '.join(sorted(missing))} in {xyz_dir}")
else:
    xyz_files = all_xyz

with open(results_file, "w") as out:
    out.write(f"{'Molecule':<16s} {'Charge':>6s} {'2S':>6s} {'frozen':>6s} "
              f"{'E_RHF (Eh)':>20s} {'E_CCSD (Eh)':>20s} {'E_CCSD(T) (Eh)':>20s}\n")
    out.write("-" * 100 + "\n")

for xyz_path in xyz_files:
    with open(xyz_path, "r") as f:
        lines = f.readlines()

    # Parse charge and multiplicity from second line: "name charge=X mult=Y"
    second_line = lines[1]
    charge = int(second_line.split("charge=")[1].split()[0])
    mult   = int(second_line.split("mult=")[1].split()[0])
    spin   = mult - 1   # PySCF spin input is 2S = mult - 1
    mol_name = second_line.split()[0]

    # Coordinates only (skip the atom count and comment lines)
    atoms = "".join(lines[2:])
    basis_dict = get_vdzsd_basis(atoms)

    print(f"\n{'='*60}")
    print(f"Running: {mol_name}  charge={charge}  spin={spin}")
    print(f"{'='*60}")
    
    mol = gto.M(
        atom=atoms,
        basis=basis_dict,
        verbose=4,
        output=os.path.join(out_dir, f"{mol_name}_sym_vdzsd.out"),
        unit="angstrom",
        symmetry=symmetry,
        charge=charge,
        spin=spin,
        max_memory=40000,
    )

    mf = scf.RHF(mol)
    mf.max_cycle = 200
    mf = mf.newton()
    mf.kernel()

    # Stability check loop — at most 10 attempts
    max_stability_cycles = 10
    stable = False
    for stability_iter in range(max_stability_cycles):
        mo_i, _, stable, _ = mf.stability(return_status=True)
        if stable:
            break
        dm = mf.make_rdm1(mo_i, mf.mo_occ)
        mf.kernel(dm0=dm)

    if not stable or not mf.converged:
        print(f"  !! SCF did not converge for {mol_name} — skipping.")
        with open(results_file, "a") as out:
            out.write(f"{mol_name:<16s} {charge:>6d} {spin:>6d} {'N/A':>6s} "
                      f"{'UNCONVERGED':>20s} {'UNCONVERGED':>20s} {'UNCONVERGED':>20s}\n")
        continue

    energy = mf.e_tot

    mycc = cc.CCSD(mf)
    mycc.set_frozen()
    mycc.kernel()
    e_ccsd = mycc.e_tot
    et = mycc.ccsd_t()
    e_ccsdt = e_ccsd + et
    frozen = mycc.frozen

    with open(results_file, "a") as out:
        out.write(f"{mol_name:<16s} {charge:>6d} {spin:>6d} {frozen:>6d} "
                  f"{energy:>20.10f} {e_ccsd:>20.10f} {e_ccsdt:>20.10f}\n")

    print(f"  => E_RHF({mol_name})     = {energy:.10f} Eh")
    print(f"  => E_CCSD({mol_name})    = {e_ccsd:.10f} Eh")
    print(f"  => E_CCSD(T)({mol_name}) = {e_ccsdt:.10f} Eh")

print(f"\nAll calculations complete. Results saved to {results_file}")
#INFO: ******************** input file end ********************


System: uname_result(system='Linux', node='bnode0309.rc.int.colorado.edu', release='4.18.0-477.27.1.el8_8.x86_64', version='#1 SMP Thu Aug 31 10:29:22 EDT 2023', machine='x86_64')  Threads 28
Python 3.10.2 | packaged by conda-forge | (main, Mar  8 2022, 15:52:01) [GCC 9.4.0]
numpy 2.0.2  scipy 1.14.1  h5py 3.12.1
Date: Thu May 14 10:01:43 2026
PySCF version 2.9.0
PySCF path  /projects/yizh8382/tools/lno_pyscf_gcc
GIT HEAD (branch master) 142756584ed3963728cc1f6823286f4605811a6c

[ENV] PYSCF_TMPDIR /scratch/alpine/yizh8382/pyscf
[ENV] PYSCF_EXT_PATH /home/yizh8382/tools/pyscf-forge
[CONFIG] conf_file None
[INPUT] verbose = 4
[INPUT] num. atoms = 8
[INPUT] num. electrons = 28
[INPUT] charge = 0
[INPUT] spin (= nelec alpha-beta = 2S) = 0
[INPUT] symmetry True subgroup None
[INPUT] Mole.unit = angstrom
[INPUT] Symbol           X                Y                Z      unit          X                Y                Z       unit  Magmom
[INPUT]  1 C      0.523279589700   0.523279589700   0.523279589700 AA    0.988855111108   0.988855111108   0.988855111108 Bohr   0.0
[INPUT]  2 C     -0.523279589700  -0.523279589700   0.523279589700 AA   -0.988855111108  -0.988855111108   0.988855111108 Bohr   0.0
[INPUT]  3 C     -0.523279589700   0.523279589700  -0.523279589700 AA   -0.988855111108   0.988855111108  -0.988855111108 Bohr   0.0
[INPUT]  4 C      0.523279589700  -0.523279589700  -0.523279589700 AA    0.988855111108  -0.988855111108  -0.988855111108 Bohr   0.0
[INPUT]  5 H      1.140173339400   1.140173339400   1.140173339400 AA    2.154615345997   2.154615345997   2.154615345997 Bohr   0.0
[INPUT]  6 H     -1.140173339400  -1.140173339400   1.140173339400 AA   -2.154615345997  -2.154615345997   2.154615345997 Bohr   0.0
[INPUT]  7 H     -1.140173339400   1.140173339400  -1.140173339400 AA   -2.154615345997   2.154615345997  -2.154615345997 Bohr   0.0
[INPUT]  8 H      1.140173339400  -1.140173339400  -1.140173339400 AA    2.154615345997  -2.154615345997  -2.154615345997 Bohr   0.0

nuclear repulsion = 105.765251992653
point group symmetry = Td, use subgroup D2
symmetry origin: [0. 0. 0.]
symmetry axis x: [2.88444403e-16 1.00000000e+00 9.61481343e-17]
symmetry axis y: [ 1.00000000e+00 -2.88444403e-16 -9.61481343e-17]
symmetry axis z: [-9.61481343e-17  9.61481343e-17 -1.00000000e+00]
num. orbitals of irrep A = 16
num. orbitals of irrep B1 = 16
num. orbitals of irrep B2 = 16
num. orbitals of irrep B3 = 16
number of shells = 28
number of NR pGTOs = 120
number of NR cGTOs = 64
basis = {'C': [[0, [6665.0, 0.000692, -0.000146], [1000.0, 0.005329, -0.001154], [228.0, 0.027077, -0.005725], [64.71, 0.101718, -0.023312], [21.06, 0.27474, -0.063955], [7.495, 0.448564, -0.149981], [2.797, 0.285074, -0.127262], [0.5215, 0.015204, 0.544529]], [0, [0.1596, 1.0]], [1, [9.439, 0.038109], [2.002, 0.20948], [0.5456, 0.508557]], [1, [0.1517, 1.0]], [2, [0.55, 1.0]]], 'H': [[0, [13.01, 0.019685], [1.962, 0.137977], [0.4446, 0.478148]], [0, [0.122, 1.0]]]}
ecp = {}
CPU time:     16481.25
Freeze 0 electrons in irreps []
    28 free electrons in irreps A B1 B2 B3




******** <class 'pyscf.soscf.newton_ah.SecondOrderSymAdaptedRHF'> ********
method = SecondOrderSymAdaptedRHF
initial guess = minao
damping factor = 0
level_shift factor = 0
DIIS = <class 'pyscf.scf.diis.CDIIS'>
diis_start_cycle = 1
diis_space = 8
diis_damp = 0
SCF conv_tol = 1e-09
SCF conv_tol_grad = None
SCF max_cycles = 200
direct_scf = True
direct_scf_tol = 1e-13
chkfile to save SCF result = /scratch/alpine/yizh8382/pyscf/tmpiej39kay
max_memory 40000 MB (current use 1912 MB)
******** <class 'pyscf.scf.hf_symm.SymAdaptedRHF'> Newton solver flags ********
SCF tol = 1e-09
conv_tol_grad = None
max. SCF cycles = 200
direct_scf = True
direct_scf_tol = 1e-13
chkfile to save SCF result = /scratch/alpine/yizh8382/pyscf/tmpiej39kay
max_cycle_inner = 12
max_stepsize = 0.05
ah_start_tol = 1e+09
ah_level_shift = 0
ah_conv_tol = 1e-12
ah_lindep = 1e-14
ah_start_cycle = 1
ah_max_cycle = 40
ah_grad_trust_region = 2.5
kf_interval = 4
kf_trust_region = 5
canonicalization = True
max_memory 40000 MB (current use 1912 MB)
Set conv_tol_grad to 3.16228e-05
Initial guess from minao.
HOMO (A) = -0.193614524714254  LUMO (B2) = 0.160843204093682
Initial guess E= -153.552808495672  |g|= 0.316859
macro= 0  E= -153.595495161444  delta_E= -0.0426867  |g|= 0.0100371  3 KF 9 JK
macro= 1  E= -153.595495236992  delta_E= -7.55482e-08  |g|= 0.000646239  1 KF 4 JK
macro= 2  E= -153.595495236991  delta_E= 9.09495e-13  |g|= 9.38167e-06  1 KF 2 JK
Canonicalize SCF orbitals
macro X = 3  E=-153.595495236991  |g|= 9.38167e-06  total 6 KF 19 JK
converged SCF energy = -153.595495236991
rhf_internal: lowest eigs of H = [1.34202729 1.34202826 2.02149106]
<class 'pyscf.soscf.newton_ah.SecondOrderSymAdaptedRHF'> wavefunction is stable in the internal stability analysis

******** <class 'pyscf.cc.ccsd.CCSD'> ********
CC2 = 0
CCSD nocc = 10, nmo = 60
frozen orbitals 4
max_cycle = 50
direct = 0
conv_tol = 1e-07
conv_tol_normt = 1e-05
diis_space = 6
diis_start_cycle = 0
diis_start_energy_diff = 1e+09
max_memory 40000 MB (current use 1912 MB)
Init t2, MP2 energy = -154.101966438591  E_corr(MP2) -0.506471201600449
Init E_corr(CCSD) = -0.506471201626334
cycle = 1  E_corr(CCSD) = -0.516492758725328  dE = -0.0100215571  norm(t1,t2) = 0.0511843
cycle = 2  E_corr(CCSD) = -0.529936912834477  dE = -0.0134441541  norm(t1,t2) = 0.0169809
cycle = 3  E_corr(CCSD) = -0.533193620154621  dE = -0.00325670732  norm(t1,t2) = 0.00655217
cycle = 4  E_corr(CCSD) = -0.534144287564023  dE = -0.000950667409  norm(t1,t2) = 0.00171172
cycle = 5  E_corr(CCSD) = -0.53407489111613  dE = 6.93964479e-05  norm(t1,t2) = 0.000435657
cycle = 6  E_corr(CCSD) = -0.534061446910311  dE = 1.34442058e-05  norm(t1,t2) = 7.02161e-05
cycle = 7  E_corr(CCSD) = -0.534065487240586  dE = -4.04033027e-06  norm(t1,t2) = 2.20374e-05
cycle = 8  E_corr(CCSD) = -0.534066229713856  dE = -7.4247327e-07  norm(t1,t2) = 3.79708e-06
cycle = 9  E_corr(CCSD) = -0.534066062053427  dE = 1.67660429e-07  norm(t1,t2) = 1.17425e-06
cycle = 10  E_corr(CCSD) = -0.534066070368405  dE = -8.31497826e-09  norm(t1,t2) = 3.21233e-07
CCSD converged
E(CCSD) = -154.1295613073592  E_corr = -0.5340660703684053
CCSD(T) correction = -0.0202553333352008
