#INFO: **** input file is /projects/yizh8382/projects/w4_17/w4-17_all/pyscf_input/run_pyscf.py ****
import os
import glob
import numpy as np
from pyscf import gto, scf, cc

basis = "ccpvtz"
xyz_dir = "../w4_17_xyz/closed_shell"
results_file = f"../result/closed_shell_rhf_{basis}.dat"
out_dir = "../result/molout/closed_shell"
os.makedirs(out_dir, exist_ok=True)

# Set to a list of molecule names to run only those, e.g. ["acetaldehyde", "benzene"]
# Set to None to run all molecules in xyz_dir
select_molecules = None
# select_molecules = ["bn3pi","b2", "cf"]
symmetry = False

all_xyz = sorted(glob.glob(os.path.join(xyz_dir, "*.xyz")))
if select_molecules is not None:
    select_set = set(select_molecules)
    xyz_files = [p for p in all_xyz if os.path.splitext(os.path.basename(p))[0] in select_set]
    missing = select_set - {os.path.splitext(os.path.basename(p))[0] for p in xyz_files}
    if missing:
        print(f"Warning: no .xyz file found for: {', '.join(sorted(missing))} in {xyz_dir}")
else:
    xyz_files = all_xyz

with open(results_file, "w") as out:
    out.write(f"{'Molecule':<16s} {'Charge':>6s} {'2S':>6s} {'frozen':>6s} "
              f"{'E_RHF (Eh)':>20s} {'E_CCSD (Eh)':>20s} {'E_CCSD(T) (Eh)':>20s}\n")
    out.write("-" * 100 + "\n")

for xyz_path in xyz_files:
    with open(xyz_path, "r") as f:
        lines = f.readlines()

    # Parse charge and multiplicity from second line: "name charge=X mult=Y"
    second_line = lines[1]
    charge = int(second_line.split("charge=")[1].split()[0])
    mult   = int(second_line.split("mult=")[1].split()[0])
    spin   = mult - 1   # PySCF spin input is 2S = mult - 1
    mol_name = second_line.split()[0]

    # Coordinates only (skip the atom count and comment lines)
    atoms = "".join(lines[2:])

    print(f"\n{'='*60}")
    print(f"Running: {mol_name}  charge={charge}  spin={spin}")
    print(f"{'='*60}")

    mol = gto.M(
        atom=atoms,
        basis=basis,
        verbose=4,
        output=os.path.join(out_dir, f"{mol_name}_{basis}.out"),
        unit="angstrom",
        symmetry=symmetry,
        charge=charge,
        spin=spin,
        max_memory=40000,
    )

    mf = scf.RHF(mol)
    mf.max_cycle = 200
    mf = mf.newton()
    mf.kernel()

    # Stability check loop — at most 10 attempts
    max_stability_cycles = 10
    stable = False
    for stability_iter in range(max_stability_cycles):
        mo_i, _, stable, _ = mf.stability(return_status=True)
        if stable:
            break
        dm = mf.make_rdm1(mo_i, mf.mo_occ)
        mf.kernel(dm0=dm)

    if not stable or not mf.converged:
        print(f"  !! SCF did not converge for {mol_name} — skipping.")
        with open(results_file, "a") as out:
            out.write(f"{mol_name:<16s} {charge:>6d} {spin:>6d} {'N/A':>6s} "
                      f"{'UNCONVERGED':>20s} {'UNCONVERGED':>20s} {'UNCONVERGED':>20s}\n")
        continue

    energy = mf.e_tot

    mycc = cc.CCSD(mf)
    mycc.set_frozen()
    mycc.kernel()
    e_ccsd = mycc.e_tot
    et = mycc.ccsd_t()
    e_ccsdt = e_ccsd + et
    frozen = mycc.frozen

    with open(results_file, "a") as out:
        out.write(f"{mol_name:<16s} {charge:>6d} {spin:>6d} {frozen:>6d} "
                  f"{energy:>20.10f} {e_ccsd:>20.10f} {e_ccsdt:>20.10f}\n")

    print(f"  => E_RHF({mol_name})     = {energy:.10f} Eh")
    print(f"  => E_CCSD({mol_name})    = {e_ccsd:.10f} Eh")
    print(f"  => E_CCSD(T)({mol_name}) = {e_ccsdt:.10f} Eh")

print(f"\nAll calculations complete. Results saved to {results_file}")
#INFO: ******************** input file end ********************


System: uname_result(system='Linux', node='bnode0308.rc.int.colorado.edu', release='4.18.0-477.27.1.el8_8.x86_64', version='#1 SMP Thu Aug 31 10:29:22 EDT 2023', machine='x86_64')  Threads 28
Python 3.10.2 | packaged by conda-forge | (main, Mar  8 2022, 15:52:01) [GCC 9.4.0]
numpy 2.0.2  scipy 1.14.1  h5py 3.12.1
Date: Tue May 12 14:02:33 2026
PySCF version 2.9.0
PySCF path  /projects/yizh8382/tools/lno_pyscf_gcc
GIT HEAD (branch master) 142756584ed3963728cc1f6823286f4605811a6c

[ENV] PYSCF_TMPDIR /scratch/alpine/yizh8382/pyscf
[ENV] PYSCF_EXT_PATH /home/yizh8382/tools/pyscf-forge
[CONFIG] conf_file None
[INPUT] verbose = 4
[INPUT] num. atoms = 9
[INPUT] num. electrons = 44
[INPUT] charge = 0
[INPUT] spin (= nelec alpha-beta = 2S) = 0
[INPUT] symmetry False subgroup None
[INPUT] Mole.unit = angstrom
[INPUT] Symbol           X                Y                Z      unit          X                Y                Z       unit  Magmom
[INPUT]  1 C      0.000000000000   1.234685935000  -0.003774110800 AA    0.000000000000   2.333218267003  -0.007132035776 Bohr   0.0
[INPUT]  2 C      0.000000000000   0.713115562700  -1.270242606100 AA    0.000000000000   1.347593108668  -2.400410637283 Bohr   0.0
[INPUT]  3 C      0.000000000000  -0.713115562700  -1.270242606100 AA    0.000000000000  -1.347593108668  -2.400410637283 Bohr   0.0
[INPUT]  4 C      0.000000000000  -1.234685935000  -0.003774110800 AA    0.000000000000  -2.333218267003  -0.007132035776 Bohr   0.0
[INPUT]  5 S      0.000000000000   0.000000000000   1.188711208400 AA    0.000000000000   0.000000000000   2.246338625077 Bohr   0.0
[INPUT]  6 H      0.000000000000   2.272133244600   0.288665092400 AA    0.000000000000   4.293709550813   0.545497966358 Bohr   0.0
[INPUT]  7 H      0.000000000000   1.320564937500  -2.163490479700 AA    0.000000000000   2.495506061578  -4.088404479737 Bohr   0.0
[INPUT]  8 H      0.000000000000  -1.320564937500  -2.163490479700 AA    0.000000000000  -2.495506061578  -4.088404479737 Bohr   0.0
[INPUT]  9 H      0.000000000000  -2.272133244600   0.288665092400 AA    0.000000000000  -4.293709550813   0.545497966358 Bohr   0.0

nuclear repulsion = 202.789493699081
number of shells = 69
number of NR pGTOs = 291
number of NR cGTOs = 210
basis = ccpvtz
ecp = {}
CPU time:    145874.75




******** <class 'pyscf.soscf.newton_ah.SecondOrderRHF'> ********
method = SecondOrderRHF
initial guess = minao
damping factor = 0
level_shift factor = 0
DIIS = <class 'pyscf.scf.diis.CDIIS'>
diis_start_cycle = 1
diis_space = 8
diis_damp = 0
SCF conv_tol = 1e-09
SCF conv_tol_grad = None
SCF max_cycles = 200
direct_scf = True
direct_scf_tol = 1e-13
chkfile to save SCF result = /scratch/alpine/yizh8382/pyscf/tmpptppflpo
max_memory 40000 MB (current use 7186 MB)
******** <class 'pyscf.scf.hf.RHF'> Newton solver flags ********
SCF tol = 1e-09
conv_tol_grad = None
max. SCF cycles = 200
direct_scf = True
direct_scf_tol = 1e-13
chkfile to save SCF result = /scratch/alpine/yizh8382/pyscf/tmpptppflpo
max_cycle_inner = 12
max_stepsize = 0.05
ah_start_tol = 1e+09
ah_level_shift = 0
ah_conv_tol = 1e-12
ah_lindep = 1e-14
ah_start_cycle = 1
ah_max_cycle = 40
ah_grad_trust_region = 2.5
kf_interval = 4
kf_trust_region = 5
canonicalization = True
max_memory 40000 MB (current use 7186 MB)
Set conv_tol_grad to 3.16228e-05
Initial guess from minao.
  HOMO = -0.210818586082821  LUMO = 0.0375583247260557
Initial guess E= -551.320268816647  |g|= 0.374885
macro= 0  E= -551.379022650055  delta_E= -0.0587538  |g|= 0.000175829  4 KF 16 JK
macro= 1  E= -551.379022650055  delta_E= -4.54747e-13  |g|= 9.16894e-06  1 KF 2 JK
Canonicalize SCF orbitals
macro X = 2  E=-551.379022650055  |g|= 9.16894e-06  total 6 KF 21 JK
converged SCF energy = -551.379022650055
rhf_internal: lowest eigs of H = [0.77893974 0.83853798 1.00725452]
<class 'pyscf.soscf.newton_ah.SecondOrderRHF'> wavefunction is stable in the internal stability analysis

******** <class 'pyscf.cc.ccsd.CCSD'> ********
CC2 = 0
CCSD nocc = 13, nmo = 201
frozen orbitals 9
max_cycle = 50
direct = 0
conv_tol = 1e-07
conv_tol_normt = 1e-05
diis_space = 6
diis_start_cycle = 0
diis_start_energy_diff = 1e+09
max_memory 40000 MB (current use 7904 MB)
Init t2, MP2 energy = -552.192578624173  E_corr(MP2) -0.81355597411791
Init E_corr(CCSD) = -0.813555974148217
cycle = 1  E_corr(CCSD) = -0.809273402716125  dE = 0.00428257143  norm(t1,t2) = 0.0751431
cycle = 2  E_corr(CCSD) = -0.834256194697969  dE = -0.024982792  norm(t1,t2) = 0.0258603
cycle = 3  E_corr(CCSD) = -0.833740853347833  dE = 0.00051534135  norm(t1,t2) = 0.0120272
cycle = 4  E_corr(CCSD) = -0.83645983447207  dE = -0.00271898112  norm(t1,t2) = 0.00495195
cycle = 5  E_corr(CCSD) = -0.836761301502212  dE = -0.00030146703  norm(t1,t2) = 0.00165432
cycle = 6  E_corr(CCSD) = -0.83653284425156  dE = 0.000228457251  norm(t1,t2) = 0.000658234
cycle = 7  E_corr(CCSD) = -0.836513850113891  dE = 1.89941377e-05  norm(t1,t2) = 0.000295899
cycle = 8  E_corr(CCSD) = -0.836536457441469  dE = -2.26073276e-05  norm(t1,t2) = 0.000137869
cycle = 9  E_corr(CCSD) = -0.836530924886743  dE = 5.53255473e-06  norm(t1,t2) = 5.63347e-05
cycle = 10  E_corr(CCSD) = -0.836532477326784  dE = -1.55244004e-06  norm(t1,t2) = 1.11281e-05
cycle = 11  E_corr(CCSD) = -0.836531955222146  dE = 5.22104638e-07  norm(t1,t2) = 4.19193e-06
cycle = 12  E_corr(CCSD) = -0.836531846163493  dE = 1.09058653e-07  norm(t1,t2) = 1.44521e-06
cycle = 13  E_corr(CCSD) = -0.836531861788655  dE = -1.56251629e-08  norm(t1,t2) = 4.98866e-07
CCSD converged
E(CCSD) = -552.2155545118438  E_corr = -0.8365318617886555
CCSD(T) correction = -0.046369949166188
