#INFO: **** input file is /projects/yizh8382/projects/w4_17/w4-17_all/pyscf_input/run_pyscf.py ****
import os
import glob
import numpy as np
from pyscf import gto, scf, cc

xyz_dir = "../w4_17_xyz/closed_shell"
results_file = "../result/closed_shell_rhf.dat"
out_dir = "../result/molout/closed_shell"
os.makedirs(out_dir, exist_ok=True)

# Set to a list of molecule names to run only those, e.g. ["acetaldehyde", "benzene"]
# Set to None to run all molecules in xyz_dir
select_molecules = None
# select_molecules = ["bn3pi","b2", "cf"]
symmetry = False

all_xyz = sorted(glob.glob(os.path.join(xyz_dir, "*.xyz")))
if select_molecules is not None:
    select_set = set(select_molecules)
    xyz_files = [p for p in all_xyz if os.path.splitext(os.path.basename(p))[0] in select_set]
    missing = select_set - {os.path.splitext(os.path.basename(p))[0] for p in xyz_files}
    if missing:
        print(f"Warning: no .xyz file found for: {', '.join(sorted(missing))} in {xyz_dir}")
else:
    xyz_files = all_xyz

with open(results_file, "w") as out:
    out.write(f"{'Molecule':<16s} {'Charge':>6s} {'2S':>6s} {'frozen':>6s} "
              f"{'E_RHF (Eh)':>20s} {'E_CCSD (Eh)':>20s} {'E_CCSD(T) (Eh)':>20s}\n")
    out.write("-" * 100 + "\n")

for xyz_path in xyz_files:
    with open(xyz_path, "r") as f:
        lines = f.readlines()

    # Parse charge and multiplicity from second line: "name charge=X mult=Y"
    second_line = lines[1]
    charge = int(second_line.split("charge=")[1].split()[0])
    mult   = int(second_line.split("mult=")[1].split()[0])
    spin   = mult - 1   # PySCF spin input is 2S = mult - 1
    mol_name = second_line.split()[0]

    # Coordinates only (skip the atom count and comment lines)
    atoms = "".join(lines[2:])

    print(f"\n{'='*60}")
    print(f"Running: {mol_name}  charge={charge}  spin={spin}")
    print(f"{'='*60}")

    mol = gto.M(
        atom=atoms,
        basis="ccpvdz",
        verbose=4,
        output=os.path.join(out_dir, f"{mol_name}.out"),
        unit="angstrom",
        symmetry=symmetry,
        charge=charge,
        spin=spin,
        max_memory=40000,
    )

    mf = scf.RHF(mol)
    mf.max_cycle = 200
    mf = mf.newton()
    mf.kernel()

    # Stability check loop — at most 10 attempts
    max_stability_cycles = 10
    stable = False
    for stability_iter in range(max_stability_cycles):
        mo_i, _, stable, _ = mf.stability(return_status=True)
        if stable:
            break
        dm = mf.make_rdm1(mo_i, mf.mo_occ)
        mf.kernel(dm0=dm)

    if not stable or not mf.converged:
        print(f"  !! SCF did not converge for {mol_name} — skipping.")
        with open(results_file, "a") as out:
            out.write(f"{mol_name:<16s} {charge:>6d} {spin:>6d} {'N/A':>6s} "
                      f"{'UNCONVERGED':>20s} {'UNCONVERGED':>20s} {'UNCONVERGED':>20s}\n")
        continue

    energy = mf.e_tot

    mycc = cc.CCSD(mf)
    mycc.set_frozen()
    mycc.kernel()
    e_ccsd = mycc.e_tot
    et = mycc.ccsd_t()
    e_ccsdt = e_ccsd + et
    frozen = mycc.frozen

    with open(results_file, "a") as out:
        out.write(f"{mol_name:<16s} {charge:>6d} {spin:>6d} {frozen:>6d} "
                  f"{energy:>20.10f} {e_ccsd:>20.10f} {e_ccsdt:>20.10f}\n")

    print(f"  => E_RHF({mol_name})     = {energy:.10f} Eh")
    print(f"  => E_CCSD({mol_name})    = {e_ccsd:.10f} Eh")
    print(f"  => E_CCSD(T)({mol_name}) = {e_ccsdt:.10f} Eh")

print(f"\nAll calculations complete. Results saved to {results_file}")
#INFO: ******************** input file end ********************


System: uname_result(system='Linux', node='bnode0303.rc.int.colorado.edu', release='4.18.0-477.27.1.el8_8.x86_64', version='#1 SMP Thu Aug 31 10:29:22 EDT 2023', machine='x86_64')  Threads 28
Python 3.10.2 | packaged by conda-forge | (main, Mar  8 2022, 15:52:01) [GCC 9.4.0]
numpy 2.0.2  scipy 1.14.1  h5py 3.12.1
Date: Tue May 12 11:01:08 2026
PySCF version 2.9.0
PySCF path  /projects/yizh8382/tools/lno_pyscf_gcc
GIT HEAD (branch master) 142756584ed3963728cc1f6823286f4605811a6c

[ENV] PYSCF_TMPDIR /scratch/alpine/yizh8382/pyscf
[ENV] PYSCF_EXT_PATH /home/yizh8382/tools/pyscf-forge
[CONFIG] conf_file None
[INPUT] verbose = 4
[INPUT] num. atoms = 9
[INPUT] num. electrons = 44
[INPUT] charge = 0
[INPUT] spin (= nelec alpha-beta = 2S) = 0
[INPUT] symmetry False subgroup None
[INPUT] Mole.unit = angstrom
[INPUT] Symbol           X                Y                Z      unit          X                Y                Z       unit  Magmom
[INPUT]  1 C      0.000000000000   1.234685935000  -0.003774110800 AA    0.000000000000   2.333218267003  -0.007132035776 Bohr   0.0
[INPUT]  2 C      0.000000000000   0.713115562700  -1.270242606100 AA    0.000000000000   1.347593108668  -2.400410637283 Bohr   0.0
[INPUT]  3 C      0.000000000000  -0.713115562700  -1.270242606100 AA    0.000000000000  -1.347593108668  -2.400410637283 Bohr   0.0
[INPUT]  4 C      0.000000000000  -1.234685935000  -0.003774110800 AA    0.000000000000  -2.333218267003  -0.007132035776 Bohr   0.0
[INPUT]  5 S      0.000000000000   0.000000000000   1.188711208400 AA    0.000000000000   0.000000000000   2.246338625077 Bohr   0.0
[INPUT]  6 H      0.000000000000   2.272133244600   0.288665092400 AA    0.000000000000   4.293709550813   0.545497966358 Bohr   0.0
[INPUT]  7 H      0.000000000000   1.320564937500  -2.163490479700 AA    0.000000000000   2.495506061578  -4.088404479737 Bohr   0.0
[INPUT]  8 H      0.000000000000  -1.320564937500  -2.163490479700 AA    0.000000000000  -2.495506061578  -4.088404479737 Bohr   0.0
[INPUT]  9 H      0.000000000000  -2.272133244600   0.288665092400 AA    0.000000000000  -4.293709550813   0.545497966358 Bohr   0.0

nuclear repulsion = 202.789493699081
number of shells = 37
number of NR pGTOs = 173
number of NR cGTOs = 94
basis = ccpvdz
ecp = {}
CPU time:     18639.50




******** <class 'pyscf.soscf.newton_ah.SecondOrderRHF'> ********
method = SecondOrderRHF
initial guess = minao
damping factor = 0
level_shift factor = 0
DIIS = <class 'pyscf.scf.diis.CDIIS'>
diis_start_cycle = 1
diis_space = 8
diis_damp = 0
SCF conv_tol = 1e-09
SCF conv_tol_grad = None
SCF max_cycles = 200
direct_scf = True
direct_scf_tol = 1e-13
chkfile to save SCF result = /scratch/alpine/yizh8382/pyscf/tmp7r_th3r3
max_memory 40000 MB (current use 2048 MB)
******** <class 'pyscf.scf.hf.RHF'> Newton solver flags ********
SCF tol = 1e-09
conv_tol_grad = None
max. SCF cycles = 200
direct_scf = True
direct_scf_tol = 1e-13
chkfile to save SCF result = /scratch/alpine/yizh8382/pyscf/tmp7r_th3r3
max_cycle_inner = 12
max_stepsize = 0.05
ah_start_tol = 1e+09
ah_level_shift = 0
ah_conv_tol = 1e-12
ah_lindep = 1e-14
ah_start_cycle = 1
ah_max_cycle = 40
ah_grad_trust_region = 2.5
kf_interval = 4
kf_trust_region = 5
canonicalization = True
max_memory 40000 MB (current use 2048 MB)
Set conv_tol_grad to 3.16228e-05
Initial guess from minao.
  HOMO = -0.209113012760683  LUMO = 0.0414440705793033
Initial guess E= -551.264230584992  |g|= 0.362677
macro= 0  E= -551.320801145724  delta_E= -0.0565706  |g|= 0.000133681  4 KF 15 JK
macro= 1  E= -551.320801145787  delta_E= -6.3892e-11  |g|= 1.3288e-05  1 KF 3 JK
Canonicalize SCF orbitals
macro X = 2  E=-551.320801145787  |g|= 1.3288e-05  total 6 KF 21 JK
converged SCF energy = -551.320801145787
rhf_internal: lowest eigs of H = [0.80761184 0.87255524 1.0582465 ]
<class 'pyscf.soscf.newton_ah.SecondOrderRHF'> wavefunction is stable in the internal stability analysis

******** <class 'pyscf.cc.ccsd.CCSD'> ********
CC2 = 0
CCSD nocc = 13, nmo = 85
frozen orbitals 9
max_cycle = 50
direct = 0
conv_tol = 1e-07
conv_tol_normt = 1e-05
diis_space = 6
diis_start_cycle = 0
diis_start_energy_diff = 1e+09
max_memory 40000 MB (current use 2049 MB)
Init t2, MP2 energy = -551.982891429262  E_corr(MP2) -0.6620902834742
Init E_corr(CCSD) = -0.662090283481978
cycle = 1  E_corr(CCSD) = -0.671044097809533  dE = -0.00895381433  norm(t1,t2) = 0.070846
cycle = 2  E_corr(CCSD) = -0.69089582286705  dE = -0.0198517251  norm(t1,t2) = 0.0243567
cycle = 3  E_corr(CCSD) = -0.692152332263559  dE = -0.0012565094  norm(t1,t2) = 0.011053
cycle = 4  E_corr(CCSD) = -0.694974503537061  dE = -0.00282217127  norm(t1,t2) = 0.00491666
cycle = 5  E_corr(CCSD) = -0.6950861919973  dE = -0.00011168846  norm(t1,t2) = 0.00139901
cycle = 6  E_corr(CCSD) = -0.694880111910407  dE = 0.000206080087  norm(t1,t2) = 0.00049814
cycle = 7  E_corr(CCSD) = -0.694880978055925  dE = -8.66145518e-07  norm(t1,t2) = 0.000236847
cycle = 8  E_corr(CCSD) = -0.694893302864743  dE = -1.23248088e-05  norm(t1,t2) = 9.31637e-05
cycle = 9  E_corr(CCSD) = -0.694887700870492  dE = 5.60199425e-06  norm(t1,t2) = 3.5978e-05
cycle = 10  E_corr(CCSD) = -0.694888839560101  dE = -1.13868961e-06  norm(t1,t2) = 9.562e-06
cycle = 11  E_corr(CCSD) = -0.694888621167757  dE = 2.18392343e-07  norm(t1,t2) = 2.5489e-06
cycle = 12  E_corr(CCSD) = -0.694888621289914  dE = -1.22157062e-10  norm(t1,t2) = 7.8735e-07
CCSD converged
E(CCSD) = -552.0156897670773  E_corr = -0.6948886212899145
CCSD(T) correction = -0.0304234839744003
