------------------------------------------- AFQMC Sampling Started -------------------------------------------
Hostname: gpua016.delta.ncsa.illinois.edu
System Type: Linux
Machine Type: x86_64
Processor: x86_64
Using GPU.
System: Linux
Node Name: gpua016.delta.ncsa.illinois.edu
Release: 5.14.0-427.91.1.el9_4.x86_64
Version: #1 SMP PREEMPT_DYNAMIC Wed Sep 17 10:08:59 EDT 2025
Machine: x86_64
Processor: x86_64
Decomposing Unrestricted T2 amplitudes
Throw 0 vectors in T2 deomposition
SVD cutoff = 1.00e-08 | error = 2.19e-15
number of T2 decomposition vectors 2160
norb: 78
nelec: (18, 18)
n_eql: 120
n_blocks: 1000
n_walkers: 300
dt: 0.005
max_error: 0.0
seed: 17
walker_type: uhf
trial: uccsd_pt2
free_projection: False
use_gpu: True
n_exp_terms: 6
n_prop_steps: 50
save_walkers: False
n_batch: 1
nchol_chunk: 100
mix_precision: True
initial AFQMC/pt2CCSD Energy is -1194.494272
Propagating with 300 walkers
----------------------------------------------- Equilibration ------------------------------------------------
inv_T        weight  killW        energy   runTime
 0.00    300.000000      0  -1193.565640     13.29
 3.00    312.438157      0  -1194.503288     21.87
 6.00    312.553198      0  -1194.512952     24.45
 9.00    313.419704      0  -1194.508173     27.03
12.00    312.116729      0  -1194.512505     29.62
15.00    313.354450      0  -1194.518400     32.20
18.00    313.591111      0  -1194.489958     34.78
21.00    313.653802      0  -1194.519303     37.36
24.00    312.598557      0  -1194.505274     39.94
27.00    314.118142      0  -1194.532132     42.53
30.00    312.717511      0  -1194.510242     45.11
---------------------------------------------- Sampling Blocks -----------------------------------------------
blocks        weight  killW       E_Guide     error       E_Trial     error     olp_T/G     error  Walltime
    20    313.435204      0  -1194.520263  0.007547  -1194.524291  0.002671    1.009432  0.000288   67.43
    40    312.158855      1  -1194.533360  0.009627  -1194.525711  0.001652    1.009967  0.000402   83.74
    60    310.843550      1  -1194.533069  0.007740  -1194.525473  0.001226    1.010423  0.000410  100.01
    80    309.685029      1  -1194.531914  0.005732  -1194.523935  0.001030    1.010345  0.000333  116.28
   100    308.721992      1  -1194.535541  0.005122  -1194.523841  0.000996    1.010492  0.000267  132.56
   120    307.895126      1  -1194.536669  0.004707  -1194.524394  0.000964    1.010526  0.000222  148.84
   140    307.116065      1  -1194.534847  0.004265  -1194.523882  0.000854    1.010632  0.000220  165.11
   160    306.437320      1  -1194.531975  0.004292  -1194.523711  0.000783    1.010648  0.000192  181.38
   180    305.843116      1  -1194.529858  0.004180  -1194.523579  0.000726    1.010644  0.000178  197.67
   200    305.314639      1  -1194.528210  0.003932  -1194.523476  0.000668    1.010586  0.000170  213.95
   220    304.862190      1  -1194.528199  0.003836  -1194.523153  0.000624    1.010490  0.000174  230.23
   240    304.462219      1  -1194.528101  0.003468  -1194.523112  0.000597    1.010537  0.000165  246.51
   260    304.125035      1  -1194.530576  0.004047  -1194.523377  0.000597    1.010540  0.000167  262.80
   280    303.802446      1  -1194.530267  0.003787  -1194.523208  0.000562    1.010503  0.000157  279.08
   300    303.502413      1  -1194.529808  0.003562  -1194.522960  0.000536    1.010578  0.000156  295.36
   320    303.235455      1  -1194.529260  0.003394  -1194.522687  0.000511    1.010575  0.000147  311.63
   340    302.996029      2  -1194.529367  0.003246  -1194.522758  0.000492    1.010528  0.000143  327.91
   360    302.772293      2  -1194.529139  0.003070  -1194.522785  0.000474    1.010576  0.000139  344.18
   380    302.574063      2  -1194.528179  0.003026  -1194.522659  0.000456    1.010619  0.000138  360.46
   400    302.393191      2  -1194.527740  0.002913  -1194.522596  0.000442    1.010591  0.000133  376.74
   420    302.229264      2  -1194.527857  0.002790  -1194.522606  0.000432    1.010577  0.000129  393.02
   440    302.071009      2  -1194.527467  0.002678  -1194.522651  0.000422    1.010606  0.000125  409.30
   460    301.939389      2  -1194.527878  0.002614  -1194.522621  0.000408    1.010599  0.000120  425.57
   480    301.820770      3  -1194.528457  0.002544  -1194.522785  0.000438    1.010592  0.000125  441.86
   500    301.705697      3  -1194.527878  0.002518  -1194.522673  0.000424    1.010567  0.000122  458.13
   520    301.578150      3  -1194.527414  0.002448  -1194.522595  0.000410    1.010557  0.000119  474.41
   540    301.471610      4  -1194.527379  0.002418  -1194.522616  0.000399    1.010634  0.000128  490.68
   560    301.386190      4  -1194.527789  0.002349  -1194.522622  0.000391    1.010634  0.000125  506.97
   580    301.297660      4  -1194.528164  0.002322  -1194.522652  0.000381    1.010603  0.000124  523.24
   600    301.205054      4  -1194.527701  0.002299  -1194.522615  0.000372    1.010635  0.000124  539.52
   620    301.128850      4  -1194.527845  0.002253  -1194.522614  0.000362    1.010660  0.000121  555.80
   640    301.051565      4  -1194.527595  0.002226  -1194.522521  0.000356    1.010700  0.000125  572.08
   660    300.976414      4  -1194.527430  0.002178  -1194.522510  0.000351    1.010707  0.000122  588.35
   680    300.912720      4  -1194.527300  0.002125  -1194.522508  0.000343    1.010738  0.000125  604.63
   700    300.847153      4  -1194.526665  0.002108  -1194.522494  0.000337    1.010725  0.000122  620.93
   720    300.796132      4  -1194.527031  0.002129  -1194.522588  0.000346    1.010711  0.000124  637.21
   740    300.740666      4  -1194.527246  0.002087  -1194.522535  0.000341    1.010731  0.000123  653.48
   760    300.685058      5  -1194.526819  0.002123  -1194.522479  0.000334    1.010709  0.000121  669.76
   780    300.637605      5  -1194.526685  0.002073  -1194.522489  0.000331    1.010693  0.000119  686.05
   800    300.591051      5  -1194.526826  0.002023  -1194.522493  0.000326    1.010681  0.000117  702.32
   820    300.552747      5  -1194.527142  0.002029  -1194.522543  0.000320    1.010688  0.000116  718.60
   840    300.506193      6  -1194.526917  0.001984  -1194.522510  0.000315    1.010703  0.000115  734.88
   860    300.474553      6  -1194.527118  0.001942  -1194.522514  0.000311    1.010729  0.000113  751.15
   880    300.430770      6  -1194.526840  0.001912  -1194.522584  0.000308    1.010731  0.000114  767.44
   900    300.395928      6  -1194.527074  0.001886  -1194.522599  0.000306    1.010739  0.000110  783.71
   920    300.363422      6  -1194.527150  0.001853  -1194.522653  0.000302    1.010737  0.000108  800.00
   940    300.329849      6  -1194.527326  0.001816  -1194.522659  0.000299    1.010745  0.000108  816.27
   960    300.302329      6  -1194.527334  0.001862  -1194.522625  0.000294    1.010742  0.000106  832.55
   980    300.268722      6  -1194.527249  0.001862  -1194.522641  0.000293    1.010737  0.000104  848.83
  1000    300.242991      6  -1194.527279  0.001819  -1194.522610  0.000289    1.010727  0.000101  865.12
---------------------------------------------- Post Propagation ----------------------------------------------
Total number of samples 1000
Raw AFQMC/HF (Guide) energy:           -1194.527279 ± 0.001819
Raw Trial/Guide overlap ratio:          1.010727 ± 0.000101
Raw AFQMC/pt2CCSD energy (covariance): -1194.522610 ± 0.000289
Raw AFQMC/pt2CCSD energy (dir sample): -1194.522610 ± 0.000252
--------------------------------------------- Clean Obeservation ---------------------------------------------
removing energies outside zeta > 30
Outlier energy bound [-1194.709826, -1194.332551]
Removed 0 outliers with energies []
Clean AFQMC/pt2CCSD overlap ratio:        1.010727 ± 0.000101
Clean AFQMC/pt2CCSD energy (covariance): -1194.522610 ± 0.000289
Clean AFQMC/ptCCSD energy (dir sample):  -1194.522610 ± 0.000252
--------------------------------------------- Blocking Analysis ----------------------------------------------
nsample = 1000, max_block_size = 25, min_nblocks = 40
   B    NB    NS  Observable     Error    dError
   1  1000  1000    1.010729  0.000036  0.000001
   2   500  1000    1.010729  0.000048  0.000002
   3   333   999    1.010730  0.000056  0.000002
   4   250  1000    1.010729  0.000062  0.000003
   5   200  1000    1.010729  0.000066  0.000003
   6   166   996    1.010734  0.000070  0.000004
   7   142   994    1.010734  0.000075  0.000004
   8   125  1000    1.010729  0.000077  0.000005
   9   111   999    1.010729  0.000081  0.000005
  10   100  1000    1.010729  0.000083  0.000006
  11    90   990    1.010735  0.000083  0.000006
  12    83   996    1.010734  0.000088  0.000007
  13    76   988    1.010737  0.000091  0.000007
  14    71   994    1.010734  0.000089  0.000008
  15    66   990    1.010735  0.000093  0.000008
  16    62   992    1.010734  0.000093  0.000008
  17    58   986    1.010738  0.000094  0.000009
  18    55   990    1.010735  0.000101  0.000010
  19    52   988    1.010737  0.000095  0.000009
  20    50  1000    1.010729  0.000098  0.000010
  21    47   987    1.010738  0.000099  0.000010
  22    45   990    1.010735  0.000096  0.000010
  23    43   989    1.010737  0.000101  0.000011
  24    41   984    1.010738  0.000098  0.000011
  25    40  1000    1.010729  0.000099  0.000011
Fit (variance): plateau_var = 1.066e-08 ± 1.084e-09
Fit (error):    plateau = 0.000103 ± 0.000005
     autocorrelation length ~ 9.7 blocks
     plateau reached at block size ~ 45
     !!!Failed to reach plateau in blocking
     Return max block error
nclean = 1000, max_block_size = 25, min_nblocks = 40
Blk_SZ   NBlk   NSmp      Energy     Error    dError
     1   1000   1000  -1194.522315  0.000252  0.000006
     2    500   1000  -1194.522387  0.000273  0.000009
     3    333    999  -1194.522427  0.000283  0.000011
     4    250   1000  -1194.522444  0.000287  0.000013
     5    200   1000  -1194.522460  0.000315  0.000016
     6    166    996  -1194.522482  0.000297  0.000016
     7    142    994  -1194.522490  0.000304  0.000018
     8    125   1000  -1194.522496  0.000314  0.000020
     9    111    999  -1194.522516  0.000309  0.000021
    10    100   1000  -1194.522504  0.000310  0.000022
    11     90    990  -1194.522551  0.000304  0.000023
    12     83    996  -1194.522532  0.000288  0.000022
    13     76    988  -1194.522571  0.000291  0.000024
    14     71    994  -1194.522549  0.000310  0.000026
    15     66    990  -1194.522570  0.000326  0.000029
    16     62    992  -1194.522560  0.000301  0.000027
    17     58    986  -1194.522591  0.000313  0.000029
    18     55    990  -1194.522576  0.000303  0.000029
    19     52    988  -1194.522585  0.000303  0.000030
    20     50   1000  -1194.522556  0.000294  0.000030
    21     47    987  -1194.522598  0.000294  0.000031
    22     45    990  -1194.522583  0.000268  0.000029
    23     43    989  -1194.522591  0.000312  0.000034
    24     41    984  -1194.522612  0.000316  0.000035
    25     40   1000  -1194.522558  0.000299  0.000034
Fit (variance): plateau_var = 9.194125e-08 ± 3.696040e-09
Fit (error):    plateau = 0.000303 ± 0.000006
     autocorrelation length ~ 2.0 blocks
     plateau reached at block size ~ 8
Final AFQMC/pt2CCSD overlap ratio: 1.010727 ± 0.000101
Final AFQMC/pt2CCSD energy: -1194.522610 ± 0.000303
Total run time: 874.62
------------------------------------------ AFQMC Sampling Finished -------------------------------------------
