#INFO: **** input file is /projects/yizh8382/projects/w4_17/w4-17_all/pyscf_input/run_pyscf.py ****
import os
import glob
import numpy as np
from pyscf import gto, scf, cc

basis = "ccpvtz"
xyz_dir = "../w4_17_xyz/open_shell"
results_file = f"../result/open_shell_rhf_{basis}.dat"
out_dir = "../result/molout/open_shell"
os.makedirs(out_dir, exist_ok=True)

# Set to a list of molecule names to run only those, e.g. ["acetaldehyde", "benzene"]
# Set to None to run all molecules in xyz_dir
select_molecules = None
# select_molecules = ["bn3pi","b2", "cf"]
symmetry = False

all_xyz = sorted(glob.glob(os.path.join(xyz_dir, "*.xyz")))
if select_molecules is not None:
    select_set = set(select_molecules)
    xyz_files = [p for p in all_xyz if os.path.splitext(os.path.basename(p))[0] in select_set]
    missing = select_set - {os.path.splitext(os.path.basename(p))[0] for p in xyz_files}
    if missing:
        print(f"Warning: no .xyz file found for: {', '.join(sorted(missing))} in {xyz_dir}")
else:
    xyz_files = all_xyz

with open(results_file, "w") as out:
    out.write(f"{'Molecule':<16s} {'Charge':>6s} {'2S':>6s} {'frozen':>6s} "
              f"{'E_RHF (Eh)':>20s} {'E_CCSD (Eh)':>20s} {'E_CCSD(T) (Eh)':>20s}\n")
    out.write("-" * 100 + "\n")

for xyz_path in xyz_files:
    with open(xyz_path, "r") as f:
        lines = f.readlines()

    # Parse charge and multiplicity from second line: "name charge=X mult=Y"
    second_line = lines[1]
    charge = int(second_line.split("charge=")[1].split()[0])
    mult   = int(second_line.split("mult=")[1].split()[0])
    spin   = mult - 1   # PySCF spin input is 2S = mult - 1
    mol_name = second_line.split()[0]

    # Coordinates only (skip the atom count and comment lines)
    atoms = "".join(lines[2:])

    print(f"\n{'='*60}")
    print(f"Running: {mol_name}  charge={charge}  spin={spin}")
    print(f"{'='*60}")

    mol = gto.M(
        atom=atoms,
        basis=basis,
        verbose=4,
        output=os.path.join(out_dir, f"{mol_name}_{basis}.out"),
        unit="angstrom",
        symmetry=symmetry,
        charge=charge,
        spin=spin,
        max_memory=40000,
    )

    mf = scf.RHF(mol)
    mf.max_cycle = 200
    mf = mf.newton()
    mf.kernel()

    # Stability check loop — at most 10 attempts
    max_stability_cycles = 10
    stable = False
    for stability_iter in range(max_stability_cycles):
        mo_i, _, stable, _ = mf.stability(return_status=True)
        if stable:
            break
        dm = mf.make_rdm1(mo_i, mf.mo_occ)
        mf.kernel(dm0=dm)

    if not stable or not mf.converged:
        print(f"  !! SCF did not converge for {mol_name} — skipping.")
        with open(results_file, "a") as out:
            out.write(f"{mol_name:<16s} {charge:>6d} {spin:>6d} {'N/A':>6s} "
                      f"{'UNCONVERGED':>20s} {'UNCONVERGED':>20s} {'UNCONVERGED':>20s}\n")
        continue

    energy = mf.e_tot

    mycc = cc.CCSD(mf)
    mycc.set_frozen()
    mycc.kernel()
    e_ccsd = mycc.e_tot
    et = mycc.ccsd_t()
    e_ccsdt = e_ccsd + et
    frozen = mycc.frozen

    with open(results_file, "a") as out:
        out.write(f"{mol_name:<16s} {charge:>6d} {spin:>6d} {frozen:>6d} "
                  f"{energy:>20.10f} {e_ccsd:>20.10f} {e_ccsdt:>20.10f}\n")

    print(f"  => E_RHF({mol_name})     = {energy:.10f} Eh")
    print(f"  => E_CCSD({mol_name})    = {e_ccsd:.10f} Eh")
    print(f"  => E_CCSD(T)({mol_name}) = {e_ccsdt:.10f} Eh")

print(f"\nAll calculations complete. Results saved to {results_file}")
#INFO: ******************** input file end ********************


System: uname_result(system='Linux', node='bnode0303.rc.int.colorado.edu', release='4.18.0-477.27.1.el8_8.x86_64', version='#1 SMP Thu Aug 31 10:29:22 EDT 2023', machine='x86_64')  Threads 28
Python 3.10.2 | packaged by conda-forge | (main, Mar  8 2022, 15:52:01) [GCC 9.4.0]
numpy 2.0.2  scipy 1.14.1  h5py 3.12.1
Date: Tue May 12 11:29:31 2026
PySCF version 2.9.0
PySCF path  /projects/yizh8382/tools/lno_pyscf_gcc
GIT HEAD (branch master) 142756584ed3963728cc1f6823286f4605811a6c

[ENV] PYSCF_TMPDIR /scratch/alpine/yizh8382/pyscf
[ENV] PYSCF_EXT_PATH /home/yizh8382/tools/pyscf-forge
[CONFIG] conf_file None
[INPUT] verbose = 4
[INPUT] num. atoms = 2
[INPUT] num. electrons = 10
[INPUT] charge = 0
[INPUT] spin (= nelec alpha-beta = 2S) = 2
[INPUT] symmetry False subgroup None
[INPUT] Mole.unit = angstrom
[INPUT] Symbol           X                Y                Z      unit          X                Y                Z       unit  Magmom
[INPUT]  1 B      0.000000000000   0.000000000000   0.793777000000 AA    0.000000000000   0.000000000000   1.500021133979 Bohr   0.0
[INPUT]  2 B      0.000000000000   0.000000000000  -0.793777000000 AA    0.000000000000   0.000000000000  -1.500021133979 Bohr   0.0

nuclear repulsion = 8.33321592399377
number of shells = 18
number of NR pGTOs = 84
number of NR cGTOs = 60
basis = ccpvtz
ecp = {}
CPU time:      2794.21




******** <class 'pyscf.soscf.newton_ah.SecondOrderROHF'> ********
method = SecondOrderROHF
initial guess = minao
damping factor = 0
level_shift factor = 0
DIIS = <class 'pyscf.scf.diis.CDIIS'>
diis_start_cycle = 1
diis_space = 8
diis_damp = 0
SCF conv_tol = 1e-09
SCF conv_tol_grad = None
SCF max_cycles = 200
direct_scf = True
direct_scf_tol = 1e-13
chkfile to save SCF result = /scratch/alpine/yizh8382/pyscf/tmpny0iuss4
max_memory 40000 MB (current use 1608 MB)
num. doubly occ = 4  num. singly occ = 2
******** <class 'pyscf.scf.rohf.ROHF'> Newton solver flags ********
SCF tol = 1e-09
conv_tol_grad = None
max. SCF cycles = 200
direct_scf = True
direct_scf_tol = 1e-13
chkfile to save SCF result = /scratch/alpine/yizh8382/pyscf/tmpny0iuss4
max_cycle_inner = 12
max_stepsize = 0.05
ah_start_tol = 1e+09
ah_level_shift = 0
ah_conv_tol = 1e-12
ah_lindep = 1e-14
ah_start_cycle = 1
ah_max_cycle = 40
ah_grad_trust_region = 2.5
kf_interval = 4
kf_trust_region = 5
canonicalization = True
max_memory 40000 MB (current use 1608 MB)
Set conv_tol_grad to 3.16228e-05
  HOMO = -0.0845965854550413  LUMO = -0.0453508403056726
Initial guess E= -49.0612098726938  |g|= 0.160754
macro= 0  E= -49.0884692714825  delta_E= -0.0272594  |g|= 0.0109026  3 KF 9 JK
macro= 1  E= -49.0884693608929  delta_E= -8.94104e-08  |g|= 1.46457e-05  2 KF 6 JK
macro= 2  E= -49.0884693608929  delta_E= -2.84217e-14  |g|= 2.2457e-06  1 KF 2 JK
Canonicalize SCF orbitals
macro X = 3  E=-49.0884693608929  |g|= 2.2457e-06  total 7 KF 21 JK
converged SCF energy = -49.0884693608929
rohf_internal: lowest eigs of H = [-0.02737502 -0.02737134  0.13328378]
<class 'pyscf.soscf.newton_ah.SecondOrderROHF'> wavefunction has an internal instability




******** <class 'pyscf.soscf.newton_ah.SecondOrderROHF'> ********
method = SecondOrderROHF
initial guess = minao
damping factor = 0
level_shift factor = 0
DIIS = <class 'pyscf.scf.diis.CDIIS'>
diis_start_cycle = 1
diis_space = 8
diis_damp = 0
SCF conv_tol = 1e-09
SCF conv_tol_grad = None
SCF max_cycles = 200
direct_scf = True
direct_scf_tol = 1e-13
chkfile to save SCF result = /scratch/alpine/yizh8382/pyscf/tmpny0iuss4
max_memory 40000 MB (current use 1625 MB)
num. doubly occ = 4  num. singly occ = 2
******** <class 'pyscf.scf.rohf.ROHF'> Newton solver flags ********
SCF tol = 1e-09
conv_tol_grad = None
max. SCF cycles = 200
direct_scf = True
direct_scf_tol = 1e-13
chkfile to save SCF result = /scratch/alpine/yizh8382/pyscf/tmpny0iuss4
max_cycle_inner = 12
max_stepsize = 0.05
ah_start_tol = 1e+09
ah_level_shift = 0
ah_conv_tol = 1e-12
ah_lindep = 1e-14
ah_start_cycle = 1
ah_max_cycle = 40
ah_grad_trust_region = 2.5
kf_interval = 4
kf_trust_region = 5
canonicalization = True
max_memory 40000 MB (current use 1625 MB)
Set conv_tol_grad to 3.16228e-05
  HOMO = -0.162934974388362  LUMO = -0.0251086517607252
Initial guess E= -49.0975808465237  |g|= 0.0177745
macro= 0  E= -49.1010307551457  delta_E= -0.00344991  |g|= 0.010582  3 KF 15 JK
macro= 1  E= -49.101141437424  delta_E= -0.000110682  |g|= 3.21969e-05  3 KF 11 JK
macro= 2  E= -49.1011414374262  delta_E= -2.25242e-12  |g|= 1.1268e-05  1 KF 2 JK
Canonicalize SCF orbitals
macro X = 3  E=-49.1011414374262  |g|= 1.1268e-05  total 8 KF 32 JK
converged SCF energy = -49.1011414374262
rohf_internal: lowest eigs of H = [-6.73168364e-02  4.18674617e-06  2.42748547e-02]
<class 'pyscf.soscf.newton_ah.SecondOrderROHF'> wavefunction has an internal instability




******** <class 'pyscf.soscf.newton_ah.SecondOrderROHF'> ********
method = SecondOrderROHF
initial guess = minao
damping factor = 0
level_shift factor = 0
DIIS = <class 'pyscf.scf.diis.CDIIS'>
diis_start_cycle = 1
diis_space = 8
diis_damp = 0
SCF conv_tol = 1e-09
SCF conv_tol_grad = None
SCF max_cycles = 200
direct_scf = True
direct_scf_tol = 1e-13
chkfile to save SCF result = /scratch/alpine/yizh8382/pyscf/tmpny0iuss4
max_memory 40000 MB (current use 1625 MB)
num. doubly occ = 4  num. singly occ = 2
******** <class 'pyscf.scf.rohf.ROHF'> Newton solver flags ********
SCF tol = 1e-09
conv_tol_grad = None
max. SCF cycles = 200
direct_scf = True
direct_scf_tol = 1e-13
chkfile to save SCF result = /scratch/alpine/yizh8382/pyscf/tmpny0iuss4
max_cycle_inner = 12
max_stepsize = 0.05
ah_start_tol = 1e+09
ah_level_shift = 0
ah_conv_tol = 1e-12
ah_lindep = 1e-14
ah_start_cycle = 1
ah_max_cycle = 40
ah_grad_trust_region = 2.5
kf_interval = 4
kf_trust_region = 5
canonicalization = True
max_memory 40000 MB (current use 1625 MB)
Set conv_tol_grad to 3.16228e-05
  HOMO = -0.130125114187657  LUMO = -0.0218972424252166
Initial guess E= -49.1049738587073  |g|= 0.0579739
macro= 0  E= -49.107669938719  delta_E= -0.00269608  |g|= 8.76897e-05  4 KF 16 JK
macro= 1  E= -49.1076699392368  delta_E= -5.17822e-10  |g|= 1.92773e-05  1 KF 3 JK
Canonicalize SCF orbitals
macro X = 2  E=-49.1076699392368  |g|= 1.92773e-05  total 6 KF 22 JK
converged SCF energy = -49.1076699392368
rohf_internal: lowest eigs of H = [9.09923580e-07 2.48945416e-02 1.30029666e-01]
<class 'pyscf.soscf.newton_ah.SecondOrderROHF'> wavefunction is stable in the internal stability analysis

WARN: RCCSD method does not support ROHF method. ROHF object is converted to UHF object and UCCSD method is called.


******** <class 'pyscf.cc.uccsd.UCCSD'> ********
CC2 = 0
CCSD nocc = (4, 2), nmo = (58, 58)
frozen orbitals 2
max_cycle = 50
direct = 0
conv_tol = 1e-07
conv_tol_normt = 1e-06
diis_space = 6
diis_start_cycle = 0
diis_start_energy_diff = 1e+09
max_memory 40000 MB (current use 796 MB)
Init t2, MP2 energy = -0.107981151111315
Init E_corr(UCCSD) = -0.109823389932322
cycle = 1  E_corr(UCCSD) = -0.129868378700005  dE = -0.0200449888  norm(t1,t2) = 0.0921841
cycle = 2  E_corr(UCCSD) = -0.137695362210487  dE = -0.00782698351  norm(t1,t2) = 0.0557308
cycle = 3  E_corr(UCCSD) = -0.144138936595691  dE = -0.00644357439  norm(t1,t2) = 0.0471659
cycle = 4  E_corr(UCCSD) = -0.15048333670235  dE = -0.00634440011  norm(t1,t2) = 0.0320206
cycle = 5  E_corr(UCCSD) = -0.151968033749734  dE = -0.00148469705  norm(t1,t2) = 0.0235605
cycle = 6  E_corr(UCCSD) = -0.154081008092833  dE = -0.00211297434  norm(t1,t2) = 0.0106889
cycle = 7  E_corr(UCCSD) = -0.153264483322296  dE = 0.000816524771  norm(t1,t2) = 0.00377787
cycle = 8  E_corr(UCCSD) = -0.153895861106275  dE = -0.000631377784  norm(t1,t2) = 0.00252906
cycle = 9  E_corr(UCCSD) = -0.153794355725996  dE = 0.00010150538  norm(t1,t2) = 0.00130153
cycle = 10  E_corr(UCCSD) = -0.153816403053781  dE = -2.20473278e-05  norm(t1,t2) = 0.000760046
cycle = 11  E_corr(UCCSD) = -0.153804943645099  dE = 1.14594087e-05  norm(t1,t2) = 0.000399997
cycle = 12  E_corr(UCCSD) = -0.153815974400441  dE = -1.10307553e-05  norm(t1,t2) = 0.000199784
cycle = 13  E_corr(UCCSD) = -0.153812815794469  dE = 3.15860597e-06  norm(t1,t2) = 9.64277e-05
cycle = 14  E_corr(UCCSD) = -0.153813244617759  dE = -4.2882329e-07  norm(t1,t2) = 5.50455e-05
cycle = 15  E_corr(UCCSD) = -0.153813871629229  dE = -6.2701147e-07  norm(t1,t2) = 4.33198e-05
cycle = 16  E_corr(UCCSD) = -0.153813929000239  dE = -5.73710106e-08  norm(t1,t2) = 4.19639e-05
cycle = 17  E_corr(UCCSD) = -0.153813891677684  dE = 3.73225553e-08  norm(t1,t2) = 4.29485e-05
cycle = 18  E_corr(UCCSD) = -0.153813903650465  dE = -1.19727809e-08  norm(t1,t2) = 3.65731e-05
cycle = 19  E_corr(UCCSD) = -0.153813393533097  dE = 5.10117368e-07  norm(t1,t2) = 2.8107e-05
cycle = 20  E_corr(UCCSD) = -0.153813140616242  dE = 2.52916854e-07  norm(t1,t2) = 2.11355e-05
cycle = 21  E_corr(UCCSD) = -0.153813666549854  dE = -5.25933612e-07  norm(t1,t2) = 1.36146e-05
cycle = 22  E_corr(UCCSD) = -0.153814478380806  dE = -8.11830951e-07  norm(t1,t2) = 8.3465e-06
cycle = 23  E_corr(UCCSD) = -0.153814721138031  dE = -2.42757225e-07  norm(t1,t2) = 4.72757e-06
cycle = 24  E_corr(UCCSD) = -0.153814599802214  dE = 1.21335817e-07  norm(t1,t2) = 3.08029e-06
cycle = 25  E_corr(UCCSD) = -0.153814385609385  dE = 2.14192829e-07  norm(t1,t2) = 1.83573e-06
cycle = 26  E_corr(UCCSD) = -0.153814269578404  dE = 1.16030981e-07  norm(t1,t2) = 1.10583e-06
cycle = 27  E_corr(UCCSD) = -0.153814227107623  dE = 4.24707813e-08  norm(t1,t2) = 8.33739e-07
UCCSD converged
E(UCCSD) = -49.26148416634442  E_corr = -0.1538142271076226
UCCSD(T) correction = -0.00967898668574205
