#INFO: **** input file is /projects/yizh8382/projects/w4_17/w4-17_all/pyscf_input/run_pyscf.py ****
import os
import glob
import numpy as np
from pyscf import gto, scf, cc

basis = "ccpvtz"
xyz_dir = "../w4_17_xyz/open_shell"
results_file = f"../result/open_shell_rhf_{basis}.dat"
out_dir = "../result/molout/open_shell"
os.makedirs(out_dir, exist_ok=True)

# Set to a list of molecule names to run only those, e.g. ["acetaldehyde", "benzene"]
# Set to None to run all molecules in xyz_dir
select_molecules = None
# select_molecules = ["bn3pi","b2", "cf"]
symmetry = False

all_xyz = sorted(glob.glob(os.path.join(xyz_dir, "*.xyz")))
if select_molecules is not None:
    select_set = set(select_molecules)
    xyz_files = [p for p in all_xyz if os.path.splitext(os.path.basename(p))[0] in select_set]
    missing = select_set - {os.path.splitext(os.path.basename(p))[0] for p in xyz_files}
    if missing:
        print(f"Warning: no .xyz file found for: {', '.join(sorted(missing))} in {xyz_dir}")
else:
    xyz_files = all_xyz

with open(results_file, "w") as out:
    out.write(f"{'Molecule':<16s} {'Charge':>6s} {'2S':>6s} {'frozen':>6s} "
              f"{'E_RHF (Eh)':>20s} {'E_CCSD (Eh)':>20s} {'E_CCSD(T) (Eh)':>20s}\n")
    out.write("-" * 100 + "\n")

for xyz_path in xyz_files:
    with open(xyz_path, "r") as f:
        lines = f.readlines()

    # Parse charge and multiplicity from second line: "name charge=X mult=Y"
    second_line = lines[1]
    charge = int(second_line.split("charge=")[1].split()[0])
    mult   = int(second_line.split("mult=")[1].split()[0])
    spin   = mult - 1   # PySCF spin input is 2S = mult - 1
    mol_name = second_line.split()[0]

    # Coordinates only (skip the atom count and comment lines)
    atoms = "".join(lines[2:])

    print(f"\n{'='*60}")
    print(f"Running: {mol_name}  charge={charge}  spin={spin}")
    print(f"{'='*60}")

    mol = gto.M(
        atom=atoms,
        basis=basis,
        verbose=4,
        output=os.path.join(out_dir, f"{mol_name}_{basis}.out"),
        unit="angstrom",
        symmetry=symmetry,
        charge=charge,
        spin=spin,
        max_memory=40000,
    )

    mf = scf.RHF(mol)
    mf.max_cycle = 200
    mf = mf.newton()
    mf.kernel()

    # Stability check loop — at most 10 attempts
    max_stability_cycles = 10
    stable = False
    for stability_iter in range(max_stability_cycles):
        mo_i, _, stable, _ = mf.stability(return_status=True)
        if stable:
            break
        dm = mf.make_rdm1(mo_i, mf.mo_occ)
        mf.kernel(dm0=dm)

    if not stable or not mf.converged:
        print(f"  !! SCF did not converge for {mol_name} — skipping.")
        with open(results_file, "a") as out:
            out.write(f"{mol_name:<16s} {charge:>6d} {spin:>6d} {'N/A':>6s} "
                      f"{'UNCONVERGED':>20s} {'UNCONVERGED':>20s} {'UNCONVERGED':>20s}\n")
        continue

    energy = mf.e_tot

    mycc = cc.CCSD(mf)
    mycc.set_frozen()
    mycc.kernel()
    e_ccsd = mycc.e_tot
    et = mycc.ccsd_t()
    e_ccsdt = e_ccsd + et
    frozen = mycc.frozen

    with open(results_file, "a") as out:
        out.write(f"{mol_name:<16s} {charge:>6d} {spin:>6d} {frozen:>6d} "
                  f"{energy:>20.10f} {e_ccsd:>20.10f} {e_ccsdt:>20.10f}\n")

    print(f"  => E_RHF({mol_name})     = {energy:.10f} Eh")
    print(f"  => E_CCSD({mol_name})    = {e_ccsd:.10f} Eh")
    print(f"  => E_CCSD(T)({mol_name}) = {e_ccsdt:.10f} Eh")

print(f"\nAll calculations complete. Results saved to {results_file}")
#INFO: ******************** input file end ********************


System: uname_result(system='Linux', node='bnode0303.rc.int.colorado.edu', release='4.18.0-477.27.1.el8_8.x86_64', version='#1 SMP Thu Aug 31 10:29:22 EDT 2023', machine='x86_64')  Threads 28
Python 3.10.2 | packaged by conda-forge | (main, Mar  8 2022, 15:52:01) [GCC 9.4.0]
numpy 2.0.2  scipy 1.14.1  h5py 3.12.1
Date: Tue May 12 11:29:38 2026
PySCF version 2.9.0
PySCF path  /projects/yizh8382/tools/lno_pyscf_gcc
GIT HEAD (branch master) 142756584ed3963728cc1f6823286f4605811a6c

[ENV] PYSCF_TMPDIR /scratch/alpine/yizh8382/pyscf
[ENV] PYSCF_EXT_PATH /home/yizh8382/tools/pyscf-forge
[CONFIG] conf_file None
[INPUT] verbose = 4
[INPUT] num. atoms = 2
[INPUT] num. electrons = 12
[INPUT] charge = 0
[INPUT] spin (= nelec alpha-beta = 2S) = 2
[INPUT] symmetry False subgroup None
[INPUT] Mole.unit = angstrom
[INPUT] Symbol           X                Y                Z      unit          X                Y                Z       unit  Magmom
[INPUT]  1 B      0.000000000000   0.000000000000  -0.775950000000 AA    0.000000000000   0.000000000000  -1.466332986356 Bohr   0.0
[INPUT]  2 N      0.000000000000   0.000000000000   0.554250000000 AA    0.000000000000   0.000000000000   1.047380704540 Bohr   0.0

nuclear repulsion = 13.9236222990528
number of shells = 18
number of NR pGTOs = 84
number of NR cGTOs = 60
basis = ccpvtz
ecp = {}
CPU time:      2988.93




******** <class 'pyscf.soscf.newton_ah.SecondOrderROHF'> ********
method = SecondOrderROHF
initial guess = minao
damping factor = 0
level_shift factor = 0
DIIS = <class 'pyscf.scf.diis.CDIIS'>
diis_start_cycle = 1
diis_space = 8
diis_damp = 0
SCF conv_tol = 1e-09
SCF conv_tol_grad = None
SCF max_cycles = 200
direct_scf = True
direct_scf_tol = 1e-13
chkfile to save SCF result = /scratch/alpine/yizh8382/pyscf/tmppf6cjs18
max_memory 40000 MB (current use 814 MB)
num. doubly occ = 5  num. singly occ = 2
******** <class 'pyscf.scf.rohf.ROHF'> Newton solver flags ********
SCF tol = 1e-09
conv_tol_grad = None
max. SCF cycles = 200
direct_scf = True
direct_scf_tol = 1e-13
chkfile to save SCF result = /scratch/alpine/yizh8382/pyscf/tmppf6cjs18
max_cycle_inner = 12
max_stepsize = 0.05
ah_start_tol = 1e+09
ah_level_shift = 0
ah_conv_tol = 1e-12
ah_lindep = 1e-14
ah_start_cycle = 1
ah_max_cycle = 40
ah_grad_trust_region = 2.5
kf_interval = 4
kf_trust_region = 5
canonicalization = True
max_memory 40000 MB (current use 814 MB)
Set conv_tol_grad to 3.16228e-05
  HOMO = -0.183971008715251  LUMO = 0.104777001699123
Initial guess E= -78.9601715217207  |g|= 0.227638
macro= 0  E= -78.9990358819164  delta_E= -0.0388644  |g|= 0.055845  3 KF 15 JK
macro= 1  E= -79.0094969019751  delta_E= -0.010461  |g|= 0.0169754  3 KF 9 JK
macro= 2  E= -79.0095220710981  delta_E= -2.51691e-05  |g|= 3.27281e-05  3 KF 11 JK
macro= 3  E= -79.0095220710981  delta_E= 4.26326e-14  |g|= 8.72628e-06  1 KF 2 JK
Canonicalize SCF orbitals
macro X = 4  E=-79.0095220710981  |g|= 8.72628e-06  total 11 KF 42 JK
converged SCF energy = -79.0095220710981
rohf_internal: lowest eigs of H = [-0.00023433  0.14018853  0.21396878]
<class 'pyscf.soscf.newton_ah.SecondOrderROHF'> wavefunction has an internal instability




******** <class 'pyscf.soscf.newton_ah.SecondOrderROHF'> ********
method = SecondOrderROHF
initial guess = minao
damping factor = 0
level_shift factor = 0
DIIS = <class 'pyscf.scf.diis.CDIIS'>
diis_start_cycle = 1
diis_space = 8
diis_damp = 0
SCF conv_tol = 1e-09
SCF conv_tol_grad = None
SCF max_cycles = 200
direct_scf = True
direct_scf_tol = 1e-13
chkfile to save SCF result = /scratch/alpine/yizh8382/pyscf/tmppf6cjs18
max_memory 40000 MB (current use 820 MB)
num. doubly occ = 5  num. singly occ = 2
******** <class 'pyscf.scf.rohf.ROHF'> Newton solver flags ********
SCF tol = 1e-09
conv_tol_grad = None
max. SCF cycles = 200
direct_scf = True
direct_scf_tol = 1e-13
chkfile to save SCF result = /scratch/alpine/yizh8382/pyscf/tmppf6cjs18
max_cycle_inner = 12
max_stepsize = 0.05
ah_start_tol = 1e+09
ah_level_shift = 0
ah_conv_tol = 1e-12
ah_lindep = 1e-14
ah_start_cycle = 1
ah_max_cycle = 40
ah_grad_trust_region = 2.5
kf_interval = 4
kf_trust_region = 5
canonicalization = True
max_memory 40000 MB (current use 820 MB)
Set conv_tol_grad to 3.16228e-05
  HOMO = -0.225543131331332  LUMO = 0.126071888225491
Initial guess E= -79.0092931444693  |g|= 0.0134382
macro= 0  E= -79.0095220710773  delta_E= -0.000228927  |g|= 8.1338e-05  3 KF 12 JK
macro= 1  E= -79.0095220710774  delta_E= -8.52651e-14  |g|= 1.03612e-05  1 KF 2 JK
Canonicalize SCF orbitals
macro X = 2  E=-79.0095220710774  |g|= 1.03612e-05  total 5 KF 17 JK
converged SCF energy = -79.0095220710774
rohf_internal: lowest eigs of H = [-0.00023481  0.14021926  0.21396059]
<class 'pyscf.soscf.newton_ah.SecondOrderROHF'> wavefunction has an internal instability




******** <class 'pyscf.soscf.newton_ah.SecondOrderROHF'> ********
method = SecondOrderROHF
initial guess = minao
damping factor = 0
level_shift factor = 0
DIIS = <class 'pyscf.scf.diis.CDIIS'>
diis_start_cycle = 1
diis_space = 8
diis_damp = 0
SCF conv_tol = 1e-09
SCF conv_tol_grad = None
SCF max_cycles = 200
direct_scf = True
direct_scf_tol = 1e-13
chkfile to save SCF result = /scratch/alpine/yizh8382/pyscf/tmppf6cjs18
max_memory 40000 MB (current use 820 MB)
num. doubly occ = 5  num. singly occ = 2
******** <class 'pyscf.scf.rohf.ROHF'> Newton solver flags ********
SCF tol = 1e-09
conv_tol_grad = None
max. SCF cycles = 200
direct_scf = True
direct_scf_tol = 1e-13
chkfile to save SCF result = /scratch/alpine/yizh8382/pyscf/tmppf6cjs18
max_cycle_inner = 12
max_stepsize = 0.05
ah_start_tol = 1e+09
ah_level_shift = 0
ah_conv_tol = 1e-12
ah_lindep = 1e-14
ah_start_cycle = 1
ah_max_cycle = 40
ah_grad_trust_region = 2.5
kf_interval = 4
kf_trust_region = 5
canonicalization = True
max_memory 40000 MB (current use 820 MB)
Set conv_tol_grad to 3.16228e-05
  HOMO = -0.225665102951383  LUMO = 0.126075139639684
Initial guess E= -79.0092967269947  |g|= 0.0136152
macro= 0  E= -79.0095220710772  delta_E= -0.000225344  |g|= 8.17007e-05  3 KF 12 JK
macro= 1  E= -79.0095220710773  delta_E= -9.9476e-14  |g|= 1.0994e-05  1 KF 2 JK
Canonicalize SCF orbitals
macro X = 2  E=-79.0095220710773  |g|= 1.0994e-05  total 5 KF 17 JK
converged SCF energy = -79.0095220710773
rohf_internal: lowest eigs of H = [-0.00023454  0.14019088  0.21397607]
<class 'pyscf.soscf.newton_ah.SecondOrderROHF'> wavefunction has an internal instability




******** <class 'pyscf.soscf.newton_ah.SecondOrderROHF'> ********
method = SecondOrderROHF
initial guess = minao
damping factor = 0
level_shift factor = 0
DIIS = <class 'pyscf.scf.diis.CDIIS'>
diis_start_cycle = 1
diis_space = 8
diis_damp = 0
SCF conv_tol = 1e-09
SCF conv_tol_grad = None
SCF max_cycles = 200
direct_scf = True
direct_scf_tol = 1e-13
chkfile to save SCF result = /scratch/alpine/yizh8382/pyscf/tmppf6cjs18
max_memory 40000 MB (current use 820 MB)
num. doubly occ = 5  num. singly occ = 2
******** <class 'pyscf.scf.rohf.ROHF'> Newton solver flags ********
SCF tol = 1e-09
conv_tol_grad = None
max. SCF cycles = 200
direct_scf = True
direct_scf_tol = 1e-13
chkfile to save SCF result = /scratch/alpine/yizh8382/pyscf/tmppf6cjs18
max_cycle_inner = 12
max_stepsize = 0.05
ah_start_tol = 1e+09
ah_level_shift = 0
ah_conv_tol = 1e-12
ah_lindep = 1e-14
ah_start_cycle = 1
ah_max_cycle = 40
ah_grad_trust_region = 2.5
kf_interval = 4
kf_trust_region = 5
canonicalization = True
max_memory 40000 MB (current use 820 MB)
Set conv_tol_grad to 3.16228e-05
  HOMO = -0.225568913438588  LUMO = 0.126076939254743
Initial guess E= -79.0092984187769  |g|= 0.0135377
macro= 0  E= -79.0095220710769  delta_E= -0.000223652  |g|= 8.21379e-05  3 KF 12 JK
macro= 1  E= -79.0095220710769  delta_E= 4.26326e-14  |g|= 1.0935e-05  1 KF 2 JK
Canonicalize SCF orbitals
macro X = 2  E=-79.0095220710769  |g|= 1.0935e-05  total 5 KF 17 JK
converged SCF energy = -79.0095220710769
rohf_internal: lowest eigs of H = [-0.00023455  0.14021471  0.21396708]
<class 'pyscf.soscf.newton_ah.SecondOrderROHF'> wavefunction has an internal instability




******** <class 'pyscf.soscf.newton_ah.SecondOrderROHF'> ********
method = SecondOrderROHF
initial guess = minao
damping factor = 0
level_shift factor = 0
DIIS = <class 'pyscf.scf.diis.CDIIS'>
diis_start_cycle = 1
diis_space = 8
diis_damp = 0
SCF conv_tol = 1e-09
SCF conv_tol_grad = None
SCF max_cycles = 200
direct_scf = True
direct_scf_tol = 1e-13
chkfile to save SCF result = /scratch/alpine/yizh8382/pyscf/tmppf6cjs18
max_memory 40000 MB (current use 820 MB)
num. doubly occ = 5  num. singly occ = 2
******** <class 'pyscf.scf.rohf.ROHF'> Newton solver flags ********
SCF tol = 1e-09
conv_tol_grad = None
max. SCF cycles = 200
direct_scf = True
direct_scf_tol = 1e-13
chkfile to save SCF result = /scratch/alpine/yizh8382/pyscf/tmppf6cjs18
max_cycle_inner = 12
max_stepsize = 0.05
ah_start_tol = 1e+09
ah_level_shift = 0
ah_conv_tol = 1e-12
ah_lindep = 1e-14
ah_start_cycle = 1
ah_max_cycle = 40
ah_grad_trust_region = 2.5
kf_interval = 4
kf_trust_region = 5
canonicalization = True
max_memory 40000 MB (current use 820 MB)
Set conv_tol_grad to 3.16228e-05
  HOMO = -0.225500682613533  LUMO = 0.126091836019326
Initial guess E= -79.0092988978241  |g|= 0.0134141
macro= 0  E= -79.0095220710816  delta_E= -0.000223173  |g|= 8.19547e-05  3 KF 12 JK
macro= 1  E= -79.0095220710816  delta_E= -7.10543e-14  |g|= 1.05424e-05  1 KF 2 JK
Canonicalize SCF orbitals
macro X = 2  E=-79.0095220710816  |g|= 1.05424e-05  total 5 KF 17 JK
converged SCF energy = -79.0095220710816
rohf_internal: lowest eigs of H = [-0.00023517  0.14019177  0.21395995]
<class 'pyscf.soscf.newton_ah.SecondOrderROHF'> wavefunction has an internal instability




******** <class 'pyscf.soscf.newton_ah.SecondOrderROHF'> ********
method = SecondOrderROHF
initial guess = minao
damping factor = 0
level_shift factor = 0
DIIS = <class 'pyscf.scf.diis.CDIIS'>
diis_start_cycle = 1
diis_space = 8
diis_damp = 0
SCF conv_tol = 1e-09
SCF conv_tol_grad = None
SCF max_cycles = 200
direct_scf = True
direct_scf_tol = 1e-13
chkfile to save SCF result = /scratch/alpine/yizh8382/pyscf/tmppf6cjs18
max_memory 40000 MB (current use 820 MB)
num. doubly occ = 5  num. singly occ = 2
******** <class 'pyscf.scf.rohf.ROHF'> Newton solver flags ********
SCF tol = 1e-09
conv_tol_grad = None
max. SCF cycles = 200
direct_scf = True
direct_scf_tol = 1e-13
chkfile to save SCF result = /scratch/alpine/yizh8382/pyscf/tmppf6cjs18
max_cycle_inner = 12
max_stepsize = 0.05
ah_start_tol = 1e+09
ah_level_shift = 0
ah_conv_tol = 1e-12
ah_lindep = 1e-14
ah_start_cycle = 1
ah_max_cycle = 40
ah_grad_trust_region = 2.5
kf_interval = 4
kf_trust_region = 5
canonicalization = True
max_memory 40000 MB (current use 820 MB)
Set conv_tol_grad to 3.16228e-05
  HOMO = -0.225610519899099  LUMO = 0.126078005666462
Initial guess E= -79.0092941021111  |g|= 0.0135845
macro= 0  E= -79.0095220710773  delta_E= -0.000227969  |g|= 8.20782e-05  3 KF 12 JK
macro= 1  E= -79.0095220710773  delta_E= -8.52651e-14  |g|= 1.10096e-05  1 KF 2 JK
Canonicalize SCF orbitals
macro X = 2  E=-79.0095220710773  |g|= 1.10096e-05  total 5 KF 17 JK
converged SCF energy = -79.0095220710773
rohf_internal: lowest eigs of H = [-0.00023474  0.14019998  0.21396017]
<class 'pyscf.soscf.newton_ah.SecondOrderROHF'> wavefunction has an internal instability




******** <class 'pyscf.soscf.newton_ah.SecondOrderROHF'> ********
method = SecondOrderROHF
initial guess = minao
damping factor = 0
level_shift factor = 0
DIIS = <class 'pyscf.scf.diis.CDIIS'>
diis_start_cycle = 1
diis_space = 8
diis_damp = 0
SCF conv_tol = 1e-09
SCF conv_tol_grad = None
SCF max_cycles = 200
direct_scf = True
direct_scf_tol = 1e-13
chkfile to save SCF result = /scratch/alpine/yizh8382/pyscf/tmppf6cjs18
max_memory 40000 MB (current use 820 MB)
num. doubly occ = 5  num. singly occ = 2
******** <class 'pyscf.scf.rohf.ROHF'> Newton solver flags ********
SCF tol = 1e-09
conv_tol_grad = None
max. SCF cycles = 200
direct_scf = True
direct_scf_tol = 1e-13
chkfile to save SCF result = /scratch/alpine/yizh8382/pyscf/tmppf6cjs18
max_cycle_inner = 12
max_stepsize = 0.05
ah_start_tol = 1e+09
ah_level_shift = 0
ah_conv_tol = 1e-12
ah_lindep = 1e-14
ah_start_cycle = 1
ah_max_cycle = 40
ah_grad_trust_region = 2.5
kf_interval = 4
kf_trust_region = 5
canonicalization = True
max_memory 40000 MB (current use 820 MB)
Set conv_tol_grad to 3.16228e-05
  HOMO = -0.22564929788099  LUMO = 0.126058688645971
Initial guess E= -79.0092944097811  |g|= 0.0136016
macro= 0  E= -79.0095220710775  delta_E= -0.000227661  |g|= 8.2135e-05  3 KF 12 JK
macro= 1  E= -79.0095220710774  delta_E= 5.68434e-14  |g|= 1.10014e-05  1 KF 2 JK
Canonicalize SCF orbitals
macro X = 2  E=-79.0095220710774  |g|= 1.10014e-05  total 5 KF 17 JK
converged SCF energy = -79.0095220710774
rohf_internal: lowest eigs of H = [-0.00023471  0.14020687  0.21396574]
<class 'pyscf.soscf.newton_ah.SecondOrderROHF'> wavefunction has an internal instability




******** <class 'pyscf.soscf.newton_ah.SecondOrderROHF'> ********
method = SecondOrderROHF
initial guess = minao
damping factor = 0
level_shift factor = 0
DIIS = <class 'pyscf.scf.diis.CDIIS'>
diis_start_cycle = 1
diis_space = 8
diis_damp = 0
SCF conv_tol = 1e-09
SCF conv_tol_grad = None
SCF max_cycles = 200
direct_scf = True
direct_scf_tol = 1e-13
chkfile to save SCF result = /scratch/alpine/yizh8382/pyscf/tmppf6cjs18
max_memory 40000 MB (current use 820 MB)
num. doubly occ = 5  num. singly occ = 2
******** <class 'pyscf.scf.rohf.ROHF'> Newton solver flags ********
SCF tol = 1e-09
conv_tol_grad = None
max. SCF cycles = 200
direct_scf = True
direct_scf_tol = 1e-13
chkfile to save SCF result = /scratch/alpine/yizh8382/pyscf/tmppf6cjs18
max_cycle_inner = 12
max_stepsize = 0.05
ah_start_tol = 1e+09
ah_level_shift = 0
ah_conv_tol = 1e-12
ah_lindep = 1e-14
ah_start_cycle = 1
ah_max_cycle = 40
ah_grad_trust_region = 2.5
kf_interval = 4
kf_trust_region = 5
canonicalization = True
max_memory 40000 MB (current use 820 MB)
Set conv_tol_grad to 3.16228e-05
  HOMO = -0.225526160666143  LUMO = 0.126060944847681
Initial guess E= -79.0092929816096  |g|= 0.013479
macro= 0  E= -79.0095220710827  delta_E= -0.000229089  |g|= 8.14172e-05  3 KF 12 JK
macro= 1  E= -79.0095220710827  delta_E= -7.10543e-14  |g|= 1.05005e-05  1 KF 2 JK
Canonicalize SCF orbitals
macro X = 2  E=-79.0095220710827  |g|= 1.05005e-05  total 5 KF 17 JK
converged SCF energy = -79.0095220710827
rohf_internal: lowest eigs of H = [-0.0002349   0.14019623  0.21395905]
<class 'pyscf.soscf.newton_ah.SecondOrderROHF'> wavefunction has an internal instability




******** <class 'pyscf.soscf.newton_ah.SecondOrderROHF'> ********
method = SecondOrderROHF
initial guess = minao
damping factor = 0
level_shift factor = 0
DIIS = <class 'pyscf.scf.diis.CDIIS'>
diis_start_cycle = 1
diis_space = 8
diis_damp = 0
SCF conv_tol = 1e-09
SCF conv_tol_grad = None
SCF max_cycles = 200
direct_scf = True
direct_scf_tol = 1e-13
chkfile to save SCF result = /scratch/alpine/yizh8382/pyscf/tmppf6cjs18
max_memory 40000 MB (current use 820 MB)
num. doubly occ = 5  num. singly occ = 2
******** <class 'pyscf.scf.rohf.ROHF'> Newton solver flags ********
SCF tol = 1e-09
conv_tol_grad = None
max. SCF cycles = 200
direct_scf = True
direct_scf_tol = 1e-13
chkfile to save SCF result = /scratch/alpine/yizh8382/pyscf/tmppf6cjs18
max_cycle_inner = 12
max_stepsize = 0.05
ah_start_tol = 1e+09
ah_level_shift = 0
ah_conv_tol = 1e-12
ah_lindep = 1e-14
ah_start_cycle = 1
ah_max_cycle = 40
ah_grad_trust_region = 2.5
kf_interval = 4
kf_trust_region = 5
canonicalization = True
max_memory 40000 MB (current use 820 MB)
Set conv_tol_grad to 3.16228e-05
  HOMO = -0.225577918075583  LUMO = 0.126070374091531
Initial guess E= -79.0092958164804  |g|= 0.0134949
macro= 0  E= -79.0095220710812  delta_E= -0.000226255  |g|= 8.13812e-05  3 KF 12 JK
macro= 1  E= -79.0095220710812  delta_E= -1.42109e-14  |g|= 1.06436e-05  1 KF 2 JK
Canonicalize SCF orbitals
macro X = 2  E=-79.0095220710812  |g|= 1.06436e-05  total 5 KF 17 JK
converged SCF energy = -79.0095220710812
rohf_internal: lowest eigs of H = [-0.00023521  0.14019592  0.21396352]
<class 'pyscf.soscf.newton_ah.SecondOrderROHF'> wavefunction has an internal instability




******** <class 'pyscf.soscf.newton_ah.SecondOrderROHF'> ********
method = SecondOrderROHF
initial guess = minao
damping factor = 0
level_shift factor = 0
DIIS = <class 'pyscf.scf.diis.CDIIS'>
diis_start_cycle = 1
diis_space = 8
diis_damp = 0
SCF conv_tol = 1e-09
SCF conv_tol_grad = None
SCF max_cycles = 200
direct_scf = True
direct_scf_tol = 1e-13
chkfile to save SCF result = /scratch/alpine/yizh8382/pyscf/tmppf6cjs18
max_memory 40000 MB (current use 820 MB)
num. doubly occ = 5  num. singly occ = 2
******** <class 'pyscf.scf.rohf.ROHF'> Newton solver flags ********
SCF tol = 1e-09
conv_tol_grad = None
max. SCF cycles = 200
direct_scf = True
direct_scf_tol = 1e-13
chkfile to save SCF result = /scratch/alpine/yizh8382/pyscf/tmppf6cjs18
max_cycle_inner = 12
max_stepsize = 0.05
ah_start_tol = 1e+09
ah_level_shift = 0
ah_conv_tol = 1e-12
ah_lindep = 1e-14
ah_start_cycle = 1
ah_max_cycle = 40
ah_grad_trust_region = 2.5
kf_interval = 4
kf_trust_region = 5
canonicalization = True
max_memory 40000 MB (current use 820 MB)
Set conv_tol_grad to 3.16228e-05
  HOMO = -0.225597611858688  LUMO = 0.126066432886155
Initial guess E= -79.0092945342623  |g|= 0.0135292
macro= 0  E= -79.0095220710782  delta_E= -0.000227537  |g|= 8.16651e-05  3 KF 12 JK
macro= 1  E= -79.0095220710781  delta_E= 9.9476e-14  |g|= 1.09371e-05  1 KF 2 JK
Canonicalize SCF orbitals
macro X = 2  E=-79.0095220710781  |g|= 1.09371e-05  total 5 KF 17 JK
converged SCF energy = -79.0095220710781
rohf_internal: lowest eigs of H = [-0.00023498  0.14019247  0.21397686]
<class 'pyscf.soscf.newton_ah.SecondOrderROHF'> wavefunction has an internal instability




******** <class 'pyscf.soscf.newton_ah.SecondOrderROHF'> ********
method = SecondOrderROHF
initial guess = minao
damping factor = 0
level_shift factor = 0
DIIS = <class 'pyscf.scf.diis.CDIIS'>
diis_start_cycle = 1
diis_space = 8
diis_damp = 0
SCF conv_tol = 1e-09
SCF conv_tol_grad = None
SCF max_cycles = 200
direct_scf = True
direct_scf_tol = 1e-13
chkfile to save SCF result = /scratch/alpine/yizh8382/pyscf/tmppf6cjs18
max_memory 40000 MB (current use 820 MB)
num. doubly occ = 5  num. singly occ = 2
******** <class 'pyscf.scf.rohf.ROHF'> Newton solver flags ********
SCF tol = 1e-09
conv_tol_grad = None
max. SCF cycles = 200
direct_scf = True
direct_scf_tol = 1e-13
chkfile to save SCF result = /scratch/alpine/yizh8382/pyscf/tmppf6cjs18
max_cycle_inner = 12
max_stepsize = 0.05
ah_start_tol = 1e+09
ah_level_shift = 0
ah_conv_tol = 1e-12
ah_lindep = 1e-14
ah_start_cycle = 1
ah_max_cycle = 40
ah_grad_trust_region = 2.5
kf_interval = 4
kf_trust_region = 5
canonicalization = True
max_memory 40000 MB (current use 820 MB)
Set conv_tol_grad to 3.16228e-05
  HOMO = -0.225616255029482  LUMO = 0.126047233468588
Initial guess E= -79.0092972853948  |g|= 0.0135183
macro= 0  E= -79.0095220710787  delta_E= -0.000224786  |g|= 8.13486e-05  3 KF 12 JK
macro= 1  E= -79.0095220710785  delta_E= 1.7053e-13  |g|= 1.08719e-05  1 KF 2 JK
Canonicalize SCF orbitals
macro X = 2  E=-79.0095220710785  |g|= 1.08719e-05  total 5 KF 17 JK
converged SCF energy = -79.0095220710785
