#INFO: **** input file is /projects/yizh8382/projects/w4_17/w4-17_all/pyscf_input/run_pyscf_vdzsd.py ****
import os
import glob
import numpy as np
from pyscf import gto, scf, cc

# basis = "ccpvdz"
xyz_dir = "../w4_17_xyz/open_shell"
results_file = f"../result/open_shell_uhf_vdzsd.dat"
out_dir = "../result/molout/open_shell"
os.makedirs(out_dir, exist_ok=True)

# Set to a list of molecule names to run only those, e.g. ["acetaldehyde", "benzene"]
# Set to None to run all molecules in xyz_dir
select_molecules = None
symmetry = False

def vdzsd(elem):
    if elem in ('H', 'He'):
        raw_basis = gto.basis.load('ccpvdz', elem)
        return [b for b in raw_basis if b[0] != 1]
    else:
        return gto.basis.load('ccpvdz', elem)

def get_vdzsd_basis(atoms):
    elems = {line.split()[0] for line in atoms.strip().splitlines() if line.strip()}
    basis_dict = {el: vdzsd(el) for el in elems}
    return basis_dict

all_xyz = sorted(glob.glob(os.path.join(xyz_dir, "*.xyz")))
if select_molecules is not None:
    select_set = set(select_molecules)
    xyz_files = [p for p in all_xyz if os.path.splitext(os.path.basename(p))[0] in select_set]
    missing = select_set - {os.path.splitext(os.path.basename(p))[0] for p in xyz_files}
    if missing:
        print(f"Warning: no .xyz file found for: {', '.join(sorted(missing))} in {xyz_dir}")
else:
    xyz_files = all_xyz

with open(results_file, "w") as out:
    out.write(f"{'Molecule':<16s} {'Charge':>6s} {'2S':>6s} {'frozen':>6s} "
              f"{'E_HF (Eh)':>20s} {'E_CCSD (Eh)':>20s} {'E_CCSD(T) (Eh)':>20s}\n")
    out.write("-" * 100 + "\n")

for xyz_path in xyz_files:
    with open(xyz_path, "r") as f:
        lines = f.readlines()

    # Parse charge and multiplicity from second line: "name charge=X mult=Y"
    second_line = lines[1]
    charge = int(second_line.split("charge=")[1].split()[0])
    mult   = int(second_line.split("mult=")[1].split()[0])
    spin   = mult - 1   # PySCF spin input is 2S = mult - 1
    mol_name = second_line.split()[0]

    # Coordinates only (skip the atom count and comment lines)
    atoms = "".join(lines[2:])
    basis_dict = get_vdzsd_basis(atoms)

    print(f"\n{'='*60}")
    print(f"Running: {mol_name}  charge={charge}  spin={spin}")
    print(f"{'='*60}")
    
    mol = gto.M(
        atom=atoms,
        basis=basis_dict,
        verbose=4,
        output=os.path.join(out_dir, f"{mol_name}_vdzsd.out"),
        unit="angstrom",
        symmetry=symmetry,
        charge=charge,
        spin=spin,
        max_memory=40000,
    )

    mf = scf.UHF(mol)
    mf.max_cycle = 200
    mf = mf.newton()
    mf.kernel()

    # Stability check loop — at most 10 attempts
    max_stability_cycles = 10
    stable = False
    for stability_iter in range(max_stability_cycles):
        mo_i, _, stable, _ = mf.stability(return_status=True)
        if stable:
            break
        dm = mf.make_rdm1(mo_i, mf.mo_occ)
        mf.kernel(dm0=dm)

    if not stable or not mf.converged:
        print(f"  !! SCF did not converge for {mol_name} — skipping.")
        with open(results_file, "a") as out:
            out.write(f"{mol_name:<16s} {charge:>6d} {spin:>6d} {'N/A':>6s} "
                      f"{'UNCONVERGED':>20s} {'UNCONVERGED':>20s} {'UNCONVERGED':>20s}\n")
        continue

    energy = mf.e_tot

    mycc = cc.CCSD(mf)
    mycc.set_frozen()
    mycc.kernel()
    e_ccsd = mycc.e_tot
    et = mycc.ccsd_t()
    e_ccsdt = e_ccsd + et
    frozen = mycc.frozen

    with open(results_file, "a") as out:
        out.write(f"{mol_name:<16s} {charge:>6d} {spin:>6d} {frozen:>6d} "
                  f"{energy:>20.10f} {e_ccsd:>20.10f} {e_ccsdt:>20.10f}\n")

    print(f"  => E_HF({mol_name})     = {energy:.10f} Eh")
    print(f"  => E_CCSD({mol_name})    = {e_ccsd:.10f} Eh")
    print(f"  => E_CCSD(T)({mol_name}) = {e_ccsdt:.10f} Eh")

print(f"\nAll calculations complete. Results saved to {results_file}")
#INFO: ******************** input file end ********************


System: uname_result(system='Linux', node='bnode0308.rc.int.colorado.edu', release='4.18.0-477.27.1.el8_8.x86_64', version='#1 SMP Thu Aug 31 10:29:22 EDT 2023', machine='x86_64')  Threads 28
Python 3.10.2 | packaged by conda-forge | (main, Mar  8 2022, 15:52:01) [GCC 9.4.0]
numpy 2.0.2  scipy 1.14.1  h5py 3.12.1
Date: Thu May 14 16:17:16 2026
PySCF version 2.9.0
PySCF path  /projects/yizh8382/tools/lno_pyscf_gcc
GIT HEAD (branch master) 142756584ed3963728cc1f6823286f4605811a6c

[ENV] PYSCF_TMPDIR /scratch/alpine/yizh8382/pyscf
[ENV] PYSCF_EXT_PATH /home/yizh8382/tools/pyscf-forge
[CONFIG] conf_file None
[INPUT] verbose = 4
[INPUT] num. atoms = 5
[INPUT] num. electrons = 15
[INPUT] charge = 0
[INPUT] spin (= nelec alpha-beta = 2S) = 1
[INPUT] symmetry False subgroup None
[INPUT] Mole.unit = angstrom
[INPUT] Symbol           X                Y                Z      unit          X                Y                Z       unit  Magmom
[INPUT]  1 C      0.049844000000   0.724055000000   0.000000000000 AA    0.094191508953   1.368265649122   0.000000000000 Bohr   0.0
[INPUT]  2 H     -0.685394000000   1.513220000000   0.000000000000 AA   -1.295206947420   2.859571366214   0.000000000000 Bohr   0.0
[INPUT]  3 C      0.049844000000  -0.589606000000   0.000000000000 AA    0.094191508953  -1.114193861400   0.000000000000 Bohr   0.0
[INPUT]  4 H      0.969053000000  -1.164741000000   0.000000000000 AA    1.831244770188  -2.201041496052   0.000000000000 Bohr   0.0
[INPUT]  5 H     -0.881783000000  -1.155172000000   0.000000000000 AA   -1.666328371297  -2.182958706766   0.000000000000 Bohr   0.0

nuclear repulsion = 28.3892811450637
number of shells = 16
number of NR pGTOs = 64
number of NR cGTOs = 34
basis = {'H': [[0, [13.01, 0.019685], [1.962, 0.137977], [0.4446, 0.478148]], [0, [0.122, 1.0]]], 'C': [[0, [6665.0, 0.000692, -0.000146], [1000.0, 0.005329, -0.001154], [228.0, 0.027077, -0.005725], [64.71, 0.101718, -0.023312], [21.06, 0.27474, -0.063955], [7.495, 0.448564, -0.149981], [2.797, 0.285074, -0.127262], [0.5215, 0.015204, 0.544529]], [0, [0.1596, 1.0]], [1, [9.439, 0.038109], [2.002, 0.20948], [0.5456, 0.508557]], [1, [0.1517, 1.0]], [2, [0.55, 1.0]]]}
ecp = {}
CPU time:       820.24




******** <class 'pyscf.soscf.newton_ah.SecondOrderUHF'> ********
method = SecondOrderUHF
initial guess = minao
damping factor = 0
level_shift factor = 0
DIIS = <class 'pyscf.scf.diis.CDIIS'>
diis_start_cycle = 1
diis_space = 8
diis_damp = 0
SCF conv_tol = 1e-09
SCF conv_tol_grad = None
SCF max_cycles = 200
direct_scf = True
direct_scf_tol = 1e-13
chkfile to save SCF result = /scratch/alpine/yizh8382/pyscf/tmpky85l18m
max_memory 40000 MB (current use 585 MB)
number electrons alpha = 8  beta = 7
******** <class 'pyscf.scf.uhf.UHF'> Newton solver flags ********
SCF tol = 1e-09
conv_tol_grad = None
max. SCF cycles = 200
direct_scf = True
direct_scf_tol = 1e-13
chkfile to save SCF result = /scratch/alpine/yizh8382/pyscf/tmpky85l18m
max_cycle_inner = 12
max_stepsize = 0.05
ah_start_tol = 1e+09
ah_level_shift = 0
ah_conv_tol = 1e-12
ah_lindep = 1e-14
ah_start_cycle = 1
ah_max_cycle = 40
ah_grad_trust_region = 2.5
kf_interval = 4
kf_trust_region = 5
canonicalization = True
max_memory 40000 MB (current use 585 MB)
Set conv_tol_grad to 3.16228e-05
  alpha nocc = 8  HOMO = -0.124435063668245  LUMO = 0.0703453765424991
  beta  nocc = 7  HOMO = -0.277593969884863  LUMO = -0.124435063668245

WARN: system HOMO -0.124435063668245 >= system LUMO -0.124435063668245

Initial guess E= -77.3429841851446  |g|= 0.183019
macro= 0  E= -77.3875895972719  delta_E= -0.0446054  |g|= 0.0186504  4 KF 23 JK
macro= 1  E= -77.3877297188539  delta_E= -0.000140122  |g|= 0.000101085  3 KF 11 JK
macro= 2  E= -77.3877297188541  delta_E= -1.84741e-13  |g|= 5.70938e-06  1 KF 2 JK
Canonicalize SCF orbitals
macro X = 3  E=-77.3877297188541  |g|= 5.70938e-06  total 9 KF 40 JK
converged SCF energy = -77.3877297188541  <S^2> = 0.96527961  2S+1 = 2.2047944
uhf_internal: lowest eigs of H = [0.17885601 0.36589966 0.46655995]
<class 'pyscf.soscf.newton_ah.SecondOrderUHF'> wavefunction is stable in the internal stability analysis

******** <class 'pyscf.cc.uccsd.UCCSD'> ********
CC2 = 0
CCSD nocc = (6, 5), nmo = (32, 32)
frozen orbitals 2
max_cycle = 50
direct = 0
conv_tol = 1e-07
conv_tol_normt = 1e-06
diis_space = 6
diis_start_cycle = 0
diis_start_energy_diff = 1e+09
max_memory 40000 MB (current use 586 MB)
Init t2, MP2 energy = -0.211057255908856
Init E_corr(UCCSD) = -0.211057255930971
cycle = 1  E_corr(UCCSD) = -0.230685278204516  dE = -0.0196280223  norm(t1,t2) = 0.0779238
cycle = 2  E_corr(UCCSD) = -0.238730886111071  dE = -0.00804560791  norm(t1,t2) = 0.0417573
cycle = 3  E_corr(UCCSD) = -0.247028426666948  dE = -0.00829754056  norm(t1,t2) = 0.0314869
cycle = 4  E_corr(UCCSD) = -0.248471481929864  dE = -0.00144305526  norm(t1,t2) = 0.0133979
cycle = 5  E_corr(UCCSD) = -0.248353613319849  dE = 0.00011786861  norm(t1,t2) = 0.00578138
cycle = 6  E_corr(UCCSD) = -0.248534760473992  dE = -0.000181147154  norm(t1,t2) = 0.00208279
cycle = 7  E_corr(UCCSD) = -0.248526144283642  dE = 8.61619035e-06  norm(t1,t2) = 0.000879588
cycle = 8  E_corr(UCCSD) = -0.248547480408056  dE = -2.13361244e-05  norm(t1,t2) = 0.000481217
cycle = 9  E_corr(UCCSD) = -0.24855342414197  dE = -5.94373391e-06  norm(t1,t2) = 0.000188619
cycle = 10  E_corr(UCCSD) = -0.248555266248565  dE = -1.8421066e-06  norm(t1,t2) = 6.30438e-05
cycle = 11  E_corr(UCCSD) = -0.248553774846686  dE = 1.49140188e-06  norm(t1,t2) = 2.15276e-05
cycle = 12  E_corr(UCCSD) = -0.248552945824884  dE = 8.29021802e-07  norm(t1,t2) = 8.98185e-06
cycle = 13  E_corr(UCCSD) = -0.248552824595103  dE = 1.21229781e-07  norm(t1,t2) = 4.11434e-06
cycle = 14  E_corr(UCCSD) = -0.248552978621719  dE = -1.54026616e-07  norm(t1,t2) = 1.89668e-06
cycle = 15  E_corr(UCCSD) = -0.248553056606405  dE = -7.79846859e-08  norm(t1,t2) = 5.07388e-07
UCCSD converged
E(UCCSD) = -77.63628277546053  E_corr = -0.2485530566064053
UCCSD(T) correction = -0.00788111583487859
