#INFO: **** input file is /projects/yizh8382/projects/w4_17/w4-17_all/pyscf_input/run_pyscf_vdzsd.py ****
import os
import glob
import numpy as np
from pyscf import gto, scf, cc

# basis = "ccpvdz"
xyz_dir = "../w4_17_xyz/open_shell"
results_file = f"../result/open_shell_uhf_sym_vdzsd.dat"
out_dir = "../result/molout/open_shell"
os.makedirs(out_dir, exist_ok=True)

# Set to a list of molecule names to run only those, e.g. ["acetaldehyde", "benzene"]
# Set to None to run all molecules in xyz_dir
select_molecules = None
symmetry = True

def vdzsd(elem):
    if elem in ('H', 'He'):
        raw_basis = gto.basis.load('ccpvdz', elem)
        return [b for b in raw_basis if b[0] != 1]
    else:
        return gto.basis.load('ccpvdz', elem)

def get_vdzsd_basis(atoms):
    elems = {line.split()[0] for line in atoms.strip().splitlines() if line.strip()}
    basis_dict = {el: vdzsd(el) for el in elems}
    return basis_dict

all_xyz = sorted(glob.glob(os.path.join(xyz_dir, "*.xyz")))
if select_molecules is not None:
    select_set = set(select_molecules)
    xyz_files = [p for p in all_xyz if os.path.splitext(os.path.basename(p))[0] in select_set]
    missing = select_set - {os.path.splitext(os.path.basename(p))[0] for p in xyz_files}
    if missing:
        print(f"Warning: no .xyz file found for: {', '.join(sorted(missing))} in {xyz_dir}")
else:
    xyz_files = all_xyz

with open(results_file, "w") as out:
    out.write(f"{'Molecule':<16s} {'Charge':>6s} {'2S':>6s} {'frozen':>6s} "
              f"{'E_HF (Eh)':>20s} {'E_CCSD (Eh)':>20s} {'E_CCSD(T) (Eh)':>20s}\n")
    out.write("-" * 100 + "\n")

for xyz_path in xyz_files:
    with open(xyz_path, "r") as f:
        lines = f.readlines()

    # Parse charge and multiplicity from second line: "name charge=X mult=Y"
    second_line = lines[1]
    charge = int(second_line.split("charge=")[1].split()[0])
    mult   = int(second_line.split("mult=")[1].split()[0])
    spin   = mult - 1   # PySCF spin input is 2S = mult - 1
    mol_name = second_line.split()[0]

    # Coordinates only (skip the atom count and comment lines)
    atoms = "".join(lines[2:])
    basis_dict = get_vdzsd_basis(atoms)

    print(f"\n{'='*60}")
    print(f"Running: {mol_name}  charge={charge}  spin={spin}")
    print(f"{'='*60}")
    
    mol = gto.M(
        atom=atoms,
        basis=basis_dict,
        verbose=4,
        output=os.path.join(out_dir, f"{mol_name}_sym_vdzsd.out"),
        unit="angstrom",
        symmetry=symmetry,
        charge=charge,
        spin=spin,
        max_memory=40000,
    )

    mf = scf.UHF(mol)
    mf.max_cycle = 200
    mf = mf.newton()
    mf.kernel()

    # Stability check loop — at most 10 attempts
    max_stability_cycles = 10
    stable = False
    for stability_iter in range(max_stability_cycles):
        mo_i, _, stable, _ = mf.stability(return_status=True)
        if stable:
            break
        dm = mf.make_rdm1(mo_i, mf.mo_occ)
        mf.kernel(dm0=dm)

    if not stable or not mf.converged:
        print(f"  !! SCF did not converge for {mol_name} — skipping.")
        with open(results_file, "a") as out:
            out.write(f"{mol_name:<16s} {charge:>6d} {spin:>6d} {'N/A':>6s} "
                      f"{'UNCONVERGED':>20s} {'UNCONVERGED':>20s} {'UNCONVERGED':>20s}\n")
        continue

    energy = mf.e_tot

    mycc = cc.CCSD(mf)
    mycc.set_frozen()
    mycc.kernel()
    e_ccsd = mycc.e_tot
    et = mycc.ccsd_t()
    e_ccsdt = e_ccsd + et
    frozen = mycc.frozen

    with open(results_file, "a") as out:
        out.write(f"{mol_name:<16s} {charge:>6d} {spin:>6d} {frozen:>6d} "
                  f"{energy:>20.10f} {e_ccsd:>20.10f} {e_ccsdt:>20.10f}\n")

    print(f"  => E_HF({mol_name})     = {energy:.10f} Eh")
    print(f"  => E_CCSD({mol_name})    = {e_ccsd:.10f} Eh")
    print(f"  => E_CCSD(T)({mol_name}) = {e_ccsdt:.10f} Eh")

print(f"\nAll calculations complete. Results saved to {results_file}")
#INFO: ******************** input file end ********************


System: uname_result(system='Linux', node='bnode0304.rc.int.colorado.edu', release='4.18.0-477.27.1.el8_8.x86_64', version='#1 SMP Thu Aug 31 10:29:22 EDT 2023', machine='x86_64')  Threads 28
Python 3.10.2 | packaged by conda-forge | (main, Mar  8 2022, 15:52:01) [GCC 9.4.0]
numpy 2.0.2  scipy 1.14.1  h5py 3.12.1
Date: Thu May 14 13:14:09 2026
PySCF version 2.9.0
PySCF path  /projects/yizh8382/tools/lno_pyscf_gcc
GIT HEAD (branch master) 142756584ed3963728cc1f6823286f4605811a6c

[ENV] PYSCF_TMPDIR /scratch/alpine/yizh8382/pyscf
[ENV] PYSCF_EXT_PATH /home/yizh8382/tools/pyscf-forge
[CONFIG] conf_file None
[INPUT] verbose = 4
[INPUT] num. atoms = 6
[INPUT] num. electrons = 17
[INPUT] charge = 0
[INPUT] spin (= nelec alpha-beta = 2S) = 1
[INPUT] symmetry True subgroup None
[INPUT] Mole.unit = angstrom
[INPUT] Symbol           X                Y                Z      unit          X                Y                Z       unit  Magmom
[INPUT]  1 C      0.059643000000  -0.627621000000   0.000000000000 AA    0.112708935247  -1.186031800026   0.000000000000 Bohr   0.0
[INPUT]  2 H     -0.466089000000  -1.023321000000   0.878215000000 AA   -0.880780559672  -1.933796427516   1.659585828485 Bohr   0.0
[INPUT]  3 H      1.079741000000  -1.006662000000   0.000000000000 AA    2.040414775464  -1.902315480007   0.000000000000 Bohr   0.0
[INPUT]  4 H     -0.466089000000  -1.023321000000  -0.878215000000 AA   -0.880780559672  -1.933796427516  -1.659585828485 Bohr   0.0
[INPUT]  5 N      0.059643000000   0.816421000000   0.000000000000 AA    0.112708935247   1.542812092344   0.000000000000 Bohr   0.0
[INPUT]  6 H     -0.922919000000   1.104082000000   0.000000000000 AA   -1.744064145157   2.086412599062   0.000000000000 Bohr   0.0

nuclear repulsion = 36.1297462139117
point group symmetry = Cs
symmetry origin: [ 3.33481081e-07 -1.11160360e-07  0.00000000e+00]
symmetry axis x: [9.93410026e-01 1.14614657e-01 2.55396762e-18]
symmetry axis y: [ 1.14614657e-01 -9.93410026e-01 -2.21362355e-17]
symmetry axis z: [ 0.00000000e+00 -2.22830804e-17  1.00000000e+00]
num. orbitals of irrep A' = 26
num. orbitals of irrep A" = 10
number of shells = 18
number of NR pGTOs = 68
number of NR cGTOs = 36
basis = {'N': [[0, [9046.0, 0.0007, -0.000153], [1357.0, 0.005389, -0.001208], [309.3, 0.027406, -0.005992], [87.73, 0.103207, -0.024544], [28.56, 0.278723, -0.067459], [10.21, 0.44854, -0.158078], [3.838, 0.278238, -0.121831], [0.7466, 0.01544, 0.549003]], [0, [0.2248, 1.0]], [1, [13.55, 0.039919], [2.917, 0.217169], [0.7973, 0.510319]], [1, [0.2185, 1.0]], [2, [0.817, 1.0]]], 'H': [[0, [13.01, 0.019685], [1.962, 0.137977], [0.4446, 0.478148]], [0, [0.122, 1.0]]], 'C': [[0, [6665.0, 0.000692, -0.000146], [1000.0, 0.005329, -0.001154], [228.0, 0.027077, -0.005725], [64.71, 0.101718, -0.023312], [21.06, 0.27474, -0.063955], [7.495, 0.448564, -0.149981], [2.797, 0.285074, -0.127262], [0.5215, 0.015204, 0.544529]], [0, [0.1596, 1.0]], [1, [9.439, 0.038109], [2.002, 0.20948], [0.5456, 0.508557]], [1, [0.1517, 1.0]], [2, [0.55, 1.0]]]}
ecp = {}
CPU time:      4398.48
Freeze 0 electrons in irreps []
    17 free electrons in irreps A' A"




******** <class 'pyscf.soscf.newton_ah.SecondOrderSymAdaptedUHF'> ********
method = SecondOrderSymAdaptedUHF
initial guess = minao
damping factor = 0
level_shift factor = 0
DIIS = <class 'pyscf.scf.diis.CDIIS'>
diis_start_cycle = 1
diis_space = 8
diis_damp = 0
SCF conv_tol = 1e-09
SCF conv_tol_grad = None
SCF max_cycles = 200
direct_scf = True
direct_scf_tol = 1e-13
chkfile to save SCF result = /scratch/alpine/yizh8382/pyscf/tmp4gpurexq
max_memory 40000 MB (current use 530 MB)
number electrons alpha = 9  beta = 8
******** <class 'pyscf.scf.uhf_symm.SymAdaptedUHF'> Newton solver flags ********
SCF tol = 1e-09
conv_tol_grad = None
max. SCF cycles = 200
direct_scf = True
direct_scf_tol = 1e-13
chkfile to save SCF result = /scratch/alpine/yizh8382/pyscf/tmp4gpurexq
max_cycle_inner = 12
max_stepsize = 0.05
ah_start_tol = 1e+09
ah_level_shift = 0
ah_conv_tol = 1e-12
ah_lindep = 1e-14
ah_start_cycle = 1
ah_max_cycle = 40
ah_grad_trust_region = 2.5
kf_interval = 4
kf_trust_region = 5
canonicalization = True
max_memory 40000 MB (current use 530 MB)
Set conv_tol_grad to 3.16228e-05
alpha HOMO (A") = -0.188648743557568  LUMO (A') = 0.138355012839691
beta  HOMO (A') = -0.297697894717293  LUMO (A") = -0.188648743557568

WARN: alpha-A" HOMO -0.188648743557568 > system LUMO -0.188648743557568


WARN: beta-A" LUMO -0.188648743557568 < system HOMO -0.188648743557568

Initial guess E= -94.5372288865046  |g|= 0.225057
macro= 0  E= -94.5860965976364  delta_E= -0.0488677  |g|= 0.0337584  3 KF 11 JK
macro= 1  E= -94.5863373347494  delta_E= -0.000240737  |g|= 8.4446e-05  3 KF 11 JK
macro= 2  E= -94.5863373347494  delta_E= -2.84217e-14  |g|= 9.61927e-06  1 KF 2 JK
Canonicalize SCF orbitals
macro X = 3  E=-94.5863373347494  |g|= 9.61927e-06  total 8 KF 28 JK
converged SCF energy = -94.5863373347494  <S^2> = 0.76002589  2S+1 = 2.0100009
uhf_internal: lowest eigs of H = [0.53504628 0.59695486 0.64779222]
<class 'pyscf.soscf.newton_ah.SecondOrderSymAdaptedUHF'> wavefunction is stable in the internal stability analysis

******** <class 'pyscf.cc.uccsd.UCCSD'> ********
CC2 = 0
CCSD nocc = (7, 6), nmo = (34, 34)
frozen orbitals 2
max_cycle = 50
direct = 0
conv_tol = 1e-07
conv_tol_normt = 1e-06
diis_space = 6
diis_start_cycle = 0
diis_start_energy_diff = 1e+09
max_memory 40000 MB (current use 531 MB)
Init t2, MP2 energy = -0.256899161453668
Init E_corr(UCCSD) = -0.256899161505064
cycle = 1  E_corr(UCCSD) = -0.279096193668775  dE = -0.0221970322  norm(t1,t2) = 0.0595015
cycle = 2  E_corr(UCCSD) = -0.286284578909751  dE = -0.00718838524  norm(t1,t2) = 0.0201604
cycle = 3  E_corr(UCCSD) = -0.289594917913903  dE = -0.003310339  norm(t1,t2) = 0.0105173
cycle = 4  E_corr(UCCSD) = -0.289992563631492  dE = -0.000397645718  norm(t1,t2) = 0.00332951
cycle = 5  E_corr(UCCSD) = -0.289909659713521  dE = 8.2903918e-05  norm(t1,t2) = 0.00188752
cycle = 6  E_corr(UCCSD) = -0.289922181552147  dE = -1.25218386e-05  norm(t1,t2) = 0.000482251
cycle = 7  E_corr(UCCSD) = -0.289925169845561  dE = -2.98829341e-06  norm(t1,t2) = 0.000156199
cycle = 8  E_corr(UCCSD) = -0.289924076350679  dE = 1.09349488e-06  norm(t1,t2) = 6.38767e-05
cycle = 9  E_corr(UCCSD) = -0.289923702985311  dE = 3.73365368e-07  norm(t1,t2) = 2.6707e-05
cycle = 10  E_corr(UCCSD) = -0.289923393928575  dE = 3.09056736e-07  norm(t1,t2) = 9.01464e-06
cycle = 11  E_corr(UCCSD) = -0.289923241954144  dE = 1.51974431e-07  norm(t1,t2) = 3.57929e-06
cycle = 12  E_corr(UCCSD) = -0.289923180104383  dE = 6.18497606e-08  norm(t1,t2) = 1.47979e-06
cycle = 13  E_corr(UCCSD) = -0.289923154428913  dE = 2.56754702e-08  norm(t1,t2) = 6.97809e-07
UCCSD converged
E(UCCSD) = -94.87626048917832  E_corr = -0.2899231544289127
UCCSD(T) correction = -0.0059545591616231
