#INFO: **** input file is /work/hdd/bdka/yzhang65/w4_17/w4-17_all/afqmc_input/run_afqmc.py ****
import os
os.environ.setdefault("XLA_PYTHON_CLIENT_ALLOCATOR", "platform")

import jax
jax.config.update("jax_enable_x64", True)

import glob
import numpy as np
from pyscf import gto, scf, cc
from afqmc import prep, launch_afqmc
import re

def extract_afqmc_energy(filename):
    """Extract the final AFQMC/pt2CCSD energy and its uncertainty from an afqmc.out file.
    
    Returns (0, 0) if the value cannot be found or the file cannot be read.
    """
    pattern = re.compile(
        r"Final AFQMC/pt2CCSD energy:\s*"
        r"([-+]?\d*\.?\d+(?:[eE][-+]?\d+)?)"   # energy
        r"\s*(?:±|\+/-)\s*"
        r"([-+]?\d*\.?\d+(?:[eE][-+]?\d+)?)"   # error
    )
    try:
        with open(filename, "r", encoding="utf-8") as f:
            for line in f:
                m = pattern.search(line)
                if m:
                    return float(m.group(1)), float(m.group(2))
    except (OSError, IOError):
        pass
    return 0, 0

# basis = "ccpvdz"
xyz_dir = "../w4_17_xyz/open_shell"
results_file = f"./open_shell_uhf_vdzsd.dat"
out_dir = "../result/molout/open_shell"
os.makedirs(out_dir, exist_ok=True)

# Set to a list of molecule names to run only those, e.g. ["acetaldehyde", "benzene"]
# Set to None to run all molecules in xyz_dir
select_molecules = None
symmetry = False

def vdzsd(elem):
    if elem in ('H', 'He'):
        raw_basis = gto.basis.load('ccpvdz', elem)
        return [b for b in raw_basis if b[0] != 1]
    else:
        return gto.basis.load('ccpvdz', elem)

def get_vdzsd_basis(atoms):
    elems = {line.split()[0] for line in atoms.strip().splitlines() if line.strip()}
    basis_dict = {el: vdzsd(el) for el in elems}
    return basis_dict

all_xyz = sorted(glob.glob(os.path.join(xyz_dir, "*.xyz")))
if select_molecules is not None:
    select_set = set(select_molecules)
    xyz_files = [p for p in all_xyz if os.path.splitext(os.path.basename(p))[0] in select_set]
    missing = select_set - {os.path.splitext(os.path.basename(p))[0] for p in xyz_files}
    if missing:
        print(f"Warning: no .xyz file found for: {', '.join(sorted(missing))} in {xyz_dir}")
else:
    xyz_files = all_xyz

with open(results_file, "w") as out:
    out.write(f"{'Molecule':<16s} {'Charge':>6s} {'2S':>6s} {'frozen':>6s} "
              f"{'E_HF (Eh)':>20s} {'E_CCSD (Eh)':>20s} {'E_CCSD(T) (Eh)':>20s} "
              f"{'E_AFQMC (Eh)':>15s} {'E_AFQMC ERR (Eh)':>15s} \n")
    #out.write("-" * 100 + "\n")

for xyz_path in xyz_files:
    with open(xyz_path, "r") as f:
        lines = f.readlines()

    # Parse charge and multiplicity from second line: "name charge=X mult=Y"
    second_line = lines[1]
    charge = int(second_line.split("charge=")[1].split()[0])
    mult   = int(second_line.split("mult=")[1].split()[0])
    spin   = mult - 1   # PySCF spin input is 2S = mult - 1
    mol_name = second_line.split()[0]

    # Coordinates only (skip the atom count and comment lines)
    atoms = "".join(lines[2:])
    basis_dict = get_vdzsd_basis(atoms)

    print(f"\n{'='*60}")
    print(f"Running: {mol_name}  charge={charge}  spin={spin}")
    print(f"{'='*60}")

    mol = gto.M(
        atom=atoms,
        basis=basis_dict,
        verbose=4,
        output=os.path.join(out_dir, f"{mol_name}_vdzsd.out"),
        unit="angstrom",
        symmetry=symmetry,
        charge=charge,
        spin=spin,
        max_memory=40000,
    )

    mf = scf.UHF(mol)
    mf.max_cycle = 200
    mf = mf.newton()
    mf.kernel()

    # Stability check loop — at most 10 attempts
    max_stability_cycles = 10
    stable = False
    for stability_iter in range(max_stability_cycles):
        mo_i, _, stable, _ = mf.stability(return_status=True)
        if stable:
            break
        dm = mf.make_rdm1(mo_i, mf.mo_occ)
        mf.kernel(dm0=dm)

    if not stable or not mf.converged:
        print(f"  !! SCF did not converge for {mol_name} — skipping.")
        with open(results_file, "a") as out:
            out.write(f"{mol_name:<16s} {charge:>6d} {spin:>6d} {'N/A':>6s} "
                      f"{'UNCONVERGED':>20s} {'UNCONVERGED':>20s} {'UNCONVERGED':>20s}\n")
        continue

    energy = mf.e_tot

    mycc = cc.CCSD(mf)
    mycc.set_frozen()
    mycc.kernel()
    e_ccsd = mycc.e_tot
    et = mycc.ccsd_t()
    e_ccsdt = e_ccsd + et
    frozen = mycc.frozen

    prep.prep_afqmc(mycc, chol_cut=1e-5)
    options = {'n_eql': 120,
               'n_blocks': 1000,
               'n_walkers': 300,
               'dt':0.005,
               'max_error': 0.0,
               #'nchol_chunk': 200,
               'seed': 17,
               'walker_type': 'uhf',
               'trial': 'uccsd_pt2',
               'free_projection': False,
               'use_gpu': True,
               }
    launch_afqmc.run_afqmc(options)
    afqmc_file = os.path.join(out_dir, f'{mol_name}_afqmc_vdzsd.out')
    os.system(f"mv afqmc.out {afqmc_file}")
    eqmc, eqmc_err = extract_afqmc_energy(f"{afqmc_file}")

    with open(results_file, "a") as out:
        out.write(f"{mol_name:<16s} {charge:>6d} {spin:>6d} {frozen:>6d} "
                  f"{energy:>20.10f} {e_ccsd:>20.10f} {e_ccsdt:>20.10f}"
                  f"{eqmc:>15.5f} {eqmc_err:>15.5f} \n")

    print(f"  => E_HF({mol_name})      = {energy:.10f} Eh")
    print(f"  => E_CCSD({mol_name})    = {e_ccsd:.10f} Eh")
    print(f"  => E_CCSD(T)({mol_name}) = {e_ccsdt:.10f} Eh")
    print(f"  => E_AFQMC({mol_name})   = {eqmc:.5f} +/- {eqmc_err:.5f} Eh")

print(f"\nAll calculations complete. Results saved to {results_file}")
#INFO: ******************** input file end ********************


System: uname_result(system='Linux', node='gpua099.delta.ncsa.illinois.edu', release='5.14.0-427.91.1.el9_4.x86_64', version='#1 SMP PREEMPT_DYNAMIC Wed Sep 17 10:08:59 EDT 2025', machine='x86_64')  Threads 16
Python 3.11.14 (main, Oct 21 2025, 18:31:21) [GCC 11.2.0]
numpy 2.3.5  scipy 1.16.3  h5py 3.15.1
Date: Sun May 17 10:17:42 2026
PySCF version 2.11.0
PySCF path  /u/yzhang65/myprojects/software/pyscf
GIT HEAD (branch master) f520f5381c0b41f716d847009817cbc64e52c0d5

[ENV] PYSCF_TMPDIR /projects/bdka/yzhang65/scratch/pyscf
[ENV] PYSCF_EXT_PATH /u/yzhang65/myprojects/software/pyscf-forge
[CONFIG] conf_file None
[INPUT] verbose = 4
[INPUT] num. atoms = 6
[INPUT] num. electrons = 17
[INPUT] charge = 0
[INPUT] spin (= nelec alpha-beta = 2S) = 1
[INPUT] symmetry False subgroup None
[INPUT] Mole.unit = angstrom
[INPUT] Symbol           X                Y                Z      unit          X                Y                Z       unit  Magmom
[INPUT]  1 C      0.059643000000  -0.627621000000   0.000000000000 AA    0.112708935247  -1.186031800026   0.000000000000 Bohr   0.0
[INPUT]  2 H     -0.466089000000  -1.023321000000   0.878215000000 AA   -0.880780559672  -1.933796427516   1.659585828485 Bohr   0.0
[INPUT]  3 H      1.079741000000  -1.006662000000   0.000000000000 AA    2.040414775464  -1.902315480007   0.000000000000 Bohr   0.0
[INPUT]  4 H     -0.466089000000  -1.023321000000  -0.878215000000 AA   -0.880780559672  -1.933796427516  -1.659585828485 Bohr   0.0
[INPUT]  5 N      0.059643000000   0.816421000000   0.000000000000 AA    0.112708935247   1.542812092344   0.000000000000 Bohr   0.0
[INPUT]  6 H     -0.922919000000   1.104082000000   0.000000000000 AA   -1.744064145157   2.086412599062   0.000000000000 Bohr   0.0

nuclear repulsion = 36.1297462139117
number of shells = 18
number of NR pGTOs = 68
number of NR cGTOs = 36
basis = {'C': [[0, [6665.0, 0.000692, -0.000146], [1000.0, 0.005329, -0.001154], [228.0, 0.027077, -0.005725], [64.71, 0.101718, -0.023312], [21.06, 0.27474, -0.063955], [7.495, 0.448564, -0.149981], [2.797, 0.285074, -0.127262], [0.5215, 0.015204, 0.544529]], [0, [0.1596, 1.0]], [1, [9.439, 0.038109], [2.002, 0.20948], [0.5456, 0.508557]], [1, [0.1517, 1.0]], [2, [0.55, 1.0]]], 'N': [[0, [9046.0, 0.0007, -0.000153], [1357.0, 0.005389, -0.001208], [309.3, 0.027406, -0.005992], [87.73, 0.103207, -0.024544], [28.56, 0.278723, -0.067459], [10.21, 0.44854, -0.158078], [3.838, 0.278238, -0.121831], [0.7466, 0.01544, 0.549003]], [0, [0.2248, 1.0]], [1, [13.55, 0.039919], [2.917, 0.217169], [0.7973, 0.510319]], [1, [0.2185, 1.0]], [2, [0.817, 1.0]]], 'H': [[0, [13.01, 0.019685], [1.962, 0.137977], [0.4446, 0.478148]], [0, [0.122, 1.0]]]}
ecp = {}
CPU time:       235.53




******** <class 'pyscf.soscf.newton_ah.SecondOrderUHF'> ********
method = SecondOrderUHF
initial guess = minao
damping factor = 0
level_shift factor = 0
DIIS = <class 'pyscf.scf.diis.CDIIS'>
diis_start_cycle = 1
diis_space = 8
diis_damp = 0
SCF conv_tol = 1e-09
SCF conv_tol_grad = None
SCF max_cycles = 200
direct_scf = True
direct_scf_tol = 1e-13
chkfile to save SCF result = /projects/bdka/yzhang65/scratch/pyscf/tmps3zsi2tf
max_memory 40000 MB (current use 1155 MB)
number electrons alpha = 9  beta = 8
******** <class 'pyscf.scf.uhf.UHF'> Newton solver flags ********
SCF tol = 1e-09
conv_tol_grad = None
max. SCF cycles = 200
direct_scf = True
direct_scf_tol = 1e-13
chkfile to save SCF result = /projects/bdka/yzhang65/scratch/pyscf/tmps3zsi2tf
max_cycle_inner = 12
max_stepsize = 0.05
ah_start_tol = 1e+09
ah_level_shift = 0
ah_conv_tol = 1e-12
ah_lindep = 1e-14
ah_start_cycle = 1
ah_max_cycle = 40
ah_grad_trust_region = 2.5
kf_interval = 4
kf_trust_region = 5
canonicalization = True
max_memory 40000 MB (current use 1155 MB)
Set conv_tol_grad to 3.16228e-05
  alpha nocc = 9  HOMO = -0.188648743557571  LUMO = 0.138355012839681
  beta  nocc = 8  HOMO = -0.297697894717295  LUMO = -0.188648743557571

WARN: system HOMO -0.188648743557571 >= system LUMO -0.188648743557571

Initial guess E= -94.5372288865046  |g|= 0.225057
macro= 0  E= -94.5860965976363  delta_E= -0.0488677  |g|= 0.0337584  3 KF 11 JK
macro= 1  E= -94.5863373347494  delta_E= -0.000240737  |g|= 8.4446e-05  3 KF 11 JK
macro= 2  E= -94.5863373347495  delta_E= -8.52651e-14  |g|= 9.61927e-06  1 KF 2 JK
Canonicalize SCF orbitals
macro X = 3  E=-94.5863373347495  |g|= 9.61927e-06  total 8 KF 28 JK
converged SCF energy = -94.5863373347495  <S^2> = 0.76002589  2S+1 = 2.0100009
uhf_internal: lowest eigs of H = [0.16128307 0.53511204 0.54018141]
<class 'pyscf.soscf.newton_ah.SecondOrderUHF'> wavefunction is stable in the internal stability analysis

******** <class 'pyscf.cc.uccsd.UCCSD'> ********
CC2 = 0
CCSD nocc = (np.int64(7), np.int64(6)), nmo = (34, 34)
frozen orbitals 2
max_cycle = 50
direct = 0
conv_tol = 1e-07
conv_tol_normt = 1e-06
diis_space = 6
diis_start_cycle = 0
diis_start_energy_diff = 1e+09
max_memory 40000 MB (current use 1162 MB)
Init t2, MP2 energy = -0.256899161453669
Init E_corr(UCCSD) = -0.256899161505065
cycle = 1  E_corr(UCCSD) = -0.279096193668775  dE = -0.0221970322  norm(t1,t2) = 0.0595015
cycle = 2  E_corr(UCCSD) = -0.286284578909751  dE = -0.00718838524  norm(t1,t2) = 0.0201604
cycle = 3  E_corr(UCCSD) = -0.289594917913903  dE = -0.003310339  norm(t1,t2) = 0.0105173
cycle = 4  E_corr(UCCSD) = -0.289992563631491  dE = -0.000397645718  norm(t1,t2) = 0.00332951
cycle = 5  E_corr(UCCSD) = -0.289909659713521  dE = 8.2903918e-05  norm(t1,t2) = 0.00188752
cycle = 6  E_corr(UCCSD) = -0.289922181552147  dE = -1.25218386e-05  norm(t1,t2) = 0.000482251
cycle = 7  E_corr(UCCSD) = -0.28992516984556  dE = -2.98829341e-06  norm(t1,t2) = 0.000156199
cycle = 8  E_corr(UCCSD) = -0.289924076350679  dE = 1.09349488e-06  norm(t1,t2) = 6.38767e-05
cycle = 9  E_corr(UCCSD) = -0.289923702985311  dE = 3.73365368e-07  norm(t1,t2) = 2.6707e-05
cycle = 10  E_corr(UCCSD) = -0.289923393928574  dE = 3.09056736e-07  norm(t1,t2) = 9.01464e-06
cycle = 11  E_corr(UCCSD) = -0.289923241954143  dE = 1.51974431e-07  norm(t1,t2) = 3.57929e-06
cycle = 12  E_corr(UCCSD) = -0.289923180104383  dE = 6.18497607e-08  norm(t1,t2) = 1.47979e-06
cycle = 13  E_corr(UCCSD) = -0.289923154428913  dE = 2.567547e-08  norm(t1,t2) = 6.97809e-07
UCCSD converged
E(UCCSD) = -94.87626048917838  E_corr = -0.2899231544289128
UCCSD(T) correction = -0.00595455916162313
