#INFO: **** input file is /projects/yizh8382/projects/w4_17/w4-17_all/pyscf_input/run_pyscf_vdzsd.py ****
import os
import glob
import numpy as np
from pyscf import gto, scf, cc

# basis = "ccpvdz"
xyz_dir = "../w4_17_xyz/open_shell"
results_file = f"../result/open_shell_uhf_sym_vdzsd.dat"
out_dir = "../result/molout/open_shell"
os.makedirs(out_dir, exist_ok=True)

# Set to a list of molecule names to run only those, e.g. ["acetaldehyde", "benzene"]
# Set to None to run all molecules in xyz_dir
select_molecules = None
symmetry = True

def vdzsd(elem):
    if elem in ('H', 'He'):
        raw_basis = gto.basis.load('ccpvdz', elem)
        return [b for b in raw_basis if b[0] != 1]
    else:
        return gto.basis.load('ccpvdz', elem)

def get_vdzsd_basis(atoms):
    elems = {line.split()[0] for line in atoms.strip().splitlines() if line.strip()}
    basis_dict = {el: vdzsd(el) for el in elems}
    return basis_dict

all_xyz = sorted(glob.glob(os.path.join(xyz_dir, "*.xyz")))
if select_molecules is not None:
    select_set = set(select_molecules)
    xyz_files = [p for p in all_xyz if os.path.splitext(os.path.basename(p))[0] in select_set]
    missing = select_set - {os.path.splitext(os.path.basename(p))[0] for p in xyz_files}
    if missing:
        print(f"Warning: no .xyz file found for: {', '.join(sorted(missing))} in {xyz_dir}")
else:
    xyz_files = all_xyz

with open(results_file, "w") as out:
    out.write(f"{'Molecule':<16s} {'Charge':>6s} {'2S':>6s} {'frozen':>6s} "
              f"{'E_HF (Eh)':>20s} {'E_CCSD (Eh)':>20s} {'E_CCSD(T) (Eh)':>20s}\n")
    out.write("-" * 100 + "\n")

for xyz_path in xyz_files:
    with open(xyz_path, "r") as f:
        lines = f.readlines()

    # Parse charge and multiplicity from second line: "name charge=X mult=Y"
    second_line = lines[1]
    charge = int(second_line.split("charge=")[1].split()[0])
    mult   = int(second_line.split("mult=")[1].split()[0])
    spin   = mult - 1   # PySCF spin input is 2S = mult - 1
    mol_name = second_line.split()[0]

    # Coordinates only (skip the atom count and comment lines)
    atoms = "".join(lines[2:])
    basis_dict = get_vdzsd_basis(atoms)

    print(f"\n{'='*60}")
    print(f"Running: {mol_name}  charge={charge}  spin={spin}")
    print(f"{'='*60}")
    
    mol = gto.M(
        atom=atoms,
        basis=basis_dict,
        verbose=4,
        output=os.path.join(out_dir, f"{mol_name}_sym_vdzsd.out"),
        unit="angstrom",
        symmetry=symmetry,
        charge=charge,
        spin=spin,
        max_memory=40000,
    )

    mf = scf.UHF(mol)
    mf.max_cycle = 200
    mf = mf.newton()
    mf.kernel()

    # Stability check loop — at most 10 attempts
    max_stability_cycles = 10
    stable = False
    for stability_iter in range(max_stability_cycles):
        mo_i, _, stable, _ = mf.stability(return_status=True)
        if stable:
            break
        dm = mf.make_rdm1(mo_i, mf.mo_occ)
        mf.kernel(dm0=dm)

    if not stable or not mf.converged:
        print(f"  !! SCF did not converge for {mol_name} — skipping.")
        with open(results_file, "a") as out:
            out.write(f"{mol_name:<16s} {charge:>6d} {spin:>6d} {'N/A':>6s} "
                      f"{'UNCONVERGED':>20s} {'UNCONVERGED':>20s} {'UNCONVERGED':>20s}\n")
        continue

    energy = mf.e_tot

    mycc = cc.CCSD(mf)
    mycc.set_frozen()
    mycc.kernel()
    e_ccsd = mycc.e_tot
    et = mycc.ccsd_t()
    e_ccsdt = e_ccsd + et
    frozen = mycc.frozen

    with open(results_file, "a") as out:
        out.write(f"{mol_name:<16s} {charge:>6d} {spin:>6d} {frozen:>6d} "
                  f"{energy:>20.10f} {e_ccsd:>20.10f} {e_ccsdt:>20.10f}\n")

    print(f"  => E_HF({mol_name})     = {energy:.10f} Eh")
    print(f"  => E_CCSD({mol_name})    = {e_ccsd:.10f} Eh")
    print(f"  => E_CCSD(T)({mol_name}) = {e_ccsdt:.10f} Eh")

print(f"\nAll calculations complete. Results saved to {results_file}")
#INFO: ******************** input file end ********************


System: uname_result(system='Linux', node='bnode0304.rc.int.colorado.edu', release='4.18.0-477.27.1.el8_8.x86_64', version='#1 SMP Thu Aug 31 10:29:22 EDT 2023', machine='x86_64')  Threads 28
Python 3.10.2 | packaged by conda-forge | (main, Mar  8 2022, 15:52:01) [GCC 9.4.0]
numpy 2.0.2  scipy 1.14.1  h5py 3.12.1
Date: Thu May 14 13:15:42 2026
PySCF version 2.9.0
PySCF path  /projects/yizh8382/tools/lno_pyscf_gcc
GIT HEAD (branch master) 142756584ed3963728cc1f6823286f4605811a6c

[ENV] PYSCF_TMPDIR /scratch/alpine/yizh8382/pyscf
[ENV] PYSCF_EXT_PATH /home/yizh8382/tools/pyscf-forge
[CONFIG] conf_file None
[INPUT] verbose = 4
[INPUT] num. atoms = 8
[INPUT] num. electrons = 23
[INPUT] charge = 0
[INPUT] spin (= nelec alpha-beta = 2S) = 1
[INPUT] symmetry True subgroup None
[INPUT] Mole.unit = angstrom
[INPUT] Symbol           X                Y                Z      unit          X                Y                Z       unit  Magmom
[INPUT]  1 C     -0.030471684900  -0.361867578600   0.766928974500 AA   -0.057583139015  -0.683830616914   1.449285718799 Bohr   0.0
[INPUT]  2 C     -0.030471684900  -0.361867578600  -0.766928974500 AA   -0.057583139015  -0.683830616914  -1.449285718799 Bohr   0.0
[INPUT]  3 C      0.165914998200   0.877579694800   0.000000000000 AA    0.313533906556   1.658385275651   0.000000000000 Bohr   0.0
[INPUT]  4 H     -0.967271437400  -0.508414670900   1.291891779100 AA   -1.827878104800  -0.960764485712   2.441321645076 Bohr   0.0
[INPUT]  5 H      0.828057543700  -0.819501908300   1.243786276500 AA    1.564801972973  -1.548634165245   2.350415420078 Bohr   0.0
[INPUT]  6 H     -0.967271437400  -0.508414670900  -1.291891779100 AA   -1.827878104800  -0.960764485712  -2.441321645076 Bohr   0.0
[INPUT]  7 H      0.828057543700  -0.819501908300  -1.243786276500 AA    1.564801972973  -1.548634165245  -2.350415420078 Bohr   0.0
[INPUT]  8 H     -0.394029790900   1.798796640600   0.000000000000 AA   -0.744608389721   3.399233004522   0.000000000000 Bohr   0.0

nuclear repulsion = 69.1912931433218
point group symmetry = Cs
symmetry origin: [-3.50238618e-03  5.42521537e-03  1.93082265e-17]
symmetry axis x: [ 9.99951024e-01  9.89694096e-03 -2.89639906e-18]
symmetry axis y: [ 9.89694096e-03 -9.99951024e-01  2.92641658e-16]
symmetry axis z: [0.00000000e+00 2.92655991e-16 1.00000000e+00]
num. orbitals of irrep A' = 30
num. orbitals of irrep A" = 22
number of shells = 25
number of NR pGTOs = 98
number of NR cGTOs = 52
basis = {'H': [[0, [13.01, 0.019685], [1.962, 0.137977], [0.4446, 0.478148]], [0, [0.122, 1.0]]], 'C': [[0, [6665.0, 0.000692, -0.000146], [1000.0, 0.005329, -0.001154], [228.0, 0.027077, -0.005725], [64.71, 0.101718, -0.023312], [21.06, 0.27474, -0.063955], [7.495, 0.448564, -0.149981], [2.797, 0.285074, -0.127262], [0.5215, 0.015204, 0.544529]], [0, [0.1596, 1.0]], [1, [9.439, 0.038109], [2.002, 0.20948], [0.5456, 0.508557]], [1, [0.1517, 1.0]], [2, [0.55, 1.0]]]}
ecp = {}
CPU time:      6937.12
Freeze 0 electrons in irreps []
    23 free electrons in irreps A' A"




******** <class 'pyscf.soscf.newton_ah.SecondOrderSymAdaptedUHF'> ********
method = SecondOrderSymAdaptedUHF
initial guess = minao
damping factor = 0
level_shift factor = 0
DIIS = <class 'pyscf.scf.diis.CDIIS'>
diis_start_cycle = 1
diis_space = 8
diis_damp = 0
SCF conv_tol = 1e-09
SCF conv_tol_grad = None
SCF max_cycles = 200
direct_scf = True
direct_scf_tol = 1e-13
chkfile to save SCF result = /scratch/alpine/yizh8382/pyscf/tmpwone7fs5
max_memory 40000 MB (current use 537 MB)
number electrons alpha = 12  beta = 11
******** <class 'pyscf.scf.uhf_symm.SymAdaptedUHF'> Newton solver flags ********
SCF tol = 1e-09
conv_tol_grad = None
max. SCF cycles = 200
direct_scf = True
direct_scf_tol = 1e-13
chkfile to save SCF result = /scratch/alpine/yizh8382/pyscf/tmpwone7fs5
max_cycle_inner = 12
max_stepsize = 0.05
ah_start_tol = 1e+09
ah_level_shift = 0
ah_conv_tol = 1e-12
ah_lindep = 1e-14
ah_start_cycle = 1
ah_max_cycle = 40
ah_grad_trust_region = 2.5
kf_interval = 4
kf_trust_region = 5
canonicalization = True
max_memory 40000 MB (current use 537 MB)
Set conv_tol_grad to 3.16228e-05
alpha HOMO (A') = -0.116357985654302  LUMO (A') = 0.144604743803816
beta  HOMO (A") = -0.311803121640838  LUMO (A') = -0.116357985654302

WARN: alpha-A' HOMO -0.116357985654302 > system LUMO -0.116357985654302


WARN: beta-A' LUMO -0.116357985654302 < system HOMO -0.116357985654302

Initial guess E= -116.358510925496  |g|= 0.214974
macro= 0  E= -116.407388988794  delta_E= -0.0488781  |g|= 0.00636645  4 KF 13 JK
macro= 1  E= -116.407395308699  delta_E= -6.31991e-06  |g|= 2.0402e-05  3 KF 10 JK
macro= 2  E= -116.407395308699  delta_E= 5.96856e-13  |g|= 7.55055e-06  1 KF 2 JK
Canonicalize SCF orbitals
macro X = 3  E=-116.407395308699  |g|= 7.55055e-06  total 9 KF 29 JK
converged SCF energy = -116.407395308699  <S^2> = 0.76039762  2S+1 = 2.0103707
uhf_internal: lowest eigs of H = [0.45467052 0.5419517  0.59474437]
<class 'pyscf.soscf.newton_ah.SecondOrderSymAdaptedUHF'> wavefunction is stable in the internal stability analysis

******** <class 'pyscf.cc.uccsd.UCCSD'> ********
CC2 = 0
CCSD nocc = (9, 8), nmo = (49, 49)
frozen orbitals 3
max_cycle = 50
direct = 0
conv_tol = 1e-07
conv_tol_normt = 1e-06
diis_space = 6
diis_start_cycle = 0
diis_start_energy_diff = 1e+09
max_memory 40000 MB (current use 537 MB)
Init t2, MP2 energy = -0.357765274644037
Init E_corr(UCCSD) = -0.357765274676357
cycle = 1  E_corr(UCCSD) = -0.381123681633207  dE = -0.023358407  norm(t1,t2) = 0.0695069
cycle = 2  E_corr(UCCSD) = -0.390687886319361  dE = -0.00956420469  norm(t1,t2) = 0.0228459
cycle = 3  E_corr(UCCSD) = -0.394634702982845  dE = -0.00394681666  norm(t1,t2) = 0.0113248
cycle = 4  E_corr(UCCSD) = -0.395122628208898  dE = -0.000487925226  norm(t1,t2) = 0.00357541
cycle = 5  E_corr(UCCSD) = -0.395002975370378  dE = 0.000119652839  norm(t1,t2) = 0.00196056
cycle = 6  E_corr(UCCSD) = -0.395006205296872  dE = -3.22992649e-06  norm(t1,t2) = 0.000629956
cycle = 7  E_corr(UCCSD) = -0.395019201431337  dE = -1.29961345e-05  norm(t1,t2) = 0.000255668
cycle = 8  E_corr(UCCSD) = -0.395015721345738  dE = 3.4800856e-06  norm(t1,t2) = 0.000123117
cycle = 9  E_corr(UCCSD) = -0.395016776468009  dE = -1.05512227e-06  norm(t1,t2) = 5.37044e-05
cycle = 10  E_corr(UCCSD) = -0.395015870404517  dE = 9.06063492e-07  norm(t1,t2) = 1.83821e-05
cycle = 11  E_corr(UCCSD) = -0.395015777188447  dE = 9.32160696e-08  norm(t1,t2) = 6.2589e-06
cycle = 12  E_corr(UCCSD) = -0.395015592754  dE = 1.84434447e-07  norm(t1,t2) = 2.7879e-06
cycle = 13  E_corr(UCCSD) = -0.395015555877705  dE = 3.68762955e-08  norm(t1,t2) = 1.05501e-06
cycle = 14  E_corr(UCCSD) = -0.395015543816002  dE = 1.20617023e-08  norm(t1,t2) = 3.22041e-07
UCCSD converged
E(UCCSD) = -116.8024108525145  E_corr = -0.3950155438160022
UCCSD(T) correction = -0.0114474533452082
