
    ________                     _____                    
    ___  __ \___  __________________(_)_____________ _    
    __  /_/ /  / / /_  __ \_  __ \_  /__  __ \_  __ `/    
    _  _, _// /_/ /_  / / /  / / /  / _  / / /  /_/ /     
    /_/ |_| \__,_/ /_/ /_//_/ /_//_/  /_/ /_/_\__, /      
                                             /____/       
    _____________________________  ___________            
    ___    |__  ____/_  __ \__   |/  /_  ____/            
    __  /| |_  /_   _  / / /_  /|_/ /_  /                 
    _  ___ |  __/   / /_/ /_  /  / / / /___               
    /_/  |_/_/      \___\_\/_/  /_/  \____/               

Hostname:     gpua082.delta.ncsa.illinois.edu
System:       Linux
Node:         gpua082.delta.ncsa.illinois.edu
Release:      5.14.0-427.91.1.el9_4.x86_64
Machine:      x86_64
Processor:    x86_64
JAX backend:  GPU
JAX devices:  [CudaDevice(id=0)]
Device kind:  NVIDIA A100-SXM4-40GB
Platform:     gpu

Load system from Integral File
Maximum memory per walker:            66.67
Maximum number of Cholesky per chunk: 988
Number of Cholesky chunks:            1
Number of Cholesky per chunk:         288
Number of padding Cholesky:           0

QMC System
Number of electrons: (4, 3)
Spin Multiplicity:   1
Number of orbitals:  47
Number of Chol:      288

QMC Parameters
eql_time            :                   50
n_blocks            :                 1000
n_walkers           :                  300
max_error           :                  0.0
seed                :                   17
walker_type         :                  uhf
trial               :             upt2ccsd
mix_precision       :                 True
max_memory          :                20000
dt                  :                0.005
n_exp_terms         :                    6
n_prop_steps        :                   50
save_walkers        :                False
free_projection     :                False
n_batch             :                    1
nchol_chunk         :                  288

Initalize QMC walkers by stochastic CCSD

Equilibration
inv_T        weight  killW        energy   runTime
 0.00    300.000000      0    -55.784299     10.72
 5.00    299.579325      0    -55.788633     18.42
10.00    299.446182      0    -55.785990     19.65
15.00    299.744284      0    -55.802175     20.89
20.00    299.596497      1    -55.783509     22.12
25.00    299.131715      0    -55.777915     23.35
30.00    299.271116      0    -55.783520     24.59
35.00    299.471379      0    -55.810241     25.82
40.00    299.057083      0    -55.773610     27.05
45.00    299.544887      0    -55.791368     28.36
50.00    299.268874      0    -55.793638     29.62

Sampling
blocks        weight  killW       E_Guide     error       E_Trial     error     olp_T/G     error  Walltime
    20    299.345529      3    -55.794695  0.001503    -55.791132  0.000220   -1.000503  0.000081   39.25
    40    299.403988      3    -55.791677  0.002124    -55.791026  0.000206   -1.000651  0.000086   43.94
    60    299.375613      3    -55.790218  0.001651    -55.790788  0.000178   -1.000670  0.000056   48.71
    80    299.384883      3    -55.790738  0.001334    -55.790730  0.000147   -1.000660  0.000042   53.48
   100    299.364951      3    -55.790580  0.001058    -55.790669  0.000130   -1.000642  0.000038   58.25
   120    299.360033      3    -55.790404  0.001118    -55.790728  0.000117   -1.000616  0.000037   63.01
   140    299.343072      3    -55.790509  0.000966    -55.790649  0.000108   -1.000609  0.000036   67.78
   160    299.339500      3    -55.790565  0.000906    -55.790630  0.000099   -1.000607  0.000031   72.55
   180    299.330108      3    -55.790679  0.000774    -55.790614  0.000092   -1.000588  0.000031   77.31
   200    299.322672      4    -55.790386  0.000812    -55.790614  0.000092   -1.000616  0.000036   82.09
   220    299.318496      4    -55.790229  0.000743    -55.790640  0.000089   -1.000619  0.000033   86.85
   240    299.316267      4    -55.789803  0.000708    -55.790599  0.000085   -1.000629  0.000031   91.63
   260    299.309609      6    -55.789324  0.000712    -55.790610  0.000082   -1.000625  0.000029   96.39
   280    299.308811      8    -55.789559  0.000703    -55.790677  0.000082   -1.000618  0.000027  101.16
   300    299.314232      8    -55.789605  0.000661    -55.790695  0.000081   -1.000608  0.000026  105.93
   320    299.315910      8    -55.789627  0.000649    -55.790693  0.000078   -1.000596  0.000026  110.69
   340    299.322767      8    -55.790022  0.000703    -55.790760  0.000085   -1.000583  0.000026  115.46
   360    299.321879     10    -55.789964  0.000663    -55.790767  0.000083   -1.000577  0.000025  120.24
   380    299.323612     10    -55.789752  0.000662    -55.790764  0.000080   -1.000576  0.000024  125.00
   400    299.322232     10    -55.789814  0.000670    -55.790742  0.000087   -1.000577  0.000023  129.78
   420    299.321458     10    -55.789768  0.000649    -55.790773  0.000090   -1.000577  0.000022  134.54
   440    299.320222     11    -55.789702  0.000628    -55.790758  0.000087   -1.000578  0.000021  139.31
   460    299.318032     11    -55.789752  0.000601    -55.790747  0.000085   -1.000580  0.000021  144.08
   480    299.316065     13    -55.789945  0.000632    -55.790740  0.000082   -1.000580  0.000021  148.88
   500    299.314749     13    -55.789848  0.000633    -55.790741  0.000080   -1.000580  0.000020  153.61
   520    299.313029     13    -55.790130  0.000629    -55.790759  0.000077   -1.000579  0.000021  158.38
   540    299.310921     13    -55.790187  0.000610    -55.790763  0.000075   -1.000566  0.000022  163.15
   560    299.312261     14    -55.790238  0.000595    -55.790767  0.000073   -1.000561  0.000022  167.92
   580    299.311694     14    -55.790239  0.000586    -55.790775  0.000071   -1.000564  0.000021  172.68
   600    299.307203     14    -55.790139  0.000603    -55.790756  0.000070   -1.000565  0.000021  177.46
   620    299.306925     14    -55.790271  0.000600    -55.790771  0.000069   -1.000565  0.000020  182.22
   640    299.307868     15    -55.790317  0.000621    -55.790761  0.000068   -1.000563  0.000020  186.99
   660    299.307610     17    -55.790395  0.000605    -55.790769  0.000067   -1.000565  0.000020  191.77
   680    299.304896     17    -55.790331  0.000636    -55.790772  0.000066   -1.000565  0.000019  196.53
   700    299.303156     17    -55.790300  0.000623    -55.790758  0.000065   -1.000567  0.000019  201.30
   720    299.299598     17    -55.790150  0.000615    -55.790744  0.000063   -1.000564  0.000020  206.07
   740    299.302904     17    -55.790254  0.000601    -55.790745  0.000062   -1.000566  0.000019  210.83
   760    299.303533     18    -55.790369  0.000603    -55.790739  0.000061   -1.000567  0.000019  215.61
   780    299.303179     19    -55.790391  0.000594    -55.790734  0.000060   -1.000570  0.000018  220.37
   800    299.303294     19    -55.790457  0.000571    -55.790735  0.000058   -1.000572  0.000018  225.14
   820    299.301645     24    -55.790593  0.000578    -55.790767  0.000059   -1.000569  0.000018  229.91
   840    299.303356     26    -55.790628  0.000568    -55.790759  0.000058   -1.000570  0.000018  234.68
   860    299.302966     27    -55.790490  0.000559    -55.790755  0.000058   -1.000573  0.000017  239.45
   880    299.302953     27    -55.790348  0.000577    -55.790742  0.000057   -1.000577  0.000018  244.21
   900    299.304510     28    -55.790355  0.000577    -55.790746  0.000056   -1.000572  0.000018  248.99
   920    299.305619     28    -55.790355  0.000564    -55.790739  0.000055   -1.000573  0.000019  253.75
   940    299.305476     28    -55.790484  0.000551    -55.790743  0.000055   -1.000575  0.000018  258.52
   960    299.304484     29    -55.790452  0.000552    -55.790736  0.000054   -1.000576  0.000018  263.30
   980    299.301199     32    -55.790322  0.000549    -55.790736  0.000053   -1.000578  0.000018  268.08
  1000    299.300011     32    -55.790338  0.000544    -55.790746  0.000052   -1.000573  0.000017  272.83

Post Propagation Process
Total number of samples 1000
Raw AFQMC/HF (Guide) energy:           -55.790338 ± 0.000544
Raw Trial/Guide overlap ratio:          -1.000573 ± 0.000017
Raw AFQMC/pt2CCSD energy (covariance): -55.790746 ± 0.000052
Raw AFQMC/pt2CCSD energy (dir sample): -55.790746 ± 0.000043

Remove Outliers
removing energies outside zeta > 30
Outlier energy bound [-55.823226, -55.757799]
Removed 0 outliers with energies []
Clean AFQMC/pt2CCSD overlap ratio:        -1.000573 ± 0.000017
Clean AFQMC/pt2CCSD energy (covariance): -55.790746 ± 0.000052
Clean AFQMC/ptCCSD energy (dir sample):  -55.790746 ± 0.000043

Blocking Analysis
nsample = 1000, max_block_size = 25, min_nblocks = 40
   B    NB    NS  Observable     Error    dError
   1  1000  1000   -1.000573  0.000007  0.000000
   2   500  1000   -1.000573  0.000009  0.000000
   3   333   999   -1.000573  0.000010  0.000000
   4   250  1000   -1.000573  0.000011  0.000001
   5   200  1000   -1.000573  0.000012  0.000001
   6   166   996   -1.000574  0.000012  0.000001
   7   142   994   -1.000574  0.000013  0.000001
   8   125  1000   -1.000573  0.000014  0.000001
   9   111   999   -1.000573  0.000013  0.000001
  10   100  1000   -1.000573  0.000014  0.000001
  11    90   990   -1.000576  0.000014  0.000001
  12    83   996   -1.000574  0.000015  0.000001
  13    76   988   -1.000576  0.000015  0.000001
  14    71   994   -1.000574  0.000015  0.000001
  15    66   990   -1.000576  0.000015  0.000001
  16    62   992   -1.000575  0.000015  0.000001
  17    58   986   -1.000577  0.000015  0.000001
  18    55   990   -1.000576  0.000016  0.000002
  19    52   988   -1.000576  0.000015  0.000002
  20    50  1000   -1.000573  0.000017  0.000002
  21    47   987   -1.000577  0.000016  0.000002
  22    45   990   -1.000576  0.000017  0.000002
  23    43   989   -1.000576  0.000016  0.000002
  24    41   984   -1.000578  0.000016  0.000002
  25    40  1000   -1.000573  0.000017  0.000002
Fit (variance): plateau_var = 2.668e-10 ± 2.124e-11
Fit (error):    plateau = 0.000016 ± 0.000001
     autocorrelation length ~ 7.1 blocks
     plateau reached at block size ~ 33
     !!!Failed to reach plateau in blocking
     Return max block error
nclean = 1000, max_block_size = 25, min_nblocks = 40
Blk_SZ   NBlk   NSmp      Energy     Error    dError
     1   1000   1000  -55.790718  0.000043  0.000001
     2    500   1000  -55.790725  0.000047  0.000001
     3    333    999  -55.790728  0.000050  0.000002
     4    250   1000  -55.790731  0.000050  0.000002
     5    200   1000  -55.790734  0.000050  0.000003
     6    166    996  -55.790733  0.000050  0.000003
     7    142    994  -55.790733  0.000049  0.000003
     8    125   1000  -55.790737  0.000056  0.000004
     9    111    999  -55.790737  0.000050  0.000003
    10    100   1000  -55.790738  0.000053  0.000004
    11     90    990  -55.790732  0.000052  0.000004
    12     83    996  -55.790737  0.000054  0.000004
    13     76    988  -55.790733  0.000055  0.000005
    14     71    994  -55.790737  0.000051  0.000004
    15     66    990  -55.790735  0.000052  0.000005
    16     62    992  -55.790736  0.000056  0.000005
    17     58    986  -55.790731  0.000060  0.000006
    18     55    990  -55.790734  0.000051  0.000005
    19     52    988  -55.790735  0.000057  0.000006
    20     50   1000  -55.790742  0.000057  0.000006
    21     47    987  -55.790734  0.000054  0.000006
    22     45    990  -55.790735  0.000058  0.000006
    23     43    989  -55.790736  0.000048  0.000005
    24     41    984  -55.790732  0.000055  0.000006
    25     40   1000  -55.790743  0.000052  0.000006
Fit (variance): plateau_var = 2.819838e-09 ± 1.300891e-10
Fit (error):    plateau = 0.000053 ± 0.000001
     autocorrelation length ~ 2.7 blocks
     plateau reached at block size ~ 11
Final AFQMC/pt2CCSD overlap ratio: -1.000573 ± 0.000017
Final AFQMC/pt2CCSD energy: -55.790746 ± 0.000053
Total run time: 281.19

AFQMC Sampling Finished

