#INFO: **** input file is /projects/yizh8382/projects/w4_17/w4-17_all/pyscf_input/run_pyscf_vdzsd.py ****
import os
import glob
import numpy as np
from pyscf import gto, scf, cc

# basis = "ccpvdz"
xyz_dir = "../w4_17_xyz/open_shell"
results_file = f"../result/open_shell_uhf_vdzsd.dat"
out_dir = "../result/molout/open_shell"
os.makedirs(out_dir, exist_ok=True)

# Set to a list of molecule names to run only those, e.g. ["acetaldehyde", "benzene"]
# Set to None to run all molecules in xyz_dir
select_molecules = None
symmetry = False

def vdzsd(elem):
    if elem in ('H', 'He'):
        raw_basis = gto.basis.load('ccpvdz', elem)
        return [b for b in raw_basis if b[0] != 1]
    else:
        return gto.basis.load('ccpvdz', elem)

def get_vdzsd_basis(atoms):
    elems = {line.split()[0] for line in atoms.strip().splitlines() if line.strip()}
    basis_dict = {el: vdzsd(el) for el in elems}
    return basis_dict

all_xyz = sorted(glob.glob(os.path.join(xyz_dir, "*.xyz")))
if select_molecules is not None:
    select_set = set(select_molecules)
    xyz_files = [p for p in all_xyz if os.path.splitext(os.path.basename(p))[0] in select_set]
    missing = select_set - {os.path.splitext(os.path.basename(p))[0] for p in xyz_files}
    if missing:
        print(f"Warning: no .xyz file found for: {', '.join(sorted(missing))} in {xyz_dir}")
else:
    xyz_files = all_xyz

with open(results_file, "w") as out:
    out.write(f"{'Molecule':<16s} {'Charge':>6s} {'2S':>6s} {'frozen':>6s} "
              f"{'E_HF (Eh)':>20s} {'E_CCSD (Eh)':>20s} {'E_CCSD(T) (Eh)':>20s}\n")
    out.write("-" * 100 + "\n")

for xyz_path in xyz_files:
    with open(xyz_path, "r") as f:
        lines = f.readlines()

    # Parse charge and multiplicity from second line: "name charge=X mult=Y"
    second_line = lines[1]
    charge = int(second_line.split("charge=")[1].split()[0])
    mult   = int(second_line.split("mult=")[1].split()[0])
    spin   = mult - 1   # PySCF spin input is 2S = mult - 1
    mol_name = second_line.split()[0]

    # Coordinates only (skip the atom count and comment lines)
    atoms = "".join(lines[2:])
    basis_dict = get_vdzsd_basis(atoms)

    print(f"\n{'='*60}")
    print(f"Running: {mol_name}  charge={charge}  spin={spin}")
    print(f"{'='*60}")
    
    mol = gto.M(
        atom=atoms,
        basis=basis_dict,
        verbose=4,
        output=os.path.join(out_dir, f"{mol_name}_vdzsd.out"),
        unit="angstrom",
        symmetry=symmetry,
        charge=charge,
        spin=spin,
        max_memory=40000,
    )

    mf = scf.UHF(mol)
    mf.max_cycle = 200
    mf = mf.newton()
    mf.kernel()

    # Stability check loop — at most 10 attempts
    max_stability_cycles = 10
    stable = False
    for stability_iter in range(max_stability_cycles):
        mo_i, _, stable, _ = mf.stability(return_status=True)
        if stable:
            break
        dm = mf.make_rdm1(mo_i, mf.mo_occ)
        mf.kernel(dm0=dm)

    if not stable or not mf.converged:
        print(f"  !! SCF did not converge for {mol_name} — skipping.")
        with open(results_file, "a") as out:
            out.write(f"{mol_name:<16s} {charge:>6d} {spin:>6d} {'N/A':>6s} "
                      f"{'UNCONVERGED':>20s} {'UNCONVERGED':>20s} {'UNCONVERGED':>20s}\n")
        continue

    energy = mf.e_tot

    mycc = cc.CCSD(mf)
    mycc.set_frozen()
    mycc.kernel()
    e_ccsd = mycc.e_tot
    et = mycc.ccsd_t()
    e_ccsdt = e_ccsd + et
    frozen = mycc.frozen

    with open(results_file, "a") as out:
        out.write(f"{mol_name:<16s} {charge:>6d} {spin:>6d} {frozen:>6d} "
                  f"{energy:>20.10f} {e_ccsd:>20.10f} {e_ccsdt:>20.10f}\n")

    print(f"  => E_HF({mol_name})     = {energy:.10f} Eh")
    print(f"  => E_CCSD({mol_name})    = {e_ccsd:.10f} Eh")
    print(f"  => E_CCSD(T)({mol_name}) = {e_ccsdt:.10f} Eh")

print(f"\nAll calculations complete. Results saved to {results_file}")
#INFO: ******************** input file end ********************


System: uname_result(system='Linux', node='bnode0308.rc.int.colorado.edu', release='4.18.0-477.27.1.el8_8.x86_64', version='#1 SMP Thu Aug 31 10:29:22 EDT 2023', machine='x86_64')  Threads 28
Python 3.10.2 | packaged by conda-forge | (main, Mar  8 2022, 15:52:01) [GCC 9.4.0]
numpy 2.0.2  scipy 1.14.1  h5py 3.12.1
Date: Thu May 14 16:19:08 2026
PySCF version 2.9.0
PySCF path  /projects/yizh8382/tools/lno_pyscf_gcc
GIT HEAD (branch master) 142756584ed3963728cc1f6823286f4605811a6c

[ENV] PYSCF_TMPDIR /scratch/alpine/yizh8382/pyscf
[ENV] PYSCF_EXT_PATH /home/yizh8382/tools/pyscf-forge
[CONFIG] conf_file None
[INPUT] verbose = 4
[INPUT] num. atoms = 2
[INPUT] num. electrons = 8
[INPUT] charge = 0
[INPUT] spin (= nelec alpha-beta = 2S) = 2
[INPUT] symmetry False subgroup None
[INPUT] Mole.unit = angstrom
[INPUT] Symbol           X                Y                Z      unit          X                Y                Z       unit  Magmom
[INPUT]  1 N      0.000000000000   0.000000000000   0.129649000000 AA    0.000000000000   0.000000000000   0.245001102324 Bohr   0.0
[INPUT]  2 H      0.000000000000   0.000000000000  -0.907543000000 AA    0.000000000000   0.000000000000  -1.715007716266 Bohr   0.0

nuclear repulsion = 3.57141250264175
number of shells = 7
number of NR pGTOs = 30
number of NR cGTOs = 16
basis = {'H': [[0, [13.01, 0.019685], [1.962, 0.137977], [0.4446, 0.478148]], [0, [0.122, 1.0]]], 'N': [[0, [9046.0, 0.0007, -0.000153], [1357.0, 0.005389, -0.001208], [309.3, 0.027406, -0.005992], [87.73, 0.103207, -0.024544], [28.56, 0.278723, -0.067459], [10.21, 0.44854, -0.158078], [3.838, 0.278238, -0.121831], [0.7466, 0.01544, 0.549003]], [0, [0.2248, 1.0]], [1, [13.55, 0.039919], [2.917, 0.217169], [0.7973, 0.510319]], [1, [0.2185, 1.0]], [2, [0.817, 1.0]]]}
ecp = {}
CPU time:      2792.70




******** <class 'pyscf.soscf.newton_ah.SecondOrderUHF'> ********
method = SecondOrderUHF
initial guess = minao
damping factor = 0
level_shift factor = 0
DIIS = <class 'pyscf.scf.diis.CDIIS'>
diis_start_cycle = 1
diis_space = 8
diis_damp = 0
SCF conv_tol = 1e-09
SCF conv_tol_grad = None
SCF max_cycles = 200
direct_scf = True
direct_scf_tol = 1e-13
chkfile to save SCF result = /scratch/alpine/yizh8382/pyscf/tmphaeou1t8
max_memory 40000 MB (current use 571 MB)
number electrons alpha = 5  beta = 3
******** <class 'pyscf.scf.uhf.UHF'> Newton solver flags ********
SCF tol = 1e-09
conv_tol_grad = None
max. SCF cycles = 200
direct_scf = True
direct_scf_tol = 1e-13
chkfile to save SCF result = /scratch/alpine/yizh8382/pyscf/tmphaeou1t8
max_cycle_inner = 12
max_stepsize = 0.05
ah_start_tol = 1e+09
ah_level_shift = 0
ah_conv_tol = 1e-12
ah_lindep = 1e-14
ah_start_cycle = 1
ah_max_cycle = 40
ah_grad_trust_region = 2.5
kf_interval = 4
kf_trust_region = 5
canonicalization = True
max_memory 40000 MB (current use 571 MB)
Set conv_tol_grad to 3.16228e-05
  alpha nocc = 5  HOMO = -0.194776577551117  LUMO = 0.184624093397038
  beta  nocc = 3  HOMO = -0.392018852585397  LUMO = -0.194776577551118

WARN: system HOMO -0.194776577551117 >= system LUMO -0.194776577551118

Initial guess E= -54.9317911684954  |g|= 0.209632
macro= 0  E= -54.9610395044006  delta_E= -0.0292483  |g|= 3.6764e-05  4 KF 15 JK
macro= 1  E= -54.9610395044006  delta_E= -4.26326e-14  |g|= 2.98927e-06  1 KF 2 JK
Canonicalize SCF orbitals
macro X = 2  E=-54.9610395044006  |g|= 2.98927e-06  total 6 KF 20 JK
converged SCF energy = -54.9610395044006  <S^2> = 2.0143429  2S+1 = 3.0095468
uhf_internal: lowest eigs of H = [0.29088427 0.29088482 0.57341155]
<class 'pyscf.soscf.newton_ah.SecondOrderUHF'> wavefunction is stable in the internal stability analysis

******** <class 'pyscf.cc.uccsd.UCCSD'> ********
CC2 = 0
CCSD nocc = (4, 2), nmo = (15, 15)
frozen orbitals 1
max_cycle = 50
direct = 0
conv_tol = 1e-07
conv_tol_normt = 1e-06
diis_space = 6
diis_start_cycle = 0
diis_start_energy_diff = 1e+09
max_memory 40000 MB (current use 571 MB)
Init t2, MP2 energy = -0.0974350432145871
Init E_corr(UCCSD) = -0.0974350432183974
cycle = 1  E_corr(UCCSD) = -0.111859722953139  dE = -0.0144246797  norm(t1,t2) = 0.0345362
cycle = 2  E_corr(UCCSD) = -0.115089410090245  dE = -0.00322968714  norm(t1,t2) = 0.0132552
cycle = 3  E_corr(UCCSD) = -0.116894935675514  dE = -0.00180552559  norm(t1,t2) = 0.0064733
cycle = 4  E_corr(UCCSD) = -0.116845352213143  dE = 4.95834624e-05  norm(t1,t2) = 0.00183945
cycle = 5  E_corr(UCCSD) = -0.116881578774184  dE = -3.6226561e-05  norm(t1,t2) = 0.000676446
cycle = 6  E_corr(UCCSD) = -0.116881487151369  dE = 9.16228145e-08  norm(t1,t2) = 0.000234521
cycle = 7  E_corr(UCCSD) = -0.116881646891104  dE = -1.59739735e-07  norm(t1,t2) = 7.94434e-05
cycle = 8  E_corr(UCCSD) = -0.116881620897323  dE = 2.59937815e-08  norm(t1,t2) = 2.71354e-05
cycle = 9  E_corr(UCCSD) = -0.116881719403329  dE = -9.85060068e-08  norm(t1,t2) = 7.75333e-06
cycle = 10  E_corr(UCCSD) = -0.116881681690431  dE = 3.77128982e-08  norm(t1,t2) = 2.078e-06
cycle = 11  E_corr(UCCSD) = -0.116881700247941  dE = -1.85575098e-08  norm(t1,t2) = 4.62444e-07
UCCSD converged
E(UCCSD) = -55.07792120464858  E_corr = -0.1168817002479411
UCCSD(T) correction = -0.00114462095967679
