#INFO: **** input file is /projects/yizh8382/projects/w4_17/w4-17_all/pyscf_input/run_pyscf_vdzsd.py ****
import os
import glob
import numpy as np
from pyscf import gto, scf, cc

# basis = "ccpvdz"
xyz_dir = "../w4_17_xyz/open_shell"
results_file = f"../result/open_shell_uhf_sym_vdzsd.dat"
out_dir = "../result/molout/open_shell"
os.makedirs(out_dir, exist_ok=True)

# Set to a list of molecule names to run only those, e.g. ["acetaldehyde", "benzene"]
# Set to None to run all molecules in xyz_dir
select_molecules = None
symmetry = True

def vdzsd(elem):
    if elem in ('H', 'He'):
        raw_basis = gto.basis.load('ccpvdz', elem)
        return [b for b in raw_basis if b[0] != 1]
    else:
        return gto.basis.load('ccpvdz', elem)

def get_vdzsd_basis(atoms):
    elems = {line.split()[0] for line in atoms.strip().splitlines() if line.strip()}
    basis_dict = {el: vdzsd(el) for el in elems}
    return basis_dict

all_xyz = sorted(glob.glob(os.path.join(xyz_dir, "*.xyz")))
if select_molecules is not None:
    select_set = set(select_molecules)
    xyz_files = [p for p in all_xyz if os.path.splitext(os.path.basename(p))[0] in select_set]
    missing = select_set - {os.path.splitext(os.path.basename(p))[0] for p in xyz_files}
    if missing:
        print(f"Warning: no .xyz file found for: {', '.join(sorted(missing))} in {xyz_dir}")
else:
    xyz_files = all_xyz

with open(results_file, "w") as out:
    out.write(f"{'Molecule':<16s} {'Charge':>6s} {'2S':>6s} {'frozen':>6s} "
              f"{'E_HF (Eh)':>20s} {'E_CCSD (Eh)':>20s} {'E_CCSD(T) (Eh)':>20s}\n")
    out.write("-" * 100 + "\n")

for xyz_path in xyz_files:
    with open(xyz_path, "r") as f:
        lines = f.readlines()

    # Parse charge and multiplicity from second line: "name charge=X mult=Y"
    second_line = lines[1]
    charge = int(second_line.split("charge=")[1].split()[0])
    mult   = int(second_line.split("mult=")[1].split()[0])
    spin   = mult - 1   # PySCF spin input is 2S = mult - 1
    mol_name = second_line.split()[0]

    # Coordinates only (skip the atom count and comment lines)
    atoms = "".join(lines[2:])
    basis_dict = get_vdzsd_basis(atoms)

    print(f"\n{'='*60}")
    print(f"Running: {mol_name}  charge={charge}  spin={spin}")
    print(f"{'='*60}")
    
    mol = gto.M(
        atom=atoms,
        basis=basis_dict,
        verbose=4,
        output=os.path.join(out_dir, f"{mol_name}_sym_vdzsd.out"),
        unit="angstrom",
        symmetry=symmetry,
        charge=charge,
        spin=spin,
        max_memory=40000,
    )

    mf = scf.UHF(mol)
    mf.max_cycle = 200
    mf = mf.newton()
    mf.kernel()

    # Stability check loop — at most 10 attempts
    max_stability_cycles = 10
    stable = False
    for stability_iter in range(max_stability_cycles):
        mo_i, _, stable, _ = mf.stability(return_status=True)
        if stable:
            break
        dm = mf.make_rdm1(mo_i, mf.mo_occ)
        mf.kernel(dm0=dm)

    if not stable or not mf.converged:
        print(f"  !! SCF did not converge for {mol_name} — skipping.")
        with open(results_file, "a") as out:
            out.write(f"{mol_name:<16s} {charge:>6d} {spin:>6d} {'N/A':>6s} "
                      f"{'UNCONVERGED':>20s} {'UNCONVERGED':>20s} {'UNCONVERGED':>20s}\n")
        continue

    energy = mf.e_tot

    mycc = cc.CCSD(mf)
    mycc.set_frozen()
    mycc.kernel()
    e_ccsd = mycc.e_tot
    et = mycc.ccsd_t()
    e_ccsdt = e_ccsd + et
    frozen = mycc.frozen

    with open(results_file, "a") as out:
        out.write(f"{mol_name:<16s} {charge:>6d} {spin:>6d} {frozen:>6d} "
                  f"{energy:>20.10f} {e_ccsd:>20.10f} {e_ccsdt:>20.10f}\n")

    print(f"  => E_HF({mol_name})     = {energy:.10f} Eh")
    print(f"  => E_CCSD({mol_name})    = {e_ccsd:.10f} Eh")
    print(f"  => E_CCSD(T)({mol_name}) = {e_ccsdt:.10f} Eh")

print(f"\nAll calculations complete. Results saved to {results_file}")
#INFO: ******************** input file end ********************


System: uname_result(system='Linux', node='bnode0304.rc.int.colorado.edu', release='4.18.0-477.27.1.el8_8.x86_64', version='#1 SMP Thu Aug 31 10:29:22 EDT 2023', machine='x86_64')  Threads 28
Python 3.10.2 | packaged by conda-forge | (main, Mar  8 2022, 15:52:01) [GCC 9.4.0]
numpy 2.0.2  scipy 1.14.1  h5py 3.12.1
Date: Thu May 14 13:18:19 2026
PySCF version 2.9.0
PySCF path  /projects/yizh8382/tools/lno_pyscf_gcc
GIT HEAD (branch master) 142756584ed3963728cc1f6823286f4605811a6c

[ENV] PYSCF_TMPDIR /scratch/alpine/yizh8382/pyscf
[ENV] PYSCF_EXT_PATH /home/yizh8382/tools/pyscf-forge
[CONFIG] conf_file None
[INPUT] verbose = 4
[INPUT] num. atoms = 3
[INPUT] num. electrons = 23
[INPUT] charge = 0
[INPUT] spin (= nelec alpha-beta = 2S) = 1
[INPUT] symmetry True subgroup None
[INPUT] Mole.unit = angstrom
[INPUT] Symbol           X                Y                Z      unit          X                Y                Z       unit  Magmom
[INPUT]  1 N      0.000000000000   0.000000000000   0.323967000000 AA    0.000000000000   0.000000000000   0.612208903397 Bohr   0.0
[INPUT]  2 O      0.000000000000   1.101234000000  -0.141735000000 AA    0.000000000000   2.081030659059  -0.267840332265 Bohr   0.0
[INPUT]  3 O      0.000000000000  -1.101234000000  -0.141735000000 AA    0.000000000000  -2.081030659059  -0.267840332265 Bohr   0.0

nuclear repulsion = 64.9462855157195
point group symmetry = C2v
symmetry origin: [0.00000000e+00 0.00000000e+00 7.39458049e-07]
symmetry axis x: [-1. -0. -0.]
symmetry axis y: [0. 1. 0.]
symmetry axis z: [0. 0. 1.]
num. orbitals of irrep A1 = 17
num. orbitals of irrep A2 = 5
num. orbitals of irrep B1 = 7
num. orbitals of irrep B2 = 13
number of shells = 15
number of NR pGTOs = 78
number of NR cGTOs = 42
basis = {'N': [[0, [9046.0, 0.0007, -0.000153], [1357.0, 0.005389, -0.001208], [309.3, 0.027406, -0.005992], [87.73, 0.103207, -0.024544], [28.56, 0.278723, -0.067459], [10.21, 0.44854, -0.158078], [3.838, 0.278238, -0.121831], [0.7466, 0.01544, 0.549003]], [0, [0.2248, 1.0]], [1, [13.55, 0.039919], [2.917, 0.217169], [0.7973, 0.510319]], [1, [0.2185, 1.0]], [2, [0.817, 1.0]]], 'O': [[0, [11720.0, 0.00071, -0.00016], [1759.0, 0.00547, -0.001263], [400.8, 0.027837, -0.006267], [113.7, 0.1048, -0.025716], [37.03, 0.283062, -0.070924], [13.27, 0.448719, -0.165411], [5.025, 0.270952, -0.116955], [1.013, 0.015458, 0.557368]], [0, [0.3023, 1.0]], [1, [17.7, 0.043018], [3.854, 0.228913], [1.046, 0.508728]], [1, [0.2753, 1.0]], [2, [1.185, 1.0]]]}
ecp = {}
CPU time:     11261.85
Freeze 0 electrons in irreps []
    23 free electrons in irreps A1 A2 B1 B2




******** <class 'pyscf.soscf.newton_ah.SecondOrderSymAdaptedUHF'> ********
method = SecondOrderSymAdaptedUHF
initial guess = minao
damping factor = 0
level_shift factor = 0
DIIS = <class 'pyscf.scf.diis.CDIIS'>
diis_start_cycle = 1
diis_space = 8
diis_damp = 0
SCF conv_tol = 1e-09
SCF conv_tol_grad = None
SCF max_cycles = 200
direct_scf = True
direct_scf_tol = 1e-13
chkfile to save SCF result = /scratch/alpine/yizh8382/pyscf/tmpouezxtpa
max_memory 40000 MB (current use 547 MB)
number electrons alpha = 12  beta = 11
******** <class 'pyscf.scf.uhf_symm.SymAdaptedUHF'> Newton solver flags ********
SCF tol = 1e-09
conv_tol_grad = None
max. SCF cycles = 200
direct_scf = True
direct_scf_tol = 1e-13
chkfile to save SCF result = /scratch/alpine/yizh8382/pyscf/tmpouezxtpa
max_cycle_inner = 12
max_stepsize = 0.05
ah_start_tol = 1e+09
ah_level_shift = 0
ah_conv_tol = 1e-12
ah_lindep = 1e-14
ah_start_cycle = 1
ah_max_cycle = 40
ah_grad_trust_region = 2.5
kf_interval = 4
kf_trust_region = 5
canonicalization = True
max_memory 40000 MB (current use 547 MB)
Set conv_tol_grad to 3.16228e-05
alpha HOMO (A1) = -0.149328981256703  LUMO (B1) = 0.0115406828860987
beta  HOMO (B2) = -0.418181085592601  LUMO (A1) = -0.149328981256703

WARN: alpha-A1 HOMO -0.149328981256703 > system LUMO -0.149328981256703


WARN: beta-A1 LUMO -0.149328981256703 < system HOMO -0.149328981256703

Initial guess E= -203.877851958351  |g|= 0.66327
macro= 0  E= -204.045032341757  delta_E= -0.16718  |g|= 0.66327  2 KF 5 JK
macro= 1  E= -204.047789038542  delta_E= -0.0027567  |g|= 2.13924e-05  4 KF 15 JK
macro= 2  E= -204.047789038541  delta_E= 6.25278e-13  |g|= 7.75192e-06  1 KF 2 JK
Canonicalize SCF orbitals
macro X = 3  E=-204.047789038541  |g|= 7.75192e-06  total 8 KF 26 JK
converged SCF energy = -204.047789038541  <S^2> = 0.76890908  2S+1 = 2.0188205
uhf_internal: lowest eigs of H = [0.34616226 0.50144805 0.88501823]
<class 'pyscf.soscf.newton_ah.SecondOrderSymAdaptedUHF'> wavefunction is stable in the internal stability analysis

******** <class 'pyscf.cc.uccsd.UCCSD'> ********
CC2 = 0
CCSD nocc = (9, 8), nmo = (39, 39)
frozen orbitals 3
max_cycle = 50
direct = 0
conv_tol = 1e-07
conv_tol_normt = 1e-06
diis_space = 6
diis_start_cycle = 0
diis_start_energy_diff = 1e+09
max_memory 40000 MB (current use 547 MB)
Init t2, MP2 energy = -0.540824129041798
Init E_corr(UCCSD) = -0.540824129067713
cycle = 1  E_corr(UCCSD) = -0.504292947759264  dE = 0.0365311813  norm(t1,t2) = 0.14176
cycle = 2  E_corr(UCCSD) = -0.534151952559105  dE = -0.0298590048  norm(t1,t2) = 0.0528987
cycle = 3  E_corr(UCCSD) = -0.529801518464863  dE = 0.00435043409  norm(t1,t2) = 0.033406
cycle = 4  E_corr(UCCSD) = -0.532436506373111  dE = -0.00263498791  norm(t1,t2) = 0.0110487
cycle = 5  E_corr(UCCSD) = -0.53270765815471  dE = -0.000271151782  norm(t1,t2) = 0.0023921
cycle = 6  E_corr(UCCSD) = -0.532491304434498  dE = 0.00021635372  norm(t1,t2) = 0.00098174
cycle = 7  E_corr(UCCSD) = -0.532489075625289  dE = 2.22880921e-06  norm(t1,t2) = 0.000352488
cycle = 8  E_corr(UCCSD) = -0.532517650234244  dE = -2.8574609e-05  norm(t1,t2) = 0.000129518
cycle = 9  E_corr(UCCSD) = -0.532513013736602  dE = 4.63649764e-06  norm(t1,t2) = 5.34491e-05
cycle = 10  E_corr(UCCSD) = -0.532513350540525  dE = -3.36803923e-07  norm(t1,t2) = 1.71132e-05
cycle = 11  E_corr(UCCSD) = -0.532512714450594  dE = 6.36089931e-07  norm(t1,t2) = 5.28036e-06
cycle = 12  E_corr(UCCSD) = -0.532512553690207  dE = 1.60760387e-07  norm(t1,t2) = 2.38538e-06
cycle = 13  E_corr(UCCSD) = -0.532512495297341  dE = 5.83928657e-08  norm(t1,t2) = 9.90737e-07
UCCSD converged
E(UCCSD) = -204.5803015338384  E_corr = -0.5325124952973413
UCCSD(T) correction = -0.0238054558683863
