#INFO: **** input file is /work/hdd/bdka/yzhang65/w4_17/w4-17_all/afqmc_input/run_afqmc.py ****
import os
os.environ.setdefault("XLA_PYTHON_CLIENT_ALLOCATOR", "platform")

import jax
jax.config.update("jax_enable_x64", True)

import glob
import numpy as np
from pyscf import gto, scf, cc
from afqmc import prep, launch_afqmc
import re

def extract_afqmc_energy(filename):
    """Extract the final AFQMC/pt2CCSD energy and its uncertainty from an afqmc.out file.
    
    Returns (0, 0) if the value cannot be found or the file cannot be read.
    """
    pattern = re.compile(
        r"Final AFQMC/pt2CCSD energy:\s*"
        r"([-+]?\d*\.?\d+(?:[eE][-+]?\d+)?)"   # energy
        r"\s*(?:±|\+/-)\s*"
        r"([-+]?\d*\.?\d+(?:[eE][-+]?\d+)?)"   # error
    )
    try:
        with open(filename, "r", encoding="utf-8") as f:
            for line in f:
                m = pattern.search(line)
                if m:
                    return float(m.group(1)), float(m.group(2))
    except (OSError, IOError):
        pass
    return 0, 0

# basis = "ccpvdz"
xyz_dir = "../w4_17_xyz/open_shell"
results_file = f"./open_shell_uhf_vdzsd.dat"
out_dir = "../result/molout/open_shell"
os.makedirs(out_dir, exist_ok=True)

# Set to a list of molecule names to run only those, e.g. ["acetaldehyde", "benzene"]
# Set to None to run all molecules in xyz_dir
select_molecules = None
symmetry = False

def vdzsd(elem):
    if elem in ('H', 'He'):
        raw_basis = gto.basis.load('ccpvdz', elem)
        return [b for b in raw_basis if b[0] != 1]
    else:
        return gto.basis.load('ccpvdz', elem)

def get_vdzsd_basis(atoms):
    elems = {line.split()[0] for line in atoms.strip().splitlines() if line.strip()}
    basis_dict = {el: vdzsd(el) for el in elems}
    return basis_dict

all_xyz = sorted(glob.glob(os.path.join(xyz_dir, "*.xyz")))
if select_molecules is not None:
    select_set = set(select_molecules)
    xyz_files = [p for p in all_xyz if os.path.splitext(os.path.basename(p))[0] in select_set]
    missing = select_set - {os.path.splitext(os.path.basename(p))[0] for p in xyz_files}
    if missing:
        print(f"Warning: no .xyz file found for: {', '.join(sorted(missing))} in {xyz_dir}")
else:
    xyz_files = all_xyz

with open(results_file, "w") as out:
    out.write(f"{'Molecule':<16s} {'Charge':>6s} {'2S':>6s} {'frozen':>6s} "
              f"{'E_HF (Eh)':>20s} {'E_CCSD (Eh)':>20s} {'E_CCSD(T) (Eh)':>20s} "
              f"{'E_AFQMC (Eh)':>15s} {'E_AFQMC ERR (Eh)':>15s} \n")
    #out.write("-" * 100 + "\n")

for xyz_path in xyz_files:
    with open(xyz_path, "r") as f:
        lines = f.readlines()

    # Parse charge and multiplicity from second line: "name charge=X mult=Y"
    second_line = lines[1]
    charge = int(second_line.split("charge=")[1].split()[0])
    mult   = int(second_line.split("mult=")[1].split()[0])
    spin   = mult - 1   # PySCF spin input is 2S = mult - 1
    mol_name = second_line.split()[0]

    # Coordinates only (skip the atom count and comment lines)
    atoms = "".join(lines[2:])
    basis_dict = get_vdzsd_basis(atoms)

    print(f"\n{'='*60}")
    print(f"Running: {mol_name}  charge={charge}  spin={spin}")
    print(f"{'='*60}")

    mol = gto.M(
        atom=atoms,
        basis=basis_dict,
        verbose=4,
        output=os.path.join(out_dir, f"{mol_name}_vdzsd.out"),
        unit="angstrom",
        symmetry=symmetry,
        charge=charge,
        spin=spin,
        max_memory=40000,
    )

    mf = scf.UHF(mol)
    mf.max_cycle = 200
    mf = mf.newton()
    mf.kernel()

    # Stability check loop — at most 10 attempts
    max_stability_cycles = 10
    stable = False
    for stability_iter in range(max_stability_cycles):
        mo_i, _, stable, _ = mf.stability(return_status=True)
        if stable:
            break
        dm = mf.make_rdm1(mo_i, mf.mo_occ)
        mf.kernel(dm0=dm)

    if not stable or not mf.converged:
        print(f"  !! SCF did not converge for {mol_name} — skipping.")
        with open(results_file, "a") as out:
            out.write(f"{mol_name:<16s} {charge:>6d} {spin:>6d} {'N/A':>6s} "
                      f"{'UNCONVERGED':>20s} {'UNCONVERGED':>20s} {'UNCONVERGED':>20s}\n")
        continue

    energy = mf.e_tot

    mycc = cc.CCSD(mf)
    mycc.set_frozen()
    mycc.kernel()
    e_ccsd = mycc.e_tot
    et = mycc.ccsd_t()
    e_ccsdt = e_ccsd + et
    frozen = mycc.frozen

    prep.prep_afqmc(mycc, chol_cut=1e-5)
    options = {'n_eql': 120,
               'n_blocks': 1000,
               'n_walkers': 300,
               'dt':0.005,
               'max_error': 0.0,
               #'nchol_chunk': 200,
               'seed': 17,
               'walker_type': 'uhf',
               'trial': 'uccsd_pt2',
               'free_projection': False,
               'use_gpu': True,
               }
    launch_afqmc.run_afqmc(options)
    afqmc_file = os.path.join(out_dir, f'{mol_name}_afqmc_vdzsd.out')
    os.system(f"mv afqmc.out {afqmc_file}")
    eqmc, eqmc_err = extract_afqmc_energy(f"{afqmc_file}")

    with open(results_file, "a") as out:
        out.write(f"{mol_name:<16s} {charge:>6d} {spin:>6d} {frozen:>6d} "
                  f"{energy:>20.10f} {e_ccsd:>20.10f} {e_ccsdt:>20.10f}"
                  f"{eqmc:>15.5f} {eqmc_err:>15.5f} \n")

    print(f"  => E_HF({mol_name})      = {energy:.10f} Eh")
    print(f"  => E_CCSD({mol_name})    = {e_ccsd:.10f} Eh")
    print(f"  => E_CCSD(T)({mol_name}) = {e_ccsdt:.10f} Eh")
    print(f"  => E_AFQMC({mol_name})   = {eqmc:.5f} +/- {eqmc_err:.5f} Eh")

print(f"\nAll calculations complete. Results saved to {results_file}")
#INFO: ******************** input file end ********************


System: uname_result(system='Linux', node='gpua099.delta.ncsa.illinois.edu', release='5.14.0-427.91.1.el9_4.x86_64', version='#1 SMP PREEMPT_DYNAMIC Wed Sep 17 10:08:59 EDT 2025', machine='x86_64')  Threads 16
Python 3.11.14 (main, Oct 21 2025, 18:31:21) [GCC 11.2.0]
numpy 2.3.5  scipy 1.16.3  h5py 3.15.1
Date: Sun May 17 11:02:58 2026
PySCF version 2.11.0
PySCF path  /u/yzhang65/myprojects/software/pyscf
GIT HEAD (branch master) f520f5381c0b41f716d847009817cbc64e52c0d5

[ENV] PYSCF_TMPDIR /projects/bdka/yzhang65/scratch/pyscf
[ENV] PYSCF_EXT_PATH /u/yzhang65/myprojects/software/pyscf-forge
[CONFIG] conf_file None
[INPUT] verbose = 4
[INPUT] num. atoms = 3
[INPUT] num. electrons = 23
[INPUT] charge = 0
[INPUT] spin (= nelec alpha-beta = 2S) = 1
[INPUT] symmetry False subgroup None
[INPUT] Mole.unit = angstrom
[INPUT] Symbol           X                Y                Z      unit          X                Y                Z       unit  Magmom
[INPUT]  1 N      0.000000000000   0.000000000000   0.323967000000 AA    0.000000000000   0.000000000000   0.612208903397 Bohr   0.0
[INPUT]  2 O      0.000000000000   1.101234000000  -0.141735000000 AA    0.000000000000   2.081030659059  -0.267840332265 Bohr   0.0
[INPUT]  3 O      0.000000000000  -1.101234000000  -0.141735000000 AA    0.000000000000  -2.081030659059  -0.267840332265 Bohr   0.0

nuclear repulsion = 64.9462855157195
number of shells = 15
number of NR pGTOs = 78
number of NR cGTOs = 42
basis = {'N': [[0, [9046.0, 0.0007, -0.000153], [1357.0, 0.005389, -0.001208], [309.3, 0.027406, -0.005992], [87.73, 0.103207, -0.024544], [28.56, 0.278723, -0.067459], [10.21, 0.44854, -0.158078], [3.838, 0.278238, -0.121831], [0.7466, 0.01544, 0.549003]], [0, [0.2248, 1.0]], [1, [13.55, 0.039919], [2.917, 0.217169], [0.7973, 0.510319]], [1, [0.2185, 1.0]], [2, [0.817, 1.0]]], 'O': [[0, [11720.0, 0.00071, -0.00016], [1759.0, 0.00547, -0.001263], [400.8, 0.027837, -0.006267], [113.7, 0.1048, -0.025716], [37.03, 0.283062, -0.070924], [13.27, 0.448719, -0.165411], [5.025, 0.270952, -0.116955], [1.013, 0.015458, 0.557368]], [0, [0.3023, 1.0]], [1, [17.7, 0.043018], [3.854, 0.228913], [1.046, 0.508728]], [1, [0.2753, 1.0]], [2, [1.185, 1.0]]]}
ecp = {}
CPU time:       697.62




******** <class 'pyscf.soscf.newton_ah.SecondOrderUHF'> ********
method = SecondOrderUHF
initial guess = minao
damping factor = 0
level_shift factor = 0
DIIS = <class 'pyscf.scf.diis.CDIIS'>
diis_start_cycle = 1
diis_space = 8
diis_damp = 0
SCF conv_tol = 1e-09
SCF conv_tol_grad = None
SCF max_cycles = 200
direct_scf = True
direct_scf_tol = 1e-13
chkfile to save SCF result = /projects/bdka/yzhang65/scratch/pyscf/tmpihe1f_nn
max_memory 40000 MB (current use 1337 MB)
number electrons alpha = 12  beta = 11
******** <class 'pyscf.scf.uhf.UHF'> Newton solver flags ********
SCF tol = 1e-09
conv_tol_grad = None
max. SCF cycles = 200
direct_scf = True
direct_scf_tol = 1e-13
chkfile to save SCF result = /projects/bdka/yzhang65/scratch/pyscf/tmpihe1f_nn
max_cycle_inner = 12
max_stepsize = 0.05
ah_start_tol = 1e+09
ah_level_shift = 0
ah_conv_tol = 1e-12
ah_lindep = 1e-14
ah_start_cycle = 1
ah_max_cycle = 40
ah_grad_trust_region = 2.5
kf_interval = 4
kf_trust_region = 5
canonicalization = True
max_memory 40000 MB (current use 1337 MB)
Set conv_tol_grad to 3.16228e-05
  alpha nocc = 12  HOMO = -0.149328981256707  LUMO = 0.0115406828860958
  beta  nocc = 11  HOMO = -0.418181085592603  LUMO = -0.149328981256707

WARN: system HOMO -0.149328981256707 >= system LUMO -0.149328981256707

Initial guess E= -203.877851958351  |g|= 0.66327
macro= 0  E= -204.045032341757  delta_E= -0.16718  |g|= 0.66327  2 KF 5 JK
macro= 1  E= -204.047789038542  delta_E= -0.0027567  |g|= 2.13924e-05  4 KF 15 JK
macro= 2  E= -204.047789038541  delta_E= 5.68434e-13  |g|= 7.75192e-06  1 KF 2 JK
Canonicalize SCF orbitals
macro X = 3  E=-204.047789038541  |g|= 7.75192e-06  total 8 KF 26 JK
converged SCF energy = -204.047789038541  <S^2> = 0.76890908  2S+1 = 2.0188205
uhf_internal: lowest eigs of H = [-0.00547269  0.10725263  0.11433904]
<class 'pyscf.soscf.newton_ah.SecondOrderUHF'> wavefunction has an internal instability




******** <class 'pyscf.soscf.newton_ah.SecondOrderUHF'> ********
method = SecondOrderUHF
initial guess = minao
damping factor = 0
level_shift factor = 0
DIIS = <class 'pyscf.scf.diis.CDIIS'>
diis_start_cycle = 1
diis_space = 8
diis_damp = 0
SCF conv_tol = 1e-09
SCF conv_tol_grad = None
SCF max_cycles = 200
direct_scf = True
direct_scf_tol = 1e-13
chkfile to save SCF result = /projects/bdka/yzhang65/scratch/pyscf/tmpihe1f_nn
max_memory 40000 MB (current use 1343 MB)
number electrons alpha = 12  beta = 11
******** <class 'pyscf.scf.uhf.UHF'> Newton solver flags ********
SCF tol = 1e-09
conv_tol_grad = None
max. SCF cycles = 200
direct_scf = True
direct_scf_tol = 1e-13
chkfile to save SCF result = /projects/bdka/yzhang65/scratch/pyscf/tmpihe1f_nn
max_cycle_inner = 12
max_stepsize = 0.05
ah_start_tol = 1e+09
ah_level_shift = 0
ah_conv_tol = 1e-12
ah_lindep = 1e-14
ah_start_cycle = 1
ah_max_cycle = 40
ah_grad_trust_region = 2.5
kf_interval = 4
kf_trust_region = 5
canonicalization = True
max_memory 40000 MB (current use 1343 MB)
Set conv_tol_grad to 3.16228e-05
  alpha nocc = 12  HOMO = -0.435678625559365  LUMO = 0.168174376976451
  beta  nocc = 11  HOMO = -0.500884138087639  LUMO = 0.0813680090534333
Initial guess E= -204.012368615539  |g|= 0.204444
macro= 0  E= -204.046097142022  delta_E= -0.0337285  |g|= 0.0270309  3 KF 10 JK
macro= 1  E= -204.04748041174  delta_E= -0.00138327  |g|= 0.0134168  2 KF 8 JK
macro= 2  E= -204.047801770591  delta_E= -0.000321359  |g|= 0.0021346  3 KF 13 JK
macro= 3  E= -204.047828925613  delta_E= -2.7155e-05  |g|= 0.000759399  3 KF 15 JK
macro= 4  E= -204.047829722655  delta_E= -7.97042e-07  |g|= 7.85675e-05  2 KF 15 JK
macro= 5  E= -204.047829722655  delta_E= 2.27374e-13  |g|= 9.90232e-06  1 KF 2 JK
Canonicalize SCF orbitals
macro X = 6  E=-204.047829722655  |g|= 9.90232e-06  total 15 KF 70 JK
converged SCF energy = -204.047829722655  <S^2> = 0.81402193  2S+1 = 2.0630288
uhf_internal: lowest eigs of H = [0.0111467  0.10514618 0.11042595]
<class 'pyscf.soscf.newton_ah.SecondOrderUHF'> wavefunction is stable in the internal stability analysis

******** <class 'pyscf.cc.uccsd.UCCSD'> ********
CC2 = 0
CCSD nocc = (np.int64(9), np.int64(8)), nmo = (39, 39)
frozen orbitals 3
max_cycle = 50
direct = 0
conv_tol = 1e-07
conv_tol_normt = 1e-06
diis_space = 6
diis_start_cycle = 0
diis_start_energy_diff = 1e+09
max_memory 40000 MB (current use 1343 MB)
Init t2, MP2 energy = -0.536136939784271
Init E_corr(UCCSD) = -0.536136939832538
cycle = 1  E_corr(UCCSD) = -0.503030273302993  dE = 0.0331066665  norm(t1,t2) = 0.140319
cycle = 2  E_corr(UCCSD) = -0.531588869323282  dE = -0.028558596  norm(t1,t2) = 0.0521634
cycle = 3  E_corr(UCCSD) = -0.528081550527833  dE = 0.0035073188  norm(t1,t2) = 0.0366781
cycle = 4  E_corr(UCCSD) = -0.531916245773289  dE = -0.00383469525  norm(t1,t2) = 0.0177488
cycle = 5  E_corr(UCCSD) = -0.532570350273265  dE = -0.0006541045  norm(t1,t2) = 0.00770325
cycle = 6  E_corr(UCCSD) = -0.53213502831384  dE = 0.000435321959  norm(t1,t2) = 0.00391444
cycle = 7  E_corr(UCCSD) = -0.532229351042784  dE = -9.43227289e-05  norm(t1,t2) = 0.00176481
cycle = 8  E_corr(UCCSD) = -0.532367467166703  dE = -0.000138116124  norm(t1,t2) = 0.00101993
cycle = 9  E_corr(UCCSD) = -0.532347095856121  dE = 2.03713106e-05  norm(t1,t2) = 0.000565605
cycle = 10  E_corr(UCCSD) = -0.532359463929337  dE = -1.23680732e-05  norm(t1,t2) = 0.000349039
cycle = 11  E_corr(UCCSD) = -0.532348993709316  dE = 1.047022e-05  norm(t1,t2) = 0.000173719
cycle = 12  E_corr(UCCSD) = -0.532348179986729  dE = 8.13722587e-07  norm(t1,t2) = 9.18843e-05
cycle = 13  E_corr(UCCSD) = -0.53234643924823  dE = 1.7407385e-06  norm(t1,t2) = 4.73076e-05
cycle = 14  E_corr(UCCSD) = -0.532346452256565  dE = -1.30083347e-08  norm(t1,t2) = 2.30396e-05
cycle = 15  E_corr(UCCSD) = -0.532345060460917  dE = 1.39179565e-06  norm(t1,t2) = 1.31223e-05
cycle = 16  E_corr(UCCSD) = -0.532345015446839  dE = 4.50140777e-08  norm(t1,t2) = 7.83083e-06
cycle = 17  E_corr(UCCSD) = -0.532344721070763  dE = 2.94376076e-07  norm(t1,t2) = 4.96433e-06
cycle = 18  E_corr(UCCSD) = -0.532344555734014  dE = 1.65336749e-07  norm(t1,t2) = 2.72038e-06
cycle = 19  E_corr(UCCSD) = -0.532344568174149  dE = -1.24401356e-08  norm(t1,t2) = 1.40064e-06
cycle = 20  E_corr(UCCSD) = -0.532344529205222  dE = 3.8968927e-08  norm(t1,t2) = 6.21057e-07
UCCSD converged
E(UCCSD) = -204.58017425186  E_corr = -0.5323445292052221
UCCSD(T) correction = -0.0235320920327383
