------------------------------------------- AFQMC Sampling Started -------------------------------------------
Hostname: gpua099.delta.ncsa.illinois.edu
System Type: Linux
Machine Type: x86_64
Processor: x86_64
Using GPU.
System: Linux
Node Name: gpua099.delta.ncsa.illinois.edu
Release: 5.14.0-427.91.1.el9_4.x86_64
Version: #1 SMP PREEMPT_DYNAMIC Wed Sep 17 10:08:59 EDT 2025
Machine: x86_64
Processor: x86_64
Decomposing Unrestricted T2 amplitudes
Throw 0 vectors in T2 deomposition
SVD cutoff = 1.00e-08 | error = 4.90e-16
number of T2 decomposition vectors 80
norb: 15
nelec: (4, 3)
n_eql: 120
n_blocks: 1000
n_walkers: 300
dt: 0.005
max_error: 0.0
seed: 17
walker_type: uhf
trial: uccsd_pt2
free_projection: False
use_gpu: True
n_exp_terms: 6
n_prop_steps: 50
save_walkers: False
n_batch: 1
nchol_chunk: 84
mix_precision: True
initial AFQMC/pt2CCSD Energy is -75.540095
Propagating with 300 walkers
----------------------------------------------- Equilibration ------------------------------------------------
inv_T        weight  killW        energy   runTime
 0.00    300.000000      0    -75.382528     10.83
 3.00    302.382782      0    -75.540626     16.99
 6.00    302.083979      0    -75.526842     17.43
 9.00    302.156152      0    -75.544687     17.87
12.00    301.543486      0    -75.543227     18.32
15.00    301.512608      0    -75.539963     18.76
18.00    301.451047      0    -75.530298     19.20
21.00    301.342423      0    -75.527287     19.65
24.00    301.855438      0    -75.550978     20.09
27.00    301.292273      1    -75.545045     20.54
30.00    301.390560      0    -75.521472     20.98
---------------------------------------------- Sampling Blocks -----------------------------------------------
blocks        weight  killW       E_Guide     error       E_Trial     error     olp_T/G     error  Walltime
    20    301.656642      1    -75.541577  0.003363    -75.541463  0.000141   -1.000283  0.000038   27.10
    40    301.431332      2    -75.540629  0.001842    -75.541534  0.000126   -1.000280  0.000038   27.94
    60    301.142629      9    -75.540342  0.001366    -75.541563  0.000110   -1.000246  0.000029   28.78
    80    300.963044     12    -75.541669  0.001606    -75.541574  0.000090   -1.000227  0.000031   29.62
   100    300.783285     16    -75.540274  0.001606    -75.541564  0.000080   -1.000242  0.000025   30.46
   120    300.663595     20    -75.540753  0.001322    -75.541599  0.000076   -1.000222  0.000025   31.30
   140    300.575270     21    -75.541751  0.001326    -75.541685  0.000074   -1.000225  0.000022   32.13
   160    300.483689     26    -75.542605  0.001328    -75.541899  0.000254   -1.000224  0.000019   32.97
   180    300.385895     28    -75.542823  0.001235    -75.541902  0.000227   -1.000225  0.000017   33.81
   200    300.294602     32    -75.542907  0.001140    -75.541876  0.000205   -1.000225  0.000016   34.66
   220    300.214685     33    -75.542557  0.001102    -75.541858  0.000187   -1.000228  0.000014   35.50
   240    300.143192     36    -75.542814  0.001020    -75.541858  0.000172   -1.000226  0.000013   36.34
   260    300.076454     41    -75.542677  0.000961    -75.541828  0.000159   -1.000225  0.000012   37.19
   280    300.027403     43    -75.542382  0.000920    -75.541821  0.000150   -1.000226  0.000012   38.03
   300    299.972675     49    -75.542273  0.000886    -75.541826  0.000141   -1.000234  0.000012   38.87
   320    299.930119     53    -75.542144  0.000830    -75.541813  0.000133   -1.000234  0.000012   39.71
   340    299.897420     54    -75.542244  0.000796    -75.541795  0.000125   -1.000238  0.000011   40.55
   360    299.864521     57    -75.542084  0.000753    -75.541792  0.000119   -1.000242  0.000012   41.39
   380    299.841447     58    -75.541890  0.000734    -75.541776  0.000113   -1.000239  0.000011   42.25
   400    299.813378     59    -75.541729  0.000711    -75.541759  0.000107   -1.000243  0.000011   43.09
   420    299.779768     62    -75.541384  0.000715    -75.541743  0.000103   -1.000241  0.000011   43.93
   440    299.752287     66    -75.541371  0.000717    -75.541739  0.000098   -1.000243  0.000010   44.77
   460    299.730629     69    -75.541333  0.000700    -75.541731  0.000095   -1.000244  0.000010   45.61
   480    299.712888     74    -75.541484  0.000672    -75.541729  0.000091   -1.000244  0.000010   46.44
   500    299.692475     79    -75.541248  0.000686    -75.541716  0.000087   -1.000242  0.000010   47.28
   520    299.673781     83    -75.541231  0.000739    -75.541720  0.000084   -1.000239  0.000011   48.12
   540    299.657755     87    -75.541204  0.000722    -75.541712  0.000082   -1.000238  0.000010   48.96
   560    299.642755     88    -75.541252  0.000690    -75.541707  0.000079   -1.000238  0.000010   49.81
   580    299.626558     92    -75.541143  0.000682    -75.541694  0.000076   -1.000237  0.000010   50.65
   600    299.614963     94    -75.541089  0.000660    -75.541693  0.000074   -1.000236  0.000010   51.49
   620    299.605662     94    -75.541113  0.000647    -75.541703  0.000073   -1.000235  0.000009   52.33
   640    299.591919     97    -75.540961  0.000632    -75.541695  0.000071   -1.000234  0.000009   53.17
   660    299.577477     99    -75.540906  0.000620    -75.541683  0.000069   -1.000234  0.000009   54.00
   680    299.564571    104    -75.541062  0.000618    -75.541678  0.000067   -1.000233  0.000009   54.84
   700    299.555297    109    -75.541157  0.000607    -75.541673  0.000065   -1.000232  0.000008   55.67
   720    299.541225    117    -75.541249  0.000595    -75.541679  0.000064   -1.000232  0.000008   56.51
   740    299.530032    120    -75.541253  0.000584    -75.541672  0.000063   -1.000233  0.000008   57.36
   760    299.519187    122    -75.541098  0.000584    -75.541671  0.000061   -1.000233  0.000008   58.19
   780    299.509188    125    -75.541038  0.000582    -75.541668  0.000060   -1.000233  0.000008   59.03
   800    299.504966    128    -75.541226  0.000587    -75.541677  0.000059   -1.000232  0.000008   59.87
   820    299.494795    131    -75.541124  0.000578    -75.541670  0.000057   -1.000230  0.000008   60.71
   840    299.487181    132    -75.541065  0.000579    -75.541670  0.000056   -1.000230  0.000007   61.55
   860    299.481728    136    -75.541106  0.000579    -75.541681  0.000055   -1.000229  0.000007   62.39
   880    299.474051    141    -75.541061  0.000568    -75.541678  0.000054   -1.000230  0.000007   63.23
   900    299.466773    144    -75.540999  0.000567    -75.541675  0.000053   -1.000229  0.000007   64.07
   920    299.463319    146    -75.541008  0.000552    -75.541668  0.000052   -1.000228  0.000007   64.91
   940    299.459094    148    -75.541070  0.000547    -75.541663  0.000051   -1.000229  0.000007   65.75
   960    299.454699    152    -75.541068  0.000538    -75.541657  0.000050   -1.000228  0.000007   66.59
   980    299.451224    155    -75.541098  0.000538    -75.541666  0.000050   -1.000226  0.000007   67.43
  1000    299.447523    155    -75.541143  0.000528    -75.541674  0.000049   -1.000225  0.000007   68.28
---------------------------------------------- Post Propagation ----------------------------------------------
Total number of samples 1000
Raw AFQMC/HF (Guide) energy:           -75.541143 ± 0.000528
Raw Trial/Guide overlap ratio:          -1.000225 ± 0.000007
Raw AFQMC/pt2CCSD energy (covariance): -75.541674 ± 0.000049
Raw AFQMC/pt2CCSD energy (dir sample): -75.541674 ± 0.000044
--------------------------------------------- Clean Obeservation ---------------------------------------------
removing energies outside zeta > 30
Outlier energy bound [-75.559604, -75.523351]
Removed 1 outliers with energies [-75.57782339]
Clean AFQMC/pt2CCSD overlap ratio:        -1.000225 ± 0.000007
Clean AFQMC/pt2CCSD energy (covariance): -75.541638 ± 0.000030
Clean AFQMC/ptCCSD energy (dir sample):  -75.541638 ± 0.000025
--------------------------------------------- Blocking Analysis ----------------------------------------------
nsample = 999, max_block_size = 24, min_nblocks = 40
   B    NB    NS  Observable     Error    dError
   1   999   999   -1.000225  0.000003  0.000000
   2   499   998   -1.000225  0.000004  0.000000
   3   333   999   -1.000225  0.000005  0.000000
   4   249   996   -1.000225  0.000005  0.000000
   5   199   995   -1.000225  0.000005  0.000000
   6   166   996   -1.000225  0.000006  0.000000
   7   142   994   -1.000226  0.000006  0.000000
   8   124   992   -1.000226  0.000006  0.000000
   9   111   999   -1.000225  0.000006  0.000000
  10    99   990   -1.000226  0.000006  0.000000
  11    90   990   -1.000226  0.000006  0.000000
  12    83   996   -1.000225  0.000007  0.000001
  13    76   988   -1.000226  0.000007  0.000001
  14    71   994   -1.000226  0.000007  0.000001
  15    66   990   -1.000226  0.000006  0.000001
  16    62   992   -1.000226  0.000006  0.000001
  17    58   986   -1.000226  0.000007  0.000001
  18    55   990   -1.000226  0.000006  0.000001
  19    52   988   -1.000226  0.000006  0.000001
  20    49   980   -1.000226  0.000007  0.000001
  21    47   987   -1.000226  0.000007  0.000001
  22    45   990   -1.000226  0.000007  0.000001
  23    43   989   -1.000226  0.000006  0.000001
  24    41   984   -1.000226  0.000007  0.000001
Fit (variance): plateau_var = 4.418e-11 ± 2.578e-12
Fit (error):    plateau = 0.000007 ± 0.000000
     autocorrelation length ~ 4.5 blocks
     plateau reached at block size ~ 21
nclean = 999, max_block_size = 24, min_nblocks = 40
Blk_SZ   NBlk   NSmp      Energy     Error    dError
     1    999    999  -75.541611  0.000025  0.000001
     2    499    998  -75.541619  0.000028  0.000001
     3    333    999  -75.541625  0.000028  0.000001
     4    249    996  -75.541627  0.000030  0.000001
     5    199    995  -75.541629  0.000030  0.000002
     6    166    996  -75.541631  0.000031  0.000002
     7    142    994  -75.541631  0.000030  0.000002
     8    124    992  -75.541625  0.000030  0.000002
     9    111    999  -75.541632  0.000030  0.000002
    10     99    990  -75.541625  0.000031  0.000002
    11     90    990  -75.541625  0.000031  0.000002
    12     83    996  -75.541635  0.000031  0.000002
    13     76    988  -75.541624  0.000029  0.000002
    14     71    994  -75.541634  0.000030  0.000003
    15     66    990  -75.541626  0.000029  0.000003
    16     62    992  -75.541628  0.000032  0.000003
    17     58    986  -75.541624  0.000029  0.000003
    18     55    990  -75.541627  0.000031  0.000003
    19     52    988  -75.541625  0.000034  0.000003
    20     49    980  -75.541627  0.000031  0.000003
    21     47    987  -75.541626  0.000028  0.000003
    22     45    990  -75.541628  0.000031  0.000003
    23     43    989  -75.541626  0.000030  0.000003
    24     41    984  -75.541625  0.000031  0.000003
Fit (variance): plateau_var = 9.184091e-10 ± 3.463994e-11
Fit (error):    plateau = 0.000030 ± 0.000001
     autocorrelation length ~ 1.5 blocks
     plateau reached at block size ~ 7
Final AFQMC/pt2CCSD overlap ratio: -1.000225 ± 0.000007
Final AFQMC/pt2CCSD energy: -75.541638 ± 0.000030
Total run time: 76.31
------------------------------------------ AFQMC Sampling Finished -------------------------------------------
