#INFO: **** input file is /work/hdd/bdka/yzhang65/w4_17/w4-17_all/afqmc_input/run_afqmc.py ****
import os
import sys
import re
sys.path.insert(0, os.path.join(os.path.dirname(os.path.abspath(__file__)), '..', 'script'))

os.environ.setdefault("XLA_PYTHON_CLIENT_ALLOCATOR", "platform")
import jax
jax.config.update("jax_enable_x64", True)

from pyscf import gto, scf, cc
from afqmc import integral, launch_afqmc
from mol_select import get_xyz_files
import truncate_basis

# ---------------------------------------------------------------------------
# Configuration
# ---------------------------------------------------------------------------
shell            = "open"  # "closed" or "open"
symmetry         = False
select_molecules = None  # e.g. ["acetaldehyde", "benzene"], or None for all
index            = None          # e.g. "1-10", "5", "1,3,5-8", or None for all
basis            = "vtzfp"

xyz_dir      = f"../w4_17_xyz/{shell}_shell"
results_file = f"../result/{shell}_afqmc_{basis}.dat"
out_dir      = f"../result/molout/{shell}_shell"
os.makedirs(out_dir, exist_ok=True)

xyz_files = get_xyz_files(xyz_dir, select_molecules=select_molecules, index=index)

# ---------------------------------------------------------------------------
# Write results header
# ---------------------------------------------------------------------------
with open(results_file, "w") as out:
    out.write(f"{'Molecule':<16s} {'E_HF (Eh)':>20s} {'E_CCSD (Eh)':>20s} "
              f"{'E_AFQMC (Eh)':>15s} {'E_AFQMC ERR (Eh)':>15s}\n")

# ---------------------------------------------------------------------------
# Helper
# ---------------------------------------------------------------------------
_afqmc_energy_re = re.compile(
    r"Final AFQMC/pt2CCSD energy:\s*([-+]?\d*\.?\d+(?:[eE][-+]?\d+)?)"
    r"\s*(?:±|\+/-)\s*([-+]?\d*\.?\d+(?:[eE][-+]?\d+)?)"
)

def extract_afqmc_energy(filename):
    try:
        with open(filename, encoding="utf-8") as f:
            for line in f:
                m = _afqmc_energy_re.search(line)
                if m:
                    return float(m.group(1)), float(m.group(2))
    except (OSError, IOError):
        pass
    return 0, 0

# ---------------------------------------------------------------------------
# Main loop
# ---------------------------------------------------------------------------
for xyz_path in xyz_files:
    with open(xyz_path) as f:
        lines = f.readlines()

    second_line = lines[1]
    charge   = int(second_line.split("charge=")[1].split()[0])
    spin     = int(second_line.split("mult=")[1].split()[0]) - 1
    mol_name = second_line.split()[0]
    atoms    = "".join(lines[2:])

    print(f"\n{'='*60}\nRunning: {mol_name}  charge={charge}  spin={spin}\n{'='*60}")

    mol = gto.M(
        atom=atoms,
        basis=truncate_basis.get_basis(atoms, basis),
        verbose=4,
        output=os.path.join(out_dir, f"{mol_name}_{basis}.out"),
        unit="angstrom",
        symmetry=symmetry,
        charge=charge,
        spin=spin,
        max_memory=40000,
    )

    mf = scf.UHF(mol)
    mf.max_cycle = 200
    mf = mf.newton()
    mf.kernel()

    if mol_name == "h":
        with open(results_file, "a") as out:
            out.write(f"{mol_name:<16s} {mf.e_tot:>20.10f} {mf.e_tot:>20.10f} "
                      f"{mf.e_tot:>15.5f} {0.0:>15.5f}\n")
        continue

    stable = False
    for _ in range(10):
        mo_i, _, stable, _ = mf.stability(return_status=True)
        if stable:
            break
        dm = mf.make_rdm1(mo_i, mf.mo_occ)
        mf.kernel(dm0=dm)

    if not stable or not mf.converged:
        print(f"  !! SCF did not converge for {mol_name} — skipping.")
        with open(results_file, "a") as out:
            out.write(f"{mol_name:<16s} {'UNCONVERGED':>20s} {'UNCONVERGED':>20s} {'UNCONVERGED':>20s}\n")
        continue

    mycc = cc.CCSD(mf)
    mycc.set_frozen()
    mycc.kernel()

    integral.prep_integral(mycc, chol_cut=1e-5)
    options = {
        'eql_time':      50,
        'n_blocks':      1000,
        'n_walkers':     300,
        'max_error':     0.0,
        'seed':          17,
        'walker_type':   'uhf',
        'trial':         'upt2ccsd',
        'mix_precision': True,
        'max_memory':    20000, #MB
    }
    launch_afqmc.ph_afqmc(options)

    afqmc_out = os.path.join(out_dir, f"{mol_name}_afqmc_{basis}.out")
    os.system(f"mv afqmc.out {afqmc_out}")
    eqmc, eqmc_err = extract_afqmc_energy(afqmc_out)

    with open(results_file, "a") as out:
        out.write(f"{mol_name:<16s} {mf.e_tot:>20.10f} {mycc.e_tot:>20.10f} "
                  f"{eqmc:>15.5f} {eqmc_err:>15.5f}\n")

    print(f"  => E_HF({mol_name})      = {mf.e_tot:.10f} Eh")
    print(f"  => E_CCSD({mol_name})    = {mycc.e_tot:.10f} Eh")
    print(f"  => E_AFQMC({mol_name})   = {eqmc:.5f} +/- {eqmc_err:.5f} Eh")

print(f"\nAll calculations complete. Results saved to {results_file}")
#INFO: ******************** input file end ********************


System: uname_result(system='Linux', node='gpua082.delta.ncsa.illinois.edu', release='5.14.0-427.91.1.el9_4.x86_64', version='#1 SMP PREEMPT_DYNAMIC Wed Sep 17 10:08:59 EDT 2025', machine='x86_64')  Threads 16
Python 3.11.14 (main, Oct 21 2025, 18:31:21) [GCC 11.2.0]
numpy 2.3.5  scipy 1.16.3  h5py 3.15.1
Date: Sat May 23 11:16:37 2026
PySCF version 2.11.0
PySCF path  /u/yzhang65/myprojects/software/pyscf
GIT HEAD (branch master) f520f5381c0b41f716d847009817cbc64e52c0d5

[ENV] PYSCF_TMPDIR /projects/bdka/yzhang65/scratch/pyscf
[ENV] PYSCF_EXT_PATH /u/yzhang65/myprojects/software/pyscf-forge
[CONFIG] conf_file None
[INPUT] verbose = 4
[INPUT] num. atoms = 2
[INPUT] num. electrons = 15
[INPUT] charge = 0
[INPUT] spin (= nelec alpha-beta = 2S) = 1
[INPUT] symmetry False subgroup None
[INPUT] Mole.unit = angstrom
[INPUT] Symbol           X                Y                Z      unit          X                Y                Z       unit  Magmom
[INPUT]  1 H      0.000000000000   0.000000000000  -1.420666000000 AA    0.000000000000   0.000000000000  -2.684669654481 Bohr   0.0
[INPUT]  2 Si     0.000000000000   0.000000000000   0.101476000000 AA    0.000000000000   0.000000000000   0.191761848216 Bohr   0.0

nuclear repulsion = 4.8671417994379
number of shells = 14
number of NR pGTOs = 70
number of NR cGTOs = 43
basis = {'Si': [[0, [254900.0, 6.25101e-05, -1.6637e-05, 4.26257e-06], [38190.0, 0.000485553, -0.00012931, 3.31062e-05], [8690.0, 0.00254516, -0.000678828, 0.000174015], [2462.0, 0.0105866, -0.00284117, 0.000727574], [804.8, 0.0368787, -0.0100551, 0.00258333], [291.3, 0.107479, -0.0305774, 0.00786354], [113.6, 0.247936, -0.0777256, 0.0202155], [46.75, 0.390927, -0.154236, 0.040732], [19.82, 0.302026, -0.180368, 0.0499358], [7.708, 0.0559236, 0.0798218, -0.0249396], [3.34, -0.00402406, 0.547441, -0.19035], [1.402, 0.0025803, 0.480119, -0.31835], [0.207, 0.00060793, -0.0106996, 0.68118]], [0, [0.4387, 1.0]], [0, [0.07944, 1.0]], [1, [481.5, 0.00192045, -0.00040522], [113.9, 0.0153552, -0.00335896], [36.23, 0.0713991, -0.015286], [13.34, 0.213052, -0.0489218], [5.252, 0.390354, -0.0855008], [2.12, 0.393721, -0.112137], [0.2528, 0.0039563, 0.551919]], [1, [0.8561, 1.0]], [1, [0.07889, 1.0]], [2, [0.159, 1.0]], [2, [0.481, 1.0]], [3, [0.336, 1.0]]], 'H': [[0, [33.87, 0.006068], [5.095, 0.045308], [1.159, 0.202822]], [0, [0.3258, 1.0]], [0, [0.1027, 1.0]], [1, [1.407, 1.0]], [1, [0.388, 1.0]]]}
ecp = {}
CPU time:      5694.98




******** <class 'pyscf.soscf.newton_ah.SecondOrderUHF'> ********
method = SecondOrderUHF
initial guess = minao
damping factor = 0
level_shift factor = 0
DIIS = <class 'pyscf.scf.diis.CDIIS'>
diis_start_cycle = 1
diis_space = 8
diis_damp = 0
SCF conv_tol = 1e-09
SCF conv_tol_grad = None
SCF max_cycles = 200
direct_scf = True
direct_scf_tol = 1e-13
chkfile to save SCF result = /projects/bdka/yzhang65/scratch/pyscf/tmpqvw24tg9
max_memory 40000 MB (current use 2881 MB)
number electrons alpha = 8  beta = 7
******** <class 'pyscf.scf.uhf.UHF'> Newton solver flags ********
SCF tol = 1e-09
conv_tol_grad = None
max. SCF cycles = 200
direct_scf = True
direct_scf_tol = 1e-13
chkfile to save SCF result = /projects/bdka/yzhang65/scratch/pyscf/tmpqvw24tg9
max_cycle_inner = 12
max_stepsize = 0.05
ah_start_tol = 1e+09
ah_level_shift = 0
ah_conv_tol = 1e-12
ah_lindep = 1e-14
ah_start_cycle = 1
ah_max_cycle = 40
ah_grad_trust_region = 2.5
kf_interval = 4
kf_trust_region = 5
canonicalization = True
max_memory 40000 MB (current use 2881 MB)
Set conv_tol_grad to 3.16228e-05

WARN: alpha nocc = 8  HOMO -0.0628945852266548 >= LUMO -0.0628945852266502

  beta  nocc = 7  HOMO = -0.253051411943907  LUMO = -0.0628945852266548

WARN: system HOMO -0.0628945852266548 >= system LUMO -0.0628945852266548

Initial guess E= -289.421777478946  |g|= 0.111558
macro= 0  E= -289.438868802195  delta_E= -0.0170913  |g|= 5.39309e-05  4 KF 15 JK
macro= 1  E= -289.4388688022  delta_E= -4.77485e-12  |g|= 1.35826e-05  1 KF 2 JK
Canonicalize SCF orbitals
macro X = 2  E=-289.4388688022  |g|= 1.35826e-05  total 6 KF 20 JK
converged SCF energy = -289.4388688022  <S^2> = 0.77194905  2S+1 = 2.0218299
uhf_internal: lowest eigs of H = [-3.10191679e-03  8.82092726e-06  2.34413568e-01]
<class 'pyscf.soscf.newton_ah.SecondOrderUHF'> wavefunction has an internal instability




******** <class 'pyscf.soscf.newton_ah.SecondOrderUHF'> ********
method = SecondOrderUHF
initial guess = minao
damping factor = 0
level_shift factor = 0
DIIS = <class 'pyscf.scf.diis.CDIIS'>
diis_start_cycle = 1
diis_space = 8
diis_damp = 0
SCF conv_tol = 1e-09
SCF conv_tol_grad = None
SCF max_cycles = 200
direct_scf = True
direct_scf_tol = 1e-13
chkfile to save SCF result = /projects/bdka/yzhang65/scratch/pyscf/tmpqvw24tg9
max_memory 40000 MB (current use 2881 MB)
number electrons alpha = 8  beta = 7
******** <class 'pyscf.scf.uhf.UHF'> Newton solver flags ********
SCF tol = 1e-09
conv_tol_grad = None
max. SCF cycles = 200
direct_scf = True
direct_scf_tol = 1e-13
chkfile to save SCF result = /projects/bdka/yzhang65/scratch/pyscf/tmpqvw24tg9
max_cycle_inner = 12
max_stepsize = 0.05
ah_start_tol = 1e+09
ah_level_shift = 0
ah_conv_tol = 1e-12
ah_lindep = 1e-14
ah_start_cycle = 1
ah_max_cycle = 40
ah_grad_trust_region = 2.5
kf_interval = 4
kf_trust_region = 5
canonicalization = True
max_memory 40000 MB (current use 2881 MB)
Set conv_tol_grad to 3.16228e-05
  alpha nocc = 8  HOMO = -0.297529750555458  LUMO = 0.0172080352463252
  beta  nocc = 7  HOMO = -0.390612035279329  LUMO = 0.0371465288244593
Initial guess E= -289.414438408962  |g|= 0.0616854
macro= 0  E= -289.43482154766  delta_E= -0.0203831  |g|= 0.0616854  2 KF 7 JK
macro= 1  E= -289.438538716051  delta_E= -0.00371717  |g|= 0.00610739  3 KF 10 JK
macro= 2  E= -289.438851612836  delta_E= -0.000312897  |g|= 0.00111306  3 KF 11 JK
macro= 3  E= -289.438874252593  delta_E= -2.26398e-05  |g|= 0.000621707  2 KF 9 JK
macro= 4  E= -289.438877111588  delta_E= -2.85899e-06  |g|= 4.92272e-05  2 KF 11 JK
macro= 5  E= -289.438877117262  delta_E= -5.67439e-09  |g|= 1.70868e-05  1 KF 5 JK
macro= 6  E= -289.438877136056  delta_E= -1.87937e-08  |g|= 8.03056e-05  1 KF 5 JK
macro= 7  E= -289.438877136056  delta_E= -5.68434e-14  |g|= 9.31239e-06  1 KF 2 JK
Canonicalize SCF orbitals
macro X = 8  E=-289.438877136056  |g|= 9.31239e-06  total 16 KF 69 JK
converged SCF energy = -289.438877136056  <S^2> = 0.79218905  2S+1 = 2.0417532
uhf_internal: lowest eigs of H = [3.01199780e-06 6.20077035e-03 2.37364481e-01]
<class 'pyscf.soscf.newton_ah.SecondOrderUHF'> wavefunction is stable in the internal stability analysis

******** <class 'pyscf.cc.uccsd.UCCSD'> ********
CC2 = 0
CCSD nocc = (np.int64(3), np.int64(2)), nmo = (38, 38)
frozen orbitals 5
max_cycle = 50
direct = 0
conv_tol = 1e-07
conv_tol_normt = 1e-06
diis_space = 6
diis_start_cycle = 0
diis_start_energy_diff = 1e+09
max_memory 40000 MB (current use 2881 MB)
Init t2, MP2 energy = -0.0781167647003907
Init E_corr(UCCSD) = -0.078116764723942
cycle = 1  E_corr(UCCSD) = -0.0940812208263442  dE = -0.0159644561  norm(t1,t2) = 0.0629741
cycle = 2  E_corr(UCCSD) = -0.0989759169787644  dE = -0.00489469615  norm(t1,t2) = 0.0299934
cycle = 3  E_corr(UCCSD) = -0.102821111585291  dE = -0.00384519461  norm(t1,t2) = 0.0177946
cycle = 4  E_corr(UCCSD) = -0.102778594776984  dE = 4.25168083e-05  norm(t1,t2) = 0.00758228
cycle = 5  E_corr(UCCSD) = -0.102959160923422  dE = -0.000180566146  norm(t1,t2) = 0.00459027
cycle = 6  E_corr(UCCSD) = -0.102993516958635  dE = -3.43560352e-05  norm(t1,t2) = 0.00220875
cycle = 7  E_corr(UCCSD) = -0.102992154020887  dE = 1.36293775e-06  norm(t1,t2) = 0.00107517
cycle = 8  E_corr(UCCSD) = -0.103008092850955  dE = -1.59388301e-05  norm(t1,t2) = 0.000508149
cycle = 9  E_corr(UCCSD) = -0.103015018821094  dE = -6.92597014e-06  norm(t1,t2) = 0.000290546
cycle = 10  E_corr(UCCSD) = -0.10301116861626  dE = 3.85020483e-06  norm(t1,t2) = 0.000129022
cycle = 11  E_corr(UCCSD) = -0.103010187953239  dE = 9.80663021e-07  norm(t1,t2) = 5.6367e-05
cycle = 12  E_corr(UCCSD) = -0.103011817182058  dE = -1.62922882e-06  norm(t1,t2) = 2.28472e-05
cycle = 13  E_corr(UCCSD) = -0.103012696864402  dE = -8.79682345e-07  norm(t1,t2) = 1.14551e-05
cycle = 14  E_corr(UCCSD) = -0.103012845147931  dE = -1.48283529e-07  norm(t1,t2) = 5.35313e-06
cycle = 15  E_corr(UCCSD) = -0.103012784687565  dE = 6.04603661e-08  norm(t1,t2) = 2.1578e-06
cycle = 16  E_corr(UCCSD) = -0.103012814800609  dE = -3.01130437e-08  norm(t1,t2) = 1.13645e-06
cycle = 17  E_corr(UCCSD) = -0.103012856265544  dE = -4.14649348e-08  norm(t1,t2) = 6.45982e-07
UCCSD converged
E(UCCSD) = -289.5418899923213  E_corr = -0.1030128562655438
