
    ________                     _____                    
    ___  __ \___  __________________(_)_____________ _    
    __  /_/ /  / / /_  __ \_  __ \_  /__  __ \_  __ `/    
    _  _, _// /_/ /_  / / /  / / /  / _  / / /  /_/ /     
    /_/ |_| \__,_/ /_/ /_//_/ /_//_/  /_/ /_/_\__, /      
                                             /____/       
    _____________________________  ___________            
    ___    |__  ____/_  __ \__   |/  /_  ____/            
    __  /| |_  /_   _  / / /_  /|_/ /_  /                 
    _  ___ |  __/   / /_/ /_  /  / / / /___               
    /_/  |_/_/      \___\_\/_/  /_/  \____/               

Hostname:     gpua082.delta.ncsa.illinois.edu
System:       Linux
Node:         gpua082.delta.ncsa.illinois.edu
Release:      5.14.0-427.91.1.el9_4.x86_64
Machine:      x86_64
Processor:    x86_64
JAX backend:  GPU
JAX devices:  [CudaDevice(id=0)]
Device kind:  NVIDIA A100-SXM4-40GB
Platform:     gpu

Load system from Integral File
Maximum memory per walker:            66.67
Maximum number of Cholesky per chunk: 649
Number of Cholesky chunks:            1
Number of Cholesky per chunk:         382
Number of padding Cholesky:           0

QMC System
Number of electrons: (7, 5)
Spin Multiplicity:   2
Number of orbitals:  58
Number of Chol:      382

QMC Parameters
eql_time            :                   50
n_blocks            :                 1000
n_walkers           :                  300
max_error           :                  0.0
seed                :                   17
walker_type         :                  uhf
trial               :             upt2ccsd
mix_precision       :                 True
max_memory          :                20000
dt                  :                0.005
n_exp_terms         :                    6
n_prop_steps        :                   50
save_walkers        :                False
free_projection     :                False
n_batch             :                    1
nchol_chunk         :                  382

Initalize QMC walkers by stochastic CCSD

Equilibration
inv_T        weight  killW        energy   runTime
 0.00    300.000000      0   -472.789381     11.76
 5.00    299.306242      0   -472.815652     20.43
10.00    299.406515      0   -472.786235     22.22
15.00    299.970060      0   -472.794154     23.95
20.00    299.768596      0   -472.828342     25.69
25.00    299.423630      0   -472.811271     27.42
30.00    299.628818      0   -472.833622     29.17
35.00    300.093386      0   -472.797364     30.91
40.00    298.762574      0   -472.787412     32.64
45.00    299.034110      1   -472.784220     34.38
50.00    299.031835      0   -472.815499     36.11

Sampling
blocks        weight  killW       E_Guide     error       E_Trial     error     olp_T/G     error  Walltime
    20    299.512611      0   -472.818122  0.003387   -472.813241  0.001403    1.004902  0.000231   51.71
    40    299.314821      0   -472.809178  0.006237   -472.810629  0.001049    1.005236  0.000412   61.28
    60    299.264737      2   -472.807783  0.004438   -472.810497  0.000945    1.005522  0.000321   70.92
    80    299.212629      2   -472.803744  0.004126   -472.809747  0.000744    1.005753  0.000317   80.57
   100    299.186844      4   -472.804869  0.003337   -472.809687  0.000628    1.005797  0.000235   90.21
   120    299.174382      4   -472.804100  0.002827   -472.810012  0.000871    1.005887  0.000211   99.85
   140    299.135082      5   -472.803352  0.002491   -472.809777  0.000757    1.005981  0.000191  109.49
   160    299.150813      8   -472.805143  0.002716   -472.809805  0.000679    1.005888  0.000185  119.14
   180    299.142308      8   -472.804775  0.002562   -472.809702  0.000612    1.005857  0.000173  128.79
   200    299.155719      9   -472.805165  0.002435   -472.809764  0.000561    1.005804  0.000161  138.43
   220    299.163265      9   -472.805353  0.002214   -472.810038  0.000540    1.005812  0.000149  148.10
   240    299.183009      9   -472.806252  0.002130   -472.810136  0.000513    1.005842  0.000147  157.73
   260    299.183852      9   -472.807053  0.002083   -472.810100  0.000483    1.005846  0.000139  167.39
   280    299.182218     10   -472.807206  0.001965   -472.810079  0.000454    1.005834  0.000128  177.03
   300    299.178581     10   -472.807423  0.001875   -472.810187  0.000434    1.005835  0.000121  186.67
   320    299.171646     11   -472.807213  0.001783   -472.810276  0.000415    1.005877  0.000118  196.32
   340    299.174444     11   -472.807053  0.001690   -472.810202  0.000393    1.005871  0.000112  205.98
   360    299.177289     12   -472.808288  0.001766   -472.810423  0.000387    1.005848  0.000104  215.63
   380    299.171437     13   -472.808008  0.001746   -472.810363  0.000370    1.005854  0.000099  225.27
   400    299.172371     14   -472.808496  0.001709   -472.810494  0.000389    1.005833  0.000098  234.91
   420    299.169866     14   -472.808188  0.001654   -472.810415  0.000374    1.005832  0.000094  244.55
   440    299.164571     14   -472.808022  0.001592   -472.810333  0.000360    1.005826  0.000091  254.20
   460    299.153828     14   -472.807728  0.001553   -472.810294  0.000347    1.005805  0.000087  263.84
   480    299.144622     15   -472.806991  0.001640   -472.810146  0.000335    1.005830  0.000085  273.47
   500    299.135803     17   -472.806524  0.001636   -472.810073  0.000324    1.005860  0.000085  283.12
   520    299.138988     19   -472.806375  0.001582   -472.810143  0.000347    1.005867  0.000083  292.75
   540    299.142193     20   -472.806708  0.001552   -472.810158  0.000336    1.005830  0.000085  302.39
   560    299.140092     23   -472.806975  0.001509   -472.810244  0.000329    1.005803  0.000088  312.03
   580    299.139362     23   -472.806974  0.001475   -472.810250  0.000319    1.005820  0.000087  321.68
   600    299.136778     25   -472.806969  0.001418   -472.810243  0.000310    1.005806  0.000085  331.33
   620    299.131939     27   -472.806771  0.001393   -472.810227  0.000302    1.005813  0.000082  340.97
   640    299.127097     27   -472.806831  0.001402   -472.810200  0.000294    1.005842  0.000085  350.63
   660    299.129223     27   -472.806973  0.001388   -472.810246  0.000288    1.005830  0.000083  360.28
   680    299.128247     29   -472.807206  0.001355   -472.810206  0.000281    1.005819  0.000081  369.93
   700    299.132220     29   -472.807239  0.001324   -472.810170  0.000274    1.005800  0.000081  379.58
   720    299.133081     30   -472.807396  0.001346   -472.810179  0.000268    1.005781  0.000086  389.25
   740    299.136803     33   -472.807619  0.001322   -472.810191  0.000263    1.005770  0.000084  398.88
   760    299.133567     33   -472.807542  0.001290   -472.810184  0.000257    1.005767  0.000083  408.52
   780    299.134584     33   -472.807504  0.001259   -472.810188  0.000252    1.005764  0.000081  418.17
   800    299.132013     34   -472.807727  0.001252   -472.810201  0.000249    1.005757  0.000079  427.80
   820    299.132287     34   -472.807702  0.001221   -472.810188  0.000244    1.005756  0.000077  437.46
   840    299.127327     34   -472.807392  0.001232   -472.810148  0.000239    1.005781  0.000077  447.10
   860    299.120634     36   -472.807044  0.001252   -472.810123  0.000235    1.005789  0.000077  456.74
   880    299.118914     38   -472.807011  0.001236   -472.810114  0.000231    1.005794  0.000077  466.39
   900    299.116683     38   -472.806875  0.001204   -472.810075  0.000228    1.005775  0.000076  476.03
   920    299.114767     38   -472.806760  0.001187   -472.810066  0.000224    1.005773  0.000076  485.68
   940    299.115024     40   -472.806860  0.001162   -472.810097  0.000222    1.005746  0.000076  495.31
   960    299.112235     43   -472.806951  0.001202   -472.810162  0.000222    1.005727  0.000085  504.95
   980    299.112702     44   -472.807030  0.001202   -472.810143  0.000219    1.005718  0.000085  514.59
  1000    299.113875     45   -472.807131  0.001176   -472.810139  0.000216    1.005704  0.000084  524.24

Post Propagation Process
Total number of samples 1000
Raw AFQMC/HF (Guide) energy:           -472.807131 ± 0.001176
Raw Trial/Guide overlap ratio:          1.005704 ± 0.000084
Raw AFQMC/pt2CCSD energy (covariance): -472.810139 ± 0.000216
Raw AFQMC/pt2CCSD energy (dir sample): -472.810139 ± 0.000189

Remove Outliers
removing energies outside zeta > 30
Outlier energy bound [-472.914408, -472.703491]
Removed 0 outliers with energies []
Clean AFQMC/pt2CCSD overlap ratio:        1.005704 ± 0.000084
Clean AFQMC/pt2CCSD energy (covariance): -472.810139 ± 0.000216
Clean AFQMC/ptCCSD energy (dir sample):  -472.810139 ± 0.000189

Blocking Analysis
nsample = 1000, max_block_size = 25, min_nblocks = 40
   B    NB    NS  Observable     Error    dError
   1  1000  1000    1.005704  0.000030  0.000001
   2   500  1000    1.005704  0.000039  0.000001
   3   333   999    1.005706  0.000045  0.000002
   4   250  1000    1.005704  0.000050  0.000002
   5   200  1000    1.005704  0.000053  0.000003
   6   166   996    1.005709  0.000056  0.000003
   7   142   994    1.005709  0.000059  0.000004
   8   125  1000    1.005704  0.000061  0.000004
   9   111   999    1.005706  0.000067  0.000005
  10   100  1000    1.005704  0.000065  0.000005
  11    90   990    1.005708  0.000067  0.000005
  12    83   996    1.005709  0.000067  0.000005
  13    76   988    1.005709  0.000070  0.000006
  14    71   994    1.005709  0.000073  0.000006
  15    66   990    1.005708  0.000074  0.000007
  16    62   992    1.005707  0.000075  0.000007
  17    58   986    1.005712  0.000072  0.000007
  18    55   990    1.005708  0.000077  0.000007
  19    52   988    1.005709  0.000075  0.000007
  20    50  1000    1.005704  0.000076  0.000008
  21    47   987    1.005710  0.000076  0.000008
  22    45   990    1.005708  0.000075  0.000008
  23    43   989    1.005709  0.000080  0.000009
  24    41   984    1.005713  0.000084  0.000009
  25    40  1000    1.005704  0.000081  0.000009
Fit (variance): plateau_var = 6.639e-09 ± 6.913e-10
Fit (error):    plateau = 0.000081 ± 0.000004
     autocorrelation length ~ 9.7 blocks
     plateau reached at block size ~ 45
     !!!Failed to reach plateau in blocking
     Return max block error
nclean = 1000, max_block_size = 25, min_nblocks = 40
Blk_SZ   NBlk   NSmp      Energy     Error    dError
     1   1000   1000  -472.810012  0.000189  0.000004
     2    500   1000  -472.810042  0.000206  0.000007
     3    333    999  -472.810050  0.000208  0.000008
     4    250   1000  -472.810069  0.000216  0.000010
     5    200   1000  -472.810075  0.000213  0.000011
     6    166    996  -472.810077  0.000224  0.000012
     7    142    994  -472.810075  0.000222  0.000013
     8    125   1000  -472.810092  0.000223  0.000014
     9    111    999  -472.810083  0.000225  0.000015
    10    100   1000  -472.810096  0.000223  0.000016
    11     90    990  -472.810102  0.000233  0.000017
    12     83    996  -472.810094  0.000220  0.000017
    13     76    988  -472.810104  0.000224  0.000018
    14     71    994  -472.810092  0.000230  0.000019
    15     66    990  -472.810110  0.000227  0.000020
    16     62    992  -472.810105  0.000237  0.000021
    17     58    986  -472.810112  0.000235  0.000022
    18     55    990  -472.810109  0.000232  0.000022
    19     52    988  -472.810113  0.000233  0.000023
    20     50   1000  -472.810111  0.000225  0.000023
    21     47    987  -472.810116  0.000225  0.000024
    22     45    990  -472.810117  0.000231  0.000025
    23     43    989  -472.810118  0.000224  0.000024
    24     41    984  -472.810116  0.000231  0.000026
    25     40   1000  -472.810116  0.000217  0.000025
Fit (variance): plateau_var = 5.163614e-08 ± 2.373432e-09
Fit (error):    plateau = 0.000227 ± 0.000005
     autocorrelation length ~ 2.7 blocks
     plateau reached at block size ~ 11
Final AFQMC/pt2CCSD overlap ratio: 1.005704 ± 0.000084
Final AFQMC/pt2CCSD energy: -472.810139 ± 0.000227
Total run time: 532.69

AFQMC Sampling Finished

