#INFO: **** input file is /projects/yizh8382/projects/w4_17/w4-17_all/pyscf_input/run_pyscf_vdzsd.py ****
import os
import glob
import numpy as np
from pyscf import gto, scf, cc

# basis = "ccpvdz"
xyz_dir = "../w4_17_xyz/open_shell"
results_file = f"../result/open_shell_uhf_sym_vdzsd.dat"
out_dir = "../result/molout/open_shell"
os.makedirs(out_dir, exist_ok=True)

# Set to a list of molecule names to run only those, e.g. ["acetaldehyde", "benzene"]
# Set to None to run all molecules in xyz_dir
select_molecules = None
symmetry = True

def vdzsd(elem):
    if elem in ('H', 'He'):
        raw_basis = gto.basis.load('ccpvdz', elem)
        return [b for b in raw_basis if b[0] != 1]
    else:
        return gto.basis.load('ccpvdz', elem)

def get_vdzsd_basis(atoms):
    elems = {line.split()[0] for line in atoms.strip().splitlines() if line.strip()}
    basis_dict = {el: vdzsd(el) for el in elems}
    return basis_dict

all_xyz = sorted(glob.glob(os.path.join(xyz_dir, "*.xyz")))
if select_molecules is not None:
    select_set = set(select_molecules)
    xyz_files = [p for p in all_xyz if os.path.splitext(os.path.basename(p))[0] in select_set]
    missing = select_set - {os.path.splitext(os.path.basename(p))[0] for p in xyz_files}
    if missing:
        print(f"Warning: no .xyz file found for: {', '.join(sorted(missing))} in {xyz_dir}")
else:
    xyz_files = all_xyz

with open(results_file, "w") as out:
    out.write(f"{'Molecule':<16s} {'Charge':>6s} {'2S':>6s} {'frozen':>6s} "
              f"{'E_HF (Eh)':>20s} {'E_CCSD (Eh)':>20s} {'E_CCSD(T) (Eh)':>20s}\n")
    out.write("-" * 100 + "\n")

for xyz_path in xyz_files:
    with open(xyz_path, "r") as f:
        lines = f.readlines()

    # Parse charge and multiplicity from second line: "name charge=X mult=Y"
    second_line = lines[1]
    charge = int(second_line.split("charge=")[1].split()[0])
    mult   = int(second_line.split("mult=")[1].split()[0])
    spin   = mult - 1   # PySCF spin input is 2S = mult - 1
    mol_name = second_line.split()[0]

    # Coordinates only (skip the atom count and comment lines)
    atoms = "".join(lines[2:])
    basis_dict = get_vdzsd_basis(atoms)

    print(f"\n{'='*60}")
    print(f"Running: {mol_name}  charge={charge}  spin={spin}")
    print(f"{'='*60}")
    
    mol = gto.M(
        atom=atoms,
        basis=basis_dict,
        verbose=4,
        output=os.path.join(out_dir, f"{mol_name}_sym_vdzsd.out"),
        unit="angstrom",
        symmetry=symmetry,
        charge=charge,
        spin=spin,
        max_memory=40000,
    )

    mf = scf.UHF(mol)
    mf.max_cycle = 200
    mf = mf.newton()
    mf.kernel()

    # Stability check loop — at most 10 attempts
    max_stability_cycles = 10
    stable = False
    for stability_iter in range(max_stability_cycles):
        mo_i, _, stable, _ = mf.stability(return_status=True)
        if stable:
            break
        dm = mf.make_rdm1(mo_i, mf.mo_occ)
        mf.kernel(dm0=dm)

    if not stable or not mf.converged:
        print(f"  !! SCF did not converge for {mol_name} — skipping.")
        with open(results_file, "a") as out:
            out.write(f"{mol_name:<16s} {charge:>6d} {spin:>6d} {'N/A':>6s} "
                      f"{'UNCONVERGED':>20s} {'UNCONVERGED':>20s} {'UNCONVERGED':>20s}\n")
        continue

    energy = mf.e_tot

    mycc = cc.CCSD(mf)
    mycc.set_frozen()
    mycc.kernel()
    e_ccsd = mycc.e_tot
    et = mycc.ccsd_t()
    e_ccsdt = e_ccsd + et
    frozen = mycc.frozen

    with open(results_file, "a") as out:
        out.write(f"{mol_name:<16s} {charge:>6d} {spin:>6d} {frozen:>6d} "
                  f"{energy:>20.10f} {e_ccsd:>20.10f} {e_ccsdt:>20.10f}\n")

    print(f"  => E_HF({mol_name})     = {energy:.10f} Eh")
    print(f"  => E_CCSD({mol_name})    = {e_ccsd:.10f} Eh")
    print(f"  => E_CCSD(T)({mol_name}) = {e_ccsdt:.10f} Eh")

print(f"\nAll calculations complete. Results saved to {results_file}")
#INFO: ******************** input file end ********************


System: uname_result(system='Linux', node='bnode0304.rc.int.colorado.edu', release='4.18.0-477.27.1.el8_8.x86_64', version='#1 SMP Thu Aug 31 10:29:22 EDT 2023', machine='x86_64')  Threads 28
Python 3.10.2 | packaged by conda-forge | (main, Mar  8 2022, 15:52:01) [GCC 9.4.0]
numpy 2.0.2  scipy 1.14.1  h5py 3.12.1
Date: Thu May 14 13:21:54 2026
PySCF version 2.9.0
PySCF path  /projects/yizh8382/tools/lno_pyscf_gcc
GIT HEAD (branch master) 142756584ed3963728cc1f6823286f4605811a6c

[ENV] PYSCF_TMPDIR /scratch/alpine/yizh8382/pyscf
[ENV] PYSCF_EXT_PATH /home/yizh8382/tools/pyscf-forge
[CONFIG] conf_file None
[INPUT] verbose = 4
[INPUT] num. atoms = 4
[INPUT] num. electrons = 25
[INPUT] charge = 0
[INPUT] spin (= nelec alpha-beta = 2S) = 1
[INPUT] symmetry True subgroup None
[INPUT] Mole.unit = angstrom
[INPUT] Symbol           X                Y                Z      unit          X                Y                Z       unit  Magmom
[INPUT]  1 O      1.174393000000   0.194313000000   0.000000000000 AA    2.219281132606   0.367198352443   0.000000000000 Bohr   0.0
[INPUT]  2 O      0.000000000000   0.553180000000   0.000000000000 AA    0.000000000000   1.045358697587   0.000000000000 Bohr   0.0
[INPUT]  3 O     -0.950471000000  -0.717715000000   0.000000000000 AA   -1.796129879341  -1.356284785492   0.000000000000 Bohr   0.0
[INPUT]  4 H     -1.791374000000  -0.238229000000   0.000000000000 AA   -3.385206246667  -0.450187564929   0.000000000000 Bohr   0.0

nuclear repulsion = 71.5137095742715
point group symmetry = Cs
symmetry origin: [ 1.51178090e-07 -3.77945225e-07  0.00000000e+00]
symmetry axis x: [-0.39616589  0.91817895  0.        ]
symmetry axis y: [0.91817895 0.39616589 0.        ]
symmetry axis z: [0. 0. 1.]
num. orbitals of irrep A' = 32
num. orbitals of irrep A" = 12
number of shells = 17
number of NR pGTOs = 82
number of NR cGTOs = 44
basis = {'O': [[0, [11720.0, 0.00071, -0.00016], [1759.0, 0.00547, -0.001263], [400.8, 0.027837, -0.006267], [113.7, 0.1048, -0.025716], [37.03, 0.283062, -0.070924], [13.27, 0.448719, -0.165411], [5.025, 0.270952, -0.116955], [1.013, 0.015458, 0.557368]], [0, [0.3023, 1.0]], [1, [17.7, 0.043018], [3.854, 0.228913], [1.046, 0.508728]], [1, [0.2753, 1.0]], [2, [1.185, 1.0]]], 'H': [[0, [13.01, 0.019685], [1.962, 0.137977], [0.4446, 0.478148]], [0, [0.122, 1.0]]]}
ecp = {}
CPU time:     17228.90
Freeze 0 electrons in irreps []
    25 free electrons in irreps A' A"




******** <class 'pyscf.soscf.newton_ah.SecondOrderSymAdaptedUHF'> ********
method = SecondOrderSymAdaptedUHF
initial guess = minao
damping factor = 0
level_shift factor = 0
DIIS = <class 'pyscf.scf.diis.CDIIS'>
diis_start_cycle = 1
diis_space = 8
diis_damp = 0
SCF conv_tol = 1e-09
SCF conv_tol_grad = None
SCF max_cycles = 200
direct_scf = True
direct_scf_tol = 1e-13
chkfile to save SCF result = /scratch/alpine/yizh8382/pyscf/tmp_ups7i7o
max_memory 40000 MB (current use 548 MB)
number electrons alpha = 13  beta = 12
******** <class 'pyscf.scf.uhf_symm.SymAdaptedUHF'> Newton solver flags ********
SCF tol = 1e-09
conv_tol_grad = None
max. SCF cycles = 200
direct_scf = True
direct_scf_tol = 1e-13
chkfile to save SCF result = /scratch/alpine/yizh8382/pyscf/tmp_ups7i7o
max_cycle_inner = 12
max_stepsize = 0.05
ah_start_tol = 1e+09
ah_level_shift = 0
ah_conv_tol = 1e-12
ah_lindep = 1e-14
ah_start_cycle = 1
ah_max_cycle = 40
ah_grad_trust_region = 2.5
kf_interval = 4
kf_trust_region = 5
canonicalization = True
max_memory 40000 MB (current use 548 MB)
Set conv_tol_grad to 3.16228e-05
alpha HOMO (A") = -0.215186590209168  LUMO (A') = -0.0727223965217314
beta  HOMO (A') = -0.371732513927594  LUMO (A") = -0.215186590209168

WARN: alpha-A" HOMO -0.215186590209168 > system LUMO -0.215186590209168


WARN: beta-A" LUMO -0.215186590209168 < system HOMO -0.215186590209168

Initial guess E= -224.795155462485  |g|= 0.509444
macro= 0  E= -224.931939638874  delta_E= -0.136784  |g|= 0.138445  3 KF 18 JK
macro= 1  E= -224.944122674022  delta_E= -0.012183  |g|= 0.0319888  3 KF 13 JK
macro= 2  E= -224.948147405716  delta_E= -0.00402473  |g|= 0.0379436  2 KF 7 JK
macro= 3  E= -224.950034836635  delta_E= -0.00188743  |g|= 0.000751729  4 KF 14 JK
macro= 4  E= -224.95003494056  delta_E= -1.03925e-07  |g|= 1.74908e-05  2 KF 8 JK
macro= 5  E= -224.95003494056  delta_E= 5.68434e-14  |g|= 8.25628e-06  1 KF 2 JK
Canonicalize SCF orbitals
macro X = 6  E=-224.95003494056  |g|= 8.25628e-06  total 16 KF 69 JK
converged SCF energy = -224.95003494056  <S^2> = 1.2654328  2S+1 = 2.4620583
uhf_internal: lowest eigs of H = [0.30759078 0.38227797 0.47905633]
<class 'pyscf.soscf.newton_ah.SecondOrderSymAdaptedUHF'> wavefunction is stable in the internal stability analysis

******** <class 'pyscf.cc.uccsd.UCCSD'> ********
CC2 = 0
CCSD nocc = (10, 9), nmo = (41, 41)
frozen orbitals 3
max_cycle = 50
direct = 0
conv_tol = 1e-07
conv_tol_normt = 1e-06
diis_space = 6
diis_start_cycle = 0
diis_start_energy_diff = 1e+09
max_memory 40000 MB (current use 548 MB)
Init t2, MP2 energy = -0.500028207871397
Init E_corr(UCCSD) = -0.50002820790676
cycle = 1  E_corr(UCCSD) = -0.505434947495459  dE = -0.00540673959  norm(t1,t2) = 0.1271
cycle = 2  E_corr(UCCSD) = -0.525903273672947  dE = -0.0204683262  norm(t1,t2) = 0.0571178
cycle = 3  E_corr(UCCSD) = -0.529896945251652  dE = -0.00399367158  norm(t1,t2) = 0.0506602
cycle = 4  E_corr(UCCSD) = -0.5477760674306  dE = -0.0178791222  norm(t1,t2) = 0.0377937
cycle = 5  E_corr(UCCSD) = -0.547841218158776  dE = -6.51507282e-05  norm(t1,t2) = 0.017465
cycle = 6  E_corr(UCCSD) = -0.548904915647174  dE = -0.00106369749  norm(t1,t2) = 0.0109646
cycle = 7  E_corr(UCCSD) = -0.550733730603827  dE = -0.00182881496  norm(t1,t2) = 0.00650776
cycle = 8  E_corr(UCCSD) = -0.550443574576345  dE = 0.000290156027  norm(t1,t2) = 0.00239859
cycle = 9  E_corr(UCCSD) = -0.550679151772776  dE = -0.000235577196  norm(t1,t2) = 0.00123363
cycle = 10  E_corr(UCCSD) = -0.55064749520623  dE = 3.16565665e-05  norm(t1,t2) = 0.000600609
cycle = 11  E_corr(UCCSD) = -0.550645438386579  dE = 2.05681965e-06  norm(t1,t2) = 0.000321506
cycle = 12  E_corr(UCCSD) = -0.550638887308639  dE = 6.55107794e-06  norm(t1,t2) = 0.000182495
cycle = 13  E_corr(UCCSD) = -0.55063020459042  dE = 8.68271822e-06  norm(t1,t2) = 9.01439e-05
cycle = 14  E_corr(UCCSD) = -0.550632622559526  dE = -2.41796911e-06  norm(t1,t2) = 5.36901e-05
cycle = 15  E_corr(UCCSD) = -0.550632441303673  dE = 1.81255853e-07  norm(t1,t2) = 2.84301e-05
cycle = 16  E_corr(UCCSD) = -0.550633531342793  dE = -1.09003912e-06  norm(t1,t2) = 1.10342e-05
cycle = 17  E_corr(UCCSD) = -0.550634015714145  dE = -4.84371352e-07  norm(t1,t2) = 5.45965e-06
cycle = 18  E_corr(UCCSD) = -0.550633993018318  dE = 2.26958274e-08  norm(t1,t2) = 2.43879e-06
cycle = 19  E_corr(UCCSD) = -0.55063400700796  dE = -1.39896421e-08  norm(t1,t2) = 1.22893e-06
cycle = 20  E_corr(UCCSD) = -0.55063400525161  dE = 1.75634962e-09  norm(t1,t2) = 5.1673e-07
UCCSD converged
E(UCCSD) = -225.5006689458112  E_corr = -0.5506340052516102
UCCSD(T) correction = -0.0190878115059048
