
    ________                     _____                    
    ___  __ \___  __________________(_)_____________ _    
    __  /_/ /  / / /_  __ \_  __ \_  /__  __ \_  __ `/    
    _  _, _// /_/ /_  / / /  / / /  / _  / / /  /_/ /     
    /_/ |_| \__,_/ /_/ /_//_/ /_//_/  /_/ /_/_\__, /      
                                             /____/       
    _____________________________  ___________            
    ___    |__  ____/_  __ \__   |/  /_  ____/            
    __  /| |_  /_   _  / / /_  /|_/ /_  /                 
    _  ___ |  __/   / /_/ /_  /  / / / /___               
    /_/  |_/_/      \___\_\/_/  /_/  \____/               

Hostname:     gpua082.delta.ncsa.illinois.edu
System:       Linux
Node:         gpua082.delta.ncsa.illinois.edu
Release:      5.14.0-427.91.1.el9_4.x86_64
Machine:      x86_64
Processor:    x86_64
JAX backend:  GPU
JAX devices:  [CudaDevice(id=0)]
Device kind:  NVIDIA A100-SXM4-40GB
Platform:     gpu

Load system from Integral File
Maximum memory per walker:            66.67
Maximum number of Cholesky per chunk: 125
Number of Cholesky chunks:            7
Number of Cholesky per chunk:         111
Number of padding Cholesky:           1

QMC System
Number of electrons: (9, 8)
Spin Multiplicity:   1
Number of orbitals:  132
Number of Chol:      776

QMC Parameters
eql_time            :                   50
n_blocks            :                 1000
n_walkers           :                  300
max_error           :                  0.0
seed                :                   17
walker_type         :                  uhf
trial               :             upt2ccsd
mix_precision       :                 True
max_memory          :                20000
dt                  :                0.005
n_exp_terms         :                    6
n_prop_steps        :                   50
save_walkers        :                False
free_projection     :                False
n_batch             :                    1
nchol_chunk         :                  111

Initalize QMC walkers by stochastic CCSD

Equilibration
inv_T        weight  killW        energy   runTime
 0.00    300.000000      0   -117.004781     22.94
 5.00    298.500589      0   -117.031697     38.54
10.00    298.584821      0   -117.030064     46.13
15.00    298.287337      0   -117.032438     53.73
20.00    298.551632      0   -117.029167     61.32
25.00    298.946319      0   -117.019714     68.92
30.00    299.365464      0   -117.015655     76.51
35.00    299.469328      0   -117.037218     84.11
40.00    299.325115      0   -117.037283     91.72
45.00    298.884213      0   -117.036623     99.32
50.00    299.377455      0   -117.027296    106.91

Sampling
blocks        weight  killW       E_Guide     error       E_Trial     error     olp_T/G     error  Walltime
    20    299.056488      0   -117.034062  0.004830   -117.027411  0.000607   -1.018985  0.000896  184.62
    40    298.979171      0   -117.033177  0.004702   -117.027630  0.000499   -1.018729  0.000570  255.42
    60    298.911722      0   -117.032392  0.003977   -117.027711  0.000434   -1.018180  0.000512  326.75
    80    298.876638      0   -117.032435  0.002732   -117.027791  0.000385   -1.018724  0.000515  398.07
   100    298.813598      1   -117.030782  0.002447   -117.027572  0.000345   -1.019241  0.000567  470.69
   120    298.788248      1   -117.029936  0.002132   -117.027506  0.000312   -1.019179  0.000500  541.48
   140    298.788681      1   -117.030960  0.002071   -117.027743  0.000305   -1.018783  0.000511  613.03
   160    298.760756      1   -117.030649  0.001824   -117.027766  0.000286   -1.018843  0.000447  684.29
   180    298.752232      1   -117.031258  0.001659   -117.027850  0.000274   -1.018875  0.000408  755.65
   200    298.733410      1   -117.031292  0.001673   -117.027873  0.000258   -1.018769  0.000386  827.18
   220    298.725066      2   -117.031551  0.001581   -117.027996  0.000244   -1.018613  0.000372  898.29
   240    298.716273      2   -117.031617  0.001532   -117.027950  0.000232   -1.018499  0.000349  969.60
   260    298.691452      2   -117.031329  0.001431   -117.027811  0.000222   -1.018572  0.000327 1040.93
   280    298.672038      2   -117.030980  0.001361   -117.027682  0.000217   -1.018834  0.000354 1112.41
   300    298.659948      2   -117.030779  0.001274   -117.027603  0.000207   -1.018842  0.000334 1183.96
   320    298.668086      2   -117.032448  0.001595   -117.027727  0.000208   -1.018857  0.000315 1255.28
   340    298.662770      2   -117.032771  0.001643   -117.027768  0.000200   -1.018787  0.000310 1326.60
   360    298.663020      2   -117.032270  0.001578   -117.027675  0.000192   -1.018764  0.000295 1397.99
   380    298.654018      2   -117.031812  0.001542   -117.027707  0.000189   -1.018838  0.000285 1469.36
   400    298.633629      2   -117.031317  0.001506   -117.027612  0.000184   -1.018957  0.000284 1540.60
   420    298.631191      2   -117.030919  0.001500   -117.027637  0.000179   -1.018973  0.000273 1611.92
   440    298.617719      2   -117.030863  0.001437   -117.027682  0.000175   -1.018927  0.000271 1683.31
   460    298.605843      3   -117.030409  0.001379   -117.027604  0.000169   -1.018968  0.000269 1754.66
   480    298.601033      3   -117.030274  0.001398   -117.027580  0.000164   -1.018926  0.000261 1826.23
   500    298.600797      3   -117.030534  0.001383   -117.027600  0.000160   -1.018924  0.000254 1897.57
   520    298.593548      3   -117.030150  0.001370   -117.027566  0.000156   -1.018989  0.000250 1968.91
   540    298.591718      3   -117.029880  0.001321   -117.027549  0.000152   -1.019055  0.000248 2040.24
   560    298.590873      3   -117.030404  0.001362   -117.027573  0.000150   -1.019076  0.000251 2111.63
   580    298.595582      3   -117.030374  0.001331   -117.027550  0.000146   -1.019143  0.000249 2182.89
   600    298.595297      3   -117.030355  0.001273   -117.027508  0.000143   -1.019077  0.000255 2254.21
   620    298.591168      3   -117.030078  0.001279   -117.027488  0.000141   -1.019070  0.000249 2325.61
   640    298.589577      3   -117.030019  0.001311   -117.027459  0.000138   -1.019062  0.000243 2397.21
   660    298.583130      3   -117.029908  0.001279   -117.027464  0.000136   -1.019054  0.000232 2468.27
   680    298.578804      3   -117.029709  0.001277   -117.027429  0.000134   -1.019073  0.000227 2540.34
   700    298.579354      3   -117.029545  0.001261   -117.027400  0.000131   -1.019118  0.000227 2611.48
   720    298.580041      3   -117.029712  0.001244   -117.027426  0.000130   -1.019111  0.000218 2682.83
   740    298.582184      3   -117.029633  0.001218   -117.027415  0.000128   -1.019152  0.000217 2754.16
   760    298.580827      3   -117.029603  0.001189   -117.027432  0.000125   -1.019169  0.000216 2825.46
   780    298.574183      3   -117.029384  0.001177   -117.027417  0.000124   -1.019190  0.000212 2896.84
   800    298.568493      4   -117.029189  0.001168   -117.027399  0.000123   -1.019213  0.000211 2968.17
   820    298.566875      4   -117.029035  0.001150   -117.027386  0.000122   -1.019202  0.000206 3039.54
   840    298.567519      4   -117.028923  0.001142   -117.027390  0.000120   -1.019236  0.000207 3110.82
   860    298.566610      4   -117.028787  0.001117   -117.027376  0.000119   -1.019231  0.000207 3182.44
   880    298.565938      4   -117.028614  0.001107   -117.027383  0.000118   -1.019264  0.000203 3253.74
   900    298.563423      5   -117.028386  0.001091   -117.027341  0.000117   -1.019325  0.000203 3325.10
   920    298.562430      6   -117.028220  0.001143   -117.027341  0.000116   -1.019334  0.000208 3396.42
   940    298.560463      7   -117.028152  0.001143   -117.027359  0.000115   -1.019334  0.000203 3467.74
   960    298.559294      7   -117.028065  0.001122   -117.027319  0.000113   -1.019356  0.000201 3539.15
   980    298.557331      7   -117.027935  0.001097   -117.027298  0.000112   -1.019340  0.000201 3610.48
  1000    298.560928      7   -117.028003  0.001083   -117.027273  0.000111   -1.019331  0.000197 3681.87

Post Propagation Process
Total number of samples 1000
Raw AFQMC/HF (Guide) energy:           -117.028003 ± 0.001083
Raw Trial/Guide overlap ratio:          -1.019331 ± 0.000197
Raw AFQMC/pt2CCSD energy (covariance): -117.027273 ± 0.000111
Raw AFQMC/pt2CCSD energy (dir sample): -117.027273 ± 0.000092

Remove Outliers
removing energies outside zeta > 30
Outlier energy bound [-117.111579, -116.942229]
Removed 0 outliers with energies []
Clean AFQMC/pt2CCSD overlap ratio:        -1.019331 ± 0.000197
Clean AFQMC/pt2CCSD energy (covariance): -117.027273 ± 0.000111
Clean AFQMC/ptCCSD energy (dir sample):  -117.027273 ± 0.000092

Blocking Analysis
nsample = 1000, max_block_size = 25, min_nblocks = 40
   B    NB    NS  Observable     Error    dError
   1  1000  1000   -1.019331  0.000066  0.000001
   2   500  1000   -1.019331  0.000089  0.000003
   3   333   999   -1.019331  0.000104  0.000004
   4   250  1000   -1.019331  0.000116  0.000005
   5   200  1000   -1.019331  0.000126  0.000006
   6   166   996   -1.019332  0.000135  0.000007
   7   142   994   -1.019330  0.000142  0.000008
   8   125  1000   -1.019331  0.000147  0.000009
   9   111   999   -1.019331  0.000151  0.000010
  10   100  1000   -1.019331  0.000156  0.000011
  11    90   990   -1.019331  0.000161  0.000012
  12    83   996   -1.019332  0.000161  0.000013
  13    76   988   -1.019331  0.000169  0.000014
  14    71   994   -1.019330  0.000175  0.000015
  15    66   990   -1.019331  0.000181  0.000016
  16    62   992   -1.019327  0.000178  0.000016
  17    58   986   -1.019331  0.000178  0.000017
  18    55   990   -1.019331  0.000179  0.000017
  19    52   988   -1.019331  0.000184  0.000018
  20    50  1000   -1.019331  0.000184  0.000019
  21    47   987   -1.019331  0.000188  0.000020
  22    45   990   -1.019331  0.000190  0.000020
  23    43   989   -1.019331  0.000189  0.000021
  24    41   984   -1.019336  0.000197  0.000022
  25    40  1000   -1.019331  0.000184  0.000021
Fit (variance): plateau_var = 3.884e-08 ± 3.969e-09
Fit (error):    plateau = 0.000197 ± 0.000010
     autocorrelation length ~ 9.8 blocks
     plateau reached at block size ~ 45
     !!!Failed to reach plateau in blocking
     Return max block error
nclean = 1000, max_block_size = 25, min_nblocks = 40
Blk_SZ   NBlk   NSmp      Energy     Error    dError
     1   1000   1000  -117.027194  0.000092  0.000002
     2    500   1000  -117.027209  0.000103  0.000003
     3    333    999  -117.027218  0.000115  0.000004
     4    250   1000  -117.027224  0.000114  0.000005
     5    200   1000  -117.027225  0.000120  0.000006
     6    166    996  -117.027233  0.000126  0.000007
     7    142    994  -117.027236  0.000128  0.000008
     8    125   1000  -117.027234  0.000123  0.000008
     9    111    999  -117.027239  0.000134  0.000009
    10    100   1000  -117.027243  0.000131  0.000009
    11     90    990  -117.027251  0.000138  0.000010
    12     83    996  -117.027246  0.000133  0.000010
    13     76    988  -117.027251  0.000127  0.000010
    14     71    994  -117.027248  0.000134  0.000011
    15     66    990  -117.027253  0.000135  0.000012
    16     62    992  -117.027246  0.000136  0.000012
    17     58    986  -117.027259  0.000132  0.000012
    18     55    990  -117.027250  0.000141  0.000014
    19     52    988  -117.027258  0.000141  0.000014
    20     50   1000  -117.027248  0.000141  0.000014
    21     47    987  -117.027269  0.000147  0.000015
    22     45    990  -117.027258  0.000143  0.000015
    23     43    989  -117.027256  0.000142  0.000016
    24     41    984  -117.027267  0.000135  0.000015
    25     40   1000  -117.027250  0.000142  0.000016
Fit (variance): plateau_var = 1.902208e-08 ± 1.138265e-09
Fit (error):    plateau = 0.000138 ± 0.000004
     autocorrelation length ~ 4.5 blocks
     plateau reached at block size ~ 20
Final AFQMC/pt2CCSD overlap ratio: -1.019331 ± 0.000197
Final AFQMC/pt2CCSD energy: -117.027273 ± 0.000138
Total run time: 3728.15

AFQMC Sampling Finished

