
    ________                     _____                    
    ___  __ \___  __________________(_)_____________ _    
    __  /_/ /  / / /_  __ \_  __ \_  /__  __ \_  __ `/    
    _  _, _// /_/ /_  / / /  / / /  / _  / / /  /_/ /     
    /_/ |_| \__,_/ /_/ /_//_/ /_//_/  /_/ /_/_\__, /      
                                             /____/       
    _____________________________  ___________            
    ___    |__  ____/_  __ \__   |/  /_  ____/            
    __  /| |_  /_   _  / / /_  /|_/ /_  /                 
    _  ___ |  __/   / /_/ /_  /  / / / /___               
    /_/  |_/_/      \___\_\/_/  /_/  \____/               

Hostname:     gpua082.delta.ncsa.illinois.edu
System:       Linux
Node:         gpua082.delta.ncsa.illinois.edu
Release:      5.14.0-427.91.1.el9_4.x86_64
Machine:      x86_64
Processor:    x86_64
JAX backend:  GPU
JAX devices:  [CudaDevice(id=0)]
Device kind:  NVIDIA A100-SXM4-40GB
Platform:     gpu

Load system from Integral File
Maximum memory per walker:            66.67
Maximum number of Cholesky per chunk: 302
Number of Cholesky chunks:            2
Number of Cholesky per chunk:         252
Number of padding Cholesky:           0

QMC System
Number of electrons: (6, 5)
Spin Multiplicity:   1
Number of orbitals:  85
Number of Chol:      504

QMC Parameters
eql_time            :                   50
n_blocks            :                 1000
n_walkers           :                  300
max_error           :                  0.0
seed                :                   17
walker_type         :                  uhf
trial               :             upt2ccsd
mix_precision       :                 True
max_memory          :                20000
dt                  :                0.005
n_exp_terms         :                    6
n_prop_steps        :                   50
save_walkers        :                False
free_projection     :                False
n_batch             :                    1
nchol_chunk         :                  252

Initalize QMC walkers by stochastic CCSD

Equilibration
inv_T        weight  killW        energy   runTime
 0.00    300.000000      0    -77.733798     12.12
 5.00    299.554973      0    -77.753238     22.10
10.00    299.009424      0    -77.740919     25.03
15.00    299.798328      0    -77.792306     27.96
20.00    299.035012      0    -77.760909     30.90
25.00    299.057856      0    -77.741066     33.84
30.00    299.483210      0    -77.750911     36.78
35.00    299.915298      0    -77.749722     39.71
40.00    299.682351      0    -77.765967     42.65
45.00    299.651102      0    -77.765182     45.58
50.00    299.225180      0    -77.755770     48.51

Sampling
blocks        weight  killW       E_Guide     error       E_Trial     error     olp_T/G     error  Walltime
    20    299.253039      0    -77.745051  0.003485    -77.748345  0.000396   -1.034173  0.001113   82.25
    40    299.237401      1    -77.747418  0.002064    -77.748800  0.000378   -1.034495  0.000562  110.56
    60    299.200693      1    -77.748266  0.001845    -77.748877  0.000297   -1.034708  0.000388  138.90
    80    299.146984      3    -77.746619  0.002052    -77.748981  0.000259   -1.034272  0.000357  167.25
   100    299.117537      3    -77.745680  0.001728    -77.748835  0.000270   -1.034204  0.000300  195.60
   120    299.105260      4    -77.746803  0.001908    -77.748771  0.000261   -1.033829  0.000345  223.94
   140    299.112989      4    -77.747216  0.001762    -77.748801  0.000244   -1.033385  0.000421  252.29
   160    299.099186      5    -77.747648  0.001559    -77.748842  0.000225   -1.033021  0.000461  280.64
   180    299.077010      6    -77.747252  0.001398    -77.748834  0.000212   -1.032722  0.000458  309.00
   200    299.060657      6    -77.747337  0.001274    -77.748837  0.000197   -1.032389  0.000483  337.33
   220    299.063117      6    -77.747176  0.001207    -77.748892  0.000193   -1.032409  0.000440  365.69
   240    299.065066      6    -77.747578  0.001212    -77.748929  0.000185   -1.032368  0.000411  394.04
   260    299.070159      6    -77.747749  0.001148    -77.749066  0.000178   -1.032496  0.000393  422.38
   280    299.070359      6    -77.747699  0.001129    -77.749032  0.000169   -1.032588  0.000373  450.74
   300    299.071261      6    -77.747681  0.001068    -77.749038  0.000166   -1.032624  0.000353  479.09
   320    299.079929      7    -77.748259  0.001115    -77.749171  0.000168   -1.032623  0.000331  507.44
   340    299.082736      7    -77.748390  0.001071    -77.749191  0.000162   -1.032618  0.000311  535.78
   360    299.076607      7    -77.748201  0.001006    -77.749131  0.000156   -1.032642  0.000294  564.12
   380    299.072440      7    -77.748163  0.000969    -77.749078  0.000149   -1.032673  0.000285  592.51
   400    299.069514      7    -77.747841  0.000940    -77.749056  0.000144   -1.032598  0.000275  625.47
   420    299.058313      7    -77.747639  0.000945    -77.749044  0.000141   -1.032600  0.000272  653.14
   440    299.063273      7    -77.748035  0.000953    -77.749084  0.000141   -1.032428  0.000295  681.48
   460    299.062769      7    -77.748127  0.000922    -77.749100  0.000137   -1.032343  0.000298  709.82
   480    299.055646      7    -77.747749  0.000920    -77.749045  0.000133   -1.032429  0.000293  738.17
   500    299.053583      7    -77.747627  0.000896    -77.749044  0.000130   -1.032437  0.000286  766.51
   520    299.049435      7    -77.747725  0.000875    -77.749113  0.000128   -1.032331  0.000305  794.86
   540    299.049609      7    -77.747803  0.000838    -77.749113  0.000126   -1.032225  0.000305  823.21
   560    299.042324      7    -77.747521  0.000831    -77.749103  0.000123   -1.032147  0.000304  851.56
   580    299.042454      8    -77.747795  0.000869    -77.749121  0.000123   -1.032146  0.000298  879.90
   600    299.042814      9    -77.748071  0.000859    -77.749116  0.000120   -1.032173  0.000291  908.26
   620    299.045204      9    -77.748112  0.000841    -77.749141  0.000118   -1.032219  0.000288  936.59
   640    299.044134      9    -77.747982  0.000845    -77.749136  0.000117   -1.032207  0.000281  964.97
   660    299.044930     10    -77.748133  0.000826    -77.749154  0.000117   -1.032253  0.000272  993.33
   680    299.046808     10    -77.748056  0.000821    -77.749143  0.000114   -1.032354  0.000294 1021.69
   700    299.043325     10    -77.747905  0.000822    -77.749147  0.000112   -1.032351  0.000287 1050.04
   720    299.043238     10    -77.747928  0.000802    -77.749140  0.000109   -1.032330  0.000287 1078.40
   740    299.043145     10    -77.748127  0.000789    -77.749160  0.000107   -1.032274  0.000284 1106.73
   760    299.046182     10    -77.748334  0.000789    -77.749206  0.000108   -1.032259  0.000278 1135.07
   780    299.044136     10    -77.748371  0.000802    -77.749229  0.000108   -1.032222  0.000272 1163.43
   800    299.043006     10    -77.748272  0.000770    -77.749213  0.000106   -1.032209  0.000267 1191.82
   820    299.042185     10    -77.748309  0.000754    -77.749218  0.000105   -1.032191  0.000261 1220.37
   840    299.043394     10    -77.748264  0.000739    -77.749215  0.000104   -1.032165  0.000266 1250.77
   860    299.042919     10    -77.748391  0.000725    -77.749221  0.000102   -1.032139  0.000266 1278.98
   880    299.041498     11    -77.748400  0.000720    -77.749210  0.000100   -1.032170  0.000260 1307.37
   900    299.042694     11    -77.748395  0.000706    -77.749199  0.000099   -1.032185  0.000257 1335.68
   920    299.041244     11    -77.748554  0.000705    -77.749205  0.000098   -1.032159  0.000251 1364.01
   940    299.041453     11    -77.748634  0.000695    -77.749215  0.000097   -1.032116  0.000248 1392.35
   960    299.041698     11    -77.748558  0.000682    -77.749210  0.000095   -1.032033  0.000266 1420.70
   980    299.041423     11    -77.748429  0.000673    -77.749237  0.000095   -1.032019  0.000266 1449.06
  1000    299.039563     11    -77.748475  0.000670    -77.749238  0.000094   -1.031964  0.000266 1477.41

Post Propagation Process
Total number of samples 1000
Raw AFQMC/HF (Guide) energy:           -77.748475 ± 0.000670
Raw Trial/Guide overlap ratio:          -1.031964 ± 0.000266
Raw AFQMC/pt2CCSD energy (covariance): -77.749238 ± 0.000094
Raw AFQMC/pt2CCSD energy (dir sample): -77.749238 ± 0.000077

Remove Outliers
removing energies outside zeta > 30
Outlier energy bound [-77.807299, -77.690407]
Removed 0 outliers with energies []
Clean AFQMC/pt2CCSD overlap ratio:        -1.031964 ± 0.000266
Clean AFQMC/pt2CCSD energy (covariance): -77.749238 ± 0.000094
Clean AFQMC/ptCCSD energy (dir sample):  -77.749238 ± 0.000077

Blocking Analysis
nsample = 1000, max_block_size = 25, min_nblocks = 40
   B    NB    NS  Observable     Error    dError
   1  1000  1000   -1.031964  0.000078  0.000002
   2   500  1000   -1.031964  0.000105  0.000003
   3   333   999   -1.031965  0.000125  0.000005
   4   250  1000   -1.031964  0.000140  0.000006
   5   200  1000   -1.031964  0.000152  0.000008
   6   166   996   -1.031973  0.000164  0.000009
   7   142   994   -1.031980  0.000175  0.000010
   8   125  1000   -1.031964  0.000181  0.000012
   9   111   999   -1.031965  0.000191  0.000013
  10   100  1000   -1.031964  0.000199  0.000014
  11    90   990   -1.032001  0.000198  0.000015
  12    83   996   -1.031973  0.000204  0.000016
  13    76   988   -1.032010  0.000215  0.000018
  14    71   994   -1.031980  0.000221  0.000019
  15    66   990   -1.032001  0.000221  0.000019
  16    62   992   -1.031989  0.000219  0.000020
  17    58   986   -1.032015  0.000232  0.000022
  18    55   990   -1.032001  0.000238  0.000023
  19    52   988   -1.032010  0.000230  0.000023
  20    50  1000   -1.031964  0.000244  0.000025
  21    47   987   -1.032013  0.000248  0.000026
  22    45   990   -1.032001  0.000249  0.000027
  23    43   989   -1.032007  0.000247  0.000027
  24    41   984   -1.032015  0.000260  0.000029
  25    40  1000   -1.031964  0.000266  0.000030
Fit (variance): plateau_var = 7.573e-08 ± 1.093e-08
Fit (error):    plateau = 0.000275 ± 0.000020
     autocorrelation length ~ 14.0 blocks
     plateau reached at block size ~ 65
     !!!Failed to reach plateau in blocking
     Return max block error
nclean = 1000, max_block_size = 25, min_nblocks = 40
Blk_SZ   NBlk   NSmp      Energy     Error    dError
     1   1000   1000  -77.749178  0.000077  0.000002
     2    500   1000  -77.749189  0.000087  0.000003
     3    333    999  -77.749198  0.000094  0.000004
     4    250   1000  -77.749204  0.000093  0.000004
     5    200   1000  -77.749206  0.000096  0.000005
     6    166    996  -77.749215  0.000099  0.000005
     7    142    994  -77.749224  0.000099  0.000006
     8    125   1000  -77.749214  0.000102  0.000006
     9    111    999  -77.749222  0.000099  0.000007
    10    100   1000  -77.749221  0.000099  0.000007
    11     90    990  -77.749229  0.000103  0.000008
    12     83    996  -77.749231  0.000104  0.000008
    13     76    988  -77.749226  0.000103  0.000008
    14     71    994  -77.749236  0.000100  0.000008
    15     66    990  -77.749235  0.000105  0.000009
    16     62    992  -77.749240  0.000106  0.000010
    17     58    986  -77.749218  0.000105  0.000010
    18     55    990  -77.749236  0.000111  0.000011
    19     52    988  -77.749229  0.000109  0.000011
    20     50   1000  -77.749228  0.000103  0.000010
    21     47    987  -77.749222  0.000099  0.000010
    22     45    990  -77.749237  0.000102  0.000011
    23     43    989  -77.749236  0.000115  0.000013
    24     41    984  -77.749223  0.000113  0.000013
    25     40   1000  -77.749229  0.000113  0.000013
Fit (variance): plateau_var = 1.072742e-08 ± 4.968439e-10
Fit (error):    plateau = 0.000104 ± 0.000002
     autocorrelation length ~ 2.8 blocks
     plateau reached at block size ~ 12
Final AFQMC/pt2CCSD overlap ratio: -1.031964 ± 0.000266
Final AFQMC/pt2CCSD energy: -77.749238 ± 0.000104
Total run time: 1517.56

AFQMC Sampling Finished

